========================================================================
HYBRID AGENT V5 — Variable-Cardinality Hierarchical Maritime Agent
  启用UAV: True | LLM_ENABLED: False
========================================================================
对局 60 开始
      [UAV RELAUNCH] white_uav2
      [UAV RELAUNCH] white_uav3
      [UAV RELAUNCH] white_uav4
      [UAV RELAUNCH] white_uav5
      [UAV RELAUNCH] white_uav1
[t=171s] step=10 | MISSION=NORMAL_C | USV: 5/5 (avail=5 int=0 lock=0 frz=0) | UAV: air=5 rtb=0 chg=0 loiter=0 | TRACKS: vis=0 lost=0 engaged=0 | TOP:  | KILL=0 | ACTIONS=10 | INTENT: focus=2 ratio=0.20
  [INTENT APPLIED]
    ThreatAllocator: focus 2 emergency 3 reserve_ratio 0.20 reserve_usvs None bias breakthrough_eta
    UAVManager: mode search_and_reacquire uav_priority []
[t=354s] step=20 | MISSION=NORMAL_C | USV: 5/5 (avail=5 int=0 lock=0 frz=0) | UAV: air=5 rtb=0 chg=0 loiter=0 | TRACKS: vis=0 lost=0 engaged=0 | TOP:  | KILL=0 | ACTIONS=10 | INTENT: focus=2 ratio=0.20
[t=536s] step=30 | MISSION=NORMAL_C | USV: 5/5 (avail=5 int=0 lock=0 frz=0) | UAV: air=5 rtb=0 chg=0 loiter=0 | TRACKS: vis=0 lost=0 engaged=0 | TOP:  | KILL=0 | ACTIONS=10 | INTENT: focus=2 ratio=0.20
[t=724s] step=40 | MISSION=NORMAL_C | USV: 5/5 (avail=5 int=0 lock=0 frz=0) | UAV: air=5 rtb=0 chg=0 loiter=0 | TRACKS: vis=0 lost=0 engaged=0 | TOP:  | KILL=0 | ACTIONS=10 | INTENT: focus=2 ratio=0.20
[t=909s] step=50 | MISSION=NORMAL_C | USV: 5/5 (avail=5 int=0 lock=0 frz=0) | UAV: air=5 rtb=0 chg=0 loiter=0 | TRACKS: vis=0 lost=0 engaged=0 | TOP:  | KILL=0 | ACTIONS=10 | INTENT: focus=2 ratio=0.20
[t=1,103s] step=60 | MISSION=NORMAL_C | USV: 5/5 (avail=5 int=0 lock=0 frz=0) | UAV: air=5 rtb=0 chg=0 loiter=0 | TRACKS: vis=0 lost=0 engaged=0 | TOP:  | KILL=0 | ACTIONS=10 | INTENT: focus=2 ratio=0.20
[t=1,292s] step=70 | MISSION=NORMAL_C | USV: 5/5 (avail=5 int=0 lock=0 frz=0) | UAV: air=5 rtb=0 chg=0 loiter=0 | TRACKS: vis=0 lost=0 engaged=0 | TOP:  | KILL=0 | ACTIONS=10 | INTENT: focus=2 ratio=0.20
[t=1,480s] step=80 | MISSION=NORMAL_C | USV: 5/5 (avail=5 int=0 lock=0 frz=0) | UAV: air=5 rtb=0 chg=0 loiter=0 | TRACKS: vis=0 lost=0 engaged=0 | TOP:  | KILL=0 | ACTIONS=10 | INTENT: focus=2 ratio=0.20
[t=1,670s] step=90 | MISSION=NORMAL_C | USV: 5/5 (avail=5 int=0 lock=0 frz=0) | UAV: air=5 rtb=0 chg=0 loiter=0 | TRACKS: vis=0 lost=0 engaged=0 | TOP:  | KILL=0 | ACTIONS=10 | INTENT: focus=2 ratio=0.20
      [DETECT] black_usv6
      [ASSIGN] white_usv1->black_usv6
      [ASSIGN] white_usv2->black_usv6
      [ASSIGN] white_usv4->black_usv6
[t=1,845s] step=100 | MISSION=NORMAL_C | USV: 5/5 (avail=5 int=0 lock=0 frz=0) | UAV: air=5 rtb=0 chg=0 loiter=0 | TRACKS: vis=1 lost=0 engaged=0 | TOP: black_usv6(x242,577) | KILL=0 | ACTIONS=10 | INTENT: focus=2 ratio=0.20
      [DETECT] black_usv7
      [DETECT] black_usv5
      [DETECT] black_usv8
      [DETECT] black_usv3
      [ASSIGN] white_usv5->black_usv8
      [ASSIGN] white_usv3->black_usv3
      [DETECT] black_usv2
      [DETECT] black_usv10
      [DETECT] black_usv9
      [DETECT] black_usv4
      [DETECT] black_usv1
[t=2,034s] step=110 | MISSION=NORMAL_C | USV: 5/5 (avail=0 int=5 lock=0 frz=0) | UAV: air=5 rtb=0 chg=0 loiter=0 | TRACKS: vis=10 lost=0 engaged=0 | TOP: black_usv1(x239,699) black_usv9(x239,889) black_usv10(x239,949) | KILL=0 | ACTIONS=10 | INTENT: focus=2 ratio=0.20
[t=2,230s] step=120 | MISSION=NORMAL_C | USV: 5/5 (avail=0 int=5 lock=0 frz=0) | UAV: air=5 rtb=0 chg=0 loiter=0 | TRACKS: vis=10 lost=0 engaged=0 | TOP: black_usv1(x237,735) black_usv9(x237,944) black_usv10(x238,010) | KILL=0 | ACTIONS=10 | INTENT: focus=2 ratio=0.20
[t=2,431s] step=130 | MISSION=NORMAL_C | USV: 5/5 (avail=0 int=5 lock=0 frz=0) | UAV: air=5 rtb=0 chg=0 loiter=0 | TRACKS: vis=10 lost=0 engaged=0 | TOP: black_usv1(x235,740) black_usv9(x235,967) black_usv10(x236,039) | KILL=0 | ACTIONS=10 | INTENT: focus=2 ratio=0.20
[t=2,630s] step=140 | MISSION=NORMAL_C | USV: 5/5 (avail=0 int=5 lock=0 frz=0) | UAV: air=5 rtb=0 chg=0 loiter=0 | TRACKS: vis=10 lost=0 engaged=0 | TOP: black_usv1(x233,747) black_usv9(x233,993) black_usv10(x234,071) | KILL=0 | ACTIONS=10 | INTENT: focus=2 ratio=0.20
[t=2,831s] step=150 | MISSION=NORMAL_C | USV: 5/5 (avail=0 int=5 lock=0 frz=0) | UAV: air=5 rtb=0 chg=0 loiter=0 | TRACKS: vis=10 lost=0 engaged=0 | TOP: black_usv1(x231,752) black_usv9(x232,016) black_usv2(x232,593) | KILL=0 | ACTIONS=10 | INTENT: focus=2 ratio=0.20
[t=3,032s] step=160 | MISSION=NORMAL_C | USV: 5/5 (avail=0 int=5 lock=0 frz=0) | UAV: air=5 rtb=0 chg=0 loiter=0 | TRACKS: vis=10 lost=0 engaged=0 | TOP: black_usv1(x229,739) black_usv9(x230,023) black_usv2(x230,641) | KILL=0 | ACTIONS=10 | INTENT: focus=2 ratio=0.20
[t=3,227s] step=170 | MISSION=NORMAL_C | USV: 5/5 (avail=0 int=5 lock=0 frz=0) | UAV: air=5 rtb=0 chg=0 loiter=0 | TRACKS: vis=10 lost=0 engaged=0 | TOP: black_usv1(x227,794) black_usv9(x228,096) black_usv2(x228,753) | KILL=0 | ACTIONS=10 | INTENT: focus=2 ratio=0.20
[t=3,416s] step=180 | MISSION=NORMAL_C | USV: 5/5 (avail=0 int=5 lock=0 frz=0) | UAV: air=5 rtb=0 chg=0 loiter=0 | TRACKS: vis=10 lost=0 engaged=0 | TOP: black_usv1(x225,908) black_usv9(x226,228) black_usv2(x226,924) | KILL=0 | ACTIONS=10 | INTENT: focus=2 ratio=0.20
[t=3,612s] step=190 | MISSION=NORMAL_C | USV: 5/5 (avail=0 int=5 lock=0 frz=0) | UAV: air=5 rtb=0 chg=0 loiter=0 | TRACKS: vis=10 lost=0 engaged=0 | TOP: black_usv1(x223,960) black_usv9(x224,298) black_usv2(x225,034) | KILL=0 | ACTIONS=10 | INTENT: focus=2 ratio=0.20
[t=3,802s] step=200 | MISSION=NORMAL_C | USV: 5/5 (avail=0 int=5 lock=0 frz=0) | UAV: air=5 rtb=0 chg=0 loiter=0 | TRACKS: vis=10 lost=0 engaged=0 | TOP: black_usv1(x222,060) black_usv9(x222,416) black_usv2(x223,191) | KILL=0 | ACTIONS=10 | INTENT: focus=2 ratio=0.20
[t=3,999s] step=210 | MISSION=NORMAL_C | USV: 5/5 (avail=0 int=5 lock=0 frz=0) | UAV: air=5 rtb=0 chg=0 loiter=0 | TRACKS: vis=10 lost=0 engaged=0 | TOP: black_usv1(x220,095) black_usv9(x220,469) black_usv2(x221,284) | KILL=0 | ACTIONS=10 | INTENT: focus=2 ratio=0.20
[t=4,194s] step=220 | MISSION=NORMAL_C | USV: 5/5 (avail=0 int=5 lock=0 frz=0) | UAV: air=5 rtb=0 chg=0 loiter=0 | TRACKS: vis=10 lost=0 engaged=0 | TOP: black_usv1(x218,152) black_usv9(x218,544) black_usv2(x219,399) | KILL=0 | ACTIONS=10 | INTENT: focus=2 ratio=0.20
[t=4,405s] step=230 | MISSION=NORMAL_C | USV: 5/5 (avail=0 int=5 lock=0 frz=0) | UAV: air=5 rtb=0 chg=0 loiter=0 | TRACKS: vis=10 lost=0 engaged=0 | TOP: black_usv1(x216,048) black_usv9(x216,460) black_usv2(x217,357) | KILL=0 | ACTIONS=10 | INTENT: focus=2 ratio=0.20
[t=4,605s] step=240 | MISSION=NORMAL_C | USV: 5/5 (avail=0 int=5 lock=0 frz=0) | UAV: air=5 rtb=0 chg=0 loiter=0 | TRACKS: vis=10 lost=0 engaged=0 | TOP: black_usv1(x214,062) black_usv9(x214,493) black_usv2(x215,431) | KILL=0 | ACTIONS=10 | INTENT: focus=2 ratio=0.20
[t=4,816s] step=250 | MISSION=NORMAL_C | USV: 5/5 (avail=0 int=5 lock=0 frz=0) | UAV: air=5 rtb=0 chg=0 loiter=0 | TRACKS: vis=10 lost=0 engaged=0 | TOP: black_usv1(x211,951) black_usv9(x212,409) black_usv10(x213,228) | KILL=0 | ACTIONS=10 | INTENT: focus=2 ratio=0.20
[t=5,018s] step=260 | MISSION=NORMAL_C | USV: 5/5 (avail=0 int=5 lock=0 frz=0) | UAV: air=5 rtb=0 chg=0 loiter=0 | TRACKS: vis=10 lost=0 engaged=0 | TOP: black_usv1(x209,944) black_usv9(x210,413) black_usv10(x211,308) | KILL=0 | ACTIONS=10 | INTENT: focus=2 ratio=0.20
[t=5,225s] step=270 | MISSION=NORMAL_C | USV: 5/5 (avail=0 int=5 lock=0 frz=0) | UAV: air=5 rtb=0 chg=0 loiter=0 | TRACKS: vis=10 lost=0 engaged=0 | TOP: black_usv1(x207,873) black_usv9(x208,362) black_usv10(x209,333) | KILL=0 | ACTIONS=10 | INTENT: focus=2 ratio=0.20
[t=5,432s] step=280 | MISSION=NORMAL_C | USV: 5/5 (avail=0 int=5 lock=0 frz=0) | UAV: air=5 rtb=0 chg=0 loiter=0 | TRACKS: vis=10 lost=0 engaged=0 | TOP: black_usv9(x206,324) black_usv10(x207,371) black_usv7(x208,267) | KILL=0 | ACTIONS=10 | INTENT: focus=2 ratio=0.20
[t=5,621s] step=290 | MISSION=NORMAL_C | USV: 5/5 (avail=0 int=5 lock=0 frz=0) | UAV: air=5 rtb=0 chg=0 loiter=0 | TRACKS: vis=10 lost=0 engaged=0 | TOP: black_usv9(x204,450) black_usv10(x205,567) black_usv7(x206,461) | KILL=0 | ACTIONS=10 | INTENT: focus=2 ratio=0.20
[t=5,810s] step=300 | MISSION=NORMAL_C | USV: 5/5 (avail=0 int=5 lock=0 frz=0) | UAV: air=5 rtb=0 chg=0 loiter=0 | TRACKS: vis=9 lost=1 engaged=0 | TOP: black_usv9(x202,582) black_usv10(x203,769) black_usv2(x204,368) | KILL=0 | ACTIONS=10 | INTENT: focus=2 ratio=0.20
[t=6,004s] step=310 | MISSION=NORMAL_C | USV: 5/5 (avail=0 int=5 lock=0 frz=0) | UAV: air=5 rtb=0 chg=0 loiter=0 | TRACKS: vis=8 lost=2 engaged=0 | TOP: black_usv9(x200,669) black_usv10(x201,928) black_usv2(x202,599) | KILL=0 | ACTIONS=10 | INTENT: focus=2 ratio=0.20
[t=6,199s] step=320 | MISSION=NORMAL_C | USV: 5/5 (avail=0 int=5 lock=0 frz=0) | UAV: air=5 rtb=0 chg=0 loiter=0 | TRACKS: vis=9 lost=0 engaged=0 | TOP: black_usv9(x198,748) black_usv10(x200,078) black_usv2(x200,823) | KILL=0 | ACTIONS=10 | INTENT: focus=2 ratio=0.20
[t=6,406s] step=330 | MISSION=NORMAL_C | USV: 5/5 (avail=0 int=5 lock=0 frz=0) | UAV: air=5 rtb=0 chg=0 loiter=0 | TRACKS: vis=8 lost=1 engaged=0 | TOP: black_usv9(x196,698) black_usv10(x198,105) black_usv2(x198,925) | KILL=0 | ACTIONS=10 | INTENT: focus=2 ratio=0.20
[t=6,600s] step=340 | MISSION=NORMAL_C | USV: 5/5 (avail=0 int=5 lock=0 frz=0) | UAV: air=5 rtb=0 chg=0 loiter=0 | TRACKS: vis=9 lost=0 engaged=0 | TOP: black_usv9(x194,773) black_usv10(x196,257) black_usv2(x197,153) | KILL=0 | ACTIONS=10 | INTENT: focus=2 ratio=0.20
[t=6,819s] step=350 | MISSION=NORMAL_C | USV: 5/5 (avail=0 int=5 lock=0 frz=0) | UAV: air=5 rtb=0 chg=0 loiter=0 | TRACKS: vis=9 lost=0 engaged=0 | TOP: black_usv9(x192,599) black_usv10(x194,176) black_usv2(x195,154) | KILL=0 | ACTIONS=10 | INTENT: focus=2 ratio=0.20
[t=7,029s] step=360 | MISSION=NORMAL_C | USV: 5/5 (avail=0 int=5 lock=0 frz=0) | UAV: air=5 rtb=0 chg=0 loiter=0 | TRACKS: vis=9 lost=0 engaged=0 | TOP: black_usv9(x190,509) black_usv10(x192,177) black_usv2(x193,234) | KILL=0 | ACTIONS=10 | INTENT: focus=2 ratio=0.20
[t=7,236s] step=370 | MISSION=NORMAL_C | USV: 5/5 (avail=0 int=5 lock=0 frz=0) | UAV: air=5 rtb=0 chg=0 loiter=0 | TRACKS: vis=9 lost=0 engaged=0 | TOP: black_usv9(x188,458) black_usv10(x190,214) black_usv2(x191,349) | KILL=0 | ACTIONS=10 | INTENT: focus=2 ratio=0.20
      [ASSIGN] white_usv1->black_usv3(机会锁定)
      [ASSIGN] white_usv2->black_usv3(机会锁定)
[t=7,444s] step=380 | MISSION=NORMAL_C | USV: 5/5 (avail=0 int=1 lock=4 frz=0) | UAV: air=5 rtb=0 chg=0 loiter=0 | TRACKS: vis=9 lost=0 engaged=2 | TOP: black_usv9(x186,395) black_usv10(x188,240) black_usv2(x189,453) | KILL=0 | ACTIONS=10 | INTENT: focus=2 ratio=0.20
      [ASSIGN] white_usv4->black_usv3(机会锁定)
[t=7,655s] step=390 | MISSION=NORMAL_C | USV: 5/5 (avail=0 int=0 lock=5 frz=0) | UAV: air=5 rtb=0 chg=0 loiter=0 | TRACKS: vis=9 lost=0 engaged=2 | TOP: black_usv9(x184,290) black_usv10(x186,226) black_usv6(x187,777) | KILL=0 | ACTIONS=10 | INTENT: focus=2 ratio=0.20
      [ASSIGN] white_usv5->black_usv9(机会锁定)
      [ASSIGN] white_usv1->black_usv6(机会锁定)
      [ASSIGN] white_usv2->black_usv6(机会锁定)
      [ASSIGN] white_usv3->black_usv2(机会锁定)
[t=7,869s] step=400 | MISSION=NORMAL_C | USV: 5/5 (avail=0 int=0 lock=5 frz=0) | UAV: air=5 rtb=0 chg=0 loiter=0 | TRACKS: vis=8 lost=1 engaged=4 | TOP: black_usv8(x183,291) black_usv10(x184,199) black_usv5(x187,358) | KILL=0 | ACTIONS=10 | INTENT: focus=2 ratio=0.20
      [ASSIGN] white_usv4->black_usv10(机会锁定)
      [ASSIGN] white_usv5->black_usv8(机会锁定)
      [ASSIGN] white_usv1->black_usv3(机会锁定)
      [ASSIGN] white_usv2->black_usv3(机会锁定)
      [ASSIGN] white_usv1->black_usv6(机会锁定)
      [ASSIGN] white_usv2->black_usv6(机会锁定)
      [ASSIGN] white_usv1->black_usv3(机会锁定)
      [ASSIGN] white_usv2->black_usv3(机会锁定)
      [ASSIGN] white_usv3->black_usv3(机会锁定)
      [ASSIGN] white_usv1->black_usv6(机会锁定)
      [ASSIGN] white_usv2->black_usv6(机会锁定)
      [ASSIGN] white_usv3->black_usv6(机会锁定)
[t=8,085s] step=410 | MISSION=NORMAL_C | USV: 5/5 (avail=0 int=3 lock=2 frz=0) | UAV: air=5 rtb=0 chg=0 loiter=0 | TRACKS: vis=8 lost=0 engaged=2 | TOP: black_usv9(x181,009) black_usv6(x184,466) black_usv2(x183,900) | KILL=2 | ACTIONS=10 | INTENT: focus=2 ratio=0.20
      [ASSIGN] white_usv1->black_usv3(机会锁定)
      [ASSIGN] white_usv2->black_usv3(机会锁定)
      [ASSIGN] white_usv3->black_usv3(机会锁定)
      [ASSIGN] white_usv1->black_usv6(机会锁定)
      [ASSIGN] white_usv2->black_usv6(机会锁定)
      [ASSIGN] white_usv3->black_usv6(机会锁定)
      [ASSIGN] white_usv1->black_usv3(机会锁定)
      [ASSIGN] white_usv2->black_usv3(机会锁定)
      [ASSIGN] white_usv3->black_usv3(机会锁定)
      [ASSIGN] white_usv1->black_usv6(机会锁定)
      [ASSIGN] white_usv2->black_usv6(机会锁定)
      [ASSIGN] white_usv3->black_usv6(机会锁定)
      [ASSIGN] white_usv1->black_usv3(机会锁定)
      [ASSIGN] white_usv2->black_usv3(机会锁定)
      [ASSIGN] white_usv4->black_usv2(机会锁定)
      [ASSIGN] white_usv3->black_usv3(机会锁定)
      [ASSIGN] white_usv1->black_usv6(机会锁定)
      [ASSIGN] white_usv2->black_usv6(机会锁定)
      [ASSIGN] white_usv3->black_usv6(机会锁定)
      [ASSIGN] white_usv1->black_usv3(机会锁定)
      [ASSIGN] white_usv2->black_usv3(机会锁定)
      [ASSIGN] white_usv3->black_usv3(机会锁定)
      [ASSIGN] white_usv1->black_usv6(机会锁定)
      [ASSIGN] white_usv2->black_usv6(机会锁定)
      [ASSIGN] white_usv3->black_usv6(机会锁定)
      [KILL] black_usv3
      [ASSIGN] white_usv3->black_usv10(机会锁定)
      [ASSIGN] white_usv3->black_usv2(机会锁定)
[t=8,316s] step=420 | MISSION=NORMAL_C | USV: 5/5 (avail=0 int=4 lock=1 frz=0) | UAV: air=5 rtb=0 chg=0 loiter=0 | TRACKS: vis=7 lost=0 engaged=1 | TOP: black_usv9(x180,715) black_usv5(x183,228) black_usv7(x181,980) | KILL=2 | ACTIONS=10 | INTENT: focus=2 ratio=0.20
      [ASSIGN] white_usv5->black_usv10(机会锁定)
      [ASSIGN] white_usv3->black_usv10(机会锁定)
      [ASSIGN] white_usv2->black_usv2(机会锁定)
      [ASSIGN] white_usv2->black_usv6(机会锁定)
      [ASSIGN] white_usv4->black_usv7(机会锁定)
[t=8,528s] step=430 | MISSION=NORMAL_C | USV: 5/5 (avail=0 int=3 lock=2 frz=0) | UAV: air=5 rtb=0 chg=0 loiter=0 | TRACKS: vis=7 lost=0 engaged=1 | TOP: black_usv9(x178,615) black_usv5(x181,278) black_usv7(x180,060) | KILL=3 | ACTIONS=10 | INTENT: focus=2 ratio=0.20
      [ASSIGN] white_usv2->black_usv2(机会锁定)
      [ASSIGN] white_usv2->black_usv6(机会锁定)
      [ASSIGN] white_usv2->black_usv2(机会锁定)
      [KILL] black_usv6
      [RELEASE] white_usv1->black_usv6(目标失效)
      [ASSIGN] white_usv1->black_usv10(机会锁定)
      [ASSIGN] white_usv2->black_usv10(机会锁定)
      [DETECT] black_usv1
      [ASSIGN] white_usv1->black_usv2(机会锁定)
      [ASSIGN] white_usv5->black_usv8(机会锁定)
      [ASSIGN] white_usv2->black_usv2(机会锁定)
      [ASSIGN] white_usv1->black_usv10(机会锁定)
      [ASSIGN] white_usv2->black_usv10(机会锁定)
      [ASSIGN] white_usv1->black_usv2(机会锁定)
      [ASSIGN] white_usv2->black_usv2(机会锁定)
      [ASSIGN] white_usv1->black_usv10(机会锁定)
      [ASSIGN] white_usv2->black_usv10(机会锁定)
      [ASSIGN] white_usv1->black_usv2(机会锁定)
      [ASSIGN] white_usv2->black_usv2(机会锁定)
      [ASSIGN] white_usv1->black_usv10(机会锁定)
      [ASSIGN] white_usv2->black_usv10(机会锁定)
[t=8,749s] step=440 | MISSION=NORMAL_C | USV: 4/5 (avail=0 int=2 lock=2 frz=0) | UAV: air=5 rtb=0 chg=0 loiter=0 | TRACKS: vis=6 lost=1 engaged=2 | TOP: black_usv9(x176,412) black_usv1(x177,908) black_usv10(x176,859) | KILL=4 | ACTIONS=9 | INTENT: focus=2 ratio=0.20
      [ASSIGN] white_usv1->black_usv2(机会锁定)
      [ASSIGN] white_usv2->black_usv2(机会锁定)
      [ASSIGN] white_usv1->black_usv10(机会锁定)
      [ASSIGN] white_usv2->black_usv10(机会锁定)
      [ASSIGN] white_usv1->black_usv2(机会锁定)
      [ASSIGN] white_usv2->black_usv2(机会锁定)
      [ASSIGN] white_usv1->black_usv10(机会锁定)
      [ASSIGN] white_usv2->black_usv10(机会锁定)
      [ASSIGN] white_usv1->black_usv2(机会锁定)
      [ASSIGN] white_usv2->black_usv2(机会锁定)
      [ASSIGN] white_usv4->black_usv2(机会锁定)
      [ASSIGN] white_usv1->black_usv10(机会锁定)
      [ASSIGN] white_usv2->black_usv10(机会锁定)
      [ASSIGN] white_usv4->black_usv10(机会锁定)
      [ASSIGN] white_usv1->black_usv1(机会锁定)
      [ASSIGN] white_usv2->black_usv2(机会锁定)
      [ASSIGN] white_usv4->black_usv2(机会锁定)
      [ASSIGN] white_usv2->black_usv10(机会锁定)
      [ASSIGN] white_usv4->black_usv10(机会锁定)
      [ASSIGN] white_usv2->black_usv2(机会锁定)
      [ASSIGN] white_usv4->black_usv2(机会锁定)
      [ASSIGN] white_usv5->black_usv9(机会锁定)
      [ASSIGN] white_usv2->black_usv10(机会锁定)
      [ASSIGN] white_usv4->black_usv10(机会锁定)
[t=8,960s] step=450 | MISSION=NORMAL_C | USV: 4/5 (avail=0 int=3 lock=1 frz=0) | UAV: air=5 rtb=0 chg=0 loiter=0 | TRACKS: vis=7 lost=0 engaged=1 | TOP: black_usv9(x174,313) black_usv10(x176,859) black_usv5(x177,284) | KILL=5 | ACTIONS=9 | INTENT: focus=2 ratio=0.20
      [ASSIGN] white_usv2->black_usv2(机会锁定)
      [ASSIGN] white_usv4->black_usv2(机会锁定)
      [ASSIGN] white_usv2->black_usv10(机会锁定)
      [ASSIGN] white_usv4->black_usv10(机会锁定)
      [ASSIGN] white_usv2->black_usv2(机会锁定)
      [ASSIGN] white_usv4->black_usv7(机会锁定)
      [ASSIGN] white_usv2->black_usv10(机会锁定)
      [ASSIGN] white_usv2->black_usv2(机会锁定)
      [ASSIGN] white_usv2->black_usv10(机会锁定)
      [ASSIGN] white_usv2->black_usv2(机会锁定)
      [ASSIGN] white_usv2->black_usv10(机会锁定)
      [KILL] black_usv2
      [ASSIGN] white_usv2->black_usv8(机会锁定)
      [ASSIGN] white_usv2->black_usv10(机会锁定)
[t=9,168s] step=460 | MISSION=NORMAL_C | USV: 4/5 (avail=0 int=1 lock=3 frz=0) | UAV: air=5 rtb=0 chg=0 loiter=0 | TRACKS: vis=6 lost=0 engaged=3 | TOP: black_usv10(x176,859) black_usv5(x175,364) black_usv9(x172,245) | KILL=5 | ACTIONS=9 | INTENT: focus=2 ratio=0.20
      [ASSIGN] white_usv2->black_usv8(机会锁定)
      [ASSIGN] white_usv1->black_usv10(机会锁定)
      [ASSIGN] white_usv2->black_usv10(机会锁定)
      [ASSIGN] white_usv1->black_usv1(机会锁定)
      [ASSIGN] white_usv2->black_usv8(机会锁定)
      [KILL] black_usv10
      [ASSIGN] white_usv2->black_usv7(机会锁定)
      [ASSIGN] white_usv5->black_usv5(机会锁定)
[t=9,373s] step=470 | MISSION=NORMAL_C | USV: 3/5 (avail=0 int=0 lock=3 frz=0) | UAV: air=5 rtb=0 chg=0 loiter=0 | TRACKS: vis=5 lost=0 engaged=3 | TOP: black_usv9(x170,212) black_usv1(x173,362) black_usv8(x176,247) | KILL=5 | ACTIONS=8 | INTENT: focus=2 ratio=0.20
      [KILL] black_usv8
[t=9,567s] step=480 | MISSION=NORMAL_C | USV: 3/5 (avail=0 int=2 lock=1 frz=0) | UAV: air=5 rtb=0 chg=0 loiter=0 | TRACKS: vis=4 lost=0 engaged=1 | TOP: black_usv9(x168,283) black_usv1(x173,012) black_usv5(x172,235) | KILL=7 | ACTIONS=8 | INTENT: focus=2 ratio=0.20
      [ASSIGN] white_usv5->black_usv9(机会锁定)
      [ASSIGN] white_usv1->black_usv7(机会锁定)
      [ASSIGN] white_usv1->black_usv1(机会锁定)
      [ASSIGN] white_usv1->black_usv7(机会锁定)
      [ASSIGN] white_usv1->black_usv1(机会锁定)
      [ASSIGN] white_usv1->black_usv7(机会锁定)
      [ASSIGN] white_usv1->black_usv1(机会锁定)
      [ASSIGN] white_usv1->black_usv7(机会锁定)
      [ASSIGN] white_usv1->black_usv1(机会锁定)
[t=9,772s] step=490 | MISSION=NORMAL_C | USV: 2/5 (avail=0 int=2 lock=0 frz=0) | UAV: air=5 rtb=0 chg=0 loiter=0 | TRACKS: vis=4 lost=0 engaged=0 | TOP: black_usv1(x173,012) black_usv5(x172,110) black_usv9(x166,250) | KILL=7 | ACTIONS=7 | INTENT: focus=2 ratio=0.20
      [ASSIGN] white_usv1->black_usv7(机会锁定)
      [ASSIGN] white_usv1->black_usv1(机会锁定)
      [ASSIGN] white_usv1->black_usv7(机会锁定)
      [KILL] black_usv7
      [RELEASE] white_usv1->black_usv7(目标失效)
      [RELEASE] white_usv4->black_usv7(目标失效)
      [ASSIGN] white_usv1->black_usv9
      [ASSIGN] white_usv4->black_usv1
[t=9,961s] step=500 | MISSION=NORMAL_C | USV: 2/5 (avail=2 int=0 lock=0 frz=0) | UAV: air=5 rtb=0 chg=0 loiter=0 | TRACKS: vis=3 lost=0 engaged=0 | TOP: black_usv5(x171,519) black_usv9(x165,021) black_usv1(x173,012) | KILL=8 | ACTIONS=7 | INTENT: focus=2 ratio=0.20
[t=10,142s] step=510 | MISSION=NORMAL_C | USV: 2/5 (avail=0 int=2 lock=0 frz=0) | UAV: air=5 rtb=0 chg=0 loiter=0 | TRACKS: vis=3 lost=0 engaged=0 | TOP: black_usv5(x170,132) black_usv9(x165,021) black_usv1(x173,012) | KILL=8 | ACTIONS=7 | INTENT: focus=2 ratio=0.20
      [KILL] black_usv1
      [RELEASE] white_usv4->black_usv1(目标失效)
      [ASSIGN] white_usv4->black_usv5
      [ASSIGN] white_usv1->black_usv5(机会锁定)
[t=10,325s] step=520 | MISSION=NORMAL_C | USV: 2/5 (avail=0 int=1 lock=1 frz=0) | UAV: air=5 rtb=0 chg=0 loiter=0 | TRACKS: vis=2 lost=0 engaged=1 | TOP: black_usv9(x165,021) black_usv5(x168,733) | KILL=8 | ACTIONS=7 | INTENT: focus=2 ratio=0.20
      [DETECT] black_usv4
[t=10,502s] step=530 | MISSION=NORMAL_C | USV: 2/5 (avail=0 int=1 lock=1 frz=0) | UAV: air=5 rtb=0 chg=0 loiter=0 | TRACKS: vis=3 lost=0 engaged=1 | TOP: black_usv9(x165,021) black_usv4(x177,671) black_usv5(x167,369) | KILL=8 | ACTIONS=7 | INTENT: focus=2 ratio=0.20
      [KILL] black_usv9
[t=10,684s] step=540 | MISSION=NORMAL_C | USV: 2/5 (avail=0 int=2 lock=0 frz=0) | UAV: air=5 rtb=0 chg=0 loiter=0 | TRACKS: vis=2 lost=0 engaged=0 | TOP: black_usv4(x176,242) black_usv5(x167,206) | KILL=9 | ACTIONS=7 | INTENT: focus=2 ratio=0.20
[t=10,871s] step=550 | MISSION=NORMAL_C | USV: 2/5 (avail=0 int=2 lock=0 frz=0) | UAV: air=5 rtb=0 chg=0 loiter=0 | TRACKS: vis=2 lost=0 engaged=0 | TOP: black_usv4(x174,774) black_usv5(x167,206) | KILL=9 | ACTIONS=7 | INTENT: focus=2 ratio=0.20
[t=11,062s] step=560 | MISSION=NORMAL_C | USV: 2/5 (avail=0 int=2 lock=0 frz=0) | UAV: air=5 rtb=0 chg=0 loiter=0 | TRACKS: vis=2 lost=0 engaged=0 | TOP: black_usv4(x173,278) black_usv5(x167,206) | KILL=9 | ACTIONS=7 | INTENT: focus=2 ratio=0.20
      [KILL] black_usv5
      [RELEASE] white_usv1->black_usv5(目标失效)
      [RELEASE] white_usv4->black_usv5(目标失效)
      [ASSIGN] white_usv1->black_usv4
      [ASSIGN] white_usv4->black_usv4
[t=11,242s] step=570 | MISSION=NORMAL_C | USV: 2/5 (avail=0 int=2 lock=0 frz=0) | UAV: air=5 rtb=0 chg=0 loiter=0 | TRACKS: vis=0 lost=1 engaged=0 | TOP: black_usv4(x171,867) | KILL=9 | ACTIONS=7 | INTENT: focus=2 ratio=0.20
[t=11,424s] step=580 | MISSION=NORMAL_C | USV: 2/5 (avail=0 int=2 lock=0 frz=0) | UAV: air=5 rtb=0 chg=0 loiter=0 | TRACKS: vis=0 lost=1 engaged=0 | TOP: black_usv4(x170,440) | KILL=9 | ACTIONS=7 | INTENT: focus=2 ratio=0.20
      [RELEASE] white_usv1->black_usv4(目标失效)
      [RELEASE] white_usv4->black_usv4(目标失效)
[t=11,601s] step=590 | MISSION=GLOBAL_R | USV: 2/5 (avail=2 int=0 lock=0 frz=0) | UAV: air=5 rtb=0 chg=0 loiter=0 | TRACKS: vis=0 lost=0 engaged=0 | TOP:  | KILL=9 | ACTIONS=7 | INTENT: focus=2 ratio=0.20
      [DETECT] black_usv4
      [ASSIGN] white_usv1->black_usv4
      [ASSIGN] white_usv4->black_usv4
[t=11,780s] step=600 | MISSION=NORMAL_C | USV: 2/5 (avail=0 int=2 lock=0 frz=0) | UAV: air=5 rtb=0 chg=0 loiter=0 | TRACKS: vis=0 lost=1 engaged=0 | TOP: black_usv4(x167,648) | KILL=9 | ACTIONS=7 | INTENT: focus=2 ratio=0.20
      [RELEASE] white_usv1->black_usv4(目标失效)
      [RELEASE] white_usv4->black_usv4(目标失效)
[t=11,964s] step=610 | MISSION=NORMAL_C | USV: 2/5 (avail=0 int=2 lock=0 frz=0) | UAV: air=5 rtb=0 chg=0 loiter=0 | TRACKS: vis=0 lost=0 engaged=0 | TOP:  | KILL=9 | ACTIONS=7 | INTENT: focus=2 ratio=0.20
[t=12,147s] step=620 | MISSION=GLOBAL_R | USV: 2/5 (avail=2 int=0 lock=0 frz=0) | UAV: air=5 rtb=0 chg=0 loiter=0 | TRACKS: vis=0 lost=0 engaged=0 | TOP:  | KILL=9 | ACTIONS=7 | INTENT: focus=2 ratio=0.20
      [DETECT] black_usv4
      [ASSIGN] white_usv1->black_usv4
      [ASSIGN] white_usv4->black_usv4
[t=12,331s] step=630 | MISSION=NORMAL_C | USV: 2/5 (avail=0 int=2 lock=0 frz=0) | UAV: air=5 rtb=0 chg=0 loiter=0 | TRACKS: vis=0 lost=1 engaged=0 | TOP: black_usv4(x163,331) | KILL=9 | ACTIONS=7 | INTENT: focus=2 ratio=0.20
[t=12,515s] step=640 | MISSION=NORMAL_C | USV: 2/5 (avail=0 int=2 lock=0 frz=0) | UAV: air=5 rtb=0 chg=0 loiter=0 | TRACKS: vis=0 lost=1 engaged=0 | TOP: black_usv4(x161,888) | KILL=9 | ACTIONS=7 | INTENT: focus=2 ratio=0.20
      [RELEASE] white_usv1->black_usv4(目标失效)
      [RELEASE] white_usv4->black_usv4(目标失效)
[t=12,695s] step=650 | MISSION=GLOBAL_R | USV: 2/5 (avail=2 int=0 lock=0 frz=0) | UAV: air=5 rtb=0 chg=0 loiter=0 | TRACKS: vis=0 lost=0 engaged=0 | TOP:  | KILL=9 | ACTIONS=7 | INTENT: focus=2 ratio=0.20
[t=12,873s] step=660 | MISSION=GLOBAL_R | USV: 2/5 (avail=2 int=0 lock=0 frz=0) | UAV: air=5 rtb=0 chg=0 loiter=0 | TRACKS: vis=0 lost=0 engaged=0 | TOP:  | KILL=9 | ACTIONS=7 | INTENT: focus=2 ratio=0.20
      [DETECT] black_usv4
      [ASSIGN] white_usv1->black_usv4
      [ASSIGN] white_usv4->black_usv4
[t=13,054s] step=670 | MISSION=NORMAL_C | USV: 2/5 (avail=2 int=0 lock=0 frz=0) | UAV: air=5 rtb=0 chg=0 loiter=0 | TRACKS: vis=1 lost=0 engaged=0 | TOP: black_usv4(x157,666) | KILL=9 | ACTIONS=7 | INTENT: focus=2 ratio=0.20
[t=13,237s] step=680 | MISSION=NORMAL_C | USV: 2/5 (avail=0 int=2 lock=0 frz=0) | UAV: air=5 rtb=0 chg=0 loiter=0 | TRACKS: vis=1 lost=0 engaged=0 | TOP: black_usv4(x156,232) | KILL=9 | ACTIONS=7 | INTENT: focus=2 ratio=0.20
[t=13,417s] step=690 | MISSION=NORMAL_C | USV: 2/5 (avail=0 int=2 lock=0 frz=0) | UAV: air=5 rtb=0 chg=0 loiter=0 | TRACKS: vis=1 lost=0 engaged=0 | TOP: black_usv4(x154,821) | KILL=9 | ACTIONS=7 | INTENT: focus=2 ratio=0.20
[t=13,602s] step=700 | MISSION=NORMAL_C | USV: 2/5 (avail=0 int=2 lock=0 frz=0) | UAV: air=5 rtb=0 chg=0 loiter=0 | TRACKS: vis=0 lost=1 engaged=0 | TOP: black_usv4(x153,369) | KILL=9 | ACTIONS=7 | INTENT: focus=2 ratio=0.20
[t=13,786s] step=710 | MISSION=NORMAL_C | USV: 2/5 (avail=0 int=2 lock=0 frz=0) | UAV: air=5 rtb=0 chg=0 loiter=0 | TRACKS: vis=0 lost=1 engaged=0 | TOP: black_usv4(x151,927) | KILL=9 | ACTIONS=7 | INTENT: focus=2 ratio=0.20
      [RELEASE] white_usv1->black_usv4(目标失效)
      [RELEASE] white_usv4->black_usv4(目标失效)
[t=13,961s] step=720 | MISSION=GLOBAL_R | USV: 2/5 (avail=2 int=0 lock=0 frz=0) | UAV: air=5 rtb=0 chg=0 loiter=0 | TRACKS: vis=0 lost=0 engaged=0 | TOP:  | KILL=9 | ACTIONS=7 | INTENT: focus=2 ratio=0.20
      [DETECT] black_usv4
      [ASSIGN] white_usv1->black_usv4
      [ASSIGN] white_usv4->black_usv4
[t=14,145s] step=730 | MISSION=NORMAL_C | USV: 2/5 (avail=0 int=2 lock=0 frz=0) | UAV: air=5 rtb=0 chg=0 loiter=0 | TRACKS: vis=1 lost=0 engaged=0 | TOP: black_usv4(x149,112) | KILL=9 | ACTIONS=7 | INTENT: focus=2 ratio=0.20
[t=14,323s] step=740 | MISSION=NORMAL_C | USV: 2/5 (avail=0 int=2 lock=0 frz=0) | UAV: air=5 rtb=0 chg=0 loiter=0 | TRACKS: vis=0 lost=1 engaged=0 | TOP: black_usv4(x147,717) | KILL=9 | ACTIONS=7 | INTENT: focus=2 ratio=0.20
      [RELEASE] white_usv1->black_usv4(目标失效)
      [RELEASE] white_usv4->black_usv4(目标失效)
      [DETECT] black_usv4
      [ASSIGN] white_usv1->black_usv4
      [ASSIGN] white_usv4->black_usv4
[t=14,495s] step=750 | MISSION=NORMAL_C | USV: 2/5 (avail=0 int=2 lock=0 frz=0) | UAV: air=5 rtb=0 chg=0 loiter=0 | TRACKS: vis=1 lost=0 engaged=0 | TOP: black_usv4(x146,370) | KILL=9 | ACTIONS=7 | INTENT: focus=2 ratio=0.20
[t=14,686s] step=760 | MISSION=NORMAL_C | USV: 2/5 (avail=0 int=2 lock=0 frz=0) | UAV: air=5 rtb=0 chg=0 loiter=0 | TRACKS: vis=1 lost=0 engaged=0 | TOP: black_usv4(x144,871) | KILL=9 | ACTIONS=7 | INTENT: focus=2 ratio=0.20
[t=14,879s] step=770 | MISSION=NORMAL_C | USV: 2/5 (avail=0 int=2 lock=0 frz=0) | UAV: air=5 rtb=0 chg=0 loiter=0 | TRACKS: vis=1 lost=0 engaged=0 | TOP: black_usv4(x143,364) | KILL=9 | ACTIONS=7 | INTENT: focus=2 ratio=0.20
[t=15,062s] step=780 | MISSION=NORMAL_C | USV: 2/5 (avail=0 int=2 lock=0 frz=0) | UAV: air=5 rtb=0 chg=0 loiter=0 | TRACKS: vis=0 lost=1 engaged=0 | TOP: black_usv4(x141,926) | KILL=9 | ACTIONS=7 | INTENT: focus=2 ratio=0.20
[t=15,253s] step=790 | MISSION=NORMAL_C | USV: 2/5 (avail=0 int=2 lock=0 frz=0) | UAV: air=5 rtb=0 chg=0 loiter=0 | TRACKS: vis=1 lost=0 engaged=0 | TOP: black_usv4(x140,425) | KILL=9 | ACTIONS=7 | INTENT: focus=2 ratio=0.20
[t=15,439s] step=800 | MISSION=NORMAL_C | USV: 2/5 (avail=0 int=1 lock=1 frz=0) | UAV: air=5 rtb=0 chg=0 loiter=0 | TRACKS: vis=1 lost=0 engaged=1 | TOP: black_usv4(x138,972) | KILL=9 | ACTIONS=7 | INTENT: focus=2 ratio=0.20
[t=15,633s] step=810 | MISSION=NORMAL_C | USV: 2/5 (avail=0 int=1 lock=1 frz=0) | UAV: air=5 rtb=0 chg=0 loiter=0 | TRACKS: vis=1 lost=0 engaged=1 | TOP: black_usv4(x137,448) | KILL=9 | ACTIONS=7 | INTENT: focus=2 ratio=0.20
[t=15,829s] step=820 | MISSION=NORMAL_C | USV: 2/5 (avail=0 int=0 lock=2 frz=0) | UAV: air=5 rtb=0 chg=0 loiter=0 | TRACKS: vis=1 lost=0 engaged=1 | TOP: black_usv4(x135,912) | KILL=9 | ACTIONS=7 | INTENT: focus=2 ratio=0.20
[t=16,027s] step=830 | MISSION=NORMAL_C | USV: 2/5 (avail=0 int=1 lock=1 frz=0) | UAV: air=5 rtb=0 chg=0 loiter=0 | TRACKS: vis=1 lost=0 engaged=1 | TOP: black_usv4(x134,406) | KILL=9 | ACTIONS=7 | INTENT: focus=2 ratio=0.20

========================================================================
对局结果: Result.Victory — 敌方所有单位被击毁
  击杀蓝舰: 10 | 命中: 20 | 我方USV损失: 3 | UAV损失: 0 | 突破: 0
[META] result=Result.Victory victory_time=16066 first_detection=1845 first_lock=7381 first_kill=8299 enemy_kills=10 friendly_usv_losses=3 friendly_uav_losses=0 black_breakthrough=0 reacquire_attempts=27 reacquire_success=27 sensor_assisted_locks=82 low_conf_commitments=0 global_reacquire_entries=4 global_reacquire_success=4 coverage_collapse_events=1 active_clusters_max=1 coverage_quality_final=0.25 commander_source=default_intent commander_calls=0 commander_changes=0 commander_no_change=0 commander_parse_failures=0 commander_api_failures=0 commander_policy_failures=0 commander_avg_latency=0.0
Done
