========================================================================
HYBRID AGENT V5 — Variable-Cardinality Hierarchical Maritime Agent
  启用UAV: True | LLM_ENABLED: False
========================================================================
对局 90 开始
      [UAV RELAUNCH] white_uav3
      [UAV RELAUNCH] white_uav4
      [UAV RELAUNCH] white_uav1
      [UAV RELAUNCH] white_uav2
      [UAV RELAUNCH] white_uav5
[t=167s] step=10 | MISSION=NORMAL_C | USV: 5/5 (avail=5 int=0 lock=0 frz=0) | UAV: air=5 rtb=0 chg=0 loiter=0 | TRACKS: vis=0 lost=0 engaged=0 | TOP:  | KILL=0 | ACTIONS=10 | INTENT: focus=2 ratio=0.20
  [INTENT APPLIED]
    ThreatAllocator: focus 2 emergency 3 reserve_ratio 0.20 reserve_usvs None bias breakthrough_eta
    UAVManager: mode search_and_reacquire uav_priority []
[t=348s] step=20 | MISSION=NORMAL_C | USV: 5/5 (avail=5 int=0 lock=0 frz=0) | UAV: air=5 rtb=0 chg=0 loiter=0 | TRACKS: vis=0 lost=0 engaged=0 | TOP:  | KILL=0 | ACTIONS=10 | INTENT: focus=2 ratio=0.20
[t=518s] step=30 | MISSION=NORMAL_C | USV: 5/5 (avail=5 int=0 lock=0 frz=0) | UAV: air=5 rtb=0 chg=0 loiter=0 | TRACKS: vis=0 lost=0 engaged=0 | TOP:  | KILL=0 | ACTIONS=10 | INTENT: focus=2 ratio=0.20
[t=704s] step=40 | MISSION=NORMAL_C | USV: 5/5 (avail=5 int=0 lock=0 frz=0) | UAV: air=5 rtb=0 chg=0 loiter=0 | TRACKS: vis=0 lost=0 engaged=0 | TOP:  | KILL=0 | ACTIONS=10 | INTENT: focus=2 ratio=0.20
[t=884s] step=50 | MISSION=NORMAL_C | USV: 5/5 (avail=5 int=0 lock=0 frz=0) | UAV: air=5 rtb=0 chg=0 loiter=0 | TRACKS: vis=0 lost=0 engaged=0 | TOP:  | KILL=0 | ACTIONS=10 | INTENT: focus=2 ratio=0.20
[t=1,070s] step=60 | MISSION=NORMAL_C | USV: 5/5 (avail=5 int=0 lock=0 frz=0) | UAV: air=5 rtb=0 chg=0 loiter=0 | TRACKS: vis=0 lost=0 engaged=0 | TOP:  | KILL=0 | ACTIONS=10 | INTENT: focus=2 ratio=0.20
[t=1,255s] step=70 | MISSION=NORMAL_C | USV: 5/5 (avail=5 int=0 lock=0 frz=0) | UAV: air=5 rtb=0 chg=0 loiter=0 | TRACKS: vis=0 lost=0 engaged=0 | TOP:  | KILL=0 | ACTIONS=10 | INTENT: focus=2 ratio=0.20
[t=1,441s] step=80 | MISSION=NORMAL_C | USV: 5/5 (avail=5 int=0 lock=0 frz=0) | UAV: air=5 rtb=0 chg=0 loiter=0 | TRACKS: vis=0 lost=0 engaged=0 | TOP:  | KILL=0 | ACTIONS=10 | INTENT: focus=2 ratio=0.20
[t=1,632s] step=90 | MISSION=NORMAL_C | USV: 5/5 (avail=5 int=0 lock=0 frz=0) | UAV: air=5 rtb=0 chg=0 loiter=0 | TRACKS: vis=0 lost=0 engaged=0 | TOP:  | KILL=0 | ACTIONS=10 | INTENT: focus=2 ratio=0.20
[t=1,822s] step=100 | MISSION=NORMAL_C | USV: 5/5 (avail=5 int=0 lock=0 frz=0) | UAV: air=5 rtb=0 chg=0 loiter=0 | TRACKS: vis=0 lost=0 engaged=0 | TOP:  | KILL=0 | ACTIONS=10 | INTENT: focus=2 ratio=0.20
      [DETECT] black_usv7
      [DETECT] black_usv6
      [ASSIGN] white_usv3->black_usv7
      [ASSIGN] white_usv2->black_usv6
      [DETECT] black_usv4
      [ASSIGN] white_usv5->black_usv6
      [ASSIGN] white_usv1->black_usv4
      [ASSIGN] white_usv4->black_usv7
      [DETECT] black_usv5
      [DETECT] black_usv3
      [DETECT] black_usv8
      [DETECT] black_usv2
      [DETECT] black_usv1
[t=2,015s] step=110 | MISSION=NORMAL_C | USV: 5/5 (avail=0 int=5 lock=0 frz=0) | UAV: air=5 rtb=0 chg=0 loiter=0 | TRACKS: vis=8 lost=0 engaged=0 | TOP: black_usv8(x240,965) black_usv3(x241,911) black_usv5(x242,371) | KILL=0 | ACTIONS=10 | INTENT: focus=2 ratio=0.20
      [DETECT] black_usv9
[t=2,196s] step=120 | MISSION=NORMAL_C | USV: 5/5 (avail=0 int=5 lock=0 frz=0) | UAV: air=5 rtb=0 chg=0 loiter=0 | TRACKS: vis=8 lost=1 engaged=0 | TOP: black_usv9(x239,065) black_usv8(x239,268) black_usv3(x240,317) | KILL=0 | ACTIONS=10 | INTENT: focus=2 ratio=0.20
[t=2,380s] step=130 | MISSION=NORMAL_C | USV: 5/5 (avail=0 int=5 lock=0 frz=0) | UAV: air=5 rtb=0 chg=0 loiter=0 | TRACKS: vis=8 lost=1 engaged=0 | TOP: black_usv9(x237,324) black_usv8(x237,546) black_usv3(x238,682) | KILL=0 | ACTIONS=10 | INTENT: focus=2 ratio=0.20
[t=2,560s] step=140 | MISSION=NORMAL_C | USV: 5/5 (avail=0 int=5 lock=0 frz=0) | UAV: air=5 rtb=0 chg=0 loiter=0 | TRACKS: vis=8 lost=1 engaged=0 | TOP: black_usv9(x235,620) black_usv8(x235,860) black_usv3(x237,089) | KILL=0 | ACTIONS=10 | INTENT: focus=2 ratio=0.20
[t=2,748s] step=150 | MISSION=NORMAL_C | USV: 5/5 (avail=0 int=5 lock=0 frz=0) | UAV: air=5 rtb=0 chg=0 loiter=0 | TRACKS: vis=8 lost=0 engaged=0 | TOP: black_usv9(x233,841) black_usv8(x234,100) black_usv3(x235,434) | KILL=0 | ACTIONS=10 | INTENT: focus=2 ratio=0.20
      [DETECT] black_usv10
[t=2,942s] step=160 | MISSION=NORMAL_C | USV: 5/5 (avail=0 int=5 lock=0 frz=0) | UAV: air=5 rtb=0 chg=0 loiter=0 | TRACKS: vis=9 lost=0 engaged=0 | TOP: black_usv9(x232,004) black_usv8(x232,282) black_usv3(x233,711) | KILL=0 | ACTIONS=10 | INTENT: focus=2 ratio=0.20
[t=3,138s] step=170 | MISSION=NORMAL_C | USV: 5/5 (avail=0 int=5 lock=0 frz=0) | UAV: air=5 rtb=0 chg=0 loiter=0 | TRACKS: vis=8 lost=1 engaged=0 | TOP: black_usv9(x230,065) black_usv3(x231,984) black_usv2(x235,595) | KILL=0 | ACTIONS=10 | INTENT: focus=2 ratio=0.20
[t=3,337s] step=180 | MISSION=NORMAL_C | USV: 5/5 (avail=0 int=5 lock=0 frz=0) | UAV: air=5 rtb=0 chg=0 loiter=0 | TRACKS: vis=8 lost=1 engaged=0 | TOP: black_usv9(x228,075) black_usv3(x230,217) black_usv2(x234,073) | KILL=0 | ACTIONS=10 | INTENT: focus=2 ratio=0.20
[t=3,537s] step=190 | MISSION=NORMAL_C | USV: 5/5 (avail=0 int=5 lock=0 frz=0) | UAV: air=5 rtb=0 chg=0 loiter=0 | TRACKS: vis=8 lost=0 engaged=0 | TOP: black_usv9(x226,084) black_usv3(x228,448) black_usv10(x229,405) | KILL=0 | ACTIONS=10 | INTENT: focus=2 ratio=0.20
[t=3,735s] step=200 | MISSION=NORMAL_C | USV: 5/5 (avail=0 int=5 lock=0 frz=0) | UAV: air=5 rtb=0 chg=0 loiter=0 | TRACKS: vis=8 lost=0 engaged=0 | TOP: black_usv9(x224,096) black_usv3(x226,698) black_usv10(x227,509) | KILL=0 | ACTIONS=10 | INTENT: focus=2 ratio=0.20
[t=3,935s] step=210 | MISSION=NORMAL_C | USV: 5/5 (avail=0 int=5 lock=0 frz=0) | UAV: air=5 rtb=0 chg=0 loiter=0 | TRACKS: vis=8 lost=0 engaged=0 | TOP: black_usv9(x222,105) black_usv3(x224,927) black_usv10(x225,609) | KILL=0 | ACTIONS=10 | INTENT: focus=2 ratio=0.20
[t=4,136s] step=220 | MISSION=NORMAL_C | USV: 5/5 (avail=0 int=5 lock=0 frz=0) | UAV: air=5 rtb=0 chg=0 loiter=0 | TRACKS: vis=7 lost=1 engaged=0 | TOP: black_usv9(x220,085) black_usv3(x223,148) black_usv10(x223,607) | KILL=0 | ACTIONS=10 | INTENT: focus=2 ratio=0.20
[t=4,343s] step=230 | MISSION=NORMAL_C | USV: 5/5 (avail=0 int=5 lock=0 frz=0) | UAV: air=5 rtb=0 chg=0 loiter=0 | TRACKS: vis=8 lost=0 engaged=0 | TOP: black_usv9(x218,052) black_usv3(x221,318) black_usv10(x221,538) | KILL=0 | ACTIONS=10 | INTENT: focus=2 ratio=0.20
[t=4,543s] step=240 | MISSION=NORMAL_C | USV: 5/5 (avail=0 int=5 lock=0 frz=0) | UAV: air=5 rtb=0 chg=0 loiter=0 | TRACKS: vis=8 lost=0 engaged=0 | TOP: black_usv9(x216,061) black_usv3(x219,556) black_usv10(x219,557) | KILL=0 | ACTIONS=10 | INTENT: focus=2 ratio=0.20
[t=4,745s] step=250 | MISSION=NORMAL_C | USV: 5/5 (avail=0 int=5 lock=0 frz=0) | UAV: air=5 rtb=0 chg=0 loiter=0 | TRACKS: vis=8 lost=0 engaged=0 | TOP: black_usv9(x214,076) black_usv3(x217,760) black_usv10(x217,538) | KILL=0 | ACTIONS=10 | INTENT: focus=2 ratio=0.20
[t=4,942s] step=260 | MISSION=NORMAL_C | USV: 5/5 (avail=0 int=5 lock=0 frz=0) | UAV: air=5 rtb=0 chg=0 loiter=0 | TRACKS: vis=8 lost=0 engaged=0 | TOP: black_usv9(x212,107) black_usv3(x216,018) black_usv10(x215,569) | KILL=0 | ACTIONS=10 | INTENT: focus=2 ratio=0.20
[t=5,128s] step=270 | MISSION=NORMAL_C | USV: 5/5 (avail=0 int=5 lock=0 frz=0) | UAV: air=5 rtb=0 chg=0 loiter=0 | TRACKS: vis=7 lost=1 engaged=0 | TOP: black_usv3(x214,374) black_usv10(x213,710) black_usv9(x210,285) | KILL=0 | ACTIONS=10 | INTENT: focus=2 ratio=0.20
[t=5,329s] step=280 | MISSION=NORMAL_C | USV: 5/5 (avail=0 int=5 lock=0 frz=0) | UAV: air=5 rtb=0 chg=0 loiter=0 | TRACKS: vis=7 lost=1 engaged=0 | TOP: black_usv3(x212,603) black_usv10(x211,708) black_usv9(x208,273) | KILL=0 | ACTIONS=10 | INTENT: focus=2 ratio=0.20
[t=5,529s] step=290 | MISSION=NORMAL_C | USV: 5/5 (avail=0 int=5 lock=0 frz=0) | UAV: air=5 rtb=0 chg=0 loiter=0 | TRACKS: vis=5 lost=3 engaged=0 | TOP: black_usv3(x210,834) black_usv10(x209,702) black_usv9(x206,283) | KILL=0 | ACTIONS=10 | INTENT: focus=2 ratio=0.20
[t=5,727s] step=300 | MISSION=NORMAL_C | USV: 5/5 (avail=0 int=5 lock=0 frz=0) | UAV: air=5 rtb=0 chg=0 loiter=0 | TRACKS: vis=5 lost=2 engaged=0 | TOP: black_usv10(x207,718) black_usv9(x204,333) black_usv5(x206,279) | KILL=0 | ACTIONS=10 | INTENT: focus=2 ratio=0.20
[t=5,933s] step=310 | MISSION=NORMAL_C | USV: 5/5 (avail=0 int=5 lock=0 frz=0) | UAV: air=5 rtb=0 chg=0 loiter=0 | TRACKS: vis=3 lost=4 engaged=0 | TOP: black_usv10(x205,659) black_usv9(x202,271) black_usv5(x204,222) | KILL=0 | ACTIONS=10 | INTENT: focus=2 ratio=0.20
[t=6,140s] step=320 | MISSION=NORMAL_C | USV: 5/5 (avail=0 int=5 lock=0 frz=0) | UAV: air=5 rtb=0 chg=0 loiter=0 | TRACKS: vis=6 lost=1 engaged=0 | TOP: black_usv10(x203,591) black_usv9(x200,368) black_usv8(x202,825) | KILL=0 | ACTIONS=10 | INTENT: focus=2 ratio=0.20
[t=6,346s] step=330 | MISSION=NORMAL_C | USV: 5/5 (avail=0 int=5 lock=0 frz=0) | UAV: air=5 rtb=0 chg=0 loiter=0 | TRACKS: vis=6 lost=1 engaged=0 | TOP: black_usv10(x201,538) black_usv9(x198,308) black_usv8(x201,097) | KILL=0 | ACTIONS=10 | INTENT: focus=2 ratio=0.20
[t=6,550s] step=340 | MISSION=NORMAL_C | USV: 5/5 (avail=0 int=5 lock=0 frz=0) | UAV: air=5 rtb=0 chg=0 loiter=0 | TRACKS: vis=6 lost=1 engaged=0 | TOP: black_usv10(x199,490) black_usv9(x196,574) black_usv8(x199,050) | KILL=0 | ACTIONS=10 | INTENT: focus=2 ratio=0.20
[t=6,752s] step=350 | MISSION=NORMAL_C | USV: 5/5 (avail=0 int=5 lock=0 frz=0) | UAV: air=5 rtb=0 chg=0 loiter=0 | TRACKS: vis=5 lost=2 engaged=0 | TOP: black_usv10(x197,474) black_usv9(x194,554) black_usv8(x197,030) | KILL=0 | ACTIONS=10 | INTENT: focus=2 ratio=0.20
[t=6,968s] step=360 | MISSION=NORMAL_C | USV: 5/5 (avail=0 int=5 lock=0 frz=0) | UAV: air=5 rtb=0 chg=0 loiter=0 | TRACKS: vis=6 lost=1 engaged=0 | TOP: black_usv10(x195,309) black_usv9(x192,501) black_usv8(x194,913) | KILL=0 | ACTIONS=10 | INTENT: focus=2 ratio=0.20
[t=7,169s] step=370 | MISSION=NORMAL_C | USV: 5/5 (avail=0 int=5 lock=0 frz=0) | UAV: air=5 rtb=0 chg=0 loiter=0 | TRACKS: vis=7 lost=0 engaged=0 | TOP: black_usv10(x193,300) black_usv9(x190,487) black_usv8(x193,002) | KILL=0 | ACTIONS=10 | INTENT: focus=2 ratio=0.20
[t=7,378s] step=380 | MISSION=NORMAL_C | USV: 5/5 (avail=0 int=5 lock=0 frz=0) | UAV: air=5 rtb=0 chg=0 loiter=0 | TRACKS: vis=7 lost=0 engaged=0 | TOP: black_usv10(x191,218) black_usv9(x188,512) black_usv5(x191,188) | KILL=0 | ACTIONS=10 | INTENT: focus=2 ratio=0.20
      [ASSIGN] white_usv2->black_usv4(机会锁定)
      [ASSIGN] white_usv4->black_usv9(机会锁定)
      [DETECT] black_usv3
      [ASSIGN] white_usv3->black_usv6(机会锁定)
[t=7,590s] step=390 | MISSION=NORMAL_C | USV: 5/5 (avail=0 int=0 lock=5 frz=0) | UAV: air=5 rtb=0 chg=0 loiter=0 | TRACKS: vis=8 lost=0 engaged=3 | TOP: black_usv3(x193,368) black_usv10(x189,098) black_usv8(x188,960) | KILL=0 | ACTIONS=10 | INTENT: focus=2 ratio=0.20
      [ASSIGN] white_usv1->black_usv5(机会锁定)
[t=7,809s] step=400 | MISSION=NORMAL_C | USV: 5/5 (avail=0 int=0 lock=5 frz=0) | UAV: air=5 rtb=0 chg=0 loiter=0 | TRACKS: vis=7 lost=1 engaged=4 | TOP: black_usv3(x191,169) black_usv10(x186,903) black_usv8(x186,774) | KILL=0 | ACTIONS=10 | INTENT: focus=2 ratio=0.20
      [ASSIGN] white_usv4->black_usv8(机会锁定)
      [ASSIGN] white_usv5->black_usv9(机会锁定)
      [ASSIGN] white_usv3->black_usv7(机会锁定)
[t=8,024s] step=410 | MISSION=NORMAL_C | USV: 5/5 (avail=0 int=0 lock=5 frz=0) | UAV: air=5 rtb=0 chg=0 loiter=0 | TRACKS: vis=7 lost=0 engaged=5 | TOP: black_usv10(x184,758) black_usv6(x186,172) black_usv4(x180,843) | KILL=1 | ACTIONS=10 | INTENT: focus=2 ratio=0.20
      [ASSIGN] white_usv1->black_usv4(机会锁定)
      [ASSIGN] white_usv4->black_usv6(机会锁定)
      [ASSIGN] white_usv5->black_usv8(机会锁定)
      [ASSIGN] white_usv4->black_usv8(机会锁定)
[t=8,233s] step=420 | MISSION=NORMAL_C | USV: 5/5 (avail=0 int=0 lock=5 frz=0) | UAV: air=5 rtb=0 chg=0 loiter=0 | TRACKS: vis=7 lost=0 engaged=3 | TOP: black_usv10(x182,703) black_usv9(x183,811) black_usv5(x184,292) | KILL=2 | ACTIONS=10 | INTENT: focus=2 ratio=0.20
      [ASSIGN] white_usv3->black_usv6(机会锁定)
      [DETECT] black_usv2
      [DETECT] black_usv3
      [ASSIGN] white_usv3->black_usv9(机会锁定)
      [ASSIGN] white_usv3->black_usv6(机会锁定)
      [ASSIGN] white_usv3->black_usv9(机会锁定)
      [ASSIGN] white_usv3->black_usv6(机会锁定)
      [ASSIGN] white_usv3->black_usv9(机会锁定)
      [ASSIGN] white_usv3->black_usv6(机会锁定)
      [ASSIGN] white_usv1->black_usv5(机会锁定)
      [ASSIGN] white_usv3->black_usv9(机会锁定)
      [ASSIGN] white_usv3->black_usv6(机会锁定)
      [ASSIGN] white_usv3->black_usv9(机会锁定)
[t=8,450s] step=430 | MISSION=NORMAL_C | USV: 5/5 (avail=0 int=2 lock=3 frz=0) | UAV: air=5 rtb=0 chg=0 loiter=0 | TRACKS: vis=9 lost=0 engaged=2 | TOP: black_usv3(x184,986) black_usv2(x194,623) black_usv10(x180,530) | KILL=3 | ACTIONS=10 | INTENT: focus=2 ratio=0.20
      [KILL] black_usv6
      [ASSIGN] white_usv3->black_usv7(机会锁定)
      [ASSIGN] white_usv5->black_usv9(机会锁定)
      [ASSIGN] white_usv4->black_usv9(机会锁定)
      [ASSIGN] white_usv5->black_usv8(机会锁定)
      [ASSIGN] white_usv4->black_usv8(机会锁定)
      [ASSIGN] white_usv5->black_usv9(机会锁定)
      [ASSIGN] white_usv4->black_usv9(机会锁定)
      [ASSIGN] white_usv5->black_usv8(机会锁定)
      [ASSIGN] white_usv4->black_usv8(机会锁定)
      [ASSIGN] white_usv5->black_usv9(机会锁定)
      [ASSIGN] white_usv4->black_usv9(机会锁定)
      [ASSIGN] white_usv5->black_usv8(机会锁定)
      [ASSIGN] white_usv4->black_usv8(机会锁定)
      [ASSIGN] white_usv5->black_usv4(机会锁定)
      [ASSIGN] white_usv5->black_usv8(机会锁定)
      [ASSIGN] white_usv2->black_usv5(机会锁定)
      [ASSIGN] white_usv5->black_usv4(机会锁定)
[t=8,673s] step=440 | MISSION=NORMAL_C | USV: 5/5 (avail=0 int=2 lock=3 frz=0) | UAV: air=5 rtb=0 chg=0 loiter=0 | TRACKS: vis=8 lost=0 engaged=2 | TOP: black_usv2(x192,444) black_usv4(x180,153) black_usv3(x183,040) | KILL=4 | ACTIONS=10 | INTENT: focus=2 ratio=0.20
      [ASSIGN] white_usv1->black_usv4(机会锁定)
      [DETECT] black_usv1
      [ASSIGN] white_usv5->black_usv8(机会锁定)
      [ASSIGN] white_usv1->black_usv5(机会锁定)
      [ASSIGN] white_usv5->black_usv4(机会锁定)
      [KILL] black_usv9
      [ASSIGN] white_usv3->black_usv10(机会锁定)
[t=8,891s] step=450 | MISSION=NORMAL_C | USV: 5/5 (avail=0 int=2 lock=3 frz=0) | UAV: air=5 rtb=0 chg=0 loiter=0 | TRACKS: vis=7 lost=1 engaged=2 | TOP: black_usv2(x190,366) black_usv1(x198,242) black_usv3(x181,514) | KILL=5 | ACTIONS=10 | INTENT: focus=2 ratio=0.20
      [ASSIGN] white_usv2->black_usv4(机会锁定)
      [ASSIGN] white_usv2->black_usv5(机会锁定)
      [KILL] black_usv4
      [RELEASE] white_usv5->black_usv4(目标失效)
      [ASSIGN] white_usv4->black_usv7(机会锁定)
      [ASSIGN] white_usv4->black_usv8(机会锁定)
      [ASSIGN] white_usv5->black_usv2
      [ASSIGN] white_usv4->black_usv7(机会锁定)
      [ASSIGN] white_usv4->black_usv8(机会锁定)
      [KILL] black_usv8
      [ASSIGN] white_usv3->black_usv7(机会锁定)
      [RELEASE] white_usv4->black_usv8(目标失效)
      [ASSIGN] white_usv4->black_usv7(机会锁定)
[t=9,109s] step=460 | MISSION=NORMAL_C | USV: 5/5 (avail=0 int=5 lock=0 frz=0) | UAV: air=5 rtb=0 chg=0 loiter=0 | TRACKS: vis=3 lost=2 engaged=0 | TOP: black_usv1(x196,072) black_usv7(x183,572) black_usv2(x188,288) | KILL=6 | ACTIONS=10 | INTENT: focus=2 ratio=0.20
      [ASSIGN] white_usv3->black_usv10(机会锁定)
      [ASSIGN] white_usv4->black_usv10(机会锁定)
      [RELEASE] white_usv5->black_usv2(目标失效)
      [ASSIGN] white_usv5->black_usv1
[t=9,328s] step=470 | MISSION=NORMAL_C | USV: 5/5 (avail=0 int=3 lock=2 frz=0) | UAV: air=5 rtb=0 chg=0 loiter=0 | TRACKS: vis=3 lost=1 engaged=1 | TOP: black_usv7(x183,572) black_usv1(x193,882) black_usv10(x172,104) | KILL=6 | ACTIONS=10 | INTENT: focus=2 ratio=0.20
      [RELEASE] white_usv5->black_usv1(目标失效)
      [ASSIGN] white_usv5->black_usv7(机会锁定)
      [KILL] black_usv7
      [RELEASE] white_usv5->black_usv7(目标失效)
      [ASSIGN] white_usv5->black_usv5(机会锁定)
[t=9,554s] step=480 | MISSION=NORMAL_C | USV: 5/5 (avail=0 int=5 lock=0 frz=0) | UAV: air=5 rtb=0 chg=0 loiter=0 | TRACKS: vis=2 lost=0 engaged=0 | TOP: black_usv5(x179,447) black_usv10(x171,452) | KILL=7 | ACTIONS=10 | INTENT: focus=2 ratio=0.20
      [KILL] black_usv5
      [RELEASE] white_usv5->black_usv5(目标失效)
      [RELEASE] white_usv1->black_usv5(目标失效)
      [RELEASE] white_usv2->black_usv5(目标失效)
      [ASSIGN] white_usv5->black_usv10
[t=9,779s] step=490 | MISSION=NORMAL_C | USV: 5/5 (avail=2 int=3 lock=0 frz=0) | UAV: air=5 rtb=0 chg=0 loiter=0 | TRACKS: vis=1 lost=0 engaged=0 | TOP: black_usv10(x171,452) | KILL=7 | ACTIONS=10 | INTENT: focus=2 ratio=0.20
      [DETECT] black_usv3
      [ASSIGN] white_usv5->black_usv3(机会锁定)
      [ASSIGN] white_usv1->black_usv3(机会锁定)
      [ASSIGN] white_usv2->black_usv3(机会锁定)
      [ASSIGN] white_usv4->black_usv3(机会锁定)
      [ASSIGN] white_usv4->black_usv10(机会锁定)
[t=9,996s] step=500 | MISSION=NORMAL_C | USV: 5/5 (avail=0 int=3 lock=2 frz=0) | UAV: air=5 rtb=0 chg=0 loiter=0 | TRACKS: vis=2 lost=0 engaged=1 | TOP: black_usv3(x173,327) black_usv10(x171,452) | KILL=7 | ACTIONS=10 | INTENT: focus=2 ratio=0.20
      [KILL] black_usv10
      [RELEASE] white_usv3->black_usv10(目标失效)
      [RELEASE] white_usv4->black_usv10(目标失效)
[t=10,198s] step=510 | MISSION=NORMAL_C | USV: 5/5 (avail=2 int=1 lock=2 frz=0) | UAV: air=5 rtb=0 chg=0 loiter=0 | TRACKS: vis=1 lost=0 engaged=1 | TOP: black_usv3(x172,479) | KILL=7 | ACTIONS=10 | INTENT: focus=2 ratio=0.20
[t=10,408s] step=520 | MISSION=NORMAL_C | USV: 5/5 (avail=2 int=3 lock=0 frz=0) | UAV: air=5 rtb=0 chg=0 loiter=0 | TRACKS: vis=1 lost=0 engaged=0 | TOP: black_usv3(x172,218) | KILL=8 | ACTIONS=10 | INTENT: focus=2 ratio=0.20
[t=10,628s] step=530 | MISSION=NORMAL_C | USV: 5/5 (avail=2 int=3 lock=0 frz=0) | UAV: air=5 rtb=0 chg=0 loiter=0 | TRACKS: vis=1 lost=0 engaged=0 | TOP: black_usv3(x172,218) | KILL=8 | ACTIONS=10 | INTENT: focus=2 ratio=0.20
[t=10,846s] step=540 | MISSION=NORMAL_C | USV: 5/5 (avail=2 int=3 lock=0 frz=0) | UAV: air=5 rtb=0 chg=0 loiter=0 | TRACKS: vis=1 lost=0 engaged=0 | TOP: black_usv3(x172,218) | KILL=8 | ACTIONS=10 | INTENT: focus=2 ratio=0.20
      [KILL] black_usv3
      [RELEASE] white_usv5->black_usv3(目标失效)
      [RELEASE] white_usv1->black_usv3(目标失效)
      [RELEASE] white_usv2->black_usv3(目标失效)
[t=11,058s] step=550 | MISSION=NORMAL_C | USV: 5/5 (avail=5 int=0 lock=0 frz=0) | UAV: air=5 rtb=0 chg=0 loiter=0 | TRACKS: vis=0 lost=0 engaged=0 | TOP:  | KILL=8 | ACTIONS=10 | INTENT: focus=2 ratio=0.20
[t=11,261s] step=560 | MISSION=NORMAL_C | USV: 5/5 (avail=5 int=0 lock=0 frz=0) | UAV: air=5 rtb=0 chg=0 loiter=0 | TRACKS: vis=0 lost=0 engaged=0 | TOP:  | KILL=8 | ACTIONS=10 | INTENT: focus=2 ratio=0.20
[t=11,460s] step=570 | MISSION=NORMAL_C | USV: 5/5 (avail=5 int=0 lock=0 frz=0) | UAV: air=5 rtb=0 chg=0 loiter=0 | TRACKS: vis=0 lost=0 engaged=0 | TOP:  | KILL=8 | ACTIONS=10 | INTENT: focus=2 ratio=0.20
      [DETECT] black_usv2
      [ASSIGN] white_usv5->black_usv2(机会锁定)
      [ASSIGN] white_usv1->black_usv2(机会锁定)
      [ASSIGN] white_usv2->black_usv2(机会锁定)
[t=11,656s] step=580 | MISSION=NORMAL_C | USV: 5/5 (avail=2 int=1 lock=2 frz=0) | UAV: air=5 rtb=0 chg=0 loiter=0 | TRACKS: vis=1 lost=0 engaged=1 | TOP: black_usv2(x168,489) | KILL=8 | ACTIONS=10 | INTENT: focus=2 ratio=0.20
[t=11,859s] step=590 | MISSION=NORMAL_C | USV: 5/5 (avail=2 int=1 lock=2 frz=0) | UAV: air=5 rtb=0 chg=0 loiter=0 | TRACKS: vis=1 lost=0 engaged=1 | TOP: black_usv2(x167,519) | KILL=8 | ACTIONS=10 | INTENT: focus=2 ratio=0.20
[t=12,069s] step=600 | MISSION=NORMAL_C | USV: 5/5 (avail=2 int=0 lock=3 frz=0) | UAV: air=5 rtb=0 chg=0 loiter=0 | TRACKS: vis=1 lost=0 engaged=1 | TOP: black_usv2(x167,519) | KILL=8 | ACTIONS=10 | INTENT: focus=2 ratio=0.20
[t=12,282s] step=610 | MISSION=NORMAL_C | USV: 5/5 (avail=2 int=3 lock=0 frz=0) | UAV: air=5 rtb=0 chg=0 loiter=0 | TRACKS: vis=1 lost=0 engaged=0 | TOP: black_usv2(x167,380) | KILL=9 | ACTIONS=10 | INTENT: focus=2 ratio=0.20
[t=12,513s] step=620 | MISSION=NORMAL_C | USV: 5/5 (avail=2 int=3 lock=0 frz=0) | UAV: air=5 rtb=0 chg=0 loiter=0 | TRACKS: vis=1 lost=0 engaged=0 | TOP: black_usv2(x167,380) | KILL=9 | ACTIONS=10 | INTENT: focus=2 ratio=0.20
[t=12,749s] step=630 | MISSION=NORMAL_C | USV: 5/5 (avail=2 int=3 lock=0 frz=0) | UAV: air=5 rtb=0 chg=0 loiter=0 | TRACKS: vis=1 lost=0 engaged=0 | TOP: black_usv2(x167,380) | KILL=9 | ACTIONS=10 | INTENT: focus=2 ratio=0.20
      [KILL] black_usv2
      [RELEASE] white_usv5->black_usv2(目标失效)
      [RELEASE] white_usv1->black_usv2(目标失效)
      [RELEASE] white_usv2->black_usv2(目标失效)
[t=12,951s] step=640 | MISSION=NORMAL_C | USV: 5/5 (avail=5 int=0 lock=0 frz=0) | UAV: air=5 rtb=0 chg=0 loiter=0 | TRACKS: vis=0 lost=0 engaged=0 | TOP:  | KILL=9 | ACTIONS=10 | INTENT: focus=2 ratio=0.20
[t=13,143s] step=650 | MISSION=NORMAL_C | USV: 5/5 (avail=5 int=0 lock=0 frz=0) | UAV: air=5 rtb=0 chg=0 loiter=0 | TRACKS: vis=0 lost=0 engaged=0 | TOP:  | KILL=9 | ACTIONS=10 | INTENT: focus=2 ratio=0.20
[t=13,341s] step=660 | MISSION=NORMAL_C | USV: 5/5 (avail=5 int=0 lock=0 frz=0) | UAV: air=5 rtb=0 chg=0 loiter=0 | TRACKS: vis=0 lost=0 engaged=0 | TOP:  | KILL=9 | ACTIONS=10 | INTENT: focus=2 ratio=0.20
[t=13,544s] step=670 | MISSION=NORMAL_C | USV: 5/5 (avail=5 int=0 lock=0 frz=0) | UAV: air=5 rtb=0 chg=0 loiter=0 | TRACKS: vis=0 lost=0 engaged=0 | TOP:  | KILL=9 | ACTIONS=10 | INTENT: focus=2 ratio=0.20
[t=13,753s] step=680 | MISSION=NORMAL_C | USV: 5/5 (avail=5 int=0 lock=0 frz=0) | UAV: air=5 rtb=0 chg=0 loiter=0 | TRACKS: vis=0 lost=0 engaged=0 | TOP:  | KILL=9 | ACTIONS=10 | INTENT: focus=2 ratio=0.20
[t=13,960s] step=690 | MISSION=NORMAL_C | USV: 5/5 (avail=5 int=0 lock=0 frz=0) | UAV: air=5 rtb=0 chg=0 loiter=0 | TRACKS: vis=0 lost=0 engaged=0 | TOP:  | KILL=9 | ACTIONS=10 | INTENT: focus=2 ratio=0.20
[t=14,170s] step=700 | MISSION=NORMAL_C | USV: 5/5 (avail=5 int=0 lock=0 frz=0) | UAV: air=5 rtb=0 chg=0 loiter=0 | TRACKS: vis=0 lost=0 engaged=0 | TOP:  | KILL=9 | ACTIONS=10 | INTENT: focus=2 ratio=0.20
[t=14,375s] step=710 | MISSION=NORMAL_C | USV: 5/5 (avail=5 int=0 lock=0 frz=0) | UAV: air=5 rtb=0 chg=0 loiter=0 | TRACKS: vis=0 lost=0 engaged=0 | TOP:  | KILL=9 | ACTIONS=10 | INTENT: focus=2 ratio=0.20
[t=14,572s] step=720 | MISSION=NORMAL_C | USV: 5/5 (avail=5 int=0 lock=0 frz=0) | UAV: air=5 rtb=0 chg=0 loiter=0 | TRACKS: vis=0 lost=0 engaged=0 | TOP:  | KILL=9 | ACTIONS=10 | INTENT: focus=2 ratio=0.20
[t=14,779s] step=730 | MISSION=NORMAL_C | USV: 5/5 (avail=5 int=0 lock=0 frz=0) | UAV: air=5 rtb=0 chg=0 loiter=0 | TRACKS: vis=0 lost=0 engaged=0 | TOP:  | KILL=9 | ACTIONS=10 | INTENT: focus=2 ratio=0.20
[t=14,961s] step=740 | MISSION=NORMAL_C | USV: 5/5 (avail=5 int=0 lock=0 frz=0) | UAV: air=5 rtb=0 chg=0 loiter=0 | TRACKS: vis=0 lost=0 engaged=0 | TOP:  | KILL=9 | ACTIONS=10 | INTENT: focus=2 ratio=0.20
[t=15,148s] step=750 | MISSION=NORMAL_C | USV: 5/5 (avail=5 int=0 lock=0 frz=0) | UAV: air=5 rtb=0 chg=0 loiter=0 | TRACKS: vis=0 lost=0 engaged=0 | TOP:  | KILL=9 | ACTIONS=10 | INTENT: focus=2 ratio=0.20
[t=15,341s] step=760 | MISSION=NORMAL_C | USV: 5/5 (avail=5 int=0 lock=0 frz=0) | UAV: air=5 rtb=0 chg=0 loiter=0 | TRACKS: vis=0 lost=0 engaged=0 | TOP:  | KILL=9 | ACTIONS=10 | INTENT: focus=2 ratio=0.20
[t=15,540s] step=770 | MISSION=NORMAL_C | USV: 5/5 (avail=5 int=0 lock=0 frz=0) | UAV: air=5 rtb=0 chg=0 loiter=0 | TRACKS: vis=0 lost=0 engaged=0 | TOP:  | KILL=9 | ACTIONS=10 | INTENT: focus=2 ratio=0.20
[t=15,744s] step=780 | MISSION=NORMAL_C | USV: 5/5 (avail=5 int=0 lock=0 frz=0) | UAV: air=5 rtb=0 chg=0 loiter=0 | TRACKS: vis=0 lost=0 engaged=0 | TOP:  | KILL=9 | ACTIONS=10 | INTENT: focus=2 ratio=0.20
[t=15,952s] step=790 | MISSION=NORMAL_C | USV: 5/5 (avail=5 int=0 lock=0 frz=0) | UAV: air=5 rtb=0 chg=0 loiter=0 | TRACKS: vis=0 lost=0 engaged=0 | TOP:  | KILL=9 | ACTIONS=10 | INTENT: focus=2 ratio=0.20
[t=16,153s] step=800 | MISSION=NORMAL_C | USV: 5/5 (avail=5 int=0 lock=0 frz=0) | UAV: air=5 rtb=0 chg=0 loiter=0 | TRACKS: vis=0 lost=0 engaged=0 | TOP:  | KILL=9 | ACTIONS=10 | INTENT: focus=2 ratio=0.20
[t=16,354s] step=810 | MISSION=NORMAL_C | USV: 5/5 (avail=5 int=0 lock=0 frz=0) | UAV: air=5 rtb=0 chg=0 loiter=0 | TRACKS: vis=0 lost=0 engaged=0 | TOP:  | KILL=9 | ACTIONS=10 | INTENT: focus=2 ratio=0.20
[t=16,558s] step=820 | MISSION=NORMAL_C | USV: 5/5 (avail=5 int=0 lock=0 frz=0) | UAV: air=5 rtb=0 chg=0 loiter=0 | TRACKS: vis=0 lost=0 engaged=0 | TOP:  | KILL=9 | ACTIONS=10 | INTENT: focus=2 ratio=0.20
[t=16,768s] step=830 | MISSION=NORMAL_C | USV: 5/5 (avail=5 int=0 lock=0 frz=0) | UAV: air=5 rtb=0 chg=0 loiter=0 | TRACKS: vis=0 lost=0 engaged=0 | TOP:  | KILL=9 | ACTIONS=10 | INTENT: focus=2 ratio=0.20
[t=16,979s] step=840 | MISSION=NORMAL_C | USV: 5/5 (avail=5 int=0 lock=0 frz=0) | UAV: air=5 rtb=0 chg=0 loiter=0 | TRACKS: vis=0 lost=0 engaged=0 | TOP:  | KILL=9 | ACTIONS=10 | INTENT: focus=2 ratio=0.20
      [DETECT] black_usv1
      [ASSIGN] white_usv5->black_usv1
      [ASSIGN] white_usv2->black_usv1
      [ASSIGN] white_usv1->black_usv1
[t=17,192s] step=850 | MISSION=NORMAL_C | USV: 5/5 (avail=2 int=3 lock=0 frz=0) | UAV: air=5 rtb=0 chg=0 loiter=0 | TRACKS: vis=1 lost=0 engaged=0 | TOP: black_usv1(x126,379) | KILL=9 | ACTIONS=10 | INTENT: focus=2 ratio=0.20
[t=17,409s] step=860 | MISSION=NORMAL_C | USV: 5/5 (avail=2 int=3 lock=0 frz=0) | UAV: air=5 rtb=0 chg=0 loiter=0 | TRACKS: vis=0 lost=1 engaged=0 | TOP: black_usv1(x124,515) | KILL=9 | ACTIONS=10 | INTENT: focus=2 ratio=0.20
[t=17,628s] step=870 | MISSION=NORMAL_C | USV: 5/5 (avail=2 int=3 lock=0 frz=0) | UAV: air=5 rtb=0 chg=0 loiter=0 | TRACKS: vis=0 lost=1 engaged=0 | TOP: black_usv1(x122,325) | KILL=9 | ACTIONS=10 | INTENT: focus=2 ratio=0.20
      [RELEASE] white_usv5->black_usv1(目标失效)
      [RELEASE] white_usv1->black_usv1(目标失效)
      [RELEASE] white_usv2->black_usv1(目标失效)
[t=17,835s] step=880 | MISSION=NORMAL_C | USV: 4/5 (avail=4 int=0 lock=0 frz=0) | UAV: air=5 rtb=0 chg=0 loiter=0 | TRACKS: vis=0 lost=0 engaged=0 | TOP:  | KILL=9 | ACTIONS=9 | INTENT: focus=2 ratio=0.20
[t=18,044s] step=890 | MISSION=NORMAL_C | USV: 4/5 (avail=4 int=0 lock=0 frz=0) | UAV: air=5 rtb=0 chg=0 loiter=0 | TRACKS: vis=0 lost=0 engaged=0 | TOP:  | KILL=9 | ACTIONS=9 | INTENT: focus=2 ratio=0.20
[t=18,253s] step=900 | MISSION=NORMAL_C | USV: 4/5 (avail=4 int=0 lock=0 frz=0) | UAV: air=5 rtb=0 chg=0 loiter=0 | TRACKS: vis=0 lost=0 engaged=0 | TOP:  | KILL=9 | ACTIONS=9 | INTENT: focus=2 ratio=0.20
[t=18,457s] step=910 | MISSION=NORMAL_C | USV: 3/5 (avail=3 int=0 lock=0 frz=0) | UAV: air=5 rtb=0 chg=0 loiter=0 | TRACKS: vis=0 lost=0 engaged=0 | TOP:  | KILL=9 | ACTIONS=8 | INTENT: focus=2 ratio=0.20
[t=18,656s] step=920 | MISSION=NORMAL_C | USV: 3/5 (avail=3 int=0 lock=0 frz=0) | UAV: air=5 rtb=0 chg=0 loiter=0 | TRACKS: vis=0 lost=0 engaged=0 | TOP:  | KILL=9 | ACTIONS=8 | INTENT: focus=2 ratio=0.20
[t=18,857s] step=930 | MISSION=NORMAL_C | USV: 3/5 (avail=3 int=0 lock=0 frz=0) | UAV: air=5 rtb=0 chg=0 loiter=0 | TRACKS: vis=0 lost=0 engaged=0 | TOP:  | KILL=9 | ACTIONS=8 | INTENT: focus=2 ratio=0.20
[t=19,053s] step=940 | MISSION=NORMAL_C | USV: 3/5 (avail=3 int=0 lock=0 frz=0) | UAV: air=5 rtb=0 chg=0 loiter=0 | TRACKS: vis=0 lost=0 engaged=0 | TOP:  | KILL=9 | ACTIONS=8 | INTENT: focus=2 ratio=0.20
[t=19,256s] step=950 | MISSION=NORMAL_C | USV: 3/5 (avail=3 int=0 lock=0 frz=0) | UAV: air=5 rtb=0 chg=0 loiter=0 | TRACKS: vis=0 lost=0 engaged=0 | TOP:  | KILL=9 | ACTIONS=8 | INTENT: focus=2 ratio=0.20
[t=19,465s] step=960 | MISSION=NORMAL_C | USV: 3/5 (avail=3 int=0 lock=0 frz=0) | UAV: air=5 rtb=0 chg=0 loiter=0 | TRACKS: vis=0 lost=0 engaged=0 | TOP:  | KILL=9 | ACTIONS=8 | INTENT: focus=2 ratio=0.20
[t=19,670s] step=970 | MISSION=NORMAL_C | USV: 3/5 (avail=3 int=0 lock=0 frz=0) | UAV: air=5 rtb=0 chg=0 loiter=0 | TRACKS: vis=0 lost=0 engaged=0 | TOP:  | KILL=9 | ACTIONS=8 | INTENT: focus=2 ratio=0.20
[t=19,875s] step=980 | MISSION=NORMAL_C | USV: 3/5 (avail=3 int=0 lock=0 frz=0) | UAV: air=5 rtb=0 chg=0 loiter=0 | TRACKS: vis=0 lost=0 engaged=0 | TOP:  | KILL=9 | ACTIONS=8 | INTENT: focus=2 ratio=0.20
[t=20,076s] step=990 | MISSION=NORMAL_C | USV: 3/5 (avail=3 int=0 lock=0 frz=0) | UAV: air=5 rtb=0 chg=0 loiter=0 | TRACKS: vis=0 lost=0 engaged=0 | TOP:  | KILL=9 | ACTIONS=8 | INTENT: focus=2 ratio=0.20
      [DETECT] black_usv1
      [ASSIGN] white_usv5->black_usv1
      [ASSIGN] white_usv1->black_usv1
      [ASSIGN] white_usv2->black_usv1
[t=20,280s] step=1000 | MISSION=NORMAL_C | USV: 3/5 (avail=0 int=3 lock=0 frz=0) | UAV: air=5 rtb=0 chg=0 loiter=0 | TRACKS: vis=1 lost=0 engaged=0 | TOP: black_usv1(x101,787) | KILL=9 | ACTIONS=8 | INTENT: focus=2 ratio=0.20
[t=20,485s] step=1010 | MISSION=NORMAL_C | USV: 3/5 (avail=0 int=3 lock=0 frz=0) | UAV: air=5 rtb=0 chg=0 loiter=0 | TRACKS: vis=0 lost=1 engaged=0 | TOP: black_usv1(x100,193) | KILL=9 | ACTIONS=8 | INTENT: focus=2 ratio=0.20
[t=20,693s] step=1020 | MISSION=NORMAL_C | USV: 3/5 (avail=0 int=3 lock=0 frz=0) | UAV: air=5 rtb=0 chg=0 loiter=0 | TRACKS: vis=0 lost=1 engaged=0 | TOP: black_usv1(x98,577) | KILL=9 | ACTIONS=8 | INTENT: focus=2 ratio=0.20
      [RELEASE] white_usv5->black_usv1(目标失效)
      [RELEASE] white_usv1->black_usv1(目标失效)
      [RELEASE] white_usv2->black_usv1(目标失效)
[t=20,896s] step=1030 | MISSION=NORMAL_C | USV: 3/5 (avail=3 int=0 lock=0 frz=0) | UAV: air=5 rtb=0 chg=0 loiter=0 | TRACKS: vis=0 lost=0 engaged=0 | TOP:  | KILL=9 | ACTIONS=8 | INTENT: focus=2 ratio=0.20
[t=21,097s] step=1040 | MISSION=NORMAL_C | USV: 3/5 (avail=3 int=0 lock=0 frz=0) | UAV: air=5 rtb=0 chg=0 loiter=0 | TRACKS: vis=0 lost=0 engaged=0 | TOP:  | KILL=9 | ACTIONS=8 | INTENT: focus=2 ratio=0.20
[t=21,290s] step=1050 | MISSION=NORMAL_C | USV: 3/5 (avail=3 int=0 lock=0 frz=0) | UAV: air=5 rtb=0 chg=0 loiter=0 | TRACKS: vis=0 lost=0 engaged=0 | TOP:  | KILL=9 | ACTIONS=7 | INTENT: focus=2 ratio=0.20
[t=21,484s] step=1060 | MISSION=NORMAL_C | USV: 2/5 (avail=2 int=0 lock=0 frz=0) | UAV: air=5 rtb=0 chg=0 loiter=0 | TRACKS: vis=0 lost=0 engaged=0 | TOP:  | KILL=9 | ACTIONS=7 | INTENT: focus=2 ratio=0.20
[t=21,676s] step=1070 | MISSION=NORMAL_C | USV: 0/5 (avail=0 int=0 lock=0 frz=0) | UAV: air=5 rtb=0 chg=0 loiter=0 | TRACKS: vis=0 lost=0 engaged=0 | TOP:  | KILL=9 | ACTIONS=5 | INTENT: focus=2 ratio=0.20
[t=21,864s] step=1080 | MISSION=NORMAL_C | USV: 0/5 (avail=0 int=0 lock=0 frz=0) | UAV: air=5 rtb=0 chg=0 loiter=0 | TRACKS: vis=0 lost=0 engaged=0 | TOP:  | KILL=9 | ACTIONS=5 | INTENT: focus=2 ratio=0.20
[t=22,048s] step=1090 | MISSION=NORMAL_C | USV: 0/5 (avail=0 int=0 lock=0 frz=0) | UAV: air=5 rtb=0 chg=0 loiter=0 | TRACKS: vis=0 lost=0 engaged=0 | TOP:  | KILL=9 | ACTIONS=5 | INTENT: focus=2 ratio=0.20
[t=22,228s] step=1100 | MISSION=NORMAL_C | USV: 0/5 (avail=0 int=0 lock=0 frz=0) | UAV: air=5 rtb=0 chg=0 loiter=0 | TRACKS: vis=0 lost=0 engaged=0 | TOP:  | KILL=9 | ACTIONS=5 | INTENT: focus=2 ratio=0.20
[t=22,399s] step=1110 | MISSION=NORMAL_C | USV: 0/5 (avail=0 int=0 lock=0 frz=0) | UAV: air=5 rtb=0 chg=0 loiter=0 | TRACKS: vis=0 lost=0 engaged=0 | TOP:  | KILL=9 | ACTIONS=5 | INTENT: focus=2 ratio=0.20
[t=22,586s] step=1120 | MISSION=NORMAL_C | USV: 0/5 (avail=0 int=0 lock=0 frz=0) | UAV: air=0 rtb=0 chg=0 loiter=5 | TRACKS: vis=0 lost=0 engaged=0 | TOP:  | KILL=9 | ACTIONS=5 | INTENT: focus=2 ratio=0.20
[t=22,775s] step=1130 | MISSION=NORMAL_C | USV: 0/5 (avail=0 int=0 lock=0 frz=0) | UAV: air=0 rtb=0 chg=0 loiter=5 | TRACKS: vis=0 lost=0 engaged=0 | TOP:  | KILL=9 | ACTIONS=5 | INTENT: focus=2 ratio=0.20
[t=22,966s] step=1140 | MISSION=NORMAL_C | USV: 0/5 (avail=0 int=0 lock=0 frz=0) | UAV: air=0 rtb=0 chg=0 loiter=5 | TRACKS: vis=0 lost=0 engaged=0 | TOP:  | KILL=9 | ACTIONS=5 | INTENT: focus=2 ratio=0.20
[t=23,156s] step=1150 | MISSION=NORMAL_C | USV: 0/5 (avail=0 int=0 lock=0 frz=0) | UAV: air=0 rtb=0 chg=0 loiter=5 | TRACKS: vis=0 lost=0 engaged=0 | TOP:  | KILL=9 | ACTIONS=5 | INTENT: focus=2 ratio=0.20
      [DETECT] black_usv1
[t=23,339s] step=1160 | MISSION=NORMAL_C | USV: 0/5 (avail=0 int=0 lock=0 frz=0) | UAV: air=0 rtb=0 chg=0 loiter=5 | TRACKS: vis=1 lost=0 engaged=0 | TOP: black_usv1(x78,025) | KILL=9 | ACTIONS=5 | INTENT: focus=2 ratio=0.20
[t=23,529s] step=1170 | MISSION=NORMAL_C | USV: 0/5 (avail=0 int=0 lock=0 frz=0) | UAV: air=0 rtb=0 chg=0 loiter=5 | TRACKS: vis=0 lost=1 engaged=0 | TOP: black_usv1(x76,544) | KILL=9 | ACTIONS=5 | INTENT: focus=2 ratio=0.20
[t=23,715s] step=1180 | MISSION=NORMAL_C | USV: 0/5 (avail=0 int=0 lock=0 frz=0) | UAV: air=0 rtb=0 chg=0 loiter=5 | TRACKS: vis=1 lost=0 engaged=0 | TOP: black_usv1(x75,100) | KILL=9 | ACTIONS=5 | INTENT: focus=2 ratio=0.20
[t=23,902s] step=1190 | MISSION=NORMAL_C | USV: 0/5 (avail=0 int=0 lock=0 frz=0) | UAV: air=0 rtb=0 chg=0 loiter=5 | TRACKS: vis=0 lost=1 engaged=0 | TOP: black_usv1(x73,646) | KILL=9 | ACTIONS=5 | INTENT: focus=2 ratio=0.20
[t=24,089s] step=1200 | MISSION=NORMAL_C | USV: 0/5 (avail=0 int=0 lock=0 frz=0) | UAV: air=0 rtb=0 chg=0 loiter=5 | TRACKS: vis=0 lost=1 engaged=0 | TOP: black_usv1(x71,983) | KILL=9 | ACTIONS=5 | INTENT: focus=2 ratio=0.20
[t=24,271s] step=1210 | MISSION=NORMAL_C | USV: 0/5 (avail=0 int=0 lock=0 frz=0) | UAV: air=0 rtb=0 chg=0 loiter=5 | TRACKS: vis=0 lost=1 engaged=0 | TOP: black_usv1(x70,163) | KILL=9 | ACTIONS=5 | INTENT: focus=2 ratio=0.20
[t=24,454s] step=1220 | MISSION=NORMAL_C | USV: 0/5 (avail=0 int=0 lock=0 frz=0) | UAV: air=0 rtb=0 chg=0 loiter=5 | TRACKS: vis=0 lost=0 engaged=0 | TOP:  | KILL=9 | ACTIONS=5 | INTENT: focus=2 ratio=0.20
[t=24,629s] step=1230 | MISSION=NORMAL_C | USV: 0/5 (avail=0 int=0 lock=0 frz=0) | UAV: air=0 rtb=0 chg=0 loiter=5 | TRACKS: vis=0 lost=0 engaged=0 | TOP:  | KILL=9 | ACTIONS=5 | INTENT: focus=2 ratio=0.20
[t=24,805s] step=1240 | MISSION=NORMAL_C | USV: 0/5 (avail=0 int=0 lock=0 frz=0) | UAV: air=0 rtb=0 chg=0 loiter=5 | TRACKS: vis=0 lost=0 engaged=0 | TOP:  | KILL=9 | ACTIONS=5 | INTENT: focus=2 ratio=0.20
[t=24,991s] step=1250 | MISSION=NORMAL_C | USV: 0/5 (avail=0 int=0 lock=0 frz=0) | UAV: air=0 rtb=0 chg=0 loiter=5 | TRACKS: vis=0 lost=0 engaged=0 | TOP:  | KILL=9 | ACTIONS=5 | INTENT: focus=2 ratio=0.20

========================================================================
对局结果: Result.Defeat — 我方所有单位被击毁
  击杀蓝舰: 9 | 命中: 18 | 我方USV损失: 5 | UAV损失: 5 | 突破: 0
[META] result=Result.Defeat victory_time=25177 first_detection=1842 first_lock=7464 first_kill=8472 enemy_kills=9 friendly_usv_losses=5 friendly_uav_losses=5 black_breakthrough=0 reacquire_attempts=100 reacquire_success=120 sensor_assisted_locks=70 low_conf_commitments=0 global_reacquire_entries=0 global_reacquire_success=0 coverage_collapse_events=135 active_clusters_max=0 coverage_quality_final=0.08 commander_source=default_intent commander_calls=0 commander_changes=0 commander_no_change=0 commander_parse_failures=0 commander_api_failures=0 commander_policy_failures=0 commander_avg_latency=0.0
Done
