========================================================================
HYBRID AGENT V5 — Variable-Cardinality Hierarchical Maritime Agent
  启用UAV: True | LLM_ENABLED: False
========================================================================
对局 69 开始
      [UAV RELAUNCH] white_uav5
      [UAV RELAUNCH] white_uav1
      [UAV RELAUNCH] white_uav4
      [UAV RELAUNCH] white_uav3
      [UAV RELAUNCH] white_uav2
[t=159s] step=10 | MISSION=NORMAL_C | USV: 5/5 (avail=5 int=0 lock=0 frz=0) | UAV: air=5 rtb=0 chg=0 loiter=0 | TRACKS: vis=0 lost=0 engaged=0 | TOP:  | KILL=0 | ACTIONS=10 | INTENT: focus=2 ratio=0.20
  [INTENT APPLIED]
    ThreatAllocator: focus 2 emergency 3 reserve_ratio 0.20 reserve_usvs None bias breakthrough_eta
    UAVManager: mode search_and_reacquire uav_priority []
[t=353s] step=20 | MISSION=NORMAL_C | USV: 5/5 (avail=5 int=0 lock=0 frz=0) | UAV: air=5 rtb=0 chg=0 loiter=0 | TRACKS: vis=0 lost=0 engaged=0 | TOP:  | KILL=0 | ACTIONS=10 | INTENT: focus=2 ratio=0.20
[t=541s] step=30 | MISSION=NORMAL_C | USV: 5/5 (avail=5 int=0 lock=0 frz=0) | UAV: air=5 rtb=0 chg=0 loiter=0 | TRACKS: vis=0 lost=0 engaged=0 | TOP:  | KILL=0 | ACTIONS=10 | INTENT: focus=2 ratio=0.20
[t=731s] step=40 | MISSION=NORMAL_C | USV: 5/5 (avail=5 int=0 lock=0 frz=0) | UAV: air=5 rtb=0 chg=0 loiter=0 | TRACKS: vis=0 lost=0 engaged=0 | TOP:  | KILL=0 | ACTIONS=10 | INTENT: focus=2 ratio=0.20
[t=908s] step=50 | MISSION=NORMAL_C | USV: 5/5 (avail=5 int=0 lock=0 frz=0) | UAV: air=5 rtb=0 chg=0 loiter=0 | TRACKS: vis=0 lost=0 engaged=0 | TOP:  | KILL=0 | ACTIONS=10 | INTENT: focus=2 ratio=0.20
[t=1,095s] step=60 | MISSION=NORMAL_C | USV: 5/5 (avail=5 int=0 lock=0 frz=0) | UAV: air=5 rtb=0 chg=0 loiter=0 | TRACKS: vis=0 lost=0 engaged=0 | TOP:  | KILL=0 | ACTIONS=10 | INTENT: focus=2 ratio=0.20
[t=1,279s] step=70 | MISSION=NORMAL_C | USV: 5/5 (avail=5 int=0 lock=0 frz=0) | UAV: air=5 rtb=0 chg=0 loiter=0 | TRACKS: vis=0 lost=0 engaged=0 | TOP:  | KILL=0 | ACTIONS=10 | INTENT: focus=2 ratio=0.20
[t=1,462s] step=80 | MISSION=NORMAL_C | USV: 5/5 (avail=5 int=0 lock=0 frz=0) | UAV: air=5 rtb=0 chg=0 loiter=0 | TRACKS: vis=0 lost=0 engaged=0 | TOP:  | KILL=0 | ACTIONS=10 | INTENT: focus=2 ratio=0.20
[t=1,654s] step=90 | MISSION=NORMAL_C | USV: 5/5 (avail=5 int=0 lock=0 frz=0) | UAV: air=5 rtb=0 chg=0 loiter=0 | TRACKS: vis=0 lost=0 engaged=0 | TOP:  | KILL=0 | ACTIONS=10 | INTENT: focus=2 ratio=0.20
      [DETECT] black_usv6
      [ASSIGN] white_usv4->black_usv6
      [ASSIGN] white_usv1->black_usv6
      [ASSIGN] white_usv3->black_usv6
[t=1,840s] step=100 | MISSION=NORMAL_C | USV: 5/5 (avail=5 int=0 lock=0 frz=0) | UAV: air=5 rtb=0 chg=0 loiter=0 | TRACKS: vis=1 lost=0 engaged=0 | TOP: black_usv6(x242,156) | KILL=0 | ACTIONS=10 | INTENT: focus=2 ratio=0.20
      [DETECT] black_usv7
      [DETECT] black_usv4
      [ASSIGN] white_usv5->black_usv7
      [ASSIGN] white_usv2->black_usv4
      [DETECT] black_usv5
      [DETECT] black_usv8
      [DETECT] black_usv9
      [DETECT] black_usv10
      [DETECT] black_usv2
      [DETECT] black_usv3
[t=2,024s] step=110 | MISSION=NORMAL_C | USV: 5/5 (avail=0 int=5 lock=0 frz=0) | UAV: air=5 rtb=0 chg=0 loiter=0 | TRACKS: vis=9 lost=0 engaged=0 | TOP: black_usv9(x240,705) black_usv8(x240,890) black_usv3(x241,840) | KILL=0 | ACTIONS=10 | INTENT: focus=2 ratio=0.20
[t=2,204s] step=120 | MISSION=NORMAL_C | USV: 5/5 (avail=0 int=5 lock=0 frz=0) | UAV: air=5 rtb=0 chg=0 loiter=0 | TRACKS: vis=8 lost=1 engaged=0 | TOP: black_usv9(x239,000) black_usv8(x239,204) black_usv3(x240,247) | KILL=0 | ACTIONS=10 | INTENT: focus=2 ratio=0.20
[t=2,371s] step=130 | MISSION=NORMAL_C | USV: 5/5 (avail=0 int=5 lock=0 frz=0) | UAV: air=5 rtb=0 chg=0 loiter=0 | TRACKS: vis=9 lost=0 engaged=0 | TOP: black_usv9(x237,420) black_usv8(x237,641) black_usv3(x238,771) | KILL=0 | ACTIONS=10 | INTENT: focus=2 ratio=0.20
[t=2,559s] step=140 | MISSION=NORMAL_C | USV: 5/5 (avail=0 int=5 lock=0 frz=0) | UAV: air=5 rtb=0 chg=0 loiter=0 | TRACKS: vis=8 lost=1 engaged=0 | TOP: black_usv9(x235,641) black_usv8(x235,881) black_usv3(x237,109) | KILL=0 | ACTIONS=10 | INTENT: focus=2 ratio=0.20
[t=2,745s] step=150 | MISSION=NORMAL_C | USV: 5/5 (avail=0 int=5 lock=0 frz=0) | UAV: air=5 rtb=0 chg=0 loiter=0 | TRACKS: vis=8 lost=0 engaged=0 | TOP: black_usv9(x233,878) black_usv8(x234,137) black_usv3(x235,462) | KILL=0 | ACTIONS=10 | INTENT: focus=2 ratio=0.20
[t=2,941s] step=160 | MISSION=NORMAL_C | USV: 5/5 (avail=0 int=5 lock=0 frz=0) | UAV: air=5 rtb=0 chg=0 loiter=0 | TRACKS: vis=7 lost=1 engaged=0 | TOP: black_usv9(x232,025) black_usv8(x232,303) black_usv3(x233,730) | KILL=0 | ACTIONS=10 | INTENT: focus=2 ratio=0.20
      [DETECT] black_usv1
[t=3,144s] step=170 | MISSION=NORMAL_C | USV: 5/5 (avail=0 int=5 lock=0 frz=0) | UAV: air=5 rtb=0 chg=0 loiter=0 | TRACKS: vis=9 lost=0 engaged=0 | TOP: black_usv9(x230,109) black_usv8(x230,408) black_usv3(x231,940) | KILL=0 | ACTIONS=10 | INTENT: focus=2 ratio=0.20
[t=3,345s] step=180 | MISSION=NORMAL_C | USV: 5/5 (avail=0 int=5 lock=0 frz=0) | UAV: air=5 rtb=0 chg=0 loiter=0 | TRACKS: vis=9 lost=0 engaged=0 | TOP: black_usv9(x228,199) black_usv8(x228,518) black_usv3(x230,155) | KILL=0 | ACTIONS=10 | INTENT: focus=2 ratio=0.20
[t=3,542s] step=190 | MISSION=NORMAL_C | USV: 5/5 (avail=0 int=5 lock=0 frz=0) | UAV: air=5 rtb=0 chg=0 loiter=0 | TRACKS: vis=9 lost=0 engaged=0 | TOP: black_usv9(x226,341) black_usv8(x226,680) black_usv3(x228,420) | KILL=0 | ACTIONS=10 | INTENT: focus=2 ratio=0.20
[t=3,741s] step=200 | MISSION=NORMAL_C | USV: 5/5 (avail=0 int=5 lock=0 frz=0) | UAV: air=5 rtb=0 chg=0 loiter=0 | TRACKS: vis=9 lost=0 engaged=0 | TOP: black_usv9(x224,450) black_usv8(x224,809) black_usv3(x226,652) | KILL=0 | ACTIONS=10 | INTENT: focus=2 ratio=0.20
[t=3,940s] step=210 | MISSION=NORMAL_C | USV: 5/5 (avail=0 int=5 lock=0 frz=0) | UAV: air=5 rtb=0 chg=0 loiter=0 | TRACKS: vis=9 lost=0 engaged=0 | TOP: black_usv9(x222,573) black_usv8(x222,953) black_usv3(x224,899) | KILL=0 | ACTIONS=10 | INTENT: focus=2 ratio=0.20
[t=4,141s] step=220 | MISSION=NORMAL_C | USV: 5/5 (avail=0 int=5 lock=0 frz=0) | UAV: air=5 rtb=0 chg=0 loiter=0 | TRACKS: vis=9 lost=0 engaged=0 | TOP: black_usv9(x220,670) black_usv8(x221,070) black_usv3(x223,121) | KILL=0 | ACTIONS=10 | INTENT: focus=2 ratio=0.20
[t=4,337s] step=230 | MISSION=NORMAL_C | USV: 5/5 (avail=0 int=5 lock=0 frz=0) | UAV: air=5 rtb=0 chg=0 loiter=0 | TRACKS: vis=9 lost=0 engaged=0 | TOP: black_usv9(x218,806) black_usv8(x219,226) black_usv3(x221,304) | KILL=0 | ACTIONS=10 | INTENT: focus=2 ratio=0.20
[t=4,519s] step=240 | MISSION=NORMAL_C | USV: 5/5 (avail=0 int=5 lock=0 frz=0) | UAV: air=5 rtb=0 chg=0 loiter=0 | TRACKS: vis=8 lost=1 engaged=0 | TOP: black_usv9(x217,087) black_usv8(x217,525) black_usv3(x219,488) | KILL=0 | ACTIONS=10 | INTENT: focus=2 ratio=0.20
[t=4,698s] step=250 | MISSION=NORMAL_C | USV: 5/5 (avail=0 int=5 lock=0 frz=0) | UAV: air=5 rtb=0 chg=0 loiter=0 | TRACKS: vis=8 lost=1 engaged=0 | TOP: black_usv9(x215,391) black_usv8(x215,844) black_usv1(x228,809) | KILL=0 | ACTIONS=10 | INTENT: focus=2 ratio=0.20
[t=4,892s] step=260 | MISSION=NORMAL_C | USV: 5/5 (avail=0 int=5 lock=0 frz=0) | UAV: air=5 rtb=0 chg=0 loiter=0 | TRACKS: vis=6 lost=2 engaged=0 | TOP: black_usv9(x213,555) black_usv8(x214,030) black_usv7(x211,114) | KILL=0 | ACTIONS=10 | INTENT: focus=2 ratio=0.20
[t=5,080s] step=270 | MISSION=NORMAL_C | USV: 5/5 (avail=0 int=5 lock=0 frz=0) | UAV: air=5 rtb=0 chg=0 loiter=0 | TRACKS: vis=6 lost=1 engaged=0 | TOP: black_usv9(x211,771) black_usv8(x212,272) black_usv7(x209,240) | KILL=0 | ACTIONS=10 | INTENT: focus=2 ratio=0.20
[t=5,289s] step=280 | MISSION=NORMAL_C | USV: 5/5 (avail=0 int=5 lock=0 frz=0) | UAV: air=5 rtb=0 chg=0 loiter=0 | TRACKS: vis=6 lost=0 engaged=0 | TOP: black_usv8(x210,318) black_usv7(x207,156) black_usv3(x213,956) | KILL=0 | ACTIONS=10 | INTENT: focus=2 ratio=0.20
[t=5,494s] step=290 | MISSION=NORMAL_C | USV: 5/5 (avail=0 int=5 lock=0 frz=0) | UAV: air=5 rtb=0 chg=0 loiter=0 | TRACKS: vis=6 lost=0 engaged=0 | TOP: black_usv8(x208,394) black_usv7(x205,105) black_usv3(x212,489) | KILL=0 | ACTIONS=10 | INTENT: focus=2 ratio=0.20
[t=5,702s] step=300 | MISSION=NORMAL_C | USV: 5/5 (avail=0 int=5 lock=0 frz=0) | UAV: air=5 rtb=0 chg=0 loiter=0 | TRACKS: vis=6 lost=0 engaged=0 | TOP: black_usv8(x206,444) black_usv7(x203,026) black_usv3(x211,003) | KILL=0 | ACTIONS=10 | INTENT: focus=2 ratio=0.20
[t=5,912s] step=310 | MISSION=NORMAL_C | USV: 5/5 (avail=0 int=5 lock=0 frz=0) | UAV: air=5 rtb=0 chg=0 loiter=0 | TRACKS: vis=6 lost=0 engaged=0 | TOP: black_usv8(x204,477) black_usv7(x200,927) black_usv3(x209,503) | KILL=0 | ACTIONS=10 | INTENT: focus=2 ratio=0.20
[t=6,122s] step=320 | MISSION=NORMAL_C | USV: 5/5 (avail=0 int=5 lock=0 frz=0) | UAV: air=5 rtb=0 chg=0 loiter=0 | TRACKS: vis=6 lost=0 engaged=0 | TOP: black_usv8(x202,511) black_usv7(x198,831) black_usv3(x208,005) | KILL=0 | ACTIONS=10 | INTENT: focus=2 ratio=0.20
[t=6,335s] step=330 | MISSION=NORMAL_C | USV: 5/5 (avail=0 int=5 lock=0 frz=0) | UAV: air=5 rtb=0 chg=0 loiter=0 | TRACKS: vis=6 lost=0 engaged=0 | TOP: black_usv8(x200,512) black_usv7(x196,700) black_usv3(x206,481) | KILL=0 | ACTIONS=10 | INTENT: focus=2 ratio=0.20
[t=6,551s] step=340 | MISSION=NORMAL_C | USV: 5/5 (avail=0 int=5 lock=0 frz=0) | UAV: air=5 rtb=0 chg=0 loiter=0 | TRACKS: vis=6 lost=0 engaged=0 | TOP: black_usv8(x198,498) black_usv7(x194,553) black_usv3(x204,946) | KILL=0 | ACTIONS=10 | INTENT: focus=2 ratio=0.20
[t=6,762s] step=350 | MISSION=NORMAL_C | USV: 5/5 (avail=0 int=5 lock=0 frz=0) | UAV: air=5 rtb=0 chg=0 loiter=0 | TRACKS: vis=6 lost=0 engaged=0 | TOP: black_usv8(x196,513) black_usv7(x192,436) black_usv3(x203,433) | KILL=0 | ACTIONS=10 | INTENT: focus=2 ratio=0.20
[t=6,973s] step=360 | MISSION=NORMAL_C | USV: 5/5 (avail=0 int=5 lock=0 frz=0) | UAV: air=5 rtb=0 chg=0 loiter=0 | TRACKS: vis=5 lost=1 engaged=0 | TOP: black_usv8(x194,442) black_usv7(x190,329) black_usv5(x197,355) | KILL=0 | ACTIONS=10 | INTENT: focus=2 ratio=0.20
[t=7,185s] step=370 | MISSION=NORMAL_C | USV: 5/5 (avail=0 int=5 lock=0 frz=0) | UAV: air=5 rtb=0 chg=0 loiter=0 | TRACKS: vis=6 lost=0 engaged=0 | TOP: black_usv8(x192,331) black_usv7(x188,216) black_usv5(x195,242) | KILL=0 | ACTIONS=10 | INTENT: focus=2 ratio=0.20
[t=7,403s] step=380 | MISSION=NORMAL_C | USV: 5/5 (avail=0 int=4 lock=1 frz=0) | UAV: air=5 rtb=0 chg=0 loiter=0 | TRACKS: vis=4 lost=2 engaged=1 | TOP: black_usv8(x190,147) black_usv7(x186,030) black_usv5(x193,056) | KILL=0 | ACTIONS=10 | INTENT: focus=2 ratio=0.20
      [ASSIGN] white_usv2->black_usv6(机会锁定)
      [ASSIGN] white_usv4->black_usv7(机会锁定)
[t=7,612s] step=390 | MISSION=NORMAL_C | USV: 5/5 (avail=0 int=0 lock=5 frz=0) | UAV: air=5 rtb=0 chg=0 loiter=0 | TRACKS: vis=5 lost=1 engaged=2 | TOP: black_usv8(x188,054) black_usv5(x190,972) black_usv3(x197,371) | KILL=0 | ACTIONS=10 | INTENT: focus=2 ratio=0.20
      [DETECT] black_usv1
      [DETECT] black_usv2
      [ASSIGN] white_usv1->black_usv5(机会锁定)
      [ASSIGN] white_usv3->black_usv7(机会锁定)
      [ASSIGN] white_usv2->black_usv4(机会锁定)
      [ASSIGN] white_usv2->black_usv6(机会锁定)
      [ASSIGN] white_usv4->black_usv6(机会锁定)
      [ASSIGN] white_usv3->black_usv6(机会锁定)
[t=7,832s] step=400 | MISSION=NORMAL_C | USV: 5/5 (avail=0 int=4 lock=1 frz=0) | UAV: air=5 rtb=0 chg=0 loiter=0 | TRACKS: vis=7 lost=0 engaged=1 | TOP: black_usv2(x204,194) black_usv1(x208,485) black_usv6(x184,735) | KILL=2 | ACTIONS=10 | INTENT: focus=2 ratio=0.20
      [ASSIGN] white_usv4->black_usv7(机会锁定)
      [ASSIGN] white_usv3->black_usv7(机会锁定)
      [ASSIGN] white_usv2->black_usv5(机会锁定)
      [ASSIGN] white_usv4->black_usv6(机会锁定)
      [ASSIGN] white_usv3->black_usv6(机会锁定)
      [ASSIGN] white_usv4->black_usv7(机会锁定)
      [ASSIGN] white_usv3->black_usv7(机会锁定)
      [ASSIGN] white_usv4->black_usv6(机会锁定)
      [ASSIGN] white_usv3->black_usv6(机会锁定)
      [ASSIGN] white_usv4->black_usv7(机会锁定)
      [ASSIGN] white_usv3->black_usv7(机会锁定)
      [ASSIGN] white_usv4->black_usv6(机会锁定)
      [ASSIGN] white_usv3->black_usv6(机会锁定)
      [ASSIGN] white_usv4->black_usv7(机会锁定)
      [ASSIGN] white_usv3->black_usv7(机会锁定)
      [ASSIGN] white_usv4->black_usv6(机会锁定)
      [ASSIGN] white_usv3->black_usv6(机会锁定)
      [ASSIGN] white_usv4->black_usv7(机会锁定)
      [ASSIGN] white_usv3->black_usv7(机会锁定)
      [ASSIGN] white_usv4->black_usv6(机会锁定)
      [ASSIGN] white_usv1->black_usv6(机会锁定)
      [ASSIGN] white_usv3->black_usv6(机会锁定)
[t=8,068s] step=410 | MISSION=NORMAL_C | USV: 5/5 (avail=0 int=4 lock=1 frz=0) | UAV: air=5 rtb=0 chg=0 loiter=0 | TRACKS: vis=7 lost=0 engaged=1 | TOP: black_usv6(x184,735) black_usv2(x202,748) black_usv1(x206,950) | KILL=2 | ACTIONS=10 | INTENT: focus=2 ratio=0.20
      [ASSIGN] white_usv4->black_usv7(机会锁定)
      [ASSIGN] white_usv1->black_usv4(机会锁定)
      [ASSIGN] white_usv3->black_usv7(机会锁定)
      [ASSIGN] white_usv4->black_usv6(机会锁定)
      [ASSIGN] white_usv3->black_usv6(机会锁定)
      [ASSIGN] white_usv4->black_usv7(机会锁定)
      [ASSIGN] white_usv3->black_usv7(机会锁定)
      [DETECT] black_usv8
      [ASSIGN] white_usv4->black_usv6(机会锁定)
      [ASSIGN] white_usv3->black_usv6(机会锁定)
      [ASSIGN] white_usv5->black_usv8(机会锁定)
      [ASSIGN] white_usv4->black_usv7(机会锁定)
      [ASSIGN] white_usv3->black_usv7(机会锁定)
      [ASSIGN] white_usv4->black_usv6(机会锁定)
      [ASSIGN] white_usv3->black_usv6(机会锁定)
      [ASSIGN] white_usv2->black_usv6(机会锁定)
      [ASSIGN] white_usv4->black_usv7(机会锁定)
      [ASSIGN] white_usv3->black_usv7(机会锁定)
      [ASSIGN] white_usv2->black_usv5(机会锁定)
      [ASSIGN] white_usv4->black_usv6(机会锁定)
      [ASSIGN] white_usv3->black_usv6(机会锁定)
      [ASSIGN] white_usv2->black_usv6(机会锁定)
      [ASSIGN] white_usv4->black_usv7(机会锁定)
      [ASSIGN] white_usv3->black_usv7(机会锁定)
      [ASSIGN] white_usv2->black_usv5(机会锁定)
      [KILL] black_usv7
      [RELEASE] white_usv4->black_usv7(目标失效)
      [ASSIGN] white_usv4->black_usv6(机会锁定)
      [RELEASE] white_usv3->black_usv7(目标失效)
      [ASSIGN] white_usv3->black_usv6(机会锁定)
      [ASSIGN] white_usv2->black_usv6(机会锁定)
[t=8,309s] step=420 | MISSION=NORMAL_C | USV: 5/5 (avail=0 int=3 lock=2 frz=0) | UAV: air=5 rtb=0 chg=0 loiter=0 | TRACKS: vis=7 lost=0 engaged=2 | TOP: black_usv6(x184,735) black_usv8(x181,133) black_usv2(x201,274) | KILL=3 | ACTIONS=10 | INTENT: focus=2 ratio=0.20
      [ASSIGN] white_usv4->black_usv5(机会锁定)
      [ASSIGN] white_usv3->black_usv5(机会锁定)
      [ASSIGN] white_usv2->black_usv5(机会锁定)
      [DETECT] black_usv9
      [ASSIGN] white_usv4->black_usv6(机会锁定)
      [ASSIGN] white_usv3->black_usv6(机会锁定)
      [ASSIGN] white_usv2->black_usv6(机会锁定)
      [KILL] black_usv6
      [RELEASE] white_usv4->black_usv6(目标失效)
      [ASSIGN] white_usv4->black_usv5(机会锁定)
      [RELEASE] white_usv3->black_usv6(目标失效)
      [ASSIGN] white_usv3->black_usv5(机会锁定)
      [RELEASE] white_usv2->black_usv6(目标失效)
      [ASSIGN] white_usv2->black_usv5(机会锁定)
      [ASSIGN] white_usv3->black_usv4(机会锁定)
      [ASSIGN] white_usv2->black_usv4(机会锁定)
      [ASSIGN] white_usv4->black_usv8(机会锁定)
      [ASSIGN] white_usv5->black_usv9(机会锁定)
[t=8,533s] step=430 | MISSION=NORMAL_C | USV: 5/5 (avail=0 int=0 lock=5 frz=0) | UAV: air=5 rtb=0 chg=0 loiter=0 | TRACKS: vis=5 lost=2 engaged=3 | TOP: black_usv9(x178,619) black_usv8(x179,443) black_usv2(x199,905) | KILL=3 | ACTIONS=10 | INTENT: focus=2 ratio=0.20
      [DETECT] black_usv2
      [KILL] black_usv5
[t=8,735s] step=440 | MISSION=NORMAL_C | USV: 4/5 (avail=0 int=2 lock=2 frz=0) | UAV: air=5 rtb=0 chg=0 loiter=0 | TRACKS: vis=6 lost=0 engaged=2 | TOP: black_usv2(x198,117) black_usv8(x179,443) black_usv1(x202,624) | KILL=4 | ACTIONS=9 | INTENT: focus=2 ratio=0.20
      [ASSIGN] white_usv5->black_usv8(机会锁定)
      [ASSIGN] white_usv4->black_usv9(机会锁定)
      [ASSIGN] white_usv5->black_usv9(机会锁定)
[t=8,946s] step=450 | MISSION=NORMAL_C | USV: 4/5 (avail=0 int=2 lock=2 frz=0) | UAV: air=5 rtb=0 chg=0 loiter=0 | TRACKS: vis=6 lost=0 engaged=1 | TOP: black_usv8(x179,433) black_usv2(x196,014) black_usv1(x201,260) | KILL=5 | ACTIONS=9 | INTENT: focus=2 ratio=0.20
      [ASSIGN] white_usv4->black_usv8(机会锁定)
      [ASSIGN] white_usv5->black_usv8(机会锁定)
[t=9,168s] step=460 | MISSION=NORMAL_C | USV: 4/5 (avail=0 int=4 lock=0 frz=0) | UAV: air=5 rtb=0 chg=0 loiter=0 | TRACKS: vis=6 lost=0 engaged=0 | TOP: black_usv8(x179,433) black_usv1(x199,815) black_usv2(x193,807) | KILL=6 | ACTIONS=9 | INTENT: focus=2 ratio=0.20
      [ASSIGN] white_usv4->black_usv9(机会锁定)
      [ASSIGN] white_usv5->black_usv9(机会锁定)
      [ASSIGN] white_usv4->black_usv8(机会锁定)
      [ASSIGN] white_usv5->black_usv8(机会锁定)
      [ASSIGN] white_usv4->black_usv9(机会锁定)
      [ASSIGN] white_usv5->black_usv9(机会锁定)
      [ASSIGN] white_usv4->black_usv8(机会锁定)
      [ASSIGN] white_usv5->black_usv8(机会锁定)
      [ASSIGN] white_usv4->black_usv9(机会锁定)
      [ASSIGN] white_usv5->black_usv9(机会锁定)
      [ASSIGN] white_usv4->black_usv8(机会锁定)
      [ASSIGN] white_usv5->black_usv8(机会锁定)
      [ASSIGN] white_usv4->black_usv9(机会锁定)
      [ASSIGN] white_usv5->black_usv9(机会锁定)
      [KILL] black_usv4
      [ASSIGN] white_usv4->black_usv8(机会锁定)
      [RELEASE] white_usv1->black_usv4(目标失效)
      [RELEASE] white_usv3->black_usv4(目标失效)
      [ASSIGN] white_usv5->black_usv8(机会锁定)
      [ASSIGN] white_usv4->black_usv9(机会锁定)
      [ASSIGN] white_usv1->black_usv2
      [ASSIGN] white_usv3->black_usv9
      [ASSIGN] white_usv5->black_usv9(机会锁定)
      [ASSIGN] white_usv4->black_usv8(机会锁定)
      [ASSIGN] white_usv5->black_usv8(机会锁定)
[t=9,396s] step=470 | MISSION=NORMAL_C | USV: 4/5 (avail=0 int=4 lock=0 frz=0) | UAV: air=5 rtb=0 chg=0 loiter=0 | TRACKS: vis=5 lost=0 engaged=0 | TOP: black_usv8(x179,433) black_usv1(x198,337) black_usv3(x182,172) | KILL=6 | ACTIONS=9 | INTENT: focus=2 ratio=0.20
      [KILL] black_usv8
      [RELEASE] white_usv4->black_usv8(目标失效)
      [ASSIGN] white_usv4->black_usv9(机会锁定)
      [RELEASE] white_usv5->black_usv8(目标失效)
      [ASSIGN] white_usv5->black_usv9(机会锁定)
      [ASSIGN] white_usv1->black_usv3(机会锁定)
[t=9,601s] step=480 | MISSION=NORMAL_C | USV: 4/5 (avail=0 int=3 lock=1 frz=0) | UAV: air=5 rtb=0 chg=0 loiter=0 | TRACKS: vis=4 lost=0 engaged=1 | TOP: black_usv1(x197,009) black_usv2(x189,946) black_usv3(x180,449) | KILL=6 | ACTIONS=9 | INTENT: focus=2 ratio=0.20
      [KILL] black_usv9
      [RELEASE] white_usv4->black_usv9(目标失效)
      [RELEASE] white_usv3->black_usv9(目标失效)
      [RELEASE] white_usv5->black_usv9(目标失效)
      [ASSIGN] white_usv4->black_usv2
      [ASSIGN] white_usv3->black_usv1
      [ASSIGN] white_usv5->black_usv3
[t=9,816s] step=490 | MISSION=NORMAL_C | USV: 4/5 (avail=0 int=4 lock=0 frz=0) | UAV: air=5 rtb=0 chg=0 loiter=0 | TRACKS: vis=3 lost=0 engaged=0 | TOP: black_usv1(x195,612) black_usv2(x187,853) black_usv3(x178,475) | KILL=6 | ACTIONS=9 | INTENT: focus=2 ratio=0.20
[t=10,012s] step=500 | MISSION=NORMAL_C | USV: 4/5 (avail=0 int=3 lock=1 frz=0) | UAV: air=5 rtb=0 chg=0 loiter=0 | TRACKS: vis=3 lost=0 engaged=1 | TOP: black_usv1(x194,346) black_usv2(x185,900) black_usv3(x178,475) | KILL=6 | ACTIONS=9 | INTENT: focus=2 ratio=0.20
[t=10,202s] step=510 | MISSION=NORMAL_C | USV: 4/5 (avail=0 int=3 lock=1 frz=0) | UAV: air=5 rtb=0 chg=0 loiter=0 | TRACKS: vis=3 lost=0 engaged=1 | TOP: black_usv1(x193,109) black_usv2(x184,021) black_usv3(x177,488) | KILL=6 | ACTIONS=9 | INTENT: focus=2 ratio=0.20
[t=10,388s] step=520 | MISSION=NORMAL_C | USV: 4/5 (avail=0 int=3 lock=1 frz=0) | UAV: air=5 rtb=0 chg=0 loiter=0 | TRACKS: vis=3 lost=0 engaged=1 | TOP: black_usv1(x191,900) black_usv2(x182,165) black_usv3(x175,625) | KILL=6 | ACTIONS=9 | INTENT: focus=2 ratio=0.20
      [ASSIGN] white_usv3->black_usv3(机会锁定)
[t=10,577s] step=530 | MISSION=NORMAL_C | USV: 4/5 (avail=0 int=4 lock=0 frz=0) | UAV: air=5 rtb=0 chg=0 loiter=0 | TRACKS: vis=3 lost=0 engaged=0 | TOP: black_usv1(x190,291) black_usv2(x180,283) black_usv3(x175,122) | KILL=7 | ACTIONS=9 | INTENT: focus=2 ratio=0.20
[t=10,776s] step=540 | MISSION=NORMAL_C | USV: 4/5 (avail=0 int=4 lock=0 frz=0) | UAV: air=5 rtb=0 chg=0 loiter=0 | TRACKS: vis=3 lost=0 engaged=0 | TOP: black_usv1(x188,551) black_usv2(x178,291) black_usv3(x175,122) | KILL=7 | ACTIONS=9 | INTENT: focus=2 ratio=0.20
[t=10,979s] step=550 | MISSION=NORMAL_C | USV: 4/5 (avail=0 int=4 lock=0 frz=0) | UAV: air=5 rtb=0 chg=0 loiter=0 | TRACKS: vis=3 lost=0 engaged=0 | TOP: black_usv1(x186,987) black_usv2(x176,317) black_usv3(x175,122) | KILL=7 | ACTIONS=9 | INTENT: focus=2 ratio=0.20
      [KILL] black_usv3
      [RELEASE] white_usv1->black_usv3(目标失效)
      [RELEASE] white_usv3->black_usv3(目标失效)
      [RELEASE] white_usv5->black_usv3(目标失效)
      [ASSIGN] white_usv1->black_usv2
      [ASSIGN] white_usv3->black_usv1
      [ASSIGN] white_usv5->black_usv1
[t=11,180s] step=560 | MISSION=NORMAL_C | USV: 4/5 (avail=0 int=4 lock=0 frz=0) | UAV: air=5 rtb=0 chg=0 loiter=0 | TRACKS: vis=2 lost=0 engaged=0 | TOP: black_usv2(x174,379) black_usv1(x185,069) | KILL=7 | ACTIONS=9 | INTENT: focus=2 ratio=0.20
[t=11,374s] step=570 | MISSION=NORMAL_C | USV: 4/5 (avail=0 int=4 lock=0 frz=0) | UAV: air=5 rtb=0 chg=0 loiter=0 | TRACKS: vis=1 lost=1 engaged=0 | TOP: black_usv1(x183,129) black_usv2(x172,450) | KILL=7 | ACTIONS=9 | INTENT: focus=2 ratio=0.20
[t=11,573s] step=580 | MISSION=NORMAL_C | USV: 4/5 (avail=0 int=4 lock=0 frz=0) | UAV: air=5 rtb=0 chg=0 loiter=0 | TRACKS: vis=2 lost=0 engaged=0 | TOP: black_usv2(x170,798) black_usv1(x181,141) | KILL=7 | ACTIONS=9 | INTENT: focus=2 ratio=0.20
      [ASSIGN] white_usv3->black_usv2(机会锁定)
[t=11,775s] step=590 | MISSION=NORMAL_C | USV: 4/5 (avail=0 int=3 lock=1 frz=0) | UAV: air=5 rtb=0 chg=0 loiter=0 | TRACKS: vis=2 lost=0 engaged=1 | TOP: black_usv1(x179,272) black_usv2(x169,223) | KILL=7 | ACTIONS=9 | INTENT: focus=2 ratio=0.20
[t=11,979s] step=600 | MISSION=NORMAL_C | USV: 4/5 (avail=0 int=2 lock=2 frz=0) | UAV: air=5 rtb=0 chg=0 loiter=0 | TRACKS: vis=2 lost=0 engaged=1 | TOP: black_usv1(x177,245) black_usv2(x167,638) | KILL=7 | ACTIONS=9 | INTENT: focus=2 ratio=0.20
[t=12,182s] step=610 | MISSION=NORMAL_C | USV: 4/5 (avail=0 int=4 lock=0 frz=0) | UAV: air=5 rtb=0 chg=0 loiter=0 | TRACKS: vis=2 lost=0 engaged=0 | TOP: black_usv1(x175,210) black_usv2(x167,638) | KILL=8 | ACTIONS=9 | INTENT: focus=2 ratio=0.20
[t=12,400s] step=620 | MISSION=NORMAL_C | USV: 4/5 (avail=0 int=4 lock=0 frz=0) | UAV: air=5 rtb=0 chg=0 loiter=0 | TRACKS: vis=2 lost=0 engaged=0 | TOP: black_usv1(x174,047) black_usv2(x167,638) | KILL=8 | ACTIONS=9 | INTENT: focus=2 ratio=0.20
      [KILL] black_usv2
      [RELEASE] white_usv4->black_usv2(目标失效)
      [RELEASE] white_usv1->black_usv2(目标失效)
      [RELEASE] white_usv3->black_usv2(目标失效)
      [ASSIGN] white_usv1->black_usv1
      [ASSIGN] white_usv3->black_usv1
[t=12,611s] step=630 | MISSION=NORMAL_C | USV: 4/5 (avail=1 int=3 lock=0 frz=0) | UAV: air=5 rtb=0 chg=0 loiter=0 | TRACKS: vis=1 lost=0 engaged=0 | TOP: black_usv1(x172,102) | KILL=8 | ACTIONS=9 | INTENT: focus=2 ratio=0.20
[t=12,806s] step=640 | MISSION=NORMAL_C | USV: 4/5 (avail=1 int=3 lock=0 frz=0) | UAV: air=5 rtb=0 chg=0 loiter=0 | TRACKS: vis=1 lost=0 engaged=0 | TOP: black_usv1(x170,147) | KILL=8 | ACTIONS=9 | INTENT: focus=2 ratio=0.20
[t=13,007s] step=650 | MISSION=NORMAL_C | USV: 4/5 (avail=1 int=3 lock=0 frz=0) | UAV: air=5 rtb=0 chg=0 loiter=0 | TRACKS: vis=1 lost=0 engaged=0 | TOP: black_usv1(x168,141) | KILL=8 | ACTIONS=9 | INTENT: focus=2 ratio=0.20
[t=13,208s] step=660 | MISSION=NORMAL_C | USV: 4/5 (avail=1 int=3 lock=0 frz=0) | UAV: air=5 rtb=0 chg=0 loiter=0 | TRACKS: vis=0 lost=1 engaged=0 | TOP: black_usv1(x166,139) | KILL=8 | ACTIONS=9 | INTENT: focus=2 ratio=0.20
[t=13,415s] step=670 | MISSION=NORMAL_C | USV: 4/5 (avail=1 int=3 lock=0 frz=0) | UAV: air=5 rtb=0 chg=0 loiter=0 | TRACKS: vis=1 lost=0 engaged=0 | TOP: black_usv1(x164,079) | KILL=8 | ACTIONS=9 | INTENT: focus=2 ratio=0.20
[t=13,621s] step=680 | MISSION=NORMAL_C | USV: 4/5 (avail=1 int=3 lock=0 frz=0) | UAV: air=5 rtb=0 chg=0 loiter=0 | TRACKS: vis=0 lost=1 engaged=0 | TOP: black_usv1(x162,019) | KILL=8 | ACTIONS=9 | INTENT: focus=2 ratio=0.20
[t=13,820s] step=690 | MISSION=NORMAL_C | USV: 4/5 (avail=1 int=3 lock=0 frz=0) | UAV: air=5 rtb=0 chg=0 loiter=0 | TRACKS: vis=0 lost=1 engaged=0 | TOP: black_usv1(x160,030) | KILL=8 | ACTIONS=9 | INTENT: focus=2 ratio=0.20
[t=14,027s] step=700 | MISSION=NORMAL_C | USV: 4/5 (avail=1 int=3 lock=0 frz=0) | UAV: air=5 rtb=0 chg=0 loiter=0 | TRACKS: vis=1 lost=0 engaged=0 | TOP: black_usv1(x157,965) | KILL=8 | ACTIONS=9 | INTENT: focus=2 ratio=0.20
[t=14,234s] step=710 | MISSION=NORMAL_C | USV: 4/5 (avail=1 int=1 lock=2 frz=0) | UAV: air=5 rtb=0 chg=0 loiter=0 | TRACKS: vis=1 lost=0 engaged=1 | TOP: black_usv1(x155,902) | KILL=8 | ACTIONS=9 | INTENT: focus=2 ratio=0.20
[t=14,442s] step=720 | MISSION=NORMAL_C | USV: 4/5 (avail=1 int=1 lock=2 frz=0) | UAV: air=5 rtb=0 chg=0 loiter=0 | TRACKS: vis=1 lost=0 engaged=1 | TOP: black_usv1(x153,823) | KILL=8 | ACTIONS=9 | INTENT: focus=2 ratio=0.20
[t=14,653s] step=730 | MISSION=NORMAL_C | USV: 4/5 (avail=1 int=0 lock=3 frz=0) | UAV: air=5 rtb=0 chg=0 loiter=0 | TRACKS: vis=1 lost=0 engaged=1 | TOP: black_usv1(x153,647) | KILL=8 | ACTIONS=9 | INTENT: focus=2 ratio=0.20
[t=14,868s] step=740 | MISSION=NORMAL_C | USV: 4/5 (avail=1 int=3 lock=0 frz=0) | UAV: air=5 rtb=0 chg=0 loiter=0 | TRACKS: vis=1 lost=0 engaged=0 | TOP: black_usv1(x153,527) | KILL=9 | ACTIONS=9 | INTENT: focus=2 ratio=0.20
[t=15,107s] step=750 | MISSION=NORMAL_C | USV: 4/5 (avail=1 int=3 lock=0 frz=0) | UAV: air=5 rtb=0 chg=0 loiter=0 | TRACKS: vis=1 lost=0 engaged=0 | TOP: black_usv1(x153,527) | KILL=9 | ACTIONS=9 | INTENT: focus=2 ratio=0.20
[t=15,334s] step=760 | MISSION=NORMAL_C | USV: 4/5 (avail=1 int=3 lock=0 frz=0) | UAV: air=5 rtb=0 chg=0 loiter=0 | TRACKS: vis=1 lost=0 engaged=0 | TOP: black_usv1(x153,527) | KILL=9 | ACTIONS=9 | INTENT: focus=2 ratio=0.20
      [KILL] black_usv1
      [RELEASE] white_usv1->black_usv1(目标失效)
      [RELEASE] white_usv3->black_usv1(目标失效)
      [RELEASE] white_usv5->black_usv1(目标失效)
[t=15,538s] step=770 | MISSION=GLOBAL_R | USV: 4/5 (avail=4 int=0 lock=0 frz=0) | UAV: air=5 rtb=0 chg=0 loiter=0 | TRACKS: vis=0 lost=0 engaged=0 | TOP:  | KILL=9 | ACTIONS=9 | INTENT: focus=2 ratio=0.20
[t=15,746s] step=780 | MISSION=GLOBAL_R | USV: 4/5 (avail=4 int=0 lock=0 frz=0) | UAV: air=5 rtb=0 chg=0 loiter=0 | TRACKS: vis=0 lost=0 engaged=0 | TOP:  | KILL=9 | ACTIONS=9 | INTENT: focus=2 ratio=0.20
[t=15,957s] step=790 | MISSION=GLOBAL_R | USV: 4/5 (avail=4 int=0 lock=0 frz=0) | UAV: air=5 rtb=0 chg=0 loiter=0 | TRACKS: vis=0 lost=0 engaged=0 | TOP:  | KILL=9 | ACTIONS=9 | INTENT: focus=2 ratio=0.20
[t=16,164s] step=800 | MISSION=GLOBAL_R | USV: 4/5 (avail=4 int=0 lock=0 frz=0) | UAV: air=5 rtb=0 chg=0 loiter=0 | TRACKS: vis=0 lost=0 engaged=0 | TOP:  | KILL=9 | ACTIONS=9 | INTENT: focus=2 ratio=0.20
[t=16,367s] step=810 | MISSION=GLOBAL_R | USV: 4/5 (avail=4 int=0 lock=0 frz=0) | UAV: air=5 rtb=0 chg=0 loiter=0 | TRACKS: vis=0 lost=0 engaged=0 | TOP:  | KILL=9 | ACTIONS=9 | INTENT: focus=2 ratio=0.20
[t=16,575s] step=820 | MISSION=GLOBAL_R | USV: 4/5 (avail=4 int=0 lock=0 frz=0) | UAV: air=5 rtb=0 chg=0 loiter=0 | TRACKS: vis=0 lost=0 engaged=0 | TOP:  | KILL=9 | ACTIONS=9 | INTENT: focus=2 ratio=0.20
[t=16,782s] step=830 | MISSION=GLOBAL_R | USV: 4/5 (avail=4 int=0 lock=0 frz=0) | UAV: air=5 rtb=0 chg=0 loiter=0 | TRACKS: vis=0 lost=0 engaged=0 | TOP:  | KILL=9 | ACTIONS=9 | INTENT: focus=2 ratio=0.20
[t=16,986s] step=840 | MISSION=GLOBAL_R | USV: 4/5 (avail=4 int=0 lock=0 frz=0) | UAV: air=5 rtb=0 chg=0 loiter=0 | TRACKS: vis=0 lost=0 engaged=0 | TOP:  | KILL=9 | ACTIONS=9 | INTENT: focus=2 ratio=0.20
[t=17,192s] step=850 | MISSION=GLOBAL_R | USV: 4/5 (avail=4 int=0 lock=0 frz=0) | UAV: air=5 rtb=0 chg=0 loiter=0 | TRACKS: vis=0 lost=0 engaged=0 | TOP:  | KILL=9 | ACTIONS=9 | INTENT: focus=2 ratio=0.20
[t=17,397s] step=860 | MISSION=GLOBAL_R | USV: 4/5 (avail=4 int=0 lock=0 frz=0) | UAV: air=5 rtb=0 chg=0 loiter=0 | TRACKS: vis=0 lost=0 engaged=0 | TOP:  | KILL=9 | ACTIONS=9 | INTENT: focus=2 ratio=0.20
[t=17,606s] step=870 | MISSION=GLOBAL_R | USV: 4/5 (avail=4 int=0 lock=0 frz=0) | UAV: air=5 rtb=0 chg=0 loiter=0 | TRACKS: vis=0 lost=0 engaged=0 | TOP:  | KILL=9 | ACTIONS=9 | INTENT: focus=2 ratio=0.20
[t=17,815s] step=880 | MISSION=GLOBAL_R | USV: 4/5 (avail=4 int=0 lock=0 frz=0) | UAV: air=5 rtb=0 chg=0 loiter=0 | TRACKS: vis=0 lost=0 engaged=0 | TOP:  | KILL=9 | ACTIONS=9 | INTENT: focus=2 ratio=0.20
[t=18,024s] step=890 | MISSION=GLOBAL_R | USV: 4/5 (avail=4 int=0 lock=0 frz=0) | UAV: air=5 rtb=0 chg=0 loiter=0 | TRACKS: vis=0 lost=0 engaged=0 | TOP:  | KILL=9 | ACTIONS=9 | INTENT: focus=2 ratio=0.20
[t=18,242s] step=900 | MISSION=GLOBAL_R | USV: 4/5 (avail=4 int=0 lock=0 frz=0) | UAV: air=5 rtb=0 chg=0 loiter=0 | TRACKS: vis=0 lost=0 engaged=0 | TOP:  | KILL=9 | ACTIONS=9 | INTENT: focus=2 ratio=0.20
[t=18,458s] step=910 | MISSION=GLOBAL_R | USV: 4/5 (avail=4 int=0 lock=0 frz=0) | UAV: air=5 rtb=0 chg=0 loiter=0 | TRACKS: vis=0 lost=0 engaged=0 | TOP:  | KILL=9 | ACTIONS=9 | INTENT: focus=2 ratio=0.20
[t=18,674s] step=920 | MISSION=GLOBAL_R | USV: 4/5 (avail=4 int=0 lock=0 frz=0) | UAV: air=5 rtb=0 chg=0 loiter=0 | TRACKS: vis=0 lost=0 engaged=0 | TOP:  | KILL=9 | ACTIONS=9 | INTENT: focus=2 ratio=0.20
[t=18,889s] step=930 | MISSION=GLOBAL_R | USV: 4/5 (avail=4 int=0 lock=0 frz=0) | UAV: air=5 rtb=0 chg=0 loiter=0 | TRACKS: vis=0 lost=0 engaged=0 | TOP:  | KILL=9 | ACTIONS=9 | INTENT: focus=2 ratio=0.20
[t=19,102s] step=940 | MISSION=GLOBAL_R | USV: 4/5 (avail=4 int=0 lock=0 frz=0) | UAV: air=5 rtb=0 chg=0 loiter=0 | TRACKS: vis=0 lost=0 engaged=0 | TOP:  | KILL=9 | ACTIONS=9 | INTENT: focus=2 ratio=0.20
[t=19,326s] step=950 | MISSION=GLOBAL_R | USV: 4/5 (avail=4 int=0 lock=0 frz=0) | UAV: air=5 rtb=0 chg=0 loiter=0 | TRACKS: vis=0 lost=0 engaged=0 | TOP:  | KILL=9 | ACTIONS=9 | INTENT: focus=2 ratio=0.20
[t=19,550s] step=960 | MISSION=GLOBAL_R | USV: 4/5 (avail=4 int=0 lock=0 frz=0) | UAV: air=5 rtb=0 chg=0 loiter=0 | TRACKS: vis=0 lost=0 engaged=0 | TOP:  | KILL=9 | ACTIONS=9 | INTENT: focus=2 ratio=0.20
[t=19,771s] step=970 | MISSION=GLOBAL_R | USV: 4/5 (avail=4 int=0 lock=0 frz=0) | UAV: air=5 rtb=0 chg=0 loiter=0 | TRACKS: vis=0 lost=0 engaged=0 | TOP:  | KILL=9 | ACTIONS=9 | INTENT: focus=2 ratio=0.20
[t=19,985s] step=980 | MISSION=GLOBAL_R | USV: 4/5 (avail=4 int=0 lock=0 frz=0) | UAV: air=5 rtb=0 chg=0 loiter=0 | TRACKS: vis=0 lost=0 engaged=0 | TOP:  | KILL=9 | ACTIONS=9 | INTENT: focus=2 ratio=0.20
[t=20,208s] step=990 | MISSION=GLOBAL_R | USV: 4/5 (avail=4 int=0 lock=0 frz=0) | UAV: air=5 rtb=0 chg=0 loiter=0 | TRACKS: vis=0 lost=0 engaged=0 | TOP:  | KILL=9 | ACTIONS=9 | INTENT: focus=2 ratio=0.20
[t=20,428s] step=1000 | MISSION=GLOBAL_R | USV: 4/5 (avail=4 int=0 lock=0 frz=0) | UAV: air=5 rtb=0 chg=0 loiter=0 | TRACKS: vis=0 lost=0 engaged=0 | TOP:  | KILL=9 | ACTIONS=9 | INTENT: focus=2 ratio=0.20
[t=20,642s] step=1010 | MISSION=GLOBAL_R | USV: 4/5 (avail=4 int=0 lock=0 frz=0) | UAV: air=5 rtb=0 chg=0 loiter=0 | TRACKS: vis=0 lost=0 engaged=0 | TOP:  | KILL=9 | ACTIONS=9 | INTENT: focus=2 ratio=0.20
      [DETECT] black_usv10
      [ASSIGN] white_usv4->black_usv10
      [ASSIGN] white_usv1->black_usv10
      [ASSIGN] white_usv5->black_usv10
[t=20,857s] step=1020 | MISSION=NORMAL_C | USV: 4/5 (avail=1 int=3 lock=0 frz=0) | UAV: air=5 rtb=0 chg=0 loiter=0 | TRACKS: vis=1 lost=0 engaged=0 | TOP: black_usv10(x99,567) | KILL=9 | ACTIONS=9 | INTENT: focus=2 ratio=0.20
[t=21,083s] step=1030 | MISSION=NORMAL_C | USV: 4/5 (avail=1 int=3 lock=0 frz=0) | UAV: air=5 rtb=0 chg=0 loiter=0 | TRACKS: vis=1 lost=0 engaged=0 | TOP: black_usv10(x98,313) | KILL=9 | ACTIONS=9 | INTENT: focus=2 ratio=0.20
[t=21,299s] step=1040 | MISSION=NORMAL_C | USV: 4/5 (avail=1 int=3 lock=0 frz=0) | UAV: air=5 rtb=0 chg=0 loiter=0 | TRACKS: vis=1 lost=0 engaged=0 | TOP: black_usv10(x97,105) | KILL=9 | ACTIONS=9 | INTENT: focus=2 ratio=0.20
[t=21,516s] step=1050 | MISSION=NORMAL_C | USV: 4/5 (avail=1 int=3 lock=0 frz=0) | UAV: air=5 rtb=0 chg=0 loiter=0 | TRACKS: vis=0 lost=1 engaged=0 | TOP: black_usv10(x95,391) | KILL=9 | ACTIONS=9 | INTENT: focus=2 ratio=0.20
[t=21,731s] step=1060 | MISSION=NORMAL_C | USV: 4/5 (avail=1 int=3 lock=0 frz=0) | UAV: air=5 rtb=0 chg=0 loiter=0 | TRACKS: vis=1 lost=0 engaged=0 | TOP: black_usv10(x93,312) | KILL=9 | ACTIONS=9 | INTENT: focus=2 ratio=0.20
[t=21,955s] step=1070 | MISSION=NORMAL_C | USV: 4/5 (avail=1 int=3 lock=0 frz=0) | UAV: air=5 rtb=0 chg=0 loiter=0 | TRACKS: vis=1 lost=0 engaged=0 | TOP: black_usv10(x92,822) | KILL=9 | ACTIONS=9 | INTENT: focus=2 ratio=0.20
[t=22,174s] step=1080 | MISSION=NORMAL_C | USV: 4/5 (avail=1 int=3 lock=0 frz=0) | UAV: air=5 rtb=0 chg=0 loiter=0 | TRACKS: vis=1 lost=0 engaged=0 | TOP: black_usv10(x92,172) | KILL=9 | ACTIONS=9 | INTENT: focus=2 ratio=0.20
[t=22,394s] step=1090 | MISSION=NORMAL_C | USV: 4/5 (avail=1 int=3 lock=0 frz=0) | UAV: air=5 rtb=0 chg=0 loiter=0 | TRACKS: vis=1 lost=0 engaged=0 | TOP: black_usv10(x90,176) | KILL=9 | ACTIONS=9 | INTENT: focus=2 ratio=0.20
      [UAV RTB] white_uav2(电量2599<2326+300)
      [UAV RTB] white_uav3(电量2440<2172+300)
      [UAV RTB] white_uav1(电量2416<2147+300)
[t=22,617s] step=1100 | MISSION=NORMAL_C | USV: 4/5 (avail=1 int=3 lock=0 frz=0) | UAV: air=2 rtb=3 chg=0 loiter=0 | TRACKS: vis=1 lost=0 engaged=0 | TOP: black_usv10(x89,026) | KILL=9 | ACTIONS=9 | INTENT: focus=2 ratio=0.20
[t=22,847s] step=1110 | MISSION=NORMAL_C | USV: 4/5 (avail=1 int=2 lock=1 frz=0) | UAV: air=2 rtb=3 chg=0 loiter=0 | TRACKS: vis=1 lost=0 engaged=1 | TOP: black_usv10(x87,843) | KILL=9 | ACTIONS=9 | INTENT: focus=2 ratio=0.20
[t=23,067s] step=1120 | MISSION=NORMAL_C | USV: 4/5 (avail=1 int=2 lock=1 frz=0) | UAV: air=2 rtb=3 chg=0 loiter=0 | TRACKS: vis=1 lost=0 engaged=1 | TOP: black_usv10(x86,844) | KILL=9 | ACTIONS=9 | INTENT: focus=2 ratio=0.20
[t=23,288s] step=1130 | MISSION=NORMAL_C | USV: 4/5 (avail=1 int=2 lock=1 frz=0) | UAV: air=2 rtb=3 chg=0 loiter=0 | TRACKS: vis=1 lost=0 engaged=1 | TOP: black_usv10(x86,844) | KILL=9 | ACTIONS=9 | INTENT: focus=2 ratio=0.20

========================================================================
对局结果: Result.Victory — 敌方所有单位被击毁
  击杀蓝舰: 10 | 命中: 20 | 我方USV损失: 1 | UAV损失: 0 | 突破: 0
[META] result=Result.Victory victory_time=23517 first_detection=1840 first_lock=7403 first_kill=8309 enemy_kills=10 friendly_usv_losses=1 friendly_uav_losses=0 black_breakthrough=0 reacquire_attempts=109 reacquire_success=109 sensor_assisted_locks=114 low_conf_commitments=0 global_reacquire_entries=1 global_reacquire_success=1 coverage_collapse_events=1 active_clusters_max=1 coverage_quality_final=0.31 commander_source=default_intent commander_calls=0 commander_changes=0 commander_no_change=0 commander_parse_failures=0 commander_api_failures=0 commander_policy_failures=0 commander_avg_latency=0.0
Done
