========================================================================
HYBRID AGENT V5 — Variable-Cardinality Hierarchical Maritime Agent
  启用UAV: True | LLM_ENABLED: False
========================================================================
对局 72 开始
      [UAV RELAUNCH] white_uav1
      [UAV RELAUNCH] white_uav5
      [UAV RELAUNCH] white_uav3
      [UAV RELAUNCH] white_uav2
      [UAV RELAUNCH] white_uav4
[t=170s] step=10 | MISSION=NORMAL_C | USV: 5/5 (avail=5 int=0 lock=0 frz=0) | UAV: air=5 rtb=0 chg=0 loiter=0 | TRACKS: vis=0 lost=0 engaged=0 | TOP:  | KILL=0 | ACTIONS=10 | INTENT: focus=2 ratio=0.20
  [INTENT APPLIED]
    ThreatAllocator: focus 2 emergency 3 reserve_ratio 0.20 reserve_usvs None bias breakthrough_eta
    UAVManager: mode search_and_reacquire uav_priority []
[t=357s] step=20 | MISSION=NORMAL_C | USV: 5/5 (avail=5 int=0 lock=0 frz=0) | UAV: air=5 rtb=0 chg=0 loiter=0 | TRACKS: vis=0 lost=0 engaged=0 | TOP:  | KILL=0 | ACTIONS=10 | INTENT: focus=2 ratio=0.20
[t=545s] step=30 | MISSION=NORMAL_C | USV: 5/5 (avail=5 int=0 lock=0 frz=0) | UAV: air=5 rtb=0 chg=0 loiter=0 | TRACKS: vis=0 lost=0 engaged=0 | TOP:  | KILL=0 | ACTIONS=10 | INTENT: focus=2 ratio=0.20
[t=729s] step=40 | MISSION=NORMAL_C | USV: 5/5 (avail=5 int=0 lock=0 frz=0) | UAV: air=5 rtb=0 chg=0 loiter=0 | TRACKS: vis=0 lost=0 engaged=0 | TOP:  | KILL=0 | ACTIONS=10 | INTENT: focus=2 ratio=0.20
[t=909s] step=50 | MISSION=NORMAL_C | USV: 5/5 (avail=5 int=0 lock=0 frz=0) | UAV: air=5 rtb=0 chg=0 loiter=0 | TRACKS: vis=0 lost=0 engaged=0 | TOP:  | KILL=0 | ACTIONS=10 | INTENT: focus=2 ratio=0.20
[t=1,088s] step=60 | MISSION=NORMAL_C | USV: 5/5 (avail=5 int=0 lock=0 frz=0) | UAV: air=5 rtb=0 chg=0 loiter=0 | TRACKS: vis=0 lost=0 engaged=0 | TOP:  | KILL=0 | ACTIONS=10 | INTENT: focus=2 ratio=0.20
[t=1,266s] step=70 | MISSION=NORMAL_C | USV: 5/5 (avail=5 int=0 lock=0 frz=0) | UAV: air=5 rtb=0 chg=0 loiter=0 | TRACKS: vis=0 lost=0 engaged=0 | TOP:  | KILL=0 | ACTIONS=10 | INTENT: focus=2 ratio=0.20
[t=1,445s] step=80 | MISSION=NORMAL_C | USV: 5/5 (avail=5 int=0 lock=0 frz=0) | UAV: air=5 rtb=0 chg=0 loiter=0 | TRACKS: vis=0 lost=0 engaged=0 | TOP:  | KILL=0 | ACTIONS=10 | INTENT: focus=2 ratio=0.20
[t=1,627s] step=90 | MISSION=NORMAL_C | USV: 5/5 (avail=5 int=0 lock=0 frz=0) | UAV: air=5 rtb=0 chg=0 loiter=0 | TRACKS: vis=0 lost=0 engaged=0 | TOP:  | KILL=0 | ACTIONS=10 | INTENT: focus=2 ratio=0.20
[t=1,808s] step=100 | MISSION=NORMAL_C | USV: 5/5 (avail=5 int=0 lock=0 frz=0) | UAV: air=5 rtb=0 chg=0 loiter=0 | TRACKS: vis=0 lost=0 engaged=0 | TOP:  | KILL=0 | ACTIONS=10 | INTENT: focus=2 ratio=0.20
      [DETECT] black_usv7
      [DETECT] black_usv6
      [ASSIGN] white_usv2->black_usv6
      [ASSIGN] white_usv5->black_usv7
      [ASSIGN] white_usv4->black_usv7
      [ASSIGN] white_usv3->black_usv6
      [DETECT] black_usv4
      [ASSIGN] white_usv1->black_usv4
      [DETECT] black_usv5
      [DETECT] black_usv3
      [DETECT] black_usv2
      [DETECT] black_usv8
      [DETECT] black_usv1
[t=1,991s] step=110 | MISSION=NORMAL_C | USV: 5/5 (avail=0 int=5 lock=0 frz=0) | UAV: air=5 rtb=0 chg=0 loiter=0 | TRACKS: vis=8 lost=0 engaged=0 | TOP: black_usv8(x241,192) black_usv3(x242,125) black_usv5(x242,579) | KILL=0 | ACTIONS=10 | INTENT: focus=2 ratio=0.20
[t=2,178s] step=120 | MISSION=NORMAL_C | USV: 5/5 (avail=0 int=5 lock=0 frz=0) | UAV: air=5 rtb=0 chg=0 loiter=0 | TRACKS: vis=6 lost=2 engaged=0 | TOP: black_usv8(x239,442) black_usv3(x240,469) black_usv5(x240,970) | KILL=0 | ACTIONS=10 | INTENT: focus=2 ratio=0.20
      [DETECT] black_usv9
[t=2,355s] step=130 | MISSION=NORMAL_C | USV: 5/5 (avail=0 int=5 lock=0 frz=0) | UAV: air=5 rtb=0 chg=0 loiter=0 | TRACKS: vis=8 lost=1 engaged=0 | TOP: black_usv9(x237,562) black_usv8(x237,781) black_usv3(x238,904) | KILL=0 | ACTIONS=10 | INTENT: focus=2 ratio=0.20
      [DETECT] black_usv10
[t=2,524s] step=140 | MISSION=NORMAL_C | USV: 5/5 (avail=0 int=5 lock=0 frz=0) | UAV: air=5 rtb=0 chg=0 loiter=0 | TRACKS: vis=9 lost=1 engaged=0 | TOP: black_usv9(x235,970) black_usv8(x236,206) black_usv3(x237,416) | KILL=0 | ACTIONS=10 | INTENT: focus=2 ratio=0.20
[t=2,687s] step=150 | MISSION=NORMAL_C | USV: 5/5 (avail=0 int=5 lock=0 frz=0) | UAV: air=5 rtb=0 chg=0 loiter=0 | TRACKS: vis=9 lost=0 engaged=0 | TOP: black_usv3(x235,966) black_usv2(x239,024) black_usv5(x236,128) | KILL=0 | ACTIONS=10 | INTENT: focus=2 ratio=0.20
      [DETECT] black_usv1
[t=2,859s] step=160 | MISSION=NORMAL_C | USV: 5/5 (avail=0 int=5 lock=0 frz=0) | UAV: air=5 rtb=0 chg=0 loiter=0 | TRACKS: vis=10 lost=0 engaged=0 | TOP: black_usv9(x232,682) black_usv3(x234,447) black_usv2(x237,716) | KILL=0 | ACTIONS=10 | INTENT: focus=2 ratio=0.20
[t=3,030s] step=170 | MISSION=NORMAL_C | USV: 5/5 (avail=0 int=5 lock=0 frz=0) | UAV: air=5 rtb=0 chg=0 loiter=0 | TRACKS: vis=10 lost=0 engaged=0 | TOP: black_usv9(x230,972) black_usv3(x232,934) black_usv2(x236,413) | KILL=0 | ACTIONS=10 | INTENT: focus=2 ratio=0.20
[t=3,222s] step=180 | MISSION=NORMAL_C | USV: 5/5 (avail=0 int=5 lock=0 frz=0) | UAV: air=5 rtb=0 chg=0 loiter=0 | TRACKS: vis=10 lost=0 engaged=0 | TOP: black_usv9(x229,055) black_usv3(x231,238) black_usv2(x234,952) | KILL=0 | ACTIONS=10 | INTENT: focus=2 ratio=0.20
[t=3,415s] step=190 | MISSION=NORMAL_C | USV: 5/5 (avail=0 int=5 lock=0 frz=0) | UAV: air=5 rtb=0 chg=0 loiter=0 | TRACKS: vis=10 lost=0 engaged=0 | TOP: black_usv9(x227,123) black_usv3(x229,528) black_usv2(x233,480) | KILL=0 | ACTIONS=10 | INTENT: focus=2 ratio=0.20
[t=3,606s] step=200 | MISSION=NORMAL_C | USV: 5/5 (avail=0 int=5 lock=0 frz=0) | UAV: air=5 rtb=0 chg=0 loiter=0 | TRACKS: vis=10 lost=0 engaged=0 | TOP: black_usv9(x225,216) black_usv3(x227,841) black_usv2(x232,027) | KILL=0 | ACTIONS=10 | INTENT: focus=2 ratio=0.20
[t=3,802s] step=210 | MISSION=NORMAL_C | USV: 5/5 (avail=0 int=5 lock=0 frz=0) | UAV: air=5 rtb=0 chg=0 loiter=0 | TRACKS: vis=8 lost=2 engaged=0 | TOP: black_usv9(x223,260) black_usv3(x226,104) black_usv2(x230,531) | KILL=0 | ACTIONS=10 | INTENT: focus=2 ratio=0.20
[t=3,991s] step=220 | MISSION=NORMAL_C | USV: 5/5 (avail=0 int=5 lock=0 frz=0) | UAV: air=5 rtb=0 chg=0 loiter=0 | TRACKS: vis=8 lost=2 engaged=0 | TOP: black_usv9(x221,370) black_usv3(x224,434) black_usv2(x229,092) | KILL=0 | ACTIONS=10 | INTENT: focus=2 ratio=0.20
[t=4,185s] step=230 | MISSION=NORMAL_C | USV: 5/5 (avail=0 int=5 lock=0 frz=0) | UAV: air=5 rtb=0 chg=0 loiter=0 | TRACKS: vis=9 lost=1 engaged=0 | TOP: black_usv9(x219,458) black_usv10(x222,603) black_usv3(x222,678) | KILL=0 | ACTIONS=10 | INTENT: focus=2 ratio=0.20
[t=4,375s] step=240 | MISSION=NORMAL_C | USV: 5/5 (avail=0 int=5 lock=0 frz=0) | UAV: air=5 rtb=0 chg=0 loiter=0 | TRACKS: vis=7 lost=3 engaged=0 | TOP: black_usv9(x217,557) black_usv10(x220,706) black_usv3(x220,779) | KILL=0 | ACTIONS=10 | INTENT: focus=2 ratio=0.20
[t=4,569s] step=250 | MISSION=NORMAL_C | USV: 5/5 (avail=0 int=5 lock=0 frz=0) | UAV: air=5 rtb=0 chg=0 loiter=0 | TRACKS: vis=7 lost=3 engaged=0 | TOP: black_usv10(x218,766) black_usv5(x217,544) black_usv1(x229,643) | KILL=0 | ACTIONS=10 | INTENT: focus=2 ratio=0.20
[t=4,779s] step=260 | MISSION=NORMAL_C | USV: 5/5 (avail=0 int=5 lock=0 frz=0) | UAV: air=5 rtb=0 chg=0 loiter=0 | TRACKS: vis=7 lost=2 engaged=0 | TOP: black_usv10(x216,661) black_usv5(x215,495) black_usv1(x228,281) | KILL=0 | ACTIONS=10 | INTENT: focus=2 ratio=0.20
[t=4,977s] step=270 | MISSION=NORMAL_C | USV: 5/5 (avail=0 int=5 lock=0 frz=0) | UAV: air=5 rtb=0 chg=0 loiter=0 | TRACKS: vis=6 lost=2 engaged=0 | TOP: black_usv10(x214,691) black_usv5(x213,573) black_usv9(x211,624) | KILL=0 | ACTIONS=10 | INTENT: focus=2 ratio=0.20
[t=5,180s] step=280 | MISSION=NORMAL_C | USV: 5/5 (avail=0 int=5 lock=0 frz=0) | UAV: air=5 rtb=0 chg=0 loiter=0 | TRACKS: vis=8 lost=0 engaged=0 | TOP: black_usv10(x212,662) black_usv5(x211,598) black_usv9(x209,695) | KILL=0 | ACTIONS=10 | INTENT: focus=2 ratio=0.20
[t=5,389s] step=290 | MISSION=NORMAL_C | USV: 5/5 (avail=0 int=5 lock=0 frz=0) | UAV: air=5 rtb=0 chg=0 loiter=0 | TRACKS: vis=7 lost=1 engaged=0 | TOP: black_usv10(x210,567) black_usv5(x209,559) black_usv9(x207,694) | KILL=0 | ACTIONS=10 | INTENT: focus=2 ratio=0.20
[t=5,596s] step=300 | MISSION=NORMAL_C | USV: 5/5 (avail=0 int=5 lock=0 frz=0) | UAV: air=5 rtb=0 chg=0 loiter=0 | TRACKS: vis=6 lost=2 engaged=0 | TOP: black_usv10(x208,502) black_usv5(x207,549) black_usv9(x205,629) | KILL=0 | ACTIONS=10 | INTENT: focus=2 ratio=0.20
      [DETECT] black_usv2
      [RELEASE] white_usv5->black_usv7(目标失效)
      [RELEASE] white_usv4->black_usv7(目标失效)
      [ASSIGN] white_usv5->black_usv10
      [ASSIGN] white_usv4->black_usv5
[t=5,796s] step=310 | MISSION=NORMAL_C | USV: 5/5 (avail=2 int=3 lock=0 frz=0) | UAV: air=5 rtb=0 chg=0 loiter=0 | TRACKS: vis=8 lost=0 engaged=0 | TOP: black_usv2(x216,693) black_usv8(x206,231) black_usv3(x210,440) | KILL=0 | ACTIONS=10 | INTENT: focus=2 ratio=0.20
      [DETECT] black_usv7
[t=6,010s] step=320 | MISSION=NORMAL_C | USV: 5/5 (avail=0 int=5 lock=0 frz=0) | UAV: air=5 rtb=0 chg=0 loiter=0 | TRACKS: vis=9 lost=0 engaged=0 | TOP: black_usv7(x206,044) black_usv2(x215,384) black_usv3(x208,908) | KILL=0 | ACTIONS=10 | INTENT: focus=2 ratio=0.20
[t=6,222s] step=330 | MISSION=NORMAL_C | USV: 5/5 (avail=0 int=5 lock=0 frz=0) | UAV: air=5 rtb=0 chg=0 loiter=0 | TRACKS: vis=9 lost=0 engaged=0 | TOP: black_usv7(x204,159) black_usv2(x214,088) black_usv9(x199,469) | KILL=0 | ACTIONS=10 | INTENT: focus=2 ratio=0.20
[t=6,429s] step=340 | MISSION=NORMAL_C | USV: 5/5 (avail=0 int=5 lock=0 frz=0) | UAV: air=5 rtb=0 chg=0 loiter=0 | TRACKS: vis=7 lost=2 engaged=0 | TOP: black_usv7(x202,088) black_usv2(x212,821) black_usv9(x197,399) | KILL=0 | ACTIONS=10 | INTENT: focus=2 ratio=0.20
[t=6,643s] step=350 | MISSION=NORMAL_C | USV: 5/5 (avail=0 int=5 lock=0 frz=0) | UAV: air=5 rtb=0 chg=0 loiter=0 | TRACKS: vis=9 lost=0 engaged=0 | TOP: black_usv7(x199,946) black_usv2(x211,513) black_usv9(x195,312) | KILL=0 | ACTIONS=10 | INTENT: focus=2 ratio=0.20
[t=6,841s] step=360 | MISSION=NORMAL_C | USV: 5/5 (avail=0 int=5 lock=0 frz=0) | UAV: air=5 rtb=0 chg=0 loiter=0 | TRACKS: vis=9 lost=0 engaged=0 | TOP: black_usv7(x197,966) black_usv2(x210,303) black_usv9(x193,332) | KILL=0 | ACTIONS=10 | INTENT: focus=2 ratio=0.20
      [DETECT] black_usv1
[t=7,052s] step=370 | MISSION=NORMAL_C | USV: 5/5 (avail=0 int=5 lock=0 frz=0) | UAV: air=5 rtb=0 chg=0 loiter=0 | TRACKS: vis=10 lost=0 engaged=0 | TOP: black_usv7(x195,861) black_usv2(x209,016) black_usv1(x213,535) | KILL=0 | ACTIONS=10 | INTENT: focus=2 ratio=0.20
[t=7,262s] step=380 | MISSION=NORMAL_C | USV: 5/5 (avail=0 int=5 lock=0 frz=0) | UAV: air=5 rtb=0 chg=0 loiter=0 | TRACKS: vis=10 lost=0 engaged=0 | TOP: black_usv7(x193,756) black_usv2(x207,730) black_usv1(x212,170) | KILL=0 | ACTIONS=10 | INTENT: focus=2 ratio=0.20
      [ASSIGN] white_usv5->black_usv9(机会锁定)
[t=7,477s] step=390 | MISSION=NORMAL_C | USV: 5/5 (avail=0 int=4 lock=1 frz=0) | UAV: air=5 rtb=0 chg=0 loiter=0 | TRACKS: vis=10 lost=0 engaged=1 | TOP: black_usv10(x189,971) black_usv7(x191,615) black_usv2(x206,416) | KILL=0 | ACTIONS=10 | INTENT: focus=2 ratio=0.20
      [ASSIGN] white_usv4->black_usv6(机会锁定)
[t=7,690s] step=400 | MISSION=NORMAL_C | USV: 5/5 (avail=0 int=0 lock=5 frz=0) | UAV: air=5 rtb=0 chg=0 loiter=0 | TRACKS: vis=6 lost=4 engaged=3 | TOP: black_usv5(x186,648) black_usv10(x187,883) black_usv7(x189,480) | KILL=0 | ACTIONS=10 | INTENT: focus=2 ratio=0.20
      [ASSIGN] white_usv5->black_usv8(机会锁定)
      [ASSIGN] white_usv3->black_usv5(机会锁定)
      [ASSIGN] white_usv2->black_usv5(机会锁定)
      [ASSIGN] white_usv4->black_usv5(机会锁定)
[t=7,894s] step=410 | MISSION=NORMAL_C | USV: 5/5 (avail=0 int=0 lock=5 frz=0) | UAV: air=5 rtb=0 chg=0 loiter=0 | TRACKS: vis=9 lost=0 engaged=3 | TOP: black_usv10(x185,876) black_usv7(x187,440) black_usv2(x203,869) | KILL=1 | ACTIONS=10 | INTENT: focus=2 ratio=0.20
      [ASSIGN] white_usv5->black_usv9(机会锁定)
[t=8,096s] step=420 | MISSION=NORMAL_C | USV: 5/5 (avail=0 int=0 lock=5 frz=0) | UAV: air=5 rtb=0 chg=0 loiter=0 | TRACKS: vis=8 lost=1 engaged=3 | TOP: black_usv2(x202,635) black_usv10(x183,921) black_usv8(x183,752) | KILL=1 | ACTIONS=10 | INTENT: focus=2 ratio=0.20
      [ASSIGN] white_usv3->black_usv6(机会锁定)
      [ASSIGN] white_usv2->black_usv6(机会锁定)
      [ASSIGN] white_usv4->black_usv6(机会锁定)
      [ASSIGN] white_usv2->black_usv5(机会锁定)
      [ASSIGN] white_usv4->black_usv5(机会锁定)
      [ASSIGN] white_usv3->black_usv5(机会锁定)
      [ASSIGN] white_usv2->black_usv6(机会锁定)
      [ASSIGN] white_usv4->black_usv6(机会锁定)
      [ASSIGN] white_usv3->black_usv6(机会锁定)
      [ASSIGN] white_usv2->black_usv5(机会锁定)
      [ASSIGN] white_usv4->black_usv5(机会锁定)
      [ASSIGN] white_usv3->black_usv5(机会锁定)
      [ASSIGN] white_usv2->black_usv6(机会锁定)
      [ASSIGN] white_usv4->black_usv6(机会锁定)
      [ASSIGN] white_usv3->black_usv6(机会锁定)
      [ASSIGN] white_usv2->black_usv5(机会锁定)
      [ASSIGN] white_usv4->black_usv5(机会锁定)
      [ASSIGN] white_usv3->black_usv5(机会锁定)
      [ASSIGN] white_usv2->black_usv6(机会锁定)
      [ASSIGN] white_usv4->black_usv6(机会锁定)
      [ASSIGN] white_usv3->black_usv6(机会锁定)
      [ASSIGN] white_usv2->black_usv5(机会锁定)
      [ASSIGN] white_usv4->black_usv5(机会锁定)
      [ASSIGN] white_usv3->black_usv5(机会锁定)
[t=8,315s] step=430 | MISSION=NORMAL_C | USV: 5/5 (avail=0 int=3 lock=2 frz=0) | UAV: air=5 rtb=0 chg=0 loiter=0 | TRACKS: vis=8 lost=0 engaged=2 | TOP: black_usv10(x181,782) black_usv8(x183,752) black_usv3(x192,448) | KILL=2 | ACTIONS=10 | INTENT: focus=2 ratio=0.20
      [ASSIGN] white_usv2->black_usv6(机会锁定)
      [ASSIGN] white_usv4->black_usv6(机会锁定)
      [ASSIGN] white_usv3->black_usv6(机会锁定)
      [ASSIGN] white_usv2->black_usv5(机会锁定)
      [ASSIGN] white_usv4->black_usv5(机会锁定)
      [ASSIGN] white_usv3->black_usv5(机会锁定)
      [ASSIGN] white_usv2->black_usv6(机会锁定)
      [ASSIGN] white_usv5->black_usv10(机会锁定)
      [ASSIGN] white_usv4->black_usv6(机会锁定)
      [ASSIGN] white_usv3->black_usv6(机会锁定)
      [KILL] black_usv6
      [RELEASE] white_usv2->black_usv6(目标失效)
      [ASSIGN] white_usv2->black_usv5(机会锁定)
      [RELEASE] white_usv4->black_usv6(目标失效)
      [ASSIGN] white_usv4->black_usv5(机会锁定)
      [RELEASE] white_usv3->black_usv6(目标失效)
      [ASSIGN] white_usv3->black_usv5(机会锁定)
      [ASSIGN] white_usv3->black_usv7(机会锁定)
      [ASSIGN] white_usv3->black_usv9(机会锁定)
      [ASSIGN] white_usv3->black_usv8(机会锁定)
      [ASSIGN] white_usv4->black_usv7(机会锁定)
[t=8,532s] step=440 | MISSION=NORMAL_C | USV: 5/5 (avail=0 int=1 lock=4 frz=0) | UAV: air=5 rtb=0 chg=0 loiter=0 | TRACKS: vis=7 lost=0 engaged=4 | TOP: black_usv9(x181,104) black_usv3(x190,546) black_usv10(x179,667) | KILL=3 | ACTIONS=10 | INTENT: focus=2 ratio=0.20
      [ASSIGN] white_usv5->black_usv9(机会锁定)
      [KILL] black_usv5
      [RELEASE] white_usv2->black_usv5(目标失效)
      [ASSIGN] white_usv2->black_usv7(机会锁定)
      [ASSIGN] white_usv5->black_usv10(机会锁定)
[t=8,752s] step=450 | MISSION=NORMAL_C | USV: 5/5 (avail=0 int=0 lock=5 frz=0) | UAV: air=5 rtb=0 chg=0 loiter=0 | TRACKS: vis=6 lost=0 engaged=4 | TOP: black_usv9(x181,104) black_usv3(x188,592) black_usv10(x178,060) | KILL=3 | ACTIONS=10 | INTENT: focus=2 ratio=0.20
      [ASSIGN] white_usv3->black_usv9(机会锁定)
      [ASSIGN] white_usv3->black_usv8(机会锁定)
      [ASSIGN] white_usv4->black_usv9(机会锁定)
      [ASSIGN] white_usv3->black_usv9(机会锁定)
      [ASSIGN] white_usv4->black_usv8(机会锁定)
      [ASSIGN] white_usv3->black_usv8(机会锁定)
      [ASSIGN] white_usv4->black_usv9(机会锁定)
      [ASSIGN] white_usv3->black_usv9(机会锁定)
      [ASSIGN] white_usv4->black_usv8(机会锁定)
      [ASSIGN] white_usv3->black_usv8(机会锁定)
      [ASSIGN] white_usv4->black_usv9(机会锁定)
      [ASSIGN] white_usv3->black_usv9(机会锁定)
      [ASSIGN] white_usv4->black_usv8(机会锁定)
      [ASSIGN] white_usv3->black_usv8(机会锁定)
      [ASSIGN] white_usv4->black_usv7(机会锁定)
      [ASSIGN] white_usv3->black_usv9(机会锁定)
[t=8,960s] step=460 | MISSION=NORMAL_C | USV: 5/5 (avail=0 int=3 lock=2 frz=0) | UAV: air=5 rtb=0 chg=0 loiter=0 | TRACKS: vis=6 lost=0 engaged=2 | TOP: black_usv9(x181,104) black_usv3(x186,724) black_usv10(x178,060) | KILL=5 | ACTIONS=10 | INTENT: focus=2 ratio=0.20
      [KILL] black_usv9
      [ASSIGN] white_usv2->black_usv8(机会锁定)
      [ASSIGN] white_usv4->black_usv8(机会锁定)
      [ASSIGN] white_usv2->black_usv7(机会锁定)
      [ASSIGN] white_usv5->black_usv7(机会锁定)
      [ASSIGN] white_usv4->black_usv7(机会锁定)
      [ASSIGN] white_usv2->black_usv8(机会锁定)
      [ASSIGN] white_usv5->black_usv10(机会锁定)
      [ASSIGN] white_usv4->black_usv8(机会锁定)
      [ASSIGN] white_usv2->black_usv7(机会锁定)
      [ASSIGN] white_usv5->black_usv7(机会锁定)
      [ASSIGN] white_usv4->black_usv7(机会锁定)
      [ASSIGN] white_usv2->black_usv8(机会锁定)
      [ASSIGN] white_usv5->black_usv10(机会锁定)
      [ASSIGN] white_usv4->black_usv8(机会锁定)
      [ASSIGN] white_usv2->black_usv7(机会锁定)
      [ASSIGN] white_usv5->black_usv7(机会锁定)
      [ASSIGN] white_usv4->black_usv7(机会锁定)
      [ASSIGN] white_usv5->black_usv10(机会锁定)
      [ASSIGN] white_usv4->black_usv8(机会锁定)
[t=9,171s] step=470 | MISSION=NORMAL_C | USV: 4/5 (avail=0 int=4 lock=0 frz=0) | UAV: air=5 rtb=0 chg=0 loiter=0 | TRACKS: vis=5 lost=0 engaged=0 | TOP: black_usv10(x177,610) black_usv3(x184,624) black_usv8(x179,884) | KILL=7 | ACTIONS=9 | INTENT: focus=2 ratio=0.20
      [ASSIGN] white_usv4->black_usv7(机会锁定)
      [ASSIGN] white_usv5->black_usv8(机会锁定)
      [ASSIGN] white_usv4->black_usv8(机会锁定)
      [ASSIGN] white_usv5->black_usv10(机会锁定)
      [ASSIGN] white_usv4->black_usv7(机会锁定)
      [ASSIGN] white_usv5->black_usv8(机会锁定)
      [ASSIGN] white_usv4->black_usv8(机会锁定)
      [ASSIGN] white_usv5->black_usv10(机会锁定)
      [ASSIGN] white_usv4->black_usv10(机会锁定)
      [ASSIGN] white_usv5->black_usv8(机会锁定)
      [ASSIGN] white_usv4->black_usv8(机会锁定)
      [ASSIGN] white_usv5->black_usv10(机会锁定)
      [ASSIGN] white_usv4->black_usv10(机会锁定)
      [ASSIGN] white_usv4->black_usv8(机会锁定)
      [ASSIGN] white_usv4->black_usv7(机会锁定)
      [ASSIGN] white_usv4->black_usv8(机会锁定)
[t=9,378s] step=480 | MISSION=NORMAL_C | USV: 4/5 (avail=0 int=4 lock=0 frz=0) | UAV: air=5 rtb=0 chg=0 loiter=0 | TRACKS: vis=5 lost=0 engaged=0 | TOP: black_usv8(x179,884) black_usv3(x183,368) black_usv10(x177,610) | KILL=7 | ACTIONS=9 | INTENT: focus=2 ratio=0.20
      [KILL] black_usv8
      [RELEASE] white_usv4->black_usv8(目标失效)
      [ASSIGN] white_usv4->black_usv7(机会锁定)
      [ASSIGN] white_usv4->black_usv10(机会锁定)
      [KILL] black_usv7
      [RELEASE] white_usv2->black_usv7(目标失效)
      [ASSIGN] white_usv2->black_usv3
      [KILL] black_usv4
      [RELEASE] white_usv1->black_usv4(目标失效)
      [ASSIGN] white_usv1->black_usv3(机会锁定)
      [DETECT] black_usv2
[t=9,597s] step=490 | MISSION=NORMAL_C | USV: 4/5 (avail=0 int=3 lock=1 frz=0) | UAV: air=5 rtb=0 chg=0 loiter=0 | TRACKS: vis=3 lost=0 engaged=1 | TOP: black_usv2(x192,048) black_usv10(x177,610) black_usv3(x182,490) | KILL=7 | ACTIONS=9 | INTENT: focus=2 ratio=0.20
      [DETECT] black_usv1
      [KILL] black_usv10
      [RELEASE] white_usv5->black_usv10(目标失效)
      [RELEASE] white_usv4->black_usv10(目标失效)
      [ASSIGN] white_usv5->black_usv2
      [ASSIGN] white_usv4->black_usv1
[t=9,782s] step=500 | MISSION=NORMAL_C | USV: 4/5 (avail=0 int=3 lock=1 frz=0) | UAV: air=5 rtb=0 chg=0 loiter=0 | TRACKS: vis=3 lost=0 engaged=1 | TOP: black_usv1(x193,740) black_usv2(x190,204) black_usv3(x181,751) | KILL=7 | ACTIONS=9 | INTENT: focus=2 ratio=0.20
[t=9,966s] step=510 | MISSION=NORMAL_C | USV: 4/5 (avail=0 int=3 lock=1 frz=0) | UAV: air=5 rtb=0 chg=0 loiter=0 | TRACKS: vis=3 lost=0 engaged=1 | TOP: black_usv1(x192,206) black_usv2(x188,513) black_usv3(x181,622) | KILL=7 | ACTIONS=9 | INTENT: focus=2 ratio=0.20
[t=10,152s] step=520 | MISSION=NORMAL_C | USV: 4/5 (avail=0 int=4 lock=0 frz=0) | UAV: air=5 rtb=0 chg=0 loiter=0 | TRACKS: vis=3 lost=0 engaged=0 | TOP: black_usv1(x190,348) black_usv2(x186,996) black_usv3(x181,562) | KILL=8 | ACTIONS=9 | INTENT: focus=2 ratio=0.20
[t=10,345s] step=530 | MISSION=NORMAL_C | USV: 4/5 (avail=0 int=4 lock=0 frz=0) | UAV: air=5 rtb=0 chg=0 loiter=0 | TRACKS: vis=3 lost=0 engaged=0 | TOP: black_usv1(x188,443) black_usv2(x186,013) black_usv3(x181,562) | KILL=8 | ACTIONS=9 | INTENT: focus=2 ratio=0.20
[t=10,542s] step=540 | MISSION=NORMAL_C | USV: 4/5 (avail=0 int=4 lock=0 frz=0) | UAV: air=5 rtb=0 chg=0 loiter=0 | TRACKS: vis=3 lost=0 engaged=0 | TOP: black_usv1(x187,051) black_usv2(x185,010) black_usv3(x181,562) | KILL=8 | ACTIONS=9 | INTENT: focus=2 ratio=0.20
      [ASSIGN] white_usv1->black_usv2(机会锁定)
      [KILL] black_usv3
      [RELEASE] white_usv2->black_usv3(目标失效)
      [ASSIGN] white_usv2->black_usv1
[t=10,751s] step=550 | MISSION=NORMAL_C | USV: 4/5 (avail=1 int=2 lock=1 frz=0) | UAV: air=5 rtb=0 chg=0 loiter=0 | TRACKS: vis=2 lost=0 engaged=1 | TOP: black_usv2(x183,945) black_usv1(x185,572) | KILL=8 | ACTIONS=9 | INTENT: focus=2 ratio=0.20
[t=10,951s] step=560 | MISSION=NORMAL_C | USV: 4/5 (avail=0 int=3 lock=1 frz=0) | UAV: air=5 rtb=0 chg=0 loiter=0 | TRACKS: vis=2 lost=0 engaged=1 | TOP: black_usv2(x182,926) black_usv1(x184,055) | KILL=8 | ACTIONS=9 | INTENT: focus=2 ratio=0.20
[t=11,154s] step=570 | MISSION=NORMAL_C | USV: 4/5 (avail=0 int=3 lock=1 frz=0) | UAV: air=5 rtb=0 chg=0 loiter=0 | TRACKS: vis=1 lost=1 engaged=1 | TOP: black_usv1(x182,028) black_usv2(x182,574) | KILL=8 | ACTIONS=9 | INTENT: focus=2 ratio=0.20
      [RELEASE] white_usv2->black_usv1(目标失效)
      [RELEASE] white_usv4->black_usv1(目标失效)
[t=11,358s] step=580 | MISSION=NORMAL_C | USV: 4/5 (avail=0 int=4 lock=0 frz=0) | UAV: air=5 rtb=0 chg=0 loiter=0 | TRACKS: vis=1 lost=0 engaged=0 | TOP: black_usv2(x182,387) | KILL=8 | ACTIONS=9 | INTENT: focus=2 ratio=0.20
      [ASSIGN] white_usv2->black_usv2
[t=11,557s] step=590 | MISSION=NORMAL_C | USV: 4/5 (avail=1 int=1 lock=2 frz=0) | UAV: air=5 rtb=0 chg=0 loiter=0 | TRACKS: vis=1 lost=0 engaged=1 | TOP: black_usv2(x181,376) | KILL=8 | ACTIONS=9 | INTENT: focus=2 ratio=0.20
[t=11,762s] step=600 | MISSION=NORMAL_C | USV: 4/5 (avail=1 int=3 lock=0 frz=0) | UAV: air=5 rtb=0 chg=0 loiter=0 | TRACKS: vis=1 lost=0 engaged=0 | TOP: black_usv2(x180,807) | KILL=9 | ACTIONS=9 | INTENT: focus=2 ratio=0.20
[t=11,984s] step=610 | MISSION=NORMAL_C | USV: 4/5 (avail=1 int=3 lock=0 frz=0) | UAV: air=5 rtb=0 chg=0 loiter=0 | TRACKS: vis=1 lost=0 engaged=0 | TOP: black_usv2(x180,807) | KILL=9 | ACTIONS=9 | INTENT: focus=2 ratio=0.20
[t=12,207s] step=620 | MISSION=NORMAL_C | USV: 4/5 (avail=1 int=3 lock=0 frz=0) | UAV: air=5 rtb=0 chg=0 loiter=0 | TRACKS: vis=1 lost=0 engaged=0 | TOP: black_usv2(x180,807) | KILL=9 | ACTIONS=9 | INTENT: focus=2 ratio=0.20
      [KILL] black_usv2
      [RELEASE] white_usv2->black_usv2(目标失效)
      [RELEASE] white_usv5->black_usv2(目标失效)
      [RELEASE] white_usv1->black_usv2(目标失效)
[t=12,410s] step=630 | MISSION=GLOBAL_R | USV: 4/5 (avail=4 int=0 lock=0 frz=0) | UAV: air=5 rtb=0 chg=0 loiter=0 | TRACKS: vis=0 lost=0 engaged=0 | TOP:  | KILL=9 | ACTIONS=9 | INTENT: focus=2 ratio=0.20
      [DETECT] black_usv1
      [ASSIGN] white_usv2->black_usv1
      [ASSIGN] white_usv4->black_usv1
      [ASSIGN] white_usv1->black_usv1
[t=12,610s] step=640 | MISSION=NORMAL_C | USV: 4/5 (avail=1 int=1 lock=2 frz=0) | UAV: air=5 rtb=0 chg=0 loiter=0 | TRACKS: vis=1 lost=0 engaged=1 | TOP: black_usv1(x169,054) | KILL=9 | ACTIONS=9 | INTENT: focus=2 ratio=0.20
[t=12,807s] step=650 | MISSION=NORMAL_C | USV: 4/5 (avail=1 int=1 lock=2 frz=0) | UAV: air=5 rtb=0 chg=0 loiter=0 | TRACKS: vis=1 lost=0 engaged=1 | TOP: black_usv1(x168,189) | KILL=9 | ACTIONS=9 | INTENT: focus=2 ratio=0.20

========================================================================
对局结果: Result.Victory — 敌方所有单位被击毁
  击杀蓝舰: 10 | 命中: 20 | 我方USV损失: 1 | UAV损失: 0 | 突破: 0
[META] result=Result.Victory victory_time=12988 first_detection=1843 first_lock=7455 first_kill=8408 enemy_kills=10 friendly_usv_losses=1 friendly_uav_losses=0 black_breakthrough=0 reacquire_attempts=159 reacquire_success=159 sensor_assisted_locks=73 low_conf_commitments=0 global_reacquire_entries=1 global_reacquire_success=1 coverage_collapse_events=1 active_clusters_max=1 coverage_quality_final=0.15 commander_source=default_intent commander_calls=0 commander_changes=0 commander_no_change=0 commander_parse_failures=0 commander_api_failures=0 commander_policy_failures=0 commander_avg_latency=0.0
Done
