========================================================================
HYBRID AGENT V5 — Variable-Cardinality Hierarchical Maritime Agent
  启用UAV: True | LLM_ENABLED: False
========================================================================
对局 38 开始
      [UAV RELAUNCH] white_uav3
      [UAV RELAUNCH] white_uav4
      [UAV RELAUNCH] white_uav5
      [UAV RELAUNCH] white_uav9
      [UAV RELAUNCH] white_uav10
      [UAV RELAUNCH] white_uav1
      [UAV RELAUNCH] white_uav8
      [UAV RELAUNCH] white_uav7
      [UAV RELAUNCH] white_uav2
      [UAV RELAUNCH] white_uav6
[t=234s] step=10 | MISSION=NORMAL_C | USV: 10/10 (avail=10 int=0 lock=0 frz=0) | UAV: air=10 rtb=0 chg=0 loiter=0 | TRACKS: vis=0 lost=0 engaged=0 | TOP:  | KILL=0 | ACTIONS=20 | INTENT: focus=2 ratio=0.20
  [INTENT APPLIED]
    ThreatAllocator: focus 2 emergency 3 reserve_ratio 0.20 reserve_usvs None bias breakthrough_eta
    UAVManager: mode search_and_reacquire uav_priority []
[t=507s] step=20 | MISSION=NORMAL_C | USV: 10/10 (avail=10 int=0 lock=0 frz=0) | UAV: air=10 rtb=0 chg=0 loiter=0 | TRACKS: vis=0 lost=0 engaged=0 | TOP:  | KILL=0 | ACTIONS=20 | INTENT: focus=2 ratio=0.20
[t=756s] step=30 | MISSION=NORMAL_C | USV: 10/10 (avail=10 int=0 lock=0 frz=0) | UAV: air=10 rtb=0 chg=0 loiter=0 | TRACKS: vis=0 lost=0 engaged=0 | TOP:  | KILL=0 | ACTIONS=20 | INTENT: focus=2 ratio=0.20
[t=1,002s] step=40 | MISSION=NORMAL_C | USV: 10/10 (avail=10 int=0 lock=0 frz=0) | UAV: air=10 rtb=0 chg=0 loiter=0 | TRACKS: vis=0 lost=0 engaged=0 | TOP:  | KILL=0 | ACTIONS=20 | INTENT: focus=2 ratio=0.20
[t=1,263s] step=50 | MISSION=NORMAL_C | USV: 10/10 (avail=10 int=0 lock=0 frz=0) | UAV: air=10 rtb=0 chg=0 loiter=0 | TRACKS: vis=0 lost=0 engaged=0 | TOP:  | KILL=0 | ACTIONS=20 | INTENT: focus=2 ratio=0.20
[t=1,520s] step=60 | MISSION=NORMAL_C | USV: 10/10 (avail=10 int=0 lock=0 frz=0) | UAV: air=10 rtb=0 chg=0 loiter=0 | TRACKS: vis=0 lost=0 engaged=0 | TOP:  | KILL=0 | ACTIONS=20 | INTENT: focus=2 ratio=0.20
[t=1,762s] step=70 | MISSION=NORMAL_C | USV: 10/10 (avail=10 int=0 lock=0 frz=0) | UAV: air=10 rtb=0 chg=0 loiter=0 | TRACKS: vis=0 lost=0 engaged=0 | TOP:  | KILL=0 | ACTIONS=20 | INTENT: focus=2 ratio=0.20
      [DETECT] black_usv16
      [DETECT] black_usv13
      [DETECT] black_usv15
      [ASSIGN] white_usv4->black_usv15
      [ASSIGN] white_usv3->black_usv16
      [ASSIGN] white_usv5->black_usv13
      [DETECT] black_usv10
      [DETECT] black_usv12
      [DETECT] black_usv4
      [DETECT] black_usv14
      [DETECT] black_usv2
      [DETECT] black_usv5
      [DETECT] black_usv18
      [DETECT] black_usv8
      [DETECT] black_usv6
      [DETECT] black_usv17
      [DETECT] black_usv9
      [DETECT] black_usv20
      [DETECT] black_usv7
      [DETECT] black_usv11
      [DETECT] black_usv3
      [DETECT] black_usv19
      [ASSIGN] white_usv9->black_usv17
      [ASSIGN] white_usv10->black_usv20
      [ASSIGN] white_usv2->black_usv5
      [ASSIGN] white_usv7->black_usv7
      [ASSIGN] white_usv1->black_usv4
      [ASSIGN] white_usv6->black_usv12
      [ASSIGN] white_usv8->black_usv6
      [DETECT] black_usv1
[t=2,030s] step=80 | MISSION=NORMAL_C | USV: 10/10 (avail=0 int=10 lock=0 frz=0) | UAV: air=10 rtb=0 chg=0 loiter=0 | TRACKS: vis=20 lost=0 engaged=0 | TOP: black_usv8(x239,905) black_usv11(x239,981) black_usv3(x240,014) | KILL=0 | ACTIONS=20 | INTENT: focus=2 ratio=0.20
[t=2,314s] step=90 | MISSION=NORMAL_C | USV: 10/10 (avail=0 int=10 lock=0 frz=0) | UAV: air=10 rtb=0 chg=0 loiter=0 | TRACKS: vis=20 lost=0 engaged=0 | TOP: black_usv8(x237,095) black_usv11(x237,182) black_usv3(x237,219) | KILL=0 | ACTIONS=20 | INTENT: focus=2 ratio=0.20
[t=2,594s] step=100 | MISSION=NORMAL_C | USV: 10/10 (avail=0 int=10 lock=0 frz=0) | UAV: air=10 rtb=0 chg=0 loiter=0 | TRACKS: vis=20 lost=0 engaged=0 | TOP: black_usv8(x234,325) black_usv11(x234,422) black_usv3(x234,464) | KILL=0 | ACTIONS=20 | INTENT: focus=2 ratio=0.20
[t=2,859s] step=110 | MISSION=NORMAL_C | USV: 10/10 (avail=0 int=10 lock=0 frz=0) | UAV: air=10 rtb=0 chg=0 loiter=0 | TRACKS: vis=20 lost=0 engaged=0 | TOP: black_usv8(x231,703) black_usv11(x231,810) black_usv3(x231,856) | KILL=0 | ACTIONS=20 | INTENT: focus=2 ratio=0.20
[t=3,132s] step=120 | MISSION=NORMAL_C | USV: 10/10 (avail=0 int=10 lock=0 frz=0) | UAV: air=10 rtb=0 chg=0 loiter=0 | TRACKS: vis=20 lost=0 engaged=0 | TOP: black_usv8(x229,002) black_usv11(x229,119) black_usv3(x229,170) | KILL=0 | ACTIONS=20 | INTENT: focus=2 ratio=0.20
[t=3,389s] step=130 | MISSION=NORMAL_C | USV: 10/10 (avail=0 int=10 lock=0 frz=0) | UAV: air=10 rtb=0 chg=0 loiter=0 | TRACKS: vis=20 lost=0 engaged=0 | TOP: black_usv8(x226,459) black_usv11(x226,585) black_usv3(x226,641) | KILL=0 | ACTIONS=20 | INTENT: focus=2 ratio=0.20
[t=3,646s] step=140 | MISSION=NORMAL_C | USV: 10/10 (avail=0 int=10 lock=0 frz=0) | UAV: air=10 rtb=0 chg=0 loiter=0 | TRACKS: vis=20 lost=0 engaged=0 | TOP: black_usv8(x223,916) black_usv11(x224,052) black_usv3(x224,112) | KILL=0 | ACTIONS=20 | INTENT: focus=2 ratio=0.20
[t=3,924s] step=150 | MISSION=NORMAL_C | USV: 10/10 (avail=0 int=10 lock=0 frz=0) | UAV: air=10 rtb=0 chg=0 loiter=0 | TRACKS: vis=20 lost=0 engaged=0 | TOP: black_usv8(x221,166) black_usv11(x221,312) black_usv3(x221,376) | KILL=0 | ACTIONS=20 | INTENT: focus=2 ratio=0.20
[t=4,184s] step=160 | MISSION=NORMAL_C | USV: 10/10 (avail=0 int=10 lock=0 frz=0) | UAV: air=10 rtb=0 chg=0 loiter=0 | TRACKS: vis=20 lost=0 engaged=0 | TOP: black_usv8(x218,592) black_usv11(x218,748) black_usv3(x218,816) | KILL=0 | ACTIONS=20 | INTENT: focus=2 ratio=0.20
[t=4,451s] step=170 | MISSION=NORMAL_C | USV: 10/10 (avail=0 int=10 lock=0 frz=0) | UAV: air=10 rtb=0 chg=0 loiter=0 | TRACKS: vis=20 lost=0 engaged=0 | TOP: black_usv8(x215,952) black_usv11(x216,118) black_usv3(x216,190) | KILL=0 | ACTIONS=20 | INTENT: focus=2 ratio=0.20
[t=4,716s] step=180 | MISSION=NORMAL_C | USV: 10/10 (avail=0 int=10 lock=0 frz=0) | UAV: air=10 rtb=0 chg=0 loiter=0 | TRACKS: vis=20 lost=0 engaged=0 | TOP: black_usv8(x213,330) black_usv11(x213,505) black_usv3(x213,582) | KILL=0 | ACTIONS=20 | INTENT: focus=2 ratio=0.20
[t=4,993s] step=190 | MISSION=NORMAL_C | USV: 10/10 (avail=0 int=10 lock=0 frz=0) | UAV: air=10 rtb=0 chg=0 loiter=0 | TRACKS: vis=20 lost=0 engaged=0 | TOP: black_usv8(x210,589) black_usv11(x210,775) black_usv3(x210,856) | KILL=0 | ACTIONS=20 | INTENT: focus=2 ratio=0.20
[t=5,264s] step=200 | MISSION=NORMAL_C | USV: 10/10 (avail=0 int=10 lock=0 frz=0) | UAV: air=10 rtb=0 chg=0 loiter=0 | TRACKS: vis=16 lost=4 engaged=0 | TOP: black_usv8(x207,908) black_usv11(x208,104) black_usv3(x208,190) | KILL=0 | ACTIONS=20 | INTENT: focus=2 ratio=0.20
[t=5,533s] step=210 | MISSION=NORMAL_C | USV: 10/10 (avail=0 int=10 lock=0 frz=0) | UAV: air=10 rtb=0 chg=0 loiter=0 | TRACKS: vis=20 lost=0 engaged=0 | TOP: black_usv8(x205,246) black_usv11(x205,452) black_usv3(x205,543) | KILL=0 | ACTIONS=20 | INTENT: focus=2 ratio=0.20
[t=5,821s] step=220 | MISSION=NORMAL_C | USV: 10/10 (avail=0 int=10 lock=0 frz=0) | UAV: air=10 rtb=0 chg=0 loiter=0 | TRACKS: vis=20 lost=0 engaged=0 | TOP: black_usv8(x202,397) black_usv11(x202,614) black_usv3(x202,708) | KILL=0 | ACTIONS=20 | INTENT: focus=2 ratio=0.20
[t=6,098s] step=230 | MISSION=NORMAL_C | USV: 10/10 (avail=0 int=10 lock=0 frz=0) | UAV: air=10 rtb=0 chg=0 loiter=0 | TRACKS: vis=20 lost=0 engaged=0 | TOP: black_usv8(x199,656) black_usv11(x199,883) black_usv3(x199,983) | KILL=0 | ACTIONS=20 | INTENT: focus=2 ratio=0.20
[t=6,365s] step=240 | MISSION=NORMAL_C | USV: 10/10 (avail=0 int=10 lock=0 frz=0) | UAV: air=10 rtb=0 chg=0 loiter=0 | TRACKS: vis=20 lost=0 engaged=0 | TOP: black_usv8(x197,014) black_usv11(x197,252) black_usv3(x197,355) | KILL=0 | ACTIONS=20 | INTENT: focus=2 ratio=0.20
[t=6,655s] step=250 | MISSION=NORMAL_C | USV: 10/10 (avail=0 int=10 lock=0 frz=0) | UAV: air=10 rtb=0 chg=0 loiter=0 | TRACKS: vis=20 lost=0 engaged=0 | TOP: black_usv8(x194,145) black_usv11(x194,393) black_usv3(x194,501) | KILL=0 | ACTIONS=20 | INTENT: focus=2 ratio=0.20
[t=6,941s] step=260 | MISSION=NORMAL_C | USV: 10/10 (avail=0 int=10 lock=0 frz=0) | UAV: air=10 rtb=0 chg=0 loiter=0 | TRACKS: vis=20 lost=0 engaged=0 | TOP: black_usv8(x191,316) black_usv9(x191,928) black_usv3(x191,682) | KILL=0 | ACTIONS=20 | INTENT: focus=2 ratio=0.20
[t=7,213s] step=270 | MISSION=NORMAL_C | USV: 10/10 (avail=0 int=10 lock=0 frz=0) | UAV: air=10 rtb=0 chg=0 loiter=0 | TRACKS: vis=20 lost=0 engaged=0 | TOP: black_usv8(x188,624) black_usv9(x189,216) black_usv3(x188,987) | KILL=0 | ACTIONS=20 | INTENT: focus=2 ratio=0.20
      [ASSIGN] white_usv9->black_usv15(机会锁定)
      [ASSIGN] white_usv4->black_usv13(机会锁定)
      [ASSIGN] white_usv2->black_usv8(机会锁定)
      [ASSIGN] white_usv1->black_usv8(机会锁定)
      [ASSIGN] white_usv7->black_usv4(机会锁定)
      [ASSIGN] white_usv3->black_usv12(机会锁定)
      [ASSIGN] white_usv8->black_usv11(机会锁定)
[t=7,523s] step=280 | MISSION=NORMAL_C | USV: 10/10 (avail=0 int=0 lock=10 frz=0) | UAV: air=10 rtb=0 chg=0 loiter=0 | TRACKS: vis=18 lost=2 engaged=7 | TOP: black_usv16(x185,018) black_usv7(x185,497) black_usv6(x185,555) | KILL=0 | ACTIONS=20 | INTENT: focus=2 ratio=0.20
      [ASSIGN] white_usv9->black_usv16(机会锁定)
      [ASSIGN] white_usv5->black_usv16(机会锁定)
      [ASSIGN] white_usv6->black_usv16(机会锁定)
      [ASSIGN] white_usv4->black_usv15(机会锁定)
      [ASSIGN] white_usv10->black_usv14(机会锁定)
      [ASSIGN] white_usv2->black_usv5(机会锁定)
      [ASSIGN] white_usv1->black_usv7(机会锁定)
      [ASSIGN] white_usv7->black_usv2(机会锁定)
      [ASSIGN] white_usv3->black_usv13(机会锁定)
      [ASSIGN] white_usv8->black_usv4(机会锁定)
[t=7,842s] step=290 | MISSION=NORMAL_C | USV: 10/10 (avail=0 int=1 lock=9 frz=0) | UAV: air=10 rtb=0 chg=0 loiter=0 | TRACKS: vis=19 lost=1 engaged=7 | TOP: black_usv4(x182,109) black_usv12(x182,811) black_usv6(x182,399) | KILL=1 | ACTIONS=20 | INTENT: focus=2 ratio=0.20
      [ASSIGN] white_usv9->black_usv17(机会锁定)
      [ASSIGN] white_usv5->black_usv17(机会锁定)
      [ASSIGN] white_usv6->black_usv12(机会锁定)
      [ASSIGN] white_usv4->black_usv16(机会锁定)
      [ASSIGN] white_usv10->black_usv20(机会锁定)
      [ASSIGN] white_usv2->black_usv6(机会锁定)
      [ASSIGN] white_usv1->black_usv9(机会锁定)
      [ASSIGN] white_usv7->black_usv7(机会锁定)
      [ASSIGN] white_usv3->black_usv19(机会锁定)
      [ASSIGN] white_usv8->black_usv2(机会锁定)
[t=8,164s] step=300 | MISSION=NORMAL_C | USV: 10/10 (avail=0 int=1 lock=9 frz=0) | UAV: air=10 rtb=0 chg=0 loiter=0 | TRACKS: vis=19 lost=1 engaged=8 | TOP: black_usv3(x179,564) black_usv13(x181,363) black_usv2(x180,593) | KILL=2 | ACTIONS=20 | INTENT: focus=2 ratio=0.20
      [KILL] black_usv8
      [ASSIGN] white_usv9->black_usv16(机会锁定)
      [ASSIGN] white_usv5->black_usv13(机会锁定)
      [ASSIGN] white_usv6->black_usv13(机会锁定)
      [ASSIGN] white_usv10->black_usv14(机会锁定)
      [ASSIGN] white_usv2->black_usv5(机会锁定)
      [ASSIGN] white_usv1->black_usv4(机会锁定)
      [ASSIGN] white_usv7->black_usv9(机会锁定)
      [ASSIGN] white_usv3->black_usv17(机会锁定)
      [ASSIGN] white_usv3->black_usv19(机会锁定)
[t=8,471s] step=310 | MISSION=NORMAL_C | USV: 9/10 (avail=0 int=1 lock=8 frz=0) | UAV: air=10 rtb=0 chg=0 loiter=0 | TRACKS: vis=19 lost=0 engaged=7 | TOP: black_usv6(x176,175) black_usv3(x176,523) black_usv1(x177,857) | KILL=6 | ACTIONS=19 | INTENT: focus=2 ratio=0.20
      [ASSIGN] white_usv8->black_usv6(机会锁定)
      [ASSIGN] white_usv9->black_usv17(机会锁定)
      [KILL] black_usv15
      [ASSIGN] white_usv9->black_usv16(机会锁定)
      [ASSIGN] white_usv10->black_usv20(机会锁定)
      [ASSIGN] white_usv2->black_usv9(机会锁定)
      [ASSIGN] white_usv1->black_usv9(机会锁定)
      [ASSIGN] white_usv5->black_usv16(机会锁定)
      [ASSIGN] white_usv6->black_usv2(机会锁定)
      [ASSIGN] white_usv9->black_usv14(机会锁定)
      [ASSIGN] white_usv10->black_usv14(机会锁定)
      [ASSIGN] white_usv5->black_usv13(机会锁定)
      [ASSIGN] white_usv9->black_usv16(机会锁定)
      [ASSIGN] white_usv10->black_usv20(机会锁定)
      [ASSIGN] white_usv5->black_usv16(机会锁定)
      [ASSIGN] white_usv9->black_usv14(机会锁定)
      [ASSIGN] white_usv10->black_usv14(机会锁定)
      [ASSIGN] white_usv2->black_usv5(机会锁定)
      [ASSIGN] white_usv1->black_usv5(机会锁定)
      [ASSIGN] white_usv5->black_usv13(机会锁定)
      [ASSIGN] white_usv9->black_usv16(机会锁定)
      [ASSIGN] white_usv10->black_usv20(机会锁定)
      [ASSIGN] white_usv3->black_usv16(机会锁定)
      [ASSIGN] white_usv5->black_usv16(机会锁定)
[t=8,819s] step=320 | MISSION=NORMAL_C | USV: 8/10 (avail=0 int=4 lock=4 frz=0) | UAV: air=10 rtb=0 chg=0 loiter=0 | TRACKS: vis=17 lost=1 engaged=3 | TOP: black_usv3(x173,075) black_usv1(x174,483) black_usv16(x176,995) | KILL=12 | ACTIONS=18 | INTENT: focus=2 ratio=0.20
      [ASSIGN] white_usv9->black_usv14(机会锁定)
      [ASSIGN] white_usv10->black_usv14(机会锁定)
      [ASSIGN] white_usv3->black_usv13(机会锁定)
      [ASSIGN] white_usv5->black_usv13(机会锁定)
      [ASSIGN] white_usv8->black_usv4(机会锁定)
      [ASSIGN] white_usv9->black_usv16(机会锁定)
      [ASSIGN] white_usv10->black_usv20(机会锁定)
      [ASSIGN] white_usv3->black_usv16(机会锁定)
      [ASSIGN] white_usv5->black_usv2(机会锁定)
      [ASSIGN] white_usv8->black_usv6(机会锁定)
      [KILL] black_usv12
      [KILL] black_usv17
      [ASSIGN] white_usv9->black_usv14(机会锁定)
      [ASSIGN] white_usv10->black_usv14(机会锁定)
      [ASSIGN] white_usv3->black_usv13(机会锁定)
      [ASSIGN] white_usv5->black_usv13(机会锁定)
      [ASSIGN] white_usv8->black_usv4(机会锁定)
      [KILL] black_usv20
      [ASSIGN] white_usv3->black_usv16(机会锁定)
      [ASSIGN] white_usv8->black_usv6(机会锁定)
      [ASSIGN] white_usv9->black_usv16(机会锁定)
      [ASSIGN] white_usv3->black_usv19(机会锁定)
      [ASSIGN] white_usv5->black_usv2(机会锁定)
      [ASSIGN] white_usv6->black_usv4(机会锁定)
      [ASSIGN] white_usv9->black_usv13(机会锁定)
      [ASSIGN] white_usv3->black_usv13(机会锁定)
      [ASSIGN] white_usv6->black_usv13(机会锁定)
      [KILL] black_usv7
      [ASSIGN] white_usv9->black_usv16(机会锁定)
      [ASSIGN] white_usv3->black_usv16(机会锁定)
      [ASSIGN] white_usv6->black_usv16(机会锁定)
      [ASSIGN] white_usv9->black_usv13(机会锁定)
      [ASSIGN] white_usv1->black_usv3(机会锁定)
      [ASSIGN] white_usv3->black_usv13(机会锁定)
      [ASSIGN] white_usv6->black_usv13(机会锁定)
      [ASSIGN] white_usv9->black_usv16(机会锁定)
      [ASSIGN] white_usv3->black_usv16(机会锁定)
      [ASSIGN] white_usv6->black_usv16(机会锁定)
      [ASSIGN] white_usv9->black_usv13(机会锁定)
      [ASSIGN] white_usv3->black_usv13(机会锁定)
      [ASSIGN] white_usv6->black_usv13(机会锁定)
[t=9,187s] step=330 | MISSION=NORMAL_C | USV: 7/10 (avail=0 int=4 lock=3 frz=0) | UAV: air=10 rtb=0 chg=0 loiter=0 | TRACKS: vis=14 lost=0 engaged=3 | TOP: black_usv1(x170,915) black_usv13(x176,625) black_usv4(x176,905) | KILL=13 | ACTIONS=17 | INTENT: focus=2 ratio=0.20
      [ASSIGN] white_usv9->black_usv16(机会锁定)
      [ASSIGN] white_usv3->black_usv16(机会锁定)
      [ASSIGN] white_usv6->black_usv2(机会锁定)
      [KILL] black_usv16
      [RELEASE] white_usv9->black_usv16(目标失效)
      [ASSIGN] white_usv9->black_usv13(机会锁定)
      [KILL] black_usv13
      [KILL] black_usv4
      [KILL] black_usv14
      [RELEASE] white_usv9->black_usv13(目标失效)
      [ASSIGN] white_usv9->black_usv19(机会锁定)
      [RELEASE] white_usv10->black_usv14(目标失效)
      [ASSIGN] white_usv8->black_usv5(机会锁定)
      [ASSIGN] white_usv9->black_usv11(机会锁定)
      [ASSIGN] white_usv5->black_usv11(机会锁定)
      [ASSIGN] white_usv10->black_usv1
      [ASSIGN] white_usv5->black_usv19(机会锁定)
      [KILL] black_usv9
      [ASSIGN] white_usv5->black_usv2(机会锁定)
      [KILL] black_usv19
      [ASSIGN] white_usv1->black_usv6(机会锁定)
      [ASSIGN] white_usv6->black_usv11(机会锁定)
      [ASSIGN] white_usv10->black_usv10(机会锁定)
[t=9,543s] step=340 | MISSION=NORMAL_C | USV: 5/10 (avail=0 int=1 lock=4 frz=0) | UAV: air=10 rtb=0 chg=0 loiter=0 | TRACKS: vis=8 lost=0 engaged=3 | TOP: black_usv3(x167,051) black_usv1(x167,463) black_usv18(x176,932) | KILL=14 | ACTIONS=15 | INTENT: focus=2 ratio=0.20
      [ASSIGN] white_usv9->black_usv2(机会锁定)
      [ASSIGN] white_usv6->black_usv5(机会锁定)
      [KILL] black_usv5
      [ASSIGN] white_usv9->black_usv11(机会锁定)
      [RELEASE] white_usv6->black_usv5(目标失效)
      [ASSIGN] white_usv6->black_usv11(机会锁定)
      [ASSIGN] white_usv9->black_usv2(机会锁定)
      [ASSIGN] white_usv6->black_usv18(机会锁定)
      [ASSIGN] white_usv9->black_usv11(机会锁定)
      [KILL] black_usv2
      [ASSIGN] white_usv9->black_usv10(机会锁定)
      [RELEASE] white_usv5->black_usv2(目标失效)
      [ASSIGN] white_usv5->black_usv11(机会锁定)
[t=9,977s] step=350 | MISSION=NORMAL_C | USV: 4/10 (avail=0 int=2 lock=2 frz=0) | UAV: air=10 rtb=0 chg=0 loiter=0 | TRACKS: vis=6 lost=0 engaged=2 | TOP: black_usv1(x163,255) black_usv3(x164,584) black_usv6(x166,469) | KILL=16 | ACTIONS=14 | INTENT: focus=2 ratio=0.20
      [ASSIGN] white_usv5->black_usv6(机会锁定)
      [ASSIGN] white_usv5->black_usv11(机会锁定)
      [ASSIGN] white_usv5->black_usv6(机会锁定)
      [ASSIGN] white_usv6->black_usv6(机会锁定)
      [ASSIGN] white_usv5->black_usv11(机会锁定)
      [ASSIGN] white_usv6->black_usv11(机会锁定)
      [ASSIGN] white_usv5->black_usv6(机会锁定)
      [ASSIGN] white_usv6->black_usv6(机会锁定)
      [ASSIGN] white_usv5->black_usv11(机会锁定)
      [ASSIGN] white_usv6->black_usv11(机会锁定)
      [KILL] black_usv11
      [RELEASE] white_usv5->black_usv11(目标失效)
      [ASSIGN] white_usv5->black_usv6(机会锁定)
      [RELEASE] white_usv6->black_usv11(目标失效)
      [ASSIGN] white_usv6->black_usv6(机会锁定)
      [ASSIGN] white_usv5->black_usv18(机会锁定)
      [ASSIGN] white_usv6->black_usv18(机会锁定)
      [KILL] black_usv6
[t=10,429s] step=360 | MISSION=NORMAL_C | USV: 4/10 (avail=0 int=2 lock=2 frz=0) | UAV: air=10 rtb=0 chg=0 loiter=0 | TRACKS: vis=4 lost=0 engaged=1 | TOP: black_usv1(x158,873) black_usv3(x160,106) black_usv18(x171,841) | KILL=17 | ACTIONS=14 | INTENT: focus=2 ratio=0.20
      [KILL] black_usv10
      [RELEASE] white_usv9->black_usv10(目标失效)
      [RELEASE] white_usv10->black_usv10(目标失效)
      [ASSIGN] white_usv5->black_usv3(机会锁定)
      [ASSIGN] white_usv10->black_usv3
      [ASSIGN] white_usv9->black_usv1
[t=10,850s] step=370 | MISSION=NORMAL_C | USV: 3/10 (avail=0 int=2 lock=1 frz=0) | UAV: air=10 rtb=0 chg=0 loiter=0 | TRACKS: vis=2 lost=1 engaged=1 | TOP: black_usv18(x169,447) black_usv1(x154,791) black_usv3(x155,934) | KILL=18 | ACTIONS=13 | INTENT: focus=2 ratio=0.20
      [ASSIGN] white_usv5->black_usv18(机会锁定)
      [KILL] black_usv18
      [RELEASE] white_usv5->black_usv18(目标失效)
      [ASSIGN] white_usv5->black_usv3(机会锁定)
[t=11,337s] step=380 | MISSION=NORMAL_C | USV: 3/10 (avail=0 int=3 lock=0 frz=0) | UAV: air=10 rtb=0 chg=0 loiter=0 | TRACKS: vis=2 lost=0 engaged=0 | TOP: black_usv1(x150,069) black_usv3(x154,062) | KILL=19 | ACTIONS=13 | INTENT: focus=2 ratio=0.20
      [ASSIGN] white_usv5->black_usv1(机会锁定)
      [KILL] black_usv3
      [RELEASE] white_usv10->black_usv3(目标失效)
      [ASSIGN] white_usv10->black_usv1
[t=11,870s] step=390 | MISSION=NORMAL_C | USV: 3/10 (avail=0 int=2 lock=1 frz=0) | UAV: air=10 rtb=0 chg=0 loiter=0 | TRACKS: vis=1 lost=0 engaged=1 | TOP: black_usv1(x144,901) | KILL=19 | ACTIONS=13 | INTENT: focus=2 ratio=0.20
[t=12,420s] step=400 | MISSION=NORMAL_C | USV: 3/10 (avail=0 int=2 lock=1 frz=0) | UAV: air=10 rtb=0 chg=0 loiter=0 | TRACKS: vis=1 lost=0 engaged=1 | TOP: black_usv1(x142,478) | KILL=19 | ACTIONS=13 | INTENT: focus=2 ratio=0.20

========================================================================
对局结果: Result.Victory — 敌方所有单位被击毁
  击杀蓝舰: 20 | 命中: 40 | 我方USV损失: 7 | UAV损失: 0 | 突破: 0
[META] result=Result.Victory victory_time=12991 first_detection=1841 first_lock=7388 first_kill=8319 enemy_kills=20 friendly_usv_losses=7 friendly_uav_losses=0 black_breakthrough=0 reacquire_attempts=68 reacquire_success=68 sensor_assisted_locks=60 low_conf_commitments=0 global_reacquire_entries=0 global_reacquire_success=0 coverage_collapse_events=1 active_clusters_max=0 coverage_quality_final=0.23 commander_source=default_intent commander_calls=0 commander_changes=0 commander_no_change=0 commander_parse_failures=0 commander_api_failures=0 commander_policy_failures=0 commander_avg_latency=0.0
Done
