========================================================================
HYBRID AGENT V5 — Variable-Cardinality Hierarchical Maritime Agent
  启用UAV: True | LLM_ENABLED: False
========================================================================
对局 108 开始
      [UAV RELAUNCH] white_uav1
      [UAV RELAUNCH] white_uav3
      [UAV RELAUNCH] white_uav6
      [UAV RELAUNCH] white_uav10
      [UAV RELAUNCH] white_uav7
      [UAV RELAUNCH] white_uav9
      [UAV RELAUNCH] white_uav5
      [UAV RELAUNCH] white_uav4
      [UAV RELAUNCH] white_uav2
      [UAV RELAUNCH] white_uav8
[t=256s] step=10 | MISSION=NORMAL_C | USV: 10/10 (avail=10 int=0 lock=0 frz=0) | UAV: air=10 rtb=0 chg=0 loiter=0 | TRACKS: vis=0 lost=0 engaged=0 | TOP:  | KILL=0 | ACTIONS=20 | INTENT: focus=2 ratio=0.20
  [INTENT APPLIED]
    ThreatAllocator: focus 2 emergency 3 reserve_ratio 0.20 reserve_usvs None bias breakthrough_eta
    UAVManager: mode search_and_reacquire uav_priority []
[t=539s] step=20 | MISSION=NORMAL_C | USV: 10/10 (avail=10 int=0 lock=0 frz=0) | UAV: air=10 rtb=0 chg=0 loiter=0 | TRACKS: vis=0 lost=0 engaged=0 | TOP:  | KILL=0 | ACTIONS=20 | INTENT: focus=2 ratio=0.20
[t=815s] step=30 | MISSION=NORMAL_C | USV: 10/10 (avail=10 int=0 lock=0 frz=0) | UAV: air=10 rtb=0 chg=0 loiter=0 | TRACKS: vis=0 lost=0 engaged=0 | TOP:  | KILL=0 | ACTIONS=20 | INTENT: focus=2 ratio=0.20
[t=1,104s] step=40 | MISSION=NORMAL_C | USV: 10/10 (avail=10 int=0 lock=0 frz=0) | UAV: air=10 rtb=0 chg=0 loiter=0 | TRACKS: vis=0 lost=0 engaged=0 | TOP:  | KILL=0 | ACTIONS=20 | INTENT: focus=2 ratio=0.20
[t=1,387s] step=50 | MISSION=NORMAL_C | USV: 10/10 (avail=10 int=0 lock=0 frz=0) | UAV: air=10 rtb=0 chg=0 loiter=0 | TRACKS: vis=0 lost=0 engaged=0 | TOP:  | KILL=0 | ACTIONS=20 | INTENT: focus=2 ratio=0.20
[t=1,686s] step=60 | MISSION=NORMAL_C | USV: 10/10 (avail=10 int=0 lock=0 frz=0) | UAV: air=10 rtb=0 chg=0 loiter=0 | TRACKS: vis=0 lost=0 engaged=0 | TOP:  | KILL=0 | ACTIONS=20 | INTENT: focus=2 ratio=0.20
      [DETECT] black_usv13
      [DETECT] black_usv9
      [DETECT] black_usv12
      [DETECT] black_usv10
      [DETECT] black_usv7
      [DETECT] black_usv14
      [DETECT] black_usv8
      [DETECT] black_usv11
      [ASSIGN] white_usv5->black_usv11
      [ASSIGN] white_usv1->black_usv7
      [ASSIGN] white_usv2->black_usv9
      [ASSIGN] white_usv7->black_usv13
      [ASSIGN] white_usv8->black_usv12
      [ASSIGN] white_usv10->black_usv14
      [ASSIGN] white_usv3->black_usv10
      [ASSIGN] white_usv4->black_usv8
      [DETECT] black_usv17
      [DETECT] black_usv16
      [DETECT] black_usv15
      [DETECT] black_usv4
      [DETECT] black_usv6
      [ASSIGN] white_usv6->black_usv15
      [ASSIGN] white_usv9->black_usv17
      [DETECT] black_usv5
      [DETECT] black_usv18
      [DETECT] black_usv19
      [DETECT] black_usv3
      [DETECT] black_usv20
      [DETECT] black_usv2
      [DETECT] black_usv1
[t=1,979s] step=70 | MISSION=NORMAL_C | USV: 10/10 (avail=0 int=10 lock=0 frz=0) | UAV: air=10 rtb=0 chg=0 loiter=0 | TRACKS: vis=20 lost=0 engaged=0 | TOP: black_usv4(x242,127) black_usv6(x242,336) black_usv18(x242,421) | KILL=0 | ACTIONS=20 | INTENT: focus=2 ratio=0.20
[t=2,275s] step=80 | MISSION=NORMAL_C | USV: 10/10 (avail=0 int=10 lock=0 frz=0) | UAV: air=10 rtb=0 chg=0 loiter=0 | TRACKS: vis=20 lost=0 engaged=0 | TOP: black_usv4(x239,488) black_usv6(x239,731) black_usv18(x239,830) | KILL=0 | ACTIONS=20 | INTENT: focus=2 ratio=0.20
[t=2,576s] step=90 | MISSION=NORMAL_C | USV: 10/10 (avail=0 int=10 lock=0 frz=0) | UAV: air=10 rtb=0 chg=0 loiter=0 | TRACKS: vis=19 lost=1 engaged=0 | TOP: black_usv6(x237,083) black_usv18(x237,196) black_usv3(x238,579) | KILL=0 | ACTIONS=20 | INTENT: focus=2 ratio=0.20
[t=2,858s] step=100 | MISSION=NORMAL_C | USV: 10/10 (avail=0 int=10 lock=0 frz=0) | UAV: air=10 rtb=0 chg=0 loiter=0 | TRACKS: vis=19 lost=0 engaged=0 | TOP: black_usv6(x234,601) black_usv18(x234,727) black_usv3(x236,275) | KILL=0 | ACTIONS=20 | INTENT: focus=2 ratio=0.20
[t=3,153s] step=110 | MISSION=NORMAL_C | USV: 10/10 (avail=0 int=10 lock=0 frz=0) | UAV: air=10 rtb=0 chg=0 loiter=0 | TRACKS: vis=19 lost=0 engaged=0 | TOP: black_usv6(x232,005) black_usv18(x232,145) black_usv3(x233,865) | KILL=0 | ACTIONS=20 | INTENT: focus=2 ratio=0.20
[t=3,455s] step=120 | MISSION=NORMAL_C | USV: 10/10 (avail=0 int=10 lock=0 frz=0) | UAV: air=10 rtb=0 chg=0 loiter=0 | TRACKS: vis=17 lost=2 engaged=0 | TOP: black_usv6(x229,347) black_usv3(x231,397) black_usv19(x231,962) | KILL=0 | ACTIONS=20 | INTENT: focus=2 ratio=0.20
[t=3,753s] step=130 | MISSION=NORMAL_C | USV: 10/10 (avail=0 int=10 lock=0 frz=0) | UAV: air=10 rtb=0 chg=0 loiter=0 | TRACKS: vis=16 lost=3 engaged=0 | TOP: black_usv6(x226,725) black_usv3(x228,963) black_usv19(x229,579) | KILL=0 | ACTIONS=20 | INTENT: focus=2 ratio=0.20
[t=4,053s] step=140 | MISSION=NORMAL_C | USV: 10/10 (avail=0 int=10 lock=0 frz=0) | UAV: air=10 rtb=0 chg=0 loiter=0 | TRACKS: vis=16 lost=3 engaged=0 | TOP: black_usv6(x224,085) black_usv3(x226,511) black_usv19(x227,180) | KILL=0 | ACTIONS=20 | INTENT: focus=2 ratio=0.20
[t=4,352s] step=150 | MISSION=NORMAL_C | USV: 10/10 (avail=0 int=10 lock=0 frz=0) | UAV: air=10 rtb=0 chg=0 loiter=0 | TRACKS: vis=18 lost=0 engaged=0 | TOP: black_usv6(x221,454) black_usv3(x224,068) black_usv19(x224,789) | KILL=0 | ACTIONS=20 | INTENT: focus=2 ratio=0.20
[t=4,658s] step=160 | MISSION=NORMAL_C | USV: 10/10 (avail=0 int=10 lock=0 frz=0) | UAV: air=10 rtb=0 chg=0 loiter=0 | TRACKS: vis=15 lost=3 engaged=0 | TOP: black_usv6(x218,761) black_usv3(x221,568) black_usv19(x222,342) | KILL=0 | ACTIONS=20 | INTENT: focus=2 ratio=0.20
[t=4,958s] step=170 | MISSION=NORMAL_C | USV: 10/10 (avail=0 int=10 lock=0 frz=0) | UAV: air=10 rtb=0 chg=0 loiter=0 | TRACKS: vis=16 lost=2 engaged=0 | TOP: black_usv6(x216,121) black_usv3(x219,117) black_usv19(x219,943) | KILL=0 | ACTIONS=20 | INTENT: focus=2 ratio=0.20
[t=5,253s] step=180 | MISSION=NORMAL_C | USV: 10/10 (avail=0 int=10 lock=0 frz=0) | UAV: air=10 rtb=0 chg=0 loiter=0 | TRACKS: vis=18 lost=0 engaged=0 | TOP: black_usv6(x213,525) black_usv3(x216,707) black_usv19(x217,584) | KILL=0 | ACTIONS=20 | INTENT: focus=2 ratio=0.20
[t=5,543s] step=190 | MISSION=NORMAL_C | USV: 10/10 (avail=0 int=10 lock=0 frz=0) | UAV: air=10 rtb=0 chg=0 loiter=0 | TRACKS: vis=17 lost=1 engaged=0 | TOP: black_usv6(x210,973) black_usv3(x214,338) black_usv19(x215,264) | KILL=0 | ACTIONS=20 | INTENT: focus=2 ratio=0.20
[t=5,841s] step=200 | MISSION=NORMAL_C | USV: 10/10 (avail=0 int=10 lock=0 frz=0) | UAV: air=10 rtb=0 chg=0 loiter=0 | TRACKS: vis=18 lost=0 engaged=0 | TOP: black_usv6(x208,351) black_usv3(x211,903) black_usv19(x212,881) | KILL=0 | ACTIONS=20 | INTENT: focus=2 ratio=0.20
[t=6,134s] step=210 | MISSION=NORMAL_C | USV: 10/10 (avail=0 int=10 lock=0 frz=0) | UAV: air=10 rtb=0 chg=0 loiter=0 | TRACKS: vis=17 lost=1 engaged=0 | TOP: black_usv3(x209,509) black_usv19(x210,535) black_usv6(x205,450) | KILL=0 | ACTIONS=20 | INTENT: focus=2 ratio=0.20
[t=6,421s] step=220 | MISSION=NORMAL_C | USV: 10/10 (avail=0 int=10 lock=0 frz=0) | UAV: air=10 rtb=0 chg=0 loiter=0 | TRACKS: vis=17 lost=1 engaged=0 | TOP: black_usv3(x207,162) black_usv19(x208,243) black_usv20(x212,752) | KILL=0 | ACTIONS=20 | INTENT: focus=2 ratio=0.20
[t=6,724s] step=230 | MISSION=NORMAL_C | USV: 10/10 (avail=0 int=10 lock=0 frz=0) | UAV: air=10 rtb=0 chg=0 loiter=0 | TRACKS: vis=17 lost=1 engaged=0 | TOP: black_usv3(x204,688) black_usv20(x210,003) black_usv19(x205,403) | KILL=0 | ACTIONS=20 | INTENT: focus=2 ratio=0.20
      [DETECT] black_usv2
[t=7,027s] step=240 | MISSION=NORMAL_C | USV: 10/10 (avail=0 int=10 lock=0 frz=0) | UAV: air=10 rtb=0 chg=0 loiter=0 | TRACKS: vis=18 lost=1 engaged=0 | TOP: black_usv3(x202,213) black_usv2(x207,346) black_usv20(x206,986) | KILL=0 | ACTIONS=20 | INTENT: focus=2 ratio=0.20
[t=7,324s] step=250 | MISSION=NORMAL_C | USV: 10/10 (avail=0 int=10 lock=0 frz=0) | UAV: air=10 rtb=0 chg=0 loiter=0 | TRACKS: vis=18 lost=0 engaged=0 | TOP: black_usv3(x199,786) black_usv11(x186,765) black_usv10(x187,648) | KILL=0 | ACTIONS=20 | INTENT: focus=2 ratio=0.20
      [ASSIGN] white_usv2->black_usv8(机会锁定)
      [ASSIGN] white_usv3->black_usv8(机会锁定)
      [ASSIGN] white_usv7->black_usv12(机会锁定)
      [ASSIGN] white_usv1->black_usv8(机会锁定)
      [ASSIGN] white_usv6->black_usv12(机会锁定)
      [ASSIGN] white_usv10->black_usv12(机会锁定)
      [ASSIGN] white_usv9->black_usv12(机会锁定)
[t=7,621s] step=260 | MISSION=NORMAL_C | USV: 10/10 (avail=0 int=0 lock=10 frz=0) | UAV: air=10 rtb=0 chg=0 loiter=0 | TRACKS: vis=16 lost=2 engaged=3 | TOP: black_usv10(x184,733) black_usv7(x187,764) black_usv3(x197,359) | KILL=0 | ACTIONS=20 | INTENT: focus=2 ratio=0.20
      [ASSIGN] white_usv5->black_usv10(机会锁定)
      [ASSIGN] white_usv1->black_usv9(机会锁定)
      [ASSIGN] white_usv2->black_usv9(机会锁定)
      [ASSIGN] white_usv8->black_usv11(机会锁定)
      [ASSIGN] white_usv3->black_usv9(机会锁定)
      [ASSIGN] white_usv4->black_usv9(机会锁定)
      [ASSIGN] white_usv7->black_usv11(机会锁定)
      [ASSIGN] white_usv10->black_usv17(机会锁定)
      [ASSIGN] white_usv6->black_usv11(机会锁定)
      [ASSIGN] white_usv9->black_usv13(机会锁定)
[t=7,942s] step=270 | MISSION=NORMAL_C | USV: 10/10 (avail=0 int=0 lock=10 frz=0) | UAV: air=10 rtb=0 chg=0 loiter=0 | TRACKS: vis=17 lost=1 engaged=5 | TOP: black_usv7(x184,698) black_usv12(x184,350) black_usv3(x194,737) | KILL=2 | ACTIONS=20 | INTENT: focus=2 ratio=0.20
      [ASSIGN] white_usv5->black_usv8(机会锁定)
      [ASSIGN] white_usv5->black_usv10(机会锁定)
      [ASSIGN] white_usv1->black_usv7(机会锁定)
      [ASSIGN] white_usv2->black_usv10(机会锁定)
      [ASSIGN] white_usv7->black_usv12(机会锁定)
      [ASSIGN] white_usv8->black_usv12(机会锁定)
      [ASSIGN] white_usv3->black_usv10(机会锁定)
      [ASSIGN] white_usv4->black_usv10(机会锁定)
      [ASSIGN] white_usv6->black_usv12(机会锁定)
      [ASSIGN] white_usv7->black_usv11(机会锁定)
      [ASSIGN] white_usv8->black_usv11(机会锁定)
      [ASSIGN] white_usv10->black_usv16(机会锁定)
      [ASSIGN] white_usv6->black_usv11(机会锁定)
      [ASSIGN] white_usv9->black_usv16(机会锁定)
      [ASSIGN] white_usv7->black_usv12(机会锁定)
      [ASSIGN] white_usv8->black_usv12(机会锁定)
      [ASSIGN] white_usv6->black_usv12(机会锁定)
      [ASSIGN] white_usv7->black_usv11(机会锁定)
      [ASSIGN] white_usv8->black_usv11(机会锁定)
      [ASSIGN] white_usv6->black_usv11(机会锁定)
      [ASSIGN] white_usv7->black_usv12(机会锁定)
      [ASSIGN] white_usv8->black_usv12(机会锁定)
      [ASSIGN] white_usv6->black_usv12(机会锁定)
      [ASSIGN] white_usv7->black_usv11(机会锁定)
      [ASSIGN] white_usv8->black_usv11(机会锁定)
      [ASSIGN] white_usv6->black_usv11(机会锁定)
      [ASSIGN] white_usv7->black_usv12(机会锁定)
      [ASSIGN] white_usv8->black_usv12(机会锁定)
      [ASSIGN] white_usv6->black_usv12(机会锁定)
      [ASSIGN] white_usv7->black_usv11(机会锁定)
      [ASSIGN] white_usv8->black_usv11(机会锁定)
      [ASSIGN] white_usv6->black_usv11(机会锁定)
[t=8,294s] step=280 | MISSION=NORMAL_C | USV: 10/10 (avail=0 int=3 lock=7 frz=0) | UAV: air=10 rtb=0 chg=0 loiter=0 | TRACKS: vis=18 lost=0 engaged=3 | TOP: black_usv11(x182,706) black_usv3(x191,861) black_usv7(x181,178) | KILL=4 | ACTIONS=20 | INTENT: focus=2 ratio=0.20
      [KILL] black_usv12
      [KILL] black_usv8
      [ASSIGN] white_usv8->black_usv13(机会锁定)
      [ASSIGN] white_usv6->black_usv13(机会锁定)
      [ASSIGN] white_usv5->black_usv9(机会锁定)
      [ASSIGN] white_usv1->black_usv9(机会锁定)
      [ASSIGN] white_usv2->black_usv9(机会锁定)
      [ASSIGN] white_usv3->black_usv9(机会锁定)
      [ASSIGN] white_usv4->black_usv9(机会锁定)
      [ASSIGN] white_usv5->black_usv10(机会锁定)
      [ASSIGN] white_usv1->black_usv7(机会锁定)
      [ASSIGN] white_usv2->black_usv10(机会锁定)
      [ASSIGN] white_usv10->black_usv17(机会锁定)
      [ASSIGN] white_usv3->black_usv10(机会锁定)
      [ASSIGN] white_usv4->black_usv10(机会锁定)
      [ASSIGN] white_usv9->black_usv17(机会锁定)
      [ASSIGN] white_usv5->black_usv9(机会锁定)
      [ASSIGN] white_usv2->black_usv9(机会锁定)
      [ASSIGN] white_usv3->black_usv9(机会锁定)
      [ASSIGN] white_usv4->black_usv9(机会锁定)
      [ASSIGN] white_usv5->black_usv10(机会锁定)
      [ASSIGN] white_usv2->black_usv10(机会锁定)
      [ASSIGN] white_usv3->black_usv10(机会锁定)
      [ASSIGN] white_usv4->black_usv10(机会锁定)
      [ASSIGN] white_usv5->black_usv9(机会锁定)
      [ASSIGN] white_usv2->black_usv9(机会锁定)
      [ASSIGN] white_usv3->black_usv9(机会锁定)
      [ASSIGN] white_usv4->black_usv9(机会锁定)
      [ASSIGN] white_usv5->black_usv10(机会锁定)
      [ASSIGN] white_usv2->black_usv10(机会锁定)
      [ASSIGN] white_usv7->black_usv16(机会锁定)
      [ASSIGN] white_usv3->black_usv10(机会锁定)
      [ASSIGN] white_usv4->black_usv10(机会锁定)
      [ASSIGN] white_usv5->black_usv11(机会锁定)
      [ASSIGN] white_usv2->black_usv9(机会锁定)
      [ASSIGN] white_usv3->black_usv9(机会锁定)
      [ASSIGN] white_usv4->black_usv9(机会锁定)
      [ASSIGN] white_usv5->black_usv10(机会锁定)
      [ASSIGN] white_usv2->black_usv10(机会锁定)
      [ASSIGN] white_usv3->black_usv10(机会锁定)
      [ASSIGN] white_usv4->black_usv10(机会锁定)
      [KILL] black_usv9
      [KILL] black_usv11
      [ASSIGN] white_usv8->black_usv16(机会锁定)
      [ASSIGN] white_usv6->black_usv15(机会锁定)
[t=8,652s] step=290 | MISSION=NORMAL_C | USV: 10/10 (avail=0 int=6 lock=4 frz=0) | UAV: air=10 rtb=0 chg=0 loiter=0 | TRACKS: vis=13 lost=1 engaged=3 | TOP: black_usv3(x188,720) black_usv4(x181,858) black_usv5(x183,053) | KILL=6 | ACTIONS=20 | INTENT: focus=2 ratio=0.20
      [ASSIGN] white_usv6->black_usv13(机会锁定)
      [ASSIGN] white_usv10->black_usv15(机会锁定)
      [ASSIGN] white_usv9->black_usv15(机会锁定)
      [ASSIGN] white_usv2->black_usv7(机会锁定)
      [ASSIGN] white_usv7->black_usv17(机会锁定)
      [ASSIGN] white_usv8->black_usv17(机会锁定)
      [ASSIGN] white_usv7->black_usv16(机会锁定)
      [ASSIGN] white_usv8->black_usv16(机会锁定)
      [KILL] black_usv10
      [RELEASE] white_usv5->black_usv10(目标失效)
      [ASSIGN] white_usv7->black_usv17(机会锁定)
      [ASSIGN] white_usv8->black_usv17(机会锁定)
      [RELEASE] white_usv3->black_usv10(目标失效)
      [ASSIGN] white_usv3->black_usv7(机会锁定)
      [RELEASE] white_usv4->black_usv10(目标失效)
      [ASSIGN] white_usv5->black_usv4
      [ASSIGN] white_usv7->black_usv16(机会锁定)
      [ASSIGN] white_usv8->black_usv16(机会锁定)
      [ASSIGN] white_usv4->black_usv7(机会锁定)
      [ASSIGN] white_usv1->black_usv5(机会锁定)
      [ASSIGN] white_usv7->black_usv17(机会锁定)
      [ASSIGN] white_usv8->black_usv17(机会锁定)
[t=9,048s] step=300 | MISSION=NORMAL_C | USV: 10/10 (avail=0 int=8 lock=2 frz=0) | UAV: air=10 rtb=0 chg=0 loiter=0 | TRACKS: vis=13 lost=0 engaged=1 | TOP: black_usv3(x184,760) black_usv5(x179,097) black_usv6(x179,153) | KILL=9 | ACTIONS=20 | INTENT: focus=2 ratio=0.20
      [ASSIGN] white_usv1->black_usv4(机会锁定)
      [ASSIGN] white_usv7->black_usv16(机会锁定)
      [ASSIGN] white_usv8->black_usv16(机会锁定)
      [ASSIGN] white_usv7->black_usv14(机会锁定)
      [ASSIGN] white_usv8->black_usv17(机会锁定)
      [ASSIGN] white_usv10->black_usv14(机会锁定)
      [ASSIGN] white_usv9->black_usv14(机会锁定)
      [ASSIGN] white_usv2->black_usv4(机会锁定)
      [ASSIGN] white_usv8->black_usv15(机会锁定)
      [ASSIGN] white_usv6->black_usv15(机会锁定)
      [KILL] black_usv13
      [ASSIGN] white_usv5->black_usv7(机会锁定)
      [KILL] black_usv17
      [ASSIGN] white_usv1->black_usv5(机会锁定)
      [ASSIGN] white_usv3->black_usv5(机会锁定)
[t=9,423s] step=310 | MISSION=NORMAL_C | USV: 9/10 (avail=0 int=2 lock=7 frz=0) | UAV: air=10 rtb=0 chg=0 loiter=0 | TRACKS: vis=11 lost=0 engaged=4 | TOP: black_usv3(x181,189) black_usv6(x175,403) black_usv18(x179,899) | KILL=9 | ACTIONS=19 | INTENT: focus=2 ratio=0.20
      [ASSIGN] white_usv7->black_usv16(机会锁定)
      [ASSIGN] white_usv10->black_usv16(机会锁定)
      [ASSIGN] white_usv9->black_usv16(机会锁定)
      [KILL] black_usv16
      [ASSIGN] white_usv2->black_usv6(机会锁定)
      [RELEASE] white_usv7->black_usv16(目标失效)
      [ASSIGN] white_usv7->black_usv14(机会锁定)
      [RELEASE] white_usv10->black_usv16(目标失效)
      [ASSIGN] white_usv10->black_usv14(机会锁定)
      [ASSIGN] white_usv6->black_usv14(机会锁定)
      [RELEASE] white_usv9->black_usv16(目标失效)
      [ASSIGN] white_usv9->black_usv14(机会锁定)
      [ASSIGN] white_usv7->black_usv15(机会锁定)
      [ASSIGN] white_usv10->black_usv15(机会锁定)
      [ASSIGN] white_usv6->black_usv15(机会锁定)
      [ASSIGN] white_usv9->black_usv15(机会锁定)
      [ASSIGN] white_usv7->black_usv14(机会锁定)
      [ASSIGN] white_usv10->black_usv14(机会锁定)
      [ASSIGN] white_usv6->black_usv14(机会锁定)
      [ASSIGN] white_usv9->black_usv14(机会锁定)
      [ASSIGN] white_usv7->black_usv15(机会锁定)
      [ASSIGN] white_usv10->black_usv15(机会锁定)
      [ASSIGN] white_usv4->black_usv4(机会锁定)
      [ASSIGN] white_usv6->black_usv15(机会锁定)
      [ASSIGN] white_usv9->black_usv15(机会锁定)
      [KILL] black_usv7
      [RELEASE] white_usv5->black_usv7(目标失效)
      [ASSIGN] white_usv7->black_usv14(机会锁定)
      [ASSIGN] white_usv10->black_usv14(机会锁定)
      [ASSIGN] white_usv6->black_usv14(机会锁定)
      [ASSIGN] white_usv9->black_usv14(机会锁定)
      [ASSIGN] white_usv5->black_usv5(机会锁定)
      [ASSIGN] white_usv1->black_usv6(机会锁定)
      [ASSIGN] white_usv7->black_usv15(机会锁定)
      [ASSIGN] white_usv10->black_usv15(机会锁定)
      [ASSIGN] white_usv3->black_usv4(机会锁定)
      [ASSIGN] white_usv6->black_usv15(机会锁定)
      [ASSIGN] white_usv9->black_usv15(机会锁定)
      [ASSIGN] white_usv3->black_usv5(机会锁定)
      [ASSIGN] white_usv4->black_usv5(机会锁定)
      [ASSIGN] white_usv6->black_usv14(机会锁定)
      [ASSIGN] white_usv2->black_usv4(机会锁定)
      [ASSIGN] white_usv2->black_usv6(机会锁定)
[t=9,856s] step=320 | MISSION=NORMAL_C | USV: 9/10 (avail=0 int=5 lock=4 frz=0) | UAV: air=10 rtb=0 chg=0 loiter=0 | TRACKS: vis=9 lost=0 engaged=2 | TOP: black_usv3(x176,899) black_usv18(x175,625) black_usv19(x179,577) | KILL=12 | ACTIONS=19 | INTENT: focus=2 ratio=0.20
      [DETECT] black_usv2
      [KILL] black_usv4
      [ASSIGN] white_usv7->black_usv14(机会锁定)
      [ASSIGN] white_usv10->black_usv14(机会锁定)
      [ASSIGN] white_usv9->black_usv14(机会锁定)
      [KILL] black_usv14
      [ASSIGN] white_usv5->black_usv6(机会锁定)
      [RELEASE] white_usv7->black_usv14(目标失效)
      [ASSIGN] white_usv7->black_usv15(机会锁定)
      [RELEASE] white_usv10->black_usv14(目标失效)
      [ASSIGN] white_usv10->black_usv15(机会锁定)
      [ASSIGN] white_usv3->black_usv6(机会锁定)
      [ASSIGN] white_usv4->black_usv6(机会锁定)
      [RELEASE] white_usv6->black_usv14(目标失效)
      [ASSIGN] white_usv6->black_usv15(机会锁定)
      [RELEASE] white_usv9->black_usv14(目标失效)
      [ASSIGN] white_usv9->black_usv15(机会锁定)
      [KILL] black_usv15
      [ASSIGN] white_usv5->black_usv5(机会锁定)
      [ASSIGN] white_usv1->black_usv5(机会锁定)
      [ASSIGN] white_usv2->black_usv5(机会锁定)
      [RELEASE] white_usv7->black_usv15(目标失效)
      [RELEASE] white_usv10->black_usv15(目标失效)
      [ASSIGN] white_usv3->black_usv5(机会锁定)
      [ASSIGN] white_usv4->black_usv5(机会锁定)
      [RELEASE] white_usv6->black_usv15(目标失效)
      [RELEASE] white_usv9->black_usv15(目标失效)
      [ASSIGN] white_usv5->black_usv6(机会锁定)
      [ASSIGN] white_usv1->black_usv6(机会锁定)
      [ASSIGN] white_usv2->black_usv6(机会锁定)
      [ASSIGN] white_usv7->black_usv2
      [ASSIGN] white_usv10->black_usv18
      [ASSIGN] white_usv3->black_usv6(机会锁定)
      [ASSIGN] white_usv4->black_usv6(机会锁定)
      [ASSIGN] white_usv6->black_usv6
      [ASSIGN] white_usv9->black_usv3
      [ASSIGN] white_usv5->black_usv5(机会锁定)
      [ASSIGN] white_usv1->black_usv5(机会锁定)
      [ASSIGN] white_usv2->black_usv5(机会锁定)
      [ASSIGN] white_usv3->black_usv5(机会锁定)
      [ASSIGN] white_usv4->black_usv5(机会锁定)
      [ASSIGN] white_usv5->black_usv6(机会锁定)
      [ASSIGN] white_usv1->black_usv6(机会锁定)
      [ASSIGN] white_usv2->black_usv6(机会锁定)
      [ASSIGN] white_usv3->black_usv6(机会锁定)
      [ASSIGN] white_usv4->black_usv6(机会锁定)
      [ASSIGN] white_usv5->black_usv5(机会锁定)
      [ASSIGN] white_usv1->black_usv5(机会锁定)
      [ASSIGN] white_usv2->black_usv5(机会锁定)
      [ASSIGN] white_usv3->black_usv5(机会锁定)
      [ASSIGN] white_usv4->black_usv5(机会锁定)
[t=10,323s] step=330 | MISSION=NORMAL_C | USV: 9/10 (avail=0 int=9 lock=0 frz=0) | UAV: air=10 rtb=0 chg=0 loiter=0 | TRACKS: vis=7 lost=0 engaged=0 | TOP: black_usv5(x172,348) black_usv19(x175,197) black_usv20(x180,133) | KILL=14 | ACTIONS=19 | INTENT: focus=2 ratio=0.20
      [ASSIGN] white_usv5->black_usv6(机会锁定)
      [ASSIGN] white_usv2->black_usv6(机会锁定)
      [ASSIGN] white_usv3->black_usv6(机会锁定)
      [ASSIGN] white_usv4->black_usv6(机会锁定)
      [ASSIGN] white_usv5->black_usv5(机会锁定)
      [ASSIGN] white_usv2->black_usv5(机会锁定)
      [ASSIGN] white_usv3->black_usv5(机会锁定)
      [ASSIGN] white_usv4->black_usv5(机会锁定)
      [KILL] black_usv6
      [RELEASE] white_usv6->black_usv6(目标失效)
      [ASSIGN] white_usv6->black_usv19
      [KILL] black_usv5
      [RELEASE] white_usv5->black_usv5(目标失效)
      [RELEASE] white_usv1->black_usv5(目标失效)
      [RELEASE] white_usv2->black_usv5(目标失效)
      [RELEASE] white_usv3->black_usv5(目标失效)
      [RELEASE] white_usv4->black_usv5(目标失效)
      [ASSIGN] white_usv5->black_usv19
      [ASSIGN] white_usv1->black_usv20
      [ASSIGN] white_usv2->black_usv20
      [RELEASE] white_usv7->black_usv2(目标失效)
      [ASSIGN] white_usv3->black_usv3
      [ASSIGN] white_usv4->black_usv18
      [DETECT] black_usv2
      [DETECT] black_usv1
      [ASSIGN] white_usv7->black_usv2
      [ASSIGN] white_usv6->black_usv18(机会锁定)
[t=10,769s] step=340 | MISSION=NORMAL_C | USV: 9/10 (avail=1 int=7 lock=1 frz=0) | UAV: air=10 rtb=0 chg=0 loiter=0 | TRACKS: vis=6 lost=0 engaged=1 | TOP: black_usv1(x188,603) black_usv2(x179,585) black_usv18(x166,785) | KILL=14 | ACTIONS=19 | INTENT: focus=2 ratio=0.20
[t=11,216s] step=350 | MISSION=NORMAL_C | USV: 9/10 (avail=0 int=6 lock=3 frz=0) | UAV: air=10 rtb=0 chg=0 loiter=0 | TRACKS: vis=6 lost=0 engaged=2 | TOP: black_usv1(x185,683) black_usv2(x175,967) black_usv19(x166,808) | KILL=14 | ACTIONS=19 | INTENT: focus=2 ratio=0.20
      [ASSIGN] white_usv6->black_usv19(机会锁定)
[t=11,687s] step=360 | MISSION=NORMAL_C | USV: 9/10 (avail=0 int=8 lock=1 frz=0) | UAV: air=10 rtb=0 chg=0 loiter=0 | TRACKS: vis=5 lost=1 engaged=1 | TOP: black_usv1(x181,707) black_usv2(x171,437) black_usv19(x162,144) | KILL=16 | ACTIONS=19 | INTENT: focus=2 ratio=0.20
      [KILL] black_usv18
      [RELEASE] white_usv10->black_usv18(目标失效)
      [RELEASE] white_usv4->black_usv18(目标失效)
      [ASSIGN] white_usv10->black_usv2
      [ASSIGN] white_usv4->black_usv1
      [RELEASE] white_usv1->black_usv20(目标失效)
      [RELEASE] white_usv2->black_usv20(目标失效)
      [ASSIGN] white_usv1->black_usv1
      [ASSIGN] white_usv2->black_usv19
[t=12,157s] step=370 | MISSION=NORMAL_C | USV: 9/10 (avail=0 int=8 lock=1 frz=0) | UAV: air=10 rtb=0 chg=0 loiter=0 | TRACKS: vis=4 lost=0 engaged=1 | TOP: black_usv19(x159,885) black_usv3(x162,220) black_usv2(x168,188) | KILL=16 | ACTIONS=19 | INTENT: focus=2 ratio=0.20
      [KILL] black_usv3
      [RELEASE] white_usv3->black_usv3(目标失效)
      [RELEASE] white_usv9->black_usv3(目标失效)
      [ASSIGN] white_usv3->black_usv2
      [ASSIGN] white_usv9->black_usv1
[t=12,630s] step=380 | MISSION=NORMAL_C | USV: 9/10 (avail=0 int=9 lock=0 frz=0) | UAV: air=10 rtb=0 chg=0 loiter=0 | TRACKS: vis=2 lost=1 engaged=0 | TOP: black_usv19(x157,153) black_usv1(x176,336) black_usv2(x165,616) | KILL=17 | ACTIONS=19 | INTENT: focus=2 ratio=0.20
      [RELEASE] white_usv7->black_usv2(目标失效)
      [RELEASE] white_usv10->black_usv2(目标失效)
      [RELEASE] white_usv3->black_usv2(目标失效)
      [RELEASE] white_usv1->black_usv1(目标失效)
      [RELEASE] white_usv4->black_usv1(目标失效)
      [RELEASE] white_usv9->black_usv1(目标失效)
[t=13,116s] step=390 | MISSION=NORMAL_C | USV: 9/10 (avail=6 int=3 lock=0 frz=0) | UAV: air=10 rtb=0 chg=0 loiter=0 | TRACKS: vis=1 lost=0 engaged=0 | TOP: black_usv19(x157,153) | KILL=17 | ACTIONS=19 | INTENT: focus=2 ratio=0.20
      [KILL] black_usv19
      [RELEASE] white_usv5->black_usv19(目标失效)
      [RELEASE] white_usv2->black_usv19(目标失效)
      [RELEASE] white_usv6->black_usv19(目标失效)
[t=13,614s] step=400 | MISSION=GLOBAL_R | USV: 9/10 (avail=9 int=0 lock=0 frz=0) | UAV: air=10 rtb=0 chg=0 loiter=0 | TRACKS: vis=0 lost=0 engaged=0 | TOP:  | KILL=17 | ACTIONS=19 | INTENT: focus=2 ratio=0.20
      [DETECT] black_usv2
      [DETECT] black_usv1
      [ASSIGN] white_usv1->black_usv2
      [ASSIGN] white_usv7->black_usv1
      [ASSIGN] white_usv10->black_usv1
      [ASSIGN] white_usv3->black_usv2
      [ASSIGN] white_usv4->black_usv2
      [ASSIGN] white_usv9->black_usv1
      [RELEASE] white_usv7->black_usv1(目标失效)
      [RELEASE] white_usv10->black_usv1(目标失效)
      [RELEASE] white_usv9->black_usv1(目标失效)
[t=14,106s] step=410 | MISSION=NORMAL_C | USV: 9/10 (avail=6 int=2 lock=1 frz=0) | UAV: air=10 rtb=0 chg=0 loiter=0 | TRACKS: vis=1 lost=0 engaged=1 | TOP: black_usv2(x151,967) | KILL=17 | ACTIONS=19 | INTENT: focus=2 ratio=0.20
[t=14,591s] step=420 | MISSION=NORMAL_C | USV: 9/10 (avail=6 int=2 lock=1 frz=0) | UAV: air=10 rtb=0 chg=0 loiter=0 | TRACKS: vis=1 lost=0 engaged=1 | TOP: black_usv2(x150,127) | KILL=17 | ACTIONS=19 | INTENT: focus=2 ratio=0.20
      [DETECT] black_usv1
      [ASSIGN] white_usv7->black_usv1
      [ASSIGN] white_usv10->black_usv1
      [ASSIGN] white_usv9->black_usv1
[t=15,104s] step=430 | MISSION=NORMAL_C | USV: 9/10 (avail=3 int=6 lock=0 frz=0) | UAV: air=10 rtb=0 chg=0 loiter=0 | TRACKS: vis=1 lost=1 engaged=0 | TOP: black_usv2(x149,817) black_usv1(x159,425) | KILL=18 | ACTIONS=19 | INTENT: focus=2 ratio=0.20
      [KILL] black_usv2
      [RELEASE] white_usv1->black_usv2(目标失效)
      [RELEASE] white_usv3->black_usv2(目标失效)
      [RELEASE] white_usv4->black_usv2(目标失效)
[t=15,622s] step=440 | MISSION=NORMAL_C | USV: 9/10 (avail=6 int=3 lock=0 frz=0) | UAV: air=10 rtb=0 chg=0 loiter=0 | TRACKS: vis=1 lost=0 engaged=0 | TOP: black_usv1(x155,289) | KILL=18 | ACTIONS=19 | INTENT: focus=2 ratio=0.20
[t=16,149s] step=450 | MISSION=NORMAL_C | USV: 9/10 (avail=6 int=3 lock=0 frz=0) | UAV: air=10 rtb=0 chg=0 loiter=0 | TRACKS: vis=1 lost=0 engaged=0 | TOP: black_usv1(x150,098) | KILL=18 | ACTIONS=19 | INTENT: focus=2 ratio=0.20
[t=16,672s] step=460 | MISSION=NORMAL_C | USV: 9/10 (avail=6 int=3 lock=0 frz=0) | UAV: air=10 rtb=0 chg=0 loiter=0 | TRACKS: vis=1 lost=0 engaged=0 | TOP: black_usv1(x144,946) | KILL=18 | ACTIONS=19 | INTENT: focus=2 ratio=0.20
[t=17,189s] step=470 | MISSION=NORMAL_C | USV: 9/10 (avail=6 int=3 lock=0 frz=0) | UAV: air=10 rtb=0 chg=0 loiter=0 | TRACKS: vis=1 lost=0 engaged=0 | TOP: black_usv1(x140,929) | KILL=18 | ACTIONS=19 | INTENT: focus=2 ratio=0.20
[t=17,699s] step=480 | MISSION=NORMAL_C | USV: 9/10 (avail=6 int=3 lock=0 frz=0) | UAV: air=10 rtb=0 chg=0 loiter=0 | TRACKS: vis=0 lost=1 engaged=0 | TOP: black_usv1(x137,919) | KILL=18 | ACTIONS=19 | INTENT: focus=2 ratio=0.20
      [RELEASE] white_usv7->black_usv1(目标失效)
      [RELEASE] white_usv10->black_usv1(目标失效)
      [RELEASE] white_usv9->black_usv1(目标失效)
[t=18,230s] step=490 | MISSION=NORMAL_C | USV: 9/10 (avail=9 int=0 lock=0 frz=0) | UAV: air=10 rtb=0 chg=0 loiter=0 | TRACKS: vis=0 lost=0 engaged=0 | TOP:  | KILL=18 | ACTIONS=19 | INTENT: focus=2 ratio=0.20
      [DETECT] black_usv1
      [ASSIGN] white_usv7->black_usv1
      [ASSIGN] white_usv10->black_usv1
      [ASSIGN] white_usv9->black_usv1
[t=18,778s] step=500 | MISSION=NORMAL_C | USV: 9/10 (avail=6 int=3 lock=0 frz=0) | UAV: air=10 rtb=0 chg=0 loiter=0 | TRACKS: vis=0 lost=1 engaged=0 | TOP: black_usv1(x129,038) | KILL=18 | ACTIONS=19 | INTENT: focus=2 ratio=0.20
[t=19,309s] step=510 | MISSION=NORMAL_C | USV: 9/10 (avail=6 int=1 lock=2 frz=0) | UAV: air=10 rtb=0 chg=0 loiter=0 | TRACKS: vis=1 lost=0 engaged=1 | TOP: black_usv1(x124,085) | KILL=18 | ACTIONS=19 | INTENT: focus=2 ratio=0.20
[t=19,852s] step=520 | MISSION=NORMAL_C | USV: 9/10 (avail=6 int=1 lock=2 frz=0) | UAV: air=10 rtb=0 chg=0 loiter=0 | TRACKS: vis=1 lost=0 engaged=1 | TOP: black_usv1(x121,499) | KILL=18 | ACTIONS=19 | INTENT: focus=2 ratio=0.20
      [KILL] black_usv1
      [RELEASE] white_usv7->black_usv1(目标失效)
      [RELEASE] white_usv10->black_usv1(目标失效)
      [RELEASE] white_usv9->black_usv1(目标失效)
[t=20,394s] step=530 | MISSION=GLOBAL_R | USV: 9/10 (avail=9 int=0 lock=0 frz=0) | UAV: air=10 rtb=0 chg=0 loiter=0 | TRACKS: vis=0 lost=0 engaged=0 | TOP:  | KILL=19 | ACTIONS=19 | INTENT: focus=2 ratio=0.20
[t=20,960s] step=540 | MISSION=GLOBAL_R | USV: 9/10 (avail=9 int=0 lock=0 frz=0) | UAV: air=10 rtb=0 chg=0 loiter=0 | TRACKS: vis=0 lost=0 engaged=0 | TOP:  | KILL=19 | ACTIONS=19 | INTENT: focus=2 ratio=0.20
[t=21,500s] step=550 | MISSION=GLOBAL_R | USV: 9/10 (avail=9 int=0 lock=0 frz=0) | UAV: air=10 rtb=0 chg=0 loiter=0 | TRACKS: vis=0 lost=0 engaged=0 | TOP:  | KILL=19 | ACTIONS=19 | INTENT: focus=2 ratio=0.20
      [DETECT] black_usv20
      [ASSIGN] white_usv2->black_usv20
      [ASSIGN] white_usv10->black_usv20
      [ASSIGN] white_usv6->black_usv20
[t=21,997s] step=560 | MISSION=NORMAL_C | USV: 9/10 (avail=6 int=3 lock=0 frz=0) | UAV: air=10 rtb=0 chg=0 loiter=0 | TRACKS: vis=0 lost=1 engaged=0 | TOP: black_usv20(x88,733) | KILL=19 | ACTIONS=19 | INTENT: focus=2 ratio=0.20
      [RELEASE] white_usv2->black_usv20(目标失效)
      [RELEASE] white_usv10->black_usv20(目标失效)
      [RELEASE] white_usv6->black_usv20(目标失效)
[t=22,313s] step=570 | MISSION=GLOBAL_R | USV: 9/10 (avail=9 int=0 lock=0 frz=0) | UAV: air=10 rtb=0 chg=0 loiter=0 | TRACKS: vis=0 lost=0 engaged=0 | TOP:  | KILL=19 | ACTIONS=19 | INTENT: focus=2 ratio=0.20
      [DETECT] black_usv20
      [ASSIGN] white_usv2->black_usv20
      [ASSIGN] white_usv10->black_usv20
      [ASSIGN] white_usv6->black_usv20
[t=22,635s] step=580 | MISSION=NORMAL_C | USV: 9/10 (avail=6 int=3 lock=0 frz=0) | UAV: air=10 rtb=0 chg=0 loiter=0 | TRACKS: vis=0 lost=1 engaged=0 | TOP: black_usv20(x86,414) | KILL=19 | ACTIONS=19 | INTENT: focus=2 ratio=0.20
      [UAV RTB] white_uav10(电量2285<2020+300)
      [RELEASE] white_usv2->black_usv20(目标失效)
      [RELEASE] white_usv10->black_usv20(目标失效)
      [RELEASE] white_usv6->black_usv20(目标失效)
[t=22,952s] step=590 | MISSION=NORMAL_C | USV: 9/10 (avail=9 int=0 lock=0 frz=0) | UAV: air=9 rtb=1 chg=0 loiter=0 | TRACKS: vis=0 lost=0 engaged=0 | TOP:  | KILL=19 | ACTIONS=19 | INTENT: focus=2 ratio=0.20
[t=23,263s] step=600 | MISSION=GLOBAL_R | USV: 9/10 (avail=9 int=0 lock=0 frz=0) | UAV: air=9 rtb=1 chg=0 loiter=0 | TRACKS: vis=0 lost=0 engaged=0 | TOP:  | KILL=19 | ACTIONS=19 | INTENT: focus=2 ratio=0.20
      [DETECT] black_usv20
      [ASSIGN] white_usv2->black_usv20
      [ASSIGN] white_usv10->black_usv20
      [ASSIGN] white_usv6->black_usv20
[t=23,576s] step=610 | MISSION=NORMAL_C | USV: 9/10 (avail=6 int=3 lock=0 frz=0) | UAV: air=9 rtb=1 chg=0 loiter=0 | TRACKS: vis=1 lost=0 engaged=0 | TOP: black_usv20(x83,591) | KILL=19 | ACTIONS=19 | INTENT: focus=2 ratio=0.20
      [UAV RTB] white_uav9(电量1247<950+300)
      [RELEASE] white_usv2->black_usv20(目标失效)
      [RELEASE] white_usv10->black_usv20(目标失效)
      [RELEASE] white_usv6->black_usv20(目标失效)
[t=23,895s] step=620 | MISSION=NORMAL_C | USV: 9/10 (avail=6 int=3 lock=0 frz=0) | UAV: air=8 rtb=2 chg=0 loiter=0 | TRACKS: vis=0 lost=0 engaged=0 | TOP:  | KILL=19 | ACTIONS=19 | INTENT: focus=2 ratio=0.20
      [UAV RTB] white_uav6(电量992<710+300)
      [UAV RTB] white_uav7(电量962<690+300)
      [UAV RTB] white_uav5(电量932<677+300)
[t=24,215s] step=630 | MISSION=GLOBAL_R | USV: 9/10 (avail=9 int=0 lock=0 frz=0) | UAV: air=5 rtb=5 chg=0 loiter=0 | TRACKS: vis=0 lost=0 engaged=0 | TOP:  | KILL=19 | ACTIONS=19 | INTENT: focus=2 ratio=0.20
      [UAV RTB] white_uav8(电量773<497+300)
      [UAV RTB] white_uav1(电量735<443+300)
      [UAV RTB] white_uav4(电量740<458+300)
      [UAV RTB] white_uav3(电量703<446+300)
      [UAV RTB] white_uav2(电量583<291+300)
[t=24,524s] step=640 | MISSION=GLOBAL_R | USV: 9/10 (avail=9 int=0 lock=0 frz=0) | UAV: air=0 rtb=10 chg=0 loiter=0 | TRACKS: vis=0 lost=0 engaged=0 | TOP:  | KILL=19 | ACTIONS=19 | INTENT: focus=2 ratio=0.20
      [UAV LAND] white_uav7->white_usv2
      [UAV RTB] white_uav7(电量312<23+300)
      [UAV LAND] white_uav8->white_usv2
      [UAV LAND] white_uav1->white_usv9
      [UAV LAND] white_uav7->white_usv2
      [UAV RTB] white_uav8(电量287<15+300)
      [UAV LAND] white_uav8->white_usv2
      [UAV RTB] white_uav1(电量247<3+300)
      [UAV LAND] white_uav1->white_usv9
      [UAV LAND] white_uav3->white_usv9
      [UAV LAND] white_uav6->white_usv10
      [UAV LAND] white_uav10->white_usv9
      [UAV RTB] white_uav7(电量249<2+300)
      [UAV LAND] white_uav7->white_usv2
      [UAV LAND] white_uav4->white_usv10
      [UAV LAND] white_uav2->white_usv9
      [UAV RTB] white_uav8(电量254<5+300)
      [UAV LAND] white_uav8->white_usv2
      [UAV RTB] white_uav1(电量209<7+300)
      [UAV LAND] white_uav1->white_usv9
      [UAV RTB] white_uav3(电量209<4+300)
      [UAV LAND] white_uav3->white_usv9
      [UAV RTB] white_uav6(电量209<17+300)
      [UAV LAND] white_uav6->white_usv10
      [UAV RTB] white_uav10(电量210<3+300)
      [UAV LAND] white_uav10->white_usv9
      [UAV RTB] white_uav7(电量211<8+300)
      [UAV LAND] white_uav7->white_usv2
      [UAV LAND] white_uav9->white_usv9
      [UAV LAND] white_uav5->white_usv10
      [UAV RTB] white_uav4(电量214<15+300)
      [UAV LAND] white_uav4->white_usv10
      [UAV RTB] white_uav2(电量215<22+300)
      [UAV RTB] white_uav8(电量216<2+300)
      [UAV LAND] white_uav8->white_usv2
      [UAV RTB] white_uav1(电量170<13+300)
      [UAV LAND] white_uav1->white_usv9
      [UAV RTB] white_uav3(电量170<7+300)
      [UAV LAND] white_uav3->white_usv9
      [UAV RTB] white_uav6(电量170<4+300)
      [UAV LAND] white_uav6->white_usv10
      [UAV RTB] white_uav10(电量171<6+300)
      [UAV LAND] white_uav10->white_usv9
      [UAV RTB] white_uav7(电量172<2+300)
      [UAV LAND] white_uav7->white_usv2
      [UAV RTB] white_uav9(电量173<19+300)
      [UAV LAND] white_uav9->white_usv9
      [UAV RTB] white_uav5(电量174<31+300)
      [UAV RTB] white_uav4(电量175<4+300)
      [UAV LAND] white_uav4->white_usv10
      [UAV LAND] white_uav2->white_usv9
      [UAV RTB] white_uav8(电量177<21+300)
[t=24,844s] step=650 | MISSION=GLOBAL_R | USV: 9/10 (avail=9 int=0 lock=0 frz=0) | UAV: air=0 rtb=2 chg=8 loiter=0 | TRACKS: vis=0 lost=0 engaged=0 | TOP:  | KILL=19 | ACTIONS=19 | INTENT: focus=2 ratio=0.20
      [UAV RTB] white_uav1(电量130<20+300)
      [UAV LAND] white_uav1->white_usv9
      [UAV RTB] white_uav3(电量130<3+300)
      [UAV LAND] white_uav3->white_usv9
      [UAV RTB] white_uav6(电量130<13+300)
      [UAV LAND] white_uav6->white_usv10
      [UAV RTB] white_uav10(电量131<6+300)
      [UAV LAND] white_uav10->white_usv9
      [UAV RTB] white_uav7(电量132<5+300)
      [UAV LAND] white_uav7->white_usv2
      [UAV RTB] white_uav9(电量133<7+300)
      [UAV LAND] white_uav9->white_usv9
      [UAV LAND] white_uav5->white_usv10
      [UAV RTB] white_uav4(电量135<21+300)
      [UAV RTB] white_uav2(电量136<28+300)
      [UAV LAND] white_uav8->white_usv2
      [UAV RTB] white_uav1(电量94<1+300)
      [UAV LAND] white_uav1->white_usv9
      [UAV RTB] white_uav3(电量94<4+300)
      [UAV LAND] white_uav3->white_usv9
      [UAV RTB] white_uav6(电量94<6+300)
      [UAV LAND] white_uav6->white_usv10
      [UAV RTB] white_uav10(电量95<3+300)
      [UAV LAND] white_uav10->white_usv9
      [UAV RTB] white_uav7(电量96<7+300)
      [UAV LAND] white_uav7->white_usv2
      [UAV RTB] white_uav9(电量97<2+300)
      [UAV LAND] white_uav9->white_usv9
      [UAV RTB] white_uav5(电量98<19+300)
      [UAV LAND] white_uav5->white_usv10
      [UAV LAND] white_uav4->white_usv10
      [UAV LAND] white_uav2->white_usv9
      [UAV RTB] white_uav8(电量101<13+300)
      [UAV LAND] white_uav8->white_usv2
      [UAV RTB] white_uav1(电量58<3+300)
      [UAV LAND] white_uav1->white_usv9
      [UAV RTB] white_uav3(电量58<4+300)
      [UAV LAND] white_uav3->white_usv9
      [UAV RTB] white_uav6(电量58<13+300)
      [UAV LAND] white_uav6->white_usv10
      [UAV RTB] white_uav10(电量59<6+300)
      [UAV LAND] white_uav10->white_usv9
      [UAV RTB] white_uav7(电量60<2+300)
      [UAV LAND] white_uav7->white_usv2
      [UAV RTB] white_uav9(电量61<3+300)
      [UAV LAND] white_uav9->white_usv9
      [UAV RTB] white_uav5(电量62<3+300)
      [UAV LAND] white_uav5->white_usv10
      [UAV RTB] white_uav4(电量63<28+300)
      [UAV RTB] white_uav2(电量64<19+300)
      [UAV LAND] white_uav2->white_usv9
      [UAV RTB] white_uav8(电量65<5+300)
      [UAV LAND] white_uav8->white_usv2
      [UAV RTB] white_uav1(电量20<3+300)
      [UAV LAND] white_uav1->white_usv9
      [UAV RTB] white_uav3(电量20<5+300)
      [UAV LAND] white_uav3->white_usv9
      [UAV RTB] white_uav6(电量20<7+300)
      [UAV LAND] white_uav6->white_usv10
      [UAV RTB] white_uav10(电量21<3+300)
      [UAV LAND] white_uav10->white_usv9
      [UAV RTB] white_uav7(电量22<4+300)
      [UAV LAND] white_uav7->white_usv2
      [UAV RTB] white_uav9(电量23<8+300)
      [UAV LAND] white_uav9->white_usv9
      [UAV RTB] white_uav5(电量24<8+300)
      [UAV LAND] white_uav5->white_usv10
      [UAV LAND] white_uav4->white_usv10
      [UAV RTB] white_uav2(电量26<1+300)
      [UAV LAND] white_uav2->white_usv9
      [UAV RTB] white_uav8(电量27<1+300)
      [UAV LAND] white_uav8->white_usv2
[t=25,141s] step=660 | MISSION=GLOBAL_R | USV: 9/10 (avail=9 int=0 lock=0 frz=0) | UAV: air=0 rtb=0 chg=0 loiter=0 | TRACKS: vis=0 lost=0 engaged=0 | TOP:  | KILL=19 | ACTIONS=9 | INTENT: focus=2 ratio=0.20
[t=25,369s] step=670 | MISSION=GLOBAL_R | USV: 9/10 (avail=9 int=0 lock=0 frz=0) | UAV: air=0 rtb=0 chg=0 loiter=0 | TRACKS: vis=0 lost=0 engaged=0 | TOP:  | KILL=19 | ACTIONS=9 | INTENT: focus=2 ratio=0.20
[t=25,607s] step=680 | MISSION=GLOBAL_R | USV: 9/10 (avail=9 int=0 lock=0 frz=0) | UAV: air=0 rtb=0 chg=0 loiter=0 | TRACKS: vis=0 lost=0 engaged=0 | TOP:  | KILL=19 | ACTIONS=9 | INTENT: focus=2 ratio=0.20
[t=25,843s] step=690 | MISSION=GLOBAL_R | USV: 9/10 (avail=9 int=0 lock=0 frz=0) | UAV: air=0 rtb=0 chg=0 loiter=0 | TRACKS: vis=0 lost=0 engaged=0 | TOP:  | KILL=19 | ACTIONS=9 | INTENT: focus=2 ratio=0.20
[t=26,065s] step=700 | MISSION=GLOBAL_R | USV: 9/10 (avail=9 int=0 lock=0 frz=0) | UAV: air=0 rtb=0 chg=0 loiter=0 | TRACKS: vis=0 lost=0 engaged=0 | TOP:  | KILL=19 | ACTIONS=9 | INTENT: focus=2 ratio=0.20
[t=26,309s] step=710 | MISSION=GLOBAL_R | USV: 9/10 (avail=9 int=0 lock=0 frz=0) | UAV: air=0 rtb=0 chg=0 loiter=0 | TRACKS: vis=0 lost=0 engaged=0 | TOP:  | KILL=19 | ACTIONS=9 | INTENT: focus=2 ratio=0.20
[t=26,551s] step=720 | MISSION=GLOBAL_R | USV: 9/10 (avail=9 int=0 lock=0 frz=0) | UAV: air=0 rtb=0 chg=0 loiter=0 | TRACKS: vis=0 lost=0 engaged=0 | TOP:  | KILL=19 | ACTIONS=9 | INTENT: focus=2 ratio=0.20
[t=26,795s] step=730 | MISSION=GLOBAL_R | USV: 9/10 (avail=9 int=0 lock=0 frz=0) | UAV: air=0 rtb=0 chg=0 loiter=0 | TRACKS: vis=0 lost=0 engaged=0 | TOP:  | KILL=19 | ACTIONS=9 | INTENT: focus=2 ratio=0.20
[t=27,032s] step=740 | MISSION=GLOBAL_R | USV: 9/10 (avail=9 int=0 lock=0 frz=0) | UAV: air=0 rtb=0 chg=0 loiter=0 | TRACKS: vis=0 lost=0 engaged=0 | TOP:  | KILL=19 | ACTIONS=9 | INTENT: focus=2 ratio=0.20
[t=27,279s] step=750 | MISSION=GLOBAL_R | USV: 9/10 (avail=9 int=0 lock=0 frz=0) | UAV: air=0 rtb=0 chg=0 loiter=0 | TRACKS: vis=0 lost=0 engaged=0 | TOP:  | KILL=19 | ACTIONS=9 | INTENT: focus=2 ratio=0.20
[t=27,515s] step=760 | MISSION=GLOBAL_R | USV: 9/10 (avail=9 int=0 lock=0 frz=0) | UAV: air=0 rtb=0 chg=0 loiter=0 | TRACKS: vis=0 lost=0 engaged=0 | TOP:  | KILL=19 | ACTIONS=9 | INTENT: focus=2 ratio=0.20
[t=27,751s] step=770 | MISSION=GLOBAL_R | USV: 9/10 (avail=9 int=0 lock=0 frz=0) | UAV: air=0 rtb=0 chg=0 loiter=0 | TRACKS: vis=0 lost=0 engaged=0 | TOP:  | KILL=19 | ACTIONS=9 | INTENT: focus=2 ratio=0.20
[t=27,989s] step=780 | MISSION=GLOBAL_R | USV: 9/10 (avail=9 int=0 lock=0 frz=0) | UAV: air=0 rtb=0 chg=0 loiter=0 | TRACKS: vis=0 lost=0 engaged=0 | TOP:  | KILL=19 | ACTIONS=9 | INTENT: focus=2 ratio=0.20
[t=28,233s] step=790 | MISSION=GLOBAL_R | USV: 9/10 (avail=9 int=0 lock=0 frz=0) | UAV: air=0 rtb=0 chg=0 loiter=0 | TRACKS: vis=0 lost=0 engaged=0 | TOP:  | KILL=19 | ACTIONS=9 | INTENT: focus=2 ratio=0.20
[t=28,467s] step=800 | MISSION=GLOBAL_R | USV: 9/10 (avail=9 int=0 lock=0 frz=0) | UAV: air=0 rtb=0 chg=0 loiter=0 | TRACKS: vis=0 lost=0 engaged=0 | TOP:  | KILL=19 | ACTIONS=9 | INTENT: focus=2 ratio=0.20
[t=28,708s] step=810 | MISSION=GLOBAL_R | USV: 9/10 (avail=9 int=0 lock=0 frz=0) | UAV: air=0 rtb=0 chg=0 loiter=0 | TRACKS: vis=0 lost=0 engaged=0 | TOP:  | KILL=19 | ACTIONS=9 | INTENT: focus=2 ratio=0.20
[t=28,951s] step=820 | MISSION=GLOBAL_R | USV: 9/10 (avail=9 int=0 lock=0 frz=0) | UAV: air=0 rtb=0 chg=0 loiter=0 | TRACKS: vis=0 lost=0 engaged=0 | TOP:  | KILL=19 | ACTIONS=9 | INTENT: focus=2 ratio=0.20
[t=29,189s] step=830 | MISSION=GLOBAL_R | USV: 9/10 (avail=9 int=0 lock=0 frz=0) | UAV: air=0 rtb=0 chg=0 loiter=0 | TRACKS: vis=0 lost=0 engaged=0 | TOP:  | KILL=19 | ACTIONS=9 | INTENT: focus=2 ratio=0.20
[t=29,438s] step=840 | MISSION=GLOBAL_R | USV: 9/10 (avail=9 int=0 lock=0 frz=0) | UAV: air=0 rtb=0 chg=0 loiter=0 | TRACKS: vis=0 lost=0 engaged=0 | TOP:  | KILL=19 | ACTIONS=9 | INTENT: focus=2 ratio=0.20
[t=29,683s] step=850 | MISSION=GLOBAL_R | USV: 9/10 (avail=9 int=0 lock=0 frz=0) | UAV: air=0 rtb=0 chg=0 loiter=0 | TRACKS: vis=0 lost=0 engaged=0 | TOP:  | KILL=19 | ACTIONS=9 | INTENT: focus=2 ratio=0.20
[t=29,921s] step=860 | MISSION=GLOBAL_R | USV: 9/10 (avail=9 int=0 lock=0 frz=0) | UAV: air=0 rtb=0 chg=0 loiter=0 | TRACKS: vis=0 lost=0 engaged=0 | TOP:  | KILL=19 | ACTIONS=9 | INTENT: focus=2 ratio=0.20
[t=30,161s] step=870 | MISSION=GLOBAL_R | USV: 9/10 (avail=9 int=0 lock=0 frz=0) | UAV: air=0 rtb=0 chg=0 loiter=0 | TRACKS: vis=0 lost=0 engaged=0 | TOP:  | KILL=19 | ACTIONS=9 | INTENT: focus=2 ratio=0.20
[t=30,401s] step=880 | MISSION=GLOBAL_R | USV: 9/10 (avail=9 int=0 lock=0 frz=0) | UAV: air=0 rtb=0 chg=0 loiter=0 | TRACKS: vis=0 lost=0 engaged=0 | TOP:  | KILL=19 | ACTIONS=9 | INTENT: focus=2 ratio=0.20
[t=30,642s] step=890 | MISSION=GLOBAL_R | USV: 9/10 (avail=9 int=0 lock=0 frz=0) | UAV: air=0 rtb=0 chg=0 loiter=0 | TRACKS: vis=0 lost=0 engaged=0 | TOP:  | KILL=19 | ACTIONS=9 | INTENT: focus=2 ratio=0.20
[t=30,881s] step=900 | MISSION=GLOBAL_R | USV: 9/10 (avail=9 int=0 lock=0 frz=0) | UAV: air=0 rtb=0 chg=0 loiter=0 | TRACKS: vis=0 lost=0 engaged=0 | TOP:  | KILL=19 | ACTIONS=9 | INTENT: focus=2 ratio=0.20
[t=31,134s] step=910 | MISSION=GLOBAL_R | USV: 9/10 (avail=9 int=0 lock=0 frz=0) | UAV: air=0 rtb=0 chg=0 loiter=0 | TRACKS: vis=0 lost=0 engaged=0 | TOP:  | KILL=19 | ACTIONS=9 | INTENT: focus=2 ratio=0.20
[t=31,376s] step=920 | MISSION=GLOBAL_R | USV: 9/10 (avail=9 int=0 lock=0 frz=0) | UAV: air=0 rtb=0 chg=0 loiter=0 | TRACKS: vis=0 lost=0 engaged=0 | TOP:  | KILL=19 | ACTIONS=9 | INTENT: focus=2 ratio=0.20
[t=31,620s] step=930 | MISSION=GLOBAL_R | USV: 9/10 (avail=9 int=0 lock=0 frz=0) | UAV: air=0 rtb=0 chg=0 loiter=0 | TRACKS: vis=0 lost=0 engaged=0 | TOP:  | KILL=19 | ACTIONS=9 | INTENT: focus=2 ratio=0.20
[t=31,871s] step=940 | MISSION=GLOBAL_R | USV: 9/10 (avail=9 int=0 lock=0 frz=0) | UAV: air=0 rtb=0 chg=0 loiter=0 | TRACKS: vis=0 lost=0 engaged=0 | TOP:  | KILL=19 | ACTIONS=9 | INTENT: focus=2 ratio=0.20
[t=32,120s] step=950 | MISSION=GLOBAL_R | USV: 9/10 (avail=9 int=0 lock=0 frz=0) | UAV: air=0 rtb=0 chg=0 loiter=0 | TRACKS: vis=0 lost=0 engaged=0 | TOP:  | KILL=19 | ACTIONS=9 | INTENT: focus=2 ratio=0.20
[t=32,370s] step=960 | MISSION=GLOBAL_R | USV: 9/10 (avail=9 int=0 lock=0 frz=0) | UAV: air=0 rtb=0 chg=0 loiter=0 | TRACKS: vis=0 lost=0 engaged=0 | TOP:  | KILL=19 | ACTIONS=9 | INTENT: focus=2 ratio=0.20
[t=32,605s] step=970 | MISSION=GLOBAL_R | USV: 9/10 (avail=9 int=0 lock=0 frz=0) | UAV: air=0 rtb=0 chg=0 loiter=0 | TRACKS: vis=0 lost=0 engaged=0 | TOP:  | KILL=19 | ACTIONS=9 | INTENT: focus=2 ratio=0.20
[t=32,850s] step=980 | MISSION=GLOBAL_R | USV: 9/10 (avail=9 int=0 lock=0 frz=0) | UAV: air=0 rtb=0 chg=0 loiter=0 | TRACKS: vis=0 lost=0 engaged=0 | TOP:  | KILL=19 | ACTIONS=9 | INTENT: focus=2 ratio=0.20
[t=33,098s] step=990 | MISSION=GLOBAL_R | USV: 9/10 (avail=9 int=0 lock=0 frz=0) | UAV: air=0 rtb=0 chg=0 loiter=0 | TRACKS: vis=0 lost=0 engaged=0 | TOP:  | KILL=19 | ACTIONS=9 | INTENT: focus=2 ratio=0.20
[t=33,351s] step=1000 | MISSION=GLOBAL_R | USV: 9/10 (avail=9 int=0 lock=0 frz=0) | UAV: air=0 rtb=0 chg=0 loiter=0 | TRACKS: vis=0 lost=0 engaged=0 | TOP:  | KILL=19 | ACTIONS=9 | INTENT: focus=2 ratio=0.20
[t=33,598s] step=1010 | MISSION=GLOBAL_R | USV: 9/10 (avail=9 int=0 lock=0 frz=0) | UAV: air=0 rtb=0 chg=0 loiter=0 | TRACKS: vis=0 lost=0 engaged=0 | TOP:  | KILL=19 | ACTIONS=9 | INTENT: focus=2 ratio=0.20
[t=34,087s] step=1020 | MISSION=TERMINAL | USV: 9/10 (avail=9 int=0 lock=0 frz=0) | UAV: air=0 rtb=0 chg=0 loiter=0 | TRACKS: vis=0 lost=0 engaged=0 | TOP:  | KILL=20 | ACTIONS=9 | INTENT: focus=2 ratio=0.20

========================================================================
对局结果: Result.Victory — 敌方所有单位被击毁
  击杀蓝舰: 20 | 命中: 38 | 我方USV损失: 1 | UAV损失: 10 | 突破: 1
[META] result=Result.Victory victory_time=34087 first_detection=1859 first_lock=7383 first_kill=8326 enemy_kills=20 friendly_usv_losses=1 friendly_uav_losses=10 black_breakthrough=1 reacquire_attempts=210 reacquire_success=209 sensor_assisted_locks=82 low_conf_commitments=0 global_reacquire_entries=6 global_reacquire_success=5 coverage_collapse_events=1 active_clusters_max=1 coverage_quality_final=0.20 commander_source=default_intent commander_calls=0 commander_changes=0 commander_no_change=0 commander_parse_failures=0 commander_api_failures=0 commander_policy_failures=0 commander_avg_latency=0.0
Done
