========================================================================
HYBRID AGENT V5 — Variable-Cardinality Hierarchical Maritime Agent
  启用UAV: True | LLM_ENABLED: False
========================================================================
对局 97 开始
      [UAV RELAUNCH] white_uav6
      [UAV RELAUNCH] white_uav8
      [UAV RELAUNCH] white_uav1
      [UAV RELAUNCH] white_uav10
      [UAV RELAUNCH] white_uav4
      [UAV RELAUNCH] white_uav7
      [UAV RELAUNCH] white_uav2
      [UAV RELAUNCH] white_uav9
      [UAV RELAUNCH] white_uav3
      [UAV RELAUNCH] white_uav5
[t=254s] step=10 | MISSION=NORMAL_C | USV: 10/10 (avail=10 int=0 lock=0 frz=0) | UAV: air=10 rtb=0 chg=0 loiter=0 | TRACKS: vis=0 lost=0 engaged=0 | TOP:  | KILL=0 | ACTIONS=20 | INTENT: focus=2 ratio=0.20
  [INTENT APPLIED]
    ThreatAllocator: focus 2 emergency 3 reserve_ratio 0.20 reserve_usvs None bias breakthrough_eta
    UAVManager: mode search_and_reacquire uav_priority []
[t=544s] step=20 | MISSION=NORMAL_C | USV: 10/10 (avail=10 int=0 lock=0 frz=0) | UAV: air=10 rtb=0 chg=0 loiter=0 | TRACKS: vis=0 lost=0 engaged=0 | TOP:  | KILL=0 | ACTIONS=20 | INTENT: focus=2 ratio=0.20
[t=834s] step=30 | MISSION=NORMAL_C | USV: 10/10 (avail=10 int=0 lock=0 frz=0) | UAV: air=10 rtb=0 chg=0 loiter=0 | TRACKS: vis=0 lost=0 engaged=0 | TOP:  | KILL=0 | ACTIONS=20 | INTENT: focus=2 ratio=0.20
[t=1,125s] step=40 | MISSION=NORMAL_C | USV: 10/10 (avail=10 int=0 lock=0 frz=0) | UAV: air=10 rtb=0 chg=0 loiter=0 | TRACKS: vis=0 lost=0 engaged=0 | TOP:  | KILL=0 | ACTIONS=20 | INTENT: focus=2 ratio=0.20
[t=1,409s] step=50 | MISSION=NORMAL_C | USV: 10/10 (avail=10 int=0 lock=0 frz=0) | UAV: air=10 rtb=0 chg=0 loiter=0 | TRACKS: vis=0 lost=0 engaged=0 | TOP:  | KILL=0 | ACTIONS=20 | INTENT: focus=2 ratio=0.20
[t=1,711s] step=60 | MISSION=NORMAL_C | USV: 10/10 (avail=10 int=0 lock=0 frz=0) | UAV: air=10 rtb=0 chg=0 loiter=0 | TRACKS: vis=0 lost=0 engaged=0 | TOP:  | KILL=0 | ACTIONS=20 | INTENT: focus=2 ratio=0.20
      [DETECT] black_usv13
      [DETECT] black_usv15
      [DETECT] black_usv5
      [DETECT] black_usv18
      [DETECT] black_usv4
      [DETECT] black_usv6
      [DETECT] black_usv10
      [DETECT] black_usv12
      [DETECT] black_usv9
      [DETECT] black_usv16
      [DETECT] black_usv14
      [DETECT] black_usv8
      [DETECT] black_usv3
      [ASSIGN] white_usv3->black_usv4
      [ASSIGN] white_usv5->black_usv9
      [ASSIGN] white_usv4->black_usv10
      [ASSIGN] white_usv8->black_usv12
      [ASSIGN] white_usv1->black_usv8
      [ASSIGN] white_usv7->black_usv14
      [ASSIGN] white_usv10->black_usv18
      [ASSIGN] white_usv2->black_usv3
      [DETECT] black_usv17
      [DETECT] black_usv20
      [DETECT] black_usv19
      [DETECT] black_usv11
      [DETECT] black_usv2
      [DETECT] black_usv7
      [DETECT] black_usv1
      [ASSIGN] white_usv6->black_usv1
      [ASSIGN] white_usv9->black_usv19
[t=2,014s] step=70 | MISSION=NORMAL_C | USV: 10/10 (avail=0 int=10 lock=0 frz=0) | UAV: air=10 rtb=0 chg=0 loiter=0 | TRACKS: vis=20 lost=0 engaged=0 | TOP: black_usv15(x240,009) black_usv2(x240,012) black_usv17(x240,185) | KILL=0 | ACTIONS=20 | INTENT: focus=2 ratio=0.20
[t=2,311s] step=80 | MISSION=NORMAL_C | USV: 10/10 (avail=0 int=10 lock=0 frz=0) | UAV: air=10 rtb=0 chg=0 loiter=0 | TRACKS: vis=20 lost=0 engaged=0 | TOP: black_usv15(x237,064) black_usv2(x237,067) black_usv17(x237,266) | KILL=0 | ACTIONS=20 | INTENT: focus=2 ratio=0.20
[t=2,607s] step=90 | MISSION=NORMAL_C | USV: 10/10 (avail=0 int=10 lock=0 frz=0) | UAV: air=10 rtb=0 chg=0 loiter=0 | TRACKS: vis=20 lost=0 engaged=0 | TOP: black_usv15(x234,129) black_usv2(x234,133) black_usv17(x234,356) | KILL=0 | ACTIONS=20 | INTENT: focus=2 ratio=0.20
[t=2,914s] step=100 | MISSION=NORMAL_C | USV: 10/10 (avail=0 int=10 lock=0 frz=0) | UAV: air=10 rtb=0 chg=0 loiter=0 | TRACKS: vis=20 lost=0 engaged=0 | TOP: black_usv15(x231,085) black_usv2(x231,089) black_usv17(x231,339) | KILL=0 | ACTIONS=20 | INTENT: focus=2 ratio=0.20
[t=3,212s] step=110 | MISSION=NORMAL_C | USV: 10/10 (avail=0 int=10 lock=0 frz=0) | UAV: air=10 rtb=0 chg=0 loiter=0 | TRACKS: vis=20 lost=0 engaged=0 | TOP: black_usv15(x228,130) black_usv2(x228,134) black_usv17(x228,410) | KILL=0 | ACTIONS=20 | INTENT: focus=2 ratio=0.20
[t=3,505s] step=120 | MISSION=NORMAL_C | USV: 10/10 (avail=0 int=10 lock=0 frz=0) | UAV: air=10 rtb=0 chg=0 loiter=0 | TRACKS: vis=20 lost=0 engaged=0 | TOP: black_usv15(x225,225) black_usv2(x225,229) black_usv17(x225,530) | KILL=0 | ACTIONS=20 | INTENT: focus=2 ratio=0.20
[t=3,807s] step=130 | MISSION=NORMAL_C | USV: 10/10 (avail=0 int=10 lock=0 frz=0) | UAV: air=10 rtb=0 chg=0 loiter=0 | TRACKS: vis=20 lost=0 engaged=0 | TOP: black_usv15(x222,230) black_usv2(x222,235) black_usv17(x222,562) | KILL=0 | ACTIONS=20 | INTENT: focus=2 ratio=0.20
[t=4,111s] step=140 | MISSION=NORMAL_C | USV: 10/10 (avail=0 int=10 lock=0 frz=0) | UAV: air=10 rtb=0 chg=0 loiter=0 | TRACKS: vis=20 lost=0 engaged=0 | TOP: black_usv15(x219,216) black_usv2(x219,221) black_usv17(x219,574) | KILL=0 | ACTIONS=20 | INTENT: focus=2 ratio=0.20
[t=4,420s] step=150 | MISSION=NORMAL_C | USV: 10/10 (avail=0 int=10 lock=0 frz=0) | UAV: air=10 rtb=0 chg=0 loiter=0 | TRACKS: vis=20 lost=0 engaged=0 | TOP: black_usv15(x216,151) black_usv2(x216,157) black_usv17(x216,537) | KILL=0 | ACTIONS=20 | INTENT: focus=2 ratio=0.20
[t=4,717s] step=160 | MISSION=NORMAL_C | USV: 10/10 (avail=0 int=10 lock=0 frz=0) | UAV: air=10 rtb=0 chg=0 loiter=0 | TRACKS: vis=20 lost=0 engaged=0 | TOP: black_usv15(x213,206) black_usv2(x213,213) black_usv17(x213,617) | KILL=0 | ACTIONS=20 | INTENT: focus=2 ratio=0.20
[t=5,009s] step=170 | MISSION=NORMAL_C | USV: 10/10 (avail=0 int=10 lock=0 frz=0) | UAV: air=10 rtb=0 chg=0 loiter=0 | TRACKS: vis=20 lost=0 engaged=0 | TOP: black_usv15(x210,311) black_usv2(x210,318) black_usv17(x210,747) | KILL=0 | ACTIONS=20 | INTENT: focus=2 ratio=0.20
[t=5,305s] step=180 | MISSION=NORMAL_C | USV: 10/10 (avail=0 int=10 lock=0 frz=0) | UAV: air=10 rtb=0 chg=0 loiter=0 | TRACKS: vis=20 lost=0 engaged=0 | TOP: black_usv15(x207,376) black_usv2(x207,383) black_usv17(x207,838) | KILL=0 | ACTIONS=20 | INTENT: focus=2 ratio=0.20
[t=5,593s] step=190 | MISSION=NORMAL_C | USV: 10/10 (avail=0 int=10 lock=0 frz=0) | UAV: air=10 rtb=0 chg=0 loiter=0 | TRACKS: vis=20 lost=0 engaged=0 | TOP: black_usv15(x204,520) black_usv2(x204,528) black_usv17(x205,007) | KILL=0 | ACTIONS=20 | INTENT: focus=2 ratio=0.20
[t=5,889s] step=200 | MISSION=NORMAL_C | USV: 10/10 (avail=0 int=10 lock=0 frz=0) | UAV: air=10 rtb=0 chg=0 loiter=0 | TRACKS: vis=20 lost=0 engaged=0 | TOP: black_usv15(x201,585) black_usv2(x201,593) black_usv17(x202,098) | KILL=0 | ACTIONS=20 | INTENT: focus=2 ratio=0.20
[t=6,180s] step=210 | MISSION=NORMAL_C | USV: 10/10 (avail=0 int=10 lock=0 frz=0) | UAV: air=10 rtb=0 chg=0 loiter=0 | TRACKS: vis=20 lost=0 engaged=0 | TOP: black_usv15(x198,699) black_usv2(x198,708) black_usv17(x199,238) | KILL=0 | ACTIONS=20 | INTENT: focus=2 ratio=0.20
[t=6,476s] step=220 | MISSION=NORMAL_C | USV: 10/10 (avail=0 int=10 lock=0 frz=0) | UAV: air=10 rtb=0 chg=0 loiter=0 | TRACKS: vis=20 lost=0 engaged=0 | TOP: black_usv15(x195,764) black_usv2(x195,773) black_usv17(x196,328) | KILL=0 | ACTIONS=20 | INTENT: focus=2 ratio=0.20
[t=6,774s] step=230 | MISSION=NORMAL_C | USV: 10/10 (avail=0 int=10 lock=0 frz=0) | UAV: air=10 rtb=0 chg=0 loiter=0 | TRACKS: vis=20 lost=0 engaged=0 | TOP: black_usv15(x192,809) black_usv2(x192,818) black_usv17(x193,399) | KILL=0 | ACTIONS=20 | INTENT: focus=2 ratio=0.20
[t=7,072s] step=240 | MISSION=NORMAL_C | USV: 10/10 (avail=0 int=10 lock=0 frz=0) | UAV: air=10 rtb=0 chg=0 loiter=0 | TRACKS: vis=20 lost=0 engaged=0 | TOP: black_usv15(x189,854) black_usv2(x189,864) black_usv17(x190,470) | KILL=0 | ACTIONS=20 | INTENT: focus=2 ratio=0.20
      [ASSIGN] white_usv10->black_usv19(机会锁定)
      [ASSIGN] white_usv4->black_usv9(机会锁定)
      [ASSIGN] white_usv8->black_usv14(机会锁定)
      [ASSIGN] white_usv7->black_usv15(机会锁定)
      [ASSIGN] white_usv2->black_usv4(机会锁定)
[t=7,381s] step=250 | MISSION=NORMAL_C | USV: 10/10 (avail=0 int=7 lock=3 frz=0) | UAV: air=10 rtb=0 chg=0 loiter=0 | TRACKS: vis=20 lost=0 engaged=2 | TOP: black_usv18(x186,176) black_usv15(x186,790) black_usv2(x186,800) | KILL=0 | ACTIONS=20 | INTENT: focus=2 ratio=0.20
      [ASSIGN] white_usv1->black_usv1(机会锁定)
      [ASSIGN] white_usv6->black_usv9(机会锁定)
      [ASSIGN] white_usv5->black_usv5(机会锁定)
      [ASSIGN] white_usv10->black_usv18(机会锁定)
      [ASSIGN] white_usv9->black_usv18(机会锁定)
[t=7,678s] step=260 | MISSION=NORMAL_C | USV: 10/10 (avail=0 int=3 lock=7 frz=0) | UAV: air=10 rtb=0 chg=0 loiter=0 | TRACKS: vis=20 lost=0 engaged=5 | TOP: black_usv18(x183,206) black_usv2(x183,855) black_usv17(x184,514) | KILL=0 | ACTIONS=20 | INTENT: focus=2 ratio=0.20
      [ASSIGN] white_usv3->black_usv3(机会锁定)
      [ASSIGN] white_usv4->black_usv10(机会锁定)
      [ASSIGN] white_usv8->black_usv12(机会锁定)
      [ASSIGN] white_usv7->black_usv12(机会锁定)
      [ASSIGN] white_usv2->black_usv3(机会锁定)
      [ASSIGN] white_usv6->black_usv8(机会锁定)
      [ASSIGN] white_usv1->black_usv4(机会锁定)
      [ASSIGN] white_usv6->black_usv9(机会锁定)
      [ASSIGN] white_usv1->black_usv1(机会锁定)
      [ASSIGN] white_usv6->black_usv1(机会锁定)
      [ASSIGN] white_usv5->black_usv9(机会锁定)
      [ASSIGN] white_usv10->black_usv17(机会锁定)
      [ASSIGN] white_usv9->black_usv17(机会锁定)
[t=8,003s] step=270 | MISSION=NORMAL_C | USV: 10/10 (avail=0 int=3 lock=7 frz=0) | UAV: air=10 rtb=0 chg=0 loiter=0 | TRACKS: vis=20 lost=0 engaged=4 | TOP: black_usv2(x180,633) black_usv17(x181,319) black_usv19(x182,960) | KILL=3 | ACTIONS=20 | INTENT: focus=2 ratio=0.20
      [ASSIGN] white_usv3->black_usv2(机会锁定)
      [ASSIGN] white_usv5->black_usv5(机会锁定)
      [ASSIGN] white_usv4->black_usv5(机会锁定)
      [ASSIGN] white_usv8->black_usv18(机会锁定)
      [ASSIGN] white_usv7->black_usv5(机会锁定)
      [ASSIGN] white_usv2->black_usv2(机会锁定)
      [ASSIGN] white_usv8->black_usv12(机会锁定)
      [ASSIGN] white_usv8->black_usv18(机会锁定)
      [ASSIGN] white_usv1->black_usv10(机会锁定)
      [ASSIGN] white_usv6->black_usv10(机会锁定)
      [ASSIGN] white_usv8->black_usv12(机会锁定)
      [ASSIGN] white_usv8->black_usv18(机会锁定)
      [ASSIGN] white_usv8->black_usv14(机会锁定)
      [KILL] black_usv9
      [KILL] black_usv4
      [ASSIGN] white_usv10->black_usv19(机会锁定)
      [ASSIGN] white_usv9->black_usv19(机会锁定)
      [ASSIGN] white_usv3->black_usv3(机会锁定)
      [ASSIGN] white_usv5->black_usv8(机会锁定)
      [ASSIGN] white_usv4->black_usv15(机会锁定)
      [ASSIGN] white_usv7->black_usv15(机会锁定)
      [ASSIGN] white_usv2->black_usv3(机会锁定)
[t=8,368s] step=280 | MISSION=NORMAL_C | USV: 10/10 (avail=0 int=5 lock=5 frz=0) | UAV: air=10 rtb=0 chg=0 loiter=0 | TRACKS: vis=18 lost=0 engaged=3 | TOP: black_usv17(x178,204) black_usv18(x180,056) black_usv15(x179,988) | KILL=8 | ACTIONS=20 | INTENT: focus=2 ratio=0.20
      [ASSIGN] white_usv3->black_usv2(机会锁定)
      [ASSIGN] white_usv2->black_usv2(机会锁定)
      [ASSIGN] white_usv3->black_usv3(机会锁定)
      [ASSIGN] white_usv1->black_usv16(机会锁定)
      [ASSIGN] white_usv2->black_usv3(机会锁定)
      [ASSIGN] white_usv6->black_usv16(机会锁定)
      [ASSIGN] white_usv3->black_usv2(机会锁定)
      [ASSIGN] white_usv2->black_usv2(机会锁定)
      [ASSIGN] white_usv3->black_usv3(机会锁定)
      [ASSIGN] white_usv2->black_usv3(机会锁定)
      [ASSIGN] white_usv3->black_usv2(机会锁定)
      [ASSIGN] white_usv8->black_usv18(机会锁定)
      [ASSIGN] white_usv2->black_usv2(机会锁定)
      [ASSIGN] white_usv3->black_usv3(机会锁定)
      [ASSIGN] white_usv8->black_usv14(机会锁定)
      [ASSIGN] white_usv2->black_usv3(机会锁定)
      [KILL] black_usv18
      [KILL] black_usv12
      [KILL] black_usv3
      [RELEASE] white_usv3->black_usv3(目标失效)
      [ASSIGN] white_usv3->black_usv2(机会锁定)
      [ASSIGN] white_usv8->black_usv10(机会锁定)
      [RELEASE] white_usv2->black_usv3(目标失效)
      [ASSIGN] white_usv2->black_usv2(机会锁定)
      [ASSIGN] white_usv3->black_usv1(机会锁定)
      [ASSIGN] white_usv8->black_usv14(机会锁定)
      [ASSIGN] white_usv10->black_usv17(机会锁定)
      [ASSIGN] white_usv2->black_usv1(机会锁定)
      [ASSIGN] white_usv9->black_usv17(机会锁定)
      [KILL] black_usv1
      [RELEASE] white_usv3->black_usv1(目标失效)
      [ASSIGN] white_usv3->black_usv2(机会锁定)
      [ASSIGN] white_usv5->black_usv10(机会锁定)
      [ASSIGN] white_usv8->black_usv19(机会锁定)
      [ASSIGN] white_usv7->black_usv10(机会锁定)
      [RELEASE] white_usv2->black_usv1(目标失效)
      [ASSIGN] white_usv2->black_usv2(机会锁定)
      [ASSIGN] white_usv3->black_usv8(机会锁定)
      [ASSIGN] white_usv5->black_usv15(机会锁定)
      [ASSIGN] white_usv8->black_usv15(机会锁定)
      [ASSIGN] white_usv7->black_usv15(机会锁定)
      [ASSIGN] white_usv2->black_usv7(机会锁定)
[t=8,752s] step=290 | MISSION=NORMAL_C | USV: 9/10 (avail=0 int=5 lock=4 frz=0) | UAV: air=10 rtb=0 chg=0 loiter=0 | TRACKS: vis=14 lost=0 engaged=2 | TOP: black_usv15(x176,884) black_usv14(x178,086) black_usv5(x180,972) | KILL=12 | ACTIONS=19 | INTENT: focus=2 ratio=0.20
      [ASSIGN] white_usv5->black_usv10(机会锁定)
      [ASSIGN] white_usv8->black_usv19(机会锁定)
      [ASSIGN] white_usv1->black_usv10(机会锁定)
      [ASSIGN] white_usv7->black_usv14(机会锁定)
      [ASSIGN] white_usv6->black_usv10(机会锁定)
      [ASSIGN] white_usv5->black_usv16(机会锁定)
      [ASSIGN] white_usv8->black_usv15(机会锁定)
      [ASSIGN] white_usv1->black_usv16(机会锁定)
      [ASSIGN] white_usv7->black_usv15(机会锁定)
      [ASSIGN] white_usv6->black_usv16(机会锁定)
      [ASSIGN] white_usv8->black_usv19(机会锁定)
      [ASSIGN] white_usv7->black_usv14(机会锁定)
      [ASSIGN] white_usv8->black_usv15(机会锁定)
      [ASSIGN] white_usv7->black_usv15(机会锁定)
      [KILL] black_usv5
      [KILL] black_usv2
      [ASSIGN] white_usv8->black_usv19(机会锁定)
      [ASSIGN] white_usv10->black_usv19(机会锁定)
      [ASSIGN] white_usv9->black_usv19(机会锁定)
      [KILL] black_usv10
      [ASSIGN] white_usv8->black_usv14(机会锁定)
      [ASSIGN] white_usv10->black_usv17(机会锁定)
      [ASSIGN] white_usv9->black_usv17(机会锁定)
      [ASSIGN] white_usv8->black_usv19(机会锁定)
      [ASSIGN] white_usv10->black_usv19(机会锁定)
      [ASSIGN] white_usv9->black_usv19(机会锁定)
      [ASSIGN] white_usv5->black_usv8(机会锁定)
      [ASSIGN] white_usv8->black_usv14(机会锁定)
      [ASSIGN] white_usv1->black_usv8(机会锁定)
      [ASSIGN] white_usv7->black_usv14(机会锁定)
      [ASSIGN] white_usv10->black_usv17(机会锁定)
      [ASSIGN] white_usv6->black_usv8(机会锁定)
      [ASSIGN] white_usv9->black_usv17(机会锁定)
[t=9,157s] step=300 | MISSION=NORMAL_C | USV: 7/10 (avail=0 int=7 lock=0 frz=0) | UAV: air=10 rtb=0 chg=0 loiter=0 | TRACKS: vis=11 lost=0 engaged=0 | TOP: black_usv17(x174,577) black_usv14(x178,086) black_usv7(x177,532) | KILL=15 | ACTIONS=17 | INTENT: focus=2 ratio=0.20
      [KILL] black_usv14
      [ASSIGN] white_usv5->black_usv16(机会锁定)
      [RELEASE] white_usv8->black_usv14(目标失效)
      [ASSIGN] white_usv8->black_usv15(机会锁定)
      [ASSIGN] white_usv1->black_usv16(机会锁定)
      [RELEASE] white_usv7->black_usv14(目标失效)
      [ASSIGN] white_usv7->black_usv15(机会锁定)
      [ASSIGN] white_usv10->black_usv19(机会锁定)
      [ASSIGN] white_usv6->black_usv16(机会锁定)
      [ASSIGN] white_usv9->black_usv19(机会锁定)
      [ASSIGN] white_usv5->black_usv8(机会锁定)
      [ASSIGN] white_usv8->black_usv8(机会锁定)
      [ASSIGN] white_usv1->black_usv8(机会锁定)
      [ASSIGN] white_usv7->black_usv8(机会锁定)
      [ASSIGN] white_usv10->black_usv17(机会锁定)
      [ASSIGN] white_usv9->black_usv17(机会锁定)
      [KILL] black_usv19
      [ASSIGN] white_usv5->black_usv15(机会锁定)
      [ASSIGN] white_usv8->black_usv15(机会锁定)
      [ASSIGN] white_usv1->black_usv15(机会锁定)
      [ASSIGN] white_usv7->black_usv15(机会锁定)
      [KILL] black_usv15
      [RELEASE] white_usv5->black_usv15(目标失效)
      [ASSIGN] white_usv5->black_usv8(机会锁定)
      [RELEASE] white_usv8->black_usv15(目标失效)
      [ASSIGN] white_usv8->black_usv8(机会锁定)
      [RELEASE] white_usv1->black_usv15(目标失效)
      [ASSIGN] white_usv1->black_usv8(机会锁定)
      [RELEASE] white_usv7->black_usv15(目标失效)
      [ASSIGN] white_usv7->black_usv8(机会锁定)
      [ASSIGN] white_usv5->black_usv16(机会锁定)
      [ASSIGN] white_usv8->black_usv13(机会锁定)
      [ASSIGN] white_usv1->black_usv20(机会锁定)
      [ASSIGN] white_usv7->black_usv13(机会锁定)
[t=9,587s] step=310 | MISSION=NORMAL_C | USV: 7/10 (avail=0 int=4 lock=3 frz=0) | UAV: air=10 rtb=0 chg=0 loiter=0 | TRACKS: vis=8 lost=0 engaged=2 | TOP: black_usv7(x173,660) black_usv11(x178,673) black_usv8(x178,383) | KILL=15 | ACTIONS=17 | INTENT: focus=2 ratio=0.20
      [KILL] black_usv17
      [ASSIGN] white_usv5->black_usv8(机会锁定)
      [RELEASE] white_usv10->black_usv17(目标失效)
      [ASSIGN] white_usv10->black_usv13(机会锁定)
      [RELEASE] white_usv9->black_usv17(目标失效)
      [ASSIGN] white_usv9->black_usv13(机会锁定)
      [KILL] black_usv8
      [RELEASE] white_usv5->black_usv8(目标失效)
      [ASSIGN] white_usv5->black_usv16(机会锁定)
      [ASSIGN] white_usv5->black_usv20(机会锁定)
      [ASSIGN] white_usv8->black_usv20(机会锁定)
      [ASSIGN] white_usv7->black_usv20(机会锁定)
      [KILL] black_usv16
      [ASSIGN] white_usv10->black_usv6(机会锁定)
      [RELEASE] white_usv6->black_usv16(目标失效)
      [ASSIGN] white_usv6->black_usv20(机会锁定)
      [ASSIGN] white_usv8->black_usv13(机会锁定)
      [ASSIGN] white_usv7->black_usv13(机会锁定)
[t=10,052s] step=320 | MISSION=NORMAL_C | USV: 7/10 (avail=0 int=6 lock=1 frz=0) | UAV: air=10 rtb=0 chg=0 loiter=0 | TRACKS: vis=5 lost=0 engaged=1 | TOP: black_usv7(x169,473) black_usv11(x174,729) black_usv6(x180,142) | KILL=17 | ACTIONS=17 | INTENT: focus=2 ratio=0.20
      [ASSIGN] white_usv8->black_usv6(机会锁定)
      [ASSIGN] white_usv7->black_usv20(机会锁定)
      [ASSIGN] white_usv9->black_usv6(机会锁定)
      [ASSIGN] white_usv8->black_usv13(机会锁定)
      [ASSIGN] white_usv7->black_usv13(机会锁定)
      [KILL] black_usv13
      [RELEASE] white_usv8->black_usv13(目标失效)
      [RELEASE] white_usv7->black_usv13(目标失效)
      [ASSIGN] white_usv7->black_usv6(机会锁定)
      [ASSIGN] white_usv8->black_usv7
      [ASSIGN] white_usv8->black_usv20(机会锁定)
      [ASSIGN] white_usv7->black_usv20(机会锁定)
      [ASSIGN] white_usv7->black_usv6(机会锁定)
[t=10,588s] step=330 | MISSION=NORMAL_C | USV: 7/10 (avail=0 int=7 lock=0 frz=0) | UAV: air=10 rtb=0 chg=0 loiter=0 | TRACKS: vis=4 lost=0 engaged=0 | TOP: black_usv7(x164,647) black_usv11(x170,183) black_usv6(x179,332) | KILL=18 | ACTIONS=17 | INTENT: focus=2 ratio=0.20
      [KILL] black_usv20
      [RELEASE] white_usv5->black_usv20(目标失效)
      [RELEASE] white_usv8->black_usv20(目标失效)
      [RELEASE] white_usv1->black_usv20(目标失效)
      [RELEASE] white_usv6->black_usv20(目标失效)
      [ASSIGN] white_usv5->black_usv7
      [ASSIGN] white_usv8->black_usv11
      [ASSIGN] white_usv1->black_usv7
      [ASSIGN] white_usv6->black_usv11
      [ASSIGN] white_usv1->black_usv11(机会锁定)
      [KILL] black_usv6
      [RELEASE] white_usv7->black_usv6(目标失效)
      [RELEASE] white_usv10->black_usv6(目标失效)
      [RELEASE] white_usv9->black_usv6(目标失效)
[t=11,120s] step=340 | MISSION=NORMAL_C | USV: 7/10 (avail=0 int=5 lock=2 frz=0) | UAV: air=10 rtb=0 chg=0 loiter=0 | TRACKS: vis=2 lost=0 engaged=1 | TOP: black_usv7(x159,857) black_usv11(x165,671) | KILL=18 | ACTIONS=17 | INTENT: focus=2 ratio=0.20
      [ASSIGN] white_usv7->black_usv7
      [ASSIGN] white_usv9->black_usv7
      [ASSIGN] white_usv5->black_usv11(机会锁定)
      [ASSIGN] white_usv5->black_usv7(机会锁定)
      [ASSIGN] white_usv10->black_usv7
[t=11,666s] step=350 | MISSION=NORMAL_C | USV: 7/10 (avail=0 int=6 lock=1 frz=0) | UAV: air=10 rtb=0 chg=0 loiter=0 | TRACKS: vis=2 lost=0 engaged=1 | TOP: black_usv7(x154,941) black_usv11(x164,348) | KILL=19 | ACTIONS=17 | INTENT: focus=2 ratio=0.20
      [KILL] black_usv11
      [RELEASE] white_usv8->black_usv11(目标失效)
      [RELEASE] white_usv1->black_usv11(目标失效)
      [RELEASE] white_usv6->black_usv11(目标失效)
[t=12,198s] step=360 | MISSION=NORMAL_C | USV: 7/10 (avail=3 int=3 lock=1 frz=0) | UAV: air=10 rtb=0 chg=0 loiter=0 | TRACKS: vis=1 lost=0 engaged=1 | TOP: black_usv7(x152,564) | KILL=19 | ACTIONS=17 | INTENT: focus=2 ratio=0.20

========================================================================
对局结果: Result.Victory — 敌方所有单位被击毁
  击杀蓝舰: 20 | 命中: 40 | 我方USV损失: 3 | UAV损失: 0 | 突破: 0
[META] result=Result.Victory victory_time=12596 first_detection=1862 first_lock=7381 first_kill=8290 enemy_kills=20 friendly_usv_losses=3 friendly_uav_losses=0 black_breakthrough=0 reacquire_attempts=80 reacquire_success=80 sensor_assisted_locks=53 low_conf_commitments=0 global_reacquire_entries=0 global_reacquire_success=0 coverage_collapse_events=1 active_clusters_max=1 coverage_quality_final=0.33 commander_source=default_intent commander_calls=0 commander_changes=0 commander_no_change=0 commander_parse_failures=0 commander_api_failures=0 commander_policy_failures=0 commander_avg_latency=0.0
Done
