========================================================================
HYBRID AGENT V5 — Variable-Cardinality Hierarchical Maritime Agent
  启用UAV: True | LLM_ENABLED: False
========================================================================
对局 123 开始
      [UAV RELAUNCH] white_uav3
      [UAV RELAUNCH] white_uav11
      [UAV RELAUNCH] white_uav14
      [UAV RELAUNCH] white_uav7
      [UAV RELAUNCH] white_uav9
      [UAV RELAUNCH] white_uav12
      [UAV RELAUNCH] white_uav13
      [UAV RELAUNCH] white_uav1
      [UAV RELAUNCH] white_uav8
      [UAV RELAUNCH] white_uav2
      [UAV RELAUNCH] white_uav4
      [UAV RELAUNCH] white_uav15
      [UAV RELAUNCH] white_uav5
      [UAV RELAUNCH] white_uav6
      [UAV RELAUNCH] white_uav10
[t=274s] step=10 | MISSION=NORMAL_C | USV: 15/15 (avail=15 int=0 lock=0 frz=0) | UAV: air=15 rtb=0 chg=0 loiter=0 | TRACKS: vis=0 lost=0 engaged=0 | TOP:  | KILL=0 | ACTIONS=30 | INTENT: focus=2 ratio=0.20
  [INTENT APPLIED]
    ThreatAllocator: focus 2 emergency 3 reserve_ratio 0.20 reserve_usvs None bias breakthrough_eta
    UAVManager: mode search_and_reacquire uav_priority []
[t=587s] step=20 | MISSION=NORMAL_C | USV: 15/15 (avail=15 int=0 lock=0 frz=0) | UAV: air=15 rtb=0 chg=0 loiter=0 | TRACKS: vis=0 lost=0 engaged=0 | TOP:  | KILL=0 | ACTIONS=30 | INTENT: focus=2 ratio=0.20
[t=904s] step=30 | MISSION=NORMAL_C | USV: 15/15 (avail=15 int=0 lock=0 frz=0) | UAV: air=15 rtb=0 chg=0 loiter=0 | TRACKS: vis=0 lost=0 engaged=0 | TOP:  | KILL=0 | ACTIONS=30 | INTENT: focus=2 ratio=0.20
[t=1,215s] step=40 | MISSION=NORMAL_C | USV: 15/15 (avail=15 int=0 lock=0 frz=0) | UAV: air=15 rtb=0 chg=0 loiter=0 | TRACKS: vis=0 lost=0 engaged=0 | TOP:  | KILL=0 | ACTIONS=30 | INTENT: focus=2 ratio=0.20
[t=1,534s] step=50 | MISSION=NORMAL_C | USV: 15/15 (avail=15 int=0 lock=0 frz=0) | UAV: air=15 rtb=0 chg=0 loiter=0 | TRACKS: vis=0 lost=0 engaged=0 | TOP:  | KILL=0 | ACTIONS=30 | INTENT: focus=2 ratio=0.20
      [DETECT] black_usv17
      [DETECT] black_usv20
      [DETECT] black_usv29
      [DETECT] black_usv25
      [DETECT] black_usv13
      [DETECT] black_usv15
      [DETECT] black_usv28
      [DETECT] black_usv5
      [DETECT] black_usv4
      [DETECT] black_usv6
      [DETECT] black_usv26
      [DETECT] black_usv19
      [DETECT] black_usv9
      [DETECT] black_usv10
      [DETECT] black_usv14
      [DETECT] black_usv8
      [DETECT] black_usv11
      [DETECT] black_usv24
      [DETECT] black_usv16
      [DETECT] black_usv2
      [DETECT] black_usv27
      [DETECT] black_usv22
      [DETECT] black_usv21
      [DETECT] black_usv12
      [DETECT] black_usv7
      [ASSIGN] white_usv12->black_usv22
      [ASSIGN] white_usv14->black_usv29
      [ASSIGN] white_usv1->black_usv7
      [ASSIGN] white_usv3->black_usv5
      [ASSIGN] white_usv5->black_usv12
      [ASSIGN] white_usv6->black_usv17
      [ASSIGN] white_usv7->black_usv13
      [ASSIGN] white_usv8->black_usv15
      [ASSIGN] white_usv13->black_usv25
      [ASSIGN] white_usv11->black_usv20
      [ASSIGN] white_usv2->black_usv4
      [ASSIGN] white_usv4->black_usv16
[t=1,859s] step=60 | MISSION=NORMAL_C | USV: 15/15 (avail=15 int=0 lock=0 frz=0) | UAV: air=15 rtb=0 chg=0 loiter=0 | TRACKS: vis=25 lost=0 engaged=0 | TOP: black_usv6(x241,587) black_usv8(x241,587) black_usv11(x241,657) | KILL=0 | ACTIONS=30 | INTENT: focus=2 ratio=0.20
      [DETECT] black_usv18
      [DETECT] black_usv3
      [DETECT] black_usv30
      [DETECT] black_usv1
      [DETECT] black_usv23
      [ASSIGN] white_usv9->black_usv6
      [ASSIGN] white_usv10->black_usv30
      [ASSIGN] white_usv15->black_usv8
[t=2,185s] step=70 | MISSION=NORMAL_C | USV: 15/15 (avail=0 int=15 lock=0 frz=0) | UAV: air=15 rtb=0 chg=0 loiter=0 | TRACKS: vis=30 lost=0 engaged=0 | TOP: black_usv11(x238,443) black_usv3(x238,479) black_usv28(x238,487) | KILL=0 | ACTIONS=30 | INTENT: focus=2 ratio=0.20
[t=2,502s] step=80 | MISSION=NORMAL_C | USV: 15/15 (avail=0 int=15 lock=0 frz=0) | UAV: air=15 rtb=0 chg=0 loiter=0 | TRACKS: vis=30 lost=0 engaged=0 | TOP: black_usv11(x235,319) black_usv3(x235,359) black_usv28(x235,368) | KILL=0 | ACTIONS=30 | INTENT: focus=2 ratio=0.20
[t=2,815s] step=90 | MISSION=NORMAL_C | USV: 15/15 (avail=0 int=15 lock=0 frz=0) | UAV: air=15 rtb=0 chg=0 loiter=0 | TRACKS: vis=30 lost=0 engaged=0 | TOP: black_usv11(x232,233) black_usv3(x232,279) black_usv28(x232,289) | KILL=0 | ACTIONS=30 | INTENT: focus=2 ratio=0.20
[t=3,142s] step=100 | MISSION=NORMAL_C | USV: 15/15 (avail=0 int=15 lock=0 frz=0) | UAV: air=15 rtb=0 chg=0 loiter=0 | TRACKS: vis=30 lost=0 engaged=0 | TOP: black_usv11(x229,010) black_usv3(x229,061) black_usv28(x229,073) | KILL=0 | ACTIONS=30 | INTENT: focus=2 ratio=0.20
[t=3,448s] step=110 | MISSION=NORMAL_C | USV: 15/15 (avail=0 int=15 lock=0 frz=0) | UAV: air=15 rtb=0 chg=0 loiter=0 | TRACKS: vis=30 lost=0 engaged=0 | TOP: black_usv11(x225,994) black_usv3(x226,050) black_usv28(x226,062) | KILL=0 | ACTIONS=30 | INTENT: focus=2 ratio=0.20
[t=3,755s] step=120 | MISSION=NORMAL_C | USV: 15/15 (avail=0 int=15 lock=0 frz=0) | UAV: air=15 rtb=0 chg=0 loiter=0 | TRACKS: vis=30 lost=0 engaged=0 | TOP: black_usv11(x222,968) black_usv3(x223,029) black_usv28(x223,043) | KILL=0 | ACTIONS=30 | INTENT: focus=2 ratio=0.20
[t=4,074s] step=130 | MISSION=NORMAL_C | USV: 15/15 (avail=0 int=15 lock=0 frz=0) | UAV: air=15 rtb=0 chg=0 loiter=0 | TRACKS: vis=30 lost=0 engaged=0 | TOP: black_usv11(x219,824) black_usv3(x219,890) black_usv28(x219,905) | KILL=0 | ACTIONS=30 | INTENT: focus=2 ratio=0.20
[t=4,380s] step=140 | MISSION=NORMAL_C | USV: 15/15 (avail=0 int=15 lock=0 frz=0) | UAV: air=15 rtb=0 chg=0 loiter=0 | TRACKS: vis=26 lost=4 engaged=0 | TOP: black_usv11(x216,808) black_usv3(x216,879) black_usv28(x216,894) | KILL=0 | ACTIONS=30 | INTENT: focus=2 ratio=0.20
[t=4,688s] step=150 | MISSION=NORMAL_C | USV: 15/15 (avail=0 int=15 lock=0 frz=0) | UAV: air=15 rtb=0 chg=0 loiter=0 | TRACKS: vis=30 lost=0 engaged=0 | TOP: black_usv11(x213,772) black_usv3(x213,848) black_usv28(x213,865) | KILL=0 | ACTIONS=30 | INTENT: focus=2 ratio=0.20
[t=4,993s] step=160 | MISSION=NORMAL_C | USV: 15/15 (avail=0 int=15 lock=0 frz=0) | UAV: air=15 rtb=0 chg=0 loiter=0 | TRACKS: vis=30 lost=0 engaged=0 | TOP: black_usv11(x210,758) black_usv3(x210,840) black_usv28(x210,857) | KILL=0 | ACTIONS=30 | INTENT: focus=2 ratio=0.20
[t=5,293s] step=170 | MISSION=NORMAL_C | USV: 15/15 (avail=0 int=15 lock=0 frz=0) | UAV: air=15 rtb=0 chg=0 loiter=0 | TRACKS: vis=30 lost=0 engaged=0 | TOP: black_usv11(x207,808) black_usv3(x207,894) black_usv28(x207,913) | KILL=0 | ACTIONS=30 | INTENT: focus=2 ratio=0.20
[t=5,615s] step=180 | MISSION=NORMAL_C | USV: 15/15 (avail=0 int=15 lock=0 frz=0) | UAV: air=15 rtb=0 chg=0 loiter=0 | TRACKS: vis=30 lost=0 engaged=0 | TOP: black_usv11(x204,634) black_usv3(x204,726) black_usv28(x204,746) | KILL=0 | ACTIONS=30 | INTENT: focus=2 ratio=0.20
[t=5,930s] step=190 | MISSION=NORMAL_C | USV: 15/15 (avail=0 int=15 lock=0 frz=0) | UAV: air=15 rtb=0 chg=0 loiter=0 | TRACKS: vis=30 lost=0 engaged=0 | TOP: black_usv11(x201,529) black_usv3(x201,626) black_usv28(x201,647) | KILL=0 | ACTIONS=30 | INTENT: focus=2 ratio=0.20
[t=6,253s] step=200 | MISSION=NORMAL_C | USV: 15/15 (avail=0 int=15 lock=0 frz=0) | UAV: air=15 rtb=0 chg=0 loiter=0 | TRACKS: vis=30 lost=0 engaged=0 | TOP: black_usv11(x198,346) black_usv3(x198,448) black_usv28(x198,470) | KILL=0 | ACTIONS=30 | INTENT: focus=2 ratio=0.20
[t=6,594s] step=210 | MISSION=NORMAL_C | USV: 15/15 (avail=0 int=15 lock=0 frz=0) | UAV: air=15 rtb=0 chg=0 loiter=0 | TRACKS: vis=30 lost=0 engaged=0 | TOP: black_usv11(x194,984) black_usv3(x195,092) black_usv28(x195,115) | KILL=0 | ACTIONS=30 | INTENT: focus=2 ratio=0.20
[t=6,910s] step=220 | MISSION=NORMAL_C | USV: 15/15 (avail=0 int=15 lock=0 frz=0) | UAV: air=15 rtb=0 chg=0 loiter=0 | TRACKS: vis=29 lost=1 engaged=0 | TOP: black_usv3(x191,979) black_usv11(x191,870) black_usv28(x192,007) | KILL=0 | ACTIONS=30 | INTENT: focus=2 ratio=0.20
[t=7,249s] step=230 | MISSION=NORMAL_C | USV: 15/15 (avail=0 int=15 lock=0 frz=0) | UAV: air=15 rtb=0 chg=0 loiter=0 | TRACKS: vis=30 lost=0 engaged=0 | TOP: black_usv9(x188,847) black_usv3(x188,620) black_usv11(x188,528) | KILL=0 | ACTIONS=30 | INTENT: focus=2 ratio=0.20
      [ASSIGN] white_usv6->black_usv13(机会锁定)
      [ASSIGN] white_usv13->black_usv29(机会锁定)
      [ASSIGN] white_usv11->black_usv22(机会锁定)
      [ASSIGN] white_usv1->black_usv5(机会锁定)
      [ASSIGN] white_usv2->black_usv11(机会锁定)
      [ASSIGN] white_usv10->black_usv25(机会锁定)
      [ASSIGN] white_usv9->black_usv4(机会锁定)
      [ASSIGN] white_usv15->black_usv16(机会锁定)
[t=7,583s] step=240 | MISSION=NORMAL_C | USV: 15/15 (avail=0 int=0 lock=15 frz=0) | UAV: air=15 rtb=0 chg=0 loiter=0 | TRACKS: vis=30 lost=0 engaged=10 | TOP: black_usv30(x184,218) black_usv7(x184,893) black_usv6(x184,952) | KILL=0 | ACTIONS=30 | INTENT: focus=2 ratio=0.20
      [ASSIGN] white_usv12->black_usv20(机会锁定)
      [ASSIGN] white_usv14->black_usv30(机会锁定)
      [ASSIGN] white_usv5->black_usv2(机会锁定)
      [ASSIGN] white_usv6->black_usv17(机会锁定)
      [ASSIGN] white_usv7->black_usv17(机会锁定)
      [ASSIGN] white_usv8->black_usv26(机会锁定)
      [ASSIGN] white_usv13->black_usv30(机会锁定)
      [ASSIGN] white_usv11->black_usv20(机会锁定)
      [ASSIGN] white_usv1->black_usv7(机会锁定)
      [ASSIGN] white_usv3->black_usv8(机会锁定)
      [ASSIGN] white_usv2->black_usv8(机会锁定)
      [ASSIGN] white_usv4->black_usv13(机会锁定)
      [ASSIGN] white_usv10->black_usv29(机会锁定)
      [ASSIGN] white_usv4->black_usv12(机会锁定)
      [ASSIGN] white_usv9->black_usv12(机会锁定)
      [ASSIGN] white_usv15->black_usv13(机会锁定)
      [ASSIGN] white_usv15->black_usv16(机会锁定)
      [ASSIGN] white_usv15->black_usv13(机会锁定)
[t=7,962s] step=250 | MISSION=NORMAL_C | USV: 15/15 (avail=0 int=1 lock=14 frz=0) | UAV: air=15 rtb=0 chg=0 loiter=0 | TRACKS: vis=30 lost=0 engaged=9 | TOP: black_usv6(x181,202) black_usv3(x181,556) black_usv9(x181,750) | KILL=3 | ACTIONS=30 | INTENT: focus=2 ratio=0.20
      [ASSIGN] white_usv12->black_usv28(机会锁定)
      [ASSIGN] white_usv14->black_usv25(机会锁定)
      [ASSIGN] white_usv5->black_usv4(机会锁定)
      [ASSIGN] white_usv6->black_usv16(机会锁定)
      [ASSIGN] white_usv15->black_usv16(机会锁定)
      [ASSIGN] white_usv1->black_usv6(机会锁定)
      [ASSIGN] white_usv3->black_usv6(机会锁定)
      [ASSIGN] white_usv6->black_usv2(机会锁定)
      [ASSIGN] white_usv7->black_usv2(机会锁定)
      [ASSIGN] white_usv8->black_usv15(机会锁定)
      [ASSIGN] white_usv13->black_usv22(机会锁定)
      [ASSIGN] white_usv11->black_usv14(机会锁定)
      [ASSIGN] white_usv15->black_usv2(机会锁定)
      [ASSIGN] white_usv2->black_usv7(机会锁定)
      [ASSIGN] white_usv4->black_usv17(机会锁定)
      [ASSIGN] white_usv9->black_usv7(机会锁定)
      [ASSIGN] white_usv10->black_usv30(机会锁定)
      [ASSIGN] white_usv4->black_usv12(机会锁定)
      [ASSIGN] white_usv10->black_usv20(机会锁定)
      [ASSIGN] white_usv4->black_usv17(机会锁定)
      [ASSIGN] white_usv10->black_usv30(机会锁定)
      [ASSIGN] white_usv4->black_usv19(机会锁定)
      [ASSIGN] white_usv10->black_usv20(机会锁定)
      [ASSIGN] white_usv10->black_usv30(机会锁定)
      [KILL] black_usv13
      [ASSIGN] white_usv10->black_usv20(机会锁定)
      [KILL] black_usv5
      [KILL] black_usv16
      [ASSIGN] white_usv12->black_usv26(机会锁定)
      [ASSIGN] white_usv14->black_usv30(机会锁定)
      [ASSIGN] white_usv5->black_usv9(机会锁定)
      [ASSIGN] white_usv10->black_usv30(机会锁定)
      [ASSIGN] white_usv14->black_usv25(机会锁定)
      [ASSIGN] white_usv1->black_usv3(机会锁定)
      [ASSIGN] white_usv3->black_usv8(机会锁定)
      [ASSIGN] white_usv6->black_usv27(机会锁定)
      [ASSIGN] white_usv7->black_usv27(机会锁定)
      [ASSIGN] white_usv8->black_usv27(机会锁定)
      [ASSIGN] white_usv13->black_usv25(机会锁定)
      [ASSIGN] white_usv11->black_usv28(机会锁定)
      [ASSIGN] white_usv10->black_usv28(机会锁定)
      [ASSIGN] white_usv15->black_usv27(机会锁定)
[t=8,383s] step=260 | MISSION=NORMAL_C | USV: 15/15 (avail=0 int=10 lock=5 frz=0) | UAV: air=15 rtb=0 chg=0 loiter=0 | TRACKS: vis=25 lost=2 engaged=4 | TOP: black_usv3(x177,385) black_usv28(x178,274) black_usv4(x179,715) | KILL=12 | ACTIONS=30 | INTENT: focus=2 ratio=0.20
      [ASSIGN] white_usv14->black_usv30(机会锁定)
      [ASSIGN] white_usv13->black_usv22(机会锁定)
      [ASSIGN] white_usv2->black_usv4(机会锁定)
      [ASSIGN] white_usv9->black_usv4(机会锁定)
      [ASSIGN] white_usv14->black_usv25(机会锁定)
      [ASSIGN] white_usv13->black_usv25(机会锁定)
      [ASSIGN] white_usv14->black_usv30(机会锁定)
      [ASSIGN] white_usv13->black_usv22(机会锁定)
      [ASSIGN] white_usv14->black_usv25(机会锁定)
      [ASSIGN] white_usv13->black_usv25(机会锁定)
      [ASSIGN] white_usv4->black_usv15(机会锁定)
      [KILL] black_usv17
      [KILL] black_usv20
      [KILL] black_usv30
      [ASSIGN] white_usv14->black_usv22(机会锁定)
      [ASSIGN] white_usv13->black_usv22(机会锁定)
      [ASSIGN] white_usv4->black_usv19(机会锁定)
      [ASSIGN] white_usv12->black_usv14(机会锁定)
      [ASSIGN] white_usv5->black_usv24(机会锁定)
      [ASSIGN] white_usv13->black_usv25(机会锁定)
      [KILL] black_usv29
      [KILL] black_usv12
      [ASSIGN] white_usv14->black_usv25(机会锁定)
      [ASSIGN] white_usv1->black_usv9(机会锁定)
      [ASSIGN] white_usv3->black_usv9(机会锁定)
      [ASSIGN] white_usv6->black_usv26(机会锁定)
      [ASSIGN] white_usv13->black_usv26(机会锁定)
      [ASSIGN] white_usv14->black_usv22(机会锁定)
      [ASSIGN] white_usv6->black_usv15(机会锁定)
      [ASSIGN] white_usv7->black_usv15(机会锁定)
      [ASSIGN] white_usv8->black_usv15(机会锁定)
      [ASSIGN] white_usv13->black_usv22(机会锁定)
      [ASSIGN] white_usv11->black_usv22(机会锁定)
      [ASSIGN] white_usv10->black_usv22(机会锁定)
      [ASSIGN] white_usv14->black_usv28(机会锁定)
      [ASSIGN] white_usv6->black_usv27(机会锁定)
      [ASSIGN] white_usv7->black_usv27(机会锁定)
      [ASSIGN] white_usv8->black_usv27(机会锁定)
      [ASSIGN] white_usv13->black_usv28(机会锁定)
      [ASSIGN] white_usv11->black_usv28(机会锁定)
      [ASSIGN] white_usv2->black_usv7(机会锁定)
      [ASSIGN] white_usv9->black_usv7(机会锁定)
      [ASSIGN] white_usv10->black_usv28(机会锁定)
      [ASSIGN] white_usv14->black_usv22(机会锁定)
      [ASSIGN] white_usv6->black_usv4(机会锁定)
      [ASSIGN] white_usv7->black_usv4(机会锁定)
      [ASSIGN] white_usv8->black_usv26(机会锁定)
      [ASSIGN] white_usv13->black_usv22(机会锁定)
      [ASSIGN] white_usv11->black_usv26(机会锁定)
      [ASSIGN] white_usv10->black_usv22(机会锁定)
[t=8,842s] step=270 | MISSION=NORMAL_C | USV: 14/15 (avail=0 int=7 lock=7 frz=0) | UAV: air=15 rtb=0 chg=0 loiter=0 | TRACKS: vis=22 lost=0 engaged=5 | TOP: black_usv3(x174,294) black_usv1(x174,250) black_usv6(x175,473) | KILL=17 | ACTIONS=29 | INTENT: focus=2 ratio=0.20
      [ASSIGN] white_usv14->black_usv28(机会锁定)
      [ASSIGN] white_usv6->black_usv27(机会锁定)
      [ASSIGN] white_usv7->black_usv27(机会锁定)
      [ASSIGN] white_usv8->black_usv27(机会锁定)
      [ASSIGN] white_usv13->black_usv28(机会锁定)
      [ASSIGN] white_usv11->black_usv28(机会锁定)
      [ASSIGN] white_usv10->black_usv28(机会锁定)
      [ASSIGN] white_usv14->black_usv22(机会锁定)
      [ASSIGN] white_usv6->black_usv4(机会锁定)
      [ASSIGN] white_usv7->black_usv4(机会锁定)
      [ASSIGN] white_usv8->black_usv26(机会锁定)
      [ASSIGN] white_usv11->black_usv26(机会锁定)
      [ASSIGN] white_usv10->black_usv22(机会锁定)
      [KILL] black_usv25
      [ASSIGN] white_usv12->black_usv28(机会锁定)
      [ASSIGN] white_usv14->black_usv28(机会锁定)
      [ASSIGN] white_usv5->black_usv27(机会锁定)
      [ASSIGN] white_usv6->black_usv27(机会锁定)
      [ASSIGN] white_usv7->black_usv27(机会锁定)
      [ASSIGN] white_usv8->black_usv27(机会锁定)
      [ASSIGN] white_usv11->black_usv28(机会锁定)
      [ASSIGN] white_usv4->black_usv27(机会锁定)
      [ASSIGN] white_usv10->black_usv28(机会锁定)
      [KILL] black_usv15
      [KILL] black_usv2
      [KILL] black_usv22
      [ASSIGN] white_usv12->black_usv14(机会锁定)
      [ASSIGN] white_usv14->black_usv14(机会锁定)
      [ASSIGN] white_usv1->black_usv6(机会锁定)
      [ASSIGN] white_usv3->black_usv6(机会锁定)
      [ASSIGN] white_usv5->black_usv4(机会锁定)
      [ASSIGN] white_usv7->black_usv4(机会锁定)
      [ASSIGN] white_usv8->black_usv14(机会锁定)
      [ASSIGN] white_usv11->black_usv14(机会锁定)
      [ASSIGN] white_usv4->black_usv4(机会锁定)
      [ASSIGN] white_usv10->black_usv14(机会锁定)
      [ASSIGN] white_usv5->black_usv19(机会锁定)
      [ASSIGN] white_usv8->black_usv26(机会锁定)
      [ASSIGN] white_usv4->black_usv19(机会锁定)
      [ASSIGN] white_usv10->black_usv28(机会锁定)
      [ASSIGN] white_usv5->black_usv24(机会锁定)
      [ASSIGN] white_usv6->black_usv14(机会锁定)
      [ASSIGN] white_usv8->black_usv11(机会锁定)
      [ASSIGN] white_usv4->black_usv24(机会锁定)
      [ASSIGN] white_usv10->black_usv14(机会锁定)
      [ASSIGN] white_usv7->black_usv27(机会锁定)
      [ASSIGN] white_usv7->black_usv4(机会锁定)
      [ASSIGN] white_usv2->black_usv9(机会锁定)
      [ASSIGN] white_usv9->black_usv4(机会锁定)
      [ASSIGN] white_usv7->black_usv27(机会锁定)
      [ASSIGN] white_usv2->black_usv7(机会锁定)
      [ASSIGN] white_usv9->black_usv7(机会锁定)
      [ASSIGN] white_usv7->black_usv4(机会锁定)
      [ASSIGN] white_usv2->black_usv9(机会锁定)
      [ASSIGN] white_usv9->black_usv4(机会锁定)
[t=9,242s] step=280 | MISSION=NORMAL_C | USV: 13/15 (avail=0 int=3 lock=10 frz=0) | UAV: air=15 rtb=0 chg=0 loiter=0 | TRACKS: vis=18 lost=0 engaged=4 | TOP: black_usv1(x170,372) black_usv3(x171,856) black_usv9(x174,331) | KILL=20 | ACTIONS=28 | INTENT: focus=2 ratio=0.20
      [KILL] black_usv26
      [ASSIGN] white_usv7->black_usv27(机会锁定)
      [ASSIGN] white_usv2->black_usv7(机会锁定)
      [ASSIGN] white_usv9->black_usv7(机会锁定)
      [KILL] black_usv8
      [KILL] black_usv27
      [ASSIGN] white_usv12->black_usv28(机会锁定)
      [ASSIGN] white_usv14->black_usv28(机会锁定)
      [ASSIGN] white_usv6->black_usv4(机会锁定)
      [RELEASE] white_usv7->black_usv27(目标失效)
      [ASSIGN] white_usv7->black_usv4(机会锁定)
      [ASSIGN] white_usv11->black_usv28(机会锁定)
      [ASSIGN] white_usv2->black_usv21(机会锁定)
      [ASSIGN] white_usv9->black_usv4(机会锁定)
      [ASSIGN] white_usv10->black_usv28(机会锁定)
      [KILL] black_usv28
      [RELEASE] white_usv12->black_usv28(目标失效)
      [ASSIGN] white_usv12->black_usv14(机会锁定)
      [RELEASE] white_usv14->black_usv28(目标失效)
      [ASSIGN] white_usv14->black_usv14(机会锁定)
      [ASSIGN] white_usv1->black_usv7(机会锁定)
      [ASSIGN] white_usv3->black_usv7(机会锁定)
      [ASSIGN] white_usv5->black_usv14(机会锁定)
      [ASSIGN] white_usv6->black_usv14(机会锁定)
      [ASSIGN] white_usv7->black_usv14(机会锁定)
      [RELEASE] white_usv11->black_usv28(目标失效)
      [ASSIGN] white_usv11->black_usv14(机会锁定)
      [ASSIGN] white_usv2->black_usv7(机会锁定)
      [ASSIGN] white_usv9->black_usv7(机会锁定)
      [RELEASE] white_usv10->black_usv28(目标失效)
      [ASSIGN] white_usv10->black_usv14(机会锁定)
      [KILL] black_usv4
      [ASSIGN] white_usv1->black_usv6(机会锁定)
      [ASSIGN] white_usv3->black_usv6(机会锁定)
      [ASSIGN] white_usv5->black_usv21(机会锁定)
      [ASSIGN] white_usv7->black_usv19(机会锁定)
      [ASSIGN] white_usv2->black_usv6(机会锁定)
      [ASSIGN] white_usv4->black_usv19(机会锁定)
      [ASSIGN] white_usv9->black_usv6(机会锁定)
      [ASSIGN] white_usv1->black_usv7(机会锁定)
      [ASSIGN] white_usv3->black_usv7(机会锁定)
      [ASSIGN] white_usv7->black_usv24(机会锁定)
      [ASSIGN] white_usv4->black_usv24(机会锁定)
      [ASSIGN] white_usv9->black_usv7(机会锁定)
      [ASSIGN] white_usv1->black_usv3(机会锁定)
      [ASSIGN] white_usv3->black_usv3(机会锁定)
      [ASSIGN] white_usv7->black_usv19(机会锁定)
      [ASSIGN] white_usv4->black_usv19(机会锁定)
      [ASSIGN] white_usv9->black_usv6(机会锁定)
      [ASSIGN] white_usv7->black_usv24(机会锁定)
      [ASSIGN] white_usv4->black_usv24(机会锁定)
      [ASSIGN] white_usv10->black_usv10(机会锁定)
      [KILL] black_usv19
      [KILL] black_usv9
      [ASSIGN] white_usv7->black_usv11(机会锁定)
      [ASSIGN] white_usv2->black_usv7(机会锁定)
      [ASSIGN] white_usv4->black_usv11(机会锁定)
      [ASSIGN] white_usv7->black_usv24(机会锁定)
      [ASSIGN] white_usv2->black_usv21(机会锁定)
      [ASSIGN] white_usv4->black_usv24(机会锁定)
      [ASSIGN] white_usv9->black_usv21(机会锁定)
      [ASSIGN] white_usv7->black_usv11(机会锁定)
      [ASSIGN] white_usv2->black_usv6(机会锁定)
      [ASSIGN] white_usv4->black_usv11(机会锁定)
      [ASSIGN] white_usv9->black_usv6(机会锁定)
[t=9,667s] step=290 | MISSION=NORMAL_C | USV: 12/15 (avail=0 int=8 lock=4 frz=0) | UAV: air=15 rtb=0 chg=0 loiter=0 | TRACKS: vis=10 lost=1 engaged=3 | TOP: black_usv1(x166,251) black_usv6(x170,605) black_usv7(x172,674) | KILL=24 | ACTIONS=27 | INTENT: focus=2 ratio=0.20
      [ASSIGN] white_usv7->black_usv24(机会锁定)
      [ASSIGN] white_usv2->black_usv7(机会锁定)
      [ASSIGN] white_usv4->black_usv24(机会锁定)
      [ASSIGN] white_usv9->black_usv7(机会锁定)
      [ASSIGN] white_usv14->black_usv23(机会锁定)
      [ASSIGN] white_usv7->black_usv11(机会锁定)
      [ASSIGN] white_usv2->black_usv6(机会锁定)
      [ASSIGN] white_usv4->black_usv21(机会锁定)
      [ASSIGN] white_usv9->black_usv6(机会锁定)
      [KILL] black_usv7
      [ASSIGN] white_usv5->black_usv24(机会锁定)
      [ASSIGN] white_usv7->black_usv24(机会锁定)
      [ASSIGN] white_usv2->black_usv24(机会锁定)
      [ASSIGN] white_usv4->black_usv14(机会锁定)
      [ASSIGN] white_usv9->black_usv24(机会锁定)
      [ASSIGN] white_usv5->black_usv21(机会锁定)
      [ASSIGN] white_usv7->black_usv21(机会锁定)
      [ASSIGN] white_usv2->black_usv21(机会锁定)
      [ASSIGN] white_usv9->black_usv21(机会锁定)
      [ASSIGN] white_usv1->black_usv6(机会锁定)
      [ASSIGN] white_usv3->black_usv6(机会锁定)
      [ASSIGN] white_usv1->black_usv3(机会锁定)
      [ASSIGN] white_usv3->black_usv3(机会锁定)
      [KILL] black_usv14
      [RELEASE] white_usv12->black_usv14(目标失效)
      [ASSIGN] white_usv1->black_usv6(机会锁定)
      [ASSIGN] white_usv3->black_usv6(机会锁定)
      [RELEASE] white_usv6->black_usv14(目标失效)
      [ASSIGN] white_usv6->black_usv24(机会锁定)
      [RELEASE] white_usv11->black_usv14(目标失效)
      [RELEASE] white_usv4->black_usv14(目标失效)
      [KILL] black_usv6
      [ASSIGN] white_usv12->black_usv18
      [RELEASE] white_usv1->black_usv6(目标失效)
      [ASSIGN] white_usv1->black_usv3(机会锁定)
      [RELEASE] white_usv3->black_usv6(目标失效)
      [ASSIGN] white_usv3->black_usv3(机会锁定)
      [ASSIGN] white_usv6->black_usv11(机会锁定)
      [ASSIGN] white_usv11->black_usv3
      [ASSIGN] white_usv4->black_usv1
      [KILL] black_usv11
      [KILL] black_usv24
      [ASSIGN] white_usv1->black_usv21(机会锁定)
      [ASSIGN] white_usv3->black_usv1(机会锁定)
      [RELEASE] white_usv6->black_usv11(目标失效)
      [ASSIGN] white_usv6->black_usv21(机会锁定)
[t=10,111s] step=300 | MISSION=NORMAL_C | USV: 11/15 (avail=0 int=3 lock=8 frz=0) | UAV: air=15 rtb=0 chg=0 loiter=0 | TRACKS: vis=6 lost=0 engaged=4 | TOP: black_usv23(x168,447) black_usv3(x165,832) black_usv18(x171,980) | KILL=25 | ACTIONS=26 | INTENT: focus=2 ratio=0.20
      [ASSIGN] white_usv1->black_usv3(机会锁定)
      [ASSIGN] white_usv2->black_usv3(机会锁定)
      [ASSIGN] white_usv9->black_usv3(机会锁定)
      [ASSIGN] white_usv1->black_usv21(机会锁定)
      [ASSIGN] white_usv2->black_usv21(机会锁定)
      [ASSIGN] white_usv4->black_usv21(机会锁定)
      [ASSIGN] white_usv9->black_usv21(机会锁定)
      [ASSIGN] white_usv1->black_usv3(机会锁定)
      [ASSIGN] white_usv2->black_usv3(机会锁定)
      [ASSIGN] white_usv9->black_usv3(机会锁定)
      [ASSIGN] white_usv1->black_usv21(机会锁定)
      [ASSIGN] white_usv2->black_usv21(机会锁定)
      [ASSIGN] white_usv9->black_usv21(机会锁定)
      [ASSIGN] white_usv1->black_usv1(机会锁定)
      [ASSIGN] white_usv2->black_usv3(机会锁定)
      [ASSIGN] white_usv9->black_usv3(机会锁定)
      [ASSIGN] white_usv2->black_usv18(机会锁定)
      [ASSIGN] white_usv9->black_usv18(机会锁定)
      [KILL] black_usv3
      [RELEASE] white_usv11->black_usv3(目标失效)
      [ASSIGN] white_usv11->black_usv1
      [ASSIGN] white_usv11->black_usv21(机会锁定)
[t=10,650s] step=310 | MISSION=NORMAL_C | USV: 10/15 (avail=0 int=7 lock=3 frz=0) | UAV: air=15 rtb=0 chg=0 loiter=0 | TRACKS: vis=5 lost=0 engaged=2 | TOP: black_usv23(x168,248) black_usv1(x159,328) black_usv18(x167,289) | KILL=28 | ACTIONS=25 | INTENT: focus=2 ratio=0.20
      [ASSIGN] white_usv6->black_usv18(机会锁定)
      [KILL] black_usv10
      [KILL] black_usv21
      [RELEASE] white_usv5->black_usv21(目标失效)
      [ASSIGN] white_usv6->black_usv1(机会锁定)
      [RELEASE] white_usv11->black_usv21(目标失效)
      [RELEASE] white_usv4->black_usv21(目标失效)
      [ASSIGN] white_usv4->black_usv1(机会锁定)
      [RELEASE] white_usv10->black_usv10(目标失效)
      [ASSIGN] white_usv10->black_usv23(机会锁定)

========================================================================
对局结果: Result.Victory — 敌方所有单位被击毁
  击杀蓝舰: 30 | 命中: 60 | 我方USV损失: 5 | UAV损失: 0 | 突破: 0
[META] result=Result.Victory victory_time=10977 first_detection=1859 first_lock=7381 first_kill=8300 enemy_kills=30 friendly_usv_losses=5 friendly_uav_losses=0 black_breakthrough=0 reacquire_attempts=48 reacquire_success=48 sensor_assisted_locks=58 low_conf_commitments=0 global_reacquire_entries=0 global_reacquire_success=0 coverage_collapse_events=1 active_clusters_max=1 coverage_quality_final=0.27 commander_source=default_intent commander_calls=0 commander_changes=0 commander_no_change=0 commander_parse_failures=0 commander_api_failures=0 commander_policy_failures=0 commander_avg_latency=0.0
Done
