========================================================================
HYBRID AGENT V5 — Variable-Cardinality Hierarchical Maritime Agent
  启用UAV: True | LLM_ENABLED: False
========================================================================
对局 9 开始
      [UAV RELAUNCH] white_uav2
      [UAV RELAUNCH] white_uav6
      [UAV RELAUNCH] white_uav11
      [UAV RELAUNCH] white_uav1
      [UAV RELAUNCH] white_uav12
      [UAV RELAUNCH] white_uav13
      [UAV RELAUNCH] white_uav14
      [UAV RELAUNCH] white_uav10
      [UAV RELAUNCH] white_uav4
      [UAV RELAUNCH] white_uav5
      [UAV RELAUNCH] white_uav8
      [UAV RELAUNCH] white_uav9
      [UAV RELAUNCH] white_uav15
      [UAV RELAUNCH] white_uav3
      [UAV RELAUNCH] white_uav7
[t=286s] step=10 | MISSION=NORMAL_C | USV: 15/15 (avail=15 int=0 lock=0 frz=0) | UAV: air=15 rtb=0 chg=0 loiter=0 | TRACKS: vis=0 lost=0 engaged=0 | TOP:  | KILL=0 | ACTIONS=30 | INTENT: focus=2 ratio=0.20
  [INTENT APPLIED]
    ThreatAllocator: focus 2 emergency 3 reserve_ratio 0.20 reserve_usvs None bias breakthrough_eta
    UAVManager: mode search_and_reacquire uav_priority []
[t=619s] step=20 | MISSION=NORMAL_C | USV: 15/15 (avail=15 int=0 lock=0 frz=0) | UAV: air=15 rtb=0 chg=0 loiter=0 | TRACKS: vis=0 lost=0 engaged=0 | TOP:  | KILL=0 | ACTIONS=30 | INTENT: focus=2 ratio=0.20
[t=914s] step=30 | MISSION=NORMAL_C | USV: 15/15 (avail=15 int=0 lock=0 frz=0) | UAV: air=15 rtb=0 chg=0 loiter=0 | TRACKS: vis=0 lost=0 engaged=0 | TOP:  | KILL=0 | ACTIONS=30 | INTENT: focus=2 ratio=0.20
[t=1,218s] step=40 | MISSION=NORMAL_C | USV: 15/15 (avail=15 int=0 lock=0 frz=0) | UAV: air=15 rtb=0 chg=0 loiter=0 | TRACKS: vis=0 lost=0 engaged=0 | TOP:  | KILL=0 | ACTIONS=30 | INTENT: focus=2 ratio=0.20
[t=1,534s] step=50 | MISSION=NORMAL_C | USV: 15/15 (avail=15 int=0 lock=0 frz=0) | UAV: air=15 rtb=0 chg=0 loiter=0 | TRACKS: vis=0 lost=0 engaged=0 | TOP:  | KILL=0 | ACTIONS=30 | INTENT: focus=2 ratio=0.20
      [DETECT] black_usv17
      [DETECT] black_usv16
      [DETECT] black_usv15
      [DETECT] black_usv18
      [ASSIGN] white_usv7->black_usv15
      [ASSIGN] white_usv8->black_usv16
      [ASSIGN] white_usv10->black_usv17
      [ASSIGN] white_usv13->black_usv18
      [ASSIGN] white_usv15->black_usv18
      [ASSIGN] white_usv1->black_usv17
      [ASSIGN] white_usv5->black_usv15
      [ASSIGN] white_usv9->black_usv18
      [ASSIGN] white_usv3->black_usv16
      [ASSIGN] white_usv4->black_usv17
      [ASSIGN] white_usv2->black_usv15
      [ASSIGN] white_usv6->black_usv16
[t=1,842s] step=60 | MISSION=NORMAL_C | USV: 15/15 (avail=15 int=0 lock=0 frz=0) | UAV: air=15 rtb=0 chg=0 loiter=0 | TRACKS: vis=4 lost=0 engaged=0 | TOP: black_usv16(x241,562) black_usv18(x241,571) black_usv15(x241,715) | KILL=0 | ACTIONS=30 | INTENT: focus=2 ratio=0.20
      [DETECT] black_usv10
      [DETECT] black_usv12
      [DETECT] black_usv22
      [DETECT] black_usv14
      [DETECT] black_usv24
      [DETECT] black_usv8
      [DETECT] black_usv25
      [DETECT] black_usv23
      [DETECT] black_usv9
      [DETECT] black_usv20
      [DETECT] black_usv11
      [DETECT] black_usv21
      [DETECT] black_usv13
      [DETECT] black_usv19
      [ASSIGN] white_usv14->black_usv19
      [ASSIGN] white_usv12->black_usv21
      [DETECT] black_usv4
      [DETECT] black_usv28
      [DETECT] black_usv29
      [DETECT] black_usv5
      [DETECT] black_usv6
      [DETECT] black_usv26
      [DETECT] black_usv7
      [DETECT] black_usv27
      [ASSIGN] white_usv11->black_usv22
      [DETECT] black_usv2
      [DETECT] black_usv1
      [DETECT] black_usv3
      [DETECT] black_usv30
[t=2,172s] step=70 | MISSION=NORMAL_C | USV: 15/15 (avail=0 int=15 lock=0 frz=0) | UAV: air=15 rtb=0 chg=0 loiter=0 | TRACKS: vis=30 lost=0 engaged=0 | TOP: black_usv20(x238,680) black_usv12(x238,803) black_usv14(x238,898) | KILL=0 | ACTIONS=30 | INTENT: focus=2 ratio=0.20
[t=2,470s] step=80 | MISSION=NORMAL_C | USV: 15/15 (avail=0 int=15 lock=0 frz=0) | UAV: air=15 rtb=0 chg=0 loiter=0 | TRACKS: vis=30 lost=0 engaged=0 | TOP: black_usv20(x235,769) black_usv12(x235,910) black_usv14(x236,020) | KILL=0 | ACTIONS=30 | INTENT: focus=2 ratio=0.20
[t=2,785s] step=90 | MISSION=NORMAL_C | USV: 15/15 (avail=0 int=15 lock=0 frz=0) | UAV: air=15 rtb=0 chg=0 loiter=0 | TRACKS: vis=30 lost=0 engaged=0 | TOP: black_usv20(x232,686) black_usv12(x232,847) black_usv14(x232,972) | KILL=0 | ACTIONS=30 | INTENT: focus=2 ratio=0.20
[t=3,066s] step=100 | MISSION=NORMAL_C | USV: 15/15 (avail=0 int=15 lock=0 frz=0) | UAV: air=15 rtb=0 chg=0 loiter=0 | TRACKS: vis=30 lost=0 engaged=0 | TOP: black_usv20(x229,937) black_usv12(x230,115) black_usv14(x230,254) | KILL=0 | ACTIONS=30 | INTENT: focus=2 ratio=0.20
[t=3,372s] step=110 | MISSION=NORMAL_C | USV: 15/15 (avail=0 int=15 lock=0 frz=0) | UAV: air=15 rtb=0 chg=0 loiter=0 | TRACKS: vis=30 lost=0 engaged=0 | TOP: black_usv20(x226,943) black_usv12(x227,140) black_usv14(x227,293) | KILL=0 | ACTIONS=30 | INTENT: focus=2 ratio=0.20
[t=3,662s] step=120 | MISSION=NORMAL_C | USV: 15/15 (avail=0 int=15 lock=0 frz=0) | UAV: air=15 rtb=0 chg=0 loiter=0 | TRACKS: vis=30 lost=0 engaged=0 | TOP: black_usv20(x224,105) black_usv12(x224,320) black_usv14(x224,488) | KILL=0 | ACTIONS=30 | INTENT: focus=2 ratio=0.20
[t=3,968s] step=130 | MISSION=NORMAL_C | USV: 15/15 (avail=0 int=15 lock=0 frz=0) | UAV: air=15 rtb=0 chg=0 loiter=0 | TRACKS: vis=30 lost=0 engaged=0 | TOP: black_usv20(x221,111) black_usv12(x221,345) black_usv14(x221,527) | KILL=0 | ACTIONS=30 | INTENT: focus=2 ratio=0.20
[t=4,248s] step=140 | MISSION=NORMAL_C | USV: 15/15 (avail=0 int=15 lock=0 frz=0) | UAV: air=15 rtb=0 chg=0 loiter=0 | TRACKS: vis=30 lost=0 engaged=0 | TOP: black_usv20(x218,371) black_usv12(x218,623) black_usv14(x218,819) | KILL=0 | ACTIONS=30 | INTENT: focus=2 ratio=0.20
[t=4,516s] step=150 | MISSION=NORMAL_C | USV: 15/15 (avail=0 int=15 lock=0 frz=0) | UAV: air=15 rtb=0 chg=0 loiter=0 | TRACKS: vis=30 lost=0 engaged=0 | TOP: black_usv20(x215,749) black_usv12(x216,017) black_usv14(x216,226) | KILL=0 | ACTIONS=30 | INTENT: focus=2 ratio=0.20
[t=4,823s] step=160 | MISSION=NORMAL_C | USV: 15/15 (avail=0 int=15 lock=0 frz=0) | UAV: air=15 rtb=0 chg=0 loiter=0 | TRACKS: vis=29 lost=1 engaged=0 | TOP: black_usv12(x213,021) black_usv14(x213,243) black_usv25(x213,587) | KILL=0 | ACTIONS=30 | INTENT: focus=2 ratio=0.20
[t=5,155s] step=170 | MISSION=NORMAL_C | USV: 15/15 (avail=0 int=15 lock=0 frz=0) | UAV: air=15 rtb=0 chg=0 loiter=0 | TRACKS: vis=29 lost=0 engaged=0 | TOP: black_usv20(x209,496) black_usv14(x209,946) black_usv23(x210,556) | KILL=0 | ACTIONS=30 | INTENT: focus=2 ratio=0.20
[t=5,481s] step=180 | MISSION=NORMAL_C | USV: 15/15 (avail=0 int=15 lock=0 frz=0) | UAV: air=15 rtb=0 chg=0 loiter=0 | TRACKS: vis=28 lost=1 engaged=0 | TOP: black_usv20(x206,237) black_usv14(x206,796) black_usv23(x207,450) | KILL=0 | ACTIONS=30 | INTENT: focus=2 ratio=0.20
[t=5,819s] step=190 | MISSION=NORMAL_C | USV: 15/15 (avail=0 int=15 lock=0 frz=0) | UAV: air=15 rtb=0 chg=0 loiter=0 | TRACKS: vis=28 lost=1 engaged=0 | TOP: black_usv20(x202,859) black_usv14(x203,530) black_usv23(x204,231) | KILL=0 | ACTIONS=30 | INTENT: focus=2 ratio=0.20
[t=6,156s] step=200 | MISSION=NORMAL_C | USV: 15/15 (avail=0 int=15 lock=0 frz=0) | UAV: air=15 rtb=0 chg=0 loiter=0 | TRACKS: vis=27 lost=1 engaged=0 | TOP: black_usv23(x200,888) black_usv7(x206,674) black_usv9(x207,150) | KILL=0 | ACTIONS=30 | INTENT: focus=2 ratio=0.20
[t=6,484s] step=210 | MISSION=NORMAL_C | USV: 15/15 (avail=0 int=15 lock=0 frz=0) | UAV: air=15 rtb=0 chg=0 loiter=0 | TRACKS: vis=26 lost=2 engaged=0 | TOP: black_usv8(x200,496) black_usv23(x197,719) black_usv3(x209,276) | KILL=0 | ACTIONS=30 | INTENT: focus=2 ratio=0.20
[t=6,831s] step=220 | MISSION=NORMAL_C | USV: 15/15 (avail=0 int=15 lock=0 frz=0) | UAV: air=15 rtb=0 chg=0 loiter=0 | TRACKS: vis=26 lost=0 engaged=0 | TOP: black_usv8(x197,043) black_usv10(x197,666) black_usv5(x207,117) | KILL=0 | ACTIONS=30 | INTENT: focus=2 ratio=0.20
      [DETECT] black_usv3
[t=7,192s] step=230 | MISSION=NORMAL_C | USV: 15/15 (avail=0 int=15 lock=0 frz=0) | UAV: air=15 rtb=0 chg=0 loiter=0 | TRACKS: vis=25 lost=2 engaged=0 | TOP: black_usv8(x193,434) black_usv10(x194,098) black_usv3(x203,788) | KILL=0 | ACTIONS=30 | INTENT: focus=2 ratio=0.20
      [ASSIGN] white_usv10->black_usv16(机会锁定)
      [ASSIGN] white_usv9->black_usv16(机会锁定)
      [ASSIGN] white_usv13->black_usv19(机会锁定)
      [ASSIGN] white_usv3->black_usv15(机会锁定)
      [ASSIGN] white_usv14->black_usv21(机会锁定)
      [ASSIGN] white_usv11->black_usv21(机会锁定)
      [ASSIGN] white_usv15->black_usv19(机会锁定)
      [ASSIGN] white_usv1->black_usv15(机会锁定)
[t=7,557s] step=240 | MISSION=NORMAL_C | USV: 15/15 (avail=0 int=0 lock=15 frz=0) | UAV: air=15 rtb=0 chg=0 loiter=0 | TRACKS: vis=26 lost=1 engaged=5 | TOP: black_usv3(x200,959) black_usv4(x195,537) black_usv5(x201,547) | KILL=0 | ACTIONS=30 | INTENT: focus=2 ratio=0.20
      [ASSIGN] white_usv7->black_usv18(机会锁定)
      [ASSIGN] white_usv8->black_usv18(机会锁定)
      [ASSIGN] white_usv10->black_usv18(机会锁定)
      [ASSIGN] white_usv5->black_usv14(机会锁定)
      [ASSIGN] white_usv9->black_usv18(机会锁定)
      [ASSIGN] white_usv6->black_usv18(机会锁定)
      [ASSIGN] white_usv12->black_usv22(机会锁定)
      [ASSIGN] white_usv13->black_usv16(机会锁定)
      [ASSIGN] white_usv1->black_usv16(机会锁定)
      [ASSIGN] white_usv3->black_usv16(机会锁定)
      [ASSIGN] white_usv4->black_usv16(机会锁定)
      [ASSIGN] white_usv2->black_usv12(机会锁定)
      [ASSIGN] white_usv14->black_usv20(机会锁定)
      [ASSIGN] white_usv11->black_usv20(机会锁定)
      [ASSIGN] white_usv13->black_usv21(机会锁定)
      [ASSIGN] white_usv15->black_usv21(机会锁定)
      [ASSIGN] white_usv1->black_usv15(机会锁定)
      [ASSIGN] white_usv3->black_usv15(机会锁定)
      [ASSIGN] white_usv4->black_usv15(机会锁定)
      [ASSIGN] white_usv13->black_usv19(机会锁定)
      [ASSIGN] white_usv15->black_usv19(机会锁定)
      [ASSIGN] white_usv1->black_usv16(机会锁定)
      [ASSIGN] white_usv3->black_usv16(机会锁定)
      [ASSIGN] white_usv4->black_usv16(机会锁定)
      [ASSIGN] white_usv1->black_usv15(机会锁定)
      [ASSIGN] white_usv3->black_usv15(机会锁定)
      [ASSIGN] white_usv4->black_usv15(机会锁定)
      [ASSIGN] white_usv1->black_usv16(机会锁定)
      [ASSIGN] white_usv3->black_usv16(机会锁定)
      [ASSIGN] white_usv4->black_usv16(机会锁定)
      [ASSIGN] white_usv1->black_usv15(机会锁定)
      [ASSIGN] white_usv3->black_usv15(机会锁定)
      [ASSIGN] white_usv4->black_usv15(机会锁定)
[t=7,934s] step=250 | MISSION=NORMAL_C | USV: 15/15 (avail=0 int=3 lock=12 frz=0) | UAV: air=15 rtb=0 chg=0 loiter=0 | TRACKS: vis=24 lost=2 engaged=6 | TOP: black_usv7(x189,809) black_usv4(x191,767) black_usv3(x198,037) | KILL=3 | ACTIONS=30 | INTENT: focus=2 ratio=0.20
      [ASSIGN] white_usv1->black_usv16(机会锁定)
      [ASSIGN] white_usv3->black_usv16(机会锁定)
      [ASSIGN] white_usv4->black_usv16(机会锁定)
      [ASSIGN] white_usv7->black_usv15(机会锁定)
      [ASSIGN] white_usv8->black_usv17(机会锁定)
      [ASSIGN] white_usv1->black_usv15(机会锁定)
      [ASSIGN] white_usv3->black_usv15(机会锁定)
      [ASSIGN] white_usv4->black_usv15(机会锁定)
      [ASSIGN] white_usv7->black_usv16(机会锁定)
      [ASSIGN] white_usv10->black_usv16(机会锁定)
      [ASSIGN] white_usv1->black_usv16(机会锁定)
      [ASSIGN] white_usv5->black_usv16(机会锁定)
      [ASSIGN] white_usv9->black_usv16(机会锁定)
      [ASSIGN] white_usv3->black_usv14(机会锁定)
      [ASSIGN] white_usv4->black_usv16(机会锁定)
      [ASSIGN] white_usv6->black_usv16(机会锁定)
      [ASSIGN] white_usv12->black_usv21(机会锁定)
      [ASSIGN] white_usv7->black_usv18(机会锁定)
      [ASSIGN] white_usv10->black_usv18(机会锁定)
      [ASSIGN] white_usv1->black_usv18(机会锁定)
      [ASSIGN] white_usv5->black_usv18(机会锁定)
      [ASSIGN] white_usv9->black_usv18(机会锁定)
      [ASSIGN] white_usv4->black_usv18(机会锁定)
      [ASSIGN] white_usv2->black_usv18(机会锁定)
      [ASSIGN] white_usv6->black_usv18(机会锁定)
      [ASSIGN] white_usv14->black_usv22(机会锁定)
      [ASSIGN] white_usv12->black_usv22(机会锁定)
      [ASSIGN] white_usv11->black_usv22(机会锁定)
      [DETECT] black_usv2
      [ASSIGN] white_usv7->black_usv15(机会锁定)
      [ASSIGN] white_usv10->black_usv16(机会锁定)
      [ASSIGN] white_usv1->black_usv12(机会锁定)
      [ASSIGN] white_usv5->black_usv12(机会锁定)
      [ASSIGN] white_usv9->black_usv16(机会锁定)
      [ASSIGN] white_usv4->black_usv14(机会锁定)
      [ASSIGN] white_usv2->black_usv12(机会锁定)
      [ASSIGN] white_usv6->black_usv16(机会锁定)
      [ASSIGN] white_usv7->black_usv18(机会锁定)
      [ASSIGN] white_usv10->black_usv18(机会锁定)
      [ASSIGN] white_usv13->black_usv20(机会锁定)
      [ASSIGN] white_usv15->black_usv20(机会锁定)
      [ASSIGN] white_usv9->black_usv18(机会锁定)
      [ASSIGN] white_usv2->black_usv18(机会锁定)
      [ASSIGN] white_usv6->black_usv18(机会锁定)
      [ASSIGN] white_usv7->black_usv15(机会锁定)
      [ASSIGN] white_usv10->black_usv19(机会锁定)
      [ASSIGN] white_usv13->black_usv19(机会锁定)
      [ASSIGN] white_usv15->black_usv19(机会锁定)
      [ASSIGN] white_usv9->black_usv19(机会锁定)
      [ASSIGN] white_usv2->black_usv15(机会锁定)
      [ASSIGN] white_usv6->black_usv16(机会锁定)
      [ASSIGN] white_usv7->black_usv18(机会锁定)
      [ASSIGN] white_usv10->black_usv18(机会锁定)
      [ASSIGN] white_usv13->black_usv20(机会锁定)
      [ASSIGN] white_usv15->black_usv20(机会锁定)
      [ASSIGN] white_usv9->black_usv18(机会锁定)
      [ASSIGN] white_usv4->black_usv18(机会锁定)
      [ASSIGN] white_usv2->black_usv18(机会锁定)
      [ASSIGN] white_usv6->black_usv18(机会锁定)
      [ASSIGN] white_usv7->black_usv17(机会锁定)
      [ASSIGN] white_usv10->black_usv17(机会锁定)
      [ASSIGN] white_usv13->black_usv19(机会锁定)
      [ASSIGN] white_usv15->black_usv19(机会锁定)
      [ASSIGN] white_usv9->black_usv17(机会锁定)
      [ASSIGN] white_usv4->black_usv15(机会锁定)
      [ASSIGN] white_usv2->black_usv13(机会锁定)
      [ASSIGN] white_usv6->black_usv17(机会锁定)
      [KILL] black_usv16
      [KILL] black_usv15
      [KILL] black_usv21
      [ASSIGN] white_usv8->black_usv18(机会锁定)
      [ASSIGN] white_usv13->black_usv20(机会锁定)
      [ASSIGN] white_usv15->black_usv20(机会锁定)
      [RELEASE] white_usv4->black_usv15(目标失效)
      [ASSIGN] white_usv4->black_usv18(机会锁定)
[t=8,319s] step=260 | MISSION=NORMAL_C | USV: 14/15 (avail=0 int=4 lock=10 frz=0) | UAV: air=15 rtb=0 chg=0 loiter=0 | TRACKS: vis=23 lost=1 engaged=5 | TOP: black_usv2(x198,104) black_usv7(x185,959) black_usv4(x187,917) | KILL=6 | ACTIONS=29 | INTENT: focus=2 ratio=0.20
      [ASSIGN] white_usv8->black_usv19(机会锁定)
      [ASSIGN] white_usv13->black_usv19(机会锁定)
      [ASSIGN] white_usv15->black_usv23(机会锁定)
      [ASSIGN] white_usv4->black_usv11(机会锁定)
      [ASSIGN] white_usv8->black_usv18(机会锁定)
      [ASSIGN] white_usv13->black_usv20(机会锁定)
      [ASSIGN] white_usv3->black_usv18(机会锁定)
      [ASSIGN] white_usv8->black_usv19(机会锁定)
      [ASSIGN] white_usv13->black_usv19(机会锁定)
      [ASSIGN] white_usv3->black_usv14(机会锁定)
      [ASSIGN] white_usv14->black_usv19(机会锁定)
      [ASSIGN] white_usv12->black_usv19(机会锁定)
      [ASSIGN] white_usv11->black_usv24(机会锁定)
      [ASSIGN] white_usv8->black_usv18(机会锁定)
      [ASSIGN] white_usv13->black_usv22(机会锁定)
      [ASSIGN] white_usv5->black_usv18(机会锁定)
      [ASSIGN] white_usv3->black_usv18(机会锁定)
      [ASSIGN] white_usv14->black_usv22(机会锁定)
      [ASSIGN] white_usv12->black_usv22(机会锁定)
      [ASSIGN] white_usv13->black_usv19(机会锁定)
      [ASSIGN] white_usv5->black_usv14(机会锁定)
      [ASSIGN] white_usv3->black_usv14(机会锁定)
      [ASSIGN] white_usv14->black_usv20(机会锁定)
      [ASSIGN] white_usv12->black_usv20(机会锁定)
      [ASSIGN] white_usv13->black_usv22(机会锁定)
      [ASSIGN] white_usv5->black_usv12(机会锁定)
      [ASSIGN] white_usv3->black_usv12(机会锁定)
      [ASSIGN] white_usv14->black_usv22(机会锁定)
      [ASSIGN] white_usv12->black_usv22(机会锁定)
      [ASSIGN] white_usv7->black_usv14(机会锁定)
      [ASSIGN] white_usv8->black_usv17(机会锁定)
      [ASSIGN] white_usv10->black_usv19(机会锁定)
      [ASSIGN] white_usv13->black_usv19(机会锁定)
      [ASSIGN] white_usv5->black_usv14(机会锁定)
      [ASSIGN] white_usv9->black_usv19(机会锁定)
      [ASSIGN] white_usv3->black_usv14(机会锁定)
      [ASSIGN] white_usv6->black_usv14(机会锁定)
      [ASSIGN] white_usv14->black_usv25(机会锁定)
      [ASSIGN] white_usv12->black_usv25(机会锁定)
      [KILL] black_usv18
      [ASSIGN] white_usv7->black_usv12(机会锁定)
      [ASSIGN] white_usv10->black_usv20(机会锁定)
      [ASSIGN] white_usv13->black_usv22(机会锁定)
      [ASSIGN] white_usv5->black_usv12(机会锁定)
      [ASSIGN] white_usv9->black_usv20(机会锁定)
      [ASSIGN] white_usv3->black_usv12(机会锁定)
      [ASSIGN] white_usv2->black_usv12(机会锁定)
      [ASSIGN] white_usv6->black_usv17(机会锁定)
      [ASSIGN] white_usv7->black_usv13(机会锁定)
      [ASSIGN] white_usv10->black_usv19(机会锁定)
      [ASSIGN] white_usv5->black_usv13(机会锁定)
      [ASSIGN] white_usv9->black_usv19(机会锁定)
      [ASSIGN] white_usv3->black_usv13(机会锁定)
      [ASSIGN] white_usv2->black_usv13(机会锁定)
      [ASSIGN] white_usv6->black_usv13(机会锁定)
      [KILL] black_usv20
      [ASSIGN] white_usv10->black_usv17(机会锁定)
      [ASSIGN] white_usv15->black_usv22(机会锁定)
      [ASSIGN] white_usv9->black_usv17(机会锁定)
      [ASSIGN] white_usv4->black_usv14(机会锁定)
      [ASSIGN] white_usv6->black_usv17(机会锁定)
[t=8,692s] step=270 | MISSION=NORMAL_C | USV: 13/15 (avail=0 int=6 lock=7 frz=0) | UAV: air=15 rtb=0 chg=0 loiter=0 | TRACKS: vis=19 lost=2 engaged=3 | TOP: black_usv7(x182,249) black_usv4(x184,190) black_usv6(x184,856) | KILL=10 | ACTIONS=28 | INTENT: focus=2 ratio=0.20
      [DETECT] black_usv29
      [ASSIGN] white_usv15->black_usv23(机会锁定)
      [ASSIGN] white_usv4->black_usv11(机会锁定)
      [DETECT] black_usv30
      [KILL] black_usv19
      [ASSIGN] white_usv11->black_usv22(机会锁定)
      [ASSIGN] white_usv11->black_usv24(机会锁定)
      [ASSIGN] white_usv14->black_usv24(机会锁定)
      [ASSIGN] white_usv12->black_usv24(机会锁定)
      [ASSIGN] white_usv7->black_usv14(机会锁定)
      [ASSIGN] white_usv3->black_usv14(机会锁定)
      [ASSIGN] white_usv2->black_usv14(机会锁定)
      [KILL] black_usv14
      [RELEASE] white_usv7->black_usv14(目标失效)
      [ASSIGN] white_usv7->black_usv13(机会锁定)
      [RELEASE] white_usv3->black_usv14(目标失效)
      [ASSIGN] white_usv3->black_usv13(机会锁定)
      [RELEASE] white_usv2->black_usv14(目标失效)
      [ASSIGN] white_usv2->black_usv13(机会锁定)
      [KILL] black_usv22
      [ASSIGN] white_usv7->black_usv12(机会锁定)
      [ASSIGN] white_usv8->black_usv11(机会锁定)
      [ASSIGN] white_usv15->black_usv25(机会锁定)
      [ASSIGN] white_usv3->black_usv12(机会锁定)
      [ASSIGN] white_usv4->black_usv12(机会锁定)
      [ASSIGN] white_usv2->black_usv10(机会锁定)
      [KILL] black_usv12
      [RELEASE] white_usv7->black_usv12(目标失效)
      [ASSIGN] white_usv7->black_usv13(机会锁定)
      [ASSIGN] white_usv8->black_usv13(机会锁定)
      [ASSIGN] white_usv15->black_usv23(机会锁定)
      [RELEASE] white_usv3->black_usv12(目标失效)
      [ASSIGN] white_usv3->black_usv13(机会锁定)
      [RELEASE] white_usv4->black_usv12(目标失效)
      [ASSIGN] white_usv4->black_usv13(机会锁定)
[t=9,103s] step=280 | MISSION=NORMAL_C | USV: 11/15 (avail=0 int=8 lock=3 frz=0) | UAV: air=15 rtb=0 chg=0 loiter=0 | TRACKS: vis=17 lost=2 engaged=2 | TOP: black_usv7(x178,139) black_usv4(x180,080) black_usv30(x187,201) | KILL=13 | ACTIONS=26 | INTENT: focus=2 ratio=0.20
      [ASSIGN] white_usv7->black_usv11(机会锁定)
      [ASSIGN] white_usv8->black_usv11(机会锁定)
      [ASSIGN] white_usv9->black_usv23(机会锁定)
      [ASSIGN] white_usv3->black_usv11(机会锁定)
      [ASSIGN] white_usv4->black_usv11(机会锁定)
      [ASSIGN] white_usv6->black_usv11(机会锁定)
      [ASSIGN] white_usv14->black_usv25(机会锁定)
      [ASSIGN] white_usv12->black_usv25(机会锁定)
      [DETECT] black_usv2
      [ASSIGN] white_usv7->black_usv13(机会锁定)
      [ASSIGN] white_usv8->black_usv13(机会锁定)
      [ASSIGN] white_usv3->black_usv13(机会锁定)
      [ASSIGN] white_usv4->black_usv13(机会锁定)
      [ASSIGN] white_usv6->black_usv13(机会锁定)
      [ASSIGN] white_usv14->black_usv24(机会锁定)
      [ASSIGN] white_usv12->black_usv24(机会锁定)
      [KILL] black_usv17
      [ASSIGN] white_usv7->black_usv11(机会锁定)
      [ASSIGN] white_usv8->black_usv11(机会锁定)
      [RELEASE] white_usv10->black_usv17(目标失效)
      [ASSIGN] white_usv10->black_usv23(机会锁定)
      [ASSIGN] white_usv3->black_usv11(机会锁定)
      [ASSIGN] white_usv4->black_usv11(机会锁定)
      [ASSIGN] white_usv6->black_usv11(机会锁定)
      [ASSIGN] white_usv14->black_usv25(机会锁定)
      [ASSIGN] white_usv12->black_usv25(机会锁定)
      [ASSIGN] white_usv7->black_usv13(机会锁定)
      [ASSIGN] white_usv8->black_usv13(机会锁定)
      [ASSIGN] white_usv3->black_usv13(机会锁定)
      [ASSIGN] white_usv4->black_usv13(机会锁定)
      [ASSIGN] white_usv6->black_usv13(机会锁定)
      [ASSIGN] white_usv14->black_usv26(机会锁定)
      [ASSIGN] white_usv12->black_usv26(机会锁定)
      [ASSIGN] white_usv7->black_usv11(机会锁定)
      [ASSIGN] white_usv8->black_usv11(机会锁定)
      [ASSIGN] white_usv3->black_usv11(机会锁定)
      [ASSIGN] white_usv4->black_usv11(机会锁定)
      [ASSIGN] white_usv6->black_usv11(机会锁定)
      [ASSIGN] white_usv8->black_usv13(机会锁定)
      [ASSIGN] white_usv3->black_usv13(机会锁定)
      [ASSIGN] white_usv4->black_usv10(机会锁定)
      [ASSIGN] white_usv6->black_usv13(机会锁定)
      [ASSIGN] white_usv8->black_usv11(机会锁定)
      [ASSIGN] white_usv3->black_usv8(机会锁定)
      [ASSIGN] white_usv2->black_usv8(机会锁定)
      [ASSIGN] white_usv6->black_usv11(机会锁定)
      [ASSIGN] white_usv7->black_usv13(机会锁定)
      [ASSIGN] white_usv8->black_usv13(机会锁定)
      [ASSIGN] white_usv10->black_usv13(机会锁定)
      [ASSIGN] white_usv6->black_usv13(机会锁定)
      [ASSIGN] white_usv7->black_usv11(机会锁定)
      [ASSIGN] white_usv8->black_usv11(机会锁定)
      [ASSIGN] white_usv10->black_usv11(机会锁定)
      [ASSIGN] white_usv6->black_usv11(机会锁定)
      [ASSIGN] white_usv7->black_usv13(机会锁定)
      [ASSIGN] white_usv8->black_usv13(机会锁定)
      [ASSIGN] white_usv10->black_usv13(机会锁定)
      [ASSIGN] white_usv6->black_usv13(机会锁定)
[t=9,513s] step=290 | MISSION=NORMAL_C | USV: 9/15 (avail=0 int=6 lock=3 frz=0) | UAV: air=15 rtb=0 chg=0 loiter=0 | TRACKS: vis=15 lost=4 engaged=2 | TOP: black_usv29(x179,129) black_usv30(x183,198) black_usv7(x174,081) | KILL=15 | ACTIONS=24 | INTENT: focus=2 ratio=0.20
      [KILL] black_usv25
      [ASSIGN] white_usv7->black_usv11(机会锁定)
      [ASSIGN] white_usv8->black_usv11(机会锁定)
      [ASSIGN] white_usv10->black_usv11(机会锁定)
      [ASSIGN] white_usv6->black_usv11(机会锁定)
      [KILL] black_usv13
      [ASSIGN] white_usv7->black_usv10(机会锁定)
      [ASSIGN] white_usv8->black_usv10(机会锁定)
      [ASSIGN] white_usv10->black_usv24(机会锁定)
      [ASSIGN] white_usv6->black_usv10(机会锁定)
      [ASSIGN] white_usv10->black_usv26(机会锁定)
      [KILL] black_usv11
      [KILL] black_usv24
      [ASSIGN] white_usv7->black_usv8(机会锁定)
      [ASSIGN] white_usv8->black_usv8(机会锁定)
      [ASSIGN] white_usv4->black_usv8(机会锁定)
      [ASSIGN] white_usv6->black_usv8(机会锁定)
      [ASSIGN] white_usv7->black_usv10(机会锁定)
      [ASSIGN] white_usv8->black_usv10(机会锁定)
      [ASSIGN] white_usv4->black_usv10(机会锁定)
      [ASSIGN] white_usv2->black_usv10(机会锁定)
      [ASSIGN] white_usv6->black_usv10(机会锁定)
      [ASSIGN] white_usv7->black_usv8(机会锁定)
      [ASSIGN] white_usv8->black_usv8(机会锁定)
      [ASSIGN] white_usv4->black_usv8(机会锁定)
      [ASSIGN] white_usv2->black_usv8(机会锁定)
      [ASSIGN] white_usv6->black_usv8(机会锁定)
      [ASSIGN] white_usv7->black_usv10(机会锁定)
      [ASSIGN] white_usv8->black_usv10(机会锁定)
      [ASSIGN] white_usv4->black_usv10(机会锁定)
      [ASSIGN] white_usv2->black_usv10(机会锁定)
      [ASSIGN] white_usv6->black_usv10(机会锁定)
      [ASSIGN] white_usv7->black_usv8(机会锁定)
      [ASSIGN] white_usv8->black_usv23(机会锁定)
      [ASSIGN] white_usv4->black_usv8(机会锁定)
      [ASSIGN] white_usv2->black_usv8(机会锁定)
      [ASSIGN] white_usv6->black_usv8(机会锁定)
[t=9,911s] step=300 | MISSION=NORMAL_C | USV: 8/15 (avail=0 int=7 lock=1 frz=0) | UAV: air=15 rtb=0 chg=0 loiter=0 | TRACKS: vis=14 lost=0 engaged=1 | TOP: black_usv27(x167,547) black_usv8(x168,868) black_usv28(x171,295) | KILL=17 | ACTIONS=23 | INTENT: focus=2 ratio=0.20
      [ASSIGN] white_usv7->black_usv10(机会锁定)
      [ASSIGN] white_usv8->black_usv10(机会锁定)
      [ASSIGN] white_usv4->black_usv10(机会锁定)
      [ASSIGN] white_usv2->black_usv10(机会锁定)
      [ASSIGN] white_usv6->black_usv10(机会锁定)
      [ASSIGN] white_usv8->black_usv26(机会锁定)
      [ASSIGN] white_usv2->black_usv8(机会锁定)
      [ASSIGN] white_usv6->black_usv8(机会锁定)
      [KILL] black_usv23
      [RELEASE] white_usv15->black_usv23(目标失效)
      [ASSIGN] white_usv15->black_usv26(机会锁定)
      [RELEASE] white_usv9->black_usv23(目标失效)
      [ASSIGN] white_usv2->black_usv10(机会锁定)
      [ASSIGN] white_usv6->black_usv9(机会锁定)
      [ASSIGN] white_usv9->black_usv27
      [ASSIGN] white_usv6->black_usv8(机会锁定)
      [ASSIGN] white_usv6->black_usv9(机会锁定)
      [ASSIGN] white_usv6->black_usv8(机会锁定)
      [ASSIGN] white_usv9->black_usv26(机会锁定)
      [ASSIGN] white_usv4->black_usv8(机会锁定)
      [ASSIGN] white_usv6->black_usv9(机会锁定)
      [ASSIGN] white_usv7->black_usv8(机会锁定)
      [ASSIGN] white_usv7->black_usv10(机会锁定)
      [ASSIGN] white_usv15->black_usv27(机会锁定)
      [ASSIGN] white_usv4->black_usv10(机会锁定)
      [KILL] black_usv8
      [ASSIGN] white_usv7->black_usv9(机会锁定)
      [ASSIGN] white_usv4->black_usv9(机会锁定)
[t=10,342s] step=310 | MISSION=NORMAL_C | USV: 8/15 (avail=0 int=6 lock=2 frz=0) | UAV: air=15 rtb=0 chg=0 loiter=0 | TRACKS: vis=11 lost=1 engaged=2 | TOP: black_usv28(x167,024) black_usv4(x168,493) black_usv6(x169,091) | KILL=18 | ACTIONS=23 | INTENT: focus=2 ratio=0.20
      [KILL] black_usv10
      [ASSIGN] white_usv9->black_usv27(机会锁定)
      [RELEASE] white_usv2->black_usv10(目标失效)
      [ASSIGN] white_usv2->black_usv9(机会锁定)
      [KILL] black_usv26
      [RELEASE] white_usv8->black_usv26(目标失效)
      [ASSIGN] white_usv8->black_usv27(机会锁定)
      [RELEASE] white_usv10->black_usv26(目标失效)
      [ASSIGN] white_usv6->black_usv7(机会锁定)
      [ASSIGN] white_usv10->black_usv27(机会锁定)
      [ASSIGN] white_usv7->black_usv7(机会锁定)
      [ASSIGN] white_usv4->black_usv7(机会锁定)
      [ASSIGN] white_usv2->black_usv7(机会锁定)
[t=10,767s] step=320 | MISSION=NORMAL_C | USV: 8/15 (avail=0 int=4 lock=4 frz=0) | UAV: air=15 rtb=0 chg=0 loiter=0 | TRACKS: vis=9 lost=1 engaged=1 | TOP: black_usv28(x162,774) black_usv4(x164,348) black_usv6(x165,482) | KILL=20 | ACTIONS=23 | INTENT: focus=2 ratio=0.20
      [ASSIGN] white_usv6->black_usv9(机会锁定)
      [ASSIGN] white_usv7->black_usv9(机会锁定)
      [ASSIGN] white_usv8->black_usv28(机会锁定)
      [ASSIGN] white_usv4->black_usv9(机会锁定)
      [ASSIGN] white_usv2->black_usv9(机会锁定)
      [ASSIGN] white_usv7->black_usv7(机会锁定)
      [ASSIGN] white_usv15->black_usv28(机会锁定)
      [ASSIGN] white_usv4->black_usv7(机会锁定)
      [ASSIGN] white_usv2->black_usv7(机会锁定)
      [ASSIGN] white_usv6->black_usv7(机会锁定)
      [ASSIGN] white_usv7->black_usv9(机会锁定)
      [ASSIGN] white_usv4->black_usv9(机会锁定)
      [ASSIGN] white_usv2->black_usv9(机会锁定)
      [ASSIGN] white_usv6->black_usv9(机会锁定)
      [ASSIGN] white_usv7->black_usv7(机会锁定)
      [ASSIGN] white_usv4->black_usv7(机会锁定)
      [ASSIGN] white_usv2->black_usv7(机会锁定)
      [ASSIGN] white_usv6->black_usv7(机会锁定)
      [DETECT] black_usv30
      [KILL] black_usv9
      [KILL] black_usv27
      [RELEASE] white_usv10->black_usv27(目标失效)
      [ASSIGN] white_usv10->black_usv28(机会锁定)
      [RELEASE] white_usv9->black_usv27(目标失效)
[t=11,241s] step=330 | MISSION=NORMAL_C | USV: 8/15 (avail=0 int=6 lock=2 frz=0) | UAV: air=15 rtb=0 chg=0 loiter=0 | TRACKS: vis=8 lost=0 engaged=1 | TOP: black_usv30(x168,845) black_usv6(x160,847) black_usv29(x162,474) | KILL=21 | ACTIONS=23 | INTENT: focus=2 ratio=0.20
      [ASSIGN] white_usv9->black_usv30
      [KILL] black_usv7
      [RELEASE] white_usv7->black_usv7(目标失效)
      [RELEASE] white_usv4->black_usv7(目标失效)
      [RELEASE] white_usv2->black_usv7(目标失效)
      [RELEASE] white_usv6->black_usv7(目标失效)
      [ASSIGN] white_usv7->black_usv6
      [ASSIGN] white_usv4->black_usv4
      [ASSIGN] white_usv2->black_usv5
      [ASSIGN] white_usv6->black_usv29
      [ASSIGN] white_usv9->black_usv28(机会锁定)
[t=11,698s] step=340 | MISSION=NORMAL_C | USV: 8/15 (avail=0 int=8 lock=0 frz=0) | UAV: air=15 rtb=0 chg=0 loiter=0 | TRACKS: vis=7 lost=0 engaged=0 | TOP: black_usv3(x163,753) black_usv30(x164,429) black_usv6(x156,378) | KILL=22 | ACTIONS=23 | INTENT: focus=2 ratio=0.20
      [ASSIGN] white_usv8->black_usv29(机会锁定)
      [ASSIGN] white_usv4->black_usv6(机会锁定)
      [ASSIGN] white_usv2->black_usv6(机会锁定)
      [KILL] black_usv28
      [RELEASE] white_usv10->black_usv28(目标失效)
      [ASSIGN] white_usv10->black_usv29(机会锁定)
      [RELEASE] white_usv15->black_usv28(目标失效)
      [RELEASE] white_usv9->black_usv28(目标失效)
      [ASSIGN] white_usv15->black_usv5
      [ASSIGN] white_usv9->black_usv30
[t=12,148s] step=350 | MISSION=NORMAL_C | USV: 8/15 (avail=0 int=3 lock=5 frz=0) | UAV: air=15 rtb=0 chg=0 loiter=0 | TRACKS: vis=6 lost=0 engaged=2 | TOP: black_usv4(x152,358) black_usv3(x159,727) black_usv30(x160,516) | KILL=22 | ACTIONS=23 | INTENT: focus=2 ratio=0.20
      [ASSIGN] white_usv9->black_usv29(机会锁定)
      [ASSIGN] white_usv7->black_usv4(机会锁定)
[t=12,626s] step=360 | MISSION=NORMAL_C | USV: 8/15 (avail=0 int=7 lock=1 frz=0) | UAV: air=15 rtb=0 chg=0 loiter=0 | TRACKS: vis=6 lost=0 engaged=1 | TOP: black_usv3(x156,139) black_usv30(x156,473) black_usv4(x147,887) | KILL=24 | ACTIONS=23 | INTENT: focus=2 ratio=0.20
      [KILL] black_usv6
      [RELEASE] white_usv4->black_usv6(目标失效)
      [RELEASE] white_usv2->black_usv6(目标失效)
      [ASSIGN] white_usv4->black_usv3
      [ASSIGN] white_usv2->black_usv30
      [ASSIGN] white_usv4->black_usv4(机会锁定)
[t=13,111s] step=370 | MISSION=NORMAL_C | USV: 8/15 (avail=0 int=6 lock=2 frz=0) | UAV: air=15 rtb=0 chg=0 loiter=0 | TRACKS: vis=5 lost=0 engaged=1 | TOP: black_usv3(x151,855) black_usv5(x147,864) black_usv30(x153,150) | KILL=24 | ACTIONS=23 | INTENT: focus=2 ratio=0.20
      [KILL] black_usv29
      [RELEASE] white_usv8->black_usv29(目标失效)
      [RELEASE] white_usv10->black_usv29(目标失效)
      [RELEASE] white_usv9->black_usv29(目标失效)
      [RELEASE] white_usv6->black_usv29(目标失效)
      [ASSIGN] white_usv8->black_usv3
      [ASSIGN] white_usv10->black_usv5
      [ASSIGN] white_usv9->black_usv30
      [ASSIGN] white_usv6->black_usv3
      [DETECT] black_usv1
      [DETECT] black_usv2
[t=13,592s] step=380 | MISSION=NORMAL_C | USV: 8/15 (avail=0 int=8 lock=0 frz=0) | UAV: air=15 rtb=0 chg=0 loiter=0 | TRACKS: vis=6 lost=0 engaged=0 | TOP: black_usv2(x160,894) black_usv1(x170,371) black_usv5(x143,063) | KILL=25 | ACTIONS=23 | INTENT: focus=2 ratio=0.20
      [KILL] black_usv4
      [RELEASE] white_usv7->black_usv4(目标失效)
      [RELEASE] white_usv4->black_usv4(目标失效)
      [ASSIGN] white_usv7->black_usv2
      [ASSIGN] white_usv4->black_usv1
[t=14,044s] step=390 | MISSION=NORMAL_C | USV: 8/15 (avail=0 int=8 lock=0 frz=0) | UAV: air=15 rtb=0 chg=0 loiter=0 | TRACKS: vis=4 lost=1 engaged=0 | TOP: black_usv2(x156,439) black_usv1(x165,908) black_usv30(x146,074) | KILL=25 | ACTIONS=23 | INTENT: focus=2 ratio=0.20
      [RELEASE] white_usv9->black_usv30(目标失效)
      [RELEASE] white_usv2->black_usv30(目标失效)
      [ASSIGN] white_usv9->black_usv1
      [ASSIGN] white_usv2->black_usv2
      [ASSIGN] white_usv7->black_usv5(机会锁定)
      [ASSIGN] white_usv4->black_usv5(机会锁定)
[t=14,516s] step=400 | MISSION=NORMAL_C | USV: 8/15 (avail=0 int=7 lock=1 frz=0) | UAV: air=15 rtb=0 chg=0 loiter=0 | TRACKS: vis=4 lost=0 engaged=1 | TOP: black_usv1(x161,208) black_usv2(x152,692) black_usv5(x139,159) | KILL=25 | ACTIONS=23 | INTENT: focus=2 ratio=0.20
[t=15,020s] step=410 | MISSION=NORMAL_C | USV: 8/15 (avail=0 int=8 lock=0 frz=0) | UAV: air=15 rtb=0 chg=0 loiter=0 | TRACKS: vis=4 lost=0 engaged=0 | TOP: black_usv2(x147,905) black_usv1(x157,376) black_usv3(x137,703) | KILL=26 | ACTIONS=23 | INTENT: focus=2 ratio=0.20
      [KILL] black_usv5
      [RELEASE] white_usv7->black_usv5(目标失效)
      [RELEASE] white_usv10->black_usv5(目标失效)
      [RELEASE] white_usv15->black_usv5(目标失效)
      [RELEASE] white_usv4->black_usv5(目标失效)
      [ASSIGN] white_usv7->black_usv3
      [ASSIGN] white_usv10->black_usv2
      [ASSIGN] white_usv15->black_usv1
      [ASSIGN] white_usv4->black_usv2
      [ASSIGN] white_usv4->black_usv3(机会锁定)
[t=15,517s] step=420 | MISSION=NORMAL_C | USV: 8/15 (avail=0 int=8 lock=0 frz=0) | UAV: air=15 rtb=0 chg=0 loiter=0 | TRACKS: vis=3 lost=0 engaged=0 | TOP: black_usv3(x132,733) black_usv2(x143,288) black_usv1(x155,188) | KILL=26 | ACTIONS=23 | INTENT: focus=2 ratio=0.20
      [ASSIGN] white_usv15->black_usv3(机会锁定)
      [RELEASE] white_usv9->black_usv1(目标失效)
[t=16,016s] step=430 | MISSION=NORMAL_C | USV: 8/15 (avail=0 int=6 lock=2 frz=0) | UAV: air=15 rtb=0 chg=0 loiter=0 | TRACKS: vis=2 lost=0 engaged=1 | TOP: black_usv3(x129,549) black_usv2(x138,325) | KILL=26 | ACTIONS=23 | INTENT: focus=2 ratio=0.20
      [ASSIGN] white_usv9->black_usv2
[t=16,553s] step=440 | MISSION=NORMAL_C | USV: 8/15 (avail=0 int=8 lock=0 frz=0) | UAV: air=15 rtb=0 chg=0 loiter=0 | TRACKS: vis=1 lost=1 engaged=0 | TOP: black_usv2(x133,106) black_usv3(x129,437) | KILL=27 | ACTIONS=23 | INTENT: focus=2 ratio=0.20
      [KILL] black_usv3
      [RELEASE] white_usv7->black_usv3(目标失效)
      [RELEASE] white_usv8->black_usv3(目标失效)
      [RELEASE] white_usv15->black_usv3(目标失效)
      [RELEASE] white_usv4->black_usv3(目标失效)
      [RELEASE] white_usv6->black_usv3(目标失效)
      [RELEASE] white_usv10->black_usv2(目标失效)
      [RELEASE] white_usv9->black_usv2(目标失效)
      [RELEASE] white_usv2->black_usv2(目标失效)
[t=17,086s] step=450 | MISSION=NORMAL_C | USV: 8/15 (avail=8 int=0 lock=0 frz=0) | UAV: air=15 rtb=0 chg=0 loiter=0 | TRACKS: vis=0 lost=0 engaged=0 | TOP:  | KILL=27 | ACTIONS=23 | INTENT: focus=2 ratio=0.20
      [DETECT] black_usv2
      [ASSIGN] white_usv7->black_usv2
      [ASSIGN] white_usv15->black_usv2
      [ASSIGN] white_usv2->black_usv2
[t=17,623s] step=460 | MISSION=NORMAL_C | USV: 8/15 (avail=5 int=3 lock=0 frz=0) | UAV: air=15 rtb=0 chg=0 loiter=0 | TRACKS: vis=1 lost=0 engaged=0 | TOP: black_usv2(x122,756) | KILL=27 | ACTIONS=23 | INTENT: focus=2 ratio=0.20
      [DETECT] black_usv1
      [ASSIGN] white_usv10->black_usv1
      [ASSIGN] white_usv4->black_usv1
      [ASSIGN] white_usv6->black_usv1
      [RELEASE] white_usv7->black_usv2(目标失效)
      [RELEASE] white_usv15->black_usv2(目标失效)
      [RELEASE] white_usv2->black_usv2(目标失效)
[t=18,141s] step=470 | MISSION=NORMAL_C | USV: 8/15 (avail=5 int=3 lock=0 frz=0) | UAV: air=15 rtb=0 chg=0 loiter=0 | TRACKS: vis=1 lost=0 engaged=0 | TOP: black_usv1(x141,016) | KILL=27 | ACTIONS=23 | INTENT: focus=2 ratio=0.20
      [DETECT] black_usv2
      [ASSIGN] white_usv7->black_usv2
      [ASSIGN] white_usv15->black_usv2
      [ASSIGN] white_usv2->black_usv2
[t=18,673s] step=480 | MISSION=NORMAL_C | USV: 8/15 (avail=2 int=6 lock=0 frz=0) | UAV: air=15 rtb=0 chg=0 loiter=0 | TRACKS: vis=1 lost=1 engaged=0 | TOP: black_usv2(x114,054) black_usv1(x136,623) | KILL=27 | ACTIONS=23 | INTENT: focus=2 ratio=0.20
      [RELEASE] white_usv7->black_usv2(目标失效)
      [RELEASE] white_usv15->black_usv2(目标失效)
      [RELEASE] white_usv2->black_usv2(目标失效)
      [DETECT] black_usv2
      [ASSIGN] white_usv7->black_usv2(机会锁定)
      [ASSIGN] white_usv15->black_usv2(机会锁定)
      [ASSIGN] white_usv2->black_usv2(机会锁定)
      [RELEASE] white_usv10->black_usv1(目标失效)
      [RELEASE] white_usv4->black_usv1(目标失效)
      [RELEASE] white_usv6->black_usv1(目标失效)
[t=19,213s] step=490 | MISSION=NORMAL_C | USV: 8/15 (avail=5 int=0 lock=3 frz=0) | UAV: air=15 rtb=0 chg=0 loiter=0 | TRACKS: vis=1 lost=0 engaged=1 | TOP: black_usv2(x111,390) | KILL=27 | ACTIONS=23 | INTENT: focus=2 ratio=0.20
[t=19,760s] step=500 | MISSION=NORMAL_C | USV: 8/15 (avail=5 int=3 lock=0 frz=0) | UAV: air=15 rtb=0 chg=0 loiter=0 | TRACKS: vis=1 lost=0 engaged=0 | TOP: black_usv2(x111,163) | KILL=28 | ACTIONS=23 | INTENT: focus=2 ratio=0.20
      [KILL] black_usv2
      [RELEASE] white_usv7->black_usv2(目标失效)
      [RELEASE] white_usv15->black_usv2(目标失效)
      [RELEASE] white_usv2->black_usv2(目标失效)
      [DETECT] black_usv1
      [ASSIGN] white_usv7->black_usv1
      [ASSIGN] white_usv15->black_usv1
      [ASSIGN] white_usv2->black_usv1
[t=20,302s] step=510 | MISSION=NORMAL_C | USV: 8/15 (avail=5 int=3 lock=0 frz=0) | UAV: air=15 rtb=0 chg=0 loiter=0 | TRACKS: vis=0 lost=1 engaged=0 | TOP: black_usv1(x123,254) | KILL=28 | ACTIONS=23 | INTENT: focus=2 ratio=0.20
[t=20,846s] step=520 | MISSION=NORMAL_C | USV: 8/15 (avail=5 int=3 lock=0 frz=0) | UAV: air=15 rtb=0 chg=0 loiter=0 | TRACKS: vis=1 lost=0 engaged=0 | TOP: black_usv1(x118,117) | KILL=28 | ACTIONS=23 | INTENT: focus=2 ratio=0.20
[t=21,404s] step=530 | MISSION=NORMAL_C | USV: 8/15 (avail=5 int=3 lock=0 frz=0) | UAV: air=15 rtb=0 chg=0 loiter=0 | TRACKS: vis=0 lost=1 engaged=0 | TOP: black_usv1(x113,455) | KILL=28 | ACTIONS=23 | INTENT: focus=2 ratio=0.20
      [RELEASE] white_usv7->black_usv1(目标失效)
      [RELEASE] white_usv15->black_usv1(目标失效)
      [RELEASE] white_usv2->black_usv1(目标失效)
      [DETECT] black_usv1
      [ASSIGN] white_usv7->black_usv1
      [ASSIGN] white_usv15->black_usv1
      [ASSIGN] white_usv2->black_usv1
[t=21,950s] step=540 | MISSION=NORMAL_C | USV: 8/15 (avail=5 int=2 lock=1 frz=0) | UAV: air=15 rtb=0 chg=0 loiter=0 | TRACKS: vis=1 lost=0 engaged=1 | TOP: black_usv1(x108,894) | KILL=28 | ACTIONS=23 | INTENT: focus=2 ratio=0.20
[t=22,535s] step=550 | MISSION=NORMAL_C | USV: 8/15 (avail=5 int=3 lock=0 frz=0) | UAV: air=15 rtb=0 chg=0 loiter=0 | TRACKS: vis=1 lost=0 engaged=0 | TOP: black_usv1(x108,134) | KILL=29 | ACTIONS=23 | INTENT: focus=2 ratio=0.20
      [KILL] black_usv1
      [RELEASE] white_usv7->black_usv1(目标失效)
      [RELEASE] white_usv15->black_usv1(目标失效)
      [RELEASE] white_usv2->black_usv1(目标失效)
      [UAV RTB] white_uav14(电量1996<1710+300)
[t=23,139s] step=560 | MISSION=GLOBAL_R | USV: 8/15 (avail=8 int=0 lock=0 frz=0) | UAV: air=14 rtb=1 chg=0 loiter=0 | TRACKS: vis=0 lost=0 engaged=0 | TOP:  | KILL=29 | ACTIONS=23 | INTENT: focus=2 ratio=0.20
      [UAV RTB] white_uav13(电量1701<1447+300)
      [UAV RTB] white_uav15(电量1649<1396+300)
      [UAV RTB] white_uav10(电量1427<1151+300)
      [UAV RTB] white_uav8(电量1373<1113+300)
      [UAV RTB] white_uav9(电量1373<1177+300)
[t=23,717s] step=570 | MISSION=GLOBAL_R | USV: 8/15 (avail=8 int=0 lock=0 frz=0) | UAV: air=9 rtb=6 chg=0 loiter=0 | TRACKS: vis=0 lost=0 engaged=0 | TOP:  | KILL=29 | ACTIONS=23 | INTENT: focus=2 ratio=0.20
      [UAV RTB] white_uav11(电量1181<959+300)
      [UAV RTB] white_uav6(电量956<690+300)
      [UAV RTB] white_uav7(电量966<752+300)
      [UAV RTB] white_uav1(电量784<498+300)
      [UAV RTB] white_uav12(电量785<565+300)
      [UAV RTB] white_uav5(电量788<547+300)
      [UAV RTB] white_uav3(电量792<547+300)
[t=24,289s] step=580 | MISSION=GLOBAL_R | USV: 8/15 (avail=8 int=0 lock=0 frz=0) | UAV: air=2 rtb=13 chg=0 loiter=0 | TRACKS: vis=0 lost=0 engaged=0 | TOP:  | KILL=29 | ACTIONS=23 | INTENT: focus=2 ratio=0.20
      [UAV RTB] white_uav2(电量557<281+300)
      [UAV RTB] white_uav4(电量506<295+300)
      [UAV LAND] white_uav1->white_usv10
      [UAV LAND] white_uav8->white_usv10
      [UAV RTB] white_uav1(电量259<33+300)
      [UAV RTB] white_uav8(电量264<46+300)
      [UAV LAND] white_uav2->white_usv2
      [UAV LAND] white_uav1->white_usv10
      [UAV LAND] white_uav13->white_usv7
      [UAV LAND] white_uav14->white_usv2
      [UAV LAND] white_uav10->white_usv15
      [UAV LAND] white_uav15->white_usv7
      [UAV RTB] white_uav2(电量138<31+300)
      [UAV LAND] white_uav6->white_usv15
      [UAV LAND] white_uav11->white_usv10
      [UAV RTB] white_uav1(电量140<3+300)
      [UAV LAND] white_uav1->white_usv10
      [UAV RTB] white_uav13(电量141<44+300)
      [UAV RTB] white_uav14(电量142<17+300)
      [UAV LAND] white_uav14->white_usv2
      [UAV RTB] white_uav10(电量143<34+300)
      [UAV LAND] white_uav5->white_usv15
      [UAV RTB] white_uav15(电量147<38+300)
      [UAV LAND] white_uav7->white_usv15
[t=24,876s] step=590 | MISSION=GLOBAL_R | USV: 8/15 (avail=8 int=0 lock=0 frz=0) | UAV: air=0 rtb=9 chg=6 loiter=0 | TRACKS: vis=0 lost=0 engaged=0 | TOP:  | KILL=29 | ACTIONS=23 | INTENT: focus=2 ratio=0.20
      [UAV LAND] white_uav2->white_usv7
      [UAV RTB] white_uav6(电量76<3+300)
      [UAV LAND] white_uav6->white_usv15
      [UAV RTB] white_uav11(电量77<27+300)
      [UAV RTB] white_uav1(电量78<14+300)
      [UAV LAND] white_uav1->white_usv10
      [UAV LAND] white_uav13->white_usv2
      [UAV RTB] white_uav14(电量80<4+300)
      [UAV LAND] white_uav14->white_usv2
      [UAV LAND] white_uav10->white_usv15
      [UAV LAND] white_uav4->white_usv7
      [UAV RTB] white_uav5(电量82<28+300)
      [UAV LAND] white_uav9->white_usv15
      [UAV LAND] white_uav3->white_usv6
      [UAV RTB] white_uav7(电量87<31+300)
      [UAV RTB] white_uav9(电量0<12+300)
      [UAV RTB] white_uav3(电量3<92+300)
[t=25,714s] step=600 | MISSION=GLOBAL_R | USV: 8/15 (avail=8 int=0 lock=0 frz=0) | UAV: air=0 rtb=0 chg=0 loiter=0 | TRACKS: vis=0 lost=0 engaged=0 | TOP:  | KILL=29 | ACTIONS=8 | INTENT: focus=2 ratio=0.20
[t=26,650s] step=610 | MISSION=GLOBAL_R | USV: 8/15 (avail=8 int=0 lock=0 frz=0) | UAV: air=0 rtb=0 chg=0 loiter=0 | TRACKS: vis=0 lost=0 engaged=0 | TOP:  | KILL=29 | ACTIONS=8 | INTENT: focus=2 ratio=0.20
[t=27,592s] step=620 | MISSION=GLOBAL_R | USV: 8/15 (avail=8 int=0 lock=0 frz=0) | UAV: air=0 rtb=0 chg=0 loiter=0 | TRACKS: vis=0 lost=0 engaged=0 | TOP:  | KILL=29 | ACTIONS=8 | INTENT: focus=2 ratio=0.20
[t=28,533s] step=630 | MISSION=GLOBAL_R | USV: 8/15 (avail=8 int=0 lock=0 frz=0) | UAV: air=0 rtb=0 chg=0 loiter=0 | TRACKS: vis=0 lost=0 engaged=0 | TOP:  | KILL=29 | ACTIONS=8 | INTENT: focus=2 ratio=0.20
[t=29,489s] step=640 | MISSION=GLOBAL_R | USV: 8/15 (avail=8 int=0 lock=0 frz=0) | UAV: air=0 rtb=0 chg=0 loiter=0 | TRACKS: vis=0 lost=0 engaged=0 | TOP:  | KILL=29 | ACTIONS=8 | INTENT: focus=2 ratio=0.20
[t=30,363s] step=650 | MISSION=GLOBAL_R | USV: 8/15 (avail=8 int=0 lock=0 frz=0) | UAV: air=0 rtb=0 chg=0 loiter=0 | TRACKS: vis=0 lost=0 engaged=0 | TOP:  | KILL=29 | ACTIONS=8 | INTENT: focus=2 ratio=0.20
[t=31,259s] step=660 | MISSION=GLOBAL_R | USV: 8/15 (avail=8 int=0 lock=0 frz=0) | UAV: air=0 rtb=0 chg=0 loiter=0 | TRACKS: vis=0 lost=0 engaged=0 | TOP:  | KILL=29 | ACTIONS=8 | INTENT: focus=2 ratio=0.20
[t=32,177s] step=670 | MISSION=GLOBAL_R | USV: 8/15 (avail=8 int=0 lock=0 frz=0) | UAV: air=0 rtb=0 chg=0 loiter=0 | TRACKS: vis=0 lost=0 engaged=0 | TOP:  | KILL=29 | ACTIONS=8 | INTENT: focus=2 ratio=0.20
[t=33,102s] step=680 | MISSION=GLOBAL_R | USV: 8/15 (avail=8 int=0 lock=0 frz=0) | UAV: air=0 rtb=0 chg=0 loiter=0 | TRACKS: vis=0 lost=0 engaged=0 | TOP:  | KILL=29 | ACTIONS=8 | INTENT: focus=2 ratio=0.20
[t=34,001s] step=690 | MISSION=GLOBAL_R | USV: 8/15 (avail=8 int=0 lock=0 frz=0) | UAV: air=0 rtb=0 chg=0 loiter=0 | TRACKS: vis=0 lost=0 engaged=0 | TOP:  | KILL=29 | ACTIONS=8 | INTENT: focus=2 ratio=0.20
[t=34,925s] step=700 | MISSION=GLOBAL_R | USV: 8/15 (avail=8 int=0 lock=0 frz=0) | UAV: air=0 rtb=0 chg=0 loiter=0 | TRACKS: vis=0 lost=0 engaged=0 | TOP:  | KILL=29 | ACTIONS=8 | INTENT: focus=2 ratio=0.20
[t=35,866s] step=710 | MISSION=GLOBAL_R | USV: 8/15 (avail=8 int=0 lock=0 frz=0) | UAV: air=0 rtb=0 chg=0 loiter=0 | TRACKS: vis=0 lost=0 engaged=0 | TOP:  | KILL=29 | ACTIONS=8 | INTENT: focus=2 ratio=0.20
[t=36,775s] step=720 | MISSION=GLOBAL_R | USV: 8/15 (avail=8 int=0 lock=0 frz=0) | UAV: air=0 rtb=0 chg=0 loiter=0 | TRACKS: vis=0 lost=0 engaged=0 | TOP:  | KILL=29 | ACTIONS=8 | INTENT: focus=2 ratio=0.20
[t=37,718s] step=730 | MISSION=GLOBAL_R | USV: 8/15 (avail=8 int=0 lock=0 frz=0) | UAV: air=0 rtb=0 chg=0 loiter=0 | TRACKS: vis=0 lost=0 engaged=0 | TOP:  | KILL=29 | ACTIONS=8 | INTENT: focus=2 ratio=0.20

========================================================================
对局结果: Result.Victory — 敌方所有单位被击毁
  击杀蓝舰: 30 | 命中: 58 | 我方USV损失: 7 | UAV损失: 15 | 突破: 1
[META] result=Result.Victory victory_time=39649 first_detection=1842 first_lock=7409 first_kill=8319 enemy_kills=30 friendly_usv_losses=7 friendly_uav_losses=15 black_breakthrough=1 reacquire_attempts=122 reacquire_success=121 sensor_assisted_locks=109 low_conf_commitments=0 global_reacquire_entries=4 global_reacquire_success=3 coverage_collapse_events=1 active_clusters_max=1 coverage_quality_final=0.16 commander_source=default_intent commander_calls=0 commander_changes=0 commander_no_change=0 commander_parse_failures=0 commander_api_failures=0 commander_policy_failures=0 commander_avg_latency=0.0
Done
