========================================================================
HYBRID AGENT V5 — Variable-Cardinality Hierarchical Maritime Agent
  启用UAV: True | LLM_ENABLED: False
========================================================================
对局 19 开始
      [UAV RELAUNCH] white_uav6
      [UAV RELAUNCH] white_uav12
      [UAV RELAUNCH] white_uav14
      [UAV RELAUNCH] white_uav2
      [UAV RELAUNCH] white_uav7
      [UAV RELAUNCH] white_uav11
      [UAV RELAUNCH] white_uav13
      [UAV RELAUNCH] white_uav15
      [UAV RELAUNCH] white_uav5
      [UAV RELAUNCH] white_uav8
      [UAV RELAUNCH] white_uav10
      [UAV RELAUNCH] white_uav1
      [UAV RELAUNCH] white_uav4
      [UAV RELAUNCH] white_uav3
      [UAV RELAUNCH] white_uav9
[t=251s] step=10 | MISSION=NORMAL_C | USV: 15/15 (avail=15 int=0 lock=0 frz=0) | UAV: air=15 rtb=0 chg=0 loiter=0 | TRACKS: vis=0 lost=0 engaged=0 | TOP:  | KILL=0 | ACTIONS=30 | INTENT: focus=2 ratio=0.20
  [INTENT APPLIED]
    ThreatAllocator: focus 2 emergency 3 reserve_ratio 0.20 reserve_usvs None bias breakthrough_eta
    UAVManager: mode search_and_reacquire uav_priority []
[t=536s] step=20 | MISSION=NORMAL_C | USV: 15/15 (avail=15 int=0 lock=0 frz=0) | UAV: air=15 rtb=0 chg=0 loiter=0 | TRACKS: vis=0 lost=0 engaged=0 | TOP:  | KILL=0 | ACTIONS=30 | INTENT: focus=2 ratio=0.20
[t=823s] step=30 | MISSION=NORMAL_C | USV: 15/15 (avail=15 int=0 lock=0 frz=0) | UAV: air=15 rtb=0 chg=0 loiter=0 | TRACKS: vis=0 lost=0 engaged=0 | TOP:  | KILL=0 | ACTIONS=30 | INTENT: focus=2 ratio=0.20
[t=1,116s] step=40 | MISSION=NORMAL_C | USV: 15/15 (avail=15 int=0 lock=0 frz=0) | UAV: air=15 rtb=0 chg=0 loiter=0 | TRACKS: vis=0 lost=0 engaged=0 | TOP:  | KILL=0 | ACTIONS=30 | INTENT: focus=2 ratio=0.20
[t=1,429s] step=50 | MISSION=NORMAL_C | USV: 15/15 (avail=15 int=0 lock=0 frz=0) | UAV: air=15 rtb=0 chg=0 loiter=0 | TRACKS: vis=0 lost=0 engaged=0 | TOP:  | KILL=0 | ACTIONS=30 | INTENT: focus=2 ratio=0.20
[t=1,720s] step=60 | MISSION=NORMAL_C | USV: 15/15 (avail=15 int=0 lock=0 frz=0) | UAV: air=15 rtb=0 chg=0 loiter=0 | TRACKS: vis=0 lost=0 engaged=0 | TOP:  | KILL=0 | ACTIONS=30 | INTENT: focus=2 ratio=0.20
      [DETECT] black_usv17
      [DETECT] black_usv22
      [DETECT] black_usv14
      [DETECT] black_usv16
      [DETECT] black_usv18
      [DETECT] black_usv21
      [DETECT] black_usv15
      [DETECT] black_usv19
      [ASSIGN] white_usv5->black_usv14
      [ASSIGN] white_usv8->black_usv16
      [ASSIGN] white_usv12->black_usv22
      [ASSIGN] white_usv6->black_usv17
      [ASSIGN] white_usv11->black_usv21
      [ASSIGN] white_usv7->black_usv15
      [ASSIGN] white_usv9->black_usv18
      [ASSIGN] white_usv10->black_usv19
      [DETECT] black_usv10
      [DETECT] black_usv12
      [DETECT] black_usv8
      [DETECT] black_usv25
      [DETECT] black_usv23
      [DETECT] black_usv20
      [DETECT] black_usv11
      [DETECT] black_usv13
      [ASSIGN] white_usv1->black_usv8
      [ASSIGN] white_usv2->black_usv13
      [ASSIGN] white_usv4->black_usv12
      [ASSIGN] white_usv15->black_usv23
      [ASSIGN] white_usv13->black_usv20
      [ASSIGN] white_usv3->black_usv11
      [ASSIGN] white_usv14->black_usv25
      [DETECT] black_usv28
      [DETECT] black_usv29
      [DETECT] black_usv24
      [DETECT] black_usv9
      [DETECT] black_usv26
      [DETECT] black_usv27
      [DETECT] black_usv4
      [DETECT] black_usv6
      [DETECT] black_usv30
      [DETECT] black_usv7
      [DETECT] black_usv5
      [DETECT] black_usv3
[t=2,016s] step=70 | MISSION=NORMAL_C | USV: 15/15 (avail=0 int=15 lock=0 frz=0) | UAV: air=15 rtb=0 chg=0 loiter=0 | TRACKS: vis=28 lost=0 engaged=0 | TOP: black_usv26(x241,211) black_usv24(x241,338) black_usv10(x241,657) | KILL=0 | ACTIONS=30 | INTENT: focus=2 ratio=0.20
      [DETECT] black_usv2
[t=2,327s] step=80 | MISSION=NORMAL_C | USV: 15/15 (avail=0 int=15 lock=0 frz=0) | UAV: air=15 rtb=0 chg=0 loiter=0 | TRACKS: vis=29 lost=0 engaged=0 | TOP: black_usv26(x238,338) black_usv24(x238,487) black_usv10(x238,861) | KILL=0 | ACTIONS=30 | INTENT: focus=2 ratio=0.20
[t=2,648s] step=90 | MISSION=NORMAL_C | USV: 15/15 (avail=0 int=15 lock=0 frz=0) | UAV: air=15 rtb=0 chg=0 loiter=0 | TRACKS: vis=28 lost=1 engaged=0 | TOP: black_usv26(x235,374) black_usv24(x235,545) black_usv10(x235,975) | KILL=0 | ACTIONS=30 | INTENT: focus=2 ratio=0.20
      [DETECT] black_usv1
[t=2,964s] step=100 | MISSION=NORMAL_C | USV: 15/15 (avail=0 int=15 lock=0 frz=0) | UAV: air=15 rtb=0 chg=0 loiter=0 | TRACKS: vis=29 lost=1 engaged=0 | TOP: black_usv1(x238,106) black_usv26(x232,229) black_usv24(x232,402) | KILL=0 | ACTIONS=30 | INTENT: focus=2 ratio=0.20
[t=3,265s] step=110 | MISSION=NORMAL_C | USV: 15/15 (avail=0 int=15 lock=0 frz=0) | UAV: air=15 rtb=0 chg=0 loiter=0 | TRACKS: vis=29 lost=0 engaged=0 | TOP: black_usv1(x235,096) black_usv26(x229,219) black_usv24(x229,392) | KILL=0 | ACTIONS=30 | INTENT: focus=2 ratio=0.20
[t=3,572s] step=120 | MISSION=NORMAL_C | USV: 15/15 (avail=0 int=15 lock=0 frz=0) | UAV: air=15 rtb=0 chg=0 loiter=0 | TRACKS: vis=29 lost=0 engaged=0 | TOP: black_usv24(x226,421) black_usv26(x226,345) black_usv1(x232,305) | KILL=0 | ACTIONS=30 | INTENT: focus=2 ratio=0.20
[t=3,882s] step=130 | MISSION=NORMAL_C | USV: 15/15 (avail=0 int=15 lock=0 frz=0) | UAV: air=15 rtb=0 chg=0 loiter=0 | TRACKS: vis=23 lost=6 engaged=0 | TOP: black_usv24(x223,448) black_usv26(x223,499) black_usv27(x224,815) | KILL=0 | ACTIONS=30 | INTENT: focus=2 ratio=0.20
[t=4,190s] step=140 | MISSION=NORMAL_C | USV: 15/15 (avail=0 int=15 lock=0 frz=0) | UAV: air=15 rtb=0 chg=0 loiter=0 | TRACKS: vis=28 lost=0 engaged=0 | TOP: black_usv24(x220,389) black_usv10(x220,825) black_usv7(x221,609) | KILL=0 | ACTIONS=30 | INTENT: focus=2 ratio=0.20
[t=4,500s] step=150 | MISSION=NORMAL_C | USV: 15/15 (avail=0 int=15 lock=0 frz=0) | UAV: air=15 rtb=0 chg=0 loiter=0 | TRACKS: vis=27 lost=1 engaged=0 | TOP: black_usv24(x217,421) black_usv7(x218,509) black_usv9(x218,745) | KILL=0 | ACTIONS=30 | INTENT: focus=2 ratio=0.20
[t=4,820s] step=160 | MISSION=NORMAL_C | USV: 15/15 (avail=0 int=15 lock=0 frz=0) | UAV: air=15 rtb=0 chg=0 loiter=0 | TRACKS: vis=27 lost=0 engaged=0 | TOP: black_usv24(x214,290) black_usv26(x214,559) black_usv9(x215,794) | KILL=0 | ACTIONS=30 | INTENT: focus=2 ratio=0.20
[t=5,139s] step=170 | MISSION=NORMAL_C | USV: 15/15 (avail=0 int=15 lock=0 frz=0) | UAV: air=15 rtb=0 chg=0 loiter=0 | TRACKS: vis=27 lost=0 engaged=0 | TOP: black_usv24(x211,100) black_usv26(x211,369) black_usv27(x212,927) | KILL=0 | ACTIONS=30 | INTENT: focus=2 ratio=0.20
[t=5,458s] step=180 | MISSION=NORMAL_C | USV: 15/15 (avail=0 int=15 lock=0 frz=0) | UAV: air=15 rtb=0 chg=0 loiter=0 | TRACKS: vis=27 lost=0 engaged=0 | TOP: black_usv24(x208,180) black_usv26(x208,509) black_usv9(x209,784) | KILL=0 | ACTIONS=30 | INTENT: focus=2 ratio=0.20
[t=5,754s] step=190 | MISSION=NORMAL_C | USV: 15/15 (avail=0 int=15 lock=0 frz=0) | UAV: air=15 rtb=0 chg=0 loiter=0 | TRACKS: vis=27 lost=0 engaged=0 | TOP: black_usv9(x206,823) black_usv7(x206,826) black_usv10(x207,579) | KILL=0 | ACTIONS=30 | INTENT: focus=2 ratio=0.20
[t=6,057s] step=200 | MISSION=NORMAL_C | USV: 15/15 (avail=0 int=15 lock=0 frz=0) | UAV: air=15 rtb=0 chg=0 loiter=0 | TRACKS: vis=26 lost=1 engaged=0 | TOP: black_usv7(x203,797) black_usv9(x203,897) black_usv10(x204,550) | KILL=0 | ACTIONS=30 | INTENT: focus=2 ratio=0.20
[t=6,356s] step=210 | MISSION=NORMAL_C | USV: 15/15 (avail=0 int=15 lock=0 frz=0) | UAV: air=15 rtb=0 chg=0 loiter=0 | TRACKS: vis=27 lost=0 engaged=0 | TOP: black_usv7(x200,807) black_usv9(x200,907) black_usv10(x201,560) | KILL=0 | ACTIONS=30 | INTENT: focus=2 ratio=0.20
[t=6,667s] step=220 | MISSION=NORMAL_C | USV: 15/15 (avail=0 int=15 lock=0 frz=0) | UAV: air=15 rtb=0 chg=0 loiter=0 | TRACKS: vis=27 lost=0 engaged=0 | TOP: black_usv7(x197,689) black_usv9(x197,789) black_usv10(x198,442) | KILL=0 | ACTIONS=30 | INTENT: focus=2 ratio=0.20
[t=6,962s] step=230 | MISSION=NORMAL_C | USV: 15/15 (avail=0 int=15 lock=0 frz=0) | UAV: air=15 rtb=0 chg=0 loiter=0 | TRACKS: vis=27 lost=0 engaged=0 | TOP: black_usv7(x194,747) black_usv9(x194,897) black_usv10(x195,500) | KILL=0 | ACTIONS=30 | INTENT: focus=2 ratio=0.20
[t=7,275s] step=240 | MISSION=NORMAL_C | USV: 15/15 (avail=0 int=15 lock=0 frz=0) | UAV: air=15 rtb=0 chg=0 loiter=0 | TRACKS: vis=27 lost=0 engaged=0 | TOP: black_usv7(x191,617) black_usv9(x191,767) black_usv10(x192,370) | KILL=0 | ACTIONS=30 | INTENT: focus=2 ratio=0.20
      [ASSIGN] white_usv2->black_usv8(机会锁定)
      [ASSIGN] white_usv3->black_usv8(机会锁定)
      [ASSIGN] white_usv5->black_usv8(机会锁定)
      [ASSIGN] white_usv4->black_usv8(机会锁定)
      [ASSIGN] white_usv12->black_usv21(机会锁定)
      [ASSIGN] white_usv8->black_usv19(机会锁定)
      [ASSIGN] white_usv6->black_usv16(机会锁定)
      [ASSIGN] white_usv7->black_usv16(机会锁定)
      [ASSIGN] white_usv9->black_usv20(机会锁定)
      [ASSIGN] white_usv10->black_usv20(机会锁定)
      [ASSIGN] white_usv15->black_usv21(机会锁定)
      [ASSIGN] white_usv14->black_usv21(机会锁定)
[t=7,617s] step=250 | MISSION=NORMAL_C | USV: 15/15 (avail=0 int=1 lock=14 frz=0) | UAV: air=15 rtb=0 chg=0 loiter=0 | TRACKS: vis=27 lost=0 engaged=5 | TOP: black_usv7(x188,197) black_usv9(x188,347) black_usv10(x188,950) | KILL=0 | ACTIONS=30 | INTENT: focus=2 ratio=0.20
      [ASSIGN] white_usv1->black_usv9(机会锁定)
      [ASSIGN] white_usv5->black_usv15(机会锁定)
      [ASSIGN] white_usv2->black_usv10(机会锁定)
      [ASSIGN] white_usv4->black_usv10(机会锁定)
      [ASSIGN] white_usv3->black_usv10(机会锁定)
      [ASSIGN] white_usv12->black_usv22(机会锁定)
      [ASSIGN] white_usv11->black_usv22(机会锁定)
      [ASSIGN] white_usv15->black_usv22(机会锁定)
      [ASSIGN] white_usv14->black_usv22(机会锁定)
      [ASSIGN] white_usv8->black_usv18(机会锁定)
      [ASSIGN] white_usv6->black_usv18(机会锁定)
      [ASSIGN] white_usv7->black_usv17(机会锁定)
      [ASSIGN] white_usv9->black_usv19(机会锁定)
      [ASSIGN] white_usv10->black_usv19(机会锁定)
      [ASSIGN] white_usv13->black_usv21(机会锁定)
      [ASSIGN] white_usv13->black_usv20(机会锁定)
[t=7,960s] step=260 | MISSION=NORMAL_C | USV: 15/15 (avail=0 int=1 lock=14 frz=0) | UAV: air=15 rtb=0 chg=0 loiter=0 | TRACKS: vis=20 lost=7 engaged=7 | TOP: black_usv16(x186,871) black_usv7(x184,767) black_usv8(x185,505) | KILL=3 | ACTIONS=30 | INTENT: focus=2 ratio=0.20
      [DETECT] black_usv29
      [DETECT] black_usv30
      [DETECT] black_usv28
      [ASSIGN] white_usv13->black_usv21(机会锁定)
      [ASSIGN] white_usv13->black_usv20(机会锁定)
      [ASSIGN] white_usv13->black_usv21(机会锁定)
      [ASSIGN] white_usv1->black_usv7(机会锁定)
      [ASSIGN] white_usv13->black_usv20(机会锁定)
      [ASSIGN] white_usv5->black_usv9(机会锁定)
      [ASSIGN] white_usv2->black_usv9(机会锁定)
      [ASSIGN] white_usv4->black_usv9(机会锁定)
      [ASSIGN] white_usv13->black_usv21(机会锁定)
      [ASSIGN] white_usv3->black_usv9(机会锁定)
      [ASSIGN] white_usv12->black_usv23(机会锁定)
      [ASSIGN] white_usv11->black_usv20(机会锁定)
      [ASSIGN] white_usv15->black_usv23(机会锁定)
      [ASSIGN] white_usv13->black_usv20(机会锁定)
      [ASSIGN] white_usv14->black_usv23(机会锁定)
      [ASSIGN] white_usv8->black_usv16(机会锁定)
      [ASSIGN] white_usv6->black_usv12(机会锁定)
      [ASSIGN] white_usv11->black_usv21(机会锁定)
      [ASSIGN] white_usv11->black_usv22(机会锁定)
      [ASSIGN] white_usv7->black_usv18(机会锁定)
      [ASSIGN] white_usv9->black_usv18(机会锁定)
      [ASSIGN] white_usv10->black_usv18(机会锁定)
      [ASSIGN] white_usv11->black_usv21(机会锁定)
      [ASSIGN] white_usv7->black_usv17(机会锁定)
      [ASSIGN] white_usv9->black_usv17(机会锁定)
      [ASSIGN] white_usv10->black_usv19(机会锁定)
      [ASSIGN] white_usv11->black_usv22(机会锁定)
[t=8,321s] step=270 | MISSION=NORMAL_C | USV: 15/15 (avail=0 int=2 lock=13 frz=0) | UAV: air=15 rtb=0 chg=0 loiter=0 | TRACKS: vis=25 lost=5 engaged=7 | TOP: black_usv28(x191,151) black_usv30(x193,072) black_usv29(x189,633) | KILL=6 | ACTIONS=30 | INTENT: focus=2 ratio=0.20
      [ASSIGN] white_usv11->black_usv21(机会锁定)
      [ASSIGN] white_usv13->black_usv21(机会锁定)
      [ASSIGN] white_usv11->black_usv22(机会锁定)
      [ASSIGN] white_usv13->black_usv20(机会锁定)
      [KILL] black_usv8
      [ASSIGN] white_usv11->black_usv21(机会锁定)
      [ASSIGN] white_usv1->black_usv11(机会锁定)
      [ASSIGN] white_usv13->black_usv21(机会锁定)
      [KILL] black_usv21
      [ASSIGN] white_usv5->black_usv13(机会锁定)
      [RELEASE] white_usv11->black_usv21(目标失效)
      [ASSIGN] white_usv11->black_usv22(机会锁定)
      [ASSIGN] white_usv2->black_usv13(机会锁定)
      [ASSIGN] white_usv4->black_usv13(机会锁定)
      [RELEASE] white_usv13->black_usv21(目标失效)
      [ASSIGN] white_usv13->black_usv20(机会锁定)
      [ASSIGN] white_usv3->black_usv13(机会锁定)
      [ASSIGN] white_usv12->black_usv25(机会锁定)
      [ASSIGN] white_usv15->black_usv25(机会锁定)
      [ASSIGN] white_usv13->black_usv18(机会锁定)
      [ASSIGN] white_usv14->black_usv25(机会锁定)
      [KILL] black_usv20
      [ASSIGN] white_usv8->black_usv14(机会锁定)
      [ASSIGN] white_usv6->black_usv14(机会锁定)
      [ASSIGN] white_usv13->black_usv19(机会锁定)
      [ASSIGN] white_usv11->black_usv23(机会锁定)
      [ASSIGN] white_usv11->black_usv22(机会锁定)
      [ASSIGN] white_usv7->black_usv12(机会锁定)
      [ASSIGN] white_usv9->black_usv16(机会锁定)
      [ASSIGN] white_usv10->black_usv16(机会锁定)
      [ASSIGN] white_usv13->black_usv16(机会锁定)
      [ASSIGN] white_usv11->black_usv23(机会锁定)
      [ASSIGN] white_usv9->black_usv19(机会锁定)
      [ASSIGN] white_usv10->black_usv19(机会锁定)
      [ASSIGN] white_usv13->black_usv19(机会锁定)
      [DETECT] black_usv2
      [ASSIGN] white_usv11->black_usv22(机会锁定)
      [ASSIGN] white_usv9->black_usv17(机会锁定)
      [ASSIGN] white_usv10->black_usv17(机会锁定)
      [ASSIGN] white_usv13->black_usv17(机会锁定)
[t=8,703s] step=280 | MISSION=NORMAL_C | USV: 15/15 (avail=0 int=4 lock=11 frz=0) | UAV: air=15 rtb=0 chg=0 loiter=0 | TRACKS: vis=26 lost=0 engaged=5 | TOP: black_usv2(x187,581) black_usv28(x187,978) black_usv16(x183,501) | KILL=11 | ACTIONS=30 | INTENT: focus=2 ratio=0.20
      [KILL] black_usv10
      [ASSIGN] white_usv11->black_usv23(机会锁定)
      [ASSIGN] white_usv1->black_usv9(机会锁定)
      [ASSIGN] white_usv9->black_usv19(机会锁定)
      [ASSIGN] white_usv10->black_usv19(机会锁定)
      [ASSIGN] white_usv13->black_usv19(机会锁定)
      [KILL] black_usv22
      [ASSIGN] white_usv5->black_usv15(机会锁定)
      [ASSIGN] white_usv1->black_usv11(机会锁定)
      [ASSIGN] white_usv2->black_usv11(机会锁定)
      [ASSIGN] white_usv4->black_usv11(机会锁定)
      [ASSIGN] white_usv9->black_usv17(机会锁定)
      [ASSIGN] white_usv10->black_usv17(机会锁定)
      [ASSIGN] white_usv13->black_usv17(机会锁定)
      [ASSIGN] white_usv3->black_usv11(机会锁定)
      [ASSIGN] white_usv12->black_usv24(机会锁定)
      [ASSIGN] white_usv11->black_usv19(机会锁定)
      [ASSIGN] white_usv9->black_usv19(机会锁定)
      [ASSIGN] white_usv10->black_usv19(机会锁定)
      [ASSIGN] white_usv13->black_usv19(机会锁定)
      [ASSIGN] white_usv3->black_usv13(机会锁定)
      [DETECT] black_usv1
      [KILL] black_usv18
      [ASSIGN] white_usv8->black_usv17(机会锁定)
      [ASSIGN] white_usv12->black_usv23(机会锁定)
      [ASSIGN] white_usv6->black_usv17(机会锁定)
      [ASSIGN] white_usv11->black_usv23(机会锁定)
      [ASSIGN] white_usv9->black_usv17(机会锁定)
      [ASSIGN] white_usv15->black_usv23(机会锁定)
      [ASSIGN] white_usv3->black_usv9(机会锁定)
      [ASSIGN] white_usv14->black_usv23(机会锁定)
      [ASSIGN] white_usv8->black_usv14(机会锁定)
      [ASSIGN] white_usv12->black_usv25(机会锁定)
      [ASSIGN] white_usv6->black_usv14(机会锁定)
      [ASSIGN] white_usv11->black_usv25(机会锁定)
      [ASSIGN] white_usv9->black_usv14(机会锁定)
      [ASSIGN] white_usv15->black_usv25(机会锁定)
      [ASSIGN] white_usv3->black_usv14(机会锁定)
      [ASSIGN] white_usv14->black_usv25(机会锁定)
      [ASSIGN] white_usv8->black_usv13(机会锁定)
      [ASSIGN] white_usv12->black_usv23(机会锁定)
      [ASSIGN] white_usv6->black_usv13(机会锁定)
      [ASSIGN] white_usv11->black_usv23(机会锁定)
      [ASSIGN] white_usv7->black_usv13(机会锁定)
      [ASSIGN] white_usv9->black_usv13(机会锁定)
      [ASSIGN] white_usv15->black_usv23(机会锁定)
      [ASSIGN] white_usv3->black_usv13(机会锁定)
      [ASSIGN] white_usv14->black_usv23(机会锁定)
      [ASSIGN] white_usv8->black_usv14(机会锁定)
      [ASSIGN] white_usv12->black_usv25(机会锁定)
      [ASSIGN] white_usv6->black_usv14(机会锁定)
      [ASSIGN] white_usv11->black_usv25(机会锁定)
      [ASSIGN] white_usv7->black_usv14(机会锁定)
      [ASSIGN] white_usv9->black_usv14(机会锁定)
      [ASSIGN] white_usv15->black_usv25(机会锁定)
      [ASSIGN] white_usv3->black_usv14(机会锁定)
      [ASSIGN] white_usv14->black_usv25(机会锁定)
      [ASSIGN] white_usv8->black_usv13(机会锁定)
      [ASSIGN] white_usv12->black_usv23(机会锁定)
      [ASSIGN] white_usv6->black_usv13(机会锁定)
      [ASSIGN] white_usv11->black_usv23(机会锁定)
      [ASSIGN] white_usv7->black_usv13(机会锁定)
      [ASSIGN] white_usv9->black_usv15(机会锁定)
      [ASSIGN] white_usv15->black_usv23(机会锁定)
      [ASSIGN] white_usv3->black_usv13(机会锁定)
      [ASSIGN] white_usv14->black_usv24(机会锁定)
      [KILL] black_usv9
      [ASSIGN] white_usv8->black_usv14(机会锁定)
      [ASSIGN] white_usv12->black_usv25(机会锁定)
      [ASSIGN] white_usv6->black_usv14(机会锁定)
      [ASSIGN] white_usv11->black_usv25(机会锁定)
      [ASSIGN] white_usv7->black_usv14(机会锁定)
      [ASSIGN] white_usv15->black_usv25(机会锁定)
      [ASSIGN] white_usv3->black_usv14(机会锁定)
      [ASSIGN] white_usv14->black_usv25(机会锁定)
      [KILL] black_usv23
      [ASSIGN] white_usv5->black_usv13(机会锁定)
      [ASSIGN] white_usv8->black_usv15(机会锁定)
      [ASSIGN] white_usv6->black_usv13(机会锁定)
      [ASSIGN] white_usv11->black_usv24(机会锁定)
      [ASSIGN] white_usv1->black_usv7(机会锁定)
      [ASSIGN] white_usv2->black_usv13(机会锁定)
      [ASSIGN] white_usv4->black_usv13(机会锁定)
      [ASSIGN] white_usv7->black_usv13(机会锁定)
      [ASSIGN] white_usv3->black_usv7(机会锁定)
      [ASSIGN] white_usv14->black_usv24(机会锁定)
[t=9,120s] step=290 | MISSION=NORMAL_C | USV: 15/15 (avail=0 int=15 lock=0 frz=0) | UAV: air=15 rtb=0 chg=0 loiter=0 | TRACKS: vis=22 lost=0 engaged=0 | TOP: black_usv1(x188,755) black_usv16(x183,501) black_usv7(x177,076) | KILL=17 | ACTIONS=30 | INTENT: focus=2 ratio=0.20
      [ASSIGN] white_usv5->black_usv11(机会锁定)
      [ASSIGN] white_usv6->black_usv14(机会锁定)
      [ASSIGN] white_usv11->black_usv17(机会锁定)
      [ASSIGN] white_usv1->black_usv11(机会锁定)
      [ASSIGN] white_usv2->black_usv11(机会锁定)
      [ASSIGN] white_usv4->black_usv11(机会锁定)
      [ASSIGN] white_usv7->black_usv14(机会锁定)
      [ASSIGN] white_usv10->black_usv17(机会锁定)
      [ASSIGN] white_usv3->black_usv11(机会锁定)
      [ASSIGN] white_usv14->black_usv25(机会锁定)
      [KILL] black_usv16
      [ASSIGN] white_usv5->black_usv13(机会锁定)
      [ASSIGN] white_usv6->black_usv15(机会锁定)
      [ASSIGN] white_usv11->black_usv24(机会锁定)
      [ASSIGN] white_usv1->black_usv7(机会锁定)
      [ASSIGN] white_usv2->black_usv7(机会锁定)
      [ASSIGN] white_usv4->black_usv13(机会锁定)
      [ASSIGN] white_usv7->black_usv13(机会锁定)
      [ASSIGN] white_usv9->black_usv19(机会锁定)
      [ASSIGN] white_usv10->black_usv19(机会锁定)
      [ASSIGN] white_usv14->black_usv24(机会锁定)
      [KILL] black_usv17
      [KILL] black_usv19
      [ASSIGN] white_usv5->black_usv14(机会锁定)
      [ASSIGN] white_usv4->black_usv14(机会锁定)
      [ASSIGN] white_usv7->black_usv14(机会锁定)
      [RELEASE] white_usv9->black_usv19(目标失效)
      [ASSIGN] white_usv9->black_usv14(机会锁定)
      [RELEASE] white_usv10->black_usv19(目标失效)
      [ASSIGN] white_usv10->black_usv14(机会锁定)
      [RELEASE] white_usv13->black_usv19(目标失效)
      [ASSIGN] white_usv13->black_usv15(机会锁定)
      [ASSIGN] white_usv5->black_usv13(机会锁定)
      [ASSIGN] white_usv4->black_usv13(机会锁定)
      [ASSIGN] white_usv7->black_usv13(机会锁定)
      [ASSIGN] white_usv9->black_usv13(机会锁定)
      [ASSIGN] white_usv10->black_usv13(机会锁定)
      [ASSIGN] white_usv5->black_usv14(机会锁定)
      [ASSIGN] white_usv4->black_usv14(机会锁定)
      [ASSIGN] white_usv7->black_usv14(机会锁定)
      [ASSIGN] white_usv9->black_usv14(机会锁定)
      [ASSIGN] white_usv10->black_usv14(机会锁定)
      [ASSIGN] white_usv5->black_usv13(机会锁定)
      [ASSIGN] white_usv4->black_usv13(机会锁定)
      [ASSIGN] white_usv7->black_usv15(机会锁定)
      [ASSIGN] white_usv9->black_usv13(机会锁定)
      [ASSIGN] white_usv10->black_usv13(机会锁定)
      [ASSIGN] white_usv15->black_usv24(机会锁定)
      [ASSIGN] white_usv5->black_usv14(机会锁定)
      [ASSIGN] white_usv6->black_usv14(机会锁定)
      [ASSIGN] white_usv4->black_usv14(机会锁定)
      [ASSIGN] white_usv9->black_usv14(机会锁定)
      [ASSIGN] white_usv10->black_usv14(机会锁定)
      [ASSIGN] white_usv15->black_usv25(机会锁定)
      [KILL] black_usv13
      [ASSIGN] white_usv5->black_usv11(机会锁定)
      [ASSIGN] white_usv6->black_usv15(机会锁定)
      [ASSIGN] white_usv4->black_usv12(机会锁定)
      [ASSIGN] white_usv9->black_usv12(机会锁定)
      [ASSIGN] white_usv10->black_usv12(机会锁定)
      [ASSIGN] white_usv15->black_usv24(机会锁定)
      [KILL] black_usv25
      [ASSIGN] white_usv5->black_usv7(机会锁定)
      [ASSIGN] white_usv8->black_usv14(机会锁定)
      [RELEASE] white_usv12->black_usv25(目标失效)
      [ASSIGN] white_usv12->black_usv24(机会锁定)
      [ASSIGN] white_usv6->black_usv14(机会锁定)
      [ASSIGN] white_usv4->black_usv14(机会锁定)
      [ASSIGN] white_usv9->black_usv14(机会锁定)
      [ASSIGN] white_usv10->black_usv14(机会锁定)
      [ASSIGN] white_usv13->black_usv14(机会锁定)
      [ASSIGN] white_usv3->black_usv14(机会锁定)
      [KILL] black_usv14
      [RELEASE] white_usv8->black_usv14(目标失效)
      [ASSIGN] white_usv8->black_usv12(机会锁定)
      [RELEASE] white_usv6->black_usv14(目标失效)
      [ASSIGN] white_usv6->black_usv12(机会锁定)
      [RELEASE] white_usv4->black_usv14(目标失效)
      [ASSIGN] white_usv4->black_usv11(机会锁定)
      [RELEASE] white_usv9->black_usv14(目标失效)
      [ASSIGN] white_usv9->black_usv12(机会锁定)
      [RELEASE] white_usv10->black_usv14(目标失效)
      [ASSIGN] white_usv10->black_usv12(机会锁定)
      [RELEASE] white_usv13->black_usv14(目标失效)
      [ASSIGN] white_usv13->black_usv12(机会锁定)
      [RELEASE] white_usv3->black_usv14(目标失效)
      [ASSIGN] white_usv3->black_usv11(机会锁定)
[t=9,467s] step=300 | MISSION=NORMAL_C | USV: 14/15 (avail=0 int=9 lock=5 frz=0) | UAV: air=15 rtb=0 chg=0 loiter=0 | TRACKS: vis=16 lost=0 engaged=2 | TOP: black_usv1(x186,829) black_usv6(x174,306) black_usv4(x174,989) | KILL=17 | ACTIONS=29 | INTENT: focus=2 ratio=0.20
      [ASSIGN] white_usv8->black_usv15(机会锁定)
      [ASSIGN] white_usv6->black_usv15(机会锁定)
      [ASSIGN] white_usv1->black_usv6(机会锁定)
      [ASSIGN] white_usv2->black_usv6(机会锁定)
      [ASSIGN] white_usv4->black_usv6(机会锁定)
      [ASSIGN] white_usv9->black_usv15(机会锁定)
      [ASSIGN] white_usv10->black_usv15(机会锁定)
      [ASSIGN] white_usv13->black_usv15(机会锁定)
      [ASSIGN] white_usv3->black_usv6(机会锁定)
      [KILL] black_usv12
      [ASSIGN] white_usv5->black_usv11(机会锁定)
      [ASSIGN] white_usv8->black_usv11(机会锁定)
      [ASSIGN] white_usv6->black_usv11(机会锁定)
      [ASSIGN] white_usv2->black_usv11(机会锁定)
      [ASSIGN] white_usv7->black_usv11(机会锁定)
      [ASSIGN] white_usv9->black_usv11(机会锁定)
      [ASSIGN] white_usv10->black_usv11(机会锁定)
      [ASSIGN] white_usv5->black_usv7(机会锁定)
      [ASSIGN] white_usv8->black_usv7(机会锁定)
      [ASSIGN] white_usv12->black_usv26(机会锁定)
      [ASSIGN] white_usv6->black_usv7(机会锁定)
      [ASSIGN] white_usv11->black_usv15(机会锁定)
      [ASSIGN] white_usv2->black_usv7(机会锁定)
      [ASSIGN] white_usv7->black_usv7(机会锁定)
      [ASSIGN] white_usv9->black_usv7(机会锁定)
      [ASSIGN] white_usv10->black_usv7(机会锁定)
      [ASSIGN] white_usv5->black_usv11(机会锁定)
      [ASSIGN] white_usv8->black_usv11(机会锁定)
      [ASSIGN] white_usv6->black_usv11(机会锁定)
      [ASSIGN] white_usv11->black_usv24(机会锁定)
      [ASSIGN] white_usv2->black_usv11(机会锁定)
      [ASSIGN] white_usv7->black_usv11(机会锁定)
      [ASSIGN] white_usv9->black_usv11(机会锁定)
      [ASSIGN] white_usv10->black_usv11(机会锁定)
      [ASSIGN] white_usv13->black_usv11(机会锁定)
      [KILL] black_usv15
      [KILL] black_usv11
      [RELEASE] white_usv5->black_usv11(目标失效)
      [ASSIGN] white_usv5->black_usv7(机会锁定)
      [RELEASE] white_usv8->black_usv11(目标失效)
      [ASSIGN] white_usv8->black_usv7(机会锁定)
      [RELEASE] white_usv6->black_usv11(目标失效)
      [ASSIGN] white_usv6->black_usv7(机会锁定)
      [RELEASE] white_usv2->black_usv11(目标失效)
      [ASSIGN] white_usv2->black_usv7(机会锁定)
      [RELEASE] white_usv7->black_usv11(目标失效)
      [ASSIGN] white_usv7->black_usv7(机会锁定)
      [RELEASE] white_usv9->black_usv11(目标失效)
      [ASSIGN] white_usv9->black_usv7(机会锁定)
      [RELEASE] white_usv10->black_usv11(目标失效)
      [ASSIGN] white_usv10->black_usv7(机会锁定)
      [RELEASE] white_usv13->black_usv11(目标失效)
      [ASSIGN] white_usv5->black_usv6(机会锁定)
      [ASSIGN] white_usv6->black_usv6(机会锁定)
      [ASSIGN] white_usv9->black_usv6(机会锁定)
      [ASSIGN] white_usv13->black_usv7(机会锁定)
      [ASSIGN] white_usv9->black_usv7(机会锁定)
      [ASSIGN] white_usv8->black_usv6(机会锁定)
      [ASSIGN] white_usv1->black_usv4(机会锁定)
      [ASSIGN] white_usv7->black_usv6(机会锁定)
      [ASSIGN] white_usv9->black_usv6(机会锁定)
      [ASSIGN] white_usv5->black_usv4(机会锁定)
      [ASSIGN] white_usv8->black_usv7(机会锁定)
      [ASSIGN] white_usv6->black_usv7(机会锁定)
      [ASSIGN] white_usv7->black_usv7(机会锁定)
      [ASSIGN] white_usv9->black_usv7(机会锁定)
      [ASSIGN] white_usv3->black_usv4(机会锁定)
      [ASSIGN] white_usv8->black_usv6(机会锁定)
      [ASSIGN] white_usv12->black_usv27(机会锁定)
      [ASSIGN] white_usv6->black_usv6(机会锁定)
      [ASSIGN] white_usv2->black_usv6(机会锁定)
      [ASSIGN] white_usv7->black_usv6(机会锁定)
      [ASSIGN] white_usv9->black_usv6(机会锁定)
[t=9,952s] step=310 | MISSION=NORMAL_C | USV: 13/15 (avail=0 int=10 lock=3 frz=0) | UAV: air=15 rtb=0 chg=0 loiter=0 | TRACKS: vis=13 lost=0 engaged=1 | TOP: black_usv6(x170,596) black_usv5(x173,157) black_usv27(x173,695) | KILL=20 | ACTIONS=28 | INTENT: focus=2 ratio=0.20
      [ASSIGN] white_usv8->black_usv7(机会锁定)
      [ASSIGN] white_usv12->black_usv26(机会锁定)
      [ASSIGN] white_usv6->black_usv7(机会锁定)
      [ASSIGN] white_usv2->black_usv7(机会锁定)
      [ASSIGN] white_usv7->black_usv7(机会锁定)
      [ASSIGN] white_usv9->black_usv7(机会锁定)
      [ASSIGN] white_usv8->black_usv6(机会锁定)
      [ASSIGN] white_usv6->black_usv6(机会锁定)
      [ASSIGN] white_usv2->black_usv6(机会锁定)
      [ASSIGN] white_usv7->black_usv6(机会锁定)
      [ASSIGN] white_usv9->black_usv6(机会锁定)
      [KILL] black_usv24
      [KILL] black_usv7
      [ASSIGN] white_usv6->black_usv4(机会锁定)
      [RELEASE] white_usv11->black_usv24(目标失效)
      [ASSIGN] white_usv2->black_usv4(机会锁定)
      [ASSIGN] white_usv7->black_usv4(机会锁定)
      [ASSIGN] white_usv9->black_usv4(机会锁定)
      [RELEASE] white_usv10->black_usv7(目标失效)
      [RELEASE] white_usv15->black_usv24(目标失效)
      [RELEASE] white_usv13->black_usv7(目标失效)
      [ASSIGN] white_usv15->black_usv26(机会锁定)
      [ASSIGN] white_usv11->black_usv3
      [ASSIGN] white_usv1->black_usv5(机会锁定)
      [ASSIGN] white_usv10->black_usv1
      [ASSIGN] white_usv13->black_usv5
      [ASSIGN] white_usv5->black_usv6(机会锁定)
      [ASSIGN] white_usv6->black_usv6(机会锁定)
      [ASSIGN] white_usv2->black_usv6(机会锁定)
      [ASSIGN] white_usv7->black_usv6(机会锁定)
      [ASSIGN] white_usv9->black_usv6(机会锁定)
      [ASSIGN] white_usv10->black_usv6(机会锁定)
      [ASSIGN] white_usv3->black_usv6(机会锁定)
      [ASSIGN] white_usv5->black_usv4(机会锁定)
      [ASSIGN] white_usv8->black_usv4(机会锁定)
      [ASSIGN] white_usv6->black_usv4(机会锁定)
      [ASSIGN] white_usv2->black_usv4(机会锁定)
      [ASSIGN] white_usv7->black_usv4(机会锁定)
      [ASSIGN] white_usv9->black_usv4(机会锁定)
      [ASSIGN] white_usv3->black_usv4(机会锁定)
      [ASSIGN] white_usv5->black_usv6(机会锁定)
      [ASSIGN] white_usv8->black_usv6(机会锁定)
      [ASSIGN] white_usv12->black_usv27(机会锁定)
      [ASSIGN] white_usv6->black_usv6(机会锁定)
      [ASSIGN] white_usv2->black_usv6(机会锁定)
      [ASSIGN] white_usv7->black_usv6(机会锁定)
      [ASSIGN] white_usv9->black_usv6(机会锁定)
      [ASSIGN] white_usv15->black_usv27(机会锁定)
      [ASSIGN] white_usv3->black_usv6(机会锁定)
      [ASSIGN] white_usv5->black_usv4(机会锁定)
      [ASSIGN] white_usv8->black_usv4(机会锁定)
      [ASSIGN] white_usv6->black_usv4(机会锁定)
      [ASSIGN] white_usv2->black_usv4(机会锁定)
      [ASSIGN] white_usv7->black_usv4(机会锁定)
      [ASSIGN] white_usv9->black_usv4(机会锁定)
      [ASSIGN] white_usv3->black_usv4(机会锁定)
      [KILL] black_usv6
      [ASSIGN] white_usv5->black_usv3(机会锁定)
      [ASSIGN] white_usv6->black_usv5(机会锁定)
      [ASSIGN] white_usv2->black_usv5(机会锁定)
      [ASSIGN] white_usv7->black_usv5(机会锁定)
      [ASSIGN] white_usv9->black_usv5(机会锁定)
      [RELEASE] white_usv10->black_usv6(目标失效)
      [ASSIGN] white_usv3->black_usv3(机会锁定)
[t=10,469s] step=320 | MISSION=NORMAL_C | USV: 13/15 (avail=0 int=10 lock=3 frz=0) | UAV: air=15 rtb=0 chg=0 loiter=0 | TRACKS: vis=10 lost=0 engaged=2 | TOP: black_usv29(x169,070) black_usv26(x171,268) black_usv2(x173,060) | KILL=22 | ACTIONS=28 | INTENT: focus=2 ratio=0.20
      [ASSIGN] white_usv1->black_usv4(机会锁定)
      [ASSIGN] white_usv10->black_usv29
      [ASSIGN] white_usv12->black_usv26(机会锁定)
      [ASSIGN] white_usv15->black_usv26(机会锁定)
      [ASSIGN] white_usv12->black_usv27(机会锁定)
      [ASSIGN] white_usv15->black_usv27(机会锁定)
      [KILL] black_usv4
      [RELEASE] white_usv8->black_usv4(目标失效)
      [ASSIGN] white_usv8->black_usv5(机会锁定)
      [ASSIGN] white_usv12->black_usv26(机会锁定)
      [ASSIGN] white_usv6->black_usv3(机会锁定)
      [RELEASE] white_usv1->black_usv4(目标失效)
      [ASSIGN] white_usv1->black_usv5(机会锁定)
      [ASSIGN] white_usv2->black_usv3(机会锁定)
      [ASSIGN] white_usv9->black_usv3(机会锁定)
      [ASSIGN] white_usv15->black_usv26(机会锁定)
      [ASSIGN] white_usv12->black_usv27(机会锁定)
      [ASSIGN] white_usv6->black_usv5(机会锁定)
      [ASSIGN] white_usv15->black_usv27(机会锁定)
      [ASSIGN] white_usv12->black_usv26(机会锁定)
      [ASSIGN] white_usv15->black_usv26(机会锁定)
      [ASSIGN] white_usv12->black_usv27(机会锁定)
      [ASSIGN] white_usv15->black_usv27(机会锁定)
[t=10,946s] step=330 | MISSION=NORMAL_C | USV: 13/15 (avail=0 int=9 lock=4 frz=0) | UAV: air=15 rtb=0 chg=0 loiter=0 | TRACKS: vis=9 lost=0 engaged=1 | TOP: black_usv28(x166,264) black_usv2(x168,290) black_usv30(x169,873) | KILL=24 | ACTIONS=28 | INTENT: focus=2 ratio=0.20
      [KILL] black_usv26
      [ASSIGN] white_usv5->black_usv5(机会锁定)
      [ASSIGN] white_usv2->black_usv5(机会锁定)
      [ASSIGN] white_usv9->black_usv5(机会锁定)
      [ASSIGN] white_usv3->black_usv5(机会锁定)
      [KILL] black_usv5
      [RELEASE] white_usv5->black_usv5(目标失效)
      [ASSIGN] white_usv5->black_usv3(机会锁定)
      [RELEASE] white_usv8->black_usv5(目标失效)
      [RELEASE] white_usv6->black_usv5(目标失效)
      [RELEASE] white_usv1->black_usv5(目标失效)
      [ASSIGN] white_usv1->black_usv3(机会锁定)
      [RELEASE] white_usv2->black_usv5(目标失效)
      [ASSIGN] white_usv2->black_usv3(机会锁定)
      [RELEASE] white_usv7->black_usv5(目标失效)
      [ASSIGN] white_usv7->black_usv3(机会锁定)
      [RELEASE] white_usv9->black_usv5(目标失效)
      [ASSIGN] white_usv9->black_usv3(机会锁定)
      [RELEASE] white_usv13->black_usv5(目标失效)
      [RELEASE] white_usv3->black_usv5(目标失效)
      [ASSIGN] white_usv3->black_usv3(机会锁定)
      [KILL] black_usv27
      [ASSIGN] white_usv8->black_usv30
      [RELEASE] white_usv12->black_usv27(目标失效)
      [ASSIGN] white_usv6->black_usv28
      [RELEASE] white_usv15->black_usv27(目标失效)
      [ASSIGN] white_usv13->black_usv2
      [ASSIGN] white_usv2->black_usv2(机会锁定)
      [ASSIGN] white_usv7->black_usv2(机会锁定)
      [ASSIGN] white_usv15->black_usv28
      [ASSIGN] white_usv12->black_usv1
      [ASSIGN] white_usv1->black_usv2(机会锁定)
[t=11,469s] step=340 | MISSION=NORMAL_C | USV: 13/15 (avail=0 int=11 lock=2 frz=0) | UAV: air=15 rtb=0 chg=0 loiter=0 | TRACKS: vis=6 lost=0 engaged=1 | TOP: black_usv29(x159,491) black_usv30(x164,807) black_usv1(x169,326) | KILL=25 | ACTIONS=28 | INTENT: focus=2 ratio=0.20
      [ASSIGN] white_usv13->black_usv3(机会锁定)
      [KILL] black_usv3
      [RELEASE] white_usv5->black_usv3(目标失效)
      [RELEASE] white_usv11->black_usv3(目标失效)
      [RELEASE] white_usv9->black_usv3(目标失效)
      [RELEASE] white_usv13->black_usv3(目标失效)
      [RELEASE] white_usv3->black_usv3(目标失效)
      [ASSIGN] white_usv5->black_usv1
      [ASSIGN] white_usv11->black_usv29
      [ASSIGN] white_usv9->black_usv28
      [ASSIGN] white_usv13->black_usv30
      [ASSIGN] white_usv3->black_usv29
      [ASSIGN] white_usv5->black_usv2(机会锁定)
[t=11,962s] step=350 | MISSION=NORMAL_C | USV: 13/15 (avail=0 int=12 lock=1 frz=0) | UAV: air=15 rtb=0 chg=0 loiter=0 | TRACKS: vis=5 lost=0 engaged=1 | TOP: black_usv28(x158,018) black_usv1(x165,021) black_usv29(x154,919) | KILL=26 | ACTIONS=28 | INTENT: focus=2 ratio=0.20
      [KILL] black_usv2
      [RELEASE] white_usv5->black_usv2(目标失效)
      [RELEASE] white_usv1->black_usv2(目标失效)
      [RELEASE] white_usv2->black_usv2(目标失效)
      [RELEASE] white_usv7->black_usv2(目标失效)
      [ASSIGN] white_usv7->black_usv1(机会锁定)
      [ASSIGN] white_usv10->black_usv28(机会锁定)
      [ASSIGN] white_usv5->black_usv1
      [ASSIGN] white_usv6->black_usv29(机会锁定)
      [ASSIGN] white_usv1->black_usv29
      [ASSIGN] white_usv2->black_usv30
      [ASSIGN] white_usv10->black_usv29(机会锁定)
      [ASSIGN] white_usv15->black_usv29(机会锁定)
      [ASSIGN] white_usv10->black_usv28(机会锁定)
      [ASSIGN] white_usv15->black_usv28(机会锁定)
[t=12,471s] step=360 | MISSION=NORMAL_C | USV: 13/15 (avail=0 int=12 lock=1 frz=0) | UAV: air=15 rtb=0 chg=0 loiter=0 | TRACKS: vis=3 lost=1 engaged=1 | TOP: black_usv30(x155,014) black_usv28(x157,438) black_usv1(x163,024) | KILL=27 | ACTIONS=28 | INTENT: focus=2 ratio=0.20
      [RELEASE] white_usv6->black_usv29(目标失效)
      [RELEASE] white_usv11->black_usv29(目标失效)
      [RELEASE] white_usv1->black_usv29(目标失效)
      [RELEASE] white_usv3->black_usv29(目标失效)
      [KILL] black_usv28
      [RELEASE] white_usv9->black_usv28(目标失效)
      [RELEASE] white_usv10->black_usv28(目标失效)
      [RELEASE] white_usv15->black_usv28(目标失效)
      [RELEASE] white_usv8->black_usv30(目标失效)
      [RELEASE] white_usv2->black_usv30(目标失效)
      [RELEASE] white_usv13->black_usv30(目标失效)
[t=12,995s] step=370 | MISSION=NORMAL_C | USV: 13/15 (avail=10 int=2 lock=1 frz=0) | UAV: air=15 rtb=0 chg=0 loiter=0 | TRACKS: vis=1 lost=0 engaged=1 | TOP: black_usv1(x161,749) | KILL=27 | ACTIONS=28 | INTENT: focus=2 ratio=0.20
[t=13,524s] step=380 | MISSION=NORMAL_C | USV: 13/15 (avail=10 int=3 lock=0 frz=0) | UAV: air=15 rtb=0 chg=0 loiter=0 | TRACKS: vis=1 lost=0 engaged=0 | TOP: black_usv1(x159,099) | KILL=28 | ACTIONS=28 | INTENT: focus=2 ratio=0.20
      [KILL] black_usv1
      [RELEASE] white_usv5->black_usv1(目标失效)
      [RELEASE] white_usv12->black_usv1(目标失效)
      [RELEASE] white_usv7->black_usv1(目标失效)
[t=14,046s] step=390 | MISSION=NORMAL_C | USV: 13/15 (avail=13 int=0 lock=0 frz=0) | UAV: air=15 rtb=0 chg=0 loiter=0 | TRACKS: vis=0 lost=0 engaged=0 | TOP:  | KILL=28 | ACTIONS=28 | INTENT: focus=2 ratio=0.20
[t=14,583s] step=400 | MISSION=NORMAL_C | USV: 13/15 (avail=13 int=0 lock=0 frz=0) | UAV: air=15 rtb=0 chg=0 loiter=0 | TRACKS: vis=0 lost=0 engaged=0 | TOP:  | KILL=28 | ACTIONS=28 | INTENT: focus=2 ratio=0.20
      [DETECT] black_usv30
      [ASSIGN] white_usv6->black_usv30
      [DETECT] black_usv29
      [ASSIGN] white_usv11->black_usv29
      [ASSIGN] white_usv3->black_usv30
      [ASSIGN] white_usv12->black_usv29
      [ASSIGN] white_usv10->black_usv30
      [ASSIGN] white_usv15->black_usv29
[t=15,128s] step=410 | MISSION=NORMAL_C | USV: 13/15 (avail=7 int=6 lock=0 frz=0) | UAV: air=15 rtb=0 chg=0 loiter=0 | TRACKS: vis=2 lost=0 engaged=0 | TOP: black_usv30(x129,682) black_usv29(x135,438) | KILL=28 | ACTIONS=28 | INTENT: focus=2 ratio=0.20
[t=15,672s] step=420 | MISSION=NORMAL_C | USV: 13/15 (avail=7 int=6 lock=0 frz=0) | UAV: air=15 rtb=0 chg=0 loiter=0 | TRACKS: vis=1 lost=1 engaged=0 | TOP: black_usv30(x124,242) black_usv29(x130,617) | KILL=28 | ACTIONS=28 | INTENT: focus=2 ratio=0.20
      [RELEASE] white_usv6->black_usv30(目标失效)
      [RELEASE] white_usv10->black_usv30(目标失效)
      [RELEASE] white_usv3->black_usv30(目标失效)
[t=16,207s] step=430 | MISSION=NORMAL_C | USV: 13/15 (avail=10 int=3 lock=0 frz=0) | UAV: air=15 rtb=0 chg=0 loiter=0 | TRACKS: vis=1 lost=0 engaged=0 | TOP: black_usv29(x126,351) | KILL=28 | ACTIONS=28 | INTENT: focus=2 ratio=0.20
[t=16,752s] step=440 | MISSION=NORMAL_C | USV: 13/15 (avail=10 int=2 lock=1 frz=0) | UAV: air=15 rtb=0 chg=0 loiter=0 | TRACKS: vis=1 lost=0 engaged=1 | TOP: black_usv29(x123,877) | KILL=28 | ACTIONS=28 | INTENT: focus=2 ratio=0.20
[t=17,310s] step=450 | MISSION=NORMAL_C | USV: 13/15 (avail=10 int=3 lock=0 frz=0) | UAV: air=15 rtb=0 chg=0 loiter=0 | TRACKS: vis=1 lost=0 engaged=0 | TOP: black_usv29(x122,982) | KILL=29 | ACTIONS=28 | INTENT: focus=2 ratio=0.20
      [KILL] black_usv29
      [RELEASE] white_usv12->black_usv29(目标失效)
      [RELEASE] white_usv11->black_usv29(目标失效)
      [RELEASE] white_usv15->black_usv29(目标失效)
[t=17,905s] step=460 | MISSION=NORMAL_C | USV: 13/15 (avail=10 int=3 lock=0 frz=0) | UAV: air=15 rtb=0 chg=0 loiter=0 | TRACKS: vis=0 lost=0 engaged=0 | TOP:  | KILL=29 | ACTIONS=28 | INTENT: focus=2 ratio=0.20
      [DETECT] black_usv30
      [ASSIGN] white_usv15->black_usv30
      [ASSIGN] white_usv12->black_usv30
      [ASSIGN] white_usv11->black_usv30
[t=18,478s] step=470 | MISSION=NORMAL_C | USV: 13/15 (avail=10 int=3 lock=0 frz=0) | UAV: air=15 rtb=0 chg=0 loiter=0 | TRACKS: vis=0 lost=1 engaged=0 | TOP: black_usv30(x102,310) | KILL=29 | ACTIONS=28 | INTENT: focus=2 ratio=0.20
      [RELEASE] white_usv12->black_usv30(目标失效)
      [RELEASE] white_usv11->black_usv30(目标失效)
      [RELEASE] white_usv15->black_usv30(目标失效)
      [DETECT] black_usv30
      [ASSIGN] white_usv15->black_usv30
[t=19,057s] step=480 | MISSION=NORMAL_C | USV: 13/15 (avail=13 int=0 lock=0 frz=0) | UAV: air=15 rtb=0 chg=0 loiter=0 | TRACKS: vis=1 lost=0 engaged=0 | TOP: black_usv30(x92,280) | KILL=29 | ACTIONS=28 | INTENT: focus=2 ratio=0.20
      [ASSIGN] white_usv12->black_usv30
      [ASSIGN] white_usv11->black_usv30
      [RELEASE] white_usv12->black_usv30(目标失效)
      [RELEASE] white_usv11->black_usv30(目标失效)
      [RELEASE] white_usv15->black_usv30(目标失效)
[t=19,625s] step=490 | MISSION=NORMAL_C | USV: 11/15 (avail=11 int=0 lock=0 frz=0) | UAV: air=15 rtb=0 chg=0 loiter=0 | TRACKS: vis=0 lost=0 engaged=0 | TOP:  | KILL=29 | ACTIONS=26 | INTENT: focus=2 ratio=0.20
[t=20,194s] step=500 | MISSION=NORMAL_C | USV: 10/15 (avail=10 int=0 lock=0 frz=0) | UAV: air=15 rtb=0 chg=0 loiter=0 | TRACKS: vis=0 lost=0 engaged=0 | TOP:  | KILL=29 | ACTIONS=25 | INTENT: focus=2 ratio=0.20
[t=20,777s] step=510 | MISSION=NORMAL_C | USV: 8/15 (avail=8 int=0 lock=0 frz=0) | UAV: air=15 rtb=0 chg=0 loiter=0 | TRACKS: vis=0 lost=0 engaged=0 | TOP:  | KILL=29 | ACTIONS=23 | INTENT: focus=2 ratio=0.20
      [DETECT] black_usv30
      [ASSIGN] white_usv15->black_usv30
[t=21,354s] step=520 | MISSION=NORMAL_C | USV: 7/15 (avail=7 int=0 lock=0 frz=0) | UAV: air=15 rtb=0 chg=0 loiter=0 | TRACKS: vis=1 lost=0 engaged=0 | TOP: black_usv30(x66,807) | KILL=29 | ACTIONS=22 | INTENT: focus=2 ratio=0.20
      [ASSIGN] white_usv12->black_usv30
      [ASSIGN] white_usv11->black_usv30
[t=21,939s] step=530 | MISSION=NORMAL_C | USV: 4/15 (avail=1 int=3 lock=0 frz=0) | UAV: air=15 rtb=0 chg=0 loiter=0 | TRACKS: vis=1 lost=0 engaged=0 | TOP: black_usv30(x87,356) | KILL=29 | ACTIONS=19 | INTENT: focus=2 ratio=0.20
      [RELEASE] white_usv12->black_usv30(目标失效)
      [RELEASE] white_usv11->black_usv30(目标失效)
      [RELEASE] white_usv15->black_usv30(目标失效)
[t=22,552s] step=540 | MISSION=NORMAL_C | USV: 4/15 (avail=4 int=0 lock=0 frz=0) | UAV: air=15 rtb=0 chg=0 loiter=0 | TRACKS: vis=0 lost=0 engaged=0 | TOP:  | KILL=29 | ACTIONS=19 | INTENT: focus=2 ratio=0.20
[t=23,147s] step=550 | MISSION=NORMAL_C | USV: 4/15 (avail=4 int=0 lock=0 frz=0) | UAV: air=15 rtb=0 chg=0 loiter=0 | TRACKS: vis=0 lost=0 engaged=0 | TOP:  | KILL=29 | ACTIONS=19 | INTENT: focus=2 ratio=0.20
      [UAV RTB] white_uav15(电量1755<1466+300)
      [UAV RTB] white_uav11(电量1697<1403+300)
      [UAV RTB] white_uav13(电量1526<1258+300)
[t=23,727s] step=560 | MISSION=NORMAL_C | USV: 4/15 (avail=4 int=0 lock=0 frz=0) | UAV: air=12 rtb=3 chg=0 loiter=0 | TRACKS: vis=0 lost=0 engaged=0 | TOP:  | KILL=29 | ACTIONS=19 | INTENT: focus=2 ratio=0.20
      [UAV RTB] white_uav10(电量1232<966+300)
      [UAV RTB] white_uav1(电量1232<951+300)
      [UAV RTB] white_uav12(电量1170<912+300)
      [UAV RTB] white_uav14(电量1170<902+300)
      [UAV RTB] white_uav8(电量925<667+300)
      [UAV RTB] white_uav9(电量927<638+300)
      [UAV RTB] white_uav7(电量862<587+300)
      [UAV RTB] white_uav4(电量866<603+300)
      [DETECT] black_usv30
      [ASSIGN] white_usv12->black_usv30
      [UAV RTB] white_uav3(电量805<581+300)
      [ASSIGN] white_usv11->black_usv30
      [ASSIGN] white_usv15->black_usv30
      [UAV RTB] white_uav6(电量677<439+300)
[t=24,336s] step=570 | MISSION=NORMAL_C | USV: 3/15 (avail=1 int=2 lock=0 frz=0) | UAV: air=2 rtb=13 chg=0 loiter=0 | TRACKS: vis=0 lost=1 engaged=0 | TOP: black_usv30(x45,077) | KILL=29 | ACTIONS=18 | INTENT: focus=2 ratio=0.20
      [RELEASE] white_usv12->black_usv30(目标失效)
      [RELEASE] white_usv11->black_usv30(目标失效)
      [RELEASE] white_usv15->black_usv30(目标失效)
      [UAV RTB] white_uav2(电量492<204+300)
      [UAV RTB] white_uav5(电量433<137+300)
      [UAV LAND] white_uav14->white_usv12
      [UAV LAND] white_uav2->white_usv15
      [UAV LAND] white_uav7->white_usv11
      [UAV LAND] white_uav5->white_usv11
      [UAV LAND] white_uav6->white_usv15
      [UAV RTB] white_uav14(电量176<20+300)
      [UAV RTB] white_uav2(电量176<20+300)
      [UAV RTB] white_uav7(电量177<27+300)
      [UAV RTB] white_uav5(电量179<48+300)
      [UAV RTB] white_uav6(电量113<13+300)
      [UAV LAND] white_uav6->white_usv15
      [UAV LAND] white_uav7->white_usv11
      [UAV LAND] white_uav5->white_usv11
      [UAV LAND] white_uav4->white_usv15
      [UAV RTB] white_uav6(电量44<25+300)
      [UAV RTB] white_uav7(电量45<15+300)
      [UAV LAND] white_uav7->white_usv11
      [UAV RTB] white_uav5(电量47<4+300)
      [UAV LAND] white_uav5->white_usv11
      [UAV LAND] white_uav8->white_usv11
      [UAV LAND] white_uav1->white_usv15
      [UAV RTB] white_uav4(电量49<12+300)
      [UAV LAND] white_uav4->white_usv15
      [UAV LAND] white_uav9->white_usv12
[t=24,969s] step=580 | MISSION=NORMAL_C | USV: 3/15 (avail=3 int=0 lock=0 frz=0) | UAV: air=0 rtb=9 chg=6 loiter=0 | TRACKS: vis=0 lost=0 engaged=0 | TOP:  | KILL=29 | ACTIONS=18 | INTENT: focus=2 ratio=0.20
[t=26,553s] step=590 | MISSION=NORMAL_C | USV: 3/15 (avail=3 int=0 lock=0 frz=0) | UAV: air=0 rtb=0 chg=0 loiter=0 | TRACKS: vis=0 lost=0 engaged=0 | TOP:  | KILL=29 | ACTIONS=3 | INTENT: focus=2 ratio=0.20
[t=28,163s] step=600 | MISSION=NORMAL_C | USV: 3/15 (avail=3 int=0 lock=0 frz=0) | UAV: air=0 rtb=0 chg=0 loiter=0 | TRACKS: vis=0 lost=0 engaged=0 | TOP:  | KILL=29 | ACTIONS=3 | INTENT: focus=2 ratio=0.20

========================================================================
对局结果: Result.Defeat — 我方所有单位被击毁
  击杀蓝舰: 29 | 命中: 58 | 我方USV损失: 15 | UAV损失: 15 | 突破: 0
[META] result=Result.Defeat victory_time=32994 first_detection=1846 first_lock=7506 first_kill=8429 enemy_kills=29 friendly_usv_losses=15 friendly_uav_losses=15 black_breakthrough=0 reacquire_attempts=117 reacquire_success=167 sensor_assisted_locks=79 low_conf_commitments=0 global_reacquire_entries=0 global_reacquire_success=0 coverage_collapse_events=34 active_clusters_max=0 coverage_quality_final=0.00 commander_source=default_intent commander_calls=0 commander_changes=0 commander_no_change=0 commander_parse_failures=0 commander_api_failures=0 commander_policy_failures=0 commander_avg_latency=0.0
Done
