0.0 2026-08-09 17:53:54 INFO StateJump RED.Plane.AEW.wuav1.RadarWithGuider.RadarWithGuider[1]==>WORK
0.0 2026-08-09 17:53:54 INFO StateJump BLUE.Ship.Ship.b_in.RadarWithGuider.RadarWithGuider[1]==>WORK
0.0 2026-08-09 17:53:54 INFO StateJump BLUE.Ship.Ship.b_out.RadarWithGuider.RadarWithGuider[1]==>WORK
0.0 2026-08-09 17:53:54 INFO StateJump RED.Ship.Ship.w1.RadarWithGuider.RadarWithGuider[1]==>WORK
0.0 2026-08-09 17:53:54 INFO StateJump BLUE.Ship.Ship.b_in.Locker.Locker[1]==>WORK
0.0 2026-08-09 17:53:54 INFO StateJump BLUE.Ship.Ship.b_out.Locker.Locker[1]==>WORK
0.0 2026-08-09 17:53:54 INFO StateJump RED.Ship.Ship.w1.Locker.Locker[1]==>WORK
0.0 2026-08-09 17:53:54 INFO StateJump RED.Plane.AEW.wuav1.UavBattery.UAV_Battery[1]==>WORK
0.0 2026-08-09 17:53:54 INFO StateJump RED.Ship.Ship.w1.Comdev.Comdev[1]==>FREE
0.0 2026-08-09 17:53:54 INFO StateJump RED.Ship.Ship.w1.Comdev.Comdev[1]==>WORK
0.0 2026-08-09 17:53:54 INFO StateJump RED.Ship.Ship.w1.MotorTZB.ShipMotorTZB[1]==>FREE
0.0 2026-08-09 17:53:54 INFO StateJump RED.Ship.Ship.w1.MotorTZB.ShipMotorTZB[1]==>MOVE
0.0 2026-08-09 17:53:54 INFO StateJump RED.Ship.Ship.w1.Intelligence.QB[1]==>FREE
0.0 2026-08-09 17:53:54 INFO StateJump RED.Ship.Ship.w1.Intelligence.QB[1]==>WORK
0.0 2026-08-09 17:53:54 INFO StateJump RED.Plane.AEW.wuav1.MotorTZB.PlaneMotorTZB[1]==>FREE
0.0 2026-08-09 17:53:54 INFO StateJump RED.Plane.AEW.wuav1.MotorTZB.PlaneMotorTZB[1]==>MOVE
0.0 2026-08-09 17:53:54 INFO StateJump RED.Plane.AEW.wuav1.Intelligence.QB[1]==>FREE
0.0 2026-08-09 17:53:54 INFO StateJump RED.Plane.AEW.wuav1.Intelligence.QB[1]==>WORK
0.0 2026-08-09 17:53:54 INFO StateJump BLUE.Ship.Ship.b_in.Comdev.Comdev[1]==>FREE
0.0 2026-08-09 17:53:54 INFO StateJump BLUE.Ship.Ship.b_in.Comdev.Comdev[1]==>WORK
0.0 2026-08-09 17:53:54 INFO StateJump BLUE.Ship.Ship.b_in.MotorTZB.ShipMotorTZB[1]==>FREE
0.0 2026-08-09 17:53:54 INFO StateJump BLUE.Ship.Ship.b_in.MotorTZB.ShipMotorTZB[1]==>MOVE
0.0 2026-08-09 17:53:54 INFO StateJump BLUE.Ship.Ship.b_in.Intelligence.QB[1]==>FREE
0.0 2026-08-09 17:53:54 INFO StateJump BLUE.Ship.Ship.b_in.Intelligence.QB[1]==>WORK
0.0 2026-08-09 17:53:54 INFO StateJump BLUE.Ship.Ship.b_out.Comdev.Comdev[1]==>FREE
0.0 2026-08-09 17:53:54 INFO StateJump BLUE.Ship.Ship.b_out.Comdev.Comdev[1]==>WORK
0.0 2026-08-09 17:53:54 INFO StateJump BLUE.Ship.Ship.b_out.MotorTZB.ShipMotorTZB[1]==>FREE
0.0 2026-08-09 17:53:54 INFO StateJump BLUE.Ship.Ship.b_out.MotorTZB.ShipMotorTZB[1]==>MOVE
0.0 2026-08-09 17:53:54 INFO StateJump BLUE.Ship.Ship.b_out.Intelligence.QB[1]==>FREE
0.0 2026-08-09 17:53:54 INFO StateJump BLUE.Ship.Ship.b_out.Intelligence.QB[1]==>WORK
0.0 2026-08-09 17:53:54 INFO StateJump JudgeSystem<140006490682688>==>WORK
2000.0 2026-08-09 17:53:56 INFO StateJump RED.Plane.AEW.wuav1.RadarWithGuider.RadarWithGuider[1]==>FREE
2000.0 2026-08-09 17:53:56 WARNING RED.Plane.AEW.wuav1.RadarWithGuider.RadarWithGuider[1]的状态在执行[WORK]状态动作时变为了[FREE], 建议尽量避免该种情况
12000.0 2026-08-09 17:54:06 INFO StateJump RED.Plane.AEW.wuav1.RadarWithGuider.RadarWithGuider[1]==>WORK
