========================================================================
HYBRID AGENT V5 — Variable-Cardinality Hierarchical Maritime Agent
  启用UAV: True | LLM_ENABLED: False
========================================================================
对局 5 开始
      [UAV RELAUNCH] white_uav6
      [UAV RELAUNCH] white_uav5
      [UAV RELAUNCH] white_uav9
      [UAV RELAUNCH] white_uav2
      [UAV RELAUNCH] white_uav7
      [UAV RELAUNCH] white_uav3
      [UAV RELAUNCH] white_uav4
      [UAV RELAUNCH] white_uav8
      [UAV RELAUNCH] white_uav1
      [UAV RELAUNCH] white_uav10
[t=222s] step=10 | MISSION=NORMAL_C | USV: 10/10 (avail=10 int=0 lock=0 frz=0) | UAV: air=10 rtb=0 chg=0 loiter=0 | TRACKS: vis=0 lost=0 engaged=0 | TOP:  | KILL=0 | ACTIONS=20 | INTENT: focus=2 ratio=0.20
  [INTENT APPLIED]
    ThreatAllocator: focus 2 emergency 3 reserve_ratio 0.20 reserve_usvs None bias breakthrough_eta
    UAVManager: mode search_and_reacquire uav_priority []
[t=465s] step=20 | MISSION=NORMAL_C | USV: 10/10 (avail=10 int=0 lock=0 frz=0) | UAV: air=10 rtb=0 chg=0 loiter=0 | TRACKS: vis=0 lost=0 engaged=0 | TOP:  | KILL=0 | ACTIONS=20 | INTENT: focus=2 ratio=0.20
[t=709s] step=30 | MISSION=NORMAL_C | USV: 10/10 (avail=10 int=0 lock=0 frz=0) | UAV: air=10 rtb=0 chg=0 loiter=0 | TRACKS: vis=0 lost=0 engaged=0 | TOP:  | KILL=0 | ACTIONS=20 | INTENT: focus=2 ratio=0.20
[t=964s] step=40 | MISSION=NORMAL_C | USV: 10/10 (avail=10 int=0 lock=0 frz=0) | UAV: air=10 rtb=0 chg=0 loiter=0 | TRACKS: vis=0 lost=0 engaged=0 | TOP:  | KILL=0 | ACTIONS=20 | INTENT: focus=2 ratio=0.20
[t=1,204s] step=50 | MISSION=NORMAL_C | USV: 10/10 (avail=10 int=0 lock=0 frz=0) | UAV: air=10 rtb=0 chg=0 loiter=0 | TRACKS: vis=0 lost=0 engaged=0 | TOP:  | KILL=0 | ACTIONS=20 | INTENT: focus=2 ratio=0.20
[t=1,448s] step=60 | MISSION=NORMAL_C | USV: 10/10 (avail=10 int=0 lock=0 frz=0) | UAV: air=10 rtb=0 chg=0 loiter=0 | TRACKS: vis=0 lost=0 engaged=0 | TOP:  | KILL=0 | ACTIONS=20 | INTENT: focus=2 ratio=0.20
[t=1,695s] step=70 | MISSION=NORMAL_C | USV: 10/10 (avail=10 int=0 lock=0 frz=0) | UAV: air=10 rtb=0 chg=0 loiter=0 | TRACKS: vis=0 lost=0 engaged=0 | TOP:  | KILL=0 | ACTIONS=20 | INTENT: focus=2 ratio=0.20
      [DETECT] black_usv13
      [DETECT] black_usv9
      [DETECT] black_usv8
      [DETECT] black_usv11
      [DETECT] black_usv12
      [DETECT] black_usv10
      [DETECT] black_usv14
      [DETECT] black_usv7
      [ASSIGN] white_usv7->black_usv13
      [ASSIGN] white_usv9->black_usv14
      [ASSIGN] white_usv4->black_usv8
      [ASSIGN] white_usv3->black_usv10
      [ASSIGN] white_usv1->black_usv7
      [ASSIGN] white_usv2->black_usv9
      [ASSIGN] white_usv5->black_usv12
      [ASSIGN] white_usv6->black_usv11
      [DETECT] black_usv15
      [DETECT] black_usv6
      [DETECT] black_usv17
      [ASSIGN] white_usv10->black_usv17
      [ASSIGN] white_usv8->black_usv15
      [DETECT] black_usv18
      [DETECT] black_usv16
      [DETECT] black_usv4
      [DETECT] black_usv5
      [DETECT] black_usv19
      [DETECT] black_usv3
      [DETECT] black_usv2
      [DETECT] black_usv20
      [DETECT] black_usv1
[t=1,950s] step=80 | MISSION=NORMAL_C | USV: 10/10 (avail=0 int=10 lock=0 frz=0) | UAV: air=10 rtb=0 chg=0 loiter=0 | TRACKS: vis=20 lost=0 engaged=0 | TOP: black_usv4(x242,377) black_usv6(x242,583) black_usv18(x242,666) | KILL=0 | ACTIONS=20 | INTENT: focus=2 ratio=0.20
[t=2,200s] step=90 | MISSION=NORMAL_C | USV: 10/10 (avail=0 int=10 lock=0 frz=0) | UAV: air=10 rtb=0 chg=0 loiter=0 | TRACKS: vis=20 lost=0 engaged=0 | TOP: black_usv4(x240,148) black_usv6(x240,383) black_usv18(x240,478) | KILL=0 | ACTIONS=20 | INTENT: focus=2 ratio=0.20
[t=2,460s] step=100 | MISSION=NORMAL_C | USV: 10/10 (avail=0 int=10 lock=0 frz=0) | UAV: air=10 rtb=0 chg=0 loiter=0 | TRACKS: vis=20 lost=0 engaged=0 | TOP: black_usv6(x238,095) black_usv18(x238,202) black_usv3(x239,519) | KILL=0 | ACTIONS=20 | INTENT: focus=2 ratio=0.20
[t=2,717s] step=110 | MISSION=NORMAL_C | USV: 10/10 (avail=0 int=10 lock=0 frz=0) | UAV: air=10 rtb=0 chg=0 loiter=0 | TRACKS: vis=18 lost=2 engaged=0 | TOP: black_usv6(x235,833) black_usv18(x235,953) black_usv3(x237,419) | KILL=0 | ACTIONS=20 | INTENT: focus=2 ratio=0.20
[t=2,967s] step=120 | MISSION=NORMAL_C | USV: 10/10 (avail=0 int=10 lock=0 frz=0) | UAV: air=10 rtb=0 chg=0 loiter=0 | TRACKS: vis=18 lost=0 engaged=0 | TOP: black_usv6(x233,633) black_usv18(x233,765) black_usv3(x235,376) | KILL=0 | ACTIONS=20 | INTENT: focus=2 ratio=0.20
[t=3,227s] step=130 | MISSION=NORMAL_C | USV: 10/10 (avail=0 int=10 lock=0 frz=0) | UAV: air=10 rtb=0 chg=0 loiter=0 | TRACKS: vis=16 lost=2 engaged=0 | TOP: black_usv6(x231,345) black_usv18(x231,489) black_usv3(x233,252) | KILL=0 | ACTIONS=20 | INTENT: focus=2 ratio=0.20
      [DETECT] black_usv20
[t=3,475s] step=140 | MISSION=NORMAL_C | USV: 10/10 (avail=0 int=10 lock=0 frz=0) | UAV: air=10 rtb=0 chg=0 loiter=0 | TRACKS: vis=19 lost=0 engaged=0 | TOP: black_usv6(x229,163) black_usv18(x229,318) black_usv3(x231,226) | KILL=0 | ACTIONS=20 | INTENT: focus=2 ratio=0.20
[t=3,722s] step=150 | MISSION=NORMAL_C | USV: 10/10 (avail=0 int=10 lock=0 frz=0) | UAV: air=10 rtb=0 chg=0 loiter=0 | TRACKS: vis=17 lost=2 engaged=0 | TOP: black_usv6(x226,989) black_usv18(x227,157) black_usv3(x229,208) | KILL=0 | ACTIONS=20 | INTENT: focus=2 ratio=0.20
[t=3,983s] step=160 | MISSION=NORMAL_C | USV: 10/10 (avail=0 int=10 lock=0 frz=0) | UAV: air=10 rtb=0 chg=0 loiter=0 | TRACKS: vis=18 lost=1 engaged=0 | TOP: black_usv6(x224,692) black_usv3(x227,075) black_usv19(x227,725) | KILL=0 | ACTIONS=20 | INTENT: focus=2 ratio=0.20
[t=4,226s] step=170 | MISSION=NORMAL_C | USV: 10/10 (avail=0 int=10 lock=0 frz=0) | UAV: air=10 rtb=0 chg=0 loiter=0 | TRACKS: vis=18 lost=0 engaged=0 | TOP: black_usv3(x225,090) black_usv6(x222,268) black_usv18(x222,436) | KILL=0 | ACTIONS=20 | INTENT: focus=2 ratio=0.20
[t=4,480s] step=180 | MISSION=NORMAL_C | USV: 10/10 (avail=0 int=10 lock=0 frz=0) | UAV: air=10 rtb=0 chg=0 loiter=0 | TRACKS: vis=18 lost=0 engaged=0 | TOP: black_usv3(x223,015) black_usv18(x219,915) black_usv19(x222,924) | KILL=0 | ACTIONS=20 | INTENT: focus=2 ratio=0.20
[t=4,741s] step=190 | MISSION=NORMAL_C | USV: 10/10 (avail=0 int=10 lock=0 frz=0) | UAV: air=10 rtb=0 chg=0 loiter=0 | TRACKS: vis=18 lost=0 engaged=0 | TOP: black_usv3(x220,882) black_usv18(x217,311) black_usv19(x220,432) | KILL=0 | ACTIONS=20 | INTENT: focus=2 ratio=0.20
[t=4,996s] step=200 | MISSION=NORMAL_C | USV: 10/10 (avail=0 int=10 lock=0 frz=0) | UAV: air=10 rtb=0 chg=0 loiter=0 | TRACKS: vis=18 lost=0 engaged=0 | TOP: black_usv3(x218,799) black_usv18(x214,761) black_usv19(x217,882) | KILL=0 | ACTIONS=20 | INTENT: focus=2 ratio=0.20
[t=5,270s] step=210 | MISSION=NORMAL_C | USV: 10/10 (avail=0 int=10 lock=0 frz=0) | UAV: air=10 rtb=0 chg=0 loiter=0 | TRACKS: vis=17 lost=1 engaged=0 | TOP: black_usv3(x216,560) black_usv18(x212,021) black_usv19(x215,142) | KILL=0 | ACTIONS=20 | INTENT: focus=2 ratio=0.20
[t=5,548s] step=220 | MISSION=NORMAL_C | USV: 10/10 (avail=0 int=10 lock=0 frz=0) | UAV: air=10 rtb=0 chg=0 loiter=0 | TRACKS: vis=17 lost=1 engaged=0 | TOP: black_usv3(x214,282) black_usv18(x209,241) black_usv19(x212,362) | KILL=0 | ACTIONS=20 | INTENT: focus=2 ratio=0.20
[t=5,814s] step=230 | MISSION=NORMAL_C | USV: 10/10 (avail=0 int=10 lock=0 frz=0) | UAV: air=10 rtb=0 chg=0 loiter=0 | TRACKS: vis=17 lost=1 engaged=0 | TOP: black_usv3(x212,115) black_usv18(x206,581) black_usv19(x209,702) | KILL=0 | ACTIONS=20 | INTENT: focus=2 ratio=0.20
[t=6,090s] step=240 | MISSION=NORMAL_C | USV: 10/10 (avail=0 int=10 lock=0 frz=0) | UAV: air=10 rtb=0 chg=0 loiter=0 | TRACKS: vis=16 lost=2 engaged=0 | TOP: black_usv3(x209,860) black_usv18(x203,821) black_usv19(x206,942) | KILL=0 | ACTIONS=20 | INTENT: focus=2 ratio=0.20
      [DETECT] black_usv3
[t=6,353s] step=250 | MISSION=NORMAL_C | USV: 10/10 (avail=0 int=10 lock=0 frz=0) | UAV: air=10 rtb=0 chg=0 loiter=0 | TRACKS: vis=17 lost=1 engaged=0 | TOP: black_usv3(x207,711) black_usv18(x201,191) black_usv6(x203,563) | KILL=0 | ACTIONS=20 | INTENT: focus=2 ratio=0.20
[t=6,616s] step=260 | MISSION=NORMAL_C | USV: 10/10 (avail=0 int=10 lock=0 frz=0) | UAV: air=10 rtb=0 chg=0 loiter=0 | TRACKS: vis=16 lost=1 engaged=0 | TOP: black_usv3(x205,563) black_usv18(x198,561) black_usv6(x201,258) | KILL=0 | ACTIONS=20 | INTENT: focus=2 ratio=0.20
      [DETECT] black_usv20
[t=6,899s] step=270 | MISSION=NORMAL_C | USV: 10/10 (avail=0 int=10 lock=0 frz=0) | UAV: air=10 rtb=0 chg=0 loiter=0 | TRACKS: vis=16 lost=1 engaged=0 | TOP: black_usv18(x195,731) black_usv20(x202,881) black_usv16(x194,289) | KILL=0 | ACTIONS=20 | INTENT: focus=2 ratio=0.20
[t=7,176s] step=280 | MISSION=NORMAL_C | USV: 10/10 (avail=0 int=10 lock=0 frz=0) | UAV: air=10 rtb=0 chg=0 loiter=0 | TRACKS: vis=17 lost=0 engaged=0 | TOP: black_usv20(x200,819) black_usv16(x191,553) black_usv18(x192,985) | KILL=0 | ACTIONS=20 | INTENT: focus=2 ratio=0.20
      [ASSIGN] white_usv9->black_usv17(机会锁定)
      [ASSIGN] white_usv8->black_usv17(机会锁定)
      [ASSIGN] white_usv5->black_usv8(机会锁定)
      [ASSIGN] white_usv6->black_usv8(机会锁定)
[t=7,460s] step=290 | MISSION=NORMAL_C | USV: 10/10 (avail=0 int=7 lock=3 frz=0) | UAV: air=10 rtb=0 chg=0 loiter=0 | TRACKS: vis=17 lost=0 engaged=1 | TOP: black_usv20(x198,717) black_usv15(x188,535) black_usv16(x188,886) | KILL=0 | ACTIONS=20 | INTENT: focus=2 ratio=0.20
      [ASSIGN] white_usv3->black_usv8(机会锁定)
      [ASSIGN] white_usv1->black_usv9(机会锁定)
      [DETECT] black_usv3
      [ASSIGN] white_usv10->black_usv15(机会锁定)
      [ASSIGN] white_usv9->black_usv16(机会锁定)
      [ASSIGN] white_usv8->black_usv16(机会锁定)
[t=7,759s] step=300 | MISSION=NORMAL_C | USV: 10/10 (avail=0 int=2 lock=8 frz=0) | UAV: air=10 rtb=0 chg=0 loiter=0 | TRACKS: vis=17 lost=1 engaged=4 | TOP: black_usv3(x196,021) black_usv20(x196,498) black_usv12(x185,821) | KILL=1 | ACTIONS=20 | INTENT: focus=2 ratio=0.20
      [ASSIGN] white_usv7->black_usv12(机会锁定)
      [ASSIGN] white_usv4->black_usv12(机会锁定)
      [ASSIGN] white_usv3->black_usv12(机会锁定)
      [ASSIGN] white_usv5->black_usv12(机会锁定)
      [ASSIGN] white_usv6->black_usv12(机会锁定)
      [ASSIGN] white_usv2->black_usv8(机会锁定)
      [ASSIGN] white_usv1->black_usv7(机会锁定)
      [ASSIGN] white_usv2->black_usv9(机会锁定)
      [ASSIGN] white_usv9->black_usv13(机会锁定)
      [ASSIGN] white_usv10->black_usv14(机会锁定)
[t=8,073s] step=310 | MISSION=NORMAL_C | USV: 10/10 (avail=0 int=2 lock=8 frz=0) | UAV: air=10 rtb=0 chg=0 loiter=0 | TRACKS: vis=18 lost=0 engaged=4 | TOP: black_usv3(x193,136) black_usv20(x193,457) black_usv13(x182,349) | KILL=2 | ACTIONS=20 | INTENT: focus=2 ratio=0.20
      [ASSIGN] white_usv7->black_usv11(机会锁定)
      [ASSIGN] white_usv8->black_usv15(机会锁定)
      [ASSIGN] white_usv4->black_usv8(机会锁定)
      [ASSIGN] white_usv3->black_usv8(机会锁定)
      [ASSIGN] white_usv5->black_usv8(机会锁定)
      [ASSIGN] white_usv6->black_usv8(机会锁定)
      [ASSIGN] white_usv4->black_usv10(机会锁定)
      [ASSIGN] white_usv3->black_usv10(机会锁定)
      [ASSIGN] white_usv5->black_usv12(机会锁定)
      [ASSIGN] white_usv6->black_usv12(机会锁定)
      [ASSIGN] white_usv1->black_usv4(机会锁定)
      [ASSIGN] white_usv5->black_usv8(机会锁定)
      [ASSIGN] white_usv6->black_usv8(机会锁定)
      [ASSIGN] white_usv5->black_usv12(机会锁定)
      [ASSIGN] white_usv6->black_usv12(机会锁定)
      [ASSIGN] white_usv2->black_usv8(机会锁定)
      [ASSIGN] white_usv5->black_usv8(机会锁定)
      [ASSIGN] white_usv6->black_usv8(机会锁定)
      [ASSIGN] white_usv2->black_usv9(机会锁定)
      [ASSIGN] white_usv5->black_usv12(机会锁定)
      [ASSIGN] white_usv6->black_usv12(机会锁定)
      [KILL] black_usv17
      [ASSIGN] white_usv5->black_usv8(机会锁定)
      [ASSIGN] white_usv6->black_usv8(机会锁定)
      [ASSIGN] white_usv5->black_usv12(机会锁定)
      [ASSIGN] white_usv6->black_usv12(机会锁定)
      [KILL] black_usv8
      [ASSIGN] white_usv9->black_usv16(机会锁定)
      [ASSIGN] white_usv5->black_usv16(机会锁定)
      [ASSIGN] white_usv6->black_usv13(机会锁定)
      [ASSIGN] white_usv10->black_usv16(机会锁定)
[t=8,393s] step=320 | MISSION=NORMAL_C | USV: 10/10 (avail=0 int=5 lock=5 frz=0) | UAV: air=10 rtb=0 chg=0 loiter=0 | TRACKS: vis=16 lost=0 engaged=4 | TOP: black_usv3(x190,540) black_usv7(x186,039) black_usv16(x182,693) | KILL=4 | ACTIONS=20 | INTENT: focus=2 ratio=0.20
      [ASSIGN] white_usv7->black_usv12(机会锁定)
      [ASSIGN] white_usv8->black_usv14(机会锁定)
      [ASSIGN] white_usv7->black_usv11(机会锁定)
      [ASSIGN] white_usv4->black_usv12(机会锁定)
      [ASSIGN] white_usv3->black_usv12(机会锁定)
      [ASSIGN] white_usv4->black_usv10(机会锁定)
      [ASSIGN] white_usv3->black_usv10(机会锁定)
      [ASSIGN] white_usv1->black_usv6(机会锁定)
      [KILL] black_usv12
      [ASSIGN] white_usv9->black_usv15(机会锁定)
      [ASSIGN] white_usv6->black_usv11(机会锁定)
      [ASSIGN] white_usv10->black_usv15(机会锁定)
[t=8,711s] step=330 | MISSION=NORMAL_C | USV: 9/10 (avail=0 int=4 lock=5 frz=0) | UAV: air=10 rtb=0 chg=0 loiter=0 | TRACKS: vis=15 lost=0 engaged=4 | TOP: black_usv3(x187,961) black_usv7(x183,909) black_usv18(x180,008) | KILL=6 | ACTIONS=19 | INTENT: focus=2 ratio=0.20
      [ASSIGN] white_usv9->black_usv16(机会锁定)
      [ASSIGN] white_usv10->black_usv16(机会锁定)
      [ASSIGN] white_usv8->black_usv13(机会锁定)
      [ASSIGN] white_usv7->black_usv13(机会锁定)
      [ASSIGN] white_usv9->black_usv14(机会锁定)
      [ASSIGN] white_usv2->black_usv7(机会锁定)
      [ASSIGN] white_usv10->black_usv14(机会锁定)
      [KILL] black_usv9
      [ASSIGN] white_usv4->black_usv11(机会锁定)
      [ASSIGN] white_usv3->black_usv11(机会锁定)
      [ASSIGN] white_usv1->black_usv5(机会锁定)
      [KILL] black_usv15
      [ASSIGN] white_usv4->black_usv10(机会锁定)
      [ASSIGN] white_usv3->black_usv10(机会锁定)
      [ASSIGN] white_usv6->black_usv10(机会锁定)
[t=9,048s] step=340 | MISSION=NORMAL_C | USV: 9/10 (avail=0 int=3 lock=6 frz=0) | UAV: air=10 rtb=0 chg=0 loiter=0 | TRACKS: vis=13 lost=0 engaged=4 | TOP: black_usv3(x184,652) black_usv18(x177,199) black_usv16(x179,543) | KILL=8 | ACTIONS=19 | INTENT: focus=2 ratio=0.20
      [ASSIGN] white_usv4->black_usv11(机会锁定)
      [ASSIGN] white_usv3->black_usv11(机会锁定)
      [ASSIGN] white_usv6->black_usv11(机会锁定)
      [ASSIGN] white_usv8->black_usv11(机会锁定)
      [ASSIGN] white_usv7->black_usv10(机会锁定)
      [ASSIGN] white_usv9->black_usv16(机会锁定)
      [ASSIGN] white_usv4->black_usv10(机会锁定)
      [ASSIGN] white_usv3->black_usv10(机会锁定)
      [ASSIGN] white_usv2->black_usv6(机会锁定)
      [ASSIGN] white_usv6->black_usv10(机会锁定)
      [ASSIGN] white_usv10->black_usv16(机会锁定)
      [ASSIGN] white_usv8->black_usv16(机会锁定)
      [ASSIGN] white_usv7->black_usv13(机会锁定)
      [ASSIGN] white_usv9->black_usv13(机会锁定)
      [ASSIGN] white_usv4->black_usv13(机会锁定)
      [ASSIGN] white_usv3->black_usv13(机会锁定)
      [ASSIGN] white_usv2->black_usv7(机会锁定)
      [ASSIGN] white_usv6->black_usv13(机会锁定)
      [ASSIGN] white_usv10->black_usv13(机会锁定)
      [ASSIGN] white_usv8->black_usv13(机会锁定)
      [ASSIGN] white_usv1->black_usv6(机会锁定)
      [ASSIGN] white_usv2->black_usv6(机会锁定)
      [KILL] black_usv16
[t=9,382s] step=350 | MISSION=NORMAL_C | USV: 9/10 (avail=0 int=0 lock=9 frz=0) | UAV: air=10 rtb=0 chg=0 loiter=0 | TRACKS: vis=12 lost=0 engaged=2 | TOP: black_usv7(x180,009) black_usv3(x181,312) black_usv18(x173,859) | KILL=10 | ACTIONS=19 | INTENT: focus=2 ratio=0.20
      [KILL] black_usv11
      [KILL] black_usv10
      [ASSIGN] white_usv10->black_usv18(机会锁定)
      [ASSIGN] white_usv1->black_usv5(机会锁定)
      [ASSIGN] white_usv2->black_usv7(机会锁定)
      [ASSIGN] white_usv8->black_usv14(机会锁定)
      [ASSIGN] white_usv2->black_usv6(机会锁定)
      [ASSIGN] white_usv2->black_usv7(机会锁定)
      [ASSIGN] white_usv2->black_usv6(机会锁定)
      [ASSIGN] white_usv2->black_usv7(机会锁定)
      [KILL] black_usv14
      [KILL] black_usv7
      [RELEASE] white_usv2->black_usv7(目标失效)
      [ASSIGN] white_usv2->black_usv6(机会锁定)
      [RELEASE] white_usv8->black_usv14(目标失效)
      [ASSIGN] white_usv8->black_usv18(机会锁定)
      [ASSIGN] white_usv2->black_usv4(机会锁定)
[t=9,764s] step=360 | MISSION=NORMAL_C | USV: 6/10 (avail=0 int=3 lock=3 frz=0) | UAV: air=10 rtb=0 chg=0 loiter=0 | TRACKS: vis=7 lost=1 engaged=2 | TOP: black_usv19(x173,561) black_usv4(x173,960) black_usv3(x178,003) | KILL=12 | ACTIONS=16 | INTENT: focus=2 ratio=0.20
      [ASSIGN] white_usv1->black_usv6(机会锁定)
      [ASSIGN] white_usv1->black_usv5(机会锁定)
      [ASSIGN] white_usv1->black_usv6(机会锁定)
      [ASSIGN] white_usv1->black_usv5(机会锁定)
      [ASSIGN] white_usv1->black_usv6(机会锁定)
      [ASSIGN] white_usv1->black_usv5(机会锁定)
      [ASSIGN] white_usv8->black_usv13(机会锁定)
      [KILL] black_usv13
      [RELEASE] white_usv7->black_usv13(目标失效)
      [RELEASE] white_usv9->black_usv13(目标失效)
      [ASSIGN] white_usv9->black_usv18(机会锁定)
      [ASSIGN] white_usv1->black_usv4(机会锁定)
      [RELEASE] white_usv8->black_usv13(目标失效)
      [ASSIGN] white_usv8->black_usv18(机会锁定)
      [KILL] black_usv6
      [ASSIGN] white_usv7->black_usv19
      [ASSIGN] white_usv1->black_usv5(机会锁定)
[t=10,146s] step=370 | MISSION=NORMAL_C | USV: 5/10 (avail=1 int=4 lock=0 frz=0) | UAV: air=10 rtb=0 chg=0 loiter=0 | TRACKS: vis=6 lost=0 engaged=0 | TOP: black_usv5(x173,903) black_usv3(x174,610) black_usv20(x175,949) | KILL=15 | ACTIONS=15 | INTENT: focus=2 ratio=0.20
      [ASSIGN] white_usv1->black_usv4(机会锁定)
      [ASSIGN] white_usv10->black_usv19(机会锁定)
      [ASSIGN] white_usv7->black_usv18(机会锁定)
      [ASSIGN] white_usv1->black_usv5(机会锁定)
      [ASSIGN] white_usv1->black_usv4(机会锁定)
      [ASSIGN] white_usv1->black_usv5(机会锁定)
      [ASSIGN] white_usv1->black_usv4(机会锁定)
      [KILL] black_usv18
      [RELEASE] white_usv7->black_usv18(目标失效)
      [RELEASE] white_usv9->black_usv18(目标失效)
      [RELEASE] white_usv8->black_usv18(目标失效)
      [KILL] black_usv5
      [ASSIGN] white_usv7->black_usv4
      [ASSIGN] white_usv9->black_usv20
      [ASSIGN] white_usv8->black_usv3
      [ASSIGN] white_usv9->black_usv19(机会锁定)
[t=10,558s] step=380 | MISSION=NORMAL_C | USV: 4/10 (avail=0 int=3 lock=1 frz=0) | UAV: air=10 rtb=0 chg=0 loiter=0 | TRACKS: vis=4 lost=0 engaged=1 | TOP: black_usv19(x166,293) black_usv3(x170,704) black_usv4(x170,806) | KILL=15 | ACTIONS=14 | INTENT: focus=2 ratio=0.20
      [KILL] black_usv4
      [RELEASE] white_usv7->black_usv4(目标失效)
      [ASSIGN] white_usv7->black_usv20
      [DETECT] black_usv2
[t=10,994s] step=390 | MISSION=NORMAL_C | USV: 4/10 (avail=0 int=4 lock=0 frz=0) | UAV: air=10 rtb=0 chg=0 loiter=0 | TRACKS: vis=4 lost=0 engaged=0 | TOP: black_usv2(x176,587) black_usv3(x167,038) black_usv20(x167,522) | KILL=16 | ACTIONS=14 | INTENT: focus=2 ratio=0.20
      [ASSIGN] white_usv7->black_usv19(机会锁定)
      [ASSIGN] white_usv9->black_usv20(机会锁定)
      [ASSIGN] white_usv9->black_usv19(机会锁定)
      [ASSIGN] white_usv9->black_usv20(机会锁定)
[t=11,423s] step=400 | MISSION=NORMAL_C | USV: 4/10 (avail=0 int=4 lock=0 frz=0) | UAV: air=10 rtb=0 chg=0 loiter=0 | TRACKS: vis=4 lost=0 engaged=0 | TOP: black_usv2(x172,391) black_usv20(x164,634) black_usv3(x164,379) | KILL=16 | ACTIONS=14 | INTENT: focus=2 ratio=0.20
      [KILL] black_usv19
      [RELEASE] white_usv7->black_usv19(目标失效)
      [RELEASE] white_usv10->black_usv19(目标失效)
      [ASSIGN] white_usv7->black_usv2
      [ASSIGN] white_usv10->black_usv2
[t=11,854s] step=410 | MISSION=NORMAL_C | USV: 4/10 (avail=0 int=3 lock=1 frz=0) | UAV: air=10 rtb=0 chg=0 loiter=0 | TRACKS: vis=3 lost=0 engaged=1 | TOP: black_usv20(x162,734) black_usv2(x168,197) black_usv3(x162,078) | KILL=16 | ACTIONS=14 | INTENT: focus=2 ratio=0.20
[t=12,325s] step=420 | MISSION=NORMAL_C | USV: 4/10 (avail=0 int=4 lock=0 frz=0) | UAV: air=10 rtb=0 chg=0 loiter=0 | TRACKS: vis=3 lost=0 engaged=0 | TOP: black_usv20(x162,489) black_usv3(x159,563) black_usv2(x163,602) | KILL=17 | ACTIONS=14 | INTENT: focus=2 ratio=0.20
      [KILL] black_usv20
      [RELEASE] white_usv9->black_usv20(目标失效)
      [ASSIGN] white_usv9->black_usv3
      [DETECT] black_usv1
[t=12,790s] step=430 | MISSION=NORMAL_C | USV: 4/10 (avail=0 int=3 lock=1 frz=0) | UAV: air=10 rtb=0 chg=0 loiter=0 | TRACKS: vis=3 lost=0 engaged=1 | TOP: black_usv1(x176,650) black_usv2(x159,604) black_usv3(x157,080) | KILL=17 | ACTIONS=14 | INTENT: focus=2 ratio=0.20
[t=13,255s] step=440 | MISSION=NORMAL_C | USV: 4/10 (avail=0 int=3 lock=1 frz=0) | UAV: air=10 rtb=0 chg=0 loiter=0 | TRACKS: vis=3 lost=0 engaged=1 | TOP: black_usv1(x173,384) black_usv2(x155,169) black_usv3(x155,862) | KILL=17 | ACTIONS=14 | INTENT: focus=2 ratio=0.20
[t=13,738s] step=450 | MISSION=NORMAL_C | USV: 4/10 (avail=0 int=4 lock=0 frz=0) | UAV: air=10 rtb=0 chg=0 loiter=0 | TRACKS: vis=3 lost=0 engaged=0 | TOP: black_usv1(x168,554) black_usv3(x155,172) black_usv2(x151,350) | KILL=18 | ACTIONS=14 | INTENT: focus=2 ratio=0.20
      [ASSIGN] white_usv7->black_usv3(机会锁定)
      [KILL] black_usv3
      [RELEASE] white_usv7->black_usv3(目标失效)
      [RELEASE] white_usv9->black_usv3(目标失效)
      [RELEASE] white_usv8->black_usv3(目标失效)
      [ASSIGN] white_usv7->black_usv1
      [ASSIGN] white_usv9->black_usv2
      [ASSIGN] white_usv8->black_usv1
[t=14,246s] step=460 | MISSION=NORMAL_C | USV: 4/10 (avail=0 int=4 lock=0 frz=0) | UAV: air=10 rtb=0 chg=0 loiter=0 | TRACKS: vis=2 lost=0 engaged=0 | TOP: black_usv1(x163,474) black_usv2(x149,815) | KILL=18 | ACTIONS=14 | INTENT: focus=2 ratio=0.20
[t=14,737s] step=470 | MISSION=NORMAL_C | USV: 4/10 (avail=0 int=4 lock=0 frz=0) | UAV: air=10 rtb=0 chg=0 loiter=0 | TRACKS: vis=0 lost=2 engaged=0 | TOP: black_usv2(x146,594) black_usv1(x159,446) | KILL=18 | ACTIONS=14 | INTENT: focus=2 ratio=0.20
      [RELEASE] white_usv7->black_usv1(目标失效)
      [RELEASE] white_usv8->black_usv1(目标失效)
      [ASSIGN] white_usv8->black_usv2
[t=15,245s] step=480 | MISSION=NORMAL_C | USV: 4/10 (avail=1 int=3 lock=0 frz=0) | UAV: air=10 rtb=0 chg=0 loiter=0 | TRACKS: vis=1 lost=0 engaged=0 | TOP: black_usv2(x142,080) | KILL=18 | ACTIONS=14 | INTENT: focus=2 ratio=0.20
[t=15,739s] step=490 | MISSION=NORMAL_C | USV: 4/10 (avail=1 int=1 lock=2 frz=0) | UAV: air=10 rtb=0 chg=0 loiter=0 | TRACKS: vis=1 lost=0 engaged=1 | TOP: black_usv2(x140,065) | KILL=18 | ACTIONS=14 | INTENT: focus=2 ratio=0.20
      [DETECT] black_usv1
      [ASSIGN] white_usv7->black_usv1
[t=16,275s] step=500 | MISSION=NORMAL_C | USV: 4/10 (avail=1 int=3 lock=0 frz=0) | UAV: air=10 rtb=0 chg=0 loiter=0 | TRACKS: vis=2 lost=0 engaged=0 | TOP: black_usv1(x144,693) black_usv2(x139,348) | KILL=19 | ACTIONS=14 | INTENT: focus=2 ratio=0.20
      [KILL] black_usv2
      [RELEASE] white_usv9->black_usv2(目标失效)
      [RELEASE] white_usv10->black_usv2(目标失效)
      [RELEASE] white_usv8->black_usv2(目标失效)
      [ASSIGN] white_usv10->black_usv1
      [ASSIGN] white_usv8->black_usv1
[t=16,804s] step=510 | MISSION=NORMAL_C | USV: 4/10 (avail=1 int=3 lock=0 frz=0) | UAV: air=10 rtb=0 chg=0 loiter=0 | TRACKS: vis=1 lost=0 engaged=0 | TOP: black_usv1(x142,620) | KILL=19 | ACTIONS=14 | INTENT: focus=2 ratio=0.20
[t=17,325s] step=520 | MISSION=NORMAL_C | USV: 4/10 (avail=1 int=3 lock=0 frz=0) | UAV: air=10 rtb=0 chg=0 loiter=0 | TRACKS: vis=0 lost=1 engaged=0 | TOP: black_usv1(x139,381) | KILL=19 | ACTIONS=14 | INTENT: focus=2 ratio=0.20
[t=17,844s] step=530 | MISSION=NORMAL_C | USV: 4/10 (avail=1 int=3 lock=0 frz=0) | UAV: air=10 rtb=0 chg=0 loiter=0 | TRACKS: vis=1 lost=0 engaged=0 | TOP: black_usv1(x134,249) | KILL=19 | ACTIONS=14 | INTENT: focus=2 ratio=0.20
[t=18,381s] step=540 | MISSION=NORMAL_C | USV: 4/10 (avail=1 int=1 lock=2 frz=0) | UAV: air=10 rtb=0 chg=0 loiter=0 | TRACKS: vis=1 lost=0 engaged=1 | TOP: black_usv1(x129,960) | KILL=19 | ACTIONS=14 | INTENT: focus=2 ratio=0.20
[t=18,935s] step=550 | MISSION=TERMINAL | USV: 4/10 (avail=1 int=3 lock=0 frz=0) | UAV: air=10 rtb=0 chg=0 loiter=0 | TRACKS: vis=1 lost=0 engaged=0 | TOP: black_usv1(x128,327) | KILL=20 | ACTIONS=14 | INTENT: focus=2 ratio=0.20

========================================================================
对局结果: Result.Victory — 敌方所有单位被击毁
  击杀蓝舰: 20 | 命中: 40 | 我方USV损失: 6 | UAV损失: 1 | 突破: 0
[META] result=Result.Victory victory_time=18935 first_detection=1850 first_lock=7430 first_kill=8331 enemy_kills=20 friendly_usv_losses=6 friendly_uav_losses=1 black_breakthrough=0 reacquire_attempts=142 reacquire_success=142 sensor_assisted_locks=58 low_conf_commitments=0 global_reacquire_entries=0 global_reacquire_success=0 coverage_collapse_events=1 active_clusters_max=1 coverage_quality_final=0.32 commander_source=default_intent commander_calls=0 commander_changes=0 commander_no_change=0 commander_parse_failures=0 commander_api_failures=0 commander_policy_failures=0 commander_avg_latency=0.0
Done
