========================================================================
HYBRID AGENT V5 — Variable-Cardinality Hierarchical Maritime Agent
  启用UAV: True | LLM_ENABLED: False
========================================================================
对局 6 开始
      [UAV RELAUNCH] white_uav3
      [UAV RELAUNCH] white_uav8
      [UAV RELAUNCH] white_uav10
      [UAV RELAUNCH] white_uav1
      [UAV RELAUNCH] white_uav4
      [UAV RELAUNCH] white_uav5
      [UAV RELAUNCH] white_uav6
      [UAV RELAUNCH] white_uav9
      [UAV RELAUNCH] white_uav2
      [UAV RELAUNCH] white_uav7
[t=222s] step=10 | MISSION=NORMAL_C | USV: 10/10 (avail=10 int=0 lock=0 frz=0) | UAV: air=10 rtb=0 chg=0 loiter=0 | TRACKS: vis=0 lost=0 engaged=0 | TOP:  | KILL=0 | ACTIONS=20 | INTENT: focus=2 ratio=0.20
  [INTENT APPLIED]
    ThreatAllocator: focus 2 emergency 3 reserve_ratio 0.20 reserve_usvs None bias breakthrough_eta
    UAVManager: mode search_and_reacquire uav_priority []
[t=456s] step=20 | MISSION=NORMAL_C | USV: 10/10 (avail=10 int=0 lock=0 frz=0) | UAV: air=10 rtb=0 chg=0 loiter=0 | TRACKS: vis=0 lost=0 engaged=0 | TOP:  | KILL=0 | ACTIONS=20 | INTENT: focus=2 ratio=0.20
[t=699s] step=30 | MISSION=NORMAL_C | USV: 10/10 (avail=10 int=0 lock=0 frz=0) | UAV: air=10 rtb=0 chg=0 loiter=0 | TRACKS: vis=0 lost=0 engaged=0 | TOP:  | KILL=0 | ACTIONS=20 | INTENT: focus=2 ratio=0.20
[t=950s] step=40 | MISSION=NORMAL_C | USV: 10/10 (avail=10 int=0 lock=0 frz=0) | UAV: air=10 rtb=0 chg=0 loiter=0 | TRACKS: vis=0 lost=0 engaged=0 | TOP:  | KILL=0 | ACTIONS=20 | INTENT: focus=2 ratio=0.20
[t=1,192s] step=50 | MISSION=NORMAL_C | USV: 10/10 (avail=10 int=0 lock=0 frz=0) | UAV: air=10 rtb=0 chg=0 loiter=0 | TRACKS: vis=0 lost=0 engaged=0 | TOP:  | KILL=0 | ACTIONS=20 | INTENT: focus=2 ratio=0.20
[t=1,471s] step=60 | MISSION=NORMAL_C | USV: 10/10 (avail=10 int=0 lock=0 frz=0) | UAV: air=10 rtb=0 chg=0 loiter=0 | TRACKS: vis=0 lost=0 engaged=0 | TOP:  | KILL=0 | ACTIONS=20 | INTENT: focus=2 ratio=0.20
[t=1,726s] step=70 | MISSION=NORMAL_C | USV: 10/10 (avail=10 int=0 lock=0 frz=0) | UAV: air=10 rtb=0 chg=0 loiter=0 | TRACKS: vis=0 lost=0 engaged=0 | TOP:  | KILL=0 | ACTIONS=20 | INTENT: focus=2 ratio=0.20
      [DETECT] black_usv15
      [DETECT] black_usv13
      [DETECT] black_usv9
      [DETECT] black_usv8
      [DETECT] black_usv11
      [DETECT] black_usv12
      [DETECT] black_usv10
      [DETECT] black_usv14
      [DETECT] black_usv7
      [ASSIGN] white_usv8->black_usv12
      [ASSIGN] white_usv2->black_usv9
      [ASSIGN] white_usv7->black_usv13
      [ASSIGN] white_usv4->black_usv8
      [ASSIGN] white_usv5->black_usv11
      [ASSIGN] white_usv9->black_usv14
      [ASSIGN] white_usv1->black_usv7
      [ASSIGN] white_usv3->black_usv10
      [DETECT] black_usv6
      [DETECT] black_usv16
      [DETECT] black_usv4
      [DETECT] black_usv17
      [ASSIGN] white_usv6->black_usv15
      [ASSIGN] white_usv10->black_usv17
      [DETECT] black_usv18
      [DETECT] black_usv5
      [DETECT] black_usv19
      [DETECT] black_usv2
      [DETECT] black_usv3
      [DETECT] black_usv1
      [DETECT] black_usv20
[t=1,977s] step=80 | MISSION=NORMAL_C | USV: 10/10 (avail=0 int=10 lock=0 frz=0) | UAV: air=10 rtb=0 chg=0 loiter=0 | TRACKS: vis=20 lost=0 engaged=0 | TOP: black_usv4(x242,128) black_usv6(x242,337) black_usv18(x242,423) | KILL=0 | ACTIONS=20 | INTENT: focus=2 ratio=0.20
[t=2,223s] step=90 | MISSION=NORMAL_C | USV: 10/10 (avail=0 int=10 lock=0 frz=0) | UAV: air=10 rtb=0 chg=0 loiter=0 | TRACKS: vis=20 lost=0 engaged=0 | TOP: black_usv4(x239,937) black_usv6(x240,175) black_usv18(x240,271) | KILL=0 | ACTIONS=20 | INTENT: focus=2 ratio=0.20
[t=2,477s] step=100 | MISSION=NORMAL_C | USV: 10/10 (avail=0 int=10 lock=0 frz=0) | UAV: air=10 rtb=0 chg=0 loiter=0 | TRACKS: vis=20 lost=0 engaged=0 | TOP: black_usv6(x237,945) black_usv18(x238,053) black_usv3(x239,380) | KILL=0 | ACTIONS=20 | INTENT: focus=2 ratio=0.20
[t=2,747s] step=110 | MISSION=NORMAL_C | USV: 10/10 (avail=0 int=10 lock=0 frz=0) | UAV: air=10 rtb=0 chg=0 loiter=0 | TRACKS: vis=19 lost=1 engaged=0 | TOP: black_usv6(x235,569) black_usv18(x235,690) black_usv3(x237,174) | KILL=0 | ACTIONS=20 | INTENT: focus=2 ratio=0.20
[t=3,018s] step=120 | MISSION=NORMAL_C | USV: 10/10 (avail=0 int=10 lock=0 frz=0) | UAV: air=10 rtb=0 chg=0 loiter=0 | TRACKS: vis=19 lost=0 engaged=0 | TOP: black_usv6(x233,184) black_usv18(x233,318) black_usv3(x234,960) | KILL=0 | ACTIONS=20 | INTENT: focus=2 ratio=0.20
[t=3,275s] step=130 | MISSION=NORMAL_C | USV: 10/10 (avail=0 int=10 lock=0 frz=0) | UAV: air=10 rtb=0 chg=0 loiter=0 | TRACKS: vis=18 lost=1 engaged=0 | TOP: black_usv6(x230,923) black_usv18(x231,069) black_usv3(x232,860) | KILL=0 | ACTIONS=20 | INTENT: focus=2 ratio=0.20
[t=3,523s] step=140 | MISSION=NORMAL_C | USV: 10/10 (avail=0 int=10 lock=0 frz=0) | UAV: air=10 rtb=0 chg=0 loiter=0 | TRACKS: vis=19 lost=0 engaged=0 | TOP: black_usv6(x228,732) black_usv18(x228,891) black_usv3(x230,826) | KILL=0 | ACTIONS=20 | INTENT: focus=2 ratio=0.20
[t=3,786s] step=150 | MISSION=NORMAL_C | USV: 10/10 (avail=0 int=10 lock=0 frz=0) | UAV: air=10 rtb=0 chg=0 loiter=0 | TRACKS: vis=19 lost=0 engaged=0 | TOP: black_usv6(x226,426) black_usv18(x226,596) black_usv3(x228,685) | KILL=0 | ACTIONS=20 | INTENT: focus=2 ratio=0.20
[t=4,055s] step=160 | MISSION=NORMAL_C | USV: 10/10 (avail=0 int=10 lock=0 frz=0) | UAV: air=10 rtb=0 chg=0 loiter=0 | TRACKS: vis=18 lost=1 engaged=0 | TOP: black_usv6(x224,059) black_usv18(x224,242) black_usv3(x226,487) | KILL=0 | ACTIONS=20 | INTENT: focus=2 ratio=0.20
[t=4,316s] step=170 | MISSION=NORMAL_C | USV: 10/10 (avail=0 int=10 lock=0 frz=0) | UAV: air=10 rtb=0 chg=0 loiter=0 | TRACKS: vis=17 lost=1 engaged=0 | TOP: black_usv6(x221,762) black_usv18(x221,958) black_usv3(x224,354) | KILL=0 | ACTIONS=20 | INTENT: focus=2 ratio=0.20
[t=4,595s] step=180 | MISSION=NORMAL_C | USV: 10/10 (avail=0 int=10 lock=0 frz=0) | UAV: air=10 rtb=0 chg=0 loiter=0 | TRACKS: vis=17 lost=0 engaged=0 | TOP: black_usv6(x219,307) black_usv18(x219,516) black_usv3(x222,075) | KILL=0 | ACTIONS=20 | INTENT: focus=2 ratio=0.20
[t=4,853s] step=190 | MISSION=NORMAL_C | USV: 10/10 (avail=0 int=10 lock=0 frz=0) | UAV: air=10 rtb=0 chg=0 loiter=0 | TRACKS: vis=17 lost=0 engaged=0 | TOP: black_usv6(x217,036) black_usv18(x217,258) black_usv3(x219,967) | KILL=0 | ACTIONS=20 | INTENT: focus=2 ratio=0.20
[t=5,134s] step=200 | MISSION=NORMAL_C | USV: 10/10 (avail=0 int=10 lock=0 frz=0) | UAV: air=10 rtb=0 chg=0 loiter=0 | TRACKS: vis=17 lost=0 engaged=0 | TOP: black_usv6(x214,563) black_usv18(x214,798) black_usv3(x217,671) | KILL=0 | ACTIONS=20 | INTENT: focus=2 ratio=0.20
[t=5,410s] step=210 | MISSION=NORMAL_C | USV: 10/10 (avail=0 int=10 lock=0 frz=0) | UAV: air=10 rtb=0 chg=0 loiter=0 | TRACKS: vis=17 lost=0 engaged=0 | TOP: black_usv6(x212,135) black_usv18(x212,382) black_usv3(x215,416) | KILL=0 | ACTIONS=20 | INTENT: focus=2 ratio=0.20
[t=5,666s] step=220 | MISSION=NORMAL_C | USV: 10/10 (avail=0 int=10 lock=0 frz=0) | UAV: air=10 rtb=0 chg=0 loiter=0 | TRACKS: vis=16 lost=1 engaged=0 | TOP: black_usv6(x209,882) black_usv18(x210,142) black_usv3(x213,324) | KILL=0 | ACTIONS=20 | INTENT: focus=2 ratio=0.20
[t=5,917s] step=230 | MISSION=NORMAL_C | USV: 10/10 (avail=0 int=10 lock=0 frz=0) | UAV: air=10 rtb=0 chg=0 loiter=0 | TRACKS: vis=16 lost=0 engaged=0 | TOP: black_usv18(x207,945) black_usv3(x211,274) black_usv6(x207,590) | KILL=0 | ACTIONS=20 | INTENT: focus=2 ratio=0.20
[t=6,173s] step=240 | MISSION=NORMAL_C | USV: 10/10 (avail=0 int=10 lock=0 frz=0) | UAV: air=10 rtb=0 chg=0 loiter=0 | TRACKS: vis=16 lost=0 engaged=0 | TOP: black_usv18(x205,704) black_usv3(x209,182) black_usv6(x205,054) | KILL=0 | ACTIONS=20 | INTENT: focus=2 ratio=0.20
[t=6,446s] step=250 | MISSION=NORMAL_C | USV: 10/10 (avail=0 int=10 lock=0 frz=0) | UAV: air=10 rtb=0 chg=0 loiter=0 | TRACKS: vis=16 lost=0 engaged=0 | TOP: black_usv18(x203,315) black_usv3(x206,952) black_usv11(x195,536) | KILL=0 | ACTIONS=20 | INTENT: focus=2 ratio=0.20
[t=6,712s] step=260 | MISSION=NORMAL_C | USV: 10/10 (avail=0 int=10 lock=0 frz=0) | UAV: air=10 rtb=0 chg=0 loiter=0 | TRACKS: vis=15 lost=1 engaged=0 | TOP: black_usv18(x200,987) black_usv3(x204,778) black_usv11(x192,877) | KILL=0 | ACTIONS=20 | INTENT: focus=2 ratio=0.20
[t=6,976s] step=270 | MISSION=NORMAL_C | USV: 10/10 (avail=0 int=10 lock=0 frz=0) | UAV: air=10 rtb=0 chg=0 loiter=0 | TRACKS: vis=15 lost=0 engaged=0 | TOP: black_usv18(x198,676) black_usv11(x190,237) black_usv13(x190,260) | KILL=0 | ACTIONS=20 | INTENT: focus=2 ratio=0.20
[t=7,242s] step=280 | MISSION=NORMAL_C | USV: 10/10 (avail=0 int=10 lock=0 frz=0) | UAV: air=10 rtb=0 chg=0 loiter=0 | TRACKS: vis=15 lost=0 engaged=0 | TOP: black_usv18(x196,348) black_usv11(x187,577) black_usv13(x187,604) | KILL=0 | ACTIONS=20 | INTENT: focus=2 ratio=0.20
      [ASSIGN] white_usv8->black_usv13(机会锁定)
      [ASSIGN] white_usv2->black_usv8(机会锁定)
      [ASSIGN] white_usv3->black_usv8(机会锁定)
      [ASSIGN] white_usv10->black_usv14(机会锁定)
      [ASSIGN] white_usv6->black_usv14(机会锁定)
[t=7,510s] step=290 | MISSION=NORMAL_C | USV: 10/10 (avail=0 int=0 lock=10 frz=0) | UAV: air=10 rtb=0 chg=0 loiter=0 | TRACKS: vis=15 lost=0 engaged=5 | TOP: black_usv10(x185,798) black_usv18(x194,002) black_usv11(x184,898) | KILL=0 | ACTIONS=20 | INTENT: focus=2 ratio=0.20
      [ASSIGN] white_usv8->black_usv12(机会锁定)
      [ASSIGN] white_usv7->black_usv12(机会锁定)
      [ASSIGN] white_usv5->black_usv12(机会锁定)
      [ASSIGN] white_usv2->black_usv10(机会锁定)
      [ASSIGN] white_usv4->black_usv10(机会锁定)
      [ASSIGN] white_usv3->black_usv10(机会锁定)
      [ASSIGN] white_usv9->black_usv13(机会锁定)
      [ASSIGN] white_usv10->black_usv15(机会锁定)
      [ASSIGN] white_usv6->black_usv11(机会锁定)
[t=7,774s] step=300 | MISSION=NORMAL_C | USV: 10/10 (avail=0 int=1 lock=9 frz=0) | UAV: air=10 rtb=0 chg=0 loiter=0 | TRACKS: vis=15 lost=0 engaged=5 | TOP: black_usv11(x183,429) black_usv18(x191,516) black_usv7(x185,789) | KILL=2 | ACTIONS=20 | INTENT: focus=2 ratio=0.20
      [ASSIGN] white_usv1->black_usv9(机会锁定)
      [ASSIGN] white_usv8->black_usv14(机会锁定)
      [ASSIGN] white_usv8->black_usv13(机会锁定)
      [ASSIGN] white_usv2->black_usv8(机会锁定)
      [ASSIGN] white_usv7->black_usv13(机会锁定)
      [ASSIGN] white_usv5->black_usv8(机会锁定)
      [ASSIGN] white_usv8->black_usv12(机会锁定)
      [ASSIGN] white_usv2->black_usv9(机会锁定)
      [ASSIGN] white_usv7->black_usv12(机会锁定)
      [ASSIGN] white_usv4->black_usv12(机会锁定)
      [ASSIGN] white_usv5->black_usv12(机会锁定)
      [ASSIGN] white_usv9->black_usv12(机会锁定)
      [ASSIGN] white_usv3->black_usv12(机会锁定)
      [ASSIGN] white_usv8->black_usv13(机会锁定)
      [ASSIGN] white_usv7->black_usv13(机会锁定)
      [ASSIGN] white_usv4->black_usv10(机会锁定)
      [ASSIGN] white_usv5->black_usv10(机会锁定)
      [ASSIGN] white_usv9->black_usv14(机会锁定)
      [ASSIGN] white_usv3->black_usv10(机会锁定)
      [ASSIGN] white_usv10->black_usv17(机会锁定)
[t=8,064s] step=310 | MISSION=NORMAL_C | USV: 10/10 (avail=0 int=7 lock=3 frz=0) | UAV: air=10 rtb=0 chg=0 loiter=0 | TRACKS: vis=15 lost=0 engaged=2 | TOP: black_usv10(x180,888) black_usv14(x184,054) black_usv7(x185,609) | KILL=5 | ACTIONS=20 | INTENT: focus=2 ratio=0.20
      [ASSIGN] white_usv8->black_usv12(机会锁定)
      [ASSIGN] white_usv7->black_usv12(机会锁定)
      [ASSIGN] white_usv4->black_usv8(机会锁定)
      [ASSIGN] white_usv5->black_usv12(机会锁定)
      [ASSIGN] white_usv9->black_usv12(机会锁定)
      [ASSIGN] white_usv3->black_usv8(机会锁定)
      [ASSIGN] white_usv6->black_usv12(机会锁定)
      [ASSIGN] white_usv8->black_usv13(机会锁定)
      [ASSIGN] white_usv7->black_usv11(机会锁定)
      [ASSIGN] white_usv4->black_usv10(机会锁定)
      [ASSIGN] white_usv5->black_usv11(机会锁定)
      [ASSIGN] white_usv9->black_usv14(机会锁定)
      [ASSIGN] white_usv1->black_usv7(机会锁定)
      [ASSIGN] white_usv3->black_usv10(机会锁定)
      [ASSIGN] white_usv6->black_usv14(机会锁定)
      [ASSIGN] white_usv8->black_usv12(机会锁定)
      [ASSIGN] white_usv7->black_usv12(机会锁定)
      [ASSIGN] white_usv4->black_usv9(机会锁定)
      [ASSIGN] white_usv5->black_usv12(机会锁定)
      [ASSIGN] white_usv9->black_usv12(机会锁定)
      [ASSIGN] white_usv3->black_usv8(机会锁定)
      [ASSIGN] white_usv6->black_usv12(机会锁定)
      [ASSIGN] white_usv7->black_usv11(机会锁定)
      [ASSIGN] white_usv5->black_usv11(机会锁定)
      [ASSIGN] white_usv9->black_usv14(机会锁定)
      [ASSIGN] white_usv3->black_usv10(机会锁定)
      [ASSIGN] white_usv6->black_usv14(机会锁定)
      [ASSIGN] white_usv7->black_usv13(机会锁定)
      [ASSIGN] white_usv5->black_usv12(机会锁定)
      [ASSIGN] white_usv9->black_usv16(机会锁定)
      [ASSIGN] white_usv3->black_usv8(机会锁定)
      [ASSIGN] white_usv6->black_usv16(机会锁定)
      [ASSIGN] white_usv7->black_usv11(机会锁定)
      [ASSIGN] white_usv3->black_usv10(机会锁定)
      [KILL] black_usv8
      [ASSIGN] white_usv7->black_usv13(机会锁定)
      [ASSIGN] white_usv3->black_usv13(机会锁定)
      [KILL] black_usv14
      [ASSIGN] white_usv2->black_usv10(机会锁定)
      [ASSIGN] white_usv7->black_usv11(机会锁定)
      [ASSIGN] white_usv4->black_usv10(机会锁定)
      [ASSIGN] white_usv3->black_usv10(机会锁定)
      [ASSIGN] white_usv2->black_usv9(机会锁定)
      [ASSIGN] white_usv7->black_usv13(机会锁定)
      [ASSIGN] white_usv4->black_usv9(机会锁定)
      [ASSIGN] white_usv5->black_usv9(机会锁定)
      [ASSIGN] white_usv3->black_usv9(机会锁定)
      [ASSIGN] white_usv2->black_usv10(机会锁定)
      [ASSIGN] white_usv7->black_usv11(机会锁定)
      [ASSIGN] white_usv4->black_usv10(机会锁定)
      [ASSIGN] white_usv5->black_usv11(机会锁定)
      [ASSIGN] white_usv3->black_usv10(机会锁定)
      [ASSIGN] white_usv10->black_usv15(机会锁定)
[t=8,419s] step=320 | MISSION=NORMAL_C | USV: 9/10 (avail=0 int=7 lock=2 frz=0) | UAV: air=10 rtb=0 chg=0 loiter=0 | TRACKS: vis=13 lost=0 engaged=2 | TOP: black_usv10(x180,888) black_usv11(x182,129) black_usv18(x185,066) | KILL=7 | ACTIONS=19 | INTENT: focus=2 ratio=0.20
      [ASSIGN] white_usv8->black_usv13(机会锁定)
      [ASSIGN] white_usv2->black_usv9(机会锁定)
      [ASSIGN] white_usv7->black_usv13(机会锁定)
      [ASSIGN] white_usv4->black_usv9(机会锁定)
      [ASSIGN] white_usv5->black_usv9(机会锁定)
      [ASSIGN] white_usv1->black_usv4(机会锁定)
      [ASSIGN] white_usv3->black_usv9(机会锁定)
      [ASSIGN] white_usv8->black_usv12(机会锁定)
      [ASSIGN] white_usv2->black_usv10(机会锁定)
      [ASSIGN] white_usv7->black_usv12(机会锁定)
      [ASSIGN] white_usv4->black_usv10(机会锁定)
      [ASSIGN] white_usv5->black_usv12(机会锁定)
      [ASSIGN] white_usv3->black_usv10(机会锁定)
      [ASSIGN] white_usv8->black_usv13(机会锁定)
      [ASSIGN] white_usv2->black_usv9(机会锁定)
      [ASSIGN] white_usv7->black_usv11(机会锁定)
      [ASSIGN] white_usv4->black_usv9(机会锁定)
      [ASSIGN] white_usv5->black_usv9(机会锁定)
      [ASSIGN] white_usv3->black_usv9(机会锁定)
      [KILL] black_usv12
      [ASSIGN] white_usv2->black_usv10(机会锁定)
      [ASSIGN] white_usv7->black_usv10(机会锁定)
      [ASSIGN] white_usv4->black_usv10(机会锁定)
      [ASSIGN] white_usv5->black_usv10(机会锁定)
      [ASSIGN] white_usv9->black_usv17(机会锁定)
      [ASSIGN] white_usv3->black_usv10(机会锁定)
      [ASSIGN] white_usv8->black_usv11(机会锁定)
      [ASSIGN] white_usv2->black_usv9(机会锁定)
      [ASSIGN] white_usv7->black_usv11(机会锁定)
      [ASSIGN] white_usv4->black_usv9(机会锁定)
      [ASSIGN] white_usv5->black_usv11(机会锁定)
      [ASSIGN] white_usv3->black_usv9(机会锁定)
      [DETECT] black_usv3
      [KILL] black_usv13
      [KILL] black_usv10
      [ASSIGN] white_usv8->black_usv16(机会锁定)
      [ASSIGN] white_usv7->black_usv16(机会锁定)
      [ASSIGN] white_usv4->black_usv7(机会锁定)
      [ASSIGN] white_usv3->black_usv7(机会锁定)
      [ASSIGN] white_usv8->black_usv11(机会锁定)
      [ASSIGN] white_usv7->black_usv11(机会锁定)
      [ASSIGN] white_usv4->black_usv9(机会锁定)
      [ASSIGN] white_usv3->black_usv6(机会锁定)
      [KILL] black_usv11
      [RELEASE] white_usv8->black_usv11(目标失效)
      [ASSIGN] white_usv8->black_usv16(机会锁定)
      [RELEASE] white_usv7->black_usv11(目标失效)
      [ASSIGN] white_usv7->black_usv16(机会锁定)
      [ASSIGN] white_usv4->black_usv7(机会锁定)
      [RELEASE] white_usv5->black_usv11(目标失效)
      [ASSIGN] white_usv5->black_usv9(机会锁定)
      [KILL] black_usv9
      [ASSIGN] white_usv8->black_usv15(机会锁定)
      [RELEASE] white_usv2->black_usv9(目标失效)
      [ASSIGN] white_usv7->black_usv15(机会锁定)
      [RELEASE] white_usv5->black_usv9(目标失效)
      [ASSIGN] white_usv2->black_usv3
      [ASSIGN] white_usv5->black_usv18
      [ASSIGN] white_usv1->black_usv5(机会锁定)
[t=8,782s] step=330 | MISSION=NORMAL_C | USV: 9/10 (avail=2 int=2 lock=5 frz=0) | UAV: air=10 rtb=0 chg=0 loiter=0 | TRACKS: vis=9 lost=0 engaged=3 | TOP: black_usv16(x178,651) black_usv5(x182,392) black_usv3(x186,677) | KILL=9 | ACTIONS=19 | INTENT: focus=2 ratio=0.20
      [ASSIGN] white_usv1->black_usv4(机会锁定)
      [ASSIGN] white_usv9->black_usv16(机会锁定)
      [ASSIGN] white_usv5->black_usv16(机会锁定)
      [ASSIGN] white_usv9->black_usv17(机会锁定)
      [ASSIGN] white_usv2->black_usv7(机会锁定)
      [ASSIGN] white_usv9->black_usv16(机会锁定)
      [ASSIGN] white_usv3->black_usv7(机会锁定)
      [ASSIGN] white_usv4->black_usv6(机会锁定)
      [ASSIGN] white_usv9->black_usv17(机会锁定)
      [ASSIGN] white_usv3->black_usv6(机会锁定)
      [KILL] black_usv7
      [ASSIGN] white_usv8->black_usv16(机会锁定)
      [RELEASE] white_usv2->black_usv7(目标失效)
      [ASSIGN] white_usv7->black_usv16(机会锁定)
      [ASSIGN] white_usv9->black_usv16(机会锁定)
      [ASSIGN] white_usv10->black_usv17(机会锁定)
      [ASSIGN] white_usv8->black_usv15(机会锁定)
      [ASSIGN] white_usv2->black_usv4(机会锁定)
      [ASSIGN] white_usv7->black_usv15(机会锁定)
      [ASSIGN] white_usv5->black_usv15(机会锁定)
      [ASSIGN] white_usv9->black_usv15(机会锁定)
      [ASSIGN] white_usv10->black_usv15(机会锁定)
      [ASSIGN] white_usv8->black_usv16(机会锁定)
      [ASSIGN] white_usv7->black_usv16(机会锁定)
      [ASSIGN] white_usv5->black_usv16(机会锁定)
      [ASSIGN] white_usv9->black_usv16(机会锁定)
      [ASSIGN] white_usv1->black_usv5(机会锁定)
      [ASSIGN] white_usv10->black_usv17(机会锁定)
[t=9,148s] step=340 | MISSION=NORMAL_C | USV: 9/10 (avail=0 int=7 lock=2 frz=0) | UAV: air=10 rtb=0 chg=0 loiter=0 | TRACKS: vis=8 lost=0 engaged=1 | TOP: black_usv18(x177,842) black_usv17(x177,701) black_usv16(x178,651) | KILL=12 | ACTIONS=19 | INTENT: focus=2 ratio=0.20
      [KILL] black_usv16
      [RELEASE] white_usv8->black_usv16(目标失效)
      [ASSIGN] white_usv8->black_usv15(机会锁定)
      [RELEASE] white_usv7->black_usv16(目标失效)
      [ASSIGN] white_usv7->black_usv15(机会锁定)
      [RELEASE] white_usv5->black_usv16(目标失效)
      [ASSIGN] white_usv5->black_usv15(机会锁定)
      [RELEASE] white_usv9->black_usv16(目标失效)
      [ASSIGN] white_usv9->black_usv15(机会锁定)
      [ASSIGN] white_usv10->black_usv15(机会锁定)
      [ASSIGN] white_usv7->black_usv17(机会锁定)
      [ASSIGN] white_usv5->black_usv17(机会锁定)
      [ASSIGN] white_usv9->black_usv17(机会锁定)
      [ASSIGN] white_usv10->black_usv17(机会锁定)
      [ASSIGN] white_usv7->black_usv15(机会锁定)
      [ASSIGN] white_usv5->black_usv15(机会锁定)
      [ASSIGN] white_usv9->black_usv15(机会锁定)
      [ASSIGN] white_usv10->black_usv15(机会锁定)
      [ASSIGN] white_usv7->black_usv17(机会锁定)
      [ASSIGN] white_usv5->black_usv17(机会锁定)
      [ASSIGN] white_usv10->black_usv17(机会锁定)
      [ASSIGN] white_usv7->black_usv15(机会锁定)
      [ASSIGN] white_usv4->black_usv4(机会锁定)
      [ASSIGN] white_usv5->black_usv15(机会锁定)
      [ASSIGN] white_usv3->black_usv4(机会锁定)
      [ASSIGN] white_usv10->black_usv15(机会锁定)
      [DETECT] black_usv19
      [ASSIGN] white_usv2->black_usv6(机会锁定)
      [ASSIGN] white_usv7->black_usv17(机会锁定)
      [ASSIGN] white_usv4->black_usv6(机会锁定)
      [ASSIGN] white_usv5->black_usv17(机会锁定)
      [ASSIGN] white_usv3->black_usv6(机会锁定)
      [ASSIGN] white_usv10->black_usv17(机会锁定)
      [ASSIGN] white_usv2->black_usv4(机会锁定)
      [ASSIGN] white_usv7->black_usv15(机会锁定)
      [ASSIGN] white_usv4->black_usv4(机会锁定)
      [ASSIGN] white_usv5->black_usv15(机会锁定)
      [ASSIGN] white_usv3->black_usv4(机会锁定)
      [ASSIGN] white_usv10->black_usv18(机会锁定)
      [ASSIGN] white_usv2->black_usv6(机会锁定)
      [ASSIGN] white_usv7->black_usv17(机会锁定)
      [ASSIGN] white_usv4->black_usv6(机会锁定)
      [ASSIGN] white_usv5->black_usv17(机会锁定)
      [ASSIGN] white_usv1->black_usv6(机会锁定)
      [ASSIGN] white_usv3->black_usv6(机会锁定)
      [KILL] black_usv17
      [ASSIGN] white_usv2->black_usv4(机会锁定)
      [RELEASE] white_usv7->black_usv17(目标失效)
      [ASSIGN] white_usv7->black_usv15(机会锁定)
      [ASSIGN] white_usv4->black_usv4(机会锁定)
      [RELEASE] white_usv5->black_usv17(目标失效)
      [ASSIGN] white_usv5->black_usv15(机会锁定)
      [ASSIGN] white_usv1->black_usv4(机会锁定)
      [ASSIGN] white_usv3->black_usv4(机会锁定)
      [ASSIGN] white_usv2->black_usv6(机会锁定)
      [ASSIGN] white_usv4->black_usv6(机会锁定)
      [ASSIGN] white_usv1->black_usv6(机会锁定)
      [ASSIGN] white_usv3->black_usv6(机会锁定)
[t=9,579s] step=350 | MISSION=NORMAL_C | USV: 8/10 (avail=0 int=7 lock=1 frz=0) | UAV: air=10 rtb=0 chg=0 loiter=0 | TRACKS: vis=6 lost=1 engaged=1 | TOP: black_usv19(x180,088) black_usv6(x177,668) black_usv3(x178,845) | KILL=13 | ACTIONS=18 | INTENT: focus=2 ratio=0.20
      [ASSIGN] white_usv2->black_usv4(机会锁定)
      [ASSIGN] white_usv4->black_usv4(机会锁定)
      [ASSIGN] white_usv1->black_usv4(机会锁定)
      [ASSIGN] white_usv3->black_usv4(机会锁定)
      [KILL] black_usv15
      [RELEASE] white_usv8->black_usv15(目标失效)
      [ASSIGN] white_usv2->black_usv6(机会锁定)
      [RELEASE] white_usv7->black_usv15(目标失效)
      [RELEASE] white_usv5->black_usv15(目标失效)
      [ASSIGN] white_usv1->black_usv6(机会锁定)
      [ASSIGN] white_usv3->black_usv6(机会锁定)
      [ASSIGN] white_usv8->black_usv5
      [ASSIGN] white_usv2->black_usv4(机会锁定)
      [ASSIGN] white_usv7->black_usv3
      [ASSIGN] white_usv5->black_usv19
      [ASSIGN] white_usv1->black_usv4(机会锁定)
      [ASSIGN] white_usv3->black_usv4(机会锁定)
      [KILL] black_usv4
      [RELEASE] white_usv2->black_usv4(目标失效)
      [ASSIGN] white_usv2->black_usv6(机会锁定)
      [RELEASE] white_usv4->black_usv4(目标失效)
      [RELEASE] white_usv1->black_usv4(目标失效)
      [ASSIGN] white_usv1->black_usv6(机会锁定)
      [RELEASE] white_usv3->black_usv4(目标失效)
      [ASSIGN] white_usv3->black_usv6(机会锁定)
      [ASSIGN] white_usv2->black_usv5(机会锁定)
      [ASSIGN] white_usv4->black_usv19
      [ASSIGN] white_usv1->black_usv5(机会锁定)
      [ASSIGN] white_usv3->black_usv5(机会锁定)
      [ASSIGN] white_usv1->black_usv6(机会锁定)
      [ASSIGN] white_usv3->black_usv6(机会锁定)
      [ASSIGN] white_usv5->black_usv18(机会锁定)
      [KILL] black_usv6
      [RELEASE] white_usv1->black_usv6(目标失效)
      [ASSIGN] white_usv1->black_usv5(机会锁定)
      [RELEASE] white_usv3->black_usv6(目标失效)
      [ASSIGN] white_usv3->black_usv5(机会锁定)
[t=9,962s] step=360 | MISSION=NORMAL_C | USV: 8/10 (avail=0 int=5 lock=3 frz=0) | UAV: air=10 rtb=0 chg=0 loiter=0 | TRACKS: vis=4 lost=0 engaged=2 | TOP: black_usv19(x176,293) black_usv3(x175,015) black_usv18(x171,949) | KILL=13 | ACTIONS=18 | INTENT: focus=2 ratio=0.20
      [DETECT] black_usv2
      [DETECT] black_usv20
[t=10,364s] step=370 | MISSION=NORMAL_C | USV: 7/10 (avail=0 int=7 lock=0 frz=0) | UAV: air=10 rtb=0 chg=0 loiter=0 | TRACKS: vis=5 lost=1 engaged=0 | TOP: black_usv20(x179,942) black_usv19(x172,279) black_usv2(x181,318) | KILL=15 | ACTIONS=17 | INTENT: focus=2 ratio=0.20
      [ASSIGN] white_usv10->black_usv19(机会锁定)
      [ASSIGN] white_usv10->black_usv18(机会锁定)
      [ASSIGN] white_usv5->black_usv19(机会锁定)
      [ASSIGN] white_usv10->black_usv19(机会锁定)
      [KILL] black_usv18
[t=10,781s] step=380 | MISSION=NORMAL_C | USV: 7/10 (avail=0 int=5 lock=2 frz=0) | UAV: air=10 rtb=0 chg=0 loiter=0 | TRACKS: vis=3 lost=2 engaged=1 | TOP: black_usv20(x175,772) black_usv2(x177,873) black_usv19(x168,266) | KILL=15 | ACTIONS=17 | INTENT: focus=2 ratio=0.20
      [KILL] black_usv5
      [RELEASE] white_usv8->black_usv5(目标失效)
      [RELEASE] white_usv2->black_usv5(目标失效)
      [RELEASE] white_usv1->black_usv5(目标失效)
      [ASSIGN] white_usv8->black_usv2
      [ASSIGN] white_usv2->black_usv3
      [ASSIGN] white_usv1->black_usv2
      [DETECT] black_usv20
      [RELEASE] white_usv8->black_usv2(目标失效)
      [RELEASE] white_usv1->black_usv2(目标失效)
      [ASSIGN] white_usv8->black_usv20
      [ASSIGN] white_usv1->black_usv20
[t=11,210s] step=390 | MISSION=NORMAL_C | USV: 7/10 (avail=0 int=5 lock=2 frz=0) | UAV: air=10 rtb=0 chg=0 loiter=0 | TRACKS: vis=3 lost=0 engaged=1 | TOP: black_usv19(x166,383) black_usv20(x171,482) black_usv3(x163,686) | KILL=15 | ACTIONS=17 | INTENT: focus=2 ratio=0.20
      [RELEASE] white_usv2->black_usv3(目标失效)
      [RELEASE] white_usv7->black_usv3(目标失效)
      [ASSIGN] white_usv7->black_usv20
[t=11,659s] step=400 | MISSION=NORMAL_C | USV: 7/10 (avail=2 int=5 lock=0 frz=0) | UAV: air=10 rtb=0 chg=0 loiter=0 | TRACKS: vis=1 lost=1 engaged=0 | TOP: black_usv19(x165,983) black_usv20(x166,992) | KILL=16 | ACTIONS=17 | INTENT: focus=2 ratio=0.20
      [RELEASE] white_usv8->black_usv20(目标失效)
      [RELEASE] white_usv7->black_usv20(目标失效)
      [RELEASE] white_usv1->black_usv20(目标失效)
      [KILL] black_usv19
      [RELEASE] white_usv4->black_usv19(目标失效)
      [RELEASE] white_usv5->black_usv19(目标失效)
      [RELEASE] white_usv10->black_usv19(目标失效)
      [DETECT] black_usv20
      [ASSIGN] white_usv4->black_usv20
      [ASSIGN] white_usv5->black_usv20
      [ASSIGN] white_usv10->black_usv20
[t=12,107s] step=410 | MISSION=NORMAL_C | USV: 7/10 (avail=7 int=0 lock=0 frz=0) | UAV: air=10 rtb=0 chg=0 loiter=0 | TRACKS: vis=1 lost=0 engaged=0 | TOP: black_usv20(x164,583) | KILL=16 | ACTIONS=17 | INTENT: focus=2 ratio=0.20
      [RELEASE] white_usv4->black_usv20(目标失效)
      [RELEASE] white_usv5->black_usv20(目标失效)
      [RELEASE] white_usv10->black_usv20(目标失效)
[t=12,547s] step=420 | MISSION=GLOBAL_R | USV: 7/10 (avail=7 int=0 lock=0 frz=0) | UAV: air=10 rtb=0 chg=0 loiter=0 | TRACKS: vis=0 lost=0 engaged=0 | TOP:  | KILL=16 | ACTIONS=17 | INTENT: focus=2 ratio=0.20
      [DETECT] black_usv3
      [ASSIGN] white_usv2->black_usv3(机会锁定)
      [ASSIGN] white_usv7->black_usv3
      [ASSIGN] white_usv1->black_usv3
[t=12,995s] step=430 | MISSION=NORMAL_C | USV: 7/10 (avail=4 int=2 lock=1 frz=0) | UAV: air=10 rtb=0 chg=0 loiter=0 | TRACKS: vis=1 lost=0 engaged=1 | TOP: black_usv3(x151,015) | KILL=16 | ACTIONS=17 | INTENT: focus=2 ratio=0.20
[t=13,453s] step=440 | MISSION=NORMAL_C | USV: 7/10 (avail=4 int=3 lock=0 frz=0) | UAV: air=10 rtb=0 chg=0 loiter=0 | TRACKS: vis=1 lost=0 engaged=0 | TOP: black_usv3(x148,498) | KILL=17 | ACTIONS=17 | INTENT: focus=2 ratio=0.20
      [DETECT] black_usv1
      [ASSIGN] white_usv8->black_usv1
      [ASSIGN] white_usv4->black_usv1
      [ASSIGN] white_usv5->black_usv1
[t=13,939s] step=450 | MISSION=NORMAL_C | USV: 7/10 (avail=1 int=6 lock=0 frz=0) | UAV: air=10 rtb=0 chg=0 loiter=0 | TRACKS: vis=2 lost=0 engaged=0 | TOP: black_usv1(x162,056) black_usv3(x148,498) | KILL=17 | ACTIONS=17 | INTENT: focus=2 ratio=0.20
      [DETECT] black_usv20
      [KILL] black_usv3
      [RELEASE] white_usv2->black_usv3(目标失效)
      [RELEASE] white_usv7->black_usv3(目标失效)
      [RELEASE] white_usv1->black_usv3(目标失效)
      [ASSIGN] white_usv10->black_usv20
      [ASSIGN] white_usv2->black_usv20
      [ASSIGN] white_usv7->black_usv20
      [DETECT] black_usv2
      [ASSIGN] white_usv1->black_usv2
      [RELEASE] white_usv2->black_usv20(目标失效)
      [RELEASE] white_usv7->black_usv20(目标失效)
      [RELEASE] white_usv10->black_usv20(目标失效)
[t=14,403s] step=460 | MISSION=NORMAL_C | USV: 7/10 (avail=0 int=7 lock=0 frz=0) | UAV: air=10 rtb=0 chg=0 loiter=0 | TRACKS: vis=2 lost=0 engaged=0 | TOP: black_usv2(x142,709) black_usv1(x157,416) | KILL=17 | ACTIONS=17 | INTENT: focus=2 ratio=0.20
      [ASSIGN] white_usv2->black_usv2
      [ASSIGN] white_usv7->black_usv2
[t=14,857s] step=470 | MISSION=NORMAL_C | USV: 7/10 (avail=1 int=6 lock=0 frz=0) | UAV: air=10 rtb=0 chg=0 loiter=0 | TRACKS: vis=2 lost=0 engaged=0 | TOP: black_usv1(x152,937) black_usv2(x138,920) | KILL=17 | ACTIONS=17 | INTENT: focus=2 ratio=0.20
      [RELEASE] white_usv8->black_usv1(目标失效)
      [RELEASE] white_usv4->black_usv1(目标失效)
      [RELEASE] white_usv5->black_usv1(目标失效)
[t=15,322s] step=480 | MISSION=NORMAL_C | USV: 7/10 (avail=4 int=3 lock=0 frz=0) | UAV: air=10 rtb=0 chg=0 loiter=0 | TRACKS: vis=0 lost=1 engaged=0 | TOP: black_usv2(x134,397) | KILL=17 | ACTIONS=17 | INTENT: focus=2 ratio=0.20
[t=15,789s] step=490 | MISSION=NORMAL_C | USV: 7/10 (avail=4 int=2 lock=1 frz=0) | UAV: air=10 rtb=0 chg=0 loiter=0 | TRACKS: vis=1 lost=0 engaged=1 | TOP: black_usv2(x129,727) | KILL=17 | ACTIONS=17 | INTENT: focus=2 ratio=0.20
[t=16,275s] step=500 | MISSION=NORMAL_C | USV: 7/10 (avail=4 int=2 lock=1 frz=0) | UAV: air=10 rtb=0 chg=0 loiter=0 | TRACKS: vis=1 lost=0 engaged=1 | TOP: black_usv2(x127,881) | KILL=17 | ACTIONS=17 | INTENT: focus=2 ratio=0.20
[t=16,790s] step=510 | MISSION=NORMAL_C | USV: 7/10 (avail=4 int=3 lock=0 frz=0) | UAV: air=10 rtb=0 chg=0 loiter=0 | TRACKS: vis=1 lost=0 engaged=0 | TOP: black_usv2(x127,542) | KILL=18 | ACTIONS=17 | INTENT: focus=2 ratio=0.20
      [KILL] black_usv2
      [RELEASE] white_usv2->black_usv2(目标失效)
      [RELEASE] white_usv7->black_usv2(目标失效)
      [RELEASE] white_usv1->black_usv2(目标失效)
[t=17,305s] step=520 | MISSION=GLOBAL_R | USV: 7/10 (avail=7 int=0 lock=0 frz=0) | UAV: air=10 rtb=0 chg=0 loiter=0 | TRACKS: vis=0 lost=0 engaged=0 | TOP:  | KILL=18 | ACTIONS=17 | INTENT: focus=2 ratio=0.20
[t=17,791s] step=530 | MISSION=GLOBAL_R | USV: 7/10 (avail=7 int=0 lock=0 frz=0) | UAV: air=10 rtb=0 chg=0 loiter=0 | TRACKS: vis=0 lost=0 engaged=0 | TOP:  | KILL=18 | ACTIONS=17 | INTENT: focus=2 ratio=0.20
      [DETECT] black_usv1
      [ASSIGN] white_usv2->black_usv1
      [ASSIGN] white_usv7->black_usv1
      [ASSIGN] white_usv1->black_usv1
[t=18,297s] step=540 | MISSION=NORMAL_C | USV: 7/10 (avail=4 int=3 lock=0 frz=0) | UAV: air=10 rtb=0 chg=0 loiter=0 | TRACKS: vis=0 lost=1 engaged=0 | TOP: black_usv1(x124,934) | KILL=18 | ACTIONS=17 | INTENT: focus=2 ratio=0.20
[t=18,803s] step=550 | MISSION=NORMAL_C | USV: 7/10 (avail=4 int=3 lock=0 frz=0) | UAV: air=10 rtb=0 chg=0 loiter=0 | TRACKS: vis=1 lost=0 engaged=0 | TOP: black_usv1(x119,874) | KILL=18 | ACTIONS=17 | INTENT: focus=2 ratio=0.20
[t=19,323s] step=560 | MISSION=NORMAL_C | USV: 7/10 (avail=4 int=0 lock=3 frz=0) | UAV: air=10 rtb=0 chg=0 loiter=0 | TRACKS: vis=1 lost=0 engaged=1 | TOP: black_usv1(x117,608) | KILL=18 | ACTIONS=17 | INTENT: focus=2 ratio=0.20
[t=19,875s] step=570 | MISSION=NORMAL_C | USV: 7/10 (avail=4 int=3 lock=0 frz=0) | UAV: air=10 rtb=0 chg=0 loiter=0 | TRACKS: vis=1 lost=0 engaged=0 | TOP: black_usv1(x117,538) | KILL=19 | ACTIONS=17 | INTENT: focus=2 ratio=0.20
      [KILL] black_usv1
      [RELEASE] white_usv2->black_usv1(目标失效)
      [RELEASE] white_usv7->black_usv1(目标失效)
      [RELEASE] white_usv1->black_usv1(目标失效)
[t=20,415s] step=580 | MISSION=GLOBAL_R | USV: 7/10 (avail=7 int=0 lock=0 frz=0) | UAV: air=10 rtb=0 chg=0 loiter=0 | TRACKS: vis=0 lost=0 engaged=0 | TOP:  | KILL=19 | ACTIONS=17 | INTENT: focus=2 ratio=0.20
[t=20,953s] step=590 | MISSION=GLOBAL_R | USV: 7/10 (avail=7 int=0 lock=0 frz=0) | UAV: air=10 rtb=0 chg=0 loiter=0 | TRACKS: vis=0 lost=0 engaged=0 | TOP:  | KILL=19 | ACTIONS=17 | INTENT: focus=2 ratio=0.20
[t=21,505s] step=600 | MISSION=GLOBAL_R | USV: 7/10 (avail=7 int=0 lock=0 frz=0) | UAV: air=10 rtb=0 chg=0 loiter=0 | TRACKS: vis=0 lost=0 engaged=0 | TOP:  | KILL=19 | ACTIONS=17 | INTENT: focus=2 ratio=0.20
[t=22,038s] step=610 | MISSION=GLOBAL_R | USV: 7/10 (avail=7 int=0 lock=0 frz=0) | UAV: air=10 rtb=0 chg=0 loiter=0 | TRACKS: vis=0 lost=0 engaged=0 | TOP:  | KILL=19 | ACTIONS=17 | INTENT: focus=2 ratio=0.20
[t=22,576s] step=620 | MISSION=GLOBAL_R | USV: 7/10 (avail=7 int=0 lock=0 frz=0) | UAV: air=10 rtb=0 chg=0 loiter=0 | TRACKS: vis=0 lost=0 engaged=0 | TOP:  | KILL=19 | ACTIONS=17 | INTENT: focus=2 ratio=0.20
      [UAV RTB] white_uav10(电量2113<1816+300)
[t=23,109s] step=630 | MISSION=GLOBAL_R | USV: 7/10 (avail=7 int=0 lock=0 frz=0) | UAV: air=9 rtb=1 chg=0 loiter=0 | TRACKS: vis=0 lost=0 engaged=0 | TOP:  | KILL=19 | ACTIONS=17 | INTENT: focus=2 ratio=0.20
      [DETECT] black_usv20
      [ASSIGN] white_usv4->black_usv20
      [ASSIGN] white_usv5->black_usv20
      [ASSIGN] white_usv10->black_usv20
      [RELEASE] white_usv4->black_usv20(目标失效)
      [RELEASE] white_usv5->black_usv20(目标失效)
      [RELEASE] white_usv10->black_usv20(目标失效)
[t=23,657s] step=640 | MISSION=GLOBAL_R | USV: 7/10 (avail=7 int=0 lock=0 frz=0) | UAV: air=9 rtb=1 chg=0 loiter=0 | TRACKS: vis=0 lost=0 engaged=0 | TOP:  | KILL=19 | ACTIONS=17 | INTENT: focus=2 ratio=0.20
      [DETECT] black_usv20
      [ASSIGN] white_usv4->black_usv20
      [ASSIGN] white_usv5->black_usv20
      [ASSIGN] white_usv10->black_usv20
      [RELEASE] white_usv4->black_usv20(目标失效)
      [RELEASE] white_usv5->black_usv20(目标失效)
      [RELEASE] white_usv10->black_usv20(目标失效)
      [UAV RTB] white_uav4(电量922<633+300)
      [UAV RTB] white_uav3(电量807<513+300)
      [UAV RTB] white_uav5(电量810<540+300)
[t=24,202s] step=650 | MISSION=GLOBAL_R | USV: 7/10 (avail=7 int=0 lock=0 frz=0) | UAV: air=6 rtb=4 chg=0 loiter=0 | TRACKS: vis=0 lost=0 engaged=0 | TOP:  | KILL=19 | ACTIONS=17 | INTENT: focus=2 ratio=0.20
      [UAV RTB] white_uav8(电量691<484+300)
      [UAV RTB] white_uav1(电量526<295+300)
      [UAV RTB] white_uav6(电量528<276+300)
      [DETECT] black_usv20
      [ASSIGN] white_usv4->black_usv20
      [ASSIGN] white_usv5->black_usv20
      [ASSIGN] white_usv10->black_usv20
      [UAV RTB] white_uav9(电量475<218+300)
      [UAV RTB] white_uav2(电量475<249+300)
      [UAV RTB] white_uav7(电量420<126+300)
      [UAV LAND] white_uav4->white_usv4
      [UAV LAND] white_uav1->white_usv5
      [UAV RTB] white_uav4(电量252<28+300)
      [UAV LAND] white_uav6->white_usv5
[t=24,760s] step=660 | MISSION=NORMAL_C | USV: 7/10 (avail=4 int=3 lock=0 frz=0) | UAV: air=0 rtb=8 chg=2 loiter=0 | TRACKS: vis=0 lost=1 engaged=0 | TOP: black_usv20(x86,023) | KILL=19 | ACTIONS=17 | INTENT: focus=2 ratio=0.20
      [UAV RTB] white_uav1(电量179<33+300)
      [UAV LAND] white_uav4->white_usv4
      [UAV RTB] white_uav6(电量181<44+300)
      [RELEASE] white_usv4->black_usv20(目标失效)
      [RELEASE] white_usv5->black_usv20(目标失效)
      [RELEASE] white_usv10->black_usv20(目标失效)
      [UAV LAND] white_uav1->white_usv5
      [UAV RTB] white_uav4(电量122<39+300)
      [UAV LAND] white_uav6->white_usv5
      [UAV RTB] white_uav1(电量60<20+300)
      [UAV LAND] white_uav4->white_usv4
      [UAV RTB] white_uav6(电量62<14+300)
      [UAV LAND] white_uav6->white_usv5
      [UAV RTB] white_uav4(电量2<21+300)
      [UAV RTB] white_uav6(电量3<3+300)
[t=25,544s] step=670 | MISSION=GLOBAL_R | USV: 7/10 (avail=7 int=0 lock=0 frz=0) | UAV: air=0 rtb=0 chg=0 loiter=0 | TRACKS: vis=0 lost=0 engaged=0 | TOP:  | KILL=19 | ACTIONS=7 | INTENT: focus=2 ratio=0.20
[t=26,487s] step=680 | MISSION=GLOBAL_R | USV: 7/10 (avail=7 int=0 lock=0 frz=0) | UAV: air=0 rtb=0 chg=0 loiter=0 | TRACKS: vis=0 lost=0 engaged=0 | TOP:  | KILL=19 | ACTIONS=7 | INTENT: focus=2 ratio=0.20
[t=27,166s] step=690 | MISSION=GLOBAL_R | USV: 7/10 (avail=7 int=0 lock=0 frz=0) | UAV: air=0 rtb=0 chg=0 loiter=0 | TRACKS: vis=0 lost=0 engaged=0 | TOP:  | KILL=19 | ACTIONS=7 | INTENT: focus=2 ratio=0.20
[t=27,394s] step=700 | MISSION=GLOBAL_R | USV: 7/10 (avail=7 int=0 lock=0 frz=0) | UAV: air=0 rtb=0 chg=0 loiter=0 | TRACKS: vis=0 lost=0 engaged=0 | TOP:  | KILL=19 | ACTIONS=7 | INTENT: focus=2 ratio=0.20
[t=27,621s] step=710 | MISSION=GLOBAL_R | USV: 7/10 (avail=7 int=0 lock=0 frz=0) | UAV: air=0 rtb=0 chg=0 loiter=0 | TRACKS: vis=0 lost=0 engaged=0 | TOP:  | KILL=19 | ACTIONS=7 | INTENT: focus=2 ratio=0.20
[t=27,837s] step=720 | MISSION=GLOBAL_R | USV: 7/10 (avail=7 int=0 lock=0 frz=0) | UAV: air=0 rtb=0 chg=0 loiter=0 | TRACKS: vis=0 lost=0 engaged=0 | TOP:  | KILL=19 | ACTIONS=7 | INTENT: focus=2 ratio=0.20
[t=28,068s] step=730 | MISSION=GLOBAL_R | USV: 7/10 (avail=7 int=0 lock=0 frz=0) | UAV: air=0 rtb=0 chg=0 loiter=0 | TRACKS: vis=0 lost=0 engaged=0 | TOP:  | KILL=19 | ACTIONS=7 | INTENT: focus=2 ratio=0.20
[t=28,294s] step=740 | MISSION=GLOBAL_R | USV: 7/10 (avail=7 int=0 lock=0 frz=0) | UAV: air=0 rtb=0 chg=0 loiter=0 | TRACKS: vis=0 lost=0 engaged=0 | TOP:  | KILL=19 | ACTIONS=7 | INTENT: focus=2 ratio=0.20
[t=28,510s] step=750 | MISSION=GLOBAL_R | USV: 7/10 (avail=7 int=0 lock=0 frz=0) | UAV: air=0 rtb=0 chg=0 loiter=0 | TRACKS: vis=0 lost=0 engaged=0 | TOP:  | KILL=19 | ACTIONS=7 | INTENT: focus=2 ratio=0.20
[t=28,737s] step=760 | MISSION=GLOBAL_R | USV: 7/10 (avail=7 int=0 lock=0 frz=0) | UAV: air=0 rtb=0 chg=0 loiter=0 | TRACKS: vis=0 lost=0 engaged=0 | TOP:  | KILL=19 | ACTIONS=7 | INTENT: focus=2 ratio=0.20
[t=28,970s] step=770 | MISSION=GLOBAL_R | USV: 7/10 (avail=7 int=0 lock=0 frz=0) | UAV: air=0 rtb=0 chg=0 loiter=0 | TRACKS: vis=0 lost=0 engaged=0 | TOP:  | KILL=19 | ACTIONS=7 | INTENT: focus=2 ratio=0.20
[t=29,195s] step=780 | MISSION=GLOBAL_R | USV: 7/10 (avail=7 int=0 lock=0 frz=0) | UAV: air=0 rtb=0 chg=0 loiter=0 | TRACKS: vis=0 lost=0 engaged=0 | TOP:  | KILL=19 | ACTIONS=7 | INTENT: focus=2 ratio=0.20
[t=29,423s] step=790 | MISSION=GLOBAL_R | USV: 7/10 (avail=7 int=0 lock=0 frz=0) | UAV: air=0 rtb=0 chg=0 loiter=0 | TRACKS: vis=0 lost=0 engaged=0 | TOP:  | KILL=19 | ACTIONS=7 | INTENT: focus=2 ratio=0.20
[t=29,652s] step=800 | MISSION=GLOBAL_R | USV: 7/10 (avail=7 int=0 lock=0 frz=0) | UAV: air=0 rtb=0 chg=0 loiter=0 | TRACKS: vis=0 lost=0 engaged=0 | TOP:  | KILL=19 | ACTIONS=7 | INTENT: focus=2 ratio=0.20
[t=29,882s] step=810 | MISSION=GLOBAL_R | USV: 7/10 (avail=7 int=0 lock=0 frz=0) | UAV: air=0 rtb=0 chg=0 loiter=0 | TRACKS: vis=0 lost=0 engaged=0 | TOP:  | KILL=19 | ACTIONS=7 | INTENT: focus=2 ratio=0.20
[t=30,094s] step=820 | MISSION=GLOBAL_R | USV: 7/10 (avail=7 int=0 lock=0 frz=0) | UAV: air=0 rtb=0 chg=0 loiter=0 | TRACKS: vis=0 lost=0 engaged=0 | TOP:  | KILL=19 | ACTIONS=7 | INTENT: focus=2 ratio=0.20
[t=30,330s] step=830 | MISSION=GLOBAL_R | USV: 7/10 (avail=7 int=0 lock=0 frz=0) | UAV: air=0 rtb=0 chg=0 loiter=0 | TRACKS: vis=0 lost=0 engaged=0 | TOP:  | KILL=19 | ACTIONS=7 | INTENT: focus=2 ratio=0.20
[t=30,556s] step=840 | MISSION=GLOBAL_R | USV: 7/10 (avail=7 int=0 lock=0 frz=0) | UAV: air=0 rtb=0 chg=0 loiter=0 | TRACKS: vis=0 lost=0 engaged=0 | TOP:  | KILL=19 | ACTIONS=7 | INTENT: focus=2 ratio=0.20
[t=30,789s] step=850 | MISSION=GLOBAL_R | USV: 7/10 (avail=7 int=0 lock=0 frz=0) | UAV: air=0 rtb=0 chg=0 loiter=0 | TRACKS: vis=0 lost=0 engaged=0 | TOP:  | KILL=19 | ACTIONS=7 | INTENT: focus=2 ratio=0.20
[t=31,013s] step=860 | MISSION=GLOBAL_R | USV: 7/10 (avail=7 int=0 lock=0 frz=0) | UAV: air=0 rtb=0 chg=0 loiter=0 | TRACKS: vis=0 lost=0 engaged=0 | TOP:  | KILL=19 | ACTIONS=7 | INTENT: focus=2 ratio=0.20
[t=31,241s] step=870 | MISSION=GLOBAL_R | USV: 7/10 (avail=7 int=0 lock=0 frz=0) | UAV: air=0 rtb=0 chg=0 loiter=0 | TRACKS: vis=0 lost=0 engaged=0 | TOP:  | KILL=19 | ACTIONS=7 | INTENT: focus=2 ratio=0.20
[t=31,468s] step=880 | MISSION=GLOBAL_R | USV: 7/10 (avail=7 int=0 lock=0 frz=0) | UAV: air=0 rtb=0 chg=0 loiter=0 | TRACKS: vis=0 lost=0 engaged=0 | TOP:  | KILL=19 | ACTIONS=7 | INTENT: focus=2 ratio=0.20
[t=31,698s] step=890 | MISSION=GLOBAL_R | USV: 7/10 (avail=7 int=0 lock=0 frz=0) | UAV: air=0 rtb=0 chg=0 loiter=0 | TRACKS: vis=0 lost=0 engaged=0 | TOP:  | KILL=19 | ACTIONS=7 | INTENT: focus=2 ratio=0.20
[t=31,936s] step=900 | MISSION=GLOBAL_R | USV: 7/10 (avail=7 int=0 lock=0 frz=0) | UAV: air=0 rtb=0 chg=0 loiter=0 | TRACKS: vis=0 lost=0 engaged=0 | TOP:  | KILL=19 | ACTIONS=7 | INTENT: focus=2 ratio=0.20
[t=32,158s] step=910 | MISSION=GLOBAL_R | USV: 7/10 (avail=7 int=0 lock=0 frz=0) | UAV: air=0 rtb=0 chg=0 loiter=0 | TRACKS: vis=0 lost=0 engaged=0 | TOP:  | KILL=19 | ACTIONS=7 | INTENT: focus=2 ratio=0.20
[t=32,386s] step=920 | MISSION=GLOBAL_R | USV: 7/10 (avail=7 int=0 lock=0 frz=0) | UAV: air=0 rtb=0 chg=0 loiter=0 | TRACKS: vis=0 lost=0 engaged=0 | TOP:  | KILL=19 | ACTIONS=7 | INTENT: focus=2 ratio=0.20
[t=32,615s] step=930 | MISSION=GLOBAL_R | USV: 7/10 (avail=7 int=0 lock=0 frz=0) | UAV: air=0 rtb=0 chg=0 loiter=0 | TRACKS: vis=0 lost=0 engaged=0 | TOP:  | KILL=19 | ACTIONS=7 | INTENT: focus=2 ratio=0.20
[t=32,851s] step=940 | MISSION=GLOBAL_R | USV: 7/10 (avail=7 int=0 lock=0 frz=0) | UAV: air=0 rtb=0 chg=0 loiter=0 | TRACKS: vis=0 lost=0 engaged=0 | TOP:  | KILL=19 | ACTIONS=7 | INTENT: focus=2 ratio=0.20
[t=33,090s] step=950 | MISSION=GLOBAL_R | USV: 7/10 (avail=7 int=0 lock=0 frz=0) | UAV: air=0 rtb=0 chg=0 loiter=0 | TRACKS: vis=0 lost=0 engaged=0 | TOP:  | KILL=19 | ACTIONS=7 | INTENT: focus=2 ratio=0.20
[t=33,323s] step=960 | MISSION=GLOBAL_R | USV: 7/10 (avail=7 int=0 lock=0 frz=0) | UAV: air=0 rtb=0 chg=0 loiter=0 | TRACKS: vis=0 lost=0 engaged=0 | TOP:  | KILL=19 | ACTIONS=7 | INTENT: focus=2 ratio=0.20
[t=33,556s] step=970 | MISSION=GLOBAL_R | USV: 7/10 (avail=7 int=0 lock=0 frz=0) | UAV: air=0 rtb=0 chg=0 loiter=0 | TRACKS: vis=0 lost=0 engaged=0 | TOP:  | KILL=19 | ACTIONS=7 | INTENT: focus=2 ratio=0.20
[t=33,786s] step=980 | MISSION=GLOBAL_R | USV: 7/10 (avail=7 int=0 lock=0 frz=0) | UAV: air=0 rtb=0 chg=0 loiter=0 | TRACKS: vis=0 lost=0 engaged=0 | TOP:  | KILL=19 | ACTIONS=7 | INTENT: focus=2 ratio=0.20
[t=34,024s] step=990 | MISSION=GLOBAL_R | USV: 7/10 (avail=7 int=0 lock=0 frz=0) | UAV: air=0 rtb=0 chg=0 loiter=0 | TRACKS: vis=0 lost=0 engaged=0 | TOP:  | KILL=19 | ACTIONS=7 | INTENT: focus=2 ratio=0.20
[t=34,260s] step=1000 | MISSION=GLOBAL_R | USV: 7/10 (avail=7 int=0 lock=0 frz=0) | UAV: air=0 rtb=0 chg=0 loiter=0 | TRACKS: vis=0 lost=0 engaged=0 | TOP:  | KILL=19 | ACTIONS=7 | INTENT: focus=2 ratio=0.20
[t=34,497s] step=1010 | MISSION=GLOBAL_R | USV: 7/10 (avail=7 int=0 lock=0 frz=0) | UAV: air=0 rtb=0 chg=0 loiter=0 | TRACKS: vis=0 lost=0 engaged=0 | TOP:  | KILL=19 | ACTIONS=7 | INTENT: focus=2 ratio=0.20
[t=34,732s] step=1020 | MISSION=GLOBAL_R | USV: 7/10 (avail=7 int=0 lock=0 frz=0) | UAV: air=0 rtb=0 chg=0 loiter=0 | TRACKS: vis=0 lost=0 engaged=0 | TOP:  | KILL=19 | ACTIONS=7 | INTENT: focus=2 ratio=0.20
[t=34,968s] step=1030 | MISSION=GLOBAL_R | USV: 7/10 (avail=7 int=0 lock=0 frz=0) | UAV: air=0 rtb=0 chg=0 loiter=0 | TRACKS: vis=0 lost=0 engaged=0 | TOP:  | KILL=19 | ACTIONS=7 | INTENT: focus=2 ratio=0.20
[t=35,208s] step=1040 | MISSION=GLOBAL_R | USV: 7/10 (avail=7 int=0 lock=0 frz=0) | UAV: air=0 rtb=0 chg=0 loiter=0 | TRACKS: vis=0 lost=0 engaged=0 | TOP:  | KILL=19 | ACTIONS=7 | INTENT: focus=2 ratio=0.20
[t=35,446s] step=1050 | MISSION=GLOBAL_R | USV: 7/10 (avail=7 int=0 lock=0 frz=0) | UAV: air=0 rtb=0 chg=0 loiter=0 | TRACKS: vis=0 lost=0 engaged=0 | TOP:  | KILL=19 | ACTIONS=7 | INTENT: focus=2 ratio=0.20

========================================================================
对局结果: Result.Victory — 敌方所有单位被击毁
  击杀蓝舰: 20 | 命中: 38 | 我方USV损失: 3 | UAV损失: 10 | 突破: 1
[META] result=Result.Victory victory_time=35847 first_detection=1856 first_lock=7370 first_kill=8317 enemy_kills=20 friendly_usv_losses=3 friendly_uav_losses=10 black_breakthrough=1 reacquire_attempts=63 reacquire_success=63 sensor_assisted_locks=80 low_conf_commitments=0 global_reacquire_entries=7 global_reacquire_success=6 coverage_collapse_events=7 active_clusters_max=1 coverage_quality_final=0.20 commander_source=default_intent commander_calls=0 commander_changes=0 commander_no_change=0 commander_parse_failures=0 commander_api_failures=0 commander_policy_failures=0 commander_avg_latency=0.0
Done
