========================================================================
HYBRID AGENT V5 — Variable-Cardinality Hierarchical Maritime Agent
  启用UAV: True | LLM_ENABLED: False
========================================================================
对局 32 开始
      [UAV RELAUNCH] white_uav7
      [UAV RELAUNCH] white_uav1
      [UAV RELAUNCH] white_uav4
      [UAV RELAUNCH] white_uav3
      [UAV RELAUNCH] white_uav6
      [UAV RELAUNCH] white_uav9
      [UAV RELAUNCH] white_uav10
      [UAV RELAUNCH] white_uav2
      [UAV RELAUNCH] white_uav5
      [UAV RELAUNCH] white_uav8
[t=240s] step=10 | MISSION=NORMAL_C | USV: 10/10 (avail=10 int=0 lock=0 frz=0) | UAV: air=10 rtb=0 chg=0 loiter=0 | TRACKS: vis=0 lost=0 engaged=0 | TOP:  | KILL=0 | ACTIONS=20 | INTENT: focus=2 ratio=0.20
  [INTENT APPLIED]
    ThreatAllocator: focus 2 emergency 3 reserve_ratio 0.20 reserve_usvs None bias breakthrough_eta
    UAVManager: mode search_and_reacquire uav_priority []
[t=522s] step=20 | MISSION=NORMAL_C | USV: 10/10 (avail=10 int=0 lock=0 frz=0) | UAV: air=10 rtb=0 chg=0 loiter=0 | TRACKS: vis=0 lost=0 engaged=0 | TOP:  | KILL=0 | ACTIONS=20 | INTENT: focus=2 ratio=0.20
[t=787s] step=30 | MISSION=NORMAL_C | USV: 10/10 (avail=10 int=0 lock=0 frz=0) | UAV: air=10 rtb=0 chg=0 loiter=0 | TRACKS: vis=0 lost=0 engaged=0 | TOP:  | KILL=0 | ACTIONS=20 | INTENT: focus=2 ratio=0.20
[t=1,059s] step=40 | MISSION=NORMAL_C | USV: 10/10 (avail=10 int=0 lock=0 frz=0) | UAV: air=10 rtb=0 chg=0 loiter=0 | TRACKS: vis=0 lost=0 engaged=0 | TOP:  | KILL=0 | ACTIONS=20 | INTENT: focus=2 ratio=0.20
[t=1,331s] step=50 | MISSION=NORMAL_C | USV: 10/10 (avail=10 int=0 lock=0 frz=0) | UAV: air=10 rtb=0 chg=0 loiter=0 | TRACKS: vis=0 lost=0 engaged=0 | TOP:  | KILL=0 | ACTIONS=20 | INTENT: focus=2 ratio=0.20
[t=1,626s] step=60 | MISSION=NORMAL_C | USV: 10/10 (avail=10 int=0 lock=0 frz=0) | UAV: air=10 rtb=0 chg=0 loiter=0 | TRACKS: vis=0 lost=0 engaged=0 | TOP:  | KILL=0 | ACTIONS=20 | INTENT: focus=2 ratio=0.20
      [DETECT] black_usv12
      [DETECT] black_usv11
      [DETECT] black_usv10
      [DETECT] black_usv13
      [DETECT] black_usv8
      [ASSIGN] white_usv1->black_usv10
      [ASSIGN] white_usv5->black_usv11
      [ASSIGN] white_usv2->black_usv11
      [ASSIGN] white_usv4->black_usv10
      [ASSIGN] white_usv7->black_usv13
      [ASSIGN] white_usv8->black_usv12
      [ASSIGN] white_usv10->black_usv13
      [ASSIGN] white_usv3->black_usv8
      [DETECT] black_usv17
      [DETECT] black_usv6
      [DETECT] black_usv9
      [DETECT] black_usv14
      [DETECT] black_usv7
      [ASSIGN] white_usv6->black_usv14
      [ASSIGN] white_usv9->black_usv17
      [DETECT] black_usv15
      [DETECT] black_usv18
      [DETECT] black_usv19
[t=1,917s] step=70 | MISSION=NORMAL_C | USV: 10/10 (avail=0 int=10 lock=0 frz=0) | UAV: air=10 rtb=0 chg=0 loiter=0 | TRACKS: vis=13 lost=0 engaged=0 | TOP: black_usv18(x242,507) black_usv9(x242,793) black_usv7(x242,805) | KILL=0 | ACTIONS=20 | INTENT: focus=2 ratio=0.20
      [DETECT] black_usv4
      [DETECT] black_usv20
      [DETECT] black_usv5
      [DETECT] black_usv3
      [DETECT] black_usv16
      [DETECT] black_usv1
      [DETECT] black_usv2
[t=2,213s] step=80 | MISSION=NORMAL_C | USV: 10/10 (avail=0 int=10 lock=0 frz=0) | UAV: air=10 rtb=0 chg=0 loiter=0 | TRACKS: vis=17 lost=3 engaged=0 | TOP: black_usv18(x239,809) black_usv9(x240,139) black_usv7(x240,153) | KILL=0 | ACTIONS=20 | INTENT: focus=2 ratio=0.20
[t=2,499s] step=90 | MISSION=NORMAL_C | USV: 10/10 (avail=0 int=10 lock=0 frz=0) | UAV: air=10 rtb=0 chg=0 loiter=0 | TRACKS: vis=18 lost=2 engaged=0 | TOP: black_usv18(x237,202) black_usv9(x237,574) black_usv7(x237,590) | KILL=0 | ACTIONS=20 | INTENT: focus=2 ratio=0.20
[t=2,793s] step=100 | MISSION=NORMAL_C | USV: 10/10 (avail=0 int=10 lock=0 frz=0) | UAV: air=10 rtb=0 chg=0 loiter=0 | TRACKS: vis=17 lost=3 engaged=0 | TOP: black_usv18(x234,522) black_usv9(x234,938) black_usv7(x234,956) | KILL=0 | ACTIONS=20 | INTENT: focus=2 ratio=0.20
[t=3,035s] step=110 | MISSION=NORMAL_C | USV: 10/10 (avail=0 int=10 lock=0 frz=0) | UAV: air=10 rtb=0 chg=0 loiter=0 | TRACKS: vis=20 lost=0 engaged=0 | TOP: black_usv18(x232,316) black_usv9(x232,768) black_usv7(x232,787) | KILL=0 | ACTIONS=20 | INTENT: focus=2 ratio=0.20
[t=3,332s] step=120 | MISSION=NORMAL_C | USV: 10/10 (avail=0 int=10 lock=0 frz=0) | UAV: air=10 rtb=0 chg=0 loiter=0 | TRACKS: vis=20 lost=0 engaged=0 | TOP: black_usv18(x229,608) black_usv9(x230,105) black_usv7(x230,126) | KILL=0 | ACTIONS=20 | INTENT: focus=2 ratio=0.20
[t=3,638s] step=130 | MISSION=NORMAL_C | USV: 10/10 (avail=0 int=10 lock=0 frz=0) | UAV: air=10 rtb=0 chg=0 loiter=0 | TRACKS: vis=20 lost=0 engaged=0 | TOP: black_usv18(x226,819) black_usv9(x227,361) black_usv7(x227,384) | KILL=0 | ACTIONS=20 | INTENT: focus=2 ratio=0.20
[t=3,932s] step=140 | MISSION=NORMAL_C | USV: 10/10 (avail=0 int=10 lock=0 frz=0) | UAV: air=10 rtb=0 chg=0 loiter=0 | TRACKS: vis=15 lost=5 engaged=0 | TOP: black_usv18(x224,134) black_usv9(x224,719) black_usv7(x224,744) | KILL=0 | ACTIONS=20 | INTENT: focus=2 ratio=0.20
[t=4,232s] step=150 | MISSION=NORMAL_C | USV: 10/10 (avail=0 int=10 lock=0 frz=0) | UAV: air=10 rtb=0 chg=0 loiter=0 | TRACKS: vis=16 lost=4 engaged=0 | TOP: black_usv18(x221,404) black_usv9(x222,035) black_usv7(x222,062) | KILL=0 | ACTIONS=20 | INTENT: focus=2 ratio=0.20
[t=4,544s] step=160 | MISSION=NORMAL_C | USV: 10/10 (avail=0 int=10 lock=0 frz=0) | UAV: air=10 rtb=0 chg=0 loiter=0 | TRACKS: vis=17 lost=3 engaged=0 | TOP: black_usv18(x218,560) black_usv9(x219,237) black_usv7(x219,266) | KILL=0 | ACTIONS=20 | INTENT: focus=2 ratio=0.20
[t=4,846s] step=170 | MISSION=NORMAL_C | USV: 10/10 (avail=0 int=10 lock=0 frz=0) | UAV: air=10 rtb=0 chg=0 loiter=0 | TRACKS: vis=15 lost=4 engaged=0 | TOP: black_usv18(x215,807) black_usv9(x216,529) black_usv7(x216,560) | KILL=0 | ACTIONS=20 | INTENT: focus=2 ratio=0.20
[t=5,156s] step=180 | MISSION=NORMAL_C | USV: 10/10 (avail=0 int=10 lock=0 frz=0) | UAV: air=10 rtb=0 chg=0 loiter=0 | TRACKS: vis=19 lost=0 engaged=0 | TOP: black_usv18(x212,982) black_usv9(x213,750) black_usv7(x213,783) | KILL=0 | ACTIONS=20 | INTENT: focus=2 ratio=0.20
[t=5,456s] step=190 | MISSION=NORMAL_C | USV: 10/10 (avail=0 int=10 lock=0 frz=0) | UAV: air=10 rtb=0 chg=0 loiter=0 | TRACKS: vis=19 lost=0 engaged=0 | TOP: black_usv18(x210,247) black_usv9(x211,060) black_usv7(x211,095) | KILL=0 | ACTIONS=20 | INTENT: focus=2 ratio=0.20
[t=5,749s] step=200 | MISSION=NORMAL_C | USV: 10/10 (avail=0 int=10 lock=0 frz=0) | UAV: air=10 rtb=0 chg=0 loiter=0 | TRACKS: vis=18 lost=1 engaged=0 | TOP: black_usv18(x207,576) black_usv9(x208,432) black_usv7(x208,469) | KILL=0 | ACTIONS=20 | INTENT: focus=2 ratio=0.20
[t=6,056s] step=210 | MISSION=NORMAL_C | USV: 10/10 (avail=0 int=10 lock=0 frz=0) | UAV: air=10 rtb=0 chg=0 loiter=0 | TRACKS: vis=18 lost=0 engaged=0 | TOP: black_usv18(x204,778) black_usv9(x205,680) black_usv7(x205,718) | KILL=0 | ACTIONS=20 | INTENT: focus=2 ratio=0.20
[t=6,367s] step=220 | MISSION=NORMAL_C | USV: 10/10 (avail=0 int=10 lock=0 frz=0) | UAV: air=10 rtb=0 chg=0 loiter=0 | TRACKS: vis=17 lost=1 engaged=0 | TOP: black_usv18(x201,943) black_usv9(x202,891) black_usv7(x202,932) | KILL=0 | ACTIONS=20 | INTENT: focus=2 ratio=0.20
[t=6,675s] step=230 | MISSION=NORMAL_C | USV: 10/10 (avail=0 int=10 lock=0 frz=0) | UAV: air=10 rtb=0 chg=0 loiter=0 | TRACKS: vis=17 lost=1 engaged=0 | TOP: black_usv18(x199,135) black_usv9(x200,129) black_usv7(x200,172) | KILL=0 | ACTIONS=20 | INTENT: focus=2 ratio=0.20
[t=6,978s] step=240 | MISSION=NORMAL_C | USV: 10/10 (avail=0 int=10 lock=0 frz=0) | UAV: air=10 rtb=0 chg=0 loiter=0 | TRACKS: vis=17 lost=1 engaged=0 | TOP: black_usv18(x196,373) black_usv9(x197,412) black_usv7(x197,457) | KILL=0 | ACTIONS=20 | INTENT: focus=2 ratio=0.20
[t=7,280s] step=250 | MISSION=NORMAL_C | USV: 10/10 (avail=0 int=10 lock=0 frz=0) | UAV: air=10 rtb=0 chg=0 loiter=0 | TRACKS: vis=16 lost=2 engaged=0 | TOP: black_usv18(x193,620) black_usv9(x194,704) black_usv7(x194,751) | KILL=0 | ACTIONS=20 | INTENT: focus=2 ratio=0.20
      [ASSIGN] white_usv5->black_usv13(机会锁定)
      [ASSIGN] white_usv8->black_usv13(机会锁定)
      [ASSIGN] white_usv6->black_usv13(机会锁定)
[t=7,591s] step=260 | MISSION=NORMAL_C | USV: 10/10 (avail=0 int=0 lock=10 frz=0) | UAV: air=10 rtb=0 chg=0 loiter=0 | TRACKS: vis=18 lost=0 engaged=5 | TOP: black_usv14(x190,007) black_usv12(x190,107) black_usv18(x190,785) | KILL=0 | ACTIONS=20 | INTENT: focus=2 ratio=0.20
      [ASSIGN] white_usv7->black_usv11(机会锁定)
      [ASSIGN] white_usv5->black_usv11(机会锁定)
      [ASSIGN] white_usv8->black_usv12(机会锁定)
      [ASSIGN] white_usv10->black_usv11(机会锁定)
      [ASSIGN] white_usv6->black_usv12(机会锁定)
      [ASSIGN] white_usv1->black_usv8(机会锁定)
      [ASSIGN] white_usv4->black_usv13(机会锁定)
      [ASSIGN] white_usv4->black_usv10(机会锁定)
      [ASSIGN] white_usv3->black_usv10(机会锁定)
      [ASSIGN] white_usv2->black_usv13(机会锁定)
      [ASSIGN] white_usv8->black_usv13(机会锁定)
      [ASSIGN] white_usv2->black_usv10(机会锁定)
      [ASSIGN] white_usv8->black_usv17(机会锁定)
      [ASSIGN] white_usv9->black_usv14(机会锁定)
[t=7,896s] step=270 | MISSION=NORMAL_C | USV: 10/10 (avail=0 int=0 lock=10 frz=0) | UAV: air=10 rtb=0 chg=0 loiter=0 | TRACKS: vis=15 lost=3 engaged=6 | TOP: black_usv13(x183,570) black_usv18(x188,005) black_usv9(x189,181) | KILL=1 | ACTIONS=20 | INTENT: focus=2 ratio=0.20
      [ASSIGN] white_usv5->black_usv13(机会锁定)
      [ASSIGN] white_usv7->black_usv13(机会锁定)
      [ASSIGN] white_usv10->black_usv13(机会锁定)
      [ASSIGN] white_usv5->black_usv11(机会锁定)
      [ASSIGN] white_usv7->black_usv11(机会锁定)
      [ASSIGN] white_usv10->black_usv11(机会锁定)
      [ASSIGN] white_usv6->black_usv11(机会锁定)
      [ASSIGN] white_usv5->black_usv13(机会锁定)
      [ASSIGN] white_usv7->black_usv13(机会锁定)
      [ASSIGN] white_usv10->black_usv13(机会锁定)
      [ASSIGN] white_usv6->black_usv13(机会锁定)
      [ASSIGN] white_usv5->black_usv11(机会锁定)
      [ASSIGN] white_usv4->black_usv11(机会锁定)
      [ASSIGN] white_usv7->black_usv11(机会锁定)
      [ASSIGN] white_usv10->black_usv11(机会锁定)
      [ASSIGN] white_usv3->black_usv8(机会锁定)
      [ASSIGN] white_usv6->black_usv11(机会锁定)
      [ASSIGN] white_usv1->black_usv10(机会锁定)
      [ASSIGN] white_usv5->black_usv13(机会锁定)
      [ASSIGN] white_usv4->black_usv10(机会锁定)
      [ASSIGN] white_usv7->black_usv13(机会锁定)
      [ASSIGN] white_usv10->black_usv13(机会锁定)
      [ASSIGN] white_usv3->black_usv10(机会锁定)
      [ASSIGN] white_usv6->black_usv13(机会锁定)
      [ASSIGN] white_usv1->black_usv8(机会锁定)
      [ASSIGN] white_usv5->black_usv11(机会锁定)
      [ASSIGN] white_usv2->black_usv11(机会锁定)
      [ASSIGN] white_usv4->black_usv8(机会锁定)
      [ASSIGN] white_usv7->black_usv11(机会锁定)
      [ASSIGN] white_usv8->black_usv12(机会锁定)
      [ASSIGN] white_usv10->black_usv11(机会锁定)
      [ASSIGN] white_usv3->black_usv8(机会锁定)
      [ASSIGN] white_usv6->black_usv11(机会锁定)
      [ASSIGN] white_usv9->black_usv12(机会锁定)
      [ASSIGN] white_usv1->black_usv10(机会锁定)
      [ASSIGN] white_usv5->black_usv13(机会锁定)
      [ASSIGN] white_usv2->black_usv10(机会锁定)
      [ASSIGN] white_usv4->black_usv10(机会锁定)
      [ASSIGN] white_usv7->black_usv13(机会锁定)
      [ASSIGN] white_usv10->black_usv13(机会锁定)
      [ASSIGN] white_usv3->black_usv10(机会锁定)
      [ASSIGN] white_usv6->black_usv13(机会锁定)
      [ASSIGN] white_usv1->black_usv8(机会锁定)
      [ASSIGN] white_usv5->black_usv11(机会锁定)
      [ASSIGN] white_usv2->black_usv11(机会锁定)
      [ASSIGN] white_usv4->black_usv8(机会锁定)
      [ASSIGN] white_usv7->black_usv11(机会锁定)
      [ASSIGN] white_usv10->black_usv11(机会锁定)
      [ASSIGN] white_usv3->black_usv8(机会锁定)
      [ASSIGN] white_usv6->black_usv11(机会锁定)
[t=8,249s] step=280 | MISSION=NORMAL_C | USV: 10/10 (avail=0 int=8 lock=2 frz=0) | UAV: air=10 rtb=0 chg=0 loiter=0 | TRACKS: vis=14 lost=4 engaged=1 | TOP: black_usv11(x182,370) black_usv8(x184,010) black_usv17(x183,505) | KILL=4 | ACTIONS=20 | INTENT: focus=2 ratio=0.20
      [KILL] black_usv13
      [ASSIGN] white_usv1->black_usv10(机会锁定)
      [ASSIGN] white_usv5->black_usv10(机会锁定)
      [ASSIGN] white_usv2->black_usv10(机会锁定)
      [ASSIGN] white_usv4->black_usv10(机会锁定)
      [ASSIGN] white_usv7->black_usv10(机会锁定)
      [ASSIGN] white_usv3->black_usv10(机会锁定)
      [ASSIGN] white_usv6->black_usv17(机会锁定)
      [ASSIGN] white_usv1->black_usv8(机会锁定)
      [ASSIGN] white_usv5->black_usv8(机会锁定)
      [ASSIGN] white_usv2->black_usv8(机会锁定)
      [ASSIGN] white_usv7->black_usv11(机会锁定)
      [ASSIGN] white_usv3->black_usv8(机会锁定)
      [ASSIGN] white_usv1->black_usv10(机会锁定)
      [ASSIGN] white_usv5->black_usv10(机会锁定)
      [ASSIGN] white_usv2->black_usv10(机会锁定)
      [ASSIGN] white_usv7->black_usv10(机会锁定)
      [ASSIGN] white_usv3->black_usv10(机会锁定)
      [KILL] black_usv11
      [ASSIGN] white_usv5->black_usv8(机会锁定)
      [ASSIGN] white_usv2->black_usv8(机会锁定)
      [ASSIGN] white_usv7->black_usv12(机会锁定)
      [RELEASE] white_usv10->black_usv11(目标失效)
      [ASSIGN] white_usv10->black_usv18
      [ASSIGN] white_usv8->black_usv14(机会锁定)
      [ASSIGN] white_usv9->black_usv17(机会锁定)
      [ASSIGN] white_usv1->black_usv8(机会锁定)
      [ASSIGN] white_usv10->black_usv12(机会锁定)
      [ASSIGN] white_usv3->black_usv8(机会锁定)
      [DETECT] black_usv2
      [DETECT] black_usv3
      [ASSIGN] white_usv1->black_usv10(机会锁定)
      [ASSIGN] white_usv5->black_usv10(机会锁定)
      [ASSIGN] white_usv2->black_usv10(机会锁定)
      [ASSIGN] white_usv7->black_usv10(机会锁定)
      [ASSIGN] white_usv10->black_usv17(机会锁定)
      [ASSIGN] white_usv3->black_usv10(机会锁定)
[t=8,617s] step=290 | MISSION=NORMAL_C | USV: 9/10 (avail=0 int=8 lock=1 frz=0) | UAV: air=10 rtb=0 chg=0 loiter=0 | TRACKS: vis=14 lost=1 engaged=1 | TOP: black_usv18(x181,432) black_usv9(x182,716) black_usv7(x182,771) | KILL=6 | ACTIONS=19 | INTENT: focus=2 ratio=0.20
      [ASSIGN] white_usv1->black_usv8(机会锁定)
      [ASSIGN] white_usv5->black_usv8(机会锁定)
      [ASSIGN] white_usv2->black_usv8(机会锁定)
      [ASSIGN] white_usv4->black_usv8(机会锁定)
      [ASSIGN] white_usv7->black_usv12(机会锁定)
      [ASSIGN] white_usv10->black_usv12(机会锁定)
      [ASSIGN] white_usv3->black_usv8(机会锁定)
      [ASSIGN] white_usv9->black_usv12(机会锁定)
      [KILL] black_usv8
      [RELEASE] white_usv1->black_usv8(目标失效)
      [ASSIGN] white_usv1->black_usv10(机会锁定)
      [RELEASE] white_usv5->black_usv8(目标失效)
      [ASSIGN] white_usv5->black_usv10(机会锁定)
      [RELEASE] white_usv2->black_usv8(目标失效)
      [ASSIGN] white_usv2->black_usv10(机会锁定)
      [RELEASE] white_usv4->black_usv8(目标失效)
      [ASSIGN] white_usv4->black_usv10(机会锁定)
      [ASSIGN] white_usv7->black_usv10(机会锁定)
      [ASSIGN] white_usv10->black_usv17(机会锁定)
      [RELEASE] white_usv3->black_usv8(目标失效)
      [ASSIGN] white_usv3->black_usv10(机会锁定)
      [ASSIGN] white_usv9->black_usv17(机会锁定)
      [ASSIGN] white_usv5->black_usv12(机会锁定)
      [ASSIGN] white_usv2->black_usv9(机会锁定)
      [ASSIGN] white_usv7->black_usv12(机会锁定)
      [ASSIGN] white_usv10->black_usv12(机会锁定)
      [ASSIGN] white_usv9->black_usv12(机会锁定)
      [KILL] black_usv10
      [RELEASE] white_usv1->black_usv10(目标失效)
      [RELEASE] white_usv4->black_usv10(目标失效)
      [ASSIGN] white_usv7->black_usv17(机会锁定)
      [ASSIGN] white_usv10->black_usv17(机会锁定)
      [RELEASE] white_usv3->black_usv10(目标失效)
      [ASSIGN] white_usv9->black_usv17(机会锁定)
      [ASSIGN] white_usv1->black_usv15
      [ASSIGN] white_usv4->black_usv18
      [ASSIGN] white_usv7->black_usv12(机会锁定)
      [ASSIGN] white_usv8->black_usv12(机会锁定)
      [ASSIGN] white_usv10->black_usv12(机会锁定)
      [ASSIGN] white_usv3->black_usv7
      [ASSIGN] white_usv9->black_usv12(机会锁定)
      [DETECT] black_usv19
      [ASSIGN] white_usv7->black_usv17(机会锁定)
      [ASSIGN] white_usv8->black_usv17(机会锁定)
      [ASSIGN] white_usv10->black_usv17(机会锁定)
      [ASSIGN] white_usv3->black_usv9(机会锁定)
      [ASSIGN] white_usv9->black_usv17(机会锁定)
      [DETECT] black_usv20
      [ASSIGN] white_usv7->black_usv14(机会锁定)
      [ASSIGN] white_usv8->black_usv14(机会锁定)
      [ASSIGN] white_usv10->black_usv14(机会锁定)
      [ASSIGN] white_usv9->black_usv14(机会锁定)
      [ASSIGN] white_usv7->black_usv17(机会锁定)
      [ASSIGN] white_usv8->black_usv17(机会锁定)
      [ASSIGN] white_usv10->black_usv17(机会锁定)
      [ASSIGN] white_usv9->black_usv17(机会锁定)
      [ASSIGN] white_usv7->black_usv14(机会锁定)
      [ASSIGN] white_usv8->black_usv14(机会锁定)
      [ASSIGN] white_usv10->black_usv14(机会锁定)
      [ASSIGN] white_usv9->black_usv14(机会锁定)
      [ASSIGN] white_usv5->black_usv17(机会锁定)
      [ASSIGN] white_usv7->black_usv17(机会锁定)
      [ASSIGN] white_usv8->black_usv17(机会锁定)
      [ASSIGN] white_usv10->black_usv17(机会锁定)
      [ASSIGN] white_usv9->black_usv17(机会锁定)
[t=9,022s] step=300 | MISSION=NORMAL_C | USV: 9/10 (avail=0 int=7 lock=2 frz=0) | UAV: air=10 rtb=0 chg=0 loiter=0 | TRACKS: vis=9 lost=3 engaged=1 | TOP: black_usv17(x180,003) black_usv7(x179,142) black_usv19(x182,723) | KILL=7 | ACTIONS=19 | INTENT: focus=2 ratio=0.20
      [ASSIGN] white_usv5->black_usv12(机会锁定)
      [ASSIGN] white_usv2->black_usv7(机会锁定)
      [ASSIGN] white_usv7->black_usv12(机会锁定)
      [ASSIGN] white_usv8->black_usv12(机会锁定)
      [ASSIGN] white_usv10->black_usv12(机会锁定)
      [ASSIGN] white_usv9->black_usv12(机会锁定)
      [KILL] black_usv12
      [RELEASE] white_usv5->black_usv12(目标失效)
      [ASSIGN] white_usv5->black_usv17(机会锁定)
      [RELEASE] white_usv7->black_usv12(目标失效)
      [ASSIGN] white_usv7->black_usv17(机会锁定)
      [RELEASE] white_usv8->black_usv12(目标失效)
      [ASSIGN] white_usv8->black_usv17(机会锁定)
      [RELEASE] white_usv10->black_usv12(目标失效)
      [ASSIGN] white_usv10->black_usv17(机会锁定)
      [RELEASE] white_usv9->black_usv12(目标失效)
      [ASSIGN] white_usv9->black_usv17(机会锁定)
      [ASSIGN] white_usv5->black_usv14(机会锁定)
      [ASSIGN] white_usv7->black_usv14(机会锁定)
      [ASSIGN] white_usv8->black_usv14(机会锁定)
      [ASSIGN] white_usv10->black_usv14(机会锁定)
      [ASSIGN] white_usv9->black_usv14(机会锁定)
      [ASSIGN] white_usv5->black_usv17(机会锁定)
      [ASSIGN] white_usv7->black_usv17(机会锁定)
      [ASSIGN] white_usv8->black_usv17(机会锁定)
      [ASSIGN] white_usv10->black_usv17(机会锁定)
      [ASSIGN] white_usv9->black_usv17(机会锁定)
      [KILL] black_usv17
      [RELEASE] white_usv5->black_usv17(目标失效)
      [ASSIGN] white_usv5->black_usv14(机会锁定)
      [RELEASE] white_usv7->black_usv17(目标失效)
      [ASSIGN] white_usv7->black_usv14(机会锁定)
      [RELEASE] white_usv8->black_usv17(目标失效)
      [RELEASE] white_usv10->black_usv17(目标失效)
      [ASSIGN] white_usv10->black_usv14(机会锁定)
      [RELEASE] white_usv9->black_usv17(目标失效)
      [ASSIGN] white_usv9->black_usv14(机会锁定)
      [ASSIGN] white_usv8->black_usv19
      [ASSIGN] white_usv10->black_usv18(机会锁定)
      [ASSIGN] white_usv9->black_usv18(机会锁定)
      [ASSIGN] white_usv8->black_usv14(机会锁定)
      [ASSIGN] white_usv2->black_usv9(机会锁定)
[t=9,408s] step=310 | MISSION=NORMAL_C | USV: 9/10 (avail=0 int=7 lock=2 frz=0) | UAV: air=10 rtb=0 chg=0 loiter=0 | TRACKS: vis=10 lost=0 engaged=1 | TOP: black_usv19(x179,417) black_usv6(x183,390) black_usv20(x184,908) | KILL=8 | ACTIONS=19 | INTENT: focus=2 ratio=0.20
      [KILL] black_usv14
      [RELEASE] white_usv5->black_usv14(目标失效)
      [ASSIGN] white_usv2->black_usv7(机会锁定)
      [RELEASE] white_usv7->black_usv14(目标失效)
      [ASSIGN] white_usv7->black_usv18(机会锁定)
      [RELEASE] white_usv8->black_usv14(目标失效)
      [ASSIGN] white_usv5->black_usv6
      [ASSIGN] white_usv8->black_usv19
      [KILL] black_usv9
      [RELEASE] white_usv3->black_usv9(目标失效)
      [RELEASE] white_usv1->black_usv15(目标失效)
      [RELEASE] white_usv8->black_usv19(目标失效)
      [ASSIGN] white_usv3->black_usv4
      [ASSIGN] white_usv1->black_usv5
      [ASSIGN] white_usv8->black_usv18(机会锁定)
      [ASSIGN] white_usv3->black_usv7(机会锁定)
[t=9,788s] step=320 | MISSION=NORMAL_C | USV: 8/10 (avail=0 int=8 lock=0 frz=0) | UAV: air=10 rtb=0 chg=0 loiter=0 | TRACKS: vis=5 lost=0 engaged=0 | TOP: black_usv7(x175,209) black_usv6(x180,296) black_usv4(x184,361) | KILL=10 | ACTIONS=18 | INTENT: focus=2 ratio=0.20
[t=10,187s] step=330 | MISSION=NORMAL_C | USV: 8/10 (avail=0 int=8 lock=0 frz=0) | UAV: air=10 rtb=0 chg=0 loiter=0 | TRACKS: vis=5 lost=0 engaged=0 | TOP: black_usv4(x181,279) black_usv6(x177,048) black_usv5(x185,353) | KILL=10 | ACTIONS=18 | INTENT: focus=2 ratio=0.20
      [DETECT] black_usv15
      [KILL] black_usv18
      [RELEASE] white_usv4->black_usv18(目标失效)
      [RELEASE] white_usv7->black_usv18(目标失效)
      [ASSIGN] white_usv7->black_usv15(机会锁定)
      [RELEASE] white_usv8->black_usv18(目标失效)
      [RELEASE] white_usv10->black_usv18(目标失效)
      [ASSIGN] white_usv10->black_usv15(机会锁定)
      [ASSIGN] white_usv4->black_usv4
      [ASSIGN] white_usv8->black_usv6
      [KILL] black_usv7
      [RELEASE] white_usv2->black_usv7(目标失效)
      [RELEASE] white_usv3->black_usv7(目标失效)
      [ASSIGN] white_usv2->black_usv5
      [ASSIGN] white_usv3->black_usv4
[t=10,560s] step=340 | MISSION=NORMAL_C | USV: 8/10 (avail=0 int=8 lock=0 frz=0) | UAV: air=10 rtb=0 chg=0 loiter=0 | TRACKS: vis=4 lost=0 engaged=0 | TOP: black_usv15(x175,195) black_usv6(x174,011) black_usv4(x178,397) | KILL=10 | ACTIONS=18 | INTENT: focus=2 ratio=0.20
      [DETECT] black_usv2
      [DETECT] black_usv3
      [DETECT] black_usv1
      [ASSIGN] white_usv3->black_usv6(机会锁定)
[t=10,952s] step=350 | MISSION=NORMAL_C | USV: 8/10 (avail=0 int=7 lock=1 frz=0) | UAV: air=10 rtb=0 chg=0 loiter=0 | TRACKS: vis=6 lost=1 engaged=1 | TOP: black_usv2(x193,613) black_usv3(x194,353) black_usv1(x203,853) | KILL=11 | ACTIONS=18 | INTENT: focus=2 ratio=0.20
      [DETECT] black_usv19
      [ASSIGN] white_usv10->black_usv19(机会锁定)
      [ASSIGN] white_usv10->black_usv15(机会锁定)
      [ASSIGN] white_usv10->black_usv19(机会锁定)
[t=11,339s] step=360 | MISSION=NORMAL_C | USV: 8/10 (avail=0 int=6 lock=2 frz=0) | UAV: air=10 rtb=0 chg=0 loiter=0 | TRACKS: vis=8 lost=0 engaged=2 | TOP: black_usv19(x162,873) black_usv2(x191,262) black_usv3(x192,028) | KILL=11 | ACTIONS=18 | INTENT: focus=2 ratio=0.20
      [ASSIGN] white_usv2->black_usv6(机会锁定)
      [KILL] black_usv15
      [RELEASE] white_usv7->black_usv15(目标失效)
      [ASSIGN] white_usv7->black_usv2
[t=11,741s] step=370 | MISSION=NORMAL_C | USV: 8/10 (avail=0 int=7 lock=1 frz=0) | UAV: air=10 rtb=0 chg=0 loiter=0 | TRACKS: vis=6 lost=1 engaged=1 | TOP: black_usv19(x159,438) black_usv3(x189,624) black_usv1(x199,809) | KILL=12 | ACTIONS=18 | INTENT: focus=2 ratio=0.20
      [ASSIGN] white_usv1->black_usv6(机会锁定)
      [KILL] black_usv6
      [RELEASE] white_usv1->black_usv6(目标失效)
      [RELEASE] white_usv5->black_usv6(目标失效)
      [RELEASE] white_usv2->black_usv6(目标失效)
      [RELEASE] white_usv8->black_usv6(目标失效)
      [RELEASE] white_usv3->black_usv6(目标失效)
      [ASSIGN] white_usv1->black_usv1
      [ASSIGN] white_usv5->black_usv3
      [ASSIGN] white_usv2->black_usv5
      [ASSIGN] white_usv8->black_usv19
      [ASSIGN] white_usv3->black_usv4
[t=12,151s] step=380 | MISSION=NORMAL_C | USV: 8/10 (avail=5 int=2 lock=1 frz=0) | UAV: air=10 rtb=0 chg=0 loiter=0 | TRACKS: vis=6 lost=0 engaged=1 | TOP: black_usv5(x170,964) black_usv19(x157,400) black_usv2(x186,347) | KILL=12 | ACTIONS=18 | INTENT: focus=2 ratio=0.20
      [ASSIGN] white_usv2->black_usv4(机会锁定)
[t=12,559s] step=390 | MISSION=NORMAL_C | USV: 8/10 (avail=0 int=8 lock=0 frz=0) | UAV: air=10 rtb=0 chg=0 loiter=0 | TRACKS: vis=6 lost=0 engaged=0 | TOP: black_usv5(x167,975) black_usv2(x183,874) black_usv3(x184,722) | KILL=13 | ACTIONS=18 | INTENT: focus=2 ratio=0.20
      [ASSIGN] white_usv2->black_usv5(机会锁定)
      [KILL] black_usv19
      [RELEASE] white_usv8->black_usv19(目标失效)
      [RELEASE] white_usv10->black_usv19(目标失效)
      [ASSIGN] white_usv8->black_usv5
      [ASSIGN] white_usv10->black_usv2
[t=12,974s] step=400 | MISSION=NORMAL_C | USV: 8/10 (avail=2 int=5 lock=1 frz=0) | UAV: air=10 rtb=0 chg=0 loiter=0 | TRACKS: vis=5 lost=0 engaged=1 | TOP: black_usv3(x182,235) black_usv5(x164,934) black_usv1(x193,489) | KILL=13 | ACTIONS=18 | INTENT: focus=2 ratio=0.20
      [ASSIGN] white_usv2->black_usv4(机会锁定)
      [ASSIGN] white_usv1->black_usv5(机会锁定)
      [ASSIGN] white_usv5->black_usv5(机会锁定)
[t=13,378s] step=410 | MISSION=NORMAL_C | USV: 8/10 (avail=0 int=6 lock=2 frz=0) | UAV: air=10 rtb=0 chg=0 loiter=0 | TRACKS: vis=4 lost=1 engaged=1 | TOP: black_usv5(x163,227) black_usv4(x156,625) black_usv3(x179,814) | KILL=13 | ACTIONS=18 | INTENT: focus=2 ratio=0.20
      [ASSIGN] white_usv1->black_usv4(机会锁定)
      [ASSIGN] white_usv1->black_usv5(机会锁定)
      [ASSIGN] white_usv1->black_usv4(机会锁定)
[t=13,823s] step=420 | MISSION=NORMAL_C | USV: 8/10 (avail=0 int=8 lock=0 frz=0) | UAV: air=10 rtb=0 chg=0 loiter=0 | TRACKS: vis=5 lost=0 engaged=0 | TOP: black_usv3(x177,147) black_usv1(x189,138) black_usv4(x156,355) | KILL=15 | ACTIONS=18 | INTENT: focus=2 ratio=0.20
      [ASSIGN] white_usv1->black_usv5(机会锁定)
      [ASSIGN] white_usv1->black_usv4(机会锁定)
      [ASSIGN] white_usv1->black_usv5(机会锁定)
      [ASSIGN] white_usv2->black_usv5(机会锁定)
      [KILL] black_usv4
      [RELEASE] white_usv4->black_usv4(目标失效)
      [RELEASE] white_usv3->black_usv4(目标失效)
      [ASSIGN] white_usv4->black_usv1
      [ASSIGN] white_usv3->black_usv3
      [ASSIGN] white_usv3->black_usv5(机会锁定)
[t=14,315s] step=430 | MISSION=NORMAL_C | USV: 8/10 (avail=0 int=8 lock=0 frz=0) | UAV: air=10 rtb=0 chg=0 loiter=0 | TRACKS: vis=4 lost=0 engaged=0 | TOP: black_usv3(x174,199) black_usv1(x186,616) black_usv5(x161,872) | KILL=15 | ACTIONS=18 | INTENT: focus=2 ratio=0.20
      [KILL] black_usv5
      [RELEASE] white_usv1->black_usv5(目标失效)
      [RELEASE] white_usv5->black_usv5(目标失效)
      [RELEASE] white_usv2->black_usv5(目标失效)
      [RELEASE] white_usv8->black_usv5(目标失效)
      [RELEASE] white_usv3->black_usv5(目标失效)
      [ASSIGN] white_usv1->black_usv3
      [ASSIGN] white_usv5->black_usv3
      [ASSIGN] white_usv2->black_usv1
      [ASSIGN] white_usv8->black_usv3
      [ASSIGN] white_usv3->black_usv2
[t=14,756s] step=440 | MISSION=NORMAL_C | USV: 8/10 (avail=0 int=8 lock=0 frz=0) | UAV: air=10 rtb=0 chg=0 loiter=0 | TRACKS: vis=3 lost=0 engaged=0 | TOP: black_usv2(x170,559) black_usv3(x171,556) black_usv1(x184,355) | KILL=15 | ACTIONS=18 | INTENT: focus=2 ratio=0.20
[t=15,226s] step=450 | MISSION=NORMAL_C | USV: 8/10 (avail=0 int=8 lock=0 frz=0) | UAV: air=10 rtb=0 chg=0 loiter=0 | TRACKS: vis=3 lost=0 engaged=0 | TOP: black_usv2(x167,711) black_usv3(x168,739) black_usv1(x181,946) | KILL=15 | ACTIONS=18 | INTENT: focus=2 ratio=0.20
[t=15,704s] step=460 | MISSION=NORMAL_C | USV: 8/10 (avail=0 int=8 lock=0 frz=0) | UAV: air=10 rtb=0 chg=0 loiter=0 | TRACKS: vis=1 lost=2 engaged=0 | TOP: black_usv2(x164,814) black_usv3(x166,025) black_usv1(x179,496) | KILL=16 | ACTIONS=18 | INTENT: focus=2 ratio=0.20
      [ASSIGN] white_usv2->black_usv3(机会锁定)
      [ASSIGN] white_usv1->black_usv2(机会锁定)
      [ASSIGN] white_usv5->black_usv2(机会锁定)
      [ASSIGN] white_usv3->black_usv3(机会锁定)
[t=16,216s] step=470 | MISSION=NORMAL_C | USV: 8/10 (avail=0 int=6 lock=2 frz=0) | UAV: air=10 rtb=0 chg=0 loiter=0 | TRACKS: vis=3 lost=0 engaged=1 | TOP: black_usv1(x176,872) black_usv2(x161,711) black_usv3(x166,025) | KILL=16 | ACTIONS=18 | INTENT: focus=2 ratio=0.20
      [KILL] black_usv3
      [RELEASE] white_usv2->black_usv3(目标失效)
      [RELEASE] white_usv8->black_usv3(目标失效)
      [RELEASE] white_usv3->black_usv3(目标失效)
      [ASSIGN] white_usv2->black_usv1
      [ASSIGN] white_usv3->black_usv1
      [ASSIGN] white_usv2->black_usv2(机会锁定)
      [ASSIGN] white_usv8->black_usv1
      [ASSIGN] white_usv3->black_usv2(机会锁定)
[t=16,706s] step=480 | MISSION=NORMAL_C | USV: 8/10 (avail=1 int=7 lock=0 frz=0) | UAV: air=10 rtb=0 chg=0 loiter=0 | TRACKS: vis=2 lost=0 engaged=0 | TOP: black_usv2(x160,378) black_usv1(x174,361) | KILL=17 | ACTIONS=18 | INTENT: focus=2 ratio=0.20
      [KILL] black_usv2
      [RELEASE] white_usv1->black_usv2(目标失效)
      [RELEASE] white_usv5->black_usv2(目标失效)
      [RELEASE] white_usv2->black_usv2(目标失效)
      [RELEASE] white_usv7->black_usv2(目标失效)
      [RELEASE] white_usv10->black_usv2(目标失效)
      [RELEASE] white_usv3->black_usv2(目标失效)
      [ASSIGN] white_usv1->black_usv1
[t=17,227s] step=490 | MISSION=NORMAL_C | USV: 8/10 (avail=5 int=3 lock=0 frz=0) | UAV: air=10 rtb=0 chg=0 loiter=0 | TRACKS: vis=0 lost=1 engaged=0 | TOP: black_usv1(x171,690) | KILL=17 | ACTIONS=18 | INTENT: focus=2 ratio=0.20
[t=17,746s] step=500 | MISSION=NORMAL_C | USV: 8/10 (avail=5 int=2 lock=1 frz=0) | UAV: air=10 rtb=0 chg=0 loiter=0 | TRACKS: vis=1 lost=0 engaged=1 | TOP: black_usv1(x169,512) | KILL=17 | ACTIONS=18 | INTENT: focus=2 ratio=0.20
[t=18,276s] step=510 | MISSION=NORMAL_C | USV: 8/10 (avail=5 int=3 lock=0 frz=0) | UAV: air=10 rtb=0 chg=0 loiter=0 | TRACKS: vis=1 lost=0 engaged=0 | TOP: black_usv1(x169,194) | KILL=18 | ACTIONS=18 | INTENT: focus=2 ratio=0.20
      [KILL] black_usv1
      [RELEASE] white_usv1->black_usv1(目标失效)
      [RELEASE] white_usv4->black_usv1(目标失效)
      [RELEASE] white_usv8->black_usv1(目标失效)
[t=18,830s] step=520 | MISSION=GLOBAL_R | USV: 8/10 (avail=8 int=0 lock=0 frz=0) | UAV: air=10 rtb=0 chg=0 loiter=0 | TRACKS: vis=0 lost=0 engaged=0 | TOP:  | KILL=18 | ACTIONS=18 | INTENT: focus=2 ratio=0.20
[t=19,388s] step=530 | MISSION=GLOBAL_R | USV: 8/10 (avail=8 int=0 lock=0 frz=0) | UAV: air=10 rtb=0 chg=0 loiter=0 | TRACKS: vis=0 lost=0 engaged=0 | TOP:  | KILL=18 | ACTIONS=18 | INTENT: focus=2 ratio=0.20
[t=19,913s] step=540 | MISSION=GLOBAL_R | USV: 8/10 (avail=8 int=0 lock=0 frz=0) | UAV: air=10 rtb=0 chg=0 loiter=0 | TRACKS: vis=0 lost=0 engaged=0 | TOP:  | KILL=18 | ACTIONS=18 | INTENT: focus=2 ratio=0.20
[t=20,463s] step=550 | MISSION=GLOBAL_R | USV: 8/10 (avail=8 int=0 lock=0 frz=0) | UAV: air=10 rtb=0 chg=0 loiter=0 | TRACKS: vis=0 lost=0 engaged=0 | TOP:  | KILL=18 | ACTIONS=18 | INTENT: focus=2 ratio=0.20
[t=20,996s] step=560 | MISSION=GLOBAL_R | USV: 8/10 (avail=8 int=0 lock=0 frz=0) | UAV: air=10 rtb=0 chg=0 loiter=0 | TRACKS: vis=0 lost=0 engaged=0 | TOP:  | KILL=18 | ACTIONS=18 | INTENT: focus=2 ratio=0.20
[t=21,528s] step=570 | MISSION=GLOBAL_R | USV: 8/10 (avail=8 int=0 lock=0 frz=0) | UAV: air=10 rtb=0 chg=0 loiter=0 | TRACKS: vis=0 lost=0 engaged=0 | TOP:  | KILL=18 | ACTIONS=18 | INTENT: focus=2 ratio=0.20
      [DETECT] black_usv16
      [ASSIGN] white_usv7->black_usv16
      [ASSIGN] white_usv8->black_usv16
      [ASSIGN] white_usv10->black_usv16
      [RELEASE] white_usv7->black_usv16(目标失效)
      [RELEASE] white_usv8->black_usv16(目标失效)
      [RELEASE] white_usv10->black_usv16(目标失效)
[t=22,078s] step=580 | MISSION=GLOBAL_R | USV: 8/10 (avail=8 int=0 lock=0 frz=0) | UAV: air=10 rtb=0 chg=0 loiter=0 | TRACKS: vis=0 lost=0 engaged=0 | TOP:  | KILL=18 | ACTIONS=18 | INTENT: focus=2 ratio=0.20
      [DETECT] black_usv16
      [ASSIGN] white_usv7->black_usv16
      [ASSIGN] white_usv8->black_usv16
      [ASSIGN] white_usv10->black_usv16
[t=22,640s] step=590 | MISSION=NORMAL_C | USV: 8/10 (avail=5 int=3 lock=0 frz=0) | UAV: air=10 rtb=0 chg=0 loiter=0 | TRACKS: vis=1 lost=0 engaged=0 | TOP: black_usv16(x81,656) | KILL=18 | ACTIONS=18 | INTENT: focus=2 ratio=0.20
[t=23,198s] step=600 | MISSION=NORMAL_C | USV: 8/10 (avail=5 int=3 lock=0 frz=0) | UAV: air=10 rtb=0 chg=0 loiter=0 | TRACKS: vis=0 lost=1 engaged=0 | TOP: black_usv16(x76,090) | KILL=18 | ACTIONS=18 | INTENT: focus=2 ratio=0.20
      [UAV RTB] white_uav10(电量1653<1399+300)
      [RELEASE] white_usv7->black_usv16(目标失效)
      [RELEASE] white_usv8->black_usv16(目标失效)
      [RELEASE] white_usv10->black_usv16(目标失效)
      [UAV RTB] white_uav9(电量1381<1109+300)
      [UAV RTB] white_uav5(电量1276<993+300)
      [UAV RTB] white_uav8(电量1277<1013+300)
[t=23,744s] step=610 | MISSION=GLOBAL_R | USV: 8/10 (avail=8 int=0 lock=0 frz=0) | UAV: air=6 rtb=4 chg=0 loiter=0 | TRACKS: vis=0 lost=0 engaged=0 | TOP:  | KILL=18 | ACTIONS=18 | INTENT: focus=2 ratio=0.20
      [UAV RTB] white_uav7(电量1215<967+300)
      [UAV RTB] white_uav6(电量1218<929+300)
      [UAV RTB] white_uav2(电量1064<808+300)
      [UAV RTB] white_uav3(电量841<558+300)
      [UAV RTB] white_uav4(电量786<499+300)
      [UAV RTB] white_uav1(电量734<467+300)
[t=24,280s] step=620 | MISSION=GLOBAL_R | USV: 8/10 (avail=8 int=0 lock=0 frz=0) | UAV: air=0 rtb=10 chg=0 loiter=0 | TRACKS: vis=0 lost=0 engaged=0 | TOP:  | KILL=18 | ACTIONS=18 | INTENT: focus=2 ratio=0.20
      [UAV LAND] white_uav4->white_usv10
      [UAV LAND] white_uav7->white_usv10
      [UAV LAND] white_uav1->white_usv10
      [UAV RTB] white_uav4(电量204<4+300)
      [UAV LAND] white_uav4->white_usv10
      [UAV LAND] white_uav3->white_usv10
[t=24,811s] step=630 | MISSION=GLOBAL_R | USV: 8/10 (avail=8 int=0 lock=0 frz=0) | UAV: air=0 rtb=6 chg=4 loiter=0 | TRACKS: vis=0 lost=0 engaged=0 | TOP:  | KILL=18 | ACTIONS=18 | INTENT: focus=2 ratio=0.20
      [UAV RTB] white_uav7(电量147<8+300)
      [UAV LAND] white_uav7->white_usv10
      [UAV RTB] white_uav1(电量148<32+300)
      [UAV RTB] white_uav4(电量149<6+300)
      [UAV LAND] white_uav4->white_usv10
      [UAV RTB] white_uav3(电量149<41+300)
      [UAV LAND] white_uav6->white_usv10
      [UAV LAND] white_uav2->white_usv10
      [UAV LAND] white_uav5->white_usv10
      [UAV RTB] white_uav7(电量76<15+300)
      [UAV LAND] white_uav7->white_usv10
      [UAV RTB] white_uav4(电量78<19+300)
      [UAV LAND] white_uav4->white_usv10
      [UAV LAND] white_uav3->white_usv10
      [UAV RTB] white_uav6(电量79<64+300)
      [UAV LAND] white_uav9->white_usv7
      [UAV RTB] white_uav2(电量82<67+300)
      [UAV RTB] white_uav5(电量83<63+300)
      [UAV RTB] white_uav7(电量21<13+300)
      [UAV LAND] white_uav7->white_usv10
      [UAV RTB] white_uav4(电量23<10+300)
      [UAV LAND] white_uav4->white_usv10
      [UAV RTB] white_uav3(电量23<24+300)
      [UAV RTB] white_uav9(电量25<2+300)
      [UAV LAND] white_uav9->white_usv7
[t=25,349s] step=640 | MISSION=GLOBAL_R | USV: 8/10 (avail=8 int=0 lock=0 frz=0) | UAV: air=0 rtb=0 chg=0 loiter=0 | TRACKS: vis=0 lost=0 engaged=0 | TOP:  | KILL=18 | ACTIONS=8 | INTENT: focus=2 ratio=0.20
[t=25,579s] step=650 | MISSION=GLOBAL_R | USV: 8/10 (avail=8 int=0 lock=0 frz=0) | UAV: air=0 rtb=0 chg=0 loiter=0 | TRACKS: vis=0 lost=0 engaged=0 | TOP:  | KILL=18 | ACTIONS=8 | INTENT: focus=2 ratio=0.20
[t=25,809s] step=660 | MISSION=GLOBAL_R | USV: 8/10 (avail=8 int=0 lock=0 frz=0) | UAV: air=0 rtb=0 chg=0 loiter=0 | TRACKS: vis=0 lost=0 engaged=0 | TOP:  | KILL=18 | ACTIONS=8 | INTENT: focus=2 ratio=0.20

========================================================================
对局结果: Result.Defeat — 敌方1艘艇突破防线
  击杀蓝舰: 19 | 命中: 36 | 我方USV损失: 2 | UAV损失: 10 | 突破: 1
[META] result=Result.Defeat victory_time=25991 first_detection=1859 first_lock=7372 first_kill=8290 enemy_kills=19 friendly_usv_losses=2 friendly_uav_losses=10 black_breakthrough=1 reacquire_attempts=314 reacquire_success=312 sensor_assisted_locks=97 low_conf_commitments=0 global_reacquire_entries=3 global_reacquire_success=2 coverage_collapse_events=1 active_clusters_max=1 coverage_quality_final=0.18 commander_source=default_intent commander_calls=0 commander_changes=0 commander_no_change=0 commander_parse_failures=0 commander_api_failures=0 commander_policy_failures=0 commander_avg_latency=0.0
Done
