========================================================================
HYBRID AGENT V5 — Variable-Cardinality Hierarchical Maritime Agent
  启用UAV: True | LLM_ENABLED: False
========================================================================
对局 17 开始
      [UAV RELAUNCH] white_uav3
      [UAV RELAUNCH] white_uav5
      [UAV RELAUNCH] white_uav1
      [UAV RELAUNCH] white_uav8
      [UAV RELAUNCH] white_uav2
      [UAV RELAUNCH] white_uav4
      [UAV RELAUNCH] white_uav6
      [UAV RELAUNCH] white_uav9
      [UAV RELAUNCH] white_uav7
      [UAV RELAUNCH] white_uav10
[t=138s] step=10 | MISSION=NORMAL_C | USV: 10/10 (avail=10 int=0 lock=0 frz=0) | UAV: air=10 rtb=0 chg=0 loiter=0 | TRACKS: vis=0 lost=0 engaged=0 | TOP:  | KILL=0 | ACTIONS=20 | INTENT: focus=2 ratio=0.20
  [INTENT APPLIED]
    ThreatAllocator: focus 2 emergency 3 reserve_ratio 0.20 reserve_usvs None bias breakthrough_eta
    UAVManager: mode search_and_reacquire uav_priority []
[t=356s] step=20 | MISSION=NORMAL_C | USV: 10/10 (avail=10 int=0 lock=0 frz=0) | UAV: air=10 rtb=0 chg=0 loiter=0 | TRACKS: vis=0 lost=0 engaged=0 | TOP:  | KILL=0 | ACTIONS=20 | INTENT: focus=2 ratio=0.20
[t=536s] step=30 | MISSION=NORMAL_C | USV: 10/10 (avail=10 int=0 lock=0 frz=0) | UAV: air=10 rtb=0 chg=0 loiter=0 | TRACKS: vis=0 lost=0 engaged=0 | TOP:  | KILL=0 | ACTIONS=20 | INTENT: focus=2 ratio=0.20
[t=663s] step=40 | MISSION=NORMAL_C | USV: 10/10 (avail=10 int=0 lock=0 frz=0) | UAV: air=10 rtb=0 chg=0 loiter=0 | TRACKS: vis=0 lost=0 engaged=0 | TOP:  | KILL=0 | ACTIONS=20 | INTENT: focus=2 ratio=0.20
[t=832s] step=50 | MISSION=NORMAL_C | USV: 10/10 (avail=10 int=0 lock=0 frz=0) | UAV: air=10 rtb=0 chg=0 loiter=0 | TRACKS: vis=0 lost=0 engaged=0 | TOP:  | KILL=0 | ACTIONS=20 | INTENT: focus=2 ratio=0.20
[t=994s] step=60 | MISSION=NORMAL_C | USV: 10/10 (avail=10 int=0 lock=0 frz=0) | UAV: air=10 rtb=0 chg=0 loiter=0 | TRACKS: vis=0 lost=0 engaged=0 | TOP:  | KILL=0 | ACTIONS=20 | INTENT: focus=2 ratio=0.20
[t=1,189s] step=70 | MISSION=NORMAL_C | USV: 10/10 (avail=10 int=0 lock=0 frz=0) | UAV: air=10 rtb=0 chg=0 loiter=0 | TRACKS: vis=0 lost=0 engaged=0 | TOP:  | KILL=0 | ACTIONS=20 | INTENT: focus=2 ratio=0.20
[t=1,337s] step=80 | MISSION=NORMAL_C | USV: 10/10 (avail=10 int=0 lock=0 frz=0) | UAV: air=10 rtb=0 chg=0 loiter=0 | TRACKS: vis=0 lost=0 engaged=0 | TOP:  | KILL=0 | ACTIONS=20 | INTENT: focus=2 ratio=0.20
[t=1,512s] step=90 | MISSION=NORMAL_C | USV: 10/10 (avail=10 int=0 lock=0 frz=0) | UAV: air=10 rtb=0 chg=0 loiter=0 | TRACKS: vis=0 lost=0 engaged=0 | TOP:  | KILL=0 | ACTIONS=20 | INTENT: focus=2 ratio=0.20
[t=1,712s] step=100 | MISSION=NORMAL_C | USV: 10/10 (avail=10 int=0 lock=0 frz=0) | UAV: air=10 rtb=0 chg=0 loiter=0 | TRACKS: vis=0 lost=0 engaged=0 | TOP:  | KILL=0 | ACTIONS=20 | INTENT: focus=2 ratio=0.20
      [DETECT] black_usv13
      [ASSIGN] white_usv6->black_usv13
      [ASSIGN] white_usv8->black_usv13
      [ASSIGN] white_usv7->black_usv13
      [DETECT] black_usv14
      [DETECT] black_usv7
      [DETECT] black_usv9
      [DETECT] black_usv12
      [DETECT] black_usv10
      [DETECT] black_usv15
      [DETECT] black_usv8
      [DETECT] black_usv11
      [ASSIGN] white_usv3->black_usv10
      [ASSIGN] white_usv5->black_usv11
      [ASSIGN] white_usv10->black_usv12
      [ASSIGN] white_usv1->black_usv14
      [ASSIGN] white_usv2->black_usv9
      [ASSIGN] white_usv4->black_usv8
      [DETECT] black_usv6
      [DETECT] black_usv17
      [ASSIGN] white_usv9->black_usv7
      [DETECT] black_usv4
      [DETECT] black_usv16
[t=1,881s] step=110 | MISSION=NORMAL_C | USV: 10/10 (avail=0 int=10 lock=0 frz=0) | UAV: air=10 rtb=0 chg=0 loiter=0 | TRACKS: vis=13 lost=0 engaged=0 | TOP: black_usv17(x242,137) black_usv15(x242,303) black_usv4(x242,992) | KILL=0 | ACTIONS=20 | INTENT: focus=2 ratio=0.20
      [DETECT] black_usv18
      [DETECT] black_usv5
      [DETECT] black_usv19
      [DETECT] black_usv3
      [DETECT] black_usv2
      [DETECT] black_usv20
      [DETECT] black_usv1
[t=2,021s] step=120 | MISSION=NORMAL_C | USV: 10/10 (avail=0 int=10 lock=0 frz=0) | UAV: air=10 rtb=0 chg=0 loiter=0 | TRACKS: vis=20 lost=0 engaged=0 | TOP: black_usv17(x240,815) black_usv15(x240,994) black_usv4(x241,741) | KILL=0 | ACTIONS=20 | INTENT: focus=2 ratio=0.20
[t=2,164s] step=130 | MISSION=NORMAL_C | USV: 10/10 (avail=0 int=10 lock=0 frz=0) | UAV: air=10 rtb=0 chg=0 loiter=0 | TRACKS: vis=20 lost=0 engaged=0 | TOP: black_usv17(x239,406) black_usv15(x239,663) black_usv4(x240,469) | KILL=0 | ACTIONS=20 | INTENT: focus=2 ratio=0.20
[t=2,322s] step=140 | MISSION=NORMAL_C | USV: 10/10 (avail=0 int=10 lock=0 frz=0) | UAV: air=10 rtb=0 chg=0 loiter=0 | TRACKS: vis=20 lost=0 engaged=0 | TOP: black_usv17(x237,840) black_usv15(x238,190) black_usv4(x239,060) | KILL=0 | ACTIONS=20 | INTENT: focus=2 ratio=0.20
[t=2,478s] step=150 | MISSION=NORMAL_C | USV: 10/10 (avail=0 int=10 lock=0 frz=0) | UAV: air=10 rtb=0 chg=0 loiter=0 | TRACKS: vis=20 lost=0 engaged=0 | TOP: black_usv17(x236,279) black_usv15(x236,728) black_usv6(x237,930) | KILL=0 | ACTIONS=20 | INTENT: focus=2 ratio=0.20
[t=2,699s] step=160 | MISSION=NORMAL_C | USV: 10/10 (avail=0 int=10 lock=0 frz=0) | UAV: air=10 rtb=0 chg=0 loiter=0 | TRACKS: vis=19 lost=1 engaged=0 | TOP: black_usv15(x234,673) black_usv6(x235,991) black_usv18(x236,110) | KILL=0 | ACTIONS=20 | INTENT: focus=2 ratio=0.20
[t=2,910s] step=170 | MISSION=NORMAL_C | USV: 10/10 (avail=0 int=10 lock=0 frz=0) | UAV: air=10 rtb=0 chg=0 loiter=0 | TRACKS: vis=19 lost=0 engaged=0 | TOP: black_usv15(x232,705) black_usv6(x234,135) black_usv18(x234,264) | KILL=0 | ACTIONS=20 | INTENT: focus=2 ratio=0.20
[t=3,137s] step=180 | MISSION=NORMAL_C | USV: 10/10 (avail=0 int=10 lock=0 frz=0) | UAV: air=10 rtb=0 chg=0 loiter=0 | TRACKS: vis=19 lost=0 engaged=0 | TOP: black_usv15(x230,588) black_usv6(x232,137) black_usv18(x232,277) | KILL=0 | ACTIONS=20 | INTENT: focus=2 ratio=0.20
[t=3,369s] step=190 | MISSION=NORMAL_C | USV: 10/10 (avail=0 int=10 lock=0 frz=0) | UAV: air=10 rtb=0 chg=0 loiter=0 | TRACKS: vis=19 lost=0 engaged=0 | TOP: black_usv15(x228,424) black_usv6(x230,095) black_usv18(x230,246) | KILL=0 | ACTIONS=20 | INTENT: focus=2 ratio=0.20
[t=3,608s] step=200 | MISSION=NORMAL_C | USV: 10/10 (avail=0 int=10 lock=0 frz=0) | UAV: air=10 rtb=0 chg=0 loiter=0 | TRACKS: vis=19 lost=0 engaged=0 | TOP: black_usv15(x226,187) black_usv6(x227,983) black_usv18(x228,146) | KILL=0 | ACTIONS=20 | INTENT: focus=2 ratio=0.20
[t=3,804s] step=210 | MISSION=NORMAL_C | USV: 10/10 (avail=0 int=10 lock=0 frz=0) | UAV: air=10 rtb=0 chg=0 loiter=0 | TRACKS: vis=18 lost=1 engaged=0 | TOP: black_usv15(x224,367) black_usv6(x226,267) black_usv18(x226,439) | KILL=0 | ACTIONS=20 | INTENT: focus=2 ratio=0.20
[t=3,958s] step=220 | MISSION=NORMAL_C | USV: 10/10 (avail=0 int=10 lock=0 frz=0) | UAV: air=10 rtb=0 chg=0 loiter=0 | TRACKS: vis=18 lost=1 engaged=0 | TOP: black_usv15(x222,931) black_usv6(x224,912) black_usv18(x225,091) | KILL=0 | ACTIONS=20 | INTENT: focus=2 ratio=0.20
[t=4,168s] step=230 | MISSION=NORMAL_C | USV: 10/10 (avail=0 int=10 lock=0 frz=0) | UAV: air=10 rtb=0 chg=0 loiter=0 | TRACKS: vis=17 lost=2 engaged=0 | TOP: black_usv15(x220,972) black_usv6(x223,064) black_usv18(x223,253) | KILL=0 | ACTIONS=20 | INTENT: focus=2 ratio=0.20
[t=4,379s] step=240 | MISSION=NORMAL_C | USV: 10/10 (avail=0 int=10 lock=0 frz=0) | UAV: air=10 rtb=0 chg=0 loiter=0 | TRACKS: vis=18 lost=0 engaged=0 | TOP: black_usv15(x219,004) black_usv6(x221,207) black_usv18(x221,406) | KILL=0 | ACTIONS=20 | INTENT: focus=2 ratio=0.20
[t=4,552s] step=250 | MISSION=NORMAL_C | USV: 10/10 (avail=0 int=10 lock=0 frz=0) | UAV: air=10 rtb=0 chg=0 loiter=0 | TRACKS: vis=17 lost=1 engaged=0 | TOP: black_usv6(x219,685) black_usv18(x219,892) black_usv3(x222,426) | KILL=0 | ACTIONS=20 | INTENT: focus=2 ratio=0.20
[t=4,796s] step=260 | MISSION=NORMAL_C | USV: 10/10 (avail=0 int=10 lock=0 frz=0) | UAV: air=10 rtb=0 chg=0 loiter=0 | TRACKS: vis=18 lost=0 engaged=0 | TOP: black_usv6(x217,533) black_usv18(x217,751) black_usv3(x220,427) | KILL=0 | ACTIONS=20 | INTENT: focus=2 ratio=0.20
[t=5,001s] step=270 | MISSION=NORMAL_C | USV: 10/10 (avail=0 int=10 lock=0 frz=0) | UAV: air=10 rtb=0 chg=0 loiter=0 | TRACKS: vis=17 lost=1 engaged=0 | TOP: black_usv6(x215,734) black_usv18(x215,962) black_usv3(x218,758) | KILL=0 | ACTIONS=20 | INTENT: focus=2 ratio=0.20
[t=5,249s] step=280 | MISSION=NORMAL_C | USV: 10/10 (avail=0 int=10 lock=0 frz=0) | UAV: air=10 rtb=0 chg=0 loiter=0 | TRACKS: vis=18 lost=0 engaged=0 | TOP: black_usv6(x213,551) black_usv18(x213,792) black_usv3(x216,731) | KILL=0 | ACTIONS=20 | INTENT: focus=2 ratio=0.20
[t=5,488s] step=290 | MISSION=NORMAL_C | USV: 10/10 (avail=0 int=10 lock=0 frz=0) | UAV: air=10 rtb=0 chg=0 loiter=0 | TRACKS: vis=18 lost=0 engaged=0 | TOP: black_usv6(x211,444) black_usv18(x211,696) black_usv3(x214,775) | KILL=0 | ACTIONS=20 | INTENT: focus=2 ratio=0.20
[t=5,745s] step=300 | MISSION=NORMAL_C | USV: 10/10 (avail=0 int=10 lock=0 frz=0) | UAV: air=10 rtb=0 chg=0 loiter=0 | TRACKS: vis=17 lost=1 engaged=0 | TOP: black_usv6(x209,187) black_usv18(x209,450) black_usv3(x212,679) | KILL=0 | ACTIONS=20 | INTENT: focus=2 ratio=0.20
[t=5,974s] step=310 | MISSION=NORMAL_C | USV: 10/10 (avail=0 int=10 lock=0 frz=0) | UAV: air=10 rtb=0 chg=0 loiter=0 | TRACKS: vis=16 lost=1 engaged=0 | TOP: black_usv18(x207,446) black_usv3(x210,808) black_usv19(x211,810) | KILL=0 | ACTIONS=20 | INTENT: focus=2 ratio=0.20
[t=6,160s] step=320 | MISSION=NORMAL_C | USV: 10/10 (avail=0 int=10 lock=0 frz=0) | UAV: air=10 rtb=0 chg=0 loiter=0 | TRACKS: vis=16 lost=1 engaged=0 | TOP: black_usv18(x205,818) black_usv3(x209,288) black_usv19(x210,316) | KILL=0 | ACTIONS=20 | INTENT: focus=2 ratio=0.20
[t=6,390s] step=330 | MISSION=NORMAL_C | USV: 10/10 (avail=0 int=10 lock=0 frz=0) | UAV: air=10 rtb=0 chg=0 loiter=0 | TRACKS: vis=16 lost=0 engaged=0 | TOP: black_usv18(x203,805) black_usv3(x207,409) black_usv11(x196,096) | KILL=0 | ACTIONS=20 | INTENT: focus=2 ratio=0.20
[t=6,584s] step=340 | MISSION=NORMAL_C | USV: 10/10 (avail=0 int=10 lock=0 frz=0) | UAV: air=10 rtb=0 chg=0 loiter=0 | TRACKS: vis=15 lost=1 engaged=0 | TOP: black_usv18(x202,099) black_usv3(x205,818) black_usv11(x194,146) | KILL=0 | ACTIONS=20 | INTENT: focus=2 ratio=0.20
[t=6,801s] step=350 | MISSION=NORMAL_C | USV: 10/10 (avail=0 int=10 lock=0 frz=0) | UAV: air=10 rtb=0 chg=0 loiter=0 | TRACKS: vis=15 lost=1 engaged=0 | TOP: black_usv18(x200,208) black_usv3(x204,045) black_usv11(x191,987) | KILL=0 | ACTIONS=20 | INTENT: focus=2 ratio=0.20
[t=7,033s] step=360 | MISSION=NORMAL_C | USV: 10/10 (avail=0 int=10 lock=0 frz=0) | UAV: air=10 rtb=0 chg=0 loiter=0 | TRACKS: vis=15 lost=0 engaged=0 | TOP: black_usv18(x198,175) black_usv11(x189,664) black_usv12(x190,017) | KILL=0 | ACTIONS=20 | INTENT: focus=2 ratio=0.20
[t=7,273s] step=370 | MISSION=NORMAL_C | USV: 10/10 (avail=0 int=10 lock=0 frz=0) | UAV: air=10 rtb=0 chg=0 loiter=0 | TRACKS: vis=15 lost=0 engaged=0 | TOP: black_usv18(x196,077) black_usv11(x187,268) black_usv12(x187,620) | KILL=0 | ACTIONS=20 | INTENT: focus=2 ratio=0.20
      [ASSIGN] white_usv3->black_usv8(机会锁定)
      [ASSIGN] white_usv6->black_usv11(机会锁定)
      [ASSIGN] white_usv8->black_usv12(机会锁定)
      [ASSIGN] white_usv2->black_usv10(机会锁定)
      [ASSIGN] white_usv10->black_usv13(机会锁定)
[t=7,497s] step=380 | MISSION=NORMAL_C | USV: 10/10 (avail=0 int=2 lock=8 frz=0) | UAV: air=10 rtb=0 chg=0 loiter=0 | TRACKS: vis=15 lost=0 engaged=5 | TOP: black_usv18(x194,116) black_usv12(x185,386) black_usv14(x186,154) | KILL=0 | ACTIONS=20 | INTENT: focus=2 ratio=0.20
      [ASSIGN] white_usv1->black_usv11(机会锁定)
      [ASSIGN] white_usv9->black_usv8(机会锁定)
      [ASSIGN] white_usv3->black_usv9(机会锁定)
      [ASSIGN] white_usv5->black_usv9(机会锁定)
      [ASSIGN] white_usv6->black_usv14(机会锁定)
      [ASSIGN] white_usv8->black_usv14(机会锁定)
      [ASSIGN] white_usv7->black_usv14(机会锁定)
      [ASSIGN] white_usv1->black_usv9(机会锁定)
      [ASSIGN] white_usv2->black_usv11(机会锁定)
      [ASSIGN] white_usv4->black_usv11(机会锁定)
      [ASSIGN] white_usv9->black_usv11(机会锁定)
      [ASSIGN] white_usv2->black_usv8(机会锁定)
      [ASSIGN] white_usv4->black_usv8(机会锁定)
      [ASSIGN] white_usv9->black_usv8(机会锁定)
      [ASSIGN] white_usv10->black_usv12(机会锁定)
      [ASSIGN] white_usv2->black_usv10(机会锁定)
      [ASSIGN] white_usv4->black_usv10(机会锁定)
      [ASSIGN] white_usv9->black_usv10(机会锁定)
[t=7,740s] step=390 | MISSION=NORMAL_C | USV: 10/10 (avail=0 int=4 lock=6 frz=0) | UAV: air=10 rtb=0 chg=0 loiter=0 | TRACKS: vis=15 lost=0 engaged=2 | TOP: black_usv11(x183,309) black_usv12(x183,636) black_usv7(x186,173) | KILL=3 | ACTIONS=20 | INTENT: focus=2 ratio=0.20
      [ASSIGN] white_usv3->black_usv8(机会锁定)
      [ASSIGN] white_usv5->black_usv11(机会锁定)
      [ASSIGN] white_usv6->black_usv13(机会锁定)
      [ASSIGN] white_usv8->black_usv13(机会锁定)
      [ASSIGN] white_usv7->black_usv13(机会锁定)
      [ASSIGN] white_usv1->black_usv11(机会锁定)
      [ASSIGN] white_usv3->black_usv9(机会锁定)
      [ASSIGN] white_usv5->black_usv9(机会锁定)
      [ASSIGN] white_usv6->black_usv14(机会锁定)
      [ASSIGN] white_usv8->black_usv14(机会锁定)
      [ASSIGN] white_usv7->black_usv14(机会锁定)
      [ASSIGN] white_usv1->black_usv9(机会锁定)
[t=8,042s] step=400 | MISSION=NORMAL_C | USV: 10/10 (avail=0 int=6 lock=4 frz=0) | UAV: air=10 rtb=0 chg=0 loiter=0 | TRACKS: vis=15 lost=0 engaged=2 | TOP: black_usv18(x188,892) black_usv12(x182,946) black_usv14(x181,350) | KILL=5 | ACTIONS=20 | INTENT: focus=2 ratio=0.20
      [ASSIGN] white_usv3->black_usv8(机会锁定)
      [ASSIGN] white_usv5->black_usv11(机会锁定)
      [ASSIGN] white_usv6->black_usv11(机会锁定)
      [ASSIGN] white_usv8->black_usv13(机会锁定)
      [ASSIGN] white_usv10->black_usv13(机会锁定)
      [ASSIGN] white_usv7->black_usv13(机会锁定)
      [ASSIGN] white_usv1->black_usv11(机会锁定)
      [ASSIGN] white_usv2->black_usv8(机会锁定)
      [ASSIGN] white_usv4->black_usv8(机会锁定)
      [ASSIGN] white_usv9->black_usv8(机会锁定)
      [ASSIGN] white_usv3->black_usv9(机会锁定)
      [ASSIGN] white_usv5->black_usv12(机会锁定)
      [ASSIGN] white_usv6->black_usv12(机会锁定)
      [ASSIGN] white_usv8->black_usv12(机会锁定)
      [ASSIGN] white_usv10->black_usv14(机会锁定)
      [ASSIGN] white_usv7->black_usv12(机会锁定)
      [ASSIGN] white_usv1->black_usv12(机会锁定)
      [ASSIGN] white_usv2->black_usv9(机会锁定)
      [ASSIGN] white_usv4->black_usv9(机会锁定)
      [ASSIGN] white_usv9->black_usv9(机会锁定)
      [ASSIGN] white_usv3->black_usv10(机会锁定)
      [ASSIGN] white_usv5->black_usv11(机会锁定)
      [ASSIGN] white_usv6->black_usv11(机会锁定)
      [ASSIGN] white_usv8->black_usv13(机会锁定)
      [ASSIGN] white_usv10->black_usv13(机会锁定)
      [ASSIGN] white_usv7->black_usv13(机会锁定)
      [ASSIGN] white_usv1->black_usv11(机会锁定)
      [ASSIGN] white_usv2->black_usv10(机会锁定)
      [ASSIGN] white_usv4->black_usv10(机会锁定)
      [ASSIGN] white_usv9->black_usv10(机会锁定)
      [ASSIGN] white_usv3->black_usv9(机会锁定)
      [ASSIGN] white_usv5->black_usv12(机会锁定)
      [ASSIGN] white_usv6->black_usv12(机会锁定)
      [ASSIGN] white_usv8->black_usv12(机会锁定)
      [ASSIGN] white_usv10->black_usv14(机会锁定)
      [ASSIGN] white_usv7->black_usv12(机会锁定)
      [ASSIGN] white_usv1->black_usv12(机会锁定)
      [ASSIGN] white_usv2->black_usv9(机会锁定)
      [ASSIGN] white_usv4->black_usv9(机会锁定)
      [ASSIGN] white_usv9->black_usv9(机会锁定)
      [ASSIGN] white_usv5->black_usv11(机会锁定)
      [ASSIGN] white_usv6->black_usv11(机会锁定)
      [ASSIGN] white_usv8->black_usv13(机会锁定)
      [ASSIGN] white_usv10->black_usv13(机会锁定)
      [ASSIGN] white_usv7->black_usv13(机会锁定)
      [ASSIGN] white_usv1->black_usv11(机会锁定)
      [ASSIGN] white_usv2->black_usv10(机会锁定)
      [ASSIGN] white_usv4->black_usv10(机会锁定)
      [ASSIGN] white_usv9->black_usv10(机会锁定)
      [KILL] black_usv13
      [KILL] black_usv8
      [KILL] black_usv11
      [RELEASE] white_usv5->black_usv11(目标失效)
      [ASSIGN] white_usv5->black_usv12(机会锁定)
      [RELEASE] white_usv6->black_usv11(目标失效)
      [ASSIGN] white_usv6->black_usv12(机会锁定)
      [RELEASE] white_usv8->black_usv13(目标失效)
      [ASSIGN] white_usv8->black_usv12(机会锁定)
      [RELEASE] white_usv10->black_usv13(目标失效)
      [ASSIGN] white_usv10->black_usv14(机会锁定)
      [RELEASE] white_usv7->black_usv13(目标失效)
      [ASSIGN] white_usv7->black_usv12(机会锁定)
      [RELEASE] white_usv1->black_usv11(目标失效)
      [ASSIGN] white_usv1->black_usv12(机会锁定)
      [ASSIGN] white_usv2->black_usv7(机会锁定)
      [ASSIGN] white_usv4->black_usv9(机会锁定)
      [ASSIGN] white_usv9->black_usv9(机会锁定)
      [ASSIGN] white_usv6->black_usv14(机会锁定)
      [ASSIGN] white_usv10->black_usv15(机会锁定)
      [ASSIGN] white_usv1->black_usv10(机会锁定)
      [ASSIGN] white_usv4->black_usv10(机会锁定)
      [ASSIGN] white_usv9->black_usv10(机会锁定)
      [ASSIGN] white_usv6->black_usv9(机会锁定)
      [ASSIGN] white_usv10->black_usv14(机会锁定)
      [ASSIGN] white_usv1->black_usv9(机会锁定)
      [ASSIGN] white_usv4->black_usv9(机会锁定)
      [ASSIGN] white_usv9->black_usv9(机会锁定)
      [ASSIGN] white_usv6->black_usv12(机会锁定)
      [ASSIGN] white_usv1->black_usv10(机会锁定)
      [ASSIGN] white_usv9->black_usv10(机会锁定)
      [ASSIGN] white_usv1->black_usv14(机会锁定)
      [ASSIGN] white_usv9->black_usv9(机会锁定)
[t=8,404s] step=410 | MISSION=NORMAL_C | USV: 10/10 (avail=0 int=9 lock=1 frz=0) | UAV: air=10 rtb=0 chg=0 loiter=0 | TRACKS: vis=12 lost=0 engaged=1 | TOP: black_usv16(x180,317) black_usv4(x182,656) black_usv15(x180,079) | KILL=7 | ACTIONS=20 | INTENT: focus=2 ratio=0.20
      [ASSIGN] white_usv1->black_usv10(机会锁定)
      [ASSIGN] white_usv9->black_usv10(机会锁定)
      [ASSIGN] white_usv1->black_usv14(机会锁定)
      [ASSIGN] white_usv9->black_usv9(机会锁定)
      [ASSIGN] white_usv3->black_usv10(机会锁定)
      [ASSIGN] white_usv1->black_usv10(机会锁定)
      [ASSIGN] white_usv3->black_usv9(机会锁定)
      [ASSIGN] white_usv1->black_usv14(机会锁定)
      [ASSIGN] white_usv3->black_usv10(机会锁定)
      [ASSIGN] white_usv5->black_usv9(机会锁定)
      [ASSIGN] white_usv1->black_usv10(机会锁定)
      [ASSIGN] white_usv3->black_usv7(机会锁定)
      [ASSIGN] white_usv5->black_usv12(机会锁定)
      [ASSIGN] white_usv8->black_usv14(机会锁定)
      [ASSIGN] white_usv1->black_usv14(机会锁定)
      [ASSIGN] white_usv5->black_usv9(机会锁定)
      [ASSIGN] white_usv8->black_usv12(机会锁定)
      [ASSIGN] white_usv1->black_usv10(机会锁定)
      [ASSIGN] white_usv5->black_usv14(机会锁定)
      [ASSIGN] white_usv8->black_usv14(机会锁定)
      [ASSIGN] white_usv10->black_usv16(机会锁定)
      [ASSIGN] white_usv7->black_usv14(机会锁定)
      [ASSIGN] white_usv4->black_usv10(机会锁定)
      [DETECT] black_usv3
      [KILL] black_usv14
      [KILL] black_usv9
      [RELEASE] white_usv5->black_usv14(目标失效)
      [ASSIGN] white_usv5->black_usv12(机会锁定)
      [RELEASE] white_usv8->black_usv14(目标失效)
      [ASSIGN] white_usv8->black_usv12(机会锁定)
      [RELEASE] white_usv7->black_usv14(目标失效)
      [ASSIGN] white_usv7->black_usv12(机会锁定)
      [ASSIGN] white_usv1->black_usv12(机会锁定)
      [RELEASE] white_usv9->black_usv9(目标失效)
      [ASSIGN] white_usv5->black_usv10(机会锁定)
      [ASSIGN] white_usv1->black_usv10(机会锁定)
      [ASSIGN] white_usv9->black_usv3
[t=8,660s] step=420 | MISSION=NORMAL_C | USV: 10/10 (avail=1 int=6 lock=3 frz=0) | UAV: air=10 rtb=0 chg=0 loiter=0 | TRACKS: vis=11 lost=0 engaged=2 | TOP: black_usv17(x177,557) black_usv15(x177,656) black_usv4(x180,092) | KILL=7 | ACTIONS=20 | INTENT: focus=2 ratio=0.20
      [KILL] black_usv12
      [KILL] black_usv10
      [RELEASE] white_usv5->black_usv10(目标失效)
      [RELEASE] white_usv6->black_usv12(目标失效)
      [RELEASE] white_usv8->black_usv12(目标失效)
      [ASSIGN] white_usv8->black_usv16(机会锁定)
      [RELEASE] white_usv7->black_usv12(目标失效)
      [RELEASE] white_usv1->black_usv10(目标失效)
      [ASSIGN] white_usv1->black_usv7(机会锁定)
      [RELEASE] white_usv4->black_usv10(目标失效)
      [ASSIGN] white_usv4->black_usv7(机会锁定)
      [ASSIGN] white_usv5->black_usv15
      [ASSIGN] white_usv6->black_usv4
      [ASSIGN] white_usv7->black_usv17
      [ASSIGN] white_usv9->black_usv7(机会锁定)
      [ASSIGN] white_usv7->black_usv16(机会锁定)
      [ASSIGN] white_usv5->black_usv16(机会锁定)
      [ASSIGN] white_usv10->black_usv15(机会锁定)
[t=8,940s] step=430 | MISSION=NORMAL_C | USV: 10/10 (avail=0 int=2 lock=8 frz=0) | UAV: air=10 rtb=0 chg=0 loiter=0 | TRACKS: vis=8 lost=1 engaged=2 | TOP: black_usv3(x185,528) black_usv6(x178,702) black_usv15(x174,922) | KILL=7 | ACTIONS=20 | INTENT: focus=2 ratio=0.20
      [ASSIGN] white_usv8->black_usv17(机会锁定)
      [ASSIGN] white_usv6->black_usv7(机会锁定)
      [ASSIGN] white_usv1->black_usv15(机会锁定)
      [ASSIGN] white_usv5->black_usv17(机会锁定)
      [ASSIGN] white_usv7->black_usv17(机会锁定)
      [ASSIGN] white_usv4->black_usv4(机会锁定)
      [ASSIGN] white_usv10->black_usv16(机会锁定)
[t=9,275s] step=440 | MISSION=NORMAL_C | USV: 10/10 (avail=0 int=5 lock=5 frz=0) | UAV: air=10 rtb=0 chg=0 loiter=0 | TRACKS: vis=9 lost=0 engaged=3 | TOP: black_usv3(x182,510) black_usv16(x174,417) black_usv6(x175,352) | KILL=9 | ACTIONS=20 | INTENT: focus=2 ratio=0.20
      [ASSIGN] white_usv8->black_usv15(机会锁定)
      [ASSIGN] white_usv10->black_usv15(机会锁定)
      [ASSIGN] white_usv1->black_usv16(机会锁定)
      [ASSIGN] white_usv6->black_usv4(机会锁定)
      [ASSIGN] white_usv5->black_usv16(机会锁定)
      [ASSIGN] white_usv7->black_usv16(机会锁定)
      [ASSIGN] white_usv4->black_usv6(机会锁定)
      [ASSIGN] white_usv5->black_usv17(机会锁定)
      [ASSIGN] white_usv7->black_usv17(机会锁定)
      [ASSIGN] white_usv1->black_usv17(机会锁定)
      [ASSIGN] white_usv5->black_usv16(机会锁定)
      [ASSIGN] white_usv7->black_usv16(机会锁定)
      [ASSIGN] white_usv1->black_usv16(机会锁定)
      [ASSIGN] white_usv5->black_usv17(机会锁定)
      [ASSIGN] white_usv7->black_usv17(机会锁定)
      [ASSIGN] white_usv1->black_usv17(机会锁定)
      [ASSIGN] white_usv2->black_usv4(机会锁定)
      [ASSIGN] white_usv5->black_usv16(机会锁定)
      [ASSIGN] white_usv7->black_usv16(机会锁定)
      [ASSIGN] white_usv1->black_usv16(机会锁定)
      [ASSIGN] white_usv5->black_usv17(机会锁定)
      [ASSIGN] white_usv1->black_usv17(机会锁定)
[t=9,571s] step=450 | MISSION=NORMAL_C | USV: 8/10 (avail=0 int=4 lock=4 frz=0) | UAV: air=10 rtb=0 chg=0 loiter=0 | TRACKS: vis=9 lost=0 engaged=3 | TOP: black_usv3(x179,550) black_usv17(x170,453) black_usv5(x174,046) | KILL=10 | ACTIONS=18 | INTENT: focus=2 ratio=0.20
      [DETECT] black_usv19
      [KILL] black_usv16
      [ASSIGN] white_usv1->black_usv15(机会锁定)
      [KILL] black_usv7
      [RELEASE] white_usv3->black_usv7(目标失效)
      [ASSIGN] white_usv3->black_usv4(机会锁定)
      [ASSIGN] white_usv10->black_usv17(机会锁定)
      [ASSIGN] white_usv1->black_usv17(机会锁定)
      [RELEASE] white_usv9->black_usv7(目标失效)
      [ASSIGN] white_usv9->black_usv4(机会锁定)
      [ASSIGN] white_usv10->black_usv15(机会锁定)
      [ASSIGN] white_usv1->black_usv15(机会锁定)
      [ASSIGN] white_usv10->black_usv17(机会锁定)
      [ASSIGN] white_usv1->black_usv17(机会锁定)
      [ASSIGN] white_usv6->black_usv6(机会锁定)
      [ASSIGN] white_usv10->black_usv15(机会锁定)
      [ASSIGN] white_usv1->black_usv15(机会锁定)
      [ASSIGN] white_usv10->black_usv17(机会锁定)
      [ASSIGN] white_usv1->black_usv17(机会锁定)
      [ASSIGN] white_usv10->black_usv15(机会锁定)
      [ASSIGN] white_usv1->black_usv15(机会锁定)
      [ASSIGN] white_usv4->black_usv5(机会锁定)
      [ASSIGN] white_usv10->black_usv17(机会锁定)
      [ASSIGN] white_usv1->black_usv17(机会锁定)
      [ASSIGN] white_usv10->black_usv15(机会锁定)
      [ASSIGN] white_usv1->black_usv15(机会锁定)
      [DETECT] black_usv20
      [ASSIGN] white_usv10->black_usv17(机会锁定)
      [ASSIGN] white_usv2->black_usv6(机会锁定)
[t=9,844s] step=460 | MISSION=NORMAL_C | USV: 6/10 (avail=0 int=2 lock=4 frz=0) | UAV: air=10 rtb=0 chg=0 loiter=0 | TRACKS: vis=9 lost=0 engaged=3 | TOP: black_usv19(x178,295) black_usv20(x183,245) black_usv17(x170,453) | KILL=11 | ACTIONS=16 | INTENT: focus=2 ratio=0.20
      [ASSIGN] white_usv10->black_usv15(机会锁定)
      [ASSIGN] white_usv10->black_usv17(机会锁定)
      [ASSIGN] white_usv10->black_usv15(机会锁定)
      [ASSIGN] white_usv10->black_usv17(机会锁定)
      [KILL] black_usv17
      [ASSIGN] white_usv6->black_usv5(机会锁定)
      [RELEASE] white_usv10->black_usv17(目标失效)
      [ASSIGN] white_usv10->black_usv15(机会锁定)
      [ASSIGN] white_usv9->black_usv5(机会锁定)
      [ASSIGN] white_usv4->black_usv4(机会锁定)
      [ASSIGN] white_usv3->black_usv6(机会锁定)
      [ASSIGN] white_usv4->black_usv6(机会锁定)
      [ASSIGN] white_usv3->black_usv4(机会锁定)
      [ASSIGN] white_usv2->black_usv4(机会锁定)
      [ASSIGN] white_usv4->black_usv4(机会锁定)
[t=10,201s] step=470 | MISSION=NORMAL_C | USV: 6/10 (avail=0 int=4 lock=2 frz=0) | UAV: air=10 rtb=0 chg=0 loiter=0 | TRACKS: vis=7 lost=1 engaged=1 | TOP: black_usv20(x179,854) black_usv19(x174,800) black_usv18(x168,780) | KILL=13 | ACTIONS=16 | INTENT: focus=2 ratio=0.20
      [KILL] black_usv15
      [RELEASE] white_usv10->black_usv15(目标失效)
      [ASSIGN] white_usv2->black_usv6(机会锁定)
      [ASSIGN] white_usv4->black_usv6(机会锁定)
      [ASSIGN] white_usv10->black_usv19
      [ASSIGN] white_usv2->black_usv4(机会锁定)
      [ASSIGN] white_usv4->black_usv4(机会锁定)
      [KILL] black_usv4
      [RELEASE] white_usv3->black_usv4(目标失效)
      [RELEASE] white_usv2->black_usv4(目标失效)
      [ASSIGN] white_usv2->black_usv6(机会锁定)
      [RELEASE] white_usv4->black_usv4(目标失效)
      [ASSIGN] white_usv4->black_usv6(机会锁定)
      [ASSIGN] white_usv3->black_usv20
      [ASSIGN] white_usv6->black_usv6(机会锁定)
      [ASSIGN] white_usv9->black_usv6(机会锁定)
      [ASSIGN] white_usv6->black_usv5(机会锁定)
      [ASSIGN] white_usv9->black_usv5(机会锁定)
      [ASSIGN] white_usv6->black_usv6(机会锁定)
      [ASSIGN] white_usv9->black_usv6(机会锁定)
      [ASSIGN] white_usv6->black_usv5(机会锁定)
      [ASSIGN] white_usv10->black_usv18(机会锁定)
      [ASSIGN] white_usv9->black_usv5(机会锁定)
      [ASSIGN] white_usv6->black_usv6(机会锁定)
      [ASSIGN] white_usv9->black_usv6(机会锁定)
      [ASSIGN] white_usv6->black_usv5(机会锁定)
      [ASSIGN] white_usv9->black_usv5(机会锁定)
      [ASSIGN] white_usv6->black_usv6(机会锁定)
      [ASSIGN] white_usv9->black_usv6(机会锁定)
[t=10,566s] step=480 | MISSION=NORMAL_C | USV: 5/10 (avail=0 int=4 lock=1 frz=0) | UAV: air=10 rtb=0 chg=0 loiter=0 | TRACKS: vis=5 lost=1 engaged=1 | TOP: black_usv19(x171,159) black_usv3(x171,077) black_usv18(x165,130) | KILL=14 | ACTIONS=15 | INTENT: focus=2 ratio=0.20
      [ASSIGN] white_usv6->black_usv5(机会锁定)
      [ASSIGN] white_usv9->black_usv5(机会锁定)
      [ASSIGN] white_usv6->black_usv6(机会锁定)
      [ASSIGN] white_usv9->black_usv6(机会锁定)
      [ASSIGN] white_usv6->black_usv5(机会锁定)
      [ASSIGN] white_usv9->black_usv5(机会锁定)
      [ASSIGN] white_usv6->black_usv6(机会锁定)
      [ASSIGN] white_usv9->black_usv6(机会锁定)
      [ASSIGN] white_usv6->black_usv5(机会锁定)
      [ASSIGN] white_usv2->black_usv5(机会锁定)
      [ASSIGN] white_usv9->black_usv5(机会锁定)
      [ASSIGN] white_usv6->black_usv6(机会锁定)
      [ASSIGN] white_usv2->black_usv6(机会锁定)
      [ASSIGN] white_usv9->black_usv6(机会锁定)
      [DETECT] black_usv2
      [KILL] black_usv6
      [RELEASE] white_usv6->black_usv6(目标失效)
      [ASSIGN] white_usv6->black_usv5(机会锁定)
      [RELEASE] white_usv2->black_usv6(目标失效)
      [ASSIGN] white_usv2->black_usv5(机会锁定)
      [RELEASE] white_usv9->black_usv6(目标失效)
      [ASSIGN] white_usv9->black_usv5(机会锁定)
[t=10,956s] step=490 | MISSION=NORMAL_C | USV: 5/10 (avail=0 int=4 lock=1 frz=0) | UAV: air=10 rtb=0 chg=0 loiter=0 | TRACKS: vis=5 lost=1 engaged=1 | TOP: black_usv19(x167,473) black_usv2(x175,768) black_usv3(x167,177) | KILL=14 | ACTIONS=15 | INTENT: focus=2 ratio=0.20
      [KILL] black_usv5
      [RELEASE] white_usv6->black_usv5(目标失效)
      [RELEASE] white_usv2->black_usv5(目标失效)
      [RELEASE] white_usv9->black_usv5(目标失效)
      [ASSIGN] white_usv6->black_usv3
      [ASSIGN] white_usv2->black_usv19
      [ASSIGN] white_usv9->black_usv2
      [RELEASE] white_usv9->black_usv2(目标失效)
      [ASSIGN] white_usv9->black_usv19
      [RELEASE] white_usv3->black_usv20(目标失效)
      [RELEASE] white_usv6->black_usv3(目标失效)
      [ASSIGN] white_usv3->black_usv18
      [ASSIGN] white_usv6->black_usv19
[t=11,313s] step=500 | MISSION=NORMAL_C | USV: 5/10 (avail=2 int=2 lock=1 frz=0) | UAV: air=10 rtb=0 chg=0 loiter=0 | TRACKS: vis=2 lost=0 engaged=1 | TOP: black_usv19(x164,099) black_usv18(x157,683) | KILL=14 | ACTIONS=15 | INTENT: focus=2 ratio=0.20
      [DETECT] black_usv2
      [DETECT] black_usv3
      [DETECT] black_usv1
      [ASSIGN] white_usv6->black_usv3(机会锁定)
[t=11,698s] step=510 | MISSION=NORMAL_C | USV: 5/10 (avail=0 int=3 lock=2 frz=0) | UAV: air=10 rtb=0 chg=0 loiter=0 | TRACKS: vis=2 lost=1 engaged=2 | TOP: black_usv3(x160,253) black_usv19(x160,287) black_usv18(x156,467) | KILL=14 | ACTIONS=15 | INTENT: focus=2 ratio=0.20
      [RELEASE] white_usv2->black_usv19(目标失效)
      [RELEASE] white_usv9->black_usv19(目标失效)
      [DETECT] black_usv2
      [ASSIGN] white_usv2->black_usv2
      [ASSIGN] white_usv9->black_usv2
[t=12,115s] step=520 | MISSION=NORMAL_C | USV: 5/10 (avail=0 int=5 lock=0 frz=0) | UAV: air=10 rtb=0 chg=0 loiter=0 | TRACKS: vis=3 lost=0 engaged=0 | TOP: black_usv3(x159,427) black_usv2(x165,915) black_usv18(x156,267) | KILL=16 | ACTIONS=15 | INTENT: focus=2 ratio=0.20
      [KILL] black_usv18
      [RELEASE] white_usv3->black_usv18(目标失效)
      [RELEASE] white_usv10->black_usv18(目标失效)
      [ASSIGN] white_usv3->black_usv2
      [ASSIGN] white_usv10->black_usv3
[t=12,512s] step=530 | MISSION=NORMAL_C | USV: 5/10 (avail=0 int=5 lock=0 frz=0) | UAV: air=10 rtb=0 chg=0 loiter=0 | TRACKS: vis=1 lost=1 engaged=0 | TOP: black_usv2(x162,143) black_usv3(x159,427) | KILL=16 | ACTIONS=15 | INTENT: focus=2 ratio=0.20
      [DETECT] black_usv1
      [ASSIGN] white_usv9->black_usv3(机会锁定)
      [KILL] black_usv3
      [RELEASE] white_usv6->black_usv3(目标失效)
      [RELEASE] white_usv10->black_usv3(目标失效)
      [RELEASE] white_usv9->black_usv3(目标失效)
      [ASSIGN] white_usv6->black_usv1
      [ASSIGN] white_usv10->black_usv2
      [ASSIGN] white_usv9->black_usv1
[t=12,925s] step=540 | MISSION=NORMAL_C | USV: 5/10 (avail=0 int=5 lock=0 frz=0) | UAV: air=10 rtb=0 chg=0 loiter=0 | TRACKS: vis=2 lost=0 engaged=0 | TOP: black_usv1(x167,329) black_usv2(x158,115) | KILL=16 | ACTIONS=15 | INTENT: focus=2 ratio=0.20
      [RELEASE] white_usv3->black_usv2(目标失效)
      [RELEASE] white_usv10->black_usv2(目标失效)
      [RELEASE] white_usv2->black_usv2(目标失效)
      [ASSIGN] white_usv2->black_usv1
[t=13,338s] step=550 | MISSION=NORMAL_C | USV: 5/10 (avail=2 int=3 lock=0 frz=0) | UAV: air=10 rtb=0 chg=0 loiter=0 | TRACKS: vis=0 lost=1 engaged=0 | TOP: black_usv1(x164,576) | KILL=16 | ACTIONS=15 | INTENT: focus=2 ratio=0.20
      [RELEASE] white_usv6->black_usv1(目标失效)
      [RELEASE] white_usv2->black_usv1(目标失效)
      [RELEASE] white_usv9->black_usv1(目标失效)
[t=13,720s] step=560 | MISSION=GLOBAL_R | USV: 5/10 (avail=5 int=0 lock=0 frz=0) | UAV: air=10 rtb=0 chg=0 loiter=0 | TRACKS: vis=0 lost=0 engaged=0 | TOP:  | KILL=16 | ACTIONS=15 | INTENT: focus=2 ratio=0.20
      [DETECT] black_usv2
      [ASSIGN] white_usv6->black_usv2(机会锁定)
      [ASSIGN] white_usv2->black_usv2
      [ASSIGN] white_usv9->black_usv2
[t=14,181s] step=570 | MISSION=NORMAL_C | USV: 5/10 (avail=2 int=2 lock=1 frz=0) | UAV: air=10 rtb=0 chg=0 loiter=0 | TRACKS: vis=1 lost=0 engaged=1 | TOP: black_usv2(x145,843) | KILL=16 | ACTIONS=15 | INTENT: focus=2 ratio=0.20
[t=14,539s] step=580 | MISSION=NORMAL_C | USV: 5/10 (avail=2 int=3 lock=0 frz=0) | UAV: air=10 rtb=0 chg=0 loiter=0 | TRACKS: vis=1 lost=0 engaged=0 | TOP: black_usv2(x144,878) | KILL=17 | ACTIONS=15 | INTENT: focus=2 ratio=0.20
      [KILL] black_usv2
      [RELEASE] white_usv6->black_usv2(目标失效)
      [RELEASE] white_usv2->black_usv2(目标失效)
      [RELEASE] white_usv9->black_usv2(目标失效)
[t=14,990s] step=590 | MISSION=NORMAL_C | USV: 5/10 (avail=5 int=0 lock=0 frz=0) | UAV: air=10 rtb=0 chg=0 loiter=0 | TRACKS: vis=0 lost=0 engaged=0 | TOP:  | KILL=17 | ACTIONS=15 | INTENT: focus=2 ratio=0.20
[t=15,442s] step=600 | MISSION=GLOBAL_R | USV: 5/10 (avail=5 int=0 lock=0 frz=0) | UAV: air=10 rtb=0 chg=0 loiter=0 | TRACKS: vis=0 lost=0 engaged=0 | TOP:  | KILL=17 | ACTIONS=15 | INTENT: focus=2 ratio=0.20
      [DETECT] black_usv1
      [ASSIGN] white_usv6->black_usv1
      [ASSIGN] white_usv2->black_usv1
      [ASSIGN] white_usv9->black_usv1
[t=15,829s] step=610 | MISSION=NORMAL_C | USV: 5/10 (avail=2 int=3 lock=0 frz=0) | UAV: air=10 rtb=0 chg=0 loiter=0 | TRACKS: vis=1 lost=0 engaged=0 | TOP: black_usv1(x149,120) | KILL=17 | ACTIONS=15 | INTENT: focus=2 ratio=0.20
[t=16,235s] step=620 | MISSION=NORMAL_C | USV: 5/10 (avail=2 int=3 lock=0 frz=0) | UAV: air=10 rtb=0 chg=0 loiter=0 | TRACKS: vis=1 lost=0 engaged=0 | TOP: black_usv1(x146,382) | KILL=17 | ACTIONS=15 | INTENT: focus=2 ratio=0.20
[t=16,685s] step=630 | MISSION=NORMAL_C | USV: 5/10 (avail=2 int=3 lock=0 frz=0) | UAV: air=10 rtb=0 chg=0 loiter=0 | TRACKS: vis=1 lost=0 engaged=0 | TOP: black_usv1(x143,348) | KILL=17 | ACTIONS=15 | INTENT: focus=2 ratio=0.20
[t=17,132s] step=640 | MISSION=NORMAL_C | USV: 5/10 (avail=2 int=3 lock=0 frz=0) | UAV: air=10 rtb=0 chg=0 loiter=0 | TRACKS: vis=1 lost=0 engaged=0 | TOP: black_usv1(x140,333) | KILL=17 | ACTIONS=15 | INTENT: focus=2 ratio=0.20
[t=17,600s] step=650 | MISSION=NORMAL_C | USV: 5/10 (avail=2 int=2 lock=1 frz=0) | UAV: air=10 rtb=0 chg=0 loiter=0 | TRACKS: vis=1 lost=0 engaged=1 | TOP: black_usv1(x137,178) | KILL=17 | ACTIONS=15 | INTENT: focus=2 ratio=0.20
[t=18,031s] step=660 | MISSION=NORMAL_C | USV: 5/10 (avail=2 int=2 lock=1 frz=0) | UAV: air=10 rtb=0 chg=0 loiter=0 | TRACKS: vis=1 lost=0 engaged=1 | TOP: black_usv1(x135,660) | KILL=17 | ACTIONS=15 | INTENT: focus=2 ratio=0.20
[t=18,442s] step=670 | MISSION=NORMAL_C | USV: 5/10 (avail=2 int=1 lock=2 frz=0) | UAV: air=10 rtb=0 chg=0 loiter=0 | TRACKS: vis=1 lost=0 engaged=1 | TOP: black_usv1(x133,525) | KILL=17 | ACTIONS=15 | INTENT: focus=2 ratio=0.20
[t=18,955s] step=680 | MISSION=NORMAL_C | USV: 5/10 (avail=2 int=3 lock=0 frz=0) | UAV: air=10 rtb=0 chg=0 loiter=0 | TRACKS: vis=1 lost=0 engaged=0 | TOP: black_usv1(x133,105) | KILL=18 | ACTIONS=15 | INTENT: focus=2 ratio=0.20
      [KILL] black_usv1
      [RELEASE] white_usv6->black_usv1(目标失效)
      [RELEASE] white_usv2->black_usv1(目标失效)
      [RELEASE] white_usv9->black_usv1(目标失效)
[t=19,443s] step=690 | MISSION=GLOBAL_R | USV: 5/10 (avail=5 int=0 lock=0 frz=0) | UAV: air=10 rtb=0 chg=0 loiter=0 | TRACKS: vis=0 lost=0 engaged=0 | TOP:  | KILL=18 | ACTIONS=15 | INTENT: focus=2 ratio=0.20
      [DETECT] black_usv19
      [ASSIGN] white_usv3->black_usv19
      [ASSIGN] white_usv10->black_usv19
      [ASSIGN] white_usv2->black_usv19
      [RELEASE] white_usv3->black_usv19(目标失效)
      [RELEASE] white_usv10->black_usv19(目标失效)
      [RELEASE] white_usv2->black_usv19(目标失效)
[t=19,931s] step=700 | MISSION=NORMAL_C | USV: 5/10 (avail=5 int=0 lock=0 frz=0) | UAV: air=10 rtb=0 chg=0 loiter=0 | TRACKS: vis=0 lost=0 engaged=0 | TOP:  | KILL=18 | ACTIONS=15 | INTENT: focus=2 ratio=0.20
[t=20,411s] step=710 | MISSION=GLOBAL_R | USV: 5/10 (avail=5 int=0 lock=0 frz=0) | UAV: air=10 rtb=0 chg=0 loiter=0 | TRACKS: vis=0 lost=0 engaged=0 | TOP:  | KILL=18 | ACTIONS=15 | INTENT: focus=2 ratio=0.20
      [DETECT] black_usv19
      [ASSIGN] white_usv3->black_usv19
      [ASSIGN] white_usv10->black_usv19
      [ASSIGN] white_usv2->black_usv19
      [RELEASE] white_usv3->black_usv19(目标失效)
      [RELEASE] white_usv10->black_usv19(目标失效)
      [RELEASE] white_usv2->black_usv19(目标失效)
[t=20,923s] step=720 | MISSION=NORMAL_C | USV: 5/10 (avail=5 int=0 lock=0 frz=0) | UAV: air=10 rtb=0 chg=0 loiter=0 | TRACKS: vis=0 lost=0 engaged=0 | TOP:  | KILL=18 | ACTIONS=15 | INTENT: focus=2 ratio=0.20
      [DETECT] black_usv19
      [ASSIGN] white_usv3->black_usv19
      [ASSIGN] white_usv10->black_usv19
      [ASSIGN] white_usv2->black_usv19
[t=21,401s] step=730 | MISSION=NORMAL_C | USV: 5/10 (avail=5 int=0 lock=0 frz=0) | UAV: air=10 rtb=0 chg=0 loiter=0 | TRACKS: vis=1 lost=0 engaged=0 | TOP: black_usv19(x99,655) | KILL=18 | ACTIONS=15 | INTENT: focus=2 ratio=0.20
      [RELEASE] white_usv3->black_usv19(目标失效)
      [RELEASE] white_usv10->black_usv19(目标失效)
      [RELEASE] white_usv2->black_usv19(目标失效)
[t=21,848s] step=740 | MISSION=NORMAL_C | USV: 5/10 (avail=2 int=3 lock=0 frz=0) | UAV: air=10 rtb=0 chg=0 loiter=0 | TRACKS: vis=0 lost=0 engaged=0 | TOP:  | KILL=18 | ACTIONS=15 | INTENT: focus=2 ratio=0.20
      [DETECT] black_usv19
      [ASSIGN] white_usv3->black_usv19
      [ASSIGN] white_usv10->black_usv19
      [ASSIGN] white_usv2->black_usv19
[t=22,322s] step=750 | MISSION=NORMAL_C | USV: 5/10 (avail=2 int=3 lock=0 frz=0) | UAV: air=10 rtb=0 chg=0 loiter=0 | TRACKS: vis=1 lost=0 engaged=0 | TOP: black_usv19(x97,267) | KILL=18 | ACTIONS=15 | INTENT: focus=2 ratio=0.20
      [UAV RTB] white_uav10(电量2622<2362+300)
      [RELEASE] white_usv3->black_usv19(目标失效)
      [RELEASE] white_usv10->black_usv19(目标失效)
      [RELEASE] white_usv2->black_usv19(目标失效)
[t=22,806s] step=760 | MISSION=GLOBAL_R | USV: 5/10 (avail=5 int=0 lock=0 frz=0) | UAV: air=9 rtb=1 chg=0 loiter=0 | TRACKS: vis=0 lost=0 engaged=0 | TOP:  | KILL=18 | ACTIONS=15 | INTENT: focus=2 ratio=0.20
[t=23,214s] step=770 | MISSION=GLOBAL_R | USV: 5/10 (avail=5 int=0 lock=0 frz=0) | UAV: air=9 rtb=1 chg=0 loiter=0 | TRACKS: vis=0 lost=0 engaged=0 | TOP:  | KILL=18 | ACTIONS=15 | INTENT: focus=2 ratio=0.20
[t=23,718s] step=780 | MISSION=GLOBAL_R | USV: 5/10 (avail=5 int=0 lock=0 frz=0) | UAV: air=9 rtb=1 chg=0 loiter=0 | TRACKS: vis=0 lost=0 engaged=0 | TOP:  | KILL=18 | ACTIONS=15 | INTENT: focus=2 ratio=0.20
      [UAV RTB] white_uav3(电量1087<860+300)
      [UAV RTB] white_uav9(电量959<668+300)
      [UAV RTB] white_uav1(电量862<572+300)
      [UAV RTB] white_uav8(电量862<580+300)
[t=24,196s] step=790 | MISSION=GLOBAL_R | USV: 5/10 (avail=5 int=0 lock=0 frz=0) | UAV: air=5 rtb=5 chg=0 loiter=0 | TRACKS: vis=0 lost=0 engaged=0 | TOP:  | KILL=18 | ACTIONS=15 | INTENT: focus=2 ratio=0.20
      [UAV RTB] white_uav7(电量724<463+300)
      [UAV RTB] white_uav2(电量671<421+300)
      [UAV RTB] white_uav5(电量547<291+300)
      [UAV RTB] white_uav4(电量550<302+300)
      [UAV RTB] white_uav6(电量550<308+300)
[t=24,634s] step=800 | MISSION=GLOBAL_R | USV: 5/10 (avail=5 int=0 lock=0 frz=0) | UAV: air=0 rtb=10 chg=0 loiter=0 | TRACKS: vis=0 lost=0 engaged=0 | TOP:  | KILL=18 | ACTIONS=15 | INTENT: focus=2 ratio=0.20
      [UAV LAND] white_uav8->white_usv10
      [UAV LAND] white_uav1->white_usv6
      [UAV RTB] white_uav8(电量255<48+300)
      [UAV LAND] white_uav3->white_usv6
      [UAV RTB] white_uav1(电量216<20+300)
      [UAV LAND] white_uav1->white_usv6
      [UAV LAND] white_uav2->white_usv6
      [UAV LAND] white_uav7->white_usv9
      [UAV RTB] white_uav3(电量160<19+300)
      [UAV LAND] white_uav3->white_usv6
      [UAV LAND] white_uav5->white_usv6
      [UAV RTB] white_uav1(电量161<8+300)
      [UAV LAND] white_uav1->white_usv6
      [UAV LAND] white_uav8->white_usv3
      [UAV RTB] white_uav2(电量162<17+300)
      [UAV LAND] white_uav2->white_usv6
      [UAV LAND] white_uav4->white_usv6
      [UAV LAND] white_uav9->white_usv3
      [UAV RTB] white_uav7(电量164<33+300)
      [UAV LAND] white_uav10->white_usv6
      [UAV RTB] white_uav3(电量83<2+300)
      [UAV LAND] white_uav3->white_usv6
      [UAV RTB] white_uav5(电量83<37+300)
      [UAV RTB] white_uav1(电量84<29+300)
      [UAV RTB] white_uav8(电量84<20+300)
      [UAV RTB] white_uav2(电量85<9+300)
      [UAV LAND] white_uav2->white_usv6
      [UAV RTB] white_uav4(电量86<36+300)
      [UAV RTB] white_uav9(电量87<31+300)
      [UAV LAND] white_uav7->white_usv9
      [UAV RTB] white_uav10(电量87<13+300)
      [UAV LAND] white_uav10->white_usv9
      [UAV RTB] white_uav3(电量37<3+300)
      [UAV LAND] white_uav3->white_usv6
      [UAV LAND] white_uav5->white_usv6
      [UAV LAND] white_uav1->white_usv6
      [UAV LAND] white_uav8->white_usv10
      [UAV RTB] white_uav2(电量39<4+300)
      [UAV LAND] white_uav2->white_usv6
      [UAV LAND] white_uav9->white_usv3
      [UAV RTB] white_uav7(电量41<29+300)
      [UAV RTB] white_uav10(电量41<21+300)
[t=25,246s] step=810 | MISSION=GLOBAL_R | USV: 5/10 (avail=5 int=0 lock=0 frz=0) | UAV: air=0 rtb=0 chg=0 loiter=0 | TRACKS: vis=0 lost=0 engaged=0 | TOP:  | KILL=18 | ACTIONS=5 | INTENT: focus=2 ratio=0.20
[t=26,008s] step=820 | MISSION=GLOBAL_R | USV: 5/10 (avail=5 int=0 lock=0 frz=0) | UAV: air=0 rtb=0 chg=0 loiter=0 | TRACKS: vis=0 lost=0 engaged=0 | TOP:  | KILL=18 | ACTIONS=5 | INTENT: focus=2 ratio=0.20
[t=26,794s] step=830 | MISSION=GLOBAL_R | USV: 5/10 (avail=5 int=0 lock=0 frz=0) | UAV: air=0 rtb=0 chg=0 loiter=0 | TRACKS: vis=0 lost=0 engaged=0 | TOP:  | KILL=18 | ACTIONS=5 | INTENT: focus=2 ratio=0.20
[t=27,478s] step=840 | MISSION=GLOBAL_R | USV: 5/10 (avail=5 int=0 lock=0 frz=0) | UAV: air=0 rtb=0 chg=0 loiter=0 | TRACKS: vis=0 lost=0 engaged=0 | TOP:  | KILL=18 | ACTIONS=5 | INTENT: focus=2 ratio=0.20
[t=28,187s] step=850 | MISSION=GLOBAL_R | USV: 5/10 (avail=5 int=0 lock=0 frz=0) | UAV: air=0 rtb=0 chg=0 loiter=0 | TRACKS: vis=0 lost=0 engaged=0 | TOP:  | KILL=18 | ACTIONS=5 | INTENT: focus=2 ratio=0.20

========================================================================
对局结果: Result.Defeat — 敌方1艘艇突破防线
  击杀蓝舰: 19 | 命中: 36 | 我方USV损失: 5 | UAV损失: 10 | 突破: 1
[META] result=Result.Defeat victory_time=30047 first_detection=1838 first_lock=7361 first_kill=8283 enemy_kills=19 friendly_usv_losses=5 friendly_uav_losses=10 black_breakthrough=1 reacquire_attempts=105 reacquire_success=103 sensor_assisted_locks=106 low_conf_commitments=0 global_reacquire_entries=7 global_reacquire_success=6 coverage_collapse_events=1 active_clusters_max=1 coverage_quality_final=0.13 commander_source=default_intent commander_calls=0 commander_changes=0 commander_no_change=0 commander_parse_failures=0 commander_api_failures=0 commander_policy_failures=0 commander_avg_latency=0.0
Done
