========================================================================
HYBRID AGENT V5 — Variable-Cardinality Hierarchical Maritime Agent
  启用UAV: True | LLM_ENABLED: False
========================================================================
对局 3 开始
      [UAV RELAUNCH] white_uav7
      [UAV RELAUNCH] white_uav4
      [UAV RELAUNCH] white_uav9
      [UAV RELAUNCH] white_uav5
      [UAV RELAUNCH] white_uav8
      [UAV RELAUNCH] white_uav6
      [UAV RELAUNCH] white_uav2
      [UAV RELAUNCH] white_uav3
      [UAV RELAUNCH] white_uav1
      [UAV RELAUNCH] white_uav10
[t=220s] step=10 | MISSION=NORMAL_C | USV: 10/10 (avail=10 int=0 lock=0 frz=0) | UAV: air=10 rtb=0 chg=0 loiter=0 | TRACKS: vis=0 lost=0 engaged=0 | TOP:  | KILL=0 | ACTIONS=20 | INTENT: focus=2 ratio=0.20
  [INTENT APPLIED]
    ThreatAllocator: focus 2 emergency 3 reserve_ratio 0.20 reserve_usvs None bias breakthrough_eta
    UAVManager: mode search_and_reacquire uav_priority []
[t=477s] step=20 | MISSION=NORMAL_C | USV: 10/10 (avail=10 int=0 lock=0 frz=0) | UAV: air=10 rtb=0 chg=0 loiter=0 | TRACKS: vis=0 lost=0 engaged=0 | TOP:  | KILL=0 | ACTIONS=20 | INTENT: focus=2 ratio=0.20
[t=701s] step=30 | MISSION=NORMAL_C | USV: 10/10 (avail=10 int=0 lock=0 frz=0) | UAV: air=10 rtb=0 chg=0 loiter=0 | TRACKS: vis=0 lost=0 engaged=0 | TOP:  | KILL=0 | ACTIONS=20 | INTENT: focus=2 ratio=0.20
[t=959s] step=40 | MISSION=NORMAL_C | USV: 10/10 (avail=10 int=0 lock=0 frz=0) | UAV: air=10 rtb=0 chg=0 loiter=0 | TRACKS: vis=0 lost=0 engaged=0 | TOP:  | KILL=0 | ACTIONS=20 | INTENT: focus=2 ratio=0.20
[t=1,217s] step=50 | MISSION=NORMAL_C | USV: 10/10 (avail=10 int=0 lock=0 frz=0) | UAV: air=10 rtb=0 chg=0 loiter=0 | TRACKS: vis=0 lost=0 engaged=0 | TOP:  | KILL=0 | ACTIONS=20 | INTENT: focus=2 ratio=0.20
[t=1,476s] step=60 | MISSION=NORMAL_C | USV: 10/10 (avail=10 int=0 lock=0 frz=0) | UAV: air=10 rtb=0 chg=0 loiter=0 | TRACKS: vis=0 lost=0 engaged=0 | TOP:  | KILL=0 | ACTIONS=20 | INTENT: focus=2 ratio=0.20
[t=1,737s] step=70 | MISSION=NORMAL_C | USV: 10/10 (avail=10 int=0 lock=0 frz=0) | UAV: air=10 rtb=0 chg=0 loiter=0 | TRACKS: vis=0 lost=0 engaged=0 | TOP:  | KILL=0 | ACTIONS=20 | INTENT: focus=2 ratio=0.20
      [DETECT] black_usv12
      [DETECT] black_usv11
      [DETECT] black_usv10
      [DETECT] black_usv14
      [DETECT] black_usv13
      [DETECT] black_usv8
      [ASSIGN] white_usv5->black_usv11
      [ASSIGN] white_usv10->black_usv14
      [ASSIGN] white_usv4->black_usv8
      [ASSIGN] white_usv9->black_usv12
      [ASSIGN] white_usv1->black_usv11
      [ASSIGN] white_usv3->black_usv10
      [ASSIGN] white_usv6->black_usv13
      [ASSIGN] white_usv2->black_usv13
      [DETECT] black_usv15
      [DETECT] black_usv7
      [DETECT] black_usv6
      [DETECT] black_usv17
      [DETECT] black_usv9
      [ASSIGN] white_usv7->black_usv9
      [ASSIGN] white_usv8->black_usv7
      [DETECT] black_usv5
      [DETECT] black_usv4
      [DETECT] black_usv16
      [DETECT] black_usv18
      [DETECT] black_usv3
      [DETECT] black_usv19
      [DETECT] black_usv20
      [DETECT] black_usv2
[t=1,969s] step=80 | MISSION=NORMAL_C | USV: 10/10 (avail=0 int=10 lock=0 frz=0) | UAV: air=10 rtb=0 chg=0 loiter=0 | TRACKS: vis=19 lost=0 engaged=0 | TOP: black_usv17(x241,303) black_usv15(x241,477) black_usv4(x242,203) | KILL=0 | ACTIONS=20 | INTENT: focus=2 ratio=0.20
      [DETECT] black_usv1
[t=2,201s] step=90 | MISSION=NORMAL_C | USV: 10/10 (avail=0 int=10 lock=0 frz=0) | UAV: air=10 rtb=0 chg=0 loiter=0 | TRACKS: vis=20 lost=0 engaged=0 | TOP: black_usv17(x239,036) black_usv15(x239,318) black_usv4(x240,139) | KILL=0 | ACTIONS=20 | INTENT: focus=2 ratio=0.20
[t=2,434s] step=100 | MISSION=NORMAL_C | USV: 10/10 (avail=0 int=10 lock=0 frz=0) | UAV: air=10 rtb=0 chg=0 loiter=0 | TRACKS: vis=20 lost=0 engaged=0 | TOP: black_usv17(x236,720) black_usv15(x237,145) black_usv4(x238,061) | KILL=0 | ACTIONS=20 | INTENT: focus=2 ratio=0.20
[t=2,696s] step=110 | MISSION=NORMAL_C | USV: 10/10 (avail=0 int=10 lock=0 frz=0) | UAV: air=10 rtb=0 chg=0 loiter=0 | TRACKS: vis=18 lost=2 engaged=0 | TOP: black_usv15(x234,701) black_usv6(x236,018) black_usv18(x236,137) | KILL=0 | ACTIONS=20 | INTENT: focus=2 ratio=0.20
[t=2,946s] step=120 | MISSION=NORMAL_C | USV: 10/10 (avail=0 int=10 lock=0 frz=0) | UAV: air=10 rtb=0 chg=0 loiter=0 | TRACKS: vis=18 lost=0 engaged=0 | TOP: black_usv15(x232,361) black_usv6(x233,809) black_usv18(x233,941) | KILL=0 | ACTIONS=20 | INTENT: focus=2 ratio=0.20
[t=3,210s] step=130 | MISSION=NORMAL_C | USV: 10/10 (avail=0 int=10 lock=0 frz=0) | UAV: air=10 rtb=0 chg=0 loiter=0 | TRACKS: vis=18 lost=0 engaged=0 | TOP: black_usv15(x229,907) black_usv6(x231,495) black_usv18(x231,638) | KILL=0 | ACTIONS=20 | INTENT: focus=2 ratio=0.20
      [DETECT] black_usv19
[t=3,490s] step=140 | MISSION=NORMAL_C | USV: 10/10 (avail=0 int=10 lock=0 frz=0) | UAV: air=10 rtb=0 chg=0 loiter=0 | TRACKS: vis=18 lost=1 engaged=0 | TOP: black_usv15(x227,296) black_usv18(x229,187) black_usv3(x231,103) | KILL=0 | ACTIONS=20 | INTENT: focus=2 ratio=0.20
[t=3,762s] step=150 | MISSION=NORMAL_C | USV: 10/10 (avail=0 int=10 lock=0 frz=0) | UAV: air=10 rtb=0 chg=0 loiter=0 | TRACKS: vis=15 lost=3 engaged=0 | TOP: black_usv15(x224,759) black_usv18(x226,806) black_usv3(x228,881) | KILL=0 | ACTIONS=20 | INTENT: focus=2 ratio=0.20
[t=4,029s] step=160 | MISSION=NORMAL_C | USV: 10/10 (avail=0 int=10 lock=0 frz=0) | UAV: air=10 rtb=0 chg=0 loiter=0 | TRACKS: vis=18 lost=0 engaged=0 | TOP: black_usv15(x222,267) black_usv18(x224,468) black_usv3(x226,698) | KILL=0 | ACTIONS=20 | INTENT: focus=2 ratio=0.20
[t=4,292s] step=170 | MISSION=NORMAL_C | USV: 10/10 (avail=0 int=10 lock=0 frz=0) | UAV: air=10 rtb=0 chg=0 loiter=0 | TRACKS: vis=16 lost=2 engaged=0 | TOP: black_usv15(x219,815) black_usv18(x222,168) black_usv3(x224,551) | KILL=0 | ACTIONS=20 | INTENT: focus=2 ratio=0.20
[t=4,554s] step=180 | MISSION=NORMAL_C | USV: 10/10 (avail=0 int=10 lock=0 frz=0) | UAV: air=10 rtb=0 chg=0 loiter=0 | TRACKS: vis=18 lost=0 engaged=0 | TOP: black_usv18(x219,875) black_usv3(x222,410) black_usv15(x217,263) | KILL=0 | ACTIONS=20 | INTENT: focus=2 ratio=0.20
[t=4,820s] step=190 | MISSION=NORMAL_C | USV: 10/10 (avail=0 int=10 lock=0 frz=0) | UAV: air=10 rtb=0 chg=0 loiter=0 | TRACKS: vis=18 lost=0 engaged=0 | TOP: black_usv18(x217,546) black_usv3(x220,237) black_usv2(x223,711) | KILL=0 | ACTIONS=20 | INTENT: focus=2 ratio=0.20
[t=5,052s] step=200 | MISSION=NORMAL_C | USV: 10/10 (avail=0 int=10 lock=0 frz=0) | UAV: air=10 rtb=0 chg=0 loiter=0 | TRACKS: vis=16 lost=2 engaged=0 | TOP: black_usv18(x215,516) black_usv3(x218,341) black_usv2(x221,990) | KILL=0 | ACTIONS=20 | INTENT: focus=2 ratio=0.20
[t=5,286s] step=210 | MISSION=NORMAL_C | USV: 10/10 (avail=0 int=10 lock=0 frz=0) | UAV: air=10 rtb=0 chg=0 loiter=0 | TRACKS: vis=17 lost=1 engaged=0 | TOP: black_usv18(x213,468) black_usv3(x216,429) black_usv2(x220,254) | KILL=0 | ACTIONS=20 | INTENT: focus=2 ratio=0.20
[t=5,541s] step=220 | MISSION=NORMAL_C | USV: 10/10 (avail=0 int=10 lock=0 frz=0) | UAV: air=10 rtb=0 chg=0 loiter=0 | TRACKS: vis=17 lost=0 engaged=0 | TOP: black_usv3(x214,346) black_usv2(x218,362) black_usv1(x222,096) | KILL=0 | ACTIONS=20 | INTENT: focus=2 ratio=0.20
[t=5,765s] step=230 | MISSION=NORMAL_C | USV: 10/10 (avail=0 int=10 lock=0 frz=0) | UAV: air=10 rtb=0 chg=0 loiter=0 | TRACKS: vis=17 lost=0 engaged=0 | TOP: black_usv3(x212,516) black_usv2(x216,700) black_usv1(x220,590) | KILL=0 | ACTIONS=20 | INTENT: focus=2 ratio=0.20
[t=6,025s] step=240 | MISSION=NORMAL_C | USV: 10/10 (avail=0 int=10 lock=0 frz=0) | UAV: air=10 rtb=0 chg=0 loiter=0 | TRACKS: vis=17 lost=0 engaged=0 | TOP: black_usv3(x210,391) black_usv2(x214,772) black_usv1(x218,843) | KILL=0 | ACTIONS=20 | INTENT: focus=2 ratio=0.20
[t=6,295s] step=250 | MISSION=NORMAL_C | USV: 10/10 (avail=0 int=10 lock=0 frz=0) | UAV: air=10 rtb=0 chg=0 loiter=0 | TRACKS: vis=17 lost=0 engaged=0 | TOP: black_usv3(x208,181) black_usv2(x212,765) black_usv1(x217,025) | KILL=0 | ACTIONS=20 | INTENT: focus=2 ratio=0.20
[t=6,544s] step=260 | MISSION=NORMAL_C | USV: 10/10 (avail=0 int=10 lock=0 frz=0) | UAV: air=10 rtb=0 chg=0 loiter=0 | TRACKS: vis=17 lost=0 engaged=0 | TOP: black_usv2(x210,921) black_usv1(x215,356) black_usv4(x202,947) | KILL=0 | ACTIONS=20 | INTENT: focus=2 ratio=0.20
[t=6,810s] step=270 | MISSION=NORMAL_C | USV: 10/10 (avail=0 int=10 lock=0 frz=0) | UAV: air=10 rtb=0 chg=0 loiter=0 | TRACKS: vis=16 lost=1 engaged=0 | TOP: black_usv2(x208,944) black_usv1(x213,564) black_usv17(x194,581) | KILL=0 | ACTIONS=20 | INTENT: focus=2 ratio=0.20
[t=7,075s] step=280 | MISSION=NORMAL_C | USV: 10/10 (avail=0 int=10 lock=0 frz=0) | UAV: air=10 rtb=0 chg=0 loiter=0 | TRACKS: vis=16 lost=1 engaged=0 | TOP: black_usv2(x206,982) black_usv1(x211,787) black_usv4(x197,638) | KILL=0 | ACTIONS=20 | INTENT: focus=2 ratio=0.20
[t=7,358s] step=290 | MISSION=NORMAL_C | USV: 10/10 (avail=0 int=10 lock=0 frz=0) | UAV: air=10 rtb=0 chg=0 loiter=0 | TRACKS: vis=15 lost=2 engaged=0 | TOP: black_usv2(x204,883) black_usv1(x209,884) black_usv4(x194,817) | KILL=0 | ACTIONS=20 | INTENT: focus=2 ratio=0.20
      [DETECT] black_usv18
      [ASSIGN] white_usv5->black_usv12(机会锁定)
      [ASSIGN] white_usv9->black_usv13(机会锁定)
      [ASSIGN] white_usv4->black_usv11(机会锁定)
      [ASSIGN] white_usv3->black_usv11(机会锁定)
      [ASSIGN] white_usv2->black_usv12(机会锁定)
      [ASSIGN] white_usv1->black_usv12(机会锁定)
      [ASSIGN] white_usv7->black_usv12(机会锁定)
[t=7,629s] step=300 | MISSION=NORMAL_C | USV: 10/10 (avail=0 int=1 lock=9 frz=0) | UAV: air=10 rtb=0 chg=0 loiter=0 | TRACKS: vis=17 lost=1 engaged=4 | TOP: black_usv18(x193,728) black_usv2(x202,650) black_usv1(x207,782) | KILL=0 | ACTIONS=20 | INTENT: focus=2 ratio=0.20
      [ASSIGN] white_usv8->black_usv11(机会锁定)
      [ASSIGN] white_usv5->black_usv13(机会锁定)
      [ASSIGN] white_usv10->black_usv17(机会锁定)
      [ASSIGN] white_usv5->black_usv12(机会锁定)
      [ASSIGN] white_usv4->black_usv10(机会锁定)
      [ASSIGN] white_usv3->black_usv10(机会锁定)
      [ASSIGN] white_usv2->black_usv13(机会锁定)
      [ASSIGN] white_usv5->black_usv11(机会锁定)
      [ASSIGN] white_usv1->black_usv8(机会锁定)
      [ASSIGN] white_usv7->black_usv11(机会锁定)
[t=7,907s] step=310 | MISSION=NORMAL_C | USV: 10/10 (avail=0 int=0 lock=10 frz=0) | UAV: air=10 rtb=0 chg=0 loiter=0 | TRACKS: vis=18 lost=0 engaged=5 | TOP: black_usv18(x191,628) black_usv12(x185,238) black_usv16(x187,626) | KILL=1 | ACTIONS=20 | INTENT: focus=2 ratio=0.20
      [ASSIGN] white_usv5->black_usv12(机会锁定)
      [ASSIGN] white_usv7->black_usv12(机会锁定)
      [ASSIGN] white_usv8->black_usv12(机会锁定)
      [ASSIGN] white_usv5->black_usv11(机会锁定)
      [ASSIGN] white_usv7->black_usv11(机会锁定)
      [ASSIGN] white_usv8->black_usv11(机会锁定)
      [ASSIGN] white_usv5->black_usv12(机会锁定)
      [ASSIGN] white_usv9->black_usv12(机会锁定)
      [ASSIGN] white_usv6->black_usv12(机会锁定)
      [ASSIGN] white_usv2->black_usv12(机会锁定)
      [ASSIGN] white_usv7->black_usv12(机会锁定)
      [ASSIGN] white_usv8->black_usv12(机会锁定)
      [ASSIGN] white_usv5->black_usv11(机会锁定)
      [ASSIGN] white_usv10->black_usv14(机会锁定)
      [ASSIGN] white_usv9->black_usv13(机会锁定)
      [ASSIGN] white_usv6->black_usv13(机会锁定)
      [ASSIGN] white_usv2->black_usv13(机会锁定)
      [ASSIGN] white_usv7->black_usv11(机会锁定)
      [ASSIGN] white_usv8->black_usv11(机会锁定)
      [ASSIGN] white_usv5->black_usv12(机会锁定)
      [ASSIGN] white_usv9->black_usv12(机会锁定)
      [ASSIGN] white_usv6->black_usv12(机会锁定)
      [ASSIGN] white_usv2->black_usv12(机会锁定)
      [ASSIGN] white_usv7->black_usv12(机会锁定)
      [ASSIGN] white_usv8->black_usv12(机会锁定)
      [ASSIGN] white_usv5->black_usv11(机会锁定)
      [ASSIGN] white_usv4->black_usv11(机会锁定)
      [ASSIGN] white_usv9->black_usv13(机会锁定)
      [ASSIGN] white_usv1->black_usv11(机会锁定)
      [ASSIGN] white_usv3->black_usv11(机会锁定)
      [ASSIGN] white_usv6->black_usv13(机会锁定)
      [ASSIGN] white_usv2->black_usv13(机会锁定)
      [ASSIGN] white_usv7->black_usv11(机会锁定)
      [ASSIGN] white_usv8->black_usv11(机会锁定)
      [ASSIGN] white_usv5->black_usv12(机会锁定)
      [ASSIGN] white_usv4->black_usv10(机会锁定)
      [ASSIGN] white_usv9->black_usv12(机会锁定)
      [ASSIGN] white_usv1->black_usv12(机会锁定)
      [ASSIGN] white_usv3->black_usv10(机会锁定)
      [ASSIGN] white_usv6->black_usv12(机会锁定)
      [ASSIGN] white_usv2->black_usv12(机会锁定)
      [ASSIGN] white_usv7->black_usv12(机会锁定)
      [ASSIGN] white_usv8->black_usv10(机会锁定)
[t=8,225s] step=320 | MISSION=NORMAL_C | USV: 10/10 (avail=0 int=9 lock=1 frz=0) | UAV: air=10 rtb=0 chg=0 loiter=0 | TRACKS: vis=18 lost=0 engaged=1 | TOP: black_usv16(x184,452) black_usv12(x185,238) black_usv17(x185,667) | KILL=4 | ACTIONS=20 | INTENT: focus=2 ratio=0.20
      [ASSIGN] white_usv5->black_usv11(机会锁定)
      [ASSIGN] white_usv4->black_usv11(机会锁定)
      [ASSIGN] white_usv9->black_usv13(机会锁定)
      [ASSIGN] white_usv1->black_usv11(机会锁定)
      [ASSIGN] white_usv3->black_usv11(机会锁定)
      [ASSIGN] white_usv6->black_usv13(机会锁定)
      [ASSIGN] white_usv2->black_usv13(机会锁定)
      [ASSIGN] white_usv7->black_usv11(机会锁定)
      [ASSIGN] white_usv8->black_usv11(机会锁定)
      [ASSIGN] white_usv5->black_usv12(机会锁定)
      [ASSIGN] white_usv4->black_usv8(机会锁定)
      [ASSIGN] white_usv9->black_usv12(机会锁定)
      [ASSIGN] white_usv1->black_usv12(机会锁定)
      [ASSIGN] white_usv3->black_usv8(机会锁定)
      [ASSIGN] white_usv6->black_usv12(机会锁定)
      [ASSIGN] white_usv2->black_usv12(机会锁定)
      [ASSIGN] white_usv7->black_usv12(机会锁定)
      [ASSIGN] white_usv8->black_usv8(机会锁定)
      [ASSIGN] white_usv5->black_usv11(机会锁定)
      [ASSIGN] white_usv9->black_usv13(机会锁定)
      [ASSIGN] white_usv1->black_usv11(机会锁定)
      [ASSIGN] white_usv6->black_usv13(机会锁定)
      [ASSIGN] white_usv2->black_usv13(机会锁定)
      [ASSIGN] white_usv7->black_usv11(机会锁定)
      [KILL] black_usv12
      [ASSIGN] white_usv5->black_usv10(机会锁定)
      [ASSIGN] white_usv9->black_usv14(机会锁定)
      [ASSIGN] white_usv1->black_usv10(机会锁定)
      [ASSIGN] white_usv6->black_usv14(机会锁定)
      [ASSIGN] white_usv2->black_usv14(机会锁定)
      [KILL] black_usv13
      [ASSIGN] white_usv5->black_usv9(机会锁定)
      [ASSIGN] white_usv1->black_usv9(机会锁定)
      [KILL] black_usv11
      [RELEASE] white_usv7->black_usv11(目标失效)
      [ASSIGN] white_usv7->black_usv8(机会锁定)
[t=8,531s] step=330 | MISSION=NORMAL_C | USV: 9/10 (avail=0 int=0 lock=9 frz=0) | UAV: air=10 rtb=0 chg=0 loiter=0 | TRACKS: vis=11 lost=4 engaged=3 | TOP: black_usv16(x181,399) black_usv17(x182,622) black_usv5(x183,666) | KILL=4 | ACTIONS=19 | INTENT: focus=2 ratio=0.20
      [ASSIGN] white_usv4->black_usv10(机会锁定)
      [ASSIGN] white_usv3->black_usv10(机会锁定)
      [ASSIGN] white_usv3->black_usv9(机会锁定)
      [ASSIGN] white_usv7->black_usv9(机会锁定)
      [ASSIGN] white_usv2->black_usv8(机会锁定)
      [ASSIGN] white_usv5->black_usv10(机会锁定)
      [ASSIGN] white_usv3->black_usv10(机会锁定)
      [ASSIGN] white_usv2->black_usv10(机会锁定)
      [ASSIGN] white_usv7->black_usv10(机会锁定)
      [ASSIGN] white_usv5->black_usv8(机会锁定)
      [ASSIGN] white_usv3->black_usv8(机会锁定)
      [ASSIGN] white_usv2->black_usv8(机会锁定)
      [ASSIGN] white_usv7->black_usv8(机会锁定)
      [KILL] black_usv10
      [ASSIGN] white_usv5->black_usv9(机会锁定)
      [ASSIGN] white_usv3->black_usv9(机会锁定)
      [ASSIGN] white_usv2->black_usv9(机会锁定)
      [ASSIGN] white_usv7->black_usv9(机会锁定)
      [ASSIGN] white_usv5->black_usv8(机会锁定)
      [ASSIGN] white_usv3->black_usv8(机会锁定)
      [ASSIGN] white_usv2->black_usv8(机会锁定)
      [ASSIGN] white_usv7->black_usv8(机会锁定)
      [ASSIGN] white_usv5->black_usv9(机会锁定)
      [ASSIGN] white_usv3->black_usv9(机会锁定)
      [ASSIGN] white_usv2->black_usv9(机会锁定)
      [ASSIGN] white_usv7->black_usv9(机会锁定)
[t=8,864s] step=340 | MISSION=NORMAL_C | USV: 6/10 (avail=0 int=6 lock=0 frz=0) | UAV: air=10 rtb=0 chg=0 loiter=0 | TRACKS: vis=14 lost=0 engaged=0 | TOP: black_usv16(x178,283) black_usv17(x179,393) black_usv5(x180,373) | KILL=7 | ACTIONS=16 | INTENT: focus=2 ratio=0.20
      [ASSIGN] white_usv5->black_usv8(机会锁定)
      [ASSIGN] white_usv3->black_usv8(机会锁定)
      [ASSIGN] white_usv2->black_usv8(机会锁定)
      [ASSIGN] white_usv7->black_usv8(机会锁定)
      [ASSIGN] white_usv5->black_usv9(机会锁定)
      [ASSIGN] white_usv3->black_usv9(机会锁定)
      [ASSIGN] white_usv2->black_usv9(机会锁定)
      [ASSIGN] white_usv7->black_usv9(机会锁定)
      [ASSIGN] white_usv5->black_usv8(机会锁定)
      [ASSIGN] white_usv3->black_usv8(机会锁定)
      [ASSIGN] white_usv2->black_usv8(机会锁定)
      [ASSIGN] white_usv7->black_usv8(机会锁定)
      [ASSIGN] white_usv5->black_usv9(机会锁定)
      [ASSIGN] white_usv3->black_usv9(机会锁定)
      [ASSIGN] white_usv2->black_usv9(机会锁定)
      [ASSIGN] white_usv7->black_usv9(机会锁定)
      [ASSIGN] white_usv5->black_usv8(机会锁定)
      [ASSIGN] white_usv3->black_usv8(机会锁定)
      [ASSIGN] white_usv2->black_usv8(机会锁定)
      [ASSIGN] white_usv7->black_usv8(机会锁定)
      [ASSIGN] white_usv5->black_usv9(机会锁定)
      [ASSIGN] white_usv3->black_usv9(机会锁定)
      [ASSIGN] white_usv2->black_usv9(机会锁定)
      [ASSIGN] white_usv7->black_usv9(机会锁定)
      [ASSIGN] white_usv5->black_usv8(机会锁定)
      [ASSIGN] white_usv3->black_usv8(机会锁定)
      [ASSIGN] white_usv2->black_usv8(机会锁定)
      [ASSIGN] white_usv7->black_usv8(机会锁定)
      [ASSIGN] white_usv5->black_usv9(机会锁定)
      [ASSIGN] white_usv3->black_usv7(机会锁定)
      [ASSIGN] white_usv2->black_usv9(机会锁定)
      [ASSIGN] white_usv7->black_usv9(机会锁定)
      [ASSIGN] white_usv5->black_usv8(机会锁定)
      [ASSIGN] white_usv2->black_usv8(机会锁定)
      [ASSIGN] white_usv7->black_usv8(机会锁定)
      [ASSIGN] white_usv5->black_usv9(机会锁定)
      [ASSIGN] white_usv2->black_usv9(机会锁定)
      [ASSIGN] white_usv7->black_usv9(机会锁定)
[t=9,175s] step=350 | MISSION=NORMAL_C | USV: 6/10 (avail=0 int=5 lock=1 frz=0) | UAV: air=10 rtb=0 chg=0 loiter=0 | TRACKS: vis=14 lost=0 engaged=1 | TOP: black_usv16(x175,192) black_usv5(x177,306) black_usv4(x177,586) | KILL=7 | ACTIONS=16 | INTENT: focus=2 ratio=0.20
      [ASSIGN] white_usv5->black_usv8(机会锁定)
      [ASSIGN] white_usv2->black_usv8(机会锁定)
      [ASSIGN] white_usv7->black_usv8(机会锁定)
      [KILL] black_usv8
      [RELEASE] white_usv5->black_usv8(目标失效)
      [ASSIGN] white_usv5->black_usv9(机会锁定)
      [RELEASE] white_usv2->black_usv8(目标失效)
      [ASSIGN] white_usv2->black_usv9(机会锁定)
      [RELEASE] white_usv7->black_usv8(目标失效)
      [ASSIGN] white_usv7->black_usv9(机会锁定)
      [ASSIGN] white_usv5->black_usv4(机会锁定)
      [ASSIGN] white_usv9->black_usv16(机会锁定)
      [ASSIGN] white_usv2->black_usv7(机会锁定)
      [ASSIGN] white_usv7->black_usv4(机会锁定)
      [KILL] black_usv14
      [RELEASE] white_usv6->black_usv14(目标失效)
      [KILL] black_usv9
      [ASSIGN] white_usv6->black_usv5
[t=9,464s] step=360 | MISSION=NORMAL_C | USV: 3/10 (avail=0 int=1 lock=2 frz=0) | UAV: air=10 rtb=0 chg=0 loiter=0 | TRACKS: vis=11 lost=0 engaged=2 | TOP: black_usv4(x174,723) black_usv17(x173,733) black_usv15(x176,355) | KILL=7 | ACTIONS=13 | INTENT: focus=2 ratio=0.20
      [ASSIGN] white_usv9->black_usv17(机会锁定)
      [ASSIGN] white_usv2->black_usv4(机会锁定)
      [ASSIGN] white_usv2->black_usv7(机会锁定)
      [ASSIGN] white_usv6->black_usv7(机会锁定)
      [ASSIGN] white_usv2->black_usv4(机会锁定)
      [ASSIGN] white_usv2->black_usv7(机会锁定)
      [ASSIGN] white_usv2->black_usv4(机会锁定)
      [ASSIGN] white_usv2->black_usv7(机会锁定)
      [ASSIGN] white_usv6->black_usv4(机会锁定)
      [ASSIGN] white_usv2->black_usv4(机会锁定)
[t=9,802s] step=370 | MISSION=NORMAL_C | USV: 3/10 (avail=0 int=2 lock=1 frz=0) | UAV: air=10 rtb=0 chg=0 loiter=0 | TRACKS: vis=11 lost=0 engaged=1 | TOP: black_usv16(x171,242) black_usv4(x173,593) black_usv15(x173,258) | KILL=9 | ACTIONS=13 | INTENT: focus=2 ratio=0.20
      [ASSIGN] white_usv6->black_usv7(机会锁定)
      [ASSIGN] white_usv2->black_usv7(机会锁定)
      [ASSIGN] white_usv6->black_usv4(机会锁定)
      [ASSIGN] white_usv6->black_usv7(机会锁定)
      [ASSIGN] white_usv9->black_usv16(机会锁定)
      [ASSIGN] white_usv6->black_usv4(机会锁定)
      [ASSIGN] white_usv6->black_usv7(机会锁定)
      [ASSIGN] white_usv6->black_usv4(机会锁定)
      [ASSIGN] white_usv6->black_usv5(机会锁定)
      [KILL] black_usv7
      [RELEASE] white_usv2->black_usv7(目标失效)
      [ASSIGN] white_usv2->black_usv4(机会锁定)
[t=10,130s] step=380 | MISSION=NORMAL_C | USV: 3/10 (avail=0 int=1 lock=2 frz=0) | UAV: air=10 rtb=0 chg=0 loiter=0 | TRACKS: vis=10 lost=0 engaged=2 | TOP: black_usv15(x170,273) black_usv18(x173,997) black_usv6(x174,642) | KILL=9 | ACTIONS=13 | INTENT: focus=2 ratio=0.20
      [KILL] black_usv4
      [RELEASE] white_usv2->black_usv4(目标失效)
      [ASSIGN] white_usv2->black_usv15
      [ASSIGN] white_usv9->black_usv17(机会锁定)
[t=10,467s] step=390 | MISSION=NORMAL_C | USV: 3/10 (avail=0 int=1 lock=2 frz=0) | UAV: air=10 rtb=0 chg=0 loiter=0 | TRACKS: vis=9 lost=0 engaged=2 | TOP: black_usv18(x170,737) black_usv6(x171,993) black_usv3(x174,706) | KILL=10 | ACTIONS=13 | INTENT: focus=2 ratio=0.20
      [ASSIGN] white_usv9->black_usv16(机会锁定)
      [ASSIGN] white_usv9->black_usv17(机会锁定)
      [ASSIGN] white_usv9->black_usv16(机会锁定)
      [ASSIGN] white_usv9->black_usv17(机会锁定)
      [ASSIGN] white_usv9->black_usv16(机会锁定)
      [ASSIGN] white_usv9->black_usv17(机会锁定)
      [ASSIGN] white_usv9->black_usv16(机会锁定)
[t=10,803s] step=400 | MISSION=NORMAL_C | USV: 3/10 (avail=0 int=2 lock=1 frz=0) | UAV: air=10 rtb=0 chg=0 loiter=0 | TRACKS: vis=9 lost=0 engaged=1 | TOP: black_usv18(x167,409) black_usv6(x169,352) black_usv3(x172,407) | KILL=11 | ACTIONS=13 | INTENT: focus=2 ratio=0.20
      [ASSIGN] white_usv9->black_usv17(机会锁定)
      [KILL] black_usv16
      [DETECT] black_usv19
      [ASSIGN] white_usv2->black_usv17(机会锁定)
      [ASSIGN] white_usv9->black_usv15(机会锁定)
[t=11,142s] step=410 | MISSION=NORMAL_C | USV: 3/10 (avail=0 int=2 lock=1 frz=0) | UAV: air=10 rtb=0 chg=0 loiter=0 | TRACKS: vis=7 lost=2 engaged=1 | TOP: black_usv19(x170,821) black_usv6(x166,432) black_usv3(x169,758) | KILL=12 | ACTIONS=13 | INTENT: focus=2 ratio=0.20
      [KILL] black_usv17
      [RELEASE] white_usv2->black_usv17(目标失效)
      [ASSIGN] white_usv2->black_usv15(机会锁定)
      [DETECT] black_usv20
[t=11,516s] step=420 | MISSION=NORMAL_C | USV: 3/10 (avail=0 int=1 lock=2 frz=0) | UAV: air=10 rtb=0 chg=0 loiter=0 | TRACKS: vis=6 lost=3 engaged=1 | TOP: black_usv19(x168,386) black_usv20(x169,787) black_usv6(x162,693) | KILL=12 | ACTIONS=13 | INTENT: focus=2 ratio=0.20
      [KILL] black_usv5
      [RELEASE] white_usv6->black_usv5(目标失效)
      [ASSIGN] white_usv6->black_usv19
      [RELEASE] white_usv6->black_usv19(目标失效)
      [ASSIGN] white_usv6->black_usv18
[t=11,916s] step=430 | MISSION=NORMAL_C | USV: 3/10 (avail=0 int=3 lock=0 frz=0) | UAV: air=10 rtb=0 chg=0 loiter=0 | TRACKS: vis=4 lost=1 engaged=0 | TOP: black_usv6(x158,693) black_usv3(x162,749) black_usv2(x172,705) | KILL=13 | ACTIONS=13 | INTENT: focus=2 ratio=0.20
      [KILL] black_usv15
      [RELEASE] white_usv9->black_usv15(目标失效)
      [RELEASE] white_usv2->black_usv15(目标失效)
      [ASSIGN] white_usv9->black_usv3
      [ASSIGN] white_usv2->black_usv6
      [RELEASE] white_usv6->black_usv18(目标失效)
      [ASSIGN] white_usv6->black_usv2
[t=12,312s] step=440 | MISSION=NORMAL_C | USV: 3/10 (avail=0 int=3 lock=0 frz=0) | UAV: air=10 rtb=0 chg=0 loiter=0 | TRACKS: vis=3 lost=0 engaged=0 | TOP: black_usv6(x154,734) black_usv3(x159,273) black_usv2(x170,345) | KILL=13 | ACTIONS=13 | INTENT: focus=2 ratio=0.20
[t=12,700s] step=450 | MISSION=NORMAL_C | USV: 3/10 (avail=0 int=3 lock=0 frz=0) | UAV: air=10 rtb=0 chg=0 loiter=0 | TRACKS: vis=3 lost=0 engaged=0 | TOP: black_usv6(x150,854) black_usv3(x156,365) black_usv2(x168,032) | KILL=13 | ACTIONS=13 | INTENT: focus=2 ratio=0.20
[t=13,075s] step=460 | MISSION=NORMAL_C | USV: 3/10 (avail=0 int=3 lock=0 frz=0) | UAV: air=10 rtb=0 chg=0 loiter=0 | TRACKS: vis=3 lost=0 engaged=0 | TOP: black_usv6(x147,105) black_usv3(x153,554) black_usv2(x165,797) | KILL=13 | ACTIONS=13 | INTENT: focus=2 ratio=0.20
[t=13,473s] step=470 | MISSION=NORMAL_C | USV: 3/10 (avail=0 int=3 lock=0 frz=0) | UAV: air=10 rtb=0 chg=0 loiter=0 | TRACKS: vis=3 lost=0 engaged=0 | TOP: black_usv6(x143,126) black_usv3(x150,571) black_usv2(x163,425) | KILL=13 | ACTIONS=13 | INTENT: focus=2 ratio=0.20
      [ASSIGN] white_usv6->black_usv6(机会锁定)
[t=13,859s] step=480 | MISSION=NORMAL_C | USV: 3/10 (avail=0 int=2 lock=1 frz=0) | UAV: air=10 rtb=0 chg=0 loiter=0 | TRACKS: vis=3 lost=0 engaged=1 | TOP: black_usv2(x161,125) black_usv3(x147,678) black_usv6(x139,266) | KILL=13 | ACTIONS=13 | INTENT: focus=2 ratio=0.20
      [DETECT] black_usv1
[t=14,264s] step=490 | MISSION=NORMAL_C | USV: 3/10 (avail=0 int=2 lock=1 frz=0) | UAV: air=10 rtb=0 chg=0 loiter=0 | TRACKS: vis=4 lost=0 engaged=1 | TOP: black_usv1(x167,717) black_usv2(x158,708) black_usv3(x144,638) | KILL=13 | ACTIONS=13 | INTENT: focus=2 ratio=0.20
[t=14,661s] step=500 | MISSION=NORMAL_C | USV: 3/10 (avail=0 int=2 lock=1 frz=0) | UAV: air=10 rtb=0 chg=0 loiter=0 | TRACKS: vis=2 lost=2 engaged=1 | TOP: black_usv1(x165,637) black_usv2(x156,345) black_usv3(x141,663) | KILL=13 | ACTIONS=13 | INTENT: focus=2 ratio=0.20
      [ASSIGN] white_usv9->black_usv6(机会锁定)
[t=15,041s] step=510 | MISSION=NORMAL_C | USV: 3/10 (avail=0 int=1 lock=2 frz=0) | UAV: air=10 rtb=0 chg=0 loiter=0 | TRACKS: vis=4 lost=0 engaged=1 | TOP: black_usv3(x138,786) black_usv2(x154,028) black_usv1(x163,581) | KILL=13 | ACTIONS=13 | INTENT: focus=2 ratio=0.20
[t=15,432s] step=520 | MISSION=NORMAL_C | USV: 3/10 (avail=0 int=3 lock=0 frz=0) | UAV: air=10 rtb=0 chg=0 loiter=0 | TRACKS: vis=3 lost=1 engaged=0 | TOP: black_usv1(x159,671) black_usv3(x134,876) black_usv2(x150,118) | KILL=14 | ACTIONS=13 | INTENT: focus=2 ratio=0.20
      [KILL] black_usv6
      [RELEASE] white_usv9->black_usv6(目标失效)
      [RELEASE] white_usv6->black_usv6(目标失效)
      [RELEASE] white_usv2->black_usv6(目标失效)
      [ASSIGN] white_usv9->black_usv3
      [ASSIGN] white_usv6->black_usv2
      [ASSIGN] white_usv2->black_usv1
[t=15,857s] step=530 | MISSION=NORMAL_C | USV: 3/10 (avail=0 int=3 lock=0 frz=0) | UAV: air=10 rtb=0 chg=0 loiter=0 | TRACKS: vis=3 lost=0 engaged=0 | TOP: black_usv2(x145,868) black_usv1(x155,621) black_usv3(x132,684) | KILL=14 | ACTIONS=13 | INTENT: focus=2 ratio=0.20
[t=16,238s] step=540 | MISSION=NORMAL_C | USV: 3/10 (avail=0 int=3 lock=0 frz=0) | UAV: air=10 rtb=0 chg=0 loiter=0 | TRACKS: vis=3 lost=0 engaged=0 | TOP: black_usv2(x142,177) black_usv3(x130,816) black_usv1(x152,582) | KILL=14 | ACTIONS=13 | INTENT: focus=2 ratio=0.20
      [ASSIGN] white_usv6->black_usv3(机会锁定)
[t=16,612s] step=550 | MISSION=NORMAL_C | USV: 3/10 (avail=0 int=1 lock=2 frz=0) | UAV: air=10 rtb=0 chg=0 loiter=0 | TRACKS: vis=3 lost=0 engaged=1 | TOP: black_usv2(x138,445) black_usv1(x149,335) black_usv3(x127,767) | KILL=14 | ACTIONS=13 | INTENT: focus=2 ratio=0.20
[t=17,015s] step=560 | MISSION=NORMAL_C | USV: 3/10 (avail=0 int=1 lock=2 frz=0) | UAV: air=10 rtb=0 chg=0 loiter=0 | TRACKS: vis=3 lost=0 engaged=1 | TOP: black_usv2(x134,418) black_usv3(x125,630) black_usv1(x145,532) | KILL=14 | ACTIONS=13 | INTENT: focus=2 ratio=0.20
[t=17,412s] step=570 | MISSION=NORMAL_C | USV: 3/10 (avail=0 int=3 lock=0 frz=0) | UAV: air=10 rtb=0 chg=0 loiter=0 | TRACKS: vis=3 lost=0 engaged=0 | TOP: black_usv2(x130,589) black_usv1(x142,711) black_usv3(x125,170) | KILL=15 | ACTIONS=13 | INTENT: focus=2 ratio=0.20
      [ASSIGN] white_usv2->black_usv3(机会锁定)
      [KILL] black_usv3
      [RELEASE] white_usv9->black_usv3(目标失效)
      [RELEASE] white_usv6->black_usv3(目标失效)
      [RELEASE] white_usv2->black_usv3(目标失效)
      [ASSIGN] white_usv9->black_usv1
      [ASSIGN] white_usv6->black_usv2
      [ASSIGN] white_usv2->black_usv2
[t=17,846s] step=580 | MISSION=NORMAL_C | USV: 3/10 (avail=3 int=0 lock=0 frz=0) | UAV: air=10 rtb=0 chg=0 loiter=0 | TRACKS: vis=2 lost=0 engaged=0 | TOP: black_usv1(x140,930) black_usv2(x128,797) | KILL=15 | ACTIONS=13 | INTENT: focus=2 ratio=0.20
[t=18,284s] step=590 | MISSION=NORMAL_C | USV: 3/10 (avail=0 int=3 lock=0 frz=0) | UAV: air=10 rtb=0 chg=0 loiter=0 | TRACKS: vis=2 lost=0 engaged=0 | TOP: black_usv1(x139,132) black_usv2(x125,573) | KILL=15 | ACTIONS=13 | INTENT: focus=2 ratio=0.20
[t=18,692s] step=600 | MISSION=NORMAL_C | USV: 3/10 (avail=0 int=3 lock=0 frz=0) | UAV: air=10 rtb=0 chg=0 loiter=0 | TRACKS: vis=2 lost=0 engaged=0 | TOP: black_usv1(x137,457) black_usv2(x121,654) | KILL=15 | ACTIONS=13 | INTENT: focus=2 ratio=0.20
      [ASSIGN] white_usv9->black_usv2(机会锁定)
[t=19,156s] step=610 | MISSION=NORMAL_C | USV: 3/10 (avail=0 int=1 lock=2 frz=0) | UAV: air=10 rtb=0 chg=0 loiter=0 | TRACKS: vis=2 lost=0 engaged=1 | TOP: black_usv1(x135,552) black_usv2(x118,198) | KILL=15 | ACTIONS=13 | INTENT: focus=2 ratio=0.20
[t=19,636s] step=620 | MISSION=NORMAL_C | USV: 3/10 (avail=0 int=3 lock=0 frz=0) | UAV: air=10 rtb=0 chg=0 loiter=0 | TRACKS: vis=2 lost=0 engaged=0 | TOP: black_usv1(x133,581) black_usv2(x118,198) | KILL=16 | ACTIONS=13 | INTENT: focus=2 ratio=0.20
      [KILL] black_usv2
      [RELEASE] white_usv9->black_usv2(目标失效)
      [RELEASE] white_usv6->black_usv2(目标失效)
      [RELEASE] white_usv2->black_usv2(目标失效)
      [ASSIGN] white_usv9->black_usv1
      [ASSIGN] white_usv6->black_usv1
      [ASSIGN] white_usv2->black_usv1
[t=20,096s] step=630 | MISSION=NORMAL_C | USV: 3/10 (avail=0 int=3 lock=0 frz=0) | UAV: air=10 rtb=0 chg=0 loiter=0 | TRACKS: vis=0 lost=1 engaged=0 | TOP: black_usv1(x131,693) | KILL=16 | ACTIONS=13 | INTENT: focus=2 ratio=0.20
      [RELEASE] white_usv9->black_usv1(目标失效)
      [RELEASE] white_usv6->black_usv1(目标失效)
      [RELEASE] white_usv2->black_usv1(目标失效)
[t=20,573s] step=640 | MISSION=GLOBAL_R | USV: 3/10 (avail=3 int=0 lock=0 frz=0) | UAV: air=10 rtb=0 chg=0 loiter=0 | TRACKS: vis=0 lost=0 engaged=0 | TOP:  | KILL=16 | ACTIONS=13 | INTENT: focus=2 ratio=0.20
[t=21,069s] step=650 | MISSION=GLOBAL_R | USV: 3/10 (avail=3 int=0 lock=0 frz=0) | UAV: air=10 rtb=0 chg=0 loiter=0 | TRACKS: vis=0 lost=0 engaged=0 | TOP:  | KILL=16 | ACTIONS=13 | INTENT: focus=2 ratio=0.20
      [DETECT] black_usv1
      [ASSIGN] white_usv9->black_usv1
      [ASSIGN] white_usv6->black_usv1
      [ASSIGN] white_usv2->black_usv1
[t=21,551s] step=660 | MISSION=NORMAL_C | USV: 3/10 (avail=0 int=3 lock=0 frz=0) | UAV: air=10 rtb=0 chg=0 loiter=0 | TRACKS: vis=1 lost=0 engaged=0 | TOP: black_usv1(x125,720) | KILL=16 | ACTIONS=13 | INTENT: focus=2 ratio=0.20
[t=22,037s] step=670 | MISSION=NORMAL_C | USV: 3/10 (avail=0 int=3 lock=0 frz=0) | UAV: air=10 rtb=0 chg=0 loiter=0 | TRACKS: vis=1 lost=0 engaged=0 | TOP: black_usv1(x123,725) | KILL=16 | ACTIONS=13 | INTENT: focus=2 ratio=0.20
[t=22,514s] step=680 | MISSION=NORMAL_C | USV: 3/10 (avail=0 int=3 lock=0 frz=0) | UAV: air=10 rtb=0 chg=0 loiter=0 | TRACKS: vis=0 lost=1 engaged=0 | TOP: black_usv1(x121,767) | KILL=16 | ACTIONS=13 | INTENT: focus=2 ratio=0.20
[t=22,987s] step=690 | MISSION=NORMAL_C | USV: 3/10 (avail=0 int=3 lock=0 frz=0) | UAV: air=10 rtb=0 chg=0 loiter=0 | TRACKS: vis=0 lost=1 engaged=0 | TOP: black_usv1(x119,825) | KILL=16 | ACTIONS=13 | INTENT: focus=2 ratio=0.20
[t=23,467s] step=700 | MISSION=NORMAL_C | USV: 3/10 (avail=0 int=0 lock=3 frz=0) | UAV: air=10 rtb=0 chg=0 loiter=0 | TRACKS: vis=1 lost=0 engaged=1 | TOP: black_usv1(x117,855) | KILL=16 | ACTIONS=13 | INTENT: focus=2 ratio=0.20
      [UAV RTB] white_uav7(电量1440<1180+300)
      [UAV RTB] white_uav9(电量1126<833+300)
[t=23,994s] step=710 | MISSION=NORMAL_C | USV: 3/10 (avail=0 int=3 lock=0 frz=0) | UAV: air=8 rtb=2 chg=0 loiter=0 | TRACKS: vis=1 lost=0 engaged=0 | TOP: black_usv1(x117,699) | KILL=17 | ACTIONS=13 | INTENT: focus=2 ratio=0.20
      [UAV RTB] white_uav4(电量917<710+300)
      [UAV RTB] white_uav6(电量918<659+300)
      [KILL] black_usv1
      [RELEASE] white_usv9->black_usv1(目标失效)
      [RELEASE] white_usv6->black_usv1(目标失效)
      [RELEASE] white_usv2->black_usv1(目标失效)
      [UAV RTB] white_uav5(电量856<662+300)
      [UAV RTB] white_uav8(电量856<605+300)
      [UAV RTB] white_uav3(电量858<643+300)
      [UAV RTB] white_uav2(电量763<531+300)
      [UAV RTB] white_uav10(电量720<455+300)
      [UAV RTB] white_uav1(电量564<268+300)
[t=24,500s] step=720 | MISSION=GLOBAL_R | USV: 3/10 (avail=3 int=0 lock=0 frz=0) | UAV: air=0 rtb=10 chg=0 loiter=0 | TRACKS: vis=0 lost=0 engaged=0 | TOP:  | KILL=17 | ACTIONS=13 | INTENT: focus=2 ratio=0.20
      [UAV LAND] white_uav1->white_usv6
      [UAV LAND] white_uav7->white_usv9
      [UAV RTB] white_uav1(电量246<30+300)
      [UAV LAND] white_uav10->white_usv9
      [UAV RTB] white_uav7(电量182<8+300)
      [UAV LAND] white_uav7->white_usv9
      [UAV LAND] white_uav6->white_usv6
      [UAV LAND] white_uav1->white_usv6
      [UAV RTB] white_uav10(电量186<9+300)
      [UAV LAND] white_uav10->white_usv9
      [UAV RTB] white_uav7(电量140<14+300)
      [UAV LAND] white_uav7->white_usv9
      [UAV LAND] white_uav5->white_usv6
      [UAV RTB] white_uav6(电量141<4+300)
      [UAV LAND] white_uav6->white_usv6
      [UAV LAND] white_uav2->white_usv6
      [UAV LAND] white_uav3->white_usv6
      [UAV RTB] white_uav1(电量143<44+300)
      [UAV RTB] white_uav10(电量144<12+300)
      [UAV LAND] white_uav10->white_usv9
      [UAV RTB] white_uav7(电量80<18+300)
      [UAV LAND] white_uav7->white_usv9
      [UAV RTB] white_uav5(电量81<9+300)
      [UAV LAND] white_uav5->white_usv6
      [UAV RTB] white_uav6(电量81<3+300)
      [UAV LAND] white_uav6->white_usv6
      [UAV RTB] white_uav2(电量82<42+300)
      [UAV RTB] white_uav3(电量83<27+300)
      [UAV LAND] white_uav1->white_usv6
      [UAV RTB] white_uav10(电量84<3+300)
      [UAV LAND] white_uav10->white_usv9
      [UAV RTB] white_uav7(电量12<41+300)
      [UAV RTB] white_uav5(电量13<12+300)
      [UAV RTB] white_uav6(电量13<28+300)
      [UAV RTB] white_uav1(电量15<54+300)
      [UAV RTB] white_uav10(电量16<7+300)
[t=25,078s] step=730 | MISSION=GLOBAL_R | USV: 3/10 (avail=3 int=0 lock=0 frz=0) | UAV: air=0 rtb=0 chg=0 loiter=0 | TRACKS: vis=0 lost=0 engaged=0 | TOP:  | KILL=17 | ACTIONS=3 | INTENT: focus=2 ratio=0.20
[t=26,067s] step=740 | MISSION=GLOBAL_R | USV: 3/10 (avail=3 int=0 lock=0 frz=0) | UAV: air=0 rtb=0 chg=0 loiter=0 | TRACKS: vis=0 lost=0 engaged=0 | TOP:  | KILL=17 | ACTIONS=3 | INTENT: focus=2 ratio=0.20
[t=27,037s] step=750 | MISSION=GLOBAL_R | USV: 3/10 (avail=3 int=0 lock=0 frz=0) | UAV: air=0 rtb=0 chg=0 loiter=0 | TRACKS: vis=0 lost=0 engaged=0 | TOP:  | KILL=17 | ACTIONS=3 | INTENT: focus=2 ratio=0.20
[t=28,014s] step=760 | MISSION=GLOBAL_R | USV: 3/10 (avail=3 int=0 lock=0 frz=0) | UAV: air=0 rtb=0 chg=0 loiter=0 | TRACKS: vis=0 lost=0 engaged=0 | TOP:  | KILL=17 | ACTIONS=3 | INTENT: focus=2 ratio=0.20
[t=28,957s] step=770 | MISSION=GLOBAL_R | USV: 3/10 (avail=3 int=0 lock=0 frz=0) | UAV: air=0 rtb=0 chg=0 loiter=0 | TRACKS: vis=0 lost=0 engaged=0 | TOP:  | KILL=17 | ACTIONS=3 | INTENT: focus=2 ratio=0.20
[t=29,852s] step=780 | MISSION=GLOBAL_R | USV: 3/10 (avail=3 int=0 lock=0 frz=0) | UAV: air=0 rtb=0 chg=0 loiter=0 | TRACKS: vis=0 lost=0 engaged=0 | TOP:  | KILL=17 | ACTIONS=3 | INTENT: focus=2 ratio=0.20
[t=30,751s] step=790 | MISSION=GLOBAL_R | USV: 3/10 (avail=3 int=0 lock=0 frz=0) | UAV: air=0 rtb=0 chg=0 loiter=0 | TRACKS: vis=0 lost=0 engaged=0 | TOP:  | KILL=17 | ACTIONS=3 | INTENT: focus=2 ratio=0.20
[t=31,609s] step=800 | MISSION=GLOBAL_R | USV: 3/10 (avail=3 int=0 lock=0 frz=0) | UAV: air=0 rtb=0 chg=0 loiter=0 | TRACKS: vis=0 lost=0 engaged=0 | TOP:  | KILL=17 | ACTIONS=3 | INTENT: focus=2 ratio=0.20
[t=32,551s] step=810 | MISSION=GLOBAL_R | USV: 3/10 (avail=3 int=0 lock=0 frz=0) | UAV: air=0 rtb=0 chg=0 loiter=0 | TRACKS: vis=0 lost=0 engaged=0 | TOP:  | KILL=17 | ACTIONS=3 | INTENT: focus=2 ratio=0.20
[t=33,506s] step=820 | MISSION=GLOBAL_R | USV: 3/10 (avail=3 int=0 lock=0 frz=0) | UAV: air=0 rtb=0 chg=0 loiter=0 | TRACKS: vis=0 lost=0 engaged=0 | TOP:  | KILL=17 | ACTIONS=3 | INTENT: focus=2 ratio=0.20

========================================================================
对局结果: Result.Defeat — 敌方1艘艇突破防线
  击杀蓝舰: 18 | 命中: 34 | 我方USV损失: 7 | UAV损失: 10 | 突破: 1
[META] result=Result.Defeat victory_time=34386 first_detection=1846 first_lock=7466 first_kill=8362 enemy_kills=18 friendly_usv_losses=7 friendly_uav_losses=10 black_breakthrough=1 reacquire_attempts=203 reacquire_success=200 sensor_assisted_locks=105 low_conf_commitments=0 global_reacquire_entries=2 global_reacquire_success=1 coverage_collapse_events=1 active_clusters_max=1 coverage_quality_final=0.09 commander_source=default_intent commander_calls=0 commander_changes=0 commander_no_change=0 commander_parse_failures=0 commander_api_failures=0 commander_policy_failures=0 commander_avg_latency=0.0
Done
