========================================================================
HYBRID AGENT V5 — Variable-Cardinality Hierarchical Maritime Agent
  启用UAV: True | LLM_ENABLED: False
========================================================================
对局 33 开始
      [UAV RELAUNCH] white_uav5
      [UAV RELAUNCH] white_uav7
      [UAV RELAUNCH] white_uav3
      [UAV RELAUNCH] white_uav2
      [UAV RELAUNCH] white_uav9
      [UAV RELAUNCH] white_uav1
      [UAV RELAUNCH] white_uav6
      [UAV RELAUNCH] white_uav8
      [UAV RELAUNCH] white_uav4
      [UAV RELAUNCH] white_uav10
[t=230s] step=10 | MISSION=NORMAL_C | USV: 10/10 (avail=10 int=0 lock=0 frz=0) | UAV: air=10 rtb=0 chg=0 loiter=0 | TRACKS: vis=0 lost=0 engaged=0 | TOP:  | KILL=0 | ACTIONS=20 | INTENT: focus=2 ratio=0.20
  [INTENT APPLIED]
    ThreatAllocator: focus 2 emergency 3 reserve_ratio 0.20 reserve_usvs None bias breakthrough_eta
    UAVManager: mode search_and_reacquire uav_priority []
[t=505s] step=20 | MISSION=NORMAL_C | USV: 10/10 (avail=10 int=0 lock=0 frz=0) | UAV: air=10 rtb=0 chg=0 loiter=0 | TRACKS: vis=0 lost=0 engaged=0 | TOP:  | KILL=0 | ACTIONS=20 | INTENT: focus=2 ratio=0.20
[t=788s] step=30 | MISSION=NORMAL_C | USV: 10/10 (avail=10 int=0 lock=0 frz=0) | UAV: air=10 rtb=0 chg=0 loiter=0 | TRACKS: vis=0 lost=0 engaged=0 | TOP:  | KILL=0 | ACTIONS=20 | INTENT: focus=2 ratio=0.20
[t=1,062s] step=40 | MISSION=NORMAL_C | USV: 10/10 (avail=10 int=0 lock=0 frz=0) | UAV: air=10 rtb=0 chg=0 loiter=0 | TRACKS: vis=0 lost=0 engaged=0 | TOP:  | KILL=0 | ACTIONS=20 | INTENT: focus=2 ratio=0.20
[t=1,320s] step=50 | MISSION=NORMAL_C | USV: 10/10 (avail=10 int=0 lock=0 frz=0) | UAV: air=10 rtb=0 chg=0 loiter=0 | TRACKS: vis=0 lost=0 engaged=0 | TOP:  | KILL=0 | ACTIONS=20 | INTENT: focus=2 ratio=0.20
[t=1,603s] step=60 | MISSION=NORMAL_C | USV: 10/10 (avail=10 int=0 lock=0 frz=0) | UAV: air=10 rtb=0 chg=0 loiter=0 | TRACKS: vis=0 lost=0 engaged=0 | TOP:  | KILL=0 | ACTIONS=20 | INTENT: focus=2 ratio=0.20
      [DETECT] black_usv14
      [DETECT] black_usv7
      [DETECT] black_usv13
      [DETECT] black_usv11
      [DETECT] black_usv12
      [DETECT] black_usv10
      [DETECT] black_usv15
      [DETECT] black_usv8
      [DETECT] black_usv9
      [ASSIGN] white_usv1->black_usv7
      [ASSIGN] white_usv4->black_usv8
      [ASSIGN] white_usv3->black_usv10
      [ASSIGN] white_usv2->black_usv9
      [ASSIGN] white_usv7->black_usv13
      [ASSIGN] white_usv9->black_usv12
      [ASSIGN] white_usv10->black_usv14
      [ASSIGN] white_usv5->black_usv11
      [DETECT] black_usv4
      [DETECT] black_usv6
      [DETECT] black_usv18
      [DETECT] black_usv16
      [DETECT] black_usv5
      [DETECT] black_usv17
      [ASSIGN] white_usv8->black_usv17
      [ASSIGN] white_usv6->black_usv15
[t=1,894s] step=70 | MISSION=NORMAL_C | USV: 10/10 (avail=2 int=8 lock=0 frz=0) | UAV: air=10 rtb=0 chg=0 loiter=0 | TRACKS: vis=15 lost=0 engaged=0 | TOP: black_usv4(x242,876) black_usv6(x243,075) black_usv18(x243,156) | KILL=0 | ACTIONS=20 | INTENT: focus=2 ratio=0.20
      [DETECT] black_usv19
      [DETECT] black_usv3
      [DETECT] black_usv2
      [DETECT] black_usv20
      [DETECT] black_usv1
[t=2,189s] step=80 | MISSION=NORMAL_C | USV: 10/10 (avail=0 int=10 lock=0 frz=0) | UAV: air=10 rtb=0 chg=0 loiter=0 | TRACKS: vis=19 lost=1 engaged=0 | TOP: black_usv4(x240,246) black_usv6(x240,479) black_usv18(x240,574) | KILL=0 | ACTIONS=20 | INTENT: focus=2 ratio=0.20
[t=2,480s] step=90 | MISSION=NORMAL_C | USV: 10/10 (avail=0 int=10 lock=0 frz=0) | UAV: air=10 rtb=0 chg=0 loiter=0 | TRACKS: vis=20 lost=0 engaged=0 | TOP: black_usv6(x237,919) black_usv18(x238,027) black_usv3(x239,355) | KILL=0 | ACTIONS=20 | INTENT: focus=2 ratio=0.20
[t=2,755s] step=100 | MISSION=NORMAL_C | USV: 10/10 (avail=0 int=10 lock=0 frz=0) | UAV: air=10 rtb=0 chg=0 loiter=0 | TRACKS: vis=19 lost=1 engaged=0 | TOP: black_usv6(x235,499) black_usv18(x235,620) black_usv3(x237,108) | KILL=0 | ACTIONS=20 | INTENT: focus=2 ratio=0.20
[t=3,040s] step=110 | MISSION=NORMAL_C | USV: 10/10 (avail=0 int=10 lock=0 frz=0) | UAV: air=10 rtb=0 chg=0 loiter=0 | TRACKS: vis=19 lost=0 engaged=0 | TOP: black_usv6(x232,991) black_usv18(x233,126) black_usv3(x234,780) | KILL=0 | ACTIONS=20 | INTENT: focus=2 ratio=0.20
[t=3,326s] step=120 | MISSION=NORMAL_C | USV: 10/10 (avail=0 int=10 lock=0 frz=0) | UAV: air=10 rtb=0 chg=0 loiter=0 | TRACKS: vis=18 lost=1 engaged=0 | TOP: black_usv6(x230,474) black_usv18(x230,623) black_usv3(x232,443) | KILL=0 | ACTIONS=20 | INTENT: focus=2 ratio=0.20
[t=3,612s] step=130 | MISSION=NORMAL_C | USV: 10/10 (avail=0 int=10 lock=0 frz=0) | UAV: air=10 rtb=0 chg=0 loiter=0 | TRACKS: vis=19 lost=0 engaged=0 | TOP: black_usv6(x227,957) black_usv18(x228,119) black_usv3(x230,106) | KILL=0 | ACTIONS=20 | INTENT: focus=2 ratio=0.20
[t=3,892s] step=140 | MISSION=NORMAL_C | USV: 10/10 (avail=0 int=10 lock=0 frz=0) | UAV: air=10 rtb=0 chg=0 loiter=0 | TRACKS: vis=18 lost=1 engaged=0 | TOP: black_usv6(x225,493) black_usv18(x225,669) black_usv3(x227,819) | KILL=0 | ACTIONS=20 | INTENT: focus=2 ratio=0.20
[t=4,122s] step=150 | MISSION=NORMAL_C | USV: 10/10 (avail=0 int=10 lock=0 frz=0) | UAV: air=10 rtb=0 chg=0 loiter=0 | TRACKS: vis=18 lost=0 engaged=0 | TOP: black_usv6(x223,469) black_usv18(x223,656) black_usv3(x225,940) | KILL=0 | ACTIONS=20 | INTENT: focus=2 ratio=0.20
[t=4,412s] step=160 | MISSION=NORMAL_C | USV: 10/10 (avail=0 int=10 lock=0 frz=0) | UAV: air=10 rtb=0 chg=0 loiter=0 | TRACKS: vis=14 lost=4 engaged=0 | TOP: black_usv6(x220,917) black_usv18(x221,117) black_usv3(x223,570) | KILL=0 | ACTIONS=20 | INTENT: focus=2 ratio=0.20
[t=4,594s] step=170 | MISSION=NORMAL_C | USV: 10/10 (avail=0 int=10 lock=0 frz=0) | UAV: air=10 rtb=0 chg=0 loiter=0 | TRACKS: vis=17 lost=0 engaged=0 | TOP: black_usv6(x219,315) black_usv18(x219,524) black_usv3(x222,083) | KILL=0 | ACTIONS=20 | INTENT: focus=2 ratio=0.20
[t=4,785s] step=180 | MISSION=NORMAL_C | USV: 10/10 (avail=0 int=10 lock=0 frz=0) | UAV: air=10 rtb=0 chg=0 loiter=0 | TRACKS: vis=17 lost=0 engaged=0 | TOP: black_usv6(x217,635) black_usv18(x217,853) black_usv3(x220,523) | KILL=0 | ACTIONS=20 | INTENT: focus=2 ratio=0.20
[t=5,074s] step=190 | MISSION=NORMAL_C | USV: 10/10 (avail=0 int=10 lock=0 frz=0) | UAV: air=10 rtb=0 chg=0 loiter=0 | TRACKS: vis=17 lost=0 engaged=0 | TOP: black_usv6(x215,091) black_usv18(x215,323) black_usv3(x218,161) | KILL=0 | ACTIONS=20 | INTENT: focus=2 ratio=0.20
[t=5,366s] step=200 | MISSION=NORMAL_C | USV: 10/10 (avail=0 int=10 lock=0 frz=0) | UAV: air=10 rtb=0 chg=0 loiter=0 | TRACKS: vis=17 lost=0 engaged=0 | TOP: black_usv6(x212,522) black_usv18(x212,768) black_usv3(x215,776) | KILL=0 | ACTIONS=20 | INTENT: focus=2 ratio=0.20
      [DETECT] black_usv20
[t=5,659s] step=210 | MISSION=NORMAL_C | USV: 10/10 (avail=0 int=10 lock=0 frz=0) | UAV: air=10 rtb=0 chg=0 loiter=0 | TRACKS: vis=15 lost=3 engaged=0 | TOP: black_usv6(x209,943) black_usv18(x210,203) black_usv3(x213,382) | KILL=0 | ACTIONS=20 | INTENT: focus=2 ratio=0.20
[t=5,967s] step=220 | MISSION=NORMAL_C | USV: 10/10 (avail=0 int=10 lock=0 frz=0) | UAV: air=10 rtb=0 chg=0 loiter=0 | TRACKS: vis=15 lost=1 engaged=0 | TOP: black_usv18(x207,507) black_usv3(x210,865) black_usv6(x207,090) | KILL=0 | ACTIONS=20 | INTENT: focus=2 ratio=0.20
      [DETECT] black_usv19
[t=6,276s] step=230 | MISSION=NORMAL_C | USV: 10/10 (avail=0 int=10 lock=0 frz=0) | UAV: air=10 rtb=0 chg=0 loiter=0 | TRACKS: vis=15 lost=1 engaged=0 | TOP: black_usv18(x204,803) black_usv19(x209,395) black_usv11(x197,236) | KILL=0 | ACTIONS=20 | INTENT: focus=2 ratio=0.20
[t=6,589s] step=240 | MISSION=NORMAL_C | USV: 10/10 (avail=0 int=10 lock=0 frz=0) | UAV: air=10 rtb=0 chg=0 loiter=0 | TRACKS: vis=15 lost=0 engaged=0 | TOP: black_usv18(x202,063) black_usv11(x194,106) black_usv13(x194,130) | KILL=0 | ACTIONS=20 | INTENT: focus=2 ratio=0.20
[t=6,888s] step=250 | MISSION=NORMAL_C | USV: 10/10 (avail=0 int=10 lock=0 frz=0) | UAV: air=10 rtb=0 chg=0 loiter=0 | TRACKS: vis=15 lost=0 engaged=0 | TOP: black_usv18(x199,439) black_usv11(x191,108) black_usv13(x191,135) | KILL=0 | ACTIONS=20 | INTENT: focus=2 ratio=0.20
[t=7,198s] step=260 | MISSION=NORMAL_C | USV: 10/10 (avail=0 int=10 lock=0 frz=0) | UAV: air=10 rtb=0 chg=0 loiter=0 | TRACKS: vis=15 lost=0 engaged=0 | TOP: black_usv18(x196,733) black_usv11(x188,018) black_usv13(x188,044) | KILL=0 | ACTIONS=20 | INTENT: focus=2 ratio=0.20
      [ASSIGN] white_usv3->black_usv8(机会锁定)
      [ASSIGN] white_usv2->black_usv10(机会锁定)
      [ASSIGN] white_usv9->black_usv13(机会锁定)
      [ASSIGN] white_usv8->black_usv14(机会锁定)
      [ASSIGN] white_usv6->black_usv14(机会锁定)
[t=7,521s] step=270 | MISSION=NORMAL_C | USV: 10/10 (avail=0 int=0 lock=10 frz=0) | UAV: air=10 rtb=0 chg=0 loiter=0 | TRACKS: vis=15 lost=0 engaged=6 | TOP: black_usv12(x185,150) black_usv18(x193,906) black_usv11(x184,789) | KILL=0 | ACTIONS=20 | INTENT: focus=2 ratio=0.20
      [ASSIGN] white_usv4->black_usv9(机会锁定)
      [ASSIGN] white_usv3->black_usv9(机会锁定)
      [ASSIGN] white_usv7->black_usv12(机会锁定)
      [ASSIGN] white_usv5->black_usv12(机会锁定)
      [ASSIGN] white_usv2->black_usv8(机会锁定)
      [ASSIGN] white_usv9->black_usv11(机会锁定)
      [ASSIGN] white_usv10->black_usv17(机会锁定)
      [ASSIGN] white_usv2->black_usv10(机会锁定)
      [ASSIGN] white_usv8->black_usv13(机会锁定)
      [ASSIGN] white_usv6->black_usv13(机会锁定)
      [ASSIGN] white_usv8->black_usv14(机会锁定)
      [ASSIGN] white_usv6->black_usv14(机会锁定)
      [ASSIGN] white_usv1->black_usv8(机会锁定)
      [ASSIGN] white_usv8->black_usv15(机会锁定)
      [ASSIGN] white_usv6->black_usv13(机会锁定)
      [ASSIGN] white_usv1->black_usv7(机会锁定)
      [ASSIGN] white_usv6->black_usv14(机会锁定)
[t=7,865s] step=280 | MISSION=NORMAL_C | USV: 10/10 (avail=0 int=2 lock=8 frz=0) | UAV: air=10 rtb=0 chg=0 loiter=0 | TRACKS: vis=15 lost=0 engaged=6 | TOP: black_usv14(x184,215) black_usv7(x185,873) black_usv18(x190,755) | KILL=3 | ACTIONS=20 | INTENT: focus=2 ratio=0.20
      [ASSIGN] white_usv6->black_usv13(机会锁定)
      [ASSIGN] white_usv6->black_usv14(机会锁定)
      [ASSIGN] white_usv6->black_usv13(机会锁定)
      [ASSIGN] white_usv4->black_usv8(机会锁定)
      [ASSIGN] white_usv6->black_usv14(机会锁定)
      [ASSIGN] white_usv4->black_usv13(机会锁定)
      [ASSIGN] white_usv7->black_usv13(机会锁定)
      [ASSIGN] white_usv5->black_usv13(机会锁定)
      [ASSIGN] white_usv6->black_usv13(机会锁定)
      [ASSIGN] white_usv4->black_usv8(机会锁定)
      [ASSIGN] white_usv3->black_usv8(机会锁定)
      [ASSIGN] white_usv7->black_usv12(机会锁定)
      [ASSIGN] white_usv9->black_usv12(机会锁定)
      [ASSIGN] white_usv10->black_usv14(机会锁定)
      [ASSIGN] white_usv5->black_usv12(机会锁定)
      [ASSIGN] white_usv6->black_usv14(机会锁定)
      [ASSIGN] white_usv4->black_usv9(机会锁定)
      [ASSIGN] white_usv3->black_usv9(机会锁定)
      [ASSIGN] white_usv2->black_usv9(机会锁定)
      [ASSIGN] white_usv7->black_usv11(机会锁定)
      [ASSIGN] white_usv9->black_usv13(机会锁定)
      [ASSIGN] white_usv10->black_usv17(机会锁定)
      [ASSIGN] white_usv5->black_usv11(机会锁定)
      [ASSIGN] white_usv6->black_usv17(机会锁定)
      [ASSIGN] white_usv4->black_usv10(机会锁定)
      [ASSIGN] white_usv3->black_usv10(机会锁定)
      [ASSIGN] white_usv2->black_usv10(机会锁定)
      [ASSIGN] white_usv7->black_usv12(机会锁定)
      [ASSIGN] white_usv9->black_usv12(机会锁定)
      [ASSIGN] white_usv5->black_usv12(机会锁定)
      [ASSIGN] white_usv1->black_usv9(机会锁定)
      [ASSIGN] white_usv9->black_usv13(机会锁定)
      [ASSIGN] white_usv5->black_usv11(机会锁定)
      [ASSIGN] white_usv8->black_usv14(机会锁定)
      [ASSIGN] white_usv1->black_usv7(机会锁定)
      [ASSIGN] white_usv9->black_usv12(机会锁定)
      [ASSIGN] white_usv5->black_usv8(机会锁定)
      [ASSIGN] white_usv8->black_usv16(机会锁定)
[t=8,225s] step=290 | MISSION=NORMAL_C | USV: 10/10 (avail=0 int=5 lock=5 frz=0) | UAV: air=10 rtb=0 chg=0 loiter=0 | TRACKS: vis=15 lost=0 engaged=2 | TOP: black_usv7(x185,103) black_usv18(x187,155) black_usv12(x180,400) | KILL=7 | ACTIONS=20 | INTENT: focus=2 ratio=0.20
      [ASSIGN] white_usv1->black_usv9(机会锁定)
      [ASSIGN] white_usv5->black_usv11(机会锁定)
      [KILL] black_usv13
      [KILL] black_usv8
      [ASSIGN] white_usv1->black_usv7(机会锁定)
      [ASSIGN] white_usv5->black_usv14(机会锁定)
      [KILL] black_usv14
      [ASSIGN] white_usv1->black_usv9(机会锁定)
      [RELEASE] white_usv5->black_usv14(目标失效)
      [ASSIGN] white_usv5->black_usv11(机会锁定)
      [ASSIGN] white_usv1->black_usv7(机会锁定)
      [ASSIGN] white_usv5->black_usv12(机会锁定)
      [ASSIGN] white_usv1->black_usv9(机会锁定)
      [ASSIGN] white_usv5->black_usv11(机会锁定)
      [ASSIGN] white_usv1->black_usv7(机会锁定)
      [ASSIGN] white_usv10->black_usv15(机会锁定)
      [ASSIGN] white_usv5->black_usv12(机会锁定)
      [ASSIGN] white_usv1->black_usv4(机会锁定)
      [ASSIGN] white_usv4->black_usv9(机会锁定)
      [ASSIGN] white_usv3->black_usv9(机会锁定)
      [ASSIGN] white_usv2->black_usv9(机会锁定)
      [ASSIGN] white_usv5->black_usv11(机会锁定)
      [ASSIGN] white_usv4->black_usv10(机会锁定)
      [ASSIGN] white_usv3->black_usv10(机会锁定)
      [ASSIGN] white_usv2->black_usv10(机会锁定)
      [ASSIGN] white_usv5->black_usv10(机会锁定)
      [ASSIGN] white_usv4->black_usv9(机会锁定)
      [ASSIGN] white_usv3->black_usv9(机会锁定)
      [ASSIGN] white_usv2->black_usv9(机会锁定)
      [ASSIGN] white_usv7->black_usv11(机会锁定)
      [ASSIGN] white_usv5->black_usv11(机会锁定)
      [ASSIGN] white_usv8->black_usv17(机会锁定)
      [KILL] black_usv9
      [RELEASE] white_usv4->black_usv9(目标失效)
      [ASSIGN] white_usv4->black_usv10(机会锁定)
      [RELEASE] white_usv3->black_usv9(目标失效)
      [ASSIGN] white_usv3->black_usv10(机会锁定)
      [RELEASE] white_usv2->black_usv9(目标失效)
      [ASSIGN] white_usv2->black_usv10(机会锁定)
      [ASSIGN] white_usv7->black_usv12(机会锁定)
      [ASSIGN] white_usv5->black_usv12(机会锁定)
      [ASSIGN] white_usv8->black_usv16(机会锁定)
[t=8,594s] step=300 | MISSION=NORMAL_C | USV: 8/10 (avail=0 int=6 lock=2 frz=0) | UAV: air=10 rtb=0 chg=0 loiter=0 | TRACKS: vis=11 lost=0 engaged=2 | TOP: black_usv12(x180,400) black_usv7(x185,103) black_usv18(x183,465) | KILL=9 | ACTIONS=18 | INTENT: focus=2 ratio=0.20
      [KILL] black_usv12
      [RELEASE] white_usv7->black_usv12(目标失效)
      [ASSIGN] white_usv7->black_usv11(机会锁定)
      [RELEASE] white_usv5->black_usv12(目标失效)
      [ASSIGN] white_usv5->black_usv11(机会锁定)
      [DETECT] black_usv3
      [KILL] black_usv11
      [RELEASE] white_usv7->black_usv11(目标失效)
      [ASSIGN] white_usv7->black_usv10(机会锁定)
      [ASSIGN] white_usv10->black_usv17(机会锁定)
      [KILL] black_usv7
      [ASSIGN] white_usv10->black_usv15(机会锁定)
      [ASSIGN] white_usv10->black_usv17(机会锁定)
      [ASSIGN] white_usv10->black_usv15(机会锁定)
      [ASSIGN] white_usv10->black_usv17(机会锁定)
      [ASSIGN] white_usv7->black_usv16(机会锁定)
      [ASSIGN] white_usv10->black_usv15(机会锁定)
      [ASSIGN] white_usv8->black_usv15(机会锁定)
[t=8,952s] step=310 | MISSION=NORMAL_C | USV: 6/10 (avail=0 int=6 lock=0 frz=0) | UAV: air=10 rtb=0 chg=0 loiter=0 | TRACKS: vis=8 lost=1 engaged=0 | TOP: black_usv3(x184,726) black_usv5(x179,112) black_usv4(x179,476) | KILL=11 | ACTIONS=16 | INTENT: focus=2 ratio=0.20
      [ASSIGN] white_usv10->black_usv16(机会锁定)
      [ASSIGN] white_usv8->black_usv17(机会锁定)
      [ASSIGN] white_usv7->black_usv15(机会锁定)
      [ASSIGN] white_usv10->black_usv15(机会锁定)
      [ASSIGN] white_usv8->black_usv15(机会锁定)
      [DETECT] black_usv3
      [KILL] black_usv10
      [KILL] black_usv17
      [RELEASE] white_usv4->black_usv10(目标失效)
      [RELEASE] white_usv3->black_usv10(目标失效)
      [RELEASE] white_usv2->black_usv10(目标失效)
      [ASSIGN] white_usv7->black_usv16(机会锁定)
      [ASSIGN] white_usv10->black_usv16(机会锁定)
      [ASSIGN] white_usv8->black_usv16(机会锁定)
      [ASSIGN] white_usv4->black_usv6
      [ASSIGN] white_usv3->black_usv5
      [ASSIGN] white_usv2->black_usv3
      [ASSIGN] white_usv7->black_usv15(机会锁定)
      [ASSIGN] white_usv8->black_usv15(机会锁定)
      [ASSIGN] white_usv7->black_usv16(机会锁定)
      [ASSIGN] white_usv8->black_usv16(机会锁定)
      [DETECT] black_usv19
      [ASSIGN] white_usv7->black_usv15(机会锁定)
      [ASSIGN] white_usv10->black_usv15(机会锁定)
      [DETECT] black_usv20
      [ASSIGN] white_usv2->black_usv5(机会锁定)
      [ASSIGN] white_usv7->black_usv16(机会锁定)
      [ASSIGN] white_usv10->black_usv16(机会锁定)
      [ASSIGN] white_usv7->black_usv15(机会锁定)
      [ASSIGN] white_usv10->black_usv15(机会锁定)
      [ASSIGN] white_usv7->black_usv16(机会锁定)
      [ASSIGN] white_usv10->black_usv16(机会锁定)
[t=9,351s] step=320 | MISSION=NORMAL_C | USV: 6/10 (avail=0 int=5 lock=1 frz=0) | UAV: air=10 rtb=0 chg=0 loiter=0 | TRACKS: vis=9 lost=0 engaged=1 | TOP: black_usv3(x180,736) black_usv19(x181,609) black_usv20(x188,070) | KILL=11 | ACTIONS=16 | INTENT: focus=2 ratio=0.20
      [KILL] black_usv15
      [ASSIGN] white_usv4->black_usv5(机会锁定)
      [KILL] black_usv16
      [ASSIGN] white_usv2->black_usv6(机会锁定)
      [RELEASE] white_usv7->black_usv16(目标失效)
      [RELEASE] white_usv10->black_usv16(目标失效)
      [RELEASE] white_usv8->black_usv16(目标失效)
      [ASSIGN] white_usv7->black_usv3
      [ASSIGN] white_usv10->black_usv19
      [ASSIGN] white_usv8->black_usv20
      [ASSIGN] white_usv10->black_usv18(机会锁定)
      [RELEASE] white_usv8->black_usv20(目标失效)
      [ASSIGN] white_usv8->black_usv18(机会锁定)
      [ASSIGN] white_usv4->black_usv4(机会锁定)
      [ASSIGN] white_usv3->black_usv4(机会锁定)
[t=9,737s] step=330 | MISSION=NORMAL_C | USV: 6/10 (avail=0 int=3 lock=3 frz=0) | UAV: air=10 rtb=0 chg=0 loiter=0 | TRACKS: vis=6 lost=0 engaged=2 | TOP: black_usv19(x177,788) black_usv4(x173,738) black_usv6(x171,961) | KILL=12 | ACTIONS=16 | INTENT: focus=2 ratio=0.20
      [DETECT] black_usv20
      [ASSIGN] white_usv2->black_usv5(机会锁定)
      [ASSIGN] white_usv2->black_usv6(机会锁定)
      [ASSIGN] white_usv4->black_usv5(机会锁定)
      [ASSIGN] white_usv3->black_usv5(机会锁定)
      [ASSIGN] white_usv4->black_usv4(机会锁定)
      [ASSIGN] white_usv3->black_usv4(机会锁定)
      [ASSIGN] white_usv4->black_usv5(机会锁定)
      [ASSIGN] white_usv3->black_usv5(机会锁定)
[t=10,158s] step=340 | MISSION=NORMAL_C | USV: 6/10 (avail=0 int=5 lock=1 frz=0) | UAV: air=10 rtb=0 chg=0 loiter=0 | TRACKS: vis=7 lost=0 engaged=1 | TOP: black_usv19(x173,724) black_usv20(x180,788) black_usv5(x172,786) | KILL=14 | ACTIONS=16 | INTENT: focus=2 ratio=0.20
      [KILL] black_usv5
      [RELEASE] white_usv4->black_usv5(目标失效)
      [ASSIGN] white_usv4->black_usv4(机会锁定)
      [RELEASE] white_usv3->black_usv5(目标失效)
      [ASSIGN] white_usv3->black_usv4(机会锁定)
      [ASSIGN] white_usv4->black_usv6(机会锁定)
      [ASSIGN] white_usv3->black_usv6(机会锁定)
      [ASSIGN] white_usv4->black_usv4(机会锁定)
      [ASSIGN] white_usv3->black_usv4(机会锁定)
      [ASSIGN] white_usv2->black_usv4(机会锁定)
      [ASSIGN] white_usv4->black_usv6(机会锁定)
      [ASSIGN] white_usv3->black_usv6(机会锁定)
      [ASSIGN] white_usv2->black_usv6(机会锁定)
      [ASSIGN] white_usv4->black_usv4(机会锁定)
      [ASSIGN] white_usv3->black_usv4(机会锁定)
      [ASSIGN] white_usv2->black_usv4(机会锁定)
      [ASSIGN] white_usv4->black_usv6(机会锁定)
      [ASSIGN] white_usv3->black_usv6(机会锁定)
      [ASSIGN] white_usv2->black_usv6(机会锁定)
      [ASSIGN] white_usv10->black_usv19(机会锁定)
      [ASSIGN] white_usv4->black_usv4(机会锁定)
      [ASSIGN] white_usv3->black_usv4(机会锁定)
      [ASSIGN] white_usv2->black_usv4(机会锁定)
      [ASSIGN] white_usv4->black_usv6(机会锁定)
      [ASSIGN] white_usv3->black_usv6(机会锁定)
      [ASSIGN] white_usv2->black_usv6(机会锁定)
      [ASSIGN] white_usv7->black_usv4(机会锁定)
      [ASSIGN] white_usv2->black_usv4(机会锁定)
[t=10,574s] step=350 | MISSION=NORMAL_C | USV: 4/10 (avail=0 int=3 lock=1 frz=0) | UAV: air=10 rtb=0 chg=0 loiter=0 | TRACKS: vis=6 lost=0 engaged=1 | TOP: black_usv3(x170,972) black_usv20(x176,667) black_usv19(x169,689) | KILL=15 | ACTIONS=14 | INTENT: focus=2 ratio=0.20
      [KILL] black_usv18
      [ASSIGN] white_usv2->black_usv6(机会锁定)
      [ASSIGN] white_usv7->black_usv6(机会锁定)
      [RELEASE] white_usv8->black_usv18(目标失效)
      [ASSIGN] white_usv2->black_usv4(机会锁定)
      [ASSIGN] white_usv7->black_usv4(机会锁定)
      [ASSIGN] white_usv8->black_usv3
      [KILL] black_usv4
      [RELEASE] white_usv2->black_usv4(目标失效)
      [ASSIGN] white_usv2->black_usv6(机会锁定)
      [RELEASE] white_usv7->black_usv4(目标失效)
      [ASSIGN] white_usv7->black_usv6(机会锁定)
      [KILL] black_usv6
      [RELEASE] white_usv2->black_usv6(目标失效)
      [RELEASE] white_usv7->black_usv6(目标失效)
      [ASSIGN] white_usv2->black_usv19
      [ASSIGN] white_usv7->black_usv20
[t=11,036s] step=360 | MISSION=NORMAL_C | USV: 4/10 (avail=0 int=3 lock=1 frz=0) | UAV: air=10 rtb=0 chg=0 loiter=0 | TRACKS: vis=3 lost=0 engaged=1 | TOP: black_usv3(x166,354) black_usv20(x172,048) black_usv19(x167,749) | KILL=15 | ACTIONS=14 | INTENT: focus=2 ratio=0.20
[t=11,494s] step=370 | MISSION=NORMAL_C | USV: 4/10 (avail=0 int=4 lock=0 frz=0) | UAV: air=10 rtb=0 chg=0 loiter=0 | TRACKS: vis=3 lost=0 engaged=0 | TOP: black_usv3(x161,785) black_usv20(x167,549) black_usv19(x167,169) | KILL=16 | ACTIONS=14 | INTENT: focus=2 ratio=0.20
      [ASSIGN] white_usv10->black_usv20(机会锁定)
      [KILL] black_usv19
      [RELEASE] white_usv2->black_usv19(目标失效)
      [ASSIGN] white_usv2->black_usv3
[t=11,959s] step=380 | MISSION=NORMAL_C | USV: 4/10 (avail=0 int=4 lock=0 frz=0) | UAV: air=10 rtb=0 chg=0 loiter=0 | TRACKS: vis=1 lost=1 engaged=0 | TOP: black_usv3(x157,167) black_usv20(x163,752) | KILL=16 | ACTIONS=14 | INTENT: focus=2 ratio=0.20
[t=12,425s] step=390 | MISSION=NORMAL_C | USV: 4/10 (avail=0 int=4 lock=0 frz=0) | UAV: air=10 rtb=0 chg=0 loiter=0 | TRACKS: vis=2 lost=0 engaged=0 | TOP: black_usv3(x152,507) black_usv20(x163,142) | KILL=17 | ACTIONS=14 | INTENT: focus=2 ratio=0.20
[t=12,924s] step=400 | MISSION=NORMAL_C | USV: 4/10 (avail=0 int=3 lock=1 frz=0) | UAV: air=10 rtb=0 chg=0 loiter=0 | TRACKS: vis=2 lost=0 engaged=1 | TOP: black_usv3(x150,520) black_usv20(x163,142) | KILL=17 | ACTIONS=14 | INTENT: focus=2 ratio=0.20
      [KILL] black_usv20
      [RELEASE] white_usv7->black_usv20(目标失效)
      [RELEASE] white_usv10->black_usv20(目标失效)
      [ASSIGN] white_usv7->black_usv3
[t=13,441s] step=410 | MISSION=NORMAL_C | USV: 4/10 (avail=1 int=3 lock=0 frz=0) | UAV: air=10 rtb=0 chg=0 loiter=0 | TRACKS: vis=1 lost=0 engaged=0 | TOP: black_usv3(x149,971) | KILL=18 | ACTIONS=14 | INTENT: focus=2 ratio=0.20
[t=14,025s] step=420 | MISSION=NORMAL_C | USV: 4/10 (avail=1 int=3 lock=0 frz=0) | UAV: air=10 rtb=0 chg=0 loiter=0 | TRACKS: vis=1 lost=0 engaged=0 | TOP: black_usv3(x149,971) | KILL=18 | ACTIONS=14 | INTENT: focus=2 ratio=0.20
      [KILL] black_usv3
      [RELEASE] white_usv2->black_usv3(目标失效)
      [RELEASE] white_usv7->black_usv3(目标失效)
      [RELEASE] white_usv8->black_usv3(目标失效)
      [DETECT] black_usv2
      [DETECT] black_usv1
      [ASSIGN] white_usv2->black_usv2(机会锁定)
      [ASSIGN] white_usv7->black_usv1
      [ASSIGN] white_usv10->black_usv2
      [ASSIGN] white_usv8->black_usv2
[t=14,558s] step=430 | MISSION=NORMAL_C | USV: 4/10 (avail=0 int=2 lock=2 frz=0) | UAV: air=10 rtb=0 chg=0 loiter=0 | TRACKS: vis=2 lost=0 engaged=1 | TOP: black_usv1(x158,270) black_usv2(x149,223) | KILL=18 | ACTIONS=14 | INTENT: focus=2 ratio=0.20
[t=15,131s] step=440 | MISSION=NORMAL_C | USV: 4/10 (avail=0 int=4 lock=0 frz=0) | UAV: air=10 rtb=0 chg=0 loiter=0 | TRACKS: vis=2 lost=0 engaged=0 | TOP: black_usv1(x152,755) black_usv2(x147,595) | KILL=19 | ACTIONS=14 | INTENT: focus=2 ratio=0.20
      [KILL] black_usv2
      [RELEASE] white_usv2->black_usv2(目标失效)
      [RELEASE] white_usv10->black_usv2(目标失效)
      [RELEASE] white_usv8->black_usv2(目标失效)
      [ASSIGN] white_usv2->black_usv1
      [ASSIGN] white_usv8->black_usv1
[t=15,705s] step=450 | MISSION=NORMAL_C | USV: 4/10 (avail=1 int=3 lock=0 frz=0) | UAV: air=10 rtb=0 chg=0 loiter=0 | TRACKS: vis=1 lost=0 engaged=0 | TOP: black_usv1(x149,046) | KILL=19 | ACTIONS=14 | INTENT: focus=2 ratio=0.20
[t=16,281s] step=460 | MISSION=NORMAL_C | USV: 4/10 (avail=1 int=3 lock=0 frz=0) | UAV: air=10 rtb=0 chg=0 loiter=0 | TRACKS: vis=1 lost=0 engaged=0 | TOP: black_usv1(x145,750) | KILL=19 | ACTIONS=14 | INTENT: focus=2 ratio=0.20
[t=16,858s] step=470 | MISSION=NORMAL_C | USV: 4/10 (avail=1 int=2 lock=1 frz=0) | UAV: air=10 rtb=0 chg=0 loiter=0 | TRACKS: vis=1 lost=0 engaged=1 | TOP: black_usv1(x142,414) | KILL=19 | ACTIONS=14 | INTENT: focus=2 ratio=0.20

========================================================================
对局结果: Result.Victory — 敌方所有单位被击毁
  击杀蓝舰: 20 | 命中: 40 | 我方USV损失: 6 | UAV损失: 1 | 突破: 0
[META] result=Result.Victory victory_time=17644 first_detection=1864 first_lock=7391 first_kill=8306 enemy_kills=20 friendly_usv_losses=6 friendly_uav_losses=1 black_breakthrough=0 reacquire_attempts=103 reacquire_success=103 sensor_assisted_locks=65 low_conf_commitments=0 global_reacquire_entries=1 global_reacquire_success=1 coverage_collapse_events=1 active_clusters_max=1 coverage_quality_final=0.28 commander_source=default_intent commander_calls=0 commander_changes=0 commander_no_change=0 commander_parse_failures=0 commander_api_failures=0 commander_policy_failures=0 commander_avg_latency=0.0
Done
