========================================================================
HYBRID AGENT V5 — Variable-Cardinality Hierarchical Maritime Agent
  启用UAV: True | LLM_ENABLED: False
========================================================================
对局 34 开始
      [UAV RELAUNCH] white_uav6
      [UAV RELAUNCH] white_uav9
      [UAV RELAUNCH] white_uav4
      [UAV RELAUNCH] white_uav10
      [UAV RELAUNCH] white_uav1
      [UAV RELAUNCH] white_uav2
      [UAV RELAUNCH] white_uav7
      [UAV RELAUNCH] white_uav8
      [UAV RELAUNCH] white_uav5
      [UAV RELAUNCH] white_uav3
[t=237s] step=10 | MISSION=NORMAL_C | USV: 10/10 (avail=10 int=0 lock=0 frz=0) | UAV: air=10 rtb=0 chg=0 loiter=0 | TRACKS: vis=0 lost=0 engaged=0 | TOP:  | KILL=0 | ACTIONS=20 | INTENT: focus=2 ratio=0.20
  [INTENT APPLIED]
    ThreatAllocator: focus 2 emergency 3 reserve_ratio 0.20 reserve_usvs None bias breakthrough_eta
    UAVManager: mode search_and_reacquire uav_priority []
[t=497s] step=20 | MISSION=NORMAL_C | USV: 10/10 (avail=10 int=0 lock=0 frz=0) | UAV: air=10 rtb=0 chg=0 loiter=0 | TRACKS: vis=0 lost=0 engaged=0 | TOP:  | KILL=0 | ACTIONS=20 | INTENT: focus=2 ratio=0.20
[t=755s] step=30 | MISSION=NORMAL_C | USV: 10/10 (avail=10 int=0 lock=0 frz=0) | UAV: air=10 rtb=0 chg=0 loiter=0 | TRACKS: vis=0 lost=0 engaged=0 | TOP:  | KILL=0 | ACTIONS=20 | INTENT: focus=2 ratio=0.20
[t=1,024s] step=40 | MISSION=NORMAL_C | USV: 10/10 (avail=10 int=0 lock=0 frz=0) | UAV: air=10 rtb=0 chg=0 loiter=0 | TRACKS: vis=0 lost=0 engaged=0 | TOP:  | KILL=0 | ACTIONS=20 | INTENT: focus=2 ratio=0.20
[t=1,293s] step=50 | MISSION=NORMAL_C | USV: 10/10 (avail=10 int=0 lock=0 frz=0) | UAV: air=10 rtb=0 chg=0 loiter=0 | TRACKS: vis=0 lost=0 engaged=0 | TOP:  | KILL=0 | ACTIONS=20 | INTENT: focus=2 ratio=0.20
[t=1,572s] step=60 | MISSION=NORMAL_C | USV: 10/10 (avail=10 int=0 lock=0 frz=0) | UAV: air=10 rtb=0 chg=0 loiter=0 | TRACKS: vis=0 lost=0 engaged=0 | TOP:  | KILL=0 | ACTIONS=20 | INTENT: focus=2 ratio=0.20
      [DETECT] black_usv14
      [DETECT] black_usv7
      [DETECT] black_usv13
      [DETECT] black_usv11
      [DETECT] black_usv12
      [DETECT] black_usv10
      [DETECT] black_usv15
      [DETECT] black_usv8
      [DETECT] black_usv9
      [ASSIGN] white_usv5->black_usv10
      [ASSIGN] white_usv2->black_usv7
      [ASSIGN] white_usv6->black_usv11
      [ASSIGN] white_usv7->black_usv13
      [ASSIGN] white_usv9->black_usv14
      [ASSIGN] white_usv4->black_usv8
      [ASSIGN] white_usv3->black_usv9
      [ASSIGN] white_usv8->black_usv12
[t=1,857s] step=70 | MISSION=NORMAL_C | USV: 10/10 (avail=10 int=0 lock=0 frz=0) | UAV: air=10 rtb=0 chg=0 loiter=0 | TRACKS: vis=9 lost=0 engaged=0 | TOP: black_usv15(x242,536) black_usv13(x241,423) black_usv11(x241,424) | KILL=0 | ACTIONS=20 | INTENT: focus=2 ratio=0.20
      [DETECT] black_usv4
      [DETECT] black_usv6
      [DETECT] black_usv16
      [DETECT] black_usv17
      [ASSIGN] white_usv10->black_usv17
      [ASSIGN] white_usv1->black_usv15
      [DETECT] black_usv19
      [DETECT] black_usv3
      [DETECT] black_usv18
      [DETECT] black_usv5
      [DETECT] black_usv2
      [DETECT] black_usv20
      [DETECT] black_usv1
[t=2,140s] step=80 | MISSION=NORMAL_C | USV: 10/10 (avail=0 int=10 lock=0 frz=0) | UAV: air=10 rtb=0 chg=0 loiter=0 | TRACKS: vis=20 lost=0 engaged=0 | TOP: black_usv4(x240,692) black_usv6(x240,919) black_usv18(x241,012) | KILL=0 | ACTIONS=20 | INTENT: focus=2 ratio=0.20
[t=2,428s] step=90 | MISSION=NORMAL_C | USV: 10/10 (avail=0 int=10 lock=0 frz=0) | UAV: air=10 rtb=0 chg=0 loiter=0 | TRACKS: vis=20 lost=0 engaged=0 | TOP: black_usv4(x238,124) black_usv6(x238,385) black_usv18(x238,491) | KILL=0 | ACTIONS=20 | INTENT: focus=2 ratio=0.20
[t=2,704s] step=100 | MISSION=NORMAL_C | USV: 10/10 (avail=0 int=10 lock=0 frz=0) | UAV: air=10 rtb=0 chg=0 loiter=0 | TRACKS: vis=19 lost=1 engaged=0 | TOP: black_usv6(x235,956) black_usv18(x236,075) black_usv3(x237,533) | KILL=0 | ACTIONS=20 | INTENT: focus=2 ratio=0.20
[t=2,998s] step=110 | MISSION=NORMAL_C | USV: 10/10 (avail=0 int=10 lock=0 frz=0) | UAV: air=10 rtb=0 chg=0 loiter=0 | TRACKS: vis=20 lost=0 engaged=0 | TOP: black_usv6(x233,369) black_usv18(x233,502) black_usv3(x235,131) | KILL=0 | ACTIONS=20 | INTENT: focus=2 ratio=0.20
[t=3,282s] step=120 | MISSION=NORMAL_C | USV: 10/10 (avail=0 int=10 lock=0 frz=0) | UAV: air=10 rtb=0 chg=0 loiter=0 | TRACKS: vis=20 lost=0 engaged=0 | TOP: black_usv6(x230,870) black_usv18(x231,016) black_usv3(x232,811) | KILL=0 | ACTIONS=20 | INTENT: focus=2 ratio=0.20
[t=3,561s] step=130 | MISSION=NORMAL_C | USV: 10/10 (avail=0 int=10 lock=0 frz=0) | UAV: air=10 rtb=0 chg=0 loiter=0 | TRACKS: vis=20 lost=0 engaged=0 | TOP: black_usv6(x228,415) black_usv18(x228,574) black_usv3(x230,531) | KILL=0 | ACTIONS=20 | INTENT: focus=2 ratio=0.20
[t=3,855s] step=140 | MISSION=NORMAL_C | USV: 10/10 (avail=0 int=10 lock=0 frz=0) | UAV: air=10 rtb=0 chg=0 loiter=0 | TRACKS: vis=20 lost=0 engaged=0 | TOP: black_usv6(x225,827) black_usv18(x226,001) black_usv3(x228,129) | KILL=0 | ACTIONS=20 | INTENT: focus=2 ratio=0.20
[t=4,157s] step=150 | MISSION=NORMAL_C | USV: 10/10 (avail=0 int=10 lock=0 frz=0) | UAV: air=10 rtb=0 chg=0 loiter=0 | TRACKS: vis=19 lost=0 engaged=0 | TOP: black_usv18(x223,358) black_usv19(x226,348) black_usv6(x223,094) | KILL=0 | ACTIONS=20 | INTENT: focus=2 ratio=0.20
      [DETECT] black_usv20
[t=4,465s] step=160 | MISSION=NORMAL_C | USV: 10/10 (avail=0 int=10 lock=0 frz=0) | UAV: air=10 rtb=0 chg=0 loiter=0 | TRACKS: vis=17 lost=3 engaged=0 | TOP: black_usv18(x220,662) black_usv19(x223,885) black_usv20(x226,977) | KILL=0 | ACTIONS=20 | INTENT: focus=2 ratio=0.20
[t=4,763s] step=170 | MISSION=NORMAL_C | USV: 10/10 (avail=0 int=10 lock=0 frz=0) | UAV: air=10 rtb=0 chg=0 loiter=0 | TRACKS: vis=17 lost=2 engaged=0 | TOP: black_usv18(x218,054) black_usv19(x221,502) black_usv11(x212,370) | KILL=0 | ACTIONS=20 | INTENT: focus=2 ratio=0.20
[t=5,055s] step=180 | MISSION=NORMAL_C | USV: 10/10 (avail=0 int=10 lock=0 frz=0) | UAV: air=10 rtb=0 chg=0 loiter=0 | TRACKS: vis=19 lost=0 engaged=0 | TOP: black_usv18(x215,498) black_usv19(x219,167) black_usv13(x209,458) | KILL=0 | ACTIONS=20 | INTENT: focus=2 ratio=0.20
[t=5,365s] step=190 | MISSION=NORMAL_C | USV: 10/10 (avail=0 int=10 lock=0 frz=0) | UAV: air=10 rtb=0 chg=0 loiter=0 | TRACKS: vis=17 lost=2 engaged=0 | TOP: black_usv18(x212,785) black_usv19(x216,688) black_usv13(x206,358) | KILL=0 | ACTIONS=20 | INTENT: focus=2 ratio=0.20
[t=5,674s] step=200 | MISSION=NORMAL_C | USV: 10/10 (avail=0 int=10 lock=0 frz=0) | UAV: air=10 rtb=0 chg=0 loiter=0 | TRACKS: vis=18 lost=0 engaged=0 | TOP: black_usv18(x210,081) black_usv13(x203,268) black_usv12(x203,594) | KILL=0 | ACTIONS=20 | INTENT: focus=2 ratio=0.20
[t=5,974s] step=210 | MISSION=NORMAL_C | USV: 10/10 (avail=0 int=10 lock=0 frz=0) | UAV: air=10 rtb=0 chg=0 loiter=0 | TRACKS: vis=18 lost=0 engaged=0 | TOP: black_usv18(x207,455) black_usv13(x200,268) black_usv12(x200,594) | KILL=0 | ACTIONS=20 | INTENT: focus=2 ratio=0.20
[t=6,268s] step=220 | MISSION=NORMAL_C | USV: 10/10 (avail=0 int=10 lock=0 frz=0) | UAV: air=10 rtb=0 chg=0 loiter=0 | TRACKS: vis=18 lost=0 engaged=0 | TOP: black_usv18(x204,882) black_usv13(x197,332) black_usv12(x197,654) | KILL=0 | ACTIONS=20 | INTENT: focus=2 ratio=0.20
[t=6,572s] step=230 | MISSION=NORMAL_C | USV: 10/10 (avail=0 int=10 lock=0 frz=0) | UAV: air=10 rtb=0 chg=0 loiter=0 | TRACKS: vis=16 lost=2 engaged=0 | TOP: black_usv18(x202,221) black_usv13(x194,292) black_usv12(x194,618) | KILL=0 | ACTIONS=20 | INTENT: focus=2 ratio=0.20
[t=6,877s] step=240 | MISSION=NORMAL_C | USV: 10/10 (avail=0 int=10 lock=0 frz=0) | UAV: air=10 rtb=0 chg=0 loiter=0 | TRACKS: vis=18 lost=0 engaged=0 | TOP: black_usv18(x199,551) black_usv13(x191,246) black_usv12(x191,568) | KILL=0 | ACTIONS=20 | INTENT: focus=2 ratio=0.20
[t=7,175s] step=250 | MISSION=NORMAL_C | USV: 10/10 (avail=0 int=10 lock=0 frz=0) | UAV: air=10 rtb=0 chg=0 loiter=0 | TRACKS: vis=14 lost=4 engaged=0 | TOP: black_usv18(x196,943) black_usv13(x188,266) black_usv12(x188,588) | KILL=0 | ACTIONS=20 | INTENT: focus=2 ratio=0.20
      [ASSIGN] white_usv8->black_usv13(机会锁定)
      [ASSIGN] white_usv4->black_usv10(机会锁定)
      [ASSIGN] white_usv3->black_usv10(机会锁定)
      [ASSIGN] white_usv10->black_usv14(机会锁定)
[t=7,489s] step=260 | MISSION=NORMAL_C | USV: 10/10 (avail=0 int=2 lock=8 frz=0) | UAV: air=10 rtb=0 chg=0 loiter=0 | TRACKS: vis=18 lost=0 engaged=4 | TOP: black_usv12(x185,478) black_usv18(x194,195) black_usv9(x187,568) | KILL=0 | ACTIONS=20 | INTENT: focus=2 ratio=0.20
      [ASSIGN] white_usv2->black_usv9(机会锁定)
      [ASSIGN] white_usv1->black_usv13(机会锁定)
      [ASSIGN] white_usv6->black_usv12(机会锁定)
      [ASSIGN] white_usv7->black_usv12(机会锁定)
      [ASSIGN] white_usv8->black_usv12(机会锁定)
      [ASSIGN] white_usv5->black_usv11(机会锁定)
      [ASSIGN] white_usv9->black_usv11(机会锁定)
      [ASSIGN] white_usv4->black_usv11(机会锁定)
      [ASSIGN] white_usv3->black_usv11(机会锁定)
      [ASSIGN] white_usv10->black_usv15(机会锁定)
[t=7,819s] step=270 | MISSION=NORMAL_C | USV: 10/10 (avail=0 int=0 lock=10 frz=0) | UAV: air=10 rtb=0 chg=0 loiter=0 | TRACKS: vis=18 lost=0 engaged=5 | TOP: black_usv18(x191,307) black_usv13(x183,347) black_usv14(x184,271) | KILL=1 | ACTIONS=20 | INTENT: focus=2 ratio=0.20
      [ASSIGN] white_usv2->black_usv8(机会锁定)
      [ASSIGN] white_usv1->black_usv14(机会锁定)
      [ASSIGN] white_usv6->black_usv13(机会锁定)
      [ASSIGN] white_usv7->black_usv13(机会锁定)
      [ASSIGN] white_usv8->black_usv13(机会锁定)
      [ASSIGN] white_usv5->black_usv12(机会锁定)
      [ASSIGN] white_usv6->black_usv12(机会锁定)
      [ASSIGN] white_usv7->black_usv12(机会锁定)
      [ASSIGN] white_usv9->black_usv12(机会锁定)
      [ASSIGN] white_usv4->black_usv10(机会锁定)
      [ASSIGN] white_usv3->black_usv10(机会锁定)
      [ASSIGN] white_usv8->black_usv12(机会锁定)
      [ASSIGN] white_usv5->black_usv11(机会锁定)
      [ASSIGN] white_usv6->black_usv11(机会锁定)
      [ASSIGN] white_usv7->black_usv13(机会锁定)
      [ASSIGN] white_usv9->black_usv13(机会锁定)
      [ASSIGN] white_usv4->black_usv9(机会锁定)
      [ASSIGN] white_usv3->black_usv9(机会锁定)
      [ASSIGN] white_usv8->black_usv13(机会锁定)
      [ASSIGN] white_usv10->black_usv17(机会锁定)
      [ASSIGN] white_usv5->black_usv12(机会锁定)
      [ASSIGN] white_usv6->black_usv12(机会锁定)
      [ASSIGN] white_usv7->black_usv12(机会锁定)
      [ASSIGN] white_usv9->black_usv12(机会锁定)
      [ASSIGN] white_usv8->black_usv12(机会锁定)
      [ASSIGN] white_usv5->black_usv10(机会锁定)
      [ASSIGN] white_usv6->black_usv11(机会锁定)
      [ASSIGN] white_usv7->black_usv13(机会锁定)
      [ASSIGN] white_usv9->black_usv13(机会锁定)
      [ASSIGN] white_usv8->black_usv13(机会锁定)
[t=8,158s] step=280 | MISSION=NORMAL_C | USV: 10/10 (avail=0 int=5 lock=5 frz=0) | UAV: air=10 rtb=0 chg=0 loiter=0 | TRACKS: vis=18 lost=0 engaged=4 | TOP: black_usv13(x183,347) black_usv18(x188,041) black_usv11(x182,881) | KILL=4 | ACTIONS=20 | INTENT: focus=2 ratio=0.20
      [ASSIGN] white_usv5->black_usv12(机会锁定)
      [ASSIGN] white_usv2->black_usv4(机会锁定)
      [ASSIGN] white_usv6->black_usv12(机会锁定)
      [ASSIGN] white_usv7->black_usv12(机会锁定)
      [ASSIGN] white_usv9->black_usv12(机会锁定)
      [ASSIGN] white_usv8->black_usv12(机会锁定)
      [ASSIGN] white_usv5->black_usv11(机会锁定)
      [ASSIGN] white_usv6->black_usv11(机会锁定)
      [ASSIGN] white_usv9->black_usv16(机会锁定)
      [ASSIGN] white_usv5->black_usv10(机会锁定)
      [ASSIGN] white_usv6->black_usv13(机会锁定)
      [ASSIGN] white_usv1->black_usv13(机会锁定)
      [KILL] black_usv13
      [ASSIGN] white_usv5->black_usv11(机会锁定)
      [RELEASE] white_usv6->black_usv13(目标失效)
      [ASSIGN] white_usv6->black_usv11(机会锁定)
      [RELEASE] white_usv1->black_usv13(目标失效)
      [ASSIGN] white_usv1->black_usv14(机会锁定)
      [KILL] black_usv10
      [ASSIGN] white_usv5->black_usv8(机会锁定)
      [ASSIGN] white_usv6->black_usv14(机会锁定)
      [ASSIGN] white_usv4->black_usv11(机会锁定)
      [ASSIGN] white_usv3->black_usv11(机会锁定)
      [ASSIGN] white_usv10->black_usv16(机会锁定)
      [ASSIGN] white_usv4->black_usv9(机会锁定)
      [ASSIGN] white_usv3->black_usv9(机会锁定)
      [ASSIGN] white_usv2->black_usv6(机会锁定)
      [ASSIGN] white_usv4->black_usv11(机会锁定)
      [ASSIGN] white_usv3->black_usv11(机会锁定)
[t=8,492s] step=290 | MISSION=NORMAL_C | USV: 9/10 (avail=0 int=5 lock=4 frz=0) | UAV: air=10 rtb=0 chg=0 loiter=0 | TRACKS: vis=13 lost=3 engaged=3 | TOP: black_usv18(x184,701) black_usv11(x182,881) black_usv17(x179,351) | KILL=5 | ACTIONS=19 | INTENT: focus=2 ratio=0.20
      [ASSIGN] white_usv4->black_usv9(机会锁定)
      [ASSIGN] white_usv3->black_usv9(机会锁定)
      [ASSIGN] white_usv7->black_usv11(机会锁定)
      [ASSIGN] white_usv3->black_usv11(机会锁定)
      [ASSIGN] white_usv8->black_usv11(机会锁定)
      [ASSIGN] white_usv7->black_usv12(机会锁定)
      [ASSIGN] white_usv3->black_usv9(机会锁定)
      [ASSIGN] white_usv8->black_usv12(机会锁定)
      [ASSIGN] white_usv6->black_usv11(机会锁定)
      [ASSIGN] white_usv7->black_usv11(机会锁定)
      [ASSIGN] white_usv8->black_usv11(机会锁定)
      [ASSIGN] white_usv1->black_usv11(机会锁定)
      [KILL] black_usv11
      [KILL] black_usv12
      [RELEASE] white_usv6->black_usv11(目标失效)
      [ASSIGN] white_usv6->black_usv14(机会锁定)
      [RELEASE] white_usv7->black_usv11(目标失效)
      [ASSIGN] white_usv7->black_usv14(机会锁定)
      [RELEASE] white_usv8->black_usv11(目标失效)
      [ASSIGN] white_usv8->black_usv14(机会锁定)
      [RELEASE] white_usv1->black_usv11(目标失效)
      [ASSIGN] white_usv1->black_usv14(机会锁定)
      [ASSIGN] white_usv6->black_usv9(机会锁定)
      [ASSIGN] white_usv1->black_usv16(机会锁定)
      [ASSIGN] white_usv6->black_usv14(机会锁定)
      [ASSIGN] white_usv8->black_usv15(机会锁定)
      [ASSIGN] white_usv10->black_usv17(机会锁定)
      [ASSIGN] white_usv1->black_usv15(机会锁定)
      [ASSIGN] white_usv6->black_usv9(机会锁定)
      [ASSIGN] white_usv7->black_usv16(机会锁定)
      [ASSIGN] white_usv2->black_usv8(机会锁定)
      [ASSIGN] white_usv6->black_usv14(机会锁定)
      [ASSIGN] white_usv7->black_usv14(机会锁定)
[t=8,837s] step=300 | MISSION=NORMAL_C | USV: 8/10 (avail=0 int=5 lock=3 frz=0) | UAV: air=10 rtb=0 chg=0 loiter=0 | TRACKS: vis=13 lost=1 engaged=2 | TOP: black_usv18(x181,251) black_usv14(x178,641) black_usv7(x182,178) | KILL=8 | ACTIONS=18 | INTENT: focus=2 ratio=0.20
      [ASSIGN] white_usv2->black_usv6(机会锁定)
      [ASSIGN] white_usv6->black_usv9(机会锁定)
      [ASSIGN] white_usv7->black_usv16(机会锁定)
      [ASSIGN] white_usv7->black_usv14(机会锁定)
      [ASSIGN] white_usv7->black_usv16(机会锁定)
      [ASSIGN] white_usv7->black_usv14(机会锁定)
      [ASSIGN] white_usv4->black_usv8(机会锁定)
      [ASSIGN] white_usv7->black_usv16(机会锁定)
      [KILL] black_usv9
      [RELEASE] white_usv6->black_usv9(目标失效)
      [ASSIGN] white_usv7->black_usv14(机会锁定)
      [RELEASE] white_usv3->black_usv9(目标失效)
      [ASSIGN] white_usv8->black_usv14(机会锁定)
      [ASSIGN] white_usv1->black_usv14(机会锁定)
      [ASSIGN] white_usv6->black_usv18
      [ASSIGN] white_usv7->black_usv15(机会锁定)
      [ASSIGN] white_usv3->black_usv8(机会锁定)
      [ASSIGN] white_usv8->black_usv15(机会锁定)
      [ASSIGN] white_usv10->black_usv15(机会锁定)
      [ASSIGN] white_usv1->black_usv15(机会锁定)
      [ASSIGN] white_usv7->black_usv14(机会锁定)
      [ASSIGN] white_usv8->black_usv14(机会锁定)
      [ASSIGN] white_usv10->black_usv17(机会锁定)
      [ASSIGN] white_usv1->black_usv14(机会锁定)
      [KILL] black_usv16
      [ASSIGN] white_usv6->black_usv14(机会锁定)
      [ASSIGN] white_usv7->black_usv15(机会锁定)
      [ASSIGN] white_usv4->black_usv6(机会锁定)
      [ASSIGN] white_usv8->black_usv15(机会锁定)
      [ASSIGN] white_usv10->black_usv15(机会锁定)
      [ASSIGN] white_usv1->black_usv15(机会锁定)
      [KILL] black_usv14
      [ASSIGN] white_usv2->black_usv7(机会锁定)
      [RELEASE] white_usv6->black_usv14(目标失效)
      [ASSIGN] white_usv7->black_usv17(机会锁定)
      [ASSIGN] white_usv8->black_usv17(机会锁定)
      [ASSIGN] white_usv10->black_usv17(机会锁定)
      [ASSIGN] white_usv1->black_usv17(机会锁定)
[t=9,213s] step=310 | MISSION=NORMAL_C | USV: 8/10 (avail=0 int=7 lock=1 frz=0) | UAV: air=10 rtb=0 chg=0 loiter=0 | TRACKS: vis=10 lost=1 engaged=1 | TOP: black_usv18(x177,491) black_usv17(x175,601) black_usv7(x178,611) | KILL=10 | ACTIONS=18 | INTENT: focus=2 ratio=0.20
      [KILL] black_usv8
      [ASSIGN] white_usv6->black_usv18
      [ASSIGN] white_usv7->black_usv15(机会锁定)
      [RELEASE] white_usv3->black_usv8(目标失效)
      [ASSIGN] white_usv8->black_usv15(机会锁定)
      [ASSIGN] white_usv10->black_usv15(机会锁定)
      [ASSIGN] white_usv1->black_usv15(机会锁定)
      [ASSIGN] white_usv7->black_usv17(机会锁定)
      [ASSIGN] white_usv3->black_usv6(机会锁定)
      [ASSIGN] white_usv8->black_usv17(机会锁定)
      [ASSIGN] white_usv10->black_usv17(机会锁定)
      [ASSIGN] white_usv7->black_usv15(机会锁定)
      [ASSIGN] white_usv8->black_usv15(机会锁定)
      [ASSIGN] white_usv10->black_usv15(机会锁定)
      [ASSIGN] white_usv7->black_usv17(机会锁定)
      [ASSIGN] white_usv8->black_usv17(机会锁定)
      [ASSIGN] white_usv10->black_usv17(机会锁定)
      [ASSIGN] white_usv7->black_usv15(机会锁定)
      [ASSIGN] white_usv8->black_usv15(机会锁定)
      [ASSIGN] white_usv7->black_usv17(机会锁定)
      [ASSIGN] white_usv8->black_usv17(机会锁定)
      [ASSIGN] white_usv7->black_usv15(机会锁定)
      [ASSIGN] white_usv8->black_usv15(机会锁定)
      [ASSIGN] white_usv7->black_usv17(机会锁定)
      [ASSIGN] white_usv4->black_usv4(机会锁定)
      [ASSIGN] white_usv3->black_usv4(机会锁定)
      [ASSIGN] white_usv8->black_usv17(机会锁定)
      [ASSIGN] white_usv1->black_usv17(机会锁定)
      [ASSIGN] white_usv2->black_usv5(机会锁定)
      [ASSIGN] white_usv7->black_usv15(机会锁定)
      [ASSIGN] white_usv8->black_usv15(机会锁定)
      [ASSIGN] white_usv10->black_usv15(机会锁定)
      [ASSIGN] white_usv1->black_usv15(机会锁定)
      [DETECT] black_usv19
      [DETECT] black_usv20
      [ASSIGN] white_usv7->black_usv17(机会锁定)
      [ASSIGN] white_usv8->black_usv17(机会锁定)
      [ASSIGN] white_usv10->black_usv17(机会锁定)
      [ASSIGN] white_usv1->black_usv17(机会锁定)
[t=9,592s] step=320 | MISSION=NORMAL_C | USV: 8/10 (avail=0 int=5 lock=3 frz=0) | UAV: air=10 rtb=0 chg=0 loiter=0 | TRACKS: vis=12 lost=0 engaged=2 | TOP: black_usv19(x179,584) black_usv20(x186,492) black_usv7(x175,537) | KILL=11 | ACTIONS=18 | INTENT: focus=2 ratio=0.20
      [ASSIGN] white_usv7->black_usv15(机会锁定)
      [ASSIGN] white_usv8->black_usv15(机会锁定)
      [ASSIGN] white_usv10->black_usv15(机会锁定)
      [ASSIGN] white_usv1->black_usv15(机会锁定)
      [KILL] black_usv15
      [RELEASE] white_usv7->black_usv15(目标失效)
      [ASSIGN] white_usv7->black_usv17(机会锁定)
      [RELEASE] white_usv8->black_usv15(目标失效)
      [ASSIGN] white_usv8->black_usv17(机会锁定)
      [RELEASE] white_usv10->black_usv15(目标失效)
      [ASSIGN] white_usv10->black_usv17(机会锁定)
      [RELEASE] white_usv1->black_usv15(目标失效)
      [ASSIGN] white_usv1->black_usv17(机会锁定)
      [KILL] black_usv17
      [RELEASE] white_usv7->black_usv17(目标失效)
      [RELEASE] white_usv8->black_usv17(目标失效)
      [RELEASE] white_usv10->black_usv17(目标失效)
      [RELEASE] white_usv1->black_usv17(目标失效)
      [ASSIGN] white_usv7->black_usv7
      [ASSIGN] white_usv8->black_usv20
      [ASSIGN] white_usv10->black_usv19
      [ASSIGN] white_usv1->black_usv3
      [KILL] black_usv6
      [ASSIGN] white_usv8->black_usv18(机会锁定)
      [ASSIGN] white_usv4->black_usv7(机会锁定)
      [ASSIGN] white_usv3->black_usv7(机会锁定)
      [ASSIGN] white_usv2->black_usv4(机会锁定)
      [ASSIGN] white_usv2->black_usv5(机会锁定)
      [ASSIGN] white_usv10->black_usv18(机会锁定)
[t=9,980s] step=330 | MISSION=NORMAL_C | USV: 8/10 (avail=0 int=3 lock=5 frz=0) | UAV: air=10 rtb=0 chg=0 loiter=0 | TRACKS: vis=9 lost=0 engaged=3 | TOP: black_usv20(x182,677) black_usv19(x175,877) black_usv2(x182,786) | KILL=12 | ACTIONS=18 | INTENT: focus=2 ratio=0.20
      [ASSIGN] white_usv4->black_usv4(机会锁定)
      [ASSIGN] white_usv3->black_usv4(机会锁定)
      [ASSIGN] white_usv4->black_usv7(机会锁定)
      [ASSIGN] white_usv3->black_usv7(机会锁定)
      [ASSIGN] white_usv4->black_usv4(机会锁定)
      [ASSIGN] white_usv3->black_usv4(机会锁定)
      [ASSIGN] white_usv2->black_usv7(机会锁定)
      [ASSIGN] white_usv4->black_usv7(机会锁定)
      [ASSIGN] white_usv3->black_usv7(机会锁定)
      [ASSIGN] white_usv2->black_usv5(机会锁定)
      [ASSIGN] white_usv4->black_usv5(机会锁定)
      [ASSIGN] white_usv3->black_usv5(机会锁定)
      [ASSIGN] white_usv2->black_usv4(机会锁定)
      [ASSIGN] white_usv4->black_usv4(机会锁定)
      [ASSIGN] white_usv3->black_usv4(机会锁定)
[t=10,375s] step=340 | MISSION=NORMAL_C | USV: 8/10 (avail=0 int=8 lock=0 frz=0) | UAV: air=10 rtb=0 chg=0 loiter=0 | TRACKS: vis=7 lost=2 engaged=0 | TOP: black_usv19(x172,141) black_usv2(x178,836) black_usv20(x179,421) | KILL=15 | ACTIONS=18 | INTENT: focus=2 ratio=0.20
      [ASSIGN] white_usv2->black_usv5(机会锁定)
      [ASSIGN] white_usv4->black_usv5(机会锁定)
      [ASSIGN] white_usv3->black_usv5(机会锁定)
      [ASSIGN] white_usv2->black_usv4(机会锁定)
      [ASSIGN] white_usv4->black_usv4(机会锁定)
      [ASSIGN] white_usv3->black_usv7(机会锁定)
      [KILL] black_usv4
      [RELEASE] white_usv2->black_usv4(目标失效)
      [ASSIGN] white_usv2->black_usv5(机会锁定)
      [ASSIGN] white_usv7->black_usv5(机会锁定)
      [RELEASE] white_usv4->black_usv4(目标失效)
      [ASSIGN] white_usv4->black_usv5(机会锁定)
      [ASSIGN] white_usv2->black_usv7(机会锁定)
      [ASSIGN] white_usv7->black_usv7(机会锁定)
      [ASSIGN] white_usv4->black_usv7(机会锁定)
      [ASSIGN] white_usv2->black_usv5(机会锁定)
      [ASSIGN] white_usv7->black_usv5(机会锁定)
      [ASSIGN] white_usv4->black_usv5(机会锁定)
      [ASSIGN] white_usv2->black_usv7(机会锁定)
      [ASSIGN] white_usv7->black_usv7(机会锁定)
      [ASSIGN] white_usv4->black_usv7(机会锁定)
      [ASSIGN] white_usv7->black_usv5(机会锁定)
      [ASSIGN] white_usv4->black_usv5(机会锁定)
      [ASSIGN] white_usv7->black_usv7(机会锁定)
      [ASSIGN] white_usv4->black_usv7(机会锁定)
      [ASSIGN] white_usv7->black_usv5(机会锁定)
      [ASSIGN] white_usv4->black_usv5(机会锁定)
      [ASSIGN] white_usv3->black_usv5(机会锁定)
      [KILL] black_usv18
      [RELEASE] white_usv6->black_usv18(目标失效)
      [ASSIGN] white_usv7->black_usv7(机会锁定)
      [ASSIGN] white_usv4->black_usv7(机会锁定)
      [ASSIGN] white_usv3->black_usv7(机会锁定)
      [RELEASE] white_usv8->black_usv18(目标失效)
      [RELEASE] white_usv10->black_usv18(目标失效)
      [ASSIGN] white_usv1->black_usv7(机会锁定)
[t=10,771s] step=350 | MISSION=NORMAL_C | USV: 8/10 (avail=0 int=8 lock=0 frz=0) | UAV: air=10 rtb=0 chg=0 loiter=0 | TRACKS: vis=5 lost=0 engaged=0 | TOP: black_usv2(x174,876) black_usv1(x181,290) black_usv3(x167,460) | KILL=15 | ACTIONS=18 | INTENT: focus=2 ratio=0.20
      [DETECT] black_usv19
      [KILL] black_usv7
      [RELEASE] white_usv2->black_usv7(目标失效)
      [ASSIGN] white_usv2->black_usv5(机会锁定)
      [ASSIGN] white_usv6->black_usv5
      [RELEASE] white_usv7->black_usv7(目标失效)
      [ASSIGN] white_usv7->black_usv5(机会锁定)
      [RELEASE] white_usv4->black_usv7(目标失效)
      [ASSIGN] white_usv4->black_usv5(机会锁定)
      [RELEASE] white_usv3->black_usv7(目标失效)
      [ASSIGN] white_usv3->black_usv5(机会锁定)
      [ASSIGN] white_usv8->black_usv3
      [ASSIGN] white_usv10->black_usv19(机会锁定)
      [RELEASE] white_usv1->black_usv7(目标失效)
      [ASSIGN] white_usv1->black_usv5(机会锁定)
      [KILL] black_usv5
      [RELEASE] white_usv2->black_usv5(目标失效)
      [RELEASE] white_usv6->black_usv5(目标失效)
      [RELEASE] white_usv7->black_usv5(目标失效)
      [RELEASE] white_usv4->black_usv5(目标失效)
      [RELEASE] white_usv3->black_usv5(目标失效)
      [RELEASE] white_usv1->black_usv5(目标失效)
      [ASSIGN] white_usv2->black_usv3
      [ASSIGN] white_usv6->black_usv19
      [ASSIGN] white_usv7->black_usv1
      [ASSIGN] white_usv4->black_usv3(机会锁定)
      [ASSIGN] white_usv3->black_usv2
      [ASSIGN] white_usv1->black_usv1
      [DETECT] black_usv20
[t=11,230s] step=360 | MISSION=NORMAL_C | USV: 8/10 (avail=0 int=6 lock=2 frz=0) | UAV: air=10 rtb=0 chg=0 loiter=0 | TRACKS: vis=4 lost=1 engaged=2 | TOP: black_usv20(x170,872) black_usv19(x164,411) black_usv2(x170,286) | KILL=15 | ACTIONS=18 | INTENT: focus=2 ratio=0.20
      [ASSIGN] white_usv7->black_usv3(机会锁定)
      [ASSIGN] white_usv3->black_usv3(机会锁定)
[t=11,677s] step=370 | MISSION=NORMAL_C | USV: 8/10 (avail=0 int=6 lock=2 frz=0) | UAV: air=10 rtb=0 chg=0 loiter=0 | TRACKS: vis=4 lost=0 engaged=1 | TOP: black_usv19(x162,131) black_usv2(x165,819) black_usv3(x161,810) | KILL=16 | ACTIONS=18 | INTENT: focus=2 ratio=0.20
      [ASSIGN] white_usv1->black_usv3(机会锁定)
      [ASSIGN] white_usv2->black_usv2(机会锁定)
[t=12,178s] step=380 | MISSION=NORMAL_C | USV: 8/10 (avail=0 int=7 lock=1 frz=0) | UAV: air=10 rtb=0 chg=0 loiter=0 | TRACKS: vis=4 lost=0 engaged=1 | TOP: black_usv1(x168,115) black_usv2(x160,809) black_usv19(x161,201) | KILL=17 | ACTIONS=18 | INTENT: focus=2 ratio=0.20
      [KILL] black_usv3
      [RELEASE] white_usv7->black_usv3(目标失效)
      [RELEASE] white_usv4->black_usv3(目标失效)
      [RELEASE] white_usv3->black_usv3(目标失效)
      [RELEASE] white_usv8->black_usv3(目标失效)
      [RELEASE] white_usv1->black_usv3(目标失效)
      [ASSIGN] white_usv7->black_usv1
      [ASSIGN] white_usv4->black_usv2
      [ASSIGN] white_usv3->black_usv2
      [ASSIGN] white_usv8->black_usv19
      [ASSIGN] white_usv1->black_usv1
      [KILL] black_usv19
      [RELEASE] white_usv6->black_usv19(目标失效)
      [RELEASE] white_usv8->black_usv19(目标失效)
      [RELEASE] white_usv10->black_usv19(目标失效)
      [ASSIGN] white_usv8->black_usv1
      [ASSIGN] white_usv7->black_usv2(机会锁定)
      [ASSIGN] white_usv10->black_usv1
[t=12,644s] step=390 | MISSION=NORMAL_C | USV: 8/10 (avail=1 int=4 lock=3 frz=0) | UAV: air=10 rtb=0 chg=0 loiter=0 | TRACKS: vis=2 lost=0 engaged=1 | TOP: black_usv2(x156,525) black_usv1(x163,455) | KILL=17 | ACTIONS=18 | INTENT: focus=2 ratio=0.20
      [ASSIGN] white_usv1->black_usv2(机会锁定)
      [ASSIGN] white_usv6->black_usv1
      [RELEASE] white_usv6->black_usv1(目标失效)
      [RELEASE] white_usv8->black_usv1(目标失效)
      [RELEASE] white_usv10->black_usv1(目标失效)
[t=13,155s] step=400 | MISSION=NORMAL_C | USV: 8/10 (avail=3 int=5 lock=0 frz=0) | UAV: air=10 rtb=0 chg=0 loiter=0 | TRACKS: vis=1 lost=0 engaged=0 | TOP: black_usv2(x155,115) | KILL=18 | ACTIONS=18 | INTENT: focus=2 ratio=0.20
      [DETECT] black_usv1
      [KILL] black_usv2
      [RELEASE] white_usv2->black_usv2(目标失效)
      [ASSIGN] white_usv6->black_usv1
      [RELEASE] white_usv7->black_usv2(目标失效)
      [ASSIGN] white_usv7->black_usv1(机会锁定)
      [RELEASE] white_usv4->black_usv2(目标失效)
      [RELEASE] white_usv3->black_usv2(目标失效)
      [ASSIGN] white_usv8->black_usv1
      [ASSIGN] white_usv10->black_usv1
      [RELEASE] white_usv1->black_usv2(目标失效)
      [ASSIGN] white_usv1->black_usv1(机会锁定)
[t=13,683s] step=410 | MISSION=NORMAL_C | USV: 8/10 (avail=3 int=3 lock=2 frz=0) | UAV: air=10 rtb=0 chg=0 loiter=0 | TRACKS: vis=1 lost=0 engaged=1 | TOP: black_usv1(x153,272) | KILL=18 | ACTIONS=18 | INTENT: focus=2 ratio=0.20
[t=14,211s] step=420 | MISSION=NORMAL_C | USV: 8/10 (avail=3 int=5 lock=0 frz=0) | UAV: air=10 rtb=0 chg=0 loiter=0 | TRACKS: vis=1 lost=0 engaged=0 | TOP: black_usv1(x152,086) | KILL=19 | ACTIONS=18 | INTENT: focus=2 ratio=0.20
      [KILL] black_usv1
      [RELEASE] white_usv6->black_usv1(目标失效)
      [RELEASE] white_usv7->black_usv1(目标失效)
      [RELEASE] white_usv8->black_usv1(目标失效)
      [RELEASE] white_usv10->black_usv1(目标失效)
      [RELEASE] white_usv1->black_usv1(目标失效)
[t=14,751s] step=430 | MISSION=NORMAL_C | USV: 8/10 (avail=3 int=5 lock=0 frz=0) | UAV: air=10 rtb=0 chg=0 loiter=0 | TRACKS: vis=0 lost=0 engaged=0 | TOP:  | KILL=19 | ACTIONS=18 | INTENT: focus=2 ratio=0.20
[t=15,300s] step=440 | MISSION=GLOBAL_R | USV: 8/10 (avail=8 int=0 lock=0 frz=0) | UAV: air=10 rtb=0 chg=0 loiter=0 | TRACKS: vis=0 lost=0 engaged=0 | TOP:  | KILL=19 | ACTIONS=18 | INTENT: focus=2 ratio=0.20
[t=15,848s] step=450 | MISSION=GLOBAL_R | USV: 8/10 (avail=8 int=0 lock=0 frz=0) | UAV: air=10 rtb=0 chg=0 loiter=0 | TRACKS: vis=0 lost=0 engaged=0 | TOP:  | KILL=19 | ACTIONS=18 | INTENT: focus=2 ratio=0.20
[t=16,398s] step=460 | MISSION=GLOBAL_R | USV: 8/10 (avail=8 int=0 lock=0 frz=0) | UAV: air=10 rtb=0 chg=0 loiter=0 | TRACKS: vis=0 lost=0 engaged=0 | TOP:  | KILL=19 | ACTIONS=18 | INTENT: focus=2 ratio=0.20
[t=16,947s] step=470 | MISSION=GLOBAL_R | USV: 8/10 (avail=8 int=0 lock=0 frz=0) | UAV: air=10 rtb=0 chg=0 loiter=0 | TRACKS: vis=0 lost=0 engaged=0 | TOP:  | KILL=19 | ACTIONS=18 | INTENT: focus=2 ratio=0.20
[t=17,472s] step=480 | MISSION=GLOBAL_R | USV: 8/10 (avail=8 int=0 lock=0 frz=0) | UAV: air=10 rtb=0 chg=0 loiter=0 | TRACKS: vis=0 lost=0 engaged=0 | TOP:  | KILL=19 | ACTIONS=18 | INTENT: focus=2 ratio=0.20
      [DETECT] black_usv20
      [ASSIGN] white_usv6->black_usv20
      [ASSIGN] white_usv8->black_usv20
      [ASSIGN] white_usv10->black_usv20
[t=18,027s] step=490 | MISSION=NORMAL_C | USV: 8/10 (avail=5 int=3 lock=0 frz=0) | UAV: air=10 rtb=0 chg=0 loiter=0 | TRACKS: vis=1 lost=0 engaged=0 | TOP: black_usv20(x114,400) | KILL=19 | ACTIONS=18 | INTENT: focus=2 ratio=0.20
[t=18,561s] step=500 | MISSION=NORMAL_C | USV: 8/10 (avail=5 int=3 lock=0 frz=0) | UAV: air=10 rtb=0 chg=0 loiter=0 | TRACKS: vis=0 lost=1 engaged=0 | TOP: black_usv20(x109,807) | KILL=19 | ACTIONS=18 | INTENT: focus=2 ratio=0.20
      [RELEASE] white_usv6->black_usv20(目标失效)
      [RELEASE] white_usv8->black_usv20(目标失效)
      [RELEASE] white_usv10->black_usv20(目标失效)
      [DETECT] black_usv20
      [ASSIGN] white_usv6->black_usv20
      [ASSIGN] white_usv8->black_usv20
      [ASSIGN] white_usv10->black_usv20
[t=19,107s] step=510 | MISSION=NORMAL_C | USV: 8/10 (avail=5 int=3 lock=0 frz=0) | UAV: air=10 rtb=0 chg=0 loiter=0 | TRACKS: vis=1 lost=0 engaged=0 | TOP: black_usv20(x105,183) | KILL=19 | ACTIONS=18 | INTENT: focus=2 ratio=0.20
[t=19,631s] step=520 | MISSION=NORMAL_C | USV: 8/10 (avail=5 int=2 lock=1 frz=0) | UAV: air=10 rtb=0 chg=0 loiter=0 | TRACKS: vis=1 lost=0 engaged=1 | TOP: black_usv20(x101,847) | KILL=19 | ACTIONS=18 | INTENT: focus=2 ratio=0.20

========================================================================
对局结果: Result.Victory — 敌方所有单位被击毁
  击杀蓝舰: 20 | 命中: 40 | 我方USV损失: 2 | UAV损失: 0 | 突破: 0
[META] result=Result.Victory victory_time=20052 first_detection=1857 first_lock=7390 first_kill=8285 enemy_kills=20 friendly_usv_losses=2 friendly_uav_losses=0 black_breakthrough=0 reacquire_attempts=205 reacquire_success=205 sensor_assisted_locks=85 low_conf_commitments=0 global_reacquire_entries=2 global_reacquire_success=2 coverage_collapse_events=1 active_clusters_max=1 coverage_quality_final=0.34 commander_source=default_intent commander_calls=0 commander_changes=0 commander_no_change=0 commander_parse_failures=0 commander_api_failures=0 commander_policy_failures=0 commander_avg_latency=0.0
Done
