========================================================================
HYBRID AGENT V5 — Variable-Cardinality Hierarchical Maritime Agent
  启用UAV: True | LLM_ENABLED: False
========================================================================
对局 28 开始
      [UAV RELAUNCH] white_uav1
      [UAV RELAUNCH] white_uav6
      [UAV RELAUNCH] white_uav8
      [UAV RELAUNCH] white_uav9
      [UAV RELAUNCH] white_uav5
      [UAV RELAUNCH] white_uav2
      [UAV RELAUNCH] white_uav4
      [UAV RELAUNCH] white_uav10
      [UAV RELAUNCH] white_uav7
      [UAV RELAUNCH] white_uav3
[t=157s] step=10 | MISSION=NORMAL_C | USV: 10/10 (avail=10 int=0 lock=0 frz=0) | UAV: air=10 rtb=0 chg=0 loiter=0 | TRACKS: vis=0 lost=0 engaged=0 | TOP:  | KILL=0 | ACTIONS=20 | INTENT: focus=2 ratio=0.20
  [INTENT APPLIED]
    ThreatAllocator: focus 2 emergency 3 reserve_ratio 0.20 reserve_usvs None bias breakthrough_eta
    UAVManager: mode search_and_reacquire uav_priority []
[t=333s] step=20 | MISSION=NORMAL_C | USV: 10/10 (avail=10 int=0 lock=0 frz=0) | UAV: air=10 rtb=0 chg=0 loiter=0 | TRACKS: vis=0 lost=0 engaged=0 | TOP:  | KILL=0 | ACTIONS=20 | INTENT: focus=2 ratio=0.20
[t=522s] step=30 | MISSION=NORMAL_C | USV: 10/10 (avail=10 int=0 lock=0 frz=0) | UAV: air=10 rtb=0 chg=0 loiter=0 | TRACKS: vis=0 lost=0 engaged=0 | TOP:  | KILL=0 | ACTIONS=20 | INTENT: focus=2 ratio=0.20
[t=731s] step=40 | MISSION=NORMAL_C | USV: 10/10 (avail=10 int=0 lock=0 frz=0) | UAV: air=10 rtb=0 chg=0 loiter=0 | TRACKS: vis=0 lost=0 engaged=0 | TOP:  | KILL=0 | ACTIONS=20 | INTENT: focus=2 ratio=0.20
[t=916s] step=50 | MISSION=NORMAL_C | USV: 10/10 (avail=10 int=0 lock=0 frz=0) | UAV: air=10 rtb=0 chg=0 loiter=0 | TRACKS: vis=0 lost=0 engaged=0 | TOP:  | KILL=0 | ACTIONS=20 | INTENT: focus=2 ratio=0.20
[t=1,159s] step=60 | MISSION=NORMAL_C | USV: 10/10 (avail=10 int=0 lock=0 frz=0) | UAV: air=10 rtb=0 chg=0 loiter=0 | TRACKS: vis=0 lost=0 engaged=0 | TOP:  | KILL=0 | ACTIONS=20 | INTENT: focus=2 ratio=0.20
[t=1,350s] step=70 | MISSION=NORMAL_C | USV: 10/10 (avail=10 int=0 lock=0 frz=0) | UAV: air=10 rtb=0 chg=0 loiter=0 | TRACKS: vis=0 lost=0 engaged=0 | TOP:  | KILL=0 | ACTIONS=20 | INTENT: focus=2 ratio=0.20
[t=1,569s] step=80 | MISSION=NORMAL_C | USV: 10/10 (avail=10 int=0 lock=0 frz=0) | UAV: air=10 rtb=0 chg=0 loiter=0 | TRACKS: vis=0 lost=0 engaged=0 | TOP:  | KILL=0 | ACTIONS=20 | INTENT: focus=2 ratio=0.20
[t=1,782s] step=90 | MISSION=NORMAL_C | USV: 10/10 (avail=10 int=0 lock=0 frz=0) | UAV: air=10 rtb=0 chg=0 loiter=0 | TRACKS: vis=0 lost=0 engaged=0 | TOP:  | KILL=0 | ACTIONS=20 | INTENT: focus=2 ratio=0.20
      [DETECT] black_usv14
      [DETECT] black_usv13
      [DETECT] black_usv7
      [DETECT] black_usv9
      [DETECT] black_usv12
      [DETECT] black_usv10
      [DETECT] black_usv8
      [DETECT] black_usv11
      [ASSIGN] white_usv3->black_usv10
      [ASSIGN] white_usv5->black_usv12
      [ASSIGN] white_usv1->black_usv7
      [ASSIGN] white_usv6->black_usv11
      [ASSIGN] white_usv9->black_usv14
      [ASSIGN] white_usv4->black_usv8
      [ASSIGN] white_usv2->black_usv9
      [ASSIGN] white_usv7->black_usv13
      [DETECT] black_usv15
      [ASSIGN] white_usv8->black_usv15
      [ASSIGN] white_usv10->black_usv13
      [DETECT] black_usv4
      [DETECT] black_usv6
      [DETECT] black_usv16
      [DETECT] black_usv17
      [DETECT] black_usv18
      [DETECT] black_usv5
      [DETECT] black_usv19
      [DETECT] black_usv3
      [DETECT] black_usv2
      [DETECT] black_usv20
      [DETECT] black_usv1
[t=1,984s] step=100 | MISSION=NORMAL_C | USV: 10/10 (avail=0 int=10 lock=0 frz=0) | UAV: air=10 rtb=0 chg=0 loiter=0 | TRACKS: vis=20 lost=0 engaged=0 | TOP: black_usv17(x241,157) black_usv4(x242,065) black_usv6(x242,275) | KILL=0 | ACTIONS=20 | INTENT: focus=2 ratio=0.20
[t=2,212s] step=110 | MISSION=NORMAL_C | USV: 10/10 (avail=0 int=10 lock=0 frz=0) | UAV: air=10 rtb=0 chg=0 loiter=0 | TRACKS: vis=20 lost=0 engaged=0 | TOP: black_usv17(x238,912) black_usv4(x240,027) black_usv6(x240,264) | KILL=0 | ACTIONS=20 | INTENT: focus=2 ratio=0.20
[t=2,329s] step=120 | MISSION=NORMAL_C | USV: 10/10 (avail=0 int=10 lock=0 frz=0) | UAV: air=10 rtb=0 chg=0 loiter=0 | TRACKS: vis=19 lost=1 engaged=0 | TOP: black_usv17(x237,760) black_usv4(x238,989) black_usv6(x239,239) | KILL=0 | ACTIONS=20 | INTENT: focus=2 ratio=0.20
[t=2,523s] step=130 | MISSION=NORMAL_C | USV: 10/10 (avail=0 int=10 lock=0 frz=0) | UAV: air=10 rtb=0 chg=0 loiter=0 | TRACKS: vis=19 lost=1 engaged=0 | TOP: black_usv17(x235,817) black_usv6(x237,523) black_usv18(x237,634) | KILL=0 | ACTIONS=20 | INTENT: focus=2 ratio=0.20
[t=2,754s] step=140 | MISSION=NORMAL_C | USV: 10/10 (avail=0 int=10 lock=0 frz=0) | UAV: air=10 rtb=0 chg=0 loiter=0 | TRACKS: vis=19 lost=1 engaged=0 | TOP: black_usv17(x233,531) black_usv6(x235,499) black_usv18(x235,620) | KILL=0 | ACTIONS=20 | INTENT: focus=2 ratio=0.20
[t=2,959s] step=150 | MISSION=NORMAL_C | USV: 10/10 (avail=0 int=10 lock=0 frz=0) | UAV: air=10 rtb=0 chg=0 loiter=0 | TRACKS: vis=19 lost=0 engaged=0 | TOP: black_usv17(x231,480) black_usv6(x233,688) black_usv18(x233,820) | KILL=0 | ACTIONS=20 | INTENT: focus=2 ratio=0.20
[t=3,178s] step=160 | MISSION=NORMAL_C | USV: 10/10 (avail=0 int=10 lock=0 frz=0) | UAV: air=10 rtb=0 chg=0 loiter=0 | TRACKS: vis=17 lost=2 engaged=0 | TOP: black_usv17(x229,313) black_usv6(x231,767) black_usv18(x231,909) | KILL=0 | ACTIONS=20 | INTENT: focus=2 ratio=0.20
[t=3,343s] step=170 | MISSION=NORMAL_C | USV: 10/10 (avail=0 int=10 lock=0 frz=0) | UAV: air=10 rtb=0 chg=0 loiter=0 | TRACKS: vis=16 lost=3 engaged=0 | TOP: black_usv17(x227,669) black_usv6(x230,315) black_usv18(x230,465) | KILL=0 | ACTIONS=20 | INTENT: focus=2 ratio=0.20
[t=3,545s] step=180 | MISSION=NORMAL_C | USV: 10/10 (avail=0 int=10 lock=0 frz=0) | UAV: air=10 rtb=0 chg=0 loiter=0 | TRACKS: vis=17 lost=2 engaged=0 | TOP: black_usv6(x228,538) black_usv18(x228,697) black_usv3(x230,646) | KILL=0 | ACTIONS=20 | INTENT: focus=2 ratio=0.20
[t=3,761s] step=190 | MISSION=NORMAL_C | USV: 10/10 (avail=0 int=10 lock=0 frz=0) | UAV: air=10 rtb=0 chg=0 loiter=0 | TRACKS: vis=19 lost=0 engaged=0 | TOP: black_usv6(x226,636) black_usv3(x228,880) black_usv19(x229,499) | KILL=0 | ACTIONS=20 | INTENT: focus=2 ratio=0.20
[t=3,978s] step=200 | MISSION=NORMAL_C | USV: 10/10 (avail=0 int=10 lock=0 frz=0) | UAV: air=10 rtb=0 chg=0 loiter=0 | TRACKS: vis=18 lost=1 engaged=0 | TOP: black_usv6(x224,727) black_usv3(x227,108) black_usv19(x227,764) | KILL=0 | ACTIONS=20 | INTENT: focus=2 ratio=0.20
[t=4,133s] step=210 | MISSION=NORMAL_C | USV: 10/10 (avail=0 int=10 lock=0 frz=0) | UAV: air=10 rtb=0 chg=0 loiter=0 | TRACKS: vis=18 lost=1 engaged=0 | TOP: black_usv6(x223,363) black_usv3(x225,841) black_usv19(x226,524) | KILL=0 | ACTIONS=20 | INTENT: focus=2 ratio=0.20
[t=4,327s] step=220 | MISSION=NORMAL_C | USV: 10/10 (avail=0 int=10 lock=0 frz=0) | UAV: air=10 rtb=0 chg=0 loiter=0 | TRACKS: vis=18 lost=0 engaged=0 | TOP: black_usv6(x221,651) black_usv3(x224,252) black_usv19(x224,969) | KILL=0 | ACTIONS=20 | INTENT: focus=2 ratio=0.20
[t=4,523s] step=230 | MISSION=NORMAL_C | USV: 10/10 (avail=0 int=10 lock=0 frz=0) | UAV: air=10 rtb=0 chg=0 loiter=0 | TRACKS: vis=18 lost=0 engaged=0 | TOP: black_usv6(x219,931) black_usv3(x222,655) black_usv19(x223,405) | KILL=0 | ACTIONS=20 | INTENT: focus=2 ratio=0.20
[t=4,775s] step=240 | MISSION=NORMAL_C | USV: 10/10 (avail=0 int=10 lock=0 frz=0) | UAV: air=10 rtb=0 chg=0 loiter=0 | TRACKS: vis=18 lost=0 engaged=0 | TOP: black_usv6(x217,714) black_usv3(x220,596) black_usv19(x221,390) | KILL=0 | ACTIONS=20 | INTENT: focus=2 ratio=0.20
[t=5,023s] step=250 | MISSION=NORMAL_C | USV: 10/10 (avail=0 int=10 lock=0 frz=0) | UAV: air=10 rtb=0 chg=0 loiter=0 | TRACKS: vis=18 lost=0 engaged=0 | TOP: black_usv6(x215,527) black_usv3(x218,566) black_usv19(x219,404) | KILL=0 | ACTIONS=20 | INTENT: focus=2 ratio=0.20
[t=5,224s] step=260 | MISSION=NORMAL_C | USV: 10/10 (avail=0 int=10 lock=0 frz=0) | UAV: air=10 rtb=0 chg=0 loiter=0 | TRACKS: vis=18 lost=0 engaged=0 | TOP: black_usv6(x213,763) black_usv3(x216,928) black_usv19(x217,799) | KILL=0 | ACTIONS=20 | INTENT: focus=2 ratio=0.20
[t=5,474s] step=270 | MISSION=NORMAL_C | USV: 10/10 (avail=0 int=10 lock=0 frz=0) | UAV: air=10 rtb=0 chg=0 loiter=0 | TRACKS: vis=18 lost=0 engaged=0 | TOP: black_usv6(x211,563) black_usv3(x214,885) black_usv19(x215,800) | KILL=0 | ACTIONS=20 | INTENT: focus=2 ratio=0.20
[t=5,702s] step=280 | MISSION=NORMAL_C | USV: 10/10 (avail=0 int=10 lock=0 frz=0) | UAV: air=10 rtb=0 chg=0 loiter=0 | TRACKS: vis=18 lost=0 engaged=0 | TOP: black_usv6(x209,556) black_usv3(x213,022) black_usv19(x213,977) | KILL=0 | ACTIONS=20 | INTENT: focus=2 ratio=0.20
[t=5,957s] step=290 | MISSION=NORMAL_C | USV: 10/10 (avail=0 int=10 lock=0 frz=0) | UAV: air=10 rtb=0 chg=0 loiter=0 | TRACKS: vis=18 lost=0 engaged=0 | TOP: black_usv3(x210,939) black_usv19(x211,938) black_usv6(x207,180) | KILL=0 | ACTIONS=20 | INTENT: focus=2 ratio=0.20
[t=6,172s] step=300 | MISSION=NORMAL_C | USV: 10/10 (avail=0 int=10 lock=0 frz=0) | UAV: air=10 rtb=0 chg=0 loiter=0 | TRACKS: vis=17 lost=1 engaged=0 | TOP: black_usv3(x209,182) black_usv19(x210,218) black_usv6(x205,054) | KILL=0 | ACTIONS=20 | INTENT: focus=2 ratio=0.20
[t=6,390s] step=310 | MISSION=NORMAL_C | USV: 10/10 (avail=0 int=10 lock=0 frz=0) | UAV: air=10 rtb=0 chg=0 loiter=0 | TRACKS: vis=16 lost=2 engaged=0 | TOP: black_usv3(x207,401) black_usv19(x208,475) black_usv6(x202,874) | KILL=0 | ACTIONS=20 | INTENT: focus=2 ratio=0.20
[t=6,635s] step=320 | MISSION=NORMAL_C | USV: 10/10 (avail=0 int=10 lock=0 frz=0) | UAV: air=10 rtb=0 chg=0 loiter=0 | TRACKS: vis=16 lost=1 engaged=0 | TOP: black_usv3(x205,399) black_usv19(x206,516) black_usv6(x200,424) | KILL=0 | ACTIONS=20 | INTENT: focus=2 ratio=0.20
[t=6,856s] step=330 | MISSION=NORMAL_C | USV: 10/10 (avail=0 int=10 lock=0 frz=0) | UAV: air=10 rtb=0 chg=0 loiter=0 | TRACKS: vis=16 lost=0 engaged=0 | TOP: black_usv19(x204,748) black_usv6(x198,230) black_usv11(x191,495) | KILL=0 | ACTIONS=20 | INTENT: focus=2 ratio=0.20
[t=7,094s] step=340 | MISSION=NORMAL_C | USV: 10/10 (avail=0 int=10 lock=0 frz=0) | UAV: air=10 rtb=0 chg=0 loiter=0 | TRACKS: vis=16 lost=0 engaged=0 | TOP: black_usv19(x202,838) black_usv6(x195,861) black_usv11(x189,152) | KILL=0 | ACTIONS=20 | INTENT: focus=2 ratio=0.20
      [DETECT] black_usv20
[t=7,306s] step=350 | MISSION=NORMAL_C | USV: 10/10 (avail=0 int=10 lock=0 frz=0) | UAV: air=10 rtb=0 chg=0 loiter=0 | TRACKS: vis=17 lost=0 engaged=0 | TOP: black_usv19(x201,148) black_usv6(x193,767) black_usv20(x206,300) | KILL=0 | ACTIONS=20 | INTENT: focus=2 ratio=0.20
      [ASSIGN] white_usv3->black_usv8(机会锁定)
      [ASSIGN] white_usv2->black_usv8(机会锁定)
      [ASSIGN] white_usv7->black_usv11(机会锁定)
      [ASSIGN] white_usv5->black_usv11(机会锁定)
      [ASSIGN] white_usv8->black_usv13(机会锁定)
      [ASSIGN] white_usv9->black_usv13(机会锁定)
[t=7,533s] step=360 | MISSION=NORMAL_C | USV: 10/10 (avail=0 int=0 lock=10 frz=0) | UAV: air=10 rtb=0 chg=0 loiter=0 | TRACKS: vis=17 lost=0 engaged=4 | TOP: black_usv19(x199,335) black_usv6(x191,520) black_usv20(x204,651) | KILL=0 | ACTIONS=20 | INTENT: focus=2 ratio=0.20
      [ASSIGN] white_usv6->black_usv10(机会锁定)
      [ASSIGN] white_usv4->black_usv10(机会锁定)
      [ASSIGN] white_usv3->black_usv9(机会锁定)
      [ASSIGN] white_usv5->black_usv9(机会锁定)
      [ASSIGN] white_usv2->black_usv9(机会锁定)
      [ASSIGN] white_usv5->black_usv8(机会锁定)
      [ASSIGN] white_usv10->black_usv17(机会锁定)
      [ASSIGN] white_usv5->black_usv11(机会锁定)
      [ASSIGN] white_usv8->black_usv15(机会锁定)
      [ASSIGN] white_usv5->black_usv13(机会锁定)
      [ASSIGN] white_usv1->black_usv8(机会锁定)
      [ASSIGN] white_usv9->black_usv16(机会锁定)
      [ASSIGN] white_usv7->black_usv13(机会锁定)
      [ASSIGN] white_usv5->black_usv11(机会锁定)
      [ASSIGN] white_usv1->black_usv7(机会锁定)
      [ASSIGN] white_usv7->black_usv11(机会锁定)
[t=7,827s] step=370 | MISSION=NORMAL_C | USV: 10/10 (avail=0 int=3 lock=7 frz=0) | UAV: air=10 rtb=0 chg=0 loiter=0 | TRACKS: vis=17 lost=0 engaged=5 | TOP: black_usv11(x183,558) black_usv6(x188,598) black_usv7(x185,761) | KILL=3 | ACTIONS=20 | INTENT: focus=2 ratio=0.20
      [ASSIGN] white_usv5->black_usv13(机会锁定)
      [ASSIGN] white_usv7->black_usv13(机会锁定)
      [ASSIGN] white_usv5->black_usv11(机会锁定)
      [ASSIGN] white_usv7->black_usv11(机会锁定)
      [ASSIGN] white_usv5->black_usv13(机会锁定)
      [ASSIGN] white_usv7->black_usv13(机会锁定)
      [ASSIGN] white_usv5->black_usv11(机会锁定)
      [ASSIGN] white_usv7->black_usv11(机会锁定)
      [ASSIGN] white_usv5->black_usv13(机会锁定)
      [ASSIGN] white_usv7->black_usv13(机会锁定)
      [ASSIGN] white_usv5->black_usv11(机会锁定)
      [ASSIGN] white_usv3->black_usv8(机会锁定)
      [ASSIGN] white_usv6->black_usv8(机会锁定)
      [ASSIGN] white_usv4->black_usv8(机会锁定)
      [ASSIGN] white_usv3->black_usv10(机会锁定)
      [ASSIGN] white_usv6->black_usv10(机会锁定)
      [ASSIGN] white_usv4->black_usv10(机会锁定)
      [ASSIGN] white_usv2->black_usv10(机会锁定)
      [ASSIGN] white_usv10->black_usv12(机会锁定)
      [ASSIGN] white_usv3->black_usv9(机会锁定)
      [ASSIGN] white_usv6->black_usv9(机会锁定)
      [ASSIGN] white_usv4->black_usv9(机会锁定)
      [ASSIGN] white_usv2->black_usv9(机会锁定)
      [ASSIGN] white_usv8->black_usv17(机会锁定)
      [ASSIGN] white_usv3->black_usv10(机会锁定)
      [ASSIGN] white_usv6->black_usv10(机会锁定)
      [ASSIGN] white_usv9->black_usv15(机会锁定)
      [ASSIGN] white_usv4->black_usv10(机会锁定)
      [ASSIGN] white_usv2->black_usv10(机会锁定)
[t=8,126s] step=380 | MISSION=NORMAL_C | USV: 10/10 (avail=0 int=7 lock=3 frz=0) | UAV: air=10 rtb=0 chg=0 loiter=0 | TRACKS: vis=17 lost=0 engaged=3 | TOP: black_usv6(x185,608) black_usv20(x199,564) black_usv10(x180,938) | KILL=5 | ACTIONS=20 | INTENT: focus=2 ratio=0.20
      [ASSIGN] white_usv3->black_usv9(机会锁定)
      [ASSIGN] white_usv1->black_usv9(机会锁定)
      [ASSIGN] white_usv6->black_usv9(机会锁定)
      [ASSIGN] white_usv4->black_usv9(机会锁定)
      [ASSIGN] white_usv2->black_usv9(机会锁定)
      [ASSIGN] white_usv3->black_usv10(机会锁定)
      [ASSIGN] white_usv5->black_usv10(机会锁定)
      [ASSIGN] white_usv1->black_usv7(机会锁定)
      [ASSIGN] white_usv6->black_usv10(机会锁定)
      [ASSIGN] white_usv4->black_usv10(机会锁定)
      [ASSIGN] white_usv2->black_usv10(机会锁定)
      [ASSIGN] white_usv3->black_usv9(机会锁定)
      [ASSIGN] white_usv5->black_usv11(机会锁定)
      [ASSIGN] white_usv6->black_usv11(机会锁定)
      [ASSIGN] white_usv4->black_usv9(机会锁定)
      [ASSIGN] white_usv2->black_usv9(机会锁定)
      [ASSIGN] white_usv7->black_usv11(机会锁定)
      [ASSIGN] white_usv3->black_usv10(机会锁定)
      [ASSIGN] white_usv5->black_usv13(机会锁定)
      [ASSIGN] white_usv6->black_usv10(机会锁定)
      [ASSIGN] white_usv4->black_usv10(机会锁定)
      [ASSIGN] white_usv2->black_usv10(机会锁定)
      [ASSIGN] white_usv7->black_usv13(机会锁定)
      [KILL] black_usv8
      [KILL] black_usv11
      [ASSIGN] white_usv3->black_usv9(机会锁定)
      [ASSIGN] white_usv5->black_usv9(机会锁定)
      [ASSIGN] white_usv6->black_usv9(机会锁定)
      [ASSIGN] white_usv4->black_usv9(机会锁定)
      [ASSIGN] white_usv2->black_usv9(机会锁定)
      [ASSIGN] white_usv7->black_usv16(机会锁定)
      [ASSIGN] white_usv5->black_usv13(机会锁定)
      [ASSIGN] white_usv2->black_usv10(机会锁定)
      [ASSIGN] white_usv7->black_usv13(机会锁定)
      [ASSIGN] white_usv3->black_usv10(机会锁定)
      [ASSIGN] white_usv5->black_usv12(机会锁定)
      [ASSIGN] white_usv6->black_usv10(机会锁定)
      [ASSIGN] white_usv7->black_usv16(机会锁定)
      [KILL] black_usv13
      [ASSIGN] white_usv3->black_usv9(机会锁定)
      [ASSIGN] white_usv6->black_usv9(机会锁定)
      [ASSIGN] white_usv7->black_usv17(机会锁定)
      [ASSIGN] white_usv10->black_usv17(机会锁定)
      [ASSIGN] white_usv3->black_usv10(机会锁定)
      [ASSIGN] white_usv6->black_usv10(机会锁定)
      [ASSIGN] white_usv4->black_usv10(机会锁定)
      [ASSIGN] white_usv8->black_usv16(机会锁定)
      [ASSIGN] white_usv3->black_usv9(机会锁定)
      [ASSIGN] white_usv6->black_usv9(机会锁定)
      [ASSIGN] white_usv9->black_usv14(机会锁定)
      [ASSIGN] white_usv4->black_usv9(机会锁定)
      [ASSIGN] white_usv2->black_usv9(机会锁定)
[t=8,456s] step=390 | MISSION=NORMAL_C | USV: 10/10 (avail=0 int=5 lock=5 frz=0) | UAV: air=10 rtb=0 chg=0 loiter=0 | TRACKS: vis=14 lost=0 engaged=4 | TOP: black_usv9(x180,948) black_usv5(x184,487) black_usv14(x185,925) | KILL=6 | ACTIONS=20 | INTENT: focus=2 ratio=0.20
      [ASSIGN] white_usv3->black_usv10(机会锁定)
      [ASSIGN] white_usv6->black_usv10(机会锁定)
      [ASSIGN] white_usv4->black_usv10(机会锁定)
      [ASSIGN] white_usv2->black_usv10(机会锁定)
      [ASSIGN] white_usv3->black_usv9(机会锁定)
      [ASSIGN] white_usv1->black_usv4(机会锁定)
      [ASSIGN] white_usv6->black_usv9(机会锁定)
      [ASSIGN] white_usv4->black_usv9(机会锁定)
      [ASSIGN] white_usv2->black_usv9(机会锁定)
      [ASSIGN] white_usv3->black_usv10(机会锁定)
      [ASSIGN] white_usv6->black_usv10(机会锁定)
      [ASSIGN] white_usv4->black_usv10(机会锁定)
      [ASSIGN] white_usv2->black_usv10(机会锁定)
      [ASSIGN] white_usv3->black_usv9(机会锁定)
      [ASSIGN] white_usv6->black_usv9(机会锁定)
      [ASSIGN] white_usv4->black_usv9(机会锁定)
      [ASSIGN] white_usv2->black_usv9(机会锁定)
      [ASSIGN] white_usv3->black_usv10(机会锁定)
      [ASSIGN] white_usv6->black_usv10(机会锁定)
      [ASSIGN] white_usv4->black_usv10(机会锁定)
      [ASSIGN] white_usv2->black_usv10(机会锁定)
      [KILL] black_usv9
      [KILL] black_usv10
      [RELEASE] white_usv3->black_usv10(目标失效)
      [ASSIGN] white_usv3->black_usv7(机会锁定)
      [RELEASE] white_usv6->black_usv10(目标失效)
      [ASSIGN] white_usv6->black_usv12(机会锁定)
      [RELEASE] white_usv4->black_usv10(目标失效)
      [ASSIGN] white_usv4->black_usv7(机会锁定)
      [RELEASE] white_usv2->black_usv10(目标失效)
      [ASSIGN] white_usv2->black_usv7(机会锁定)
      [ASSIGN] white_usv5->black_usv16(机会锁定)
      [ASSIGN] white_usv7->black_usv15(机会锁定)
      [ASSIGN] white_usv10->black_usv15(机会锁定)
      [ASSIGN] white_usv6->black_usv17(机会锁定)
      [ASSIGN] white_usv7->black_usv17(机会锁定)
      [ASSIGN] white_usv8->black_usv17(机会锁定)
      [ASSIGN] white_usv10->black_usv17(机会锁定)
      [ASSIGN] white_usv6->black_usv12(机会锁定)
      [ASSIGN] white_usv9->black_usv15(机会锁定)
      [ASSIGN] white_usv7->black_usv12(机会锁定)
      [ASSIGN] white_usv8->black_usv12(机会锁定)
      [ASSIGN] white_usv10->black_usv12(机会锁定)
[t=8,782s] step=400 | MISSION=NORMAL_C | USV: 10/10 (avail=0 int=5 lock=5 frz=0) | UAV: air=10 rtb=0 chg=0 loiter=0 | TRACKS: vis=11 lost=1 engaged=3 | TOP: black_usv6(x180,945) black_usv5(x181,227) black_usv15(x184,525) | KILL=8 | ACTIONS=20 | INTENT: focus=2 ratio=0.20
      [DETECT] black_usv3
      [ASSIGN] white_usv6->black_usv17(机会锁定)
      [ASSIGN] white_usv9->black_usv17(机会锁定)
      [ASSIGN] white_usv7->black_usv17(机会锁定)
      [ASSIGN] white_usv8->black_usv17(机会锁定)
      [ASSIGN] white_usv10->black_usv17(机会锁定)
      [ASSIGN] white_usv1->black_usv6(机会锁定)
      [ASSIGN] white_usv6->black_usv12(机会锁定)
      [ASSIGN] white_usv7->black_usv12(机会锁定)
      [ASSIGN] white_usv8->black_usv16(机会锁定)
      [ASSIGN] white_usv10->black_usv12(机会锁定)
      [ASSIGN] white_usv6->black_usv17(机会锁定)
      [ASSIGN] white_usv7->black_usv15(机会锁定)
      [ASSIGN] white_usv10->black_usv15(机会锁定)
      [ASSIGN] white_usv6->black_usv12(机会锁定)
      [ASSIGN] white_usv7->black_usv12(机会锁定)
      [ASSIGN] white_usv10->black_usv12(机会锁定)
      [ASSIGN] white_usv6->black_usv17(机会锁定)
      [ASSIGN] white_usv7->black_usv17(机会锁定)
      [ASSIGN] white_usv10->black_usv17(机会锁定)
      [ASSIGN] white_usv6->black_usv12(机会锁定)
      [ASSIGN] white_usv7->black_usv12(机会锁定)
      [ASSIGN] white_usv10->black_usv12(机会锁定)
      [ASSIGN] white_usv6->black_usv17(机会锁定)
      [ASSIGN] white_usv7->black_usv17(机会锁定)
      [ASSIGN] white_usv10->black_usv17(机会锁定)
      [KILL] black_usv12
      [ASSIGN] white_usv5->black_usv15(机会锁定)
      [ASSIGN] white_usv6->black_usv16(机会锁定)
      [ASSIGN] white_usv7->black_usv15(机会锁定)
      [ASSIGN] white_usv10->black_usv15(机会锁定)
      [KILL] black_usv17
      [ASSIGN] white_usv5->black_usv16(机会锁定)
      [ASSIGN] white_usv7->black_usv14(机会锁定)
      [ASSIGN] white_usv10->black_usv14(机会锁定)
      [KILL] black_usv15
[t=9,090s] step=410 | MISSION=NORMAL_C | USV: 9/10 (avail=0 int=3 lock=6 frz=0) | UAV: air=10 rtb=0 chg=0 loiter=0 | TRACKS: vis=10 lost=0 engaged=3 | TOP: black_usv3(x183,951) black_usv5(x178,147) black_usv4(x179,436) | KILL=9 | ACTIONS=19 | INTENT: focus=2 ratio=0.20
      [ASSIGN] white_usv6->black_usv7(机会锁定)
      [ASSIGN] white_usv6->black_usv16(机会锁定)
      [ASSIGN] white_usv6->black_usv7(机会锁定)
      [ASSIGN] white_usv6->black_usv16(机会锁定)
      [ASSIGN] white_usv6->black_usv7(机会锁定)
      [ASSIGN] white_usv8->black_usv14(机会锁定)
      [ASSIGN] white_usv6->black_usv16(机会锁定)
      [ASSIGN] white_usv5->black_usv14(机会锁定)
[t=9,379s] step=420 | MISSION=NORMAL_C | USV: 6/10 (avail=0 int=6 lock=0 frz=0) | UAV: air=10 rtb=0 chg=0 loiter=0 | TRACKS: vis=10 lost=0 engaged=0 | TOP: black_usv3(x181,633) black_usv4(x177,036) black_usv6(x177,155) | KILL=11 | ACTIONS=16 | INTENT: focus=2 ratio=0.20
      [ASSIGN] white_usv5->black_usv16(机会锁定)
      [ASSIGN] white_usv8->black_usv16(机会锁定)
      [ASSIGN] white_usv5->black_usv14(机会锁定)
      [ASSIGN] white_usv8->black_usv14(机会锁定)
      [ASSIGN] white_usv5->black_usv16(机会锁定)
      [ASSIGN] white_usv8->black_usv16(机会锁定)
      [ASSIGN] white_usv5->black_usv14(机会锁定)
      [ASSIGN] white_usv6->black_usv14(机会锁定)
      [ASSIGN] white_usv8->black_usv14(机会锁定)
      [ASSIGN] white_usv5->black_usv16(机会锁定)
      [ASSIGN] white_usv6->black_usv16(机会锁定)
      [ASSIGN] white_usv8->black_usv16(机会锁定)
      [KILL] black_usv7
      [KILL] black_usv16
      [RELEASE] white_usv3->black_usv7(目标失效)
      [RELEASE] white_usv5->black_usv16(目标失效)
      [ASSIGN] white_usv5->black_usv14(机会锁定)
      [RELEASE] white_usv6->black_usv16(目标失效)
      [ASSIGN] white_usv6->black_usv14(机会锁定)
      [RELEASE] white_usv4->black_usv7(目标失效)
      [RELEASE] white_usv2->black_usv7(目标失效)
      [RELEASE] white_usv8->black_usv16(目标失效)
      [ASSIGN] white_usv8->black_usv14(机会锁定)
      [ASSIGN] white_usv3->black_usv4
      [ASSIGN] white_usv4->black_usv6
      [ASSIGN] white_usv2->black_usv4(机会锁定)
      [ASSIGN] white_usv4->black_usv4(机会锁定)
[t=9,776s] step=430 | MISSION=NORMAL_C | USV: 6/10 (avail=0 int=3 lock=3 frz=0) | UAV: air=10 rtb=0 chg=0 loiter=0 | TRACKS: vis=8 lost=0 engaged=1 | TOP: black_usv3(x178,816) black_usv18(x175,847) black_usv19(x179,156) | KILL=11 | ACTIONS=16 | INTENT: focus=2 ratio=0.20
      [ASSIGN] white_usv8->black_usv18(机会锁定)
      [KILL] black_usv14
      [ASSIGN] white_usv3->black_usv6(机会锁定)
      [RELEASE] white_usv5->black_usv14(目标失效)
      [RELEASE] white_usv6->black_usv14(目标失效)
      [ASSIGN] white_usv4->black_usv6(机会锁定)
      [ASSIGN] white_usv2->black_usv6(机会锁定)
      [ASSIGN] white_usv5->black_usv5
      [ASSIGN] white_usv6->black_usv3
[t=10,084s] step=440 | MISSION=NORMAL_C | USV: 6/10 (avail=0 int=2 lock=4 frz=0) | UAV: air=10 rtb=0 chg=0 loiter=0 | TRACKS: vis=7 lost=0 engaged=2 | TOP: black_usv4(x171,279) black_usv19(x176,076) black_usv20(x182,504) | KILL=12 | ACTIONS=16 | INTENT: focus=2 ratio=0.20
      [ASSIGN] white_usv3->black_usv4(机会锁定)
      [ASSIGN] white_usv4->black_usv4(机会锁定)
      [ASSIGN] white_usv2->black_usv4(机会锁定)
      [ASSIGN] white_usv3->black_usv6(机会锁定)
      [ASSIGN] white_usv4->black_usv6(机会锁定)
      [ASSIGN] white_usv2->black_usv6(机会锁定)
      [ASSIGN] white_usv3->black_usv4(机会锁定)
      [ASSIGN] white_usv4->black_usv4(机会锁定)
      [ASSIGN] white_usv2->black_usv4(机会锁定)
[t=10,413s] step=450 | MISSION=NORMAL_C | USV: 6/10 (avail=0 int=5 lock=1 frz=0) | UAV: air=10 rtb=0 chg=0 loiter=0 | TRACKS: vis=6 lost=1 engaged=1 | TOP: black_usv4(x171,279) black_usv19(x173,114) black_usv20(x179,309) | KILL=13 | ACTIONS=16 | INTENT: focus=2 ratio=0.20
      [ASSIGN] white_usv3->black_usv6(机会锁定)
      [ASSIGN] white_usv4->black_usv6(机会锁定)
      [ASSIGN] white_usv2->black_usv6(机会锁定)
      [ASSIGN] white_usv3->black_usv4(机会锁定)
      [ASSIGN] white_usv4->black_usv4(机会锁定)
      [ASSIGN] white_usv2->black_usv4(机会锁定)
      [ASSIGN] white_usv3->black_usv6(机会锁定)
      [ASSIGN] white_usv4->black_usv6(机会锁定)
      [ASSIGN] white_usv2->black_usv6(机会锁定)
      [ASSIGN] white_usv3->black_usv4(机会锁定)
      [ASSIGN] white_usv4->black_usv4(机会锁定)
      [ASSIGN] white_usv2->black_usv4(机会锁定)
      [KILL] black_usv4
      [RELEASE] white_usv3->black_usv4(目标失效)
      [ASSIGN] white_usv3->black_usv6(机会锁定)
      [RELEASE] white_usv4->black_usv4(目标失效)
      [ASSIGN] white_usv4->black_usv6(机会锁定)
      [RELEASE] white_usv2->black_usv4(目标失效)
      [ASSIGN] white_usv2->black_usv6(机会锁定)
      [ASSIGN] white_usv3->black_usv5(机会锁定)
      [ASSIGN] white_usv4->black_usv5(机会锁定)
      [ASSIGN] white_usv2->black_usv5(机会锁定)
[t=10,754s] step=460 | MISSION=NORMAL_C | USV: 6/10 (avail=0 int=3 lock=3 frz=0) | UAV: air=10 rtb=0 chg=0 loiter=0 | TRACKS: vis=6 lost=0 engaged=1 | TOP: black_usv19(x169,714) black_usv20(x176,194) black_usv6(x170,525) | KILL=14 | ACTIONS=16 | INTENT: focus=2 ratio=0.20
      [KILL] black_usv6
[t=11,118s] step=470 | MISSION=NORMAL_C | USV: 3/10 (avail=0 int=3 lock=0 frz=0) | UAV: air=10 rtb=0 chg=0 loiter=0 | TRACKS: vis=5 lost=0 engaged=0 | TOP: black_usv19(x166,150) black_usv20(x172,671) black_usv5(x160,888) | KILL=15 | ACTIONS=13 | INTENT: focus=2 ratio=0.20
      [KILL] black_usv18
      [RELEASE] white_usv8->black_usv18(目标失效)
      [ASSIGN] white_usv8->black_usv19
      [ASSIGN] white_usv6->black_usv5(机会锁定)
[t=11,546s] step=480 | MISSION=NORMAL_C | USV: 3/10 (avail=0 int=2 lock=1 frz=0) | UAV: air=10 rtb=0 chg=0 loiter=0 | TRACKS: vis=4 lost=0 engaged=1 | TOP: black_usv3(x163,950) black_usv20(x168,391) black_usv19(x161,870) | KILL=15 | ACTIONS=13 | INTENT: focus=2 ratio=0.20
      [KILL] black_usv5
      [RELEASE] white_usv5->black_usv5(目标失效)
      [RELEASE] white_usv6->black_usv5(目标失效)
      [ASSIGN] white_usv5->black_usv20
      [ASSIGN] white_usv6->black_usv3
      [DETECT] black_usv2
[t=11,915s] step=490 | MISSION=NORMAL_C | USV: 3/10 (avail=0 int=2 lock=1 frz=0) | UAV: air=10 rtb=0 chg=0 loiter=0 | TRACKS: vis=4 lost=0 engaged=1 | TOP: black_usv2(x171,287) black_usv19(x159,314) black_usv20(x164,701) | KILL=15 | ACTIONS=13 | INTENT: focus=2 ratio=0.20
[t=12,304s] step=500 | MISSION=NORMAL_C | USV: 3/10 (avail=0 int=3 lock=0 frz=0) | UAV: air=10 rtb=0 chg=0 loiter=0 | TRACKS: vis=3 lost=1 engaged=0 | TOP: black_usv2(x167,764) black_usv3(x158,097) black_usv20(x160,812) | KILL=16 | ACTIONS=13 | INTENT: focus=2 ratio=0.20
[t=12,694s] step=510 | MISSION=NORMAL_C | USV: 3/10 (avail=0 int=3 lock=0 frz=0) | UAV: air=10 rtb=0 chg=0 loiter=0 | TRACKS: vis=4 lost=0 engaged=0 | TOP: black_usv2(x164,922) black_usv19(x159,087) black_usv20(x158,161) | KILL=16 | ACTIONS=13 | INTENT: focus=2 ratio=0.20
      [KILL] black_usv19
      [RELEASE] white_usv8->black_usv19(目标失效)
      [ASSIGN] white_usv8->black_usv2
[t=13,160s] step=520 | MISSION=NORMAL_C | USV: 3/10 (avail=0 int=2 lock=1 frz=0) | UAV: air=10 rtb=0 chg=0 loiter=0 | TRACKS: vis=3 lost=0 engaged=1 | TOP: black_usv2(x161,763) black_usv3(x155,287) black_usv20(x155,267) | KILL=16 | ACTIONS=13 | INTENT: focus=2 ratio=0.20
[t=13,595s] step=530 | MISSION=NORMAL_C | USV: 3/10 (avail=0 int=2 lock=1 frz=0) | UAV: air=10 rtb=0 chg=0 loiter=0 | TRACKS: vis=3 lost=0 engaged=1 | TOP: black_usv2(x158,807) black_usv3(x154,634) black_usv20(x152,560) | KILL=16 | ACTIONS=13 | INTENT: focus=2 ratio=0.20
[t=14,053s] step=540 | MISSION=NORMAL_C | USV: 3/10 (avail=0 int=2 lock=1 frz=0) | UAV: air=10 rtb=0 chg=0 loiter=0 | TRACKS: vis=3 lost=0 engaged=1 | TOP: black_usv2(x155,696) black_usv3(x153,218) black_usv20(x149,711) | KILL=16 | ACTIONS=13 | INTENT: focus=2 ratio=0.20
[t=14,472s] step=550 | MISSION=NORMAL_C | USV: 3/10 (avail=0 int=3 lock=0 frz=0) | UAV: air=10 rtb=0 chg=0 loiter=0 | TRACKS: vis=2 lost=1 engaged=0 | TOP: black_usv20(x147,104) black_usv2(x152,673) black_usv3(x153,038) | KILL=17 | ACTIONS=13 | INTENT: focus=2 ratio=0.20
      [KILL] black_usv3
      [RELEASE] white_usv6->black_usv3(目标失效)
      [ASSIGN] white_usv6->black_usv2(机会锁定)
[t=14,959s] step=560 | MISSION=NORMAL_C | USV: 3/10 (avail=0 int=2 lock=1 frz=0) | UAV: air=10 rtb=0 chg=0 loiter=0 | TRACKS: vis=1 lost=1 engaged=1 | TOP: black_usv20(x144,074) black_usv2(x150,778) | KILL=17 | ACTIONS=13 | INTENT: focus=2 ratio=0.20
      [DETECT] black_usv1
      [RELEASE] white_usv5->black_usv20(目标失效)
[t=15,396s] step=570 | MISSION=NORMAL_C | USV: 3/10 (avail=0 int=2 lock=1 frz=0) | UAV: air=10 rtb=0 chg=0 loiter=0 | TRACKS: vis=1 lost=0 engaged=1 | TOP: black_usv2(x150,249) | KILL=17 | ACTIONS=13 | INTENT: focus=2 ratio=0.20
      [ASSIGN] white_usv5->black_usv2
[t=15,897s] step=580 | MISSION=NORMAL_C | USV: 3/10 (avail=0 int=3 lock=0 frz=0) | UAV: air=10 rtb=0 chg=0 loiter=0 | TRACKS: vis=1 lost=0 engaged=0 | TOP: black_usv2(x150,226) | KILL=18 | ACTIONS=13 | INTENT: focus=2 ratio=0.20
      [KILL] black_usv2
      [RELEASE] white_usv5->black_usv2(目标失效)
      [RELEASE] white_usv6->black_usv2(目标失效)
      [RELEASE] white_usv8->black_usv2(目标失效)
[t=16,363s] step=590 | MISSION=GLOBAL_R | USV: 3/10 (avail=3 int=0 lock=0 frz=0) | UAV: air=10 rtb=0 chg=0 loiter=0 | TRACKS: vis=0 lost=0 engaged=0 | TOP:  | KILL=18 | ACTIONS=13 | INTENT: focus=2 ratio=0.20
[t=16,857s] step=600 | MISSION=GLOBAL_R | USV: 3/10 (avail=3 int=0 lock=0 frz=0) | UAV: air=10 rtb=0 chg=0 loiter=0 | TRACKS: vis=0 lost=0 engaged=0 | TOP:  | KILL=18 | ACTIONS=13 | INTENT: focus=2 ratio=0.20
[t=17,355s] step=610 | MISSION=GLOBAL_R | USV: 3/10 (avail=3 int=0 lock=0 frz=0) | UAV: air=10 rtb=0 chg=0 loiter=0 | TRACKS: vis=0 lost=0 engaged=0 | TOP:  | KILL=18 | ACTIONS=13 | INTENT: focus=2 ratio=0.20
      [DETECT] black_usv1
      [ASSIGN] white_usv5->black_usv1
      [ASSIGN] white_usv6->black_usv1
      [ASSIGN] white_usv8->black_usv1
[t=17,813s] step=620 | MISSION=NORMAL_C | USV: 3/10 (avail=0 int=3 lock=0 frz=0) | UAV: air=10 rtb=0 chg=0 loiter=0 | TRACKS: vis=0 lost=1 engaged=0 | TOP: black_usv1(x126,167) | KILL=18 | ACTIONS=13 | INTENT: focus=2 ratio=0.20
      [RELEASE] white_usv5->black_usv1(目标失效)
      [RELEASE] white_usv6->black_usv1(目标失效)
      [RELEASE] white_usv8->black_usv1(目标失效)
[t=18,298s] step=630 | MISSION=GLOBAL_R | USV: 3/10 (avail=3 int=0 lock=0 frz=0) | UAV: air=10 rtb=0 chg=0 loiter=0 | TRACKS: vis=0 lost=0 engaged=0 | TOP:  | KILL=18 | ACTIONS=13 | INTENT: focus=2 ratio=0.20
      [DETECT] black_usv1
      [ASSIGN] white_usv5->black_usv1
      [ASSIGN] white_usv6->black_usv1
      [ASSIGN] white_usv8->black_usv1
[t=18,835s] step=640 | MISSION=NORMAL_C | USV: 3/10 (avail=0 int=3 lock=0 frz=0) | UAV: air=10 rtb=0 chg=0 loiter=0 | TRACKS: vis=0 lost=1 engaged=0 | TOP: black_usv1(x116,838) | KILL=18 | ACTIONS=13 | INTENT: focus=2 ratio=0.20
      [RELEASE] white_usv5->black_usv1(目标失效)
      [RELEASE] white_usv6->black_usv1(目标失效)
      [RELEASE] white_usv8->black_usv1(目标失效)
      [DETECT] black_usv1
      [ASSIGN] white_usv5->black_usv1
      [ASSIGN] white_usv6->black_usv1
      [ASSIGN] white_usv8->black_usv1
[t=19,311s] step=650 | MISSION=NORMAL_C | USV: 3/10 (avail=0 int=3 lock=0 frz=0) | UAV: air=10 rtb=0 chg=0 loiter=0 | TRACKS: vis=1 lost=0 engaged=0 | TOP: black_usv1(x112,078) | KILL=18 | ACTIONS=13 | INTENT: focus=2 ratio=0.20
      [RELEASE] white_usv5->black_usv1(目标失效)
      [RELEASE] white_usv6->black_usv1(目标失效)
      [RELEASE] white_usv8->black_usv1(目标失效)
      [DETECT] black_usv1
      [ASSIGN] white_usv5->black_usv1
      [ASSIGN] white_usv6->black_usv1
      [ASSIGN] white_usv8->black_usv1
[t=19,830s] step=660 | MISSION=NORMAL_C | USV: 3/10 (avail=0 int=3 lock=0 frz=0) | UAV: air=10 rtb=0 chg=0 loiter=0 | TRACKS: vis=1 lost=0 engaged=0 | TOP: black_usv1(x106,901) | KILL=18 | ACTIONS=13 | INTENT: focus=2 ratio=0.20
      [RELEASE] white_usv5->black_usv1(目标失效)
      [RELEASE] white_usv6->black_usv1(目标失效)
      [RELEASE] white_usv8->black_usv1(目标失效)
[t=20,305s] step=670 | MISSION=GLOBAL_R | USV: 3/10 (avail=3 int=0 lock=0 frz=0) | UAV: air=10 rtb=0 chg=0 loiter=0 | TRACKS: vis=0 lost=0 engaged=0 | TOP:  | KILL=18 | ACTIONS=13 | INTENT: focus=2 ratio=0.20
      [DETECT] black_usv1
      [ASSIGN] white_usv5->black_usv1
      [ASSIGN] white_usv6->black_usv1
      [ASSIGN] white_usv8->black_usv1
[t=20,811s] step=680 | MISSION=NORMAL_C | USV: 3/10 (avail=0 int=3 lock=0 frz=0) | UAV: air=10 rtb=0 chg=0 loiter=0 | TRACKS: vis=0 lost=1 engaged=0 | TOP: black_usv1(x97,158) | KILL=18 | ACTIONS=13 | INTENT: focus=2 ratio=0.20
      [RELEASE] white_usv5->black_usv1(目标失效)
      [RELEASE] white_usv6->black_usv1(目标失效)
      [RELEASE] white_usv8->black_usv1(目标失效)
[t=21,279s] step=690 | MISSION=GLOBAL_R | USV: 3/10 (avail=3 int=0 lock=0 frz=0) | UAV: air=10 rtb=0 chg=0 loiter=0 | TRACKS: vis=0 lost=0 engaged=0 | TOP:  | KILL=18 | ACTIONS=13 | INTENT: focus=2 ratio=0.20
      [DETECT] black_usv1
      [ASSIGN] white_usv5->black_usv1
      [ASSIGN] white_usv6->black_usv1
      [ASSIGN] white_usv8->black_usv1
      [UAV RTB] white_uav10(电量3330<3092+300)
[t=21,760s] step=700 | MISSION=NORMAL_C | USV: 3/10 (avail=0 int=3 lock=0 frz=0) | UAV: air=9 rtb=1 chg=0 loiter=0 | TRACKS: vis=1 lost=0 engaged=0 | TOP: black_usv1(x87,732) | KILL=18 | ACTIONS=13 | INTENT: focus=2 ratio=0.20
      [RELEASE] white_usv5->black_usv1(目标失效)
      [RELEASE] white_usv6->black_usv1(目标失效)
      [RELEASE] white_usv8->black_usv1(目标失效)
[t=22,220s] step=710 | MISSION=GLOBAL_R | USV: 3/10 (avail=3 int=0 lock=0 frz=0) | UAV: air=9 rtb=1 chg=0 loiter=0 | TRACKS: vis=0 lost=0 engaged=0 | TOP:  | KILL=18 | ACTIONS=13 | INTENT: focus=2 ratio=0.20
      [DETECT] black_usv1
      [ASSIGN] white_usv5->black_usv1
      [ASSIGN] white_usv6->black_usv1
      [ASSIGN] white_usv8->black_usv1
[t=22,710s] step=720 | MISSION=NORMAL_C | USV: 3/10 (avail=0 int=3 lock=0 frz=0) | UAV: air=9 rtb=1 chg=0 loiter=0 | TRACKS: vis=0 lost=1 engaged=0 | TOP: black_usv1(x78,296) | KILL=18 | ACTIONS=13 | INTENT: focus=2 ratio=0.20
      [RELEASE] white_usv5->black_usv1(目标失效)
      [RELEASE] white_usv6->black_usv1(目标失效)
      [RELEASE] white_usv8->black_usv1(目标失效)
      [UAV RTB] white_uav7(电量1844<1605+300)
[t=23,170s] step=730 | MISSION=NORMAL_C | USV: 3/10 (avail=3 int=0 lock=0 frz=0) | UAV: air=8 rtb=2 chg=0 loiter=0 | TRACKS: vis=0 lost=0 engaged=0 | TOP:  | KILL=18 | ACTIONS=13 | INTENT: focus=2 ratio=0.20
      [DETECT] black_usv1
      [ASSIGN] white_usv5->black_usv1
      [ASSIGN] white_usv6->black_usv1
      [ASSIGN] white_usv8->black_usv1
      [UAV RTB] white_uav1(电量1570<1308+300)
      [UAV RTB] white_uav5(电量1470<1286+300)
      [UAV RTB] white_uav3(电量1412<1162+300)
      [UAV RTB] white_uav4(电量1369<1078+300)
[t=23,644s] step=740 | MISSION=NORMAL_C | USV: 3/10 (avail=0 int=3 lock=0 frz=0) | UAV: air=4 rtb=6 chg=0 loiter=0 | TRACKS: vis=0 lost=1 engaged=0 | TOP: black_usv1(x69,017) | KILL=18 | ACTIONS=13 | INTENT: focus=2 ratio=0.20
      [RELEASE] white_usv5->black_usv1(目标失效)
      [RELEASE] white_usv6->black_usv1(目标失效)
      [RELEASE] white_usv8->black_usv1(目标失效)
      [UAV RTB] white_uav2(电量1253<976+300)
[t=24,211s] step=750 | MISSION=GLOBAL_R | USV: 3/10 (avail=3 int=0 lock=0 frz=0) | UAV: air=3 rtb=7 chg=0 loiter=0 | TRACKS: vis=0 lost=0 engaged=0 | TOP:  | KILL=18 | ACTIONS=13 | INTENT: focus=2 ratio=0.20
      [UAV RTB] white_uav8(电量742<460+300)
      [UAV RTB] white_uav9(电量677<439+300)
      [DETECT] black_usv1
      [ASSIGN] white_usv5->black_usv1
      [ASSIGN] white_usv6->black_usv1
      [ASSIGN] white_usv8->black_usv1
      [UAV RTB] white_uav6(电量467<191+300)
      [UAV LAND] white_uav4->white_usv6
[t=24,741s] step=760 | MISSION=NORMAL_C | USV: 3/10 (avail=0 int=3 lock=0 frz=0) | UAV: air=0 rtb=9 chg=1 loiter=0 | TRACKS: vis=1 lost=0 engaged=0 | TOP: black_usv1(x58,567) | KILL=18 | ACTIONS=13 | INTENT: focus=2 ratio=0.20
      [UAV LAND] white_uav1->white_usv5
      [UAV LAND] white_uav8->white_usv5
      [UAV LAND] white_uav2->white_usv8
      [UAV RTB] white_uav4(电量211<18+300)
      [UAV LAND] white_uav4->white_usv6
      [UAV RTB] white_uav1(电量158<16+300)
      [UAV LAND] white_uav1->white_usv5
      [UAV RTB] white_uav8(电量159<5+300)
      [UAV LAND] white_uav8->white_usv5
      [UAV RTB] white_uav2(电量161<20+300)
      [UAV RTB] white_uav4(电量162<7+300)
      [UAV LAND] white_uav4->white_usv6
      [UAV LAND] white_uav7->white_usv6
      [UAV LAND] white_uav3->white_usv8
      [UAV RTB] white_uav1(电量122<6+300)
      [UAV LAND] white_uav1->white_usv5
      [UAV LAND] white_uav6->white_usv6
      [UAV RTB] white_uav8(电量123<22+300)
      [UAV LAND] white_uav5->white_usv6
      [UAV LAND] white_uav2->white_usv8
      [UAV RTB] white_uav4(电量126<1+300)
      [UAV LAND] white_uav4->white_usv6
      [UAV RTB] white_uav7(电量127<29+300)
      [UAV RTB] white_uav3(电量128<26+300)
      [UAV RTB] white_uav1(电量64<8+300)
      [UAV LAND] white_uav1->white_usv5
      [UAV RTB] white_uav6(电量65<23+300)
      [UAV LAND] white_uav8->white_usv5
      [UAV RTB] white_uav5(电量66<8+300)
      [UAV LAND] white_uav5->white_usv6
      [UAV RTB] white_uav2(电量67<48+300)
      [UAV RTB] white_uav4(电量68<27+300)
      [UAV LAND] white_uav7->white_usv6
      [UAV LAND] white_uav3->white_usv8
[t=25,457s] step=770 | MISSION=NORMAL_C | USV: 3/10 (avail=0 int=3 lock=0 frz=0) | UAV: air=0 rtb=0 chg=0 loiter=0 | TRACKS: vis=1 lost=0 engaged=0 | TOP: black_usv1(x56,202) | KILL=18 | ACTIONS=3 | INTENT: focus=2 ratio=0.20
[t=26,465s] step=780 | MISSION=NORMAL_C | USV: 3/10 (avail=0 int=1 lock=2 frz=0) | UAV: air=0 rtb=0 chg=0 loiter=0 | TRACKS: vis=1 lost=0 engaged=1 | TOP: black_usv1(x63,267) | KILL=18 | ACTIONS=3 | INTENT: focus=2 ratio=0.20
[t=27,573s] step=790 | MISSION=NORMAL_C | USV: 3/10 (avail=0 int=3 lock=0 frz=0) | UAV: air=0 rtb=0 chg=0 loiter=0 | TRACKS: vis=1 lost=0 engaged=0 | TOP: black_usv1(x59,672) | KILL=19 | ACTIONS=3 | INTENT: focus=2 ratio=0.20
      [KILL] black_usv1
      [RELEASE] white_usv5->black_usv1(目标失效)
      [RELEASE] white_usv6->black_usv1(目标失效)
      [RELEASE] white_usv8->black_usv1(目标失效)
[t=28,644s] step=800 | MISSION=GLOBAL_R | USV: 3/10 (avail=3 int=0 lock=0 frz=0) | UAV: air=0 rtb=0 chg=0 loiter=0 | TRACKS: vis=0 lost=0 engaged=0 | TOP:  | KILL=19 | ACTIONS=3 | INTENT: focus=2 ratio=0.20
[t=29,577s] step=810 | MISSION=GLOBAL_R | USV: 3/10 (avail=3 int=0 lock=0 frz=0) | UAV: air=0 rtb=0 chg=0 loiter=0 | TRACKS: vis=0 lost=0 engaged=0 | TOP:  | KILL=19 | ACTIONS=3 | INTENT: focus=2 ratio=0.20
[t=30,790s] step=820 | MISSION=GLOBAL_R | USV: 3/10 (avail=3 int=0 lock=0 frz=0) | UAV: air=0 rtb=0 chg=0 loiter=0 | TRACKS: vis=0 lost=0 engaged=0 | TOP:  | KILL=19 | ACTIONS=3 | INTENT: focus=2 ratio=0.20
[t=32,106s] step=830 | MISSION=GLOBAL_R | USV: 3/10 (avail=3 int=0 lock=0 frz=0) | UAV: air=0 rtb=0 chg=0 loiter=0 | TRACKS: vis=0 lost=0 engaged=0 | TOP:  | KILL=19 | ACTIONS=3 | INTENT: focus=2 ratio=0.20
[t=33,129s] step=840 | MISSION=GLOBAL_R | USV: 3/10 (avail=3 int=0 lock=0 frz=0) | UAV: air=0 rtb=0 chg=0 loiter=0 | TRACKS: vis=0 lost=0 engaged=0 | TOP:  | KILL=19 | ACTIONS=3 | INTENT: focus=2 ratio=0.20
[t=34,317s] step=850 | MISSION=GLOBAL_R | USV: 3/10 (avail=3 int=0 lock=0 frz=0) | UAV: air=0 rtb=0 chg=0 loiter=0 | TRACKS: vis=0 lost=0 engaged=0 | TOP:  | KILL=19 | ACTIONS=3 | INTENT: focus=2 ratio=0.20
[t=35,533s] step=860 | MISSION=GLOBAL_R | USV: 3/10 (avail=3 int=0 lock=0 frz=0) | UAV: air=0 rtb=0 chg=0 loiter=0 | TRACKS: vis=0 lost=0 engaged=0 | TOP:  | KILL=19 | ACTIONS=3 | INTENT: focus=2 ratio=0.20
[t=36,686s] step=870 | MISSION=GLOBAL_R | USV: 3/10 (avail=3 int=0 lock=0 frz=0) | UAV: air=0 rtb=0 chg=0 loiter=0 | TRACKS: vis=0 lost=0 engaged=0 | TOP:  | KILL=19 | ACTIONS=3 | INTENT: focus=2 ratio=0.20
[t=37,850s] step=880 | MISSION=GLOBAL_R | USV: 3/10 (avail=3 int=0 lock=0 frz=0) | UAV: air=0 rtb=0 chg=0 loiter=0 | TRACKS: vis=0 lost=0 engaged=0 | TOP:  | KILL=19 | ACTIONS=3 | INTENT: focus=2 ratio=0.20
[t=38,967s] step=890 | MISSION=GLOBAL_R | USV: 3/10 (avail=3 int=0 lock=0 frz=0) | UAV: air=0 rtb=0 chg=0 loiter=0 | TRACKS: vis=0 lost=0 engaged=0 | TOP:  | KILL=19 | ACTIONS=3 | INTENT: focus=2 ratio=0.20
[t=39,991s] step=900 | MISSION=GLOBAL_R | USV: 3/10 (avail=3 int=0 lock=0 frz=0) | UAV: air=0 rtb=0 chg=0 loiter=0 | TRACKS: vis=0 lost=0 engaged=0 | TOP:  | KILL=19 | ACTIONS=3 | INTENT: focus=2 ratio=0.20
[t=41,527s] step=910 | MISSION=GLOBAL_R | USV: 3/10 (avail=3 int=0 lock=0 frz=0) | UAV: air=0 rtb=0 chg=0 loiter=0 | TRACKS: vis=0 lost=0 engaged=0 | TOP:  | KILL=19 | ACTIONS=3 | INTENT: focus=2 ratio=0.20

========================================================================
对局结果: Result.Victory — 敌方所有单位被击毁
  击杀蓝舰: 20 | 命中: 38 | 我方USV损失: 7 | UAV损失: 10 | 突破: 1
[META] result=Result.Victory victory_time=44066 first_detection=1847 first_lock=7383 first_kill=8321 enemy_kills=20 friendly_usv_losses=7 friendly_uav_losses=10 black_breakthrough=1 reacquire_attempts=138 reacquire_success=137 sensor_assisted_locks=75 low_conf_commitments=0 global_reacquire_entries=10 global_reacquire_success=9 coverage_collapse_events=36 active_clusters_max=1 coverage_quality_final=0.10 commander_source=default_intent commander_calls=0 commander_changes=0 commander_no_change=0 commander_parse_failures=0 commander_api_failures=0 commander_policy_failures=0 commander_avg_latency=0.0
Done
