========================================================================
HYBRID AGENT V5 — Variable-Cardinality Hierarchical Maritime Agent
  启用UAV: True | LLM_ENABLED: False
========================================================================
对局 2 开始
      [UAV RELAUNCH] white_uav2
      [UAV RELAUNCH] white_uav4
      [UAV RELAUNCH] white_uav9
      [UAV RELAUNCH] white_uav5
      [UAV RELAUNCH] white_uav7
      [UAV RELAUNCH] white_uav6
      [UAV RELAUNCH] white_uav3
      [UAV RELAUNCH] white_uav8
      [UAV RELAUNCH] white_uav10
      [UAV RELAUNCH] white_uav1
[t=184s] step=10 | MISSION=NORMAL_C | USV: 10/10 (avail=10 int=0 lock=0 frz=0) | UAV: air=10 rtb=0 chg=0 loiter=0 | TRACKS: vis=0 lost=0 engaged=0 | TOP:  | KILL=0 | ACTIONS=20 | INTENT: focus=2 ratio=0.20
  [INTENT APPLIED]
    ThreatAllocator: focus 2 emergency 3 reserve_ratio 0.20 reserve_usvs None bias breakthrough_eta
    UAVManager: mode search_and_reacquire uav_priority []
[t=393s] step=20 | MISSION=NORMAL_C | USV: 10/10 (avail=10 int=0 lock=0 frz=0) | UAV: air=10 rtb=0 chg=0 loiter=0 | TRACKS: vis=0 lost=0 engaged=0 | TOP:  | KILL=0 | ACTIONS=20 | INTENT: focus=2 ratio=0.20
[t=628s] step=30 | MISSION=NORMAL_C | USV: 10/10 (avail=10 int=0 lock=0 frz=0) | UAV: air=10 rtb=0 chg=0 loiter=0 | TRACKS: vis=0 lost=0 engaged=0 | TOP:  | KILL=0 | ACTIONS=20 | INTENT: focus=2 ratio=0.20
[t=844s] step=40 | MISSION=NORMAL_C | USV: 10/10 (avail=10 int=0 lock=0 frz=0) | UAV: air=10 rtb=0 chg=0 loiter=0 | TRACKS: vis=0 lost=0 engaged=0 | TOP:  | KILL=0 | ACTIONS=20 | INTENT: focus=2 ratio=0.20
[t=1,083s] step=50 | MISSION=NORMAL_C | USV: 10/10 (avail=10 int=0 lock=0 frz=0) | UAV: air=10 rtb=0 chg=0 loiter=0 | TRACKS: vis=0 lost=0 engaged=0 | TOP:  | KILL=0 | ACTIONS=20 | INTENT: focus=2 ratio=0.20
[t=1,324s] step=60 | MISSION=NORMAL_C | USV: 10/10 (avail=10 int=0 lock=0 frz=0) | UAV: air=10 rtb=0 chg=0 loiter=0 | TRACKS: vis=0 lost=0 engaged=0 | TOP:  | KILL=0 | ACTIONS=20 | INTENT: focus=2 ratio=0.20
[t=1,566s] step=70 | MISSION=NORMAL_C | USV: 10/10 (avail=10 int=0 lock=0 frz=0) | UAV: air=10 rtb=0 chg=0 loiter=0 | TRACKS: vis=0 lost=0 engaged=0 | TOP:  | KILL=0 | ACTIONS=20 | INTENT: focus=2 ratio=0.20
[t=1,808s] step=80 | MISSION=NORMAL_C | USV: 10/10 (avail=10 int=0 lock=0 frz=0) | UAV: air=10 rtb=0 chg=0 loiter=0 | TRACKS: vis=0 lost=0 engaged=0 | TOP:  | KILL=0 | ACTIONS=20 | INTENT: focus=2 ratio=0.20
      [DETECT] black_usv15
      [DETECT] black_usv12
      [DETECT] black_usv14
      [DETECT] black_usv7
      [DETECT] black_usv8
      [DETECT] black_usv17
      [DETECT] black_usv11
      [DETECT] black_usv10
      [DETECT] black_usv13
      [DETECT] black_usv9
      [ASSIGN] white_usv7->black_usv13
      [ASSIGN] white_usv8->black_usv12
      [ASSIGN] white_usv9->black_usv14
      [ASSIGN] white_usv1->black_usv9
      [ASSIGN] white_usv10->black_usv7
      [ASSIGN] white_usv2->black_usv10
      [ASSIGN] white_usv6->black_usv11
      [ASSIGN] white_usv3->black_usv8
      [DETECT] black_usv5
      [DETECT] black_usv4
      [DETECT] black_usv6
      [DETECT] black_usv16
      [ASSIGN] white_usv5->black_usv17
      [ASSIGN] white_usv4->black_usv15
      [DETECT] black_usv3
      [DETECT] black_usv18
      [DETECT] black_usv19
      [DETECT] black_usv2
      [DETECT] black_usv20
      [DETECT] black_usv1
[t=2,060s] step=90 | MISSION=NORMAL_C | USV: 10/10 (avail=0 int=10 lock=0 frz=0) | UAV: air=10 rtb=0 chg=0 loiter=0 | TRACKS: vis=20 lost=0 engaged=0 | TOP: black_usv4(x241,396) black_usv6(x241,615) black_usv18(x241,703) | KILL=0 | ACTIONS=20 | INTENT: focus=2 ratio=0.20
[t=2,326s] step=100 | MISSION=NORMAL_C | USV: 10/10 (avail=0 int=10 lock=0 frz=0) | UAV: air=10 rtb=0 chg=0 loiter=0 | TRACKS: vis=20 lost=0 engaged=0 | TOP: black_usv4(x239,024) black_usv6(x239,274) black_usv18(x239,375) | KILL=0 | ACTIONS=20 | INTENT: focus=2 ratio=0.20
[t=2,607s] step=110 | MISSION=NORMAL_C | USV: 10/10 (avail=0 int=10 lock=0 frz=0) | UAV: air=10 rtb=0 chg=0 loiter=0 | TRACKS: vis=19 lost=1 engaged=0 | TOP: black_usv6(x236,801) black_usv18(x236,916) black_usv3(x238,318) | KILL=0 | ACTIONS=20 | INTENT: focus=2 ratio=0.20
[t=2,866s] step=120 | MISSION=NORMAL_C | USV: 10/10 (avail=0 int=10 lock=0 frz=0) | UAV: air=10 rtb=0 chg=0 loiter=0 | TRACKS: vis=19 lost=0 engaged=0 | TOP: black_usv6(x234,522) black_usv18(x234,649) black_usv3(x236,202) | KILL=0 | ACTIONS=20 | INTENT: focus=2 ratio=0.20
[t=3,095s] step=130 | MISSION=NORMAL_C | USV: 10/10 (avail=0 int=10 lock=0 frz=0) | UAV: air=10 rtb=0 chg=0 loiter=0 | TRACKS: vis=19 lost=0 engaged=0 | TOP: black_usv6(x232,501) black_usv18(x232,640) black_usv3(x234,326) | KILL=0 | ACTIONS=20 | INTENT: focus=2 ratio=0.20
[t=3,374s] step=140 | MISSION=NORMAL_C | USV: 10/10 (avail=0 int=10 lock=0 frz=0) | UAV: air=10 rtb=0 chg=0 loiter=0 | TRACKS: vis=18 lost=1 engaged=0 | TOP: black_usv6(x230,051) black_usv18(x230,202) black_usv3(x232,051) | KILL=0 | ACTIONS=20 | INTENT: focus=2 ratio=0.20
[t=3,636s] step=150 | MISSION=NORMAL_C | USV: 10/10 (avail=0 int=10 lock=0 frz=0) | UAV: air=10 rtb=0 chg=0 loiter=0 | TRACKS: vis=19 lost=0 engaged=0 | TOP: black_usv6(x227,746) black_usv18(x227,909) black_usv3(x229,910) | KILL=0 | ACTIONS=20 | INTENT: focus=2 ratio=0.20
[t=3,896s] step=160 | MISSION=NORMAL_C | USV: 10/10 (avail=0 int=10 lock=0 frz=0) | UAV: air=10 rtb=0 chg=0 loiter=0 | TRACKS: vis=18 lost=1 engaged=0 | TOP: black_usv6(x225,458) black_usv18(x225,634) black_usv3(x227,786) | KILL=0 | ACTIONS=20 | INTENT: focus=2 ratio=0.20
[t=4,149s] step=170 | MISSION=NORMAL_C | USV: 10/10 (avail=0 int=10 lock=0 frz=0) | UAV: air=10 rtb=0 chg=0 loiter=0 | TRACKS: vis=17 lost=2 engaged=0 | TOP: black_usv6(x223,231) black_usv18(x223,419) black_usv3(x225,719) | KILL=0 | ACTIONS=20 | INTENT: focus=2 ratio=0.20
[t=4,430s] step=180 | MISSION=NORMAL_C | USV: 10/10 (avail=0 int=10 lock=0 frz=0) | UAV: air=10 rtb=0 chg=0 loiter=0 | TRACKS: vis=18 lost=0 engaged=0 | TOP: black_usv6(x220,759) black_usv18(x220,960) black_usv3(x223,423) | KILL=0 | ACTIONS=20 | INTENT: focus=2 ratio=0.20
[t=4,714s] step=190 | MISSION=NORMAL_C | USV: 10/10 (avail=0 int=10 lock=0 frz=0) | UAV: air=10 rtb=0 chg=0 loiter=0 | TRACKS: vis=18 lost=0 engaged=0 | TOP: black_usv6(x218,259) black_usv18(x218,474) black_usv3(x221,103) | KILL=0 | ACTIONS=20 | INTENT: focus=2 ratio=0.20
[t=4,988s] step=200 | MISSION=NORMAL_C | USV: 10/10 (avail=0 int=10 lock=0 frz=0) | UAV: air=10 rtb=0 chg=0 loiter=0 | TRACKS: vis=18 lost=0 engaged=0 | TOP: black_usv6(x215,848) black_usv18(x216,076) black_usv3(x218,864) | KILL=0 | ACTIONS=20 | INTENT: focus=2 ratio=0.20
[t=5,252s] step=210 | MISSION=NORMAL_C | USV: 10/10 (avail=0 int=10 lock=0 frz=0) | UAV: air=10 rtb=0 chg=0 loiter=0 | TRACKS: vis=18 lost=0 engaged=0 | TOP: black_usv6(x213,525) black_usv18(x213,765) black_usv3(x216,707) | KILL=0 | ACTIONS=20 | INTENT: focus=2 ratio=0.20
[t=5,468s] step=220 | MISSION=NORMAL_C | USV: 10/10 (avail=0 int=10 lock=0 frz=0) | UAV: air=10 rtb=0 chg=0 loiter=0 | TRACKS: vis=17 lost=1 engaged=0 | TOP: black_usv6(x211,624) black_usv18(x211,875) black_usv3(x214,942) | KILL=0 | ACTIONS=20 | INTENT: focus=2 ratio=0.20
[t=5,646s] step=230 | MISSION=NORMAL_C | USV: 10/10 (avail=0 int=10 lock=0 frz=0) | UAV: air=10 rtb=0 chg=0 loiter=0 | TRACKS: vis=17 lost=1 engaged=0 | TOP: black_usv6(x210,058) black_usv18(x210,317) black_usv3(x213,488) | KILL=0 | ACTIONS=20 | INTENT: focus=2 ratio=0.20
[t=5,894s] step=240 | MISSION=NORMAL_C | USV: 10/10 (avail=0 int=10 lock=0 frz=0) | UAV: air=10 rtb=0 chg=0 loiter=0 | TRACKS: vis=18 lost=0 engaged=0 | TOP: black_usv18(x208,146) black_usv3(x211,462) black_usv19(x212,450) | KILL=0 | ACTIONS=20 | INTENT: focus=2 ratio=0.20
[t=6,148s] step=250 | MISSION=NORMAL_C | USV: 10/10 (avail=0 int=10 lock=0 frz=0) | UAV: air=10 rtb=0 chg=0 loiter=0 | TRACKS: vis=16 lost=2 engaged=0 | TOP: black_usv18(x205,923) black_usv3(x209,386) black_usv19(x210,418) | KILL=0 | ACTIONS=20 | INTENT: focus=2 ratio=0.20
      [DETECT] black_usv3
[t=6,447s] step=260 | MISSION=NORMAL_C | USV: 10/10 (avail=0 int=10 lock=0 frz=0) | UAV: air=10 rtb=0 chg=0 loiter=0 | TRACKS: vis=15 lost=3 engaged=0 | TOP: black_usv3(x206,943) black_usv19(x208,027) black_usv18(x203,251) | KILL=0 | ACTIONS=20 | INTENT: focus=2 ratio=0.20
[t=6,741s] step=270 | MISSION=NORMAL_C | USV: 10/10 (avail=0 int=10 lock=0 frz=0) | UAV: air=10 rtb=0 chg=0 loiter=0 | TRACKS: vis=17 lost=0 engaged=0 | TOP: black_usv19(x205,676) black_usv20(x210,418) black_usv18(x200,393) | KILL=0 | ACTIONS=20 | INTENT: focus=2 ratio=0.20
[t=7,021s] step=280 | MISSION=NORMAL_C | USV: 10/10 (avail=0 int=10 lock=0 frz=0) | UAV: air=10 rtb=0 chg=0 loiter=0 | TRACKS: vis=17 lost=0 engaged=0 | TOP: black_usv19(x203,437) black_usv20(x208,382) black_usv11(x189,778) | KILL=0 | ACTIONS=20 | INTENT: focus=2 ratio=0.20
[t=7,292s] step=290 | MISSION=NORMAL_C | USV: 10/10 (avail=0 int=10 lock=0 frz=0) | UAV: air=10 rtb=0 chg=0 loiter=0 | TRACKS: vis=17 lost=0 engaged=0 | TOP: black_usv19(x201,270) black_usv20(x206,411) black_usv11(x187,074) | KILL=0 | ACTIONS=20 | INTENT: focus=2 ratio=0.20
      [ASSIGN] white_usv8->black_usv13(机会锁定)
      [ASSIGN] white_usv2->black_usv8(机会锁定)
      [ASSIGN] white_usv1->black_usv10(机会锁定)
      [ASSIGN] white_usv9->black_usv13(机会锁定)
      [ASSIGN] white_usv5->black_usv13(机会锁定)
      [ASSIGN] white_usv4->black_usv13(机会锁定)
      [ASSIGN] white_usv10->black_usv8(机会锁定)
[t=7,579s] step=300 | MISSION=NORMAL_C | USV: 10/10 (avail=0 int=1 lock=9 frz=0) | UAV: air=10 rtb=0 chg=0 loiter=0 | TRACKS: vis=17 lost=0 engaged=4 | TOP: black_usv10(x185,291) black_usv11(x184,204) black_usv19(x198,512) | KILL=0 | ACTIONS=20 | INTENT: focus=2 ratio=0.20
      [ASSIGN] white_usv7->black_usv12(机会锁定)
      [ASSIGN] white_usv8->black_usv12(机会锁定)
      [ASSIGN] white_usv6->black_usv9(机会锁定)
      [ASSIGN] white_usv3->black_usv9(机会锁定)
      [ASSIGN] white_usv10->black_usv11(机会锁定)
      [ASSIGN] white_usv2->black_usv11(机会锁定)
      [DETECT] black_usv3
      [ASSIGN] white_usv1->black_usv8(机会锁定)
      [ASSIGN] white_usv1->black_usv10(机会锁定)
      [ASSIGN] white_usv9->black_usv17(机会锁定)
      [ASSIGN] white_usv5->black_usv17(机会锁定)
      [ASSIGN] white_usv4->black_usv17(机会锁定)
[t=7,892s] step=310 | MISSION=NORMAL_C | USV: 10/10 (avail=0 int=0 lock=10 frz=0) | UAV: air=10 rtb=0 chg=0 loiter=0 | TRACKS: vis=15 lost=3 engaged=5 | TOP: black_usv7(x184,979) black_usv13(x183,448) black_usv3(x194,416) | KILL=2 | ACTIONS=20 | INTENT: focus=2 ratio=0.20
      [ASSIGN] white_usv7->black_usv13(机会锁定)
      [ASSIGN] white_usv8->black_usv13(机会锁定)
      [ASSIGN] white_usv6->black_usv13(机会锁定)
      [ASSIGN] white_usv3->black_usv8(机会锁定)
      [ASSIGN] white_usv7->black_usv12(机会锁定)
      [ASSIGN] white_usv8->black_usv12(机会锁定)
      [ASSIGN] white_usv10->black_usv9(机会锁定)
      [ASSIGN] white_usv2->black_usv9(机会锁定)
      [ASSIGN] white_usv6->black_usv9(机会锁定)
      [ASSIGN] white_usv3->black_usv9(机会锁定)
      [ASSIGN] white_usv7->black_usv11(机会锁定)
      [ASSIGN] white_usv8->black_usv13(机会锁定)
      [ASSIGN] white_usv7->black_usv12(机会锁定)
      [ASSIGN] white_usv8->black_usv12(机会锁定)
      [ASSIGN] white_usv1->black_usv8(机会锁定)
      [ASSIGN] white_usv7->black_usv11(机会锁定)
      [ASSIGN] white_usv8->black_usv13(机会锁定)
      [ASSIGN] white_usv9->black_usv13(机会锁定)
      [ASSIGN] white_usv1->black_usv10(机会锁定)
      [ASSIGN] white_usv5->black_usv13(机会锁定)
      [ASSIGN] white_usv4->black_usv13(机会锁定)
      [ASSIGN] white_usv7->black_usv12(机会锁定)
      [ASSIGN] white_usv8->black_usv12(机会锁定)
      [ASSIGN] white_usv9->black_usv12(机会锁定)
      [ASSIGN] white_usv1->black_usv8(机会锁定)
      [ASSIGN] white_usv5->black_usv12(机会锁定)
      [ASSIGN] white_usv4->black_usv12(机会锁定)
      [ASSIGN] white_usv7->black_usv11(机会锁定)
      [ASSIGN] white_usv8->black_usv13(机会锁定)
      [ASSIGN] white_usv9->black_usv17(机会锁定)
      [ASSIGN] white_usv1->black_usv10(机会锁定)
      [ASSIGN] white_usv5->black_usv13(机会锁定)
      [ASSIGN] white_usv4->black_usv13(机会锁定)
[t=8,205s] step=320 | MISSION=NORMAL_C | USV: 9/10 (avail=0 int=6 lock=3 frz=0) | UAV: air=10 rtb=0 chg=0 loiter=0 | TRACKS: vis=17 lost=0 engaged=1 | TOP: black_usv11(x182,824) black_usv10(x183,291) black_usv13(x183,448) | KILL=6 | ACTIONS=19 | INTENT: focus=2 ratio=0.20
      [ASSIGN] white_usv7->black_usv12(机会锁定)
      [ASSIGN] white_usv8->black_usv12(机会锁定)
      [ASSIGN] white_usv9->black_usv12(机会锁定)
      [ASSIGN] white_usv1->black_usv8(机会锁定)
      [ASSIGN] white_usv5->black_usv12(机会锁定)
      [ASSIGN] white_usv4->black_usv12(机会锁定)
      [ASSIGN] white_usv7->black_usv11(机会锁定)
      [ASSIGN] white_usv8->black_usv13(机会锁定)
      [ASSIGN] white_usv9->black_usv16(机会锁定)
      [ASSIGN] white_usv1->black_usv10(机会锁定)
      [ASSIGN] white_usv5->black_usv13(机会锁定)
      [ASSIGN] white_usv4->black_usv13(机会锁定)
      [DETECT] black_usv3
      [KILL] black_usv8
      [KILL] black_usv13
      [RELEASE] white_usv8->black_usv13(目标失效)
      [ASSIGN] white_usv8->black_usv12(机会锁定)
      [RELEASE] white_usv5->black_usv13(目标失效)
      [ASSIGN] white_usv5->black_usv12(机会锁定)
      [RELEASE] white_usv4->black_usv13(目标失效)
      [ASSIGN] white_usv4->black_usv12(机会锁定)
      [ASSIGN] white_usv8->black_usv11(机会锁定)
      [ASSIGN] white_usv5->black_usv14(机会锁定)
      [ASSIGN] white_usv4->black_usv14(机会锁定)
      [ASSIGN] white_usv10->black_usv10(机会锁定)
      [ASSIGN] white_usv6->black_usv12(机会锁定)
      [ASSIGN] white_usv3->black_usv10(机会锁定)
      [ASSIGN] white_usv1->black_usv9(机会锁定)
      [ASSIGN] white_usv10->black_usv9(机会锁定)
      [ASSIGN] white_usv6->black_usv9(机会锁定)
      [ASSIGN] white_usv3->black_usv9(机会锁定)
      [ASSIGN] white_usv8->black_usv12(机会锁定)
      [ASSIGN] white_usv10->black_usv10(机会锁定)
      [ASSIGN] white_usv6->black_usv12(机会锁定)
      [ASSIGN] white_usv3->black_usv10(机会锁定)
      [ASSIGN] white_usv8->black_usv11(机会锁定)
      [ASSIGN] white_usv10->black_usv9(机会锁定)
      [ASSIGN] white_usv6->black_usv11(机会锁定)
      [ASSIGN] white_usv3->black_usv9(机会锁定)
      [ASSIGN] white_usv8->black_usv12(机会锁定)
      [ASSIGN] white_usv10->black_usv10(机会锁定)
      [ASSIGN] white_usv6->black_usv12(机会锁定)
      [ASSIGN] white_usv3->black_usv10(机会锁定)
      [ASSIGN] white_usv8->black_usv11(机会锁定)
      [ASSIGN] white_usv10->black_usv9(机会锁定)
      [ASSIGN] white_usv6->black_usv11(机会锁定)
      [ASSIGN] white_usv3->black_usv9(机会锁定)
[t=8,514s] step=330 | MISSION=NORMAL_C | USV: 9/10 (avail=0 int=6 lock=3 frz=0) | UAV: air=10 rtb=0 chg=0 loiter=0 | TRACKS: vis=16 lost=0 engaged=2 | TOP: black_usv3(x188,196) black_usv7(x179,401) black_usv15(x179,724) | KILL=7 | ACTIONS=19 | INTENT: focus=2 ratio=0.20
      [ASSIGN] white_usv8->black_usv12(机会锁定)
      [ASSIGN] white_usv3->black_usv10(机会锁定)
      [ASSIGN] white_usv8->black_usv15(机会锁定)
      [ASSIGN] white_usv3->black_usv9(机会锁定)
      [KILL] black_usv12
      [KILL] black_usv11
      [RELEASE] white_usv7->black_usv11(目标失效)
      [ASSIGN] white_usv7->black_usv9(机会锁定)
      [ASSIGN] white_usv1->black_usv7(机会锁定)
      [RELEASE] white_usv6->black_usv11(目标失效)
      [ASSIGN] white_usv6->black_usv9(机会锁定)
      [ASSIGN] white_usv5->black_usv16(机会锁定)
      [ASSIGN] white_usv4->black_usv16(机会锁定)
      [KILL] black_usv10
      [KILL] black_usv17
      [ASSIGN] white_usv7->black_usv14(机会锁定)
      [ASSIGN] white_usv7->black_usv15(机会锁定)
[t=8,852s] step=340 | MISSION=NORMAL_C | USV: 8/10 (avail=0 int=4 lock=4 frz=0) | UAV: air=10 rtb=0 chg=0 loiter=0 | TRACKS: vis=8 lost=4 engaged=3 | TOP: black_usv3(x185,148) black_usv18(x179,565) black_usv6(x180,310) | KILL=8 | ACTIONS=18 | INTENT: focus=2 ratio=0.20
      [ASSIGN] white_usv8->black_usv14(机会锁定)
      [ASSIGN] white_usv3->black_usv7(机会锁定)
      [ASSIGN] white_usv8->black_usv15(机会锁定)
      [KILL] black_usv9
      [RELEASE] white_usv10->black_usv9(目标失效)
      [ASSIGN] white_usv10->black_usv7(机会锁定)
      [RELEASE] white_usv6->black_usv9(目标失效)
      [ASSIGN] white_usv6->black_usv14
      [ASSIGN] white_usv5->black_usv14(机会锁定)
      [ASSIGN] white_usv4->black_usv14(机会锁定)
      [ASSIGN] white_usv5->black_usv16(机会锁定)
      [ASSIGN] white_usv4->black_usv16(机会锁定)
      [ASSIGN] white_usv5->black_usv14(机会锁定)
      [ASSIGN] white_usv4->black_usv14(机会锁定)
      [ASSIGN] white_usv6->black_usv15(机会锁定)
      [ASSIGN] white_usv5->black_usv16(机会锁定)
      [ASSIGN] white_usv4->black_usv16(机会锁定)
      [ASSIGN] white_usv5->black_usv14(机会锁定)
      [ASSIGN] white_usv4->black_usv14(机会锁定)
      [ASSIGN] white_usv7->black_usv16(机会锁定)
      [ASSIGN] white_usv5->black_usv16(机会锁定)
      [ASSIGN] white_usv4->black_usv16(机会锁定)
[t=9,184s] step=350 | MISSION=NORMAL_C | USV: 8/10 (avail=0 int=3 lock=5 frz=0) | UAV: air=10 rtb=0 chg=0 loiter=0 | TRACKS: vis=11 lost=0 engaged=2 | TOP: black_usv3(x182,675) black_usv18(x176,299) black_usv4(x176,947) | KILL=9 | ACTIONS=18 | INTENT: focus=2 ratio=0.20
      [ASSIGN] white_usv7->black_usv14(机会锁定)
      [ASSIGN] white_usv5->black_usv14(机会锁定)
      [ASSIGN] white_usv4->black_usv14(机会锁定)
      [ASSIGN] white_usv7->black_usv16(机会锁定)
      [ASSIGN] white_usv8->black_usv16(机会锁定)
      [ASSIGN] white_usv6->black_usv16(机会锁定)
      [ASSIGN] white_usv5->black_usv16(机会锁定)
      [ASSIGN] white_usv4->black_usv16(机会锁定)
      [KILL] black_usv14
      [ASSIGN] white_usv7->black_usv15(机会锁定)
      [ASSIGN] white_usv8->black_usv15(机会锁定)
      [ASSIGN] white_usv6->black_usv15(机会锁定)
      [ASSIGN] white_usv5->black_usv15(机会锁定)
      [ASSIGN] white_usv4->black_usv15(机会锁定)
      [ASSIGN] white_usv7->black_usv16(机会锁定)
      [ASSIGN] white_usv8->black_usv16(机会锁定)
      [ASSIGN] white_usv6->black_usv16(机会锁定)
      [ASSIGN] white_usv7->black_usv15(机会锁定)
      [ASSIGN] white_usv8->black_usv15(机会锁定)
      [ASSIGN] white_usv6->black_usv15(机会锁定)
      [ASSIGN] white_usv7->black_usv16(机会锁定)
      [ASSIGN] white_usv8->black_usv16(机会锁定)
      [ASSIGN] white_usv6->black_usv16(机会锁定)
      [ASSIGN] white_usv7->black_usv15(机会锁定)
      [ASSIGN] white_usv8->black_usv15(机会锁定)
      [ASSIGN] white_usv6->black_usv15(机会锁定)
      [ASSIGN] white_usv7->black_usv16(机会锁定)
      [ASSIGN] white_usv6->black_usv16(机会锁定)
      [ASSIGN] white_usv1->black_usv5(机会锁定)
      [ASSIGN] white_usv5->black_usv16(机会锁定)
      [ASSIGN] white_usv4->black_usv16(机会锁定)
[t=9,563s] step=360 | MISSION=NORMAL_C | USV: 8/10 (avail=0 int=7 lock=1 frz=0) | UAV: air=10 rtb=0 chg=0 loiter=0 | TRACKS: vis=10 lost=0 engaged=1 | TOP: black_usv4(x173,211) black_usv19(x179,480) black_usv20(x187,223) | KILL=11 | ACTIONS=18 | INTENT: focus=2 ratio=0.20
      [ASSIGN] white_usv7->black_usv15(机会锁定)
      [ASSIGN] white_usv6->black_usv15(机会锁定)
      [ASSIGN] white_usv5->black_usv15(机会锁定)
      [ASSIGN] white_usv4->black_usv15(机会锁定)
      [KILL] black_usv16
      [ASSIGN] white_usv7->black_usv18(机会锁定)
      [ASSIGN] white_usv6->black_usv18(机会锁定)
      [KILL] black_usv15
      [RELEASE] white_usv8->black_usv15(目标失效)
      [ASSIGN] white_usv1->black_usv4(机会锁定)
      [RELEASE] white_usv5->black_usv15(目标失效)
      [RELEASE] white_usv4->black_usv15(目标失效)
      [ASSIGN] white_usv8->black_usv6
      [ASSIGN] white_usv5->black_usv18(机会锁定)
      [ASSIGN] white_usv4->black_usv5
      [KILL] black_usv7
      [RELEASE] white_usv10->black_usv7(目标失效)
      [RELEASE] white_usv3->black_usv7(目标失效)
[t=9,947s] step=370 | MISSION=NORMAL_C | USV: 8/10 (avail=0 int=4 lock=4 frz=0) | UAV: air=10 rtb=0 chg=0 loiter=0 | TRACKS: vis=5 lost=1 engaged=2 | TOP: black_usv19(x175,998) black_usv3(x176,326) black_usv4(x169,774) | KILL=11 | ACTIONS=18 | INTENT: focus=2 ratio=0.20
      [ASSIGN] white_usv10->black_usv19
      [ASSIGN] white_usv3->black_usv3
      [ASSIGN] white_usv1->black_usv5(机会锁定)
      [ASSIGN] white_usv3->black_usv4(机会锁定)
[t=10,327s] step=380 | MISSION=NORMAL_C | USV: 8/10 (avail=0 int=6 lock=2 frz=0) | UAV: air=10 rtb=0 chg=0 loiter=0 | TRACKS: vis=5 lost=1 engaged=2 | TOP: black_usv3(x173,687) black_usv4(x167,481) black_usv6(x167,145) | KILL=12 | ACTIONS=18 | INTENT: focus=2 ratio=0.20
      [ASSIGN] white_usv1->black_usv6(机会锁定)
      [KILL] black_usv18
      [RELEASE] white_usv7->black_usv18(目标失效)
      [RELEASE] white_usv6->black_usv18(目标失效)
      [ASSIGN] white_usv3->black_usv5(机会锁定)
      [RELEASE] white_usv5->black_usv18(目标失效)
      [ASSIGN] white_usv7->black_usv3
      [ASSIGN] white_usv6->black_usv4
      [ASSIGN] white_usv5->black_usv4
[t=10,728s] step=390 | MISSION=NORMAL_C | USV: 8/10 (avail=0 int=7 lock=1 frz=0) | UAV: air=10 rtb=0 chg=0 loiter=0 | TRACKS: vis=4 lost=1 engaged=1 | TOP: black_usv19(x168,207) black_usv3(x170,903) black_usv6(x163,170) | KILL=14 | ACTIONS=18 | INTENT: focus=2 ratio=0.20
      [ASSIGN] white_usv1->black_usv5(机会锁定)
      [ASSIGN] white_usv3->black_usv6(机会锁定)
      [ASSIGN] white_usv8->black_usv5(机会锁定)
      [ASSIGN] white_usv1->black_usv6(机会锁定)
[t=11,132s] step=400 | MISSION=NORMAL_C | USV: 8/10 (avail=0 int=7 lock=1 frz=0) | UAV: air=10 rtb=0 chg=0 loiter=0 | TRACKS: vis=4 lost=1 engaged=1 | TOP: black_usv6(x161,757) black_usv19(x164,329) black_usv3(x167,490) | KILL=14 | ACTIONS=18 | INTENT: focus=2 ratio=0.20
      [KILL] black_usv5
      [RELEASE] white_usv8->black_usv5(目标失效)
      [ASSIGN] white_usv8->black_usv6(机会锁定)
      [RELEASE] white_usv4->black_usv5(目标失效)
      [KILL] black_usv4
      [RELEASE] white_usv6->black_usv4(目标失效)
      [RELEASE] white_usv5->black_usv4(目标失效)
      [ASSIGN] white_usv4->black_usv19
      [DETECT] black_usv2
      [DETECT] black_usv1
      [ASSIGN] white_usv6->black_usv2
      [ASSIGN] white_usv5->black_usv1
      [RELEASE] white_usv6->black_usv2(目标失效)
[t=11,559s] step=410 | MISSION=NORMAL_C | USV: 7/10 (avail=0 int=7 lock=0 frz=0) | UAV: air=10 rtb=0 chg=0 loiter=0 | TRACKS: vis=2 lost=2 engaged=0 | TOP: black_usv1(x180,897) black_usv3(x163,220) black_usv19(x160,091) | KILL=15 | ACTIONS=17 | INTENT: focus=2 ratio=0.20
      [DETECT] black_usv2
      [RELEASE] white_usv10->black_usv19(目标失效)
      [ASSIGN] white_usv6->black_usv2
      [RELEASE] white_usv5->black_usv1(目标失效)
      [RELEASE] white_usv4->black_usv19(目标失效)
      [ASSIGN] white_usv10->black_usv2
      [ASSIGN] white_usv5->black_usv3
      [ASSIGN] white_usv4->black_usv2
      [KILL] black_usv6
      [RELEASE] white_usv8->black_usv6(目标失效)
      [RELEASE] white_usv3->black_usv6(目标失效)
      [ASSIGN] white_usv8->black_usv3
      [RELEASE] white_usv10->black_usv2(目标失效)
      [RELEASE] white_usv6->black_usv2(目标失效)
      [RELEASE] white_usv4->black_usv2(目标失效)
[t=12,004s] step=420 | MISSION=NORMAL_C | USV: 7/10 (avail=4 int=3 lock=0 frz=0) | UAV: air=10 rtb=0 chg=0 loiter=0 | TRACKS: vis=1 lost=0 engaged=0 | TOP: black_usv3(x159,326) | KILL=15 | ACTIONS=17 | INTENT: focus=2 ratio=0.20
[t=12,432s] step=430 | MISSION=NORMAL_C | USV: 7/10 (avail=4 int=3 lock=0 frz=0) | UAV: air=10 rtb=0 chg=0 loiter=0 | TRACKS: vis=0 lost=1 engaged=0 | TOP: black_usv3(x155,076) | KILL=15 | ACTIONS=17 | INTENT: focus=2 ratio=0.20
[t=12,824s] step=440 | MISSION=NORMAL_C | USV: 7/10 (avail=4 int=2 lock=1 frz=0) | UAV: air=10 rtb=0 chg=0 loiter=0 | TRACKS: vis=1 lost=0 engaged=1 | TOP: black_usv3(x151,188) | KILL=15 | ACTIONS=17 | INTENT: focus=2 ratio=0.20
[t=13,245s] step=450 | MISSION=NORMAL_C | USV: 7/10 (avail=4 int=2 lock=1 frz=0) | UAV: air=10 rtb=0 chg=0 loiter=0 | TRACKS: vis=1 lost=0 engaged=1 | TOP: black_usv3(x149,658) | KILL=15 | ACTIONS=17 | INTENT: focus=2 ratio=0.20
[t=13,672s] step=460 | MISSION=NORMAL_C | USV: 7/10 (avail=4 int=3 lock=0 frz=0) | UAV: air=10 rtb=0 chg=0 loiter=0 | TRACKS: vis=1 lost=0 engaged=0 | TOP: black_usv3(x149,112) | KILL=16 | ACTIONS=17 | INTENT: focus=2 ratio=0.20
      [KILL] black_usv3
      [RELEASE] white_usv7->black_usv3(目标失效)
      [RELEASE] white_usv8->black_usv3(目标失效)
      [RELEASE] white_usv5->black_usv3(目标失效)
[t=14,125s] step=470 | MISSION=GLOBAL_R | USV: 7/10 (avail=7 int=0 lock=0 frz=0) | UAV: air=10 rtb=0 chg=0 loiter=0 | TRACKS: vis=0 lost=0 engaged=0 | TOP:  | KILL=16 | ACTIONS=17 | INTENT: focus=2 ratio=0.20
      [DETECT] black_usv2
      [ASSIGN] white_usv7->black_usv2
      [ASSIGN] white_usv8->black_usv2
      [ASSIGN] white_usv5->black_usv2
[t=14,557s] step=480 | MISSION=NORMAL_C | USV: 7/10 (avail=4 int=3 lock=0 frz=0) | UAV: air=10 rtb=0 chg=0 loiter=0 | TRACKS: vis=0 lost=1 engaged=0 | TOP: black_usv2(x145,485) | KILL=16 | ACTIONS=17 | INTENT: focus=2 ratio=0.20
      [RELEASE] white_usv7->black_usv2(目标失效)
      [RELEASE] white_usv8->black_usv2(目标失效)
      [RELEASE] white_usv5->black_usv2(目标失效)
      [DETECT] black_usv2
      [ASSIGN] white_usv7->black_usv2
      [ASSIGN] white_usv8->black_usv2
      [ASSIGN] white_usv5->black_usv2
      [DETECT] black_usv1
      [ASSIGN] white_usv6->black_usv1
      [ASSIGN] white_usv3->black_usv1
      [ASSIGN] white_usv4->black_usv1
[t=15,001s] step=490 | MISSION=NORMAL_C | USV: 7/10 (avail=4 int=2 lock=1 frz=0) | UAV: air=10 rtb=0 chg=0 loiter=0 | TRACKS: vis=2 lost=0 engaged=1 | TOP: black_usv2(x143,202) black_usv1(x158,488) | KILL=16 | ACTIONS=17 | INTENT: focus=2 ratio=0.20
[t=15,463s] step=500 | MISSION=NORMAL_C | USV: 7/10 (avail=1 int=5 lock=1 frz=0) | UAV: air=10 rtb=0 chg=0 loiter=0 | TRACKS: vis=1 lost=1 engaged=1 | TOP: black_usv2(x141,654) black_usv1(x156,253) | KILL=16 | ACTIONS=17 | INTENT: focus=2 ratio=0.20
[t=15,956s] step=510 | MISSION=NORMAL_C | USV: 7/10 (avail=1 int=6 lock=0 frz=0) | UAV: air=10 rtb=0 chg=0 loiter=0 | TRACKS: vis=2 lost=0 engaged=0 | TOP: black_usv2(x141,014) black_usv1(x152,576) | KILL=17 | ACTIONS=17 | INTENT: focus=2 ratio=0.20
      [KILL] black_usv2
      [RELEASE] white_usv7->black_usv2(目标失效)
      [RELEASE] white_usv8->black_usv2(目标失效)
      [RELEASE] white_usv5->black_usv2(目标失效)
[t=16,407s] step=520 | MISSION=NORMAL_C | USV: 7/10 (avail=4 int=3 lock=0 frz=0) | UAV: air=10 rtb=0 chg=0 loiter=0 | TRACKS: vis=1 lost=0 engaged=0 | TOP: black_usv1(x149,360) | KILL=17 | ACTIONS=17 | INTENT: focus=2 ratio=0.20
[t=16,880s] step=530 | MISSION=NORMAL_C | USV: 7/10 (avail=4 int=3 lock=0 frz=0) | UAV: air=10 rtb=0 chg=0 loiter=0 | TRACKS: vis=0 lost=1 engaged=0 | TOP: black_usv1(x145,745) | KILL=17 | ACTIONS=17 | INTENT: focus=2 ratio=0.20
      [RELEASE] white_usv6->black_usv1(目标失效)
      [RELEASE] white_usv3->black_usv1(目标失效)
      [RELEASE] white_usv4->black_usv1(目标失效)
[t=17,367s] step=540 | MISSION=NORMAL_C | USV: 7/10 (avail=7 int=0 lock=0 frz=0) | UAV: air=10 rtb=0 chg=0 loiter=0 | TRACKS: vis=0 lost=0 engaged=0 | TOP:  | KILL=17 | ACTIONS=17 | INTENT: focus=2 ratio=0.20
      [DETECT] black_usv1
      [ASSIGN] white_usv7->black_usv1
      [ASSIGN] white_usv8->black_usv1
      [ASSIGN] white_usv5->black_usv1
[t=17,845s] step=550 | MISSION=NORMAL_C | USV: 7/10 (avail=4 int=3 lock=0 frz=0) | UAV: air=10 rtb=0 chg=0 loiter=0 | TRACKS: vis=0 lost=1 engaged=0 | TOP: black_usv1(x141,487) | KILL=17 | ACTIONS=17 | INTENT: focus=2 ratio=0.20
      [RELEASE] white_usv7->black_usv1(目标失效)
      [RELEASE] white_usv8->black_usv1(目标失效)
      [RELEASE] white_usv5->black_usv1(目标失效)
[t=18,307s] step=560 | MISSION=GLOBAL_R | USV: 7/10 (avail=7 int=0 lock=0 frz=0) | UAV: air=10 rtb=0 chg=0 loiter=0 | TRACKS: vis=0 lost=0 engaged=0 | TOP:  | KILL=17 | ACTIONS=17 | INTENT: focus=2 ratio=0.20
      [DETECT] black_usv19
      [ASSIGN] white_usv6->black_usv19
      [ASSIGN] white_usv3->black_usv19
      [ASSIGN] white_usv4->black_usv19
[t=18,801s] step=570 | MISSION=NORMAL_C | USV: 7/10 (avail=4 int=3 lock=0 frz=0) | UAV: air=10 rtb=0 chg=0 loiter=0 | TRACKS: vis=0 lost=1 engaged=0 | TOP: black_usv19(x107,965) | KILL=17 | ACTIONS=17 | INTENT: focus=2 ratio=0.20
      [RELEASE] white_usv6->black_usv19(目标失效)
      [RELEASE] white_usv3->black_usv19(目标失效)
      [RELEASE] white_usv4->black_usv19(目标失效)
      [DETECT] black_usv1
      [ASSIGN] white_usv7->black_usv1
      [ASSIGN] white_usv8->black_usv1
      [ASSIGN] white_usv5->black_usv1
[t=19,269s] step=580 | MISSION=NORMAL_C | USV: 7/10 (avail=4 int=3 lock=0 frz=0) | UAV: air=10 rtb=0 chg=0 loiter=0 | TRACKS: vis=0 lost=1 engaged=0 | TOP: black_usv1(x133,801) | KILL=17 | ACTIONS=17 | INTENT: focus=2 ratio=0.20
      [RELEASE] white_usv7->black_usv1(目标失效)
      [RELEASE] white_usv8->black_usv1(目标失效)
      [RELEASE] white_usv5->black_usv1(目标失效)
[t=19,738s] step=590 | MISSION=GLOBAL_R | USV: 7/10 (avail=7 int=0 lock=0 frz=0) | UAV: air=10 rtb=0 chg=0 loiter=0 | TRACKS: vis=0 lost=0 engaged=0 | TOP:  | KILL=17 | ACTIONS=17 | INTENT: focus=2 ratio=0.20
[t=20,213s] step=600 | MISSION=GLOBAL_R | USV: 7/10 (avail=7 int=0 lock=0 frz=0) | UAV: air=10 rtb=0 chg=0 loiter=0 | TRACKS: vis=0 lost=0 engaged=0 | TOP:  | KILL=17 | ACTIONS=17 | INTENT: focus=2 ratio=0.20
      [DETECT] black_usv19
      [ASSIGN] white_usv6->black_usv19
      [ASSIGN] white_usv3->black_usv19
      [ASSIGN] white_usv4->black_usv19
[t=20,691s] step=610 | MISSION=NORMAL_C | USV: 7/10 (avail=4 int=3 lock=0 frz=0) | UAV: air=10 rtb=0 chg=0 loiter=0 | TRACKS: vis=0 lost=1 engaged=0 | TOP: black_usv19(x94,637) | KILL=17 | ACTIONS=17 | INTENT: focus=2 ratio=0.20
      [RELEASE] white_usv6->black_usv19(目标失效)
      [RELEASE] white_usv3->black_usv19(目标失效)
      [RELEASE] white_usv4->black_usv19(目标失效)
[t=21,192s] step=620 | MISSION=GLOBAL_R | USV: 7/10 (avail=7 int=0 lock=0 frz=0) | UAV: air=10 rtb=0 chg=0 loiter=0 | TRACKS: vis=0 lost=0 engaged=0 | TOP:  | KILL=17 | ACTIONS=17 | INTENT: focus=2 ratio=0.20
      [DETECT] black_usv19
      [ASSIGN] white_usv6->black_usv19
      [ASSIGN] white_usv3->black_usv19
      [ASSIGN] white_usv4->black_usv19
      [DETECT] black_usv1
      [ASSIGN] white_usv7->black_usv1
      [ASSIGN] white_usv8->black_usv1
      [ASSIGN] white_usv5->black_usv1
[t=21,660s] step=630 | MISSION=NORMAL_C | USV: 7/10 (avail=1 int=6 lock=0 frz=0) | UAV: air=10 rtb=0 chg=0 loiter=0 | TRACKS: vis=0 lost=2 engaged=0 | TOP: black_usv19(x86,461) black_usv1(x113,928) | KILL=17 | ACTIONS=17 | INTENT: focus=2 ratio=0.20
      [RELEASE] white_usv7->black_usv1(目标失效)
      [RELEASE] white_usv8->black_usv1(目标失效)
      [RELEASE] white_usv6->black_usv19(目标失效)
      [RELEASE] white_usv3->black_usv19(目标失效)
      [RELEASE] white_usv5->black_usv1(目标失效)
      [RELEASE] white_usv4->black_usv19(目标失效)
[t=22,146s] step=640 | MISSION=GLOBAL_R | USV: 7/10 (avail=7 int=0 lock=0 frz=0) | UAV: air=10 rtb=0 chg=0 loiter=0 | TRACKS: vis=0 lost=0 engaged=0 | TOP:  | KILL=17 | ACTIONS=17 | INTENT: focus=2 ratio=0.20
      [DETECT] black_usv1
      [ASSIGN] white_usv7->black_usv1
      [ASSIGN] white_usv8->black_usv1
      [ASSIGN] white_usv5->black_usv1
      [DETECT] black_usv19
      [ASSIGN] white_usv6->black_usv19
      [ASSIGN] white_usv3->black_usv19
      [ASSIGN] white_usv4->black_usv19
      [UAV RTB] white_uav10(电量2384<2094+300)
[t=22,630s] step=650 | MISSION=NORMAL_C | USV: 7/10 (avail=1 int=6 lock=0 frz=0) | UAV: air=9 rtb=1 chg=0 loiter=0 | TRACKS: vis=0 lost=2 engaged=0 | TOP: black_usv19(x79,366) black_usv1(x105,889) | KILL=17 | ACTIONS=17 | INTENT: focus=2 ratio=0.20
      [RELEASE] white_usv7->black_usv1(目标失效)
      [RELEASE] white_usv8->black_usv1(目标失效)
      [RELEASE] white_usv6->black_usv19(目标失效)
      [RELEASE] white_usv3->black_usv19(目标失效)
      [RELEASE] white_usv5->black_usv1(目标失效)
      [RELEASE] white_usv4->black_usv19(目标失效)
[t=23,117s] step=660 | MISSION=GLOBAL_R | USV: 7/10 (avail=7 int=0 lock=0 frz=0) | UAV: air=9 rtb=1 chg=0 loiter=0 | TRACKS: vis=0 lost=0 engaged=0 | TOP:  | KILL=17 | ACTIONS=17 | INTENT: focus=2 ratio=0.20
      [DETECT] black_usv1
      [ASSIGN] white_usv7->black_usv1
      [ASSIGN] white_usv8->black_usv1
      [ASSIGN] white_usv5->black_usv1
[t=23,592s] step=670 | MISSION=NORMAL_C | USV: 7/10 (avail=4 int=3 lock=0 frz=0) | UAV: air=9 rtb=1 chg=0 loiter=0 | TRACKS: vis=1 lost=0 engaged=0 | TOP: black_usv1(x98,523) | KILL=17 | ACTIONS=17 | INTENT: focus=2 ratio=0.20
      [UAV RTB] white_uav5(电量1235<969+300)
      [UAV RTB] white_uav3(电量1236<970+300)
      [UAV RTB] white_uav6(电量1151<899+300)
      [UAV RTB] white_uav4(电量1048<828+300)
      [RELEASE] white_usv7->black_usv1(目标失效)
      [RELEASE] white_usv8->black_usv1(目标失效)
      [RELEASE] white_usv5->black_usv1(目标失效)
      [UAV RTB] white_uav7(电量1000<703+300)
      [UAV RTB] white_uav1(电量960<684+300)
[t=24,054s] step=680 | MISSION=NORMAL_C | USV: 7/10 (avail=7 int=0 lock=0 frz=0) | UAV: air=3 rtb=7 chg=0 loiter=0 | TRACKS: vis=0 lost=0 engaged=0 | TOP:  | KILL=17 | ACTIONS=17 | INTENT: focus=2 ratio=0.20
      [UAV RTB] white_uav9(电量910<631+300)
      [UAV RTB] white_uav8(电量868<579+300)
      [UAV RTB] white_uav2(电量679<385+300)
[t=24,524s] step=690 | MISSION=GLOBAL_R | USV: 7/10 (avail=7 int=0 lock=0 frz=0) | UAV: air=0 rtb=10 chg=0 loiter=0 | TRACKS: vis=0 lost=0 engaged=0 | TOP:  | KILL=17 | ACTIONS=17 | INTENT: focus=2 ratio=0.20
      [UAV LAND] white_uav10->white_usv7
      [UAV RTB] white_uav10(电量294<17+300)
      [UAV LAND] white_uav10->white_usv7
      [UAV RTB] white_uav10(电量246<1+300)
      [UAV LAND] white_uav10->white_usv7
      [UAV RTB] white_uav10(电量203<23+300)
      [UAV LAND] white_uav2->white_usv7
      [UAV LAND] white_uav5->white_usv8
      [UAV LAND] white_uav6->white_usv8
      [UAV LAND] white_uav8->white_usv6
      [UAV LAND] white_uav10->white_usv7
      [UAV RTB] white_uav2(电量94<24+300)
      [UAV LAND] white_uav4->white_usv8
      [UAV RTB] white_uav5(电量95<12+300)
      [UAV LAND] white_uav5->white_usv8
      [UAV RTB] white_uav6(电量96<0+300)
      [UAV LAND] white_uav6->white_usv8
      [UAV LAND] white_uav3->white_usv4
      [UAV RTB] white_uav8(电量96<6+300)
      [UAV LAND] white_uav8->white_usv6
      [UAV RTB] white_uav10(电量97<50+300)
      [UAV LAND] white_uav1->white_usv6
      [UAV LAND] white_uav2->white_usv7
      [UAV RTB] white_uav4(电量47<35+300)
      [UAV LAND] white_uav9->white_usv6
      [UAV RTB] white_uav5(电量47<5+300)
      [UAV LAND] white_uav5->white_usv8
      [UAV RTB] white_uav6(电量48<9+300)
      [UAV LAND] white_uav6->white_usv8
      [UAV RTB] white_uav3(电量48<13+300)
      [UAV LAND] white_uav3->white_usv4
      [UAV RTB] white_uav8(电量48<19+300)
      [UAV LAND] white_uav8->white_usv6
      [UAV RTB] white_uav1(电量49<20+300)
      [UAV LAND] white_uav1->white_usv6
[t=25,018s] step=700 | MISSION=GLOBAL_R | USV: 7/10 (avail=7 int=0 lock=0 frz=0) | UAV: air=0 rtb=0 chg=0 loiter=0 | TRACKS: vis=0 lost=0 engaged=0 | TOP:  | KILL=17 | ACTIONS=7 | INTENT: focus=2 ratio=0.20
[t=25,683s] step=710 | MISSION=GLOBAL_R | USV: 7/10 (avail=7 int=0 lock=0 frz=0) | UAV: air=0 rtb=0 chg=0 loiter=0 | TRACKS: vis=0 lost=0 engaged=0 | TOP:  | KILL=17 | ACTIONS=7 | INTENT: focus=2 ratio=0.20
[t=26,358s] step=720 | MISSION=GLOBAL_R | USV: 7/10 (avail=7 int=0 lock=0 frz=0) | UAV: air=0 rtb=0 chg=0 loiter=0 | TRACKS: vis=0 lost=0 engaged=0 | TOP:  | KILL=17 | ACTIONS=7 | INTENT: focus=2 ratio=0.20
[t=27,048s] step=730 | MISSION=GLOBAL_R | USV: 7/10 (avail=7 int=0 lock=0 frz=0) | UAV: air=0 rtb=0 chg=0 loiter=0 | TRACKS: vis=0 lost=0 engaged=0 | TOP:  | KILL=17 | ACTIONS=7 | INTENT: focus=2 ratio=0.20
[t=27,718s] step=740 | MISSION=GLOBAL_R | USV: 7/10 (avail=7 int=0 lock=0 frz=0) | UAV: air=0 rtb=0 chg=0 loiter=0 | TRACKS: vis=0 lost=0 engaged=0 | TOP:  | KILL=17 | ACTIONS=7 | INTENT: focus=2 ratio=0.20
[t=28,385s] step=750 | MISSION=GLOBAL_R | USV: 7/10 (avail=7 int=0 lock=0 frz=0) | UAV: air=0 rtb=0 chg=0 loiter=0 | TRACKS: vis=0 lost=0 engaged=0 | TOP:  | KILL=17 | ACTIONS=7 | INTENT: focus=2 ratio=0.20
[t=29,049s] step=760 | MISSION=GLOBAL_R | USV: 7/10 (avail=7 int=0 lock=0 frz=0) | UAV: air=0 rtb=0 chg=0 loiter=0 | TRACKS: vis=0 lost=0 engaged=0 | TOP:  | KILL=17 | ACTIONS=7 | INTENT: focus=2 ratio=0.20
[t=29,694s] step=770 | MISSION=GLOBAL_R | USV: 7/10 (avail=7 int=0 lock=0 frz=0) | UAV: air=0 rtb=0 chg=0 loiter=0 | TRACKS: vis=0 lost=0 engaged=0 | TOP:  | KILL=17 | ACTIONS=7 | INTENT: focus=2 ratio=0.20
[t=30,368s] step=780 | MISSION=GLOBAL_R | USV: 7/10 (avail=7 int=0 lock=0 frz=0) | UAV: air=0 rtb=0 chg=0 loiter=0 | TRACKS: vis=0 lost=0 engaged=0 | TOP:  | KILL=17 | ACTIONS=7 | INTENT: focus=2 ratio=0.20
[t=31,028s] step=790 | MISSION=GLOBAL_R | USV: 7/10 (avail=7 int=0 lock=0 frz=0) | UAV: air=0 rtb=0 chg=0 loiter=0 | TRACKS: vis=0 lost=0 engaged=0 | TOP:  | KILL=17 | ACTIONS=7 | INTENT: focus=2 ratio=0.20
[t=31,699s] step=800 | MISSION=GLOBAL_R | USV: 7/10 (avail=7 int=0 lock=0 frz=0) | UAV: air=0 rtb=0 chg=0 loiter=0 | TRACKS: vis=0 lost=0 engaged=0 | TOP:  | KILL=17 | ACTIONS=7 | INTENT: focus=2 ratio=0.20

========================================================================
对局结果: Result.Victory — 敌方所有单位被击毁
  击杀蓝舰: 20 | 命中: 34 | 我方USV损失: 3 | UAV损失: 10 | 突破: 3
[META] result=Result.Victory victory_time=32923 first_detection=1864 first_lock=7382 first_kill=8308 enemy_kills=20 friendly_usv_losses=3 friendly_uav_losses=10 black_breakthrough=3 reacquire_attempts=197 reacquire_success=194 sensor_assisted_locks=85 low_conf_commitments=0 global_reacquire_entries=10 global_reacquire_success=9 coverage_collapse_events=1 active_clusters_max=1 coverage_quality_final=0.17 commander_source=default_intent commander_calls=0 commander_changes=0 commander_no_change=0 commander_parse_failures=0 commander_api_failures=0 commander_policy_failures=0 commander_avg_latency=0.0
Done
