========================================================================
HYBRID AGENT V5 — Variable-Cardinality Hierarchical Maritime Agent
  启用UAV: True | LLM_ENABLED: False
========================================================================
对局 18 开始
      [UAV RELAUNCH] white_uav1
      [UAV RELAUNCH] white_uav3
      [UAV RELAUNCH] white_uav7
      [UAV RELAUNCH] white_uav6
      [UAV RELAUNCH] white_uav4
      [UAV RELAUNCH] white_uav9
      [UAV RELAUNCH] white_uav8
      [UAV RELAUNCH] white_uav5
      [UAV RELAUNCH] white_uav2
      [UAV RELAUNCH] white_uav10
[t=189s] step=10 | MISSION=NORMAL_C | USV: 10/10 (avail=10 int=0 lock=0 frz=0) | UAV: air=10 rtb=0 chg=0 loiter=0 | TRACKS: vis=0 lost=0 engaged=0 | TOP:  | KILL=0 | ACTIONS=20 | INTENT: focus=2 ratio=0.20
  [INTENT APPLIED]
    ThreatAllocator: focus 2 emergency 3 reserve_ratio 0.20 reserve_usvs None bias breakthrough_eta
    UAVManager: mode search_and_reacquire uav_priority []
[t=366s] step=20 | MISSION=NORMAL_C | USV: 10/10 (avail=10 int=0 lock=0 frz=0) | UAV: air=10 rtb=0 chg=0 loiter=0 | TRACKS: vis=0 lost=0 engaged=0 | TOP:  | KILL=0 | ACTIONS=20 | INTENT: focus=2 ratio=0.20
[t=540s] step=30 | MISSION=NORMAL_C | USV: 10/10 (avail=10 int=0 lock=0 frz=0) | UAV: air=10 rtb=0 chg=0 loiter=0 | TRACKS: vis=0 lost=0 engaged=0 | TOP:  | KILL=0 | ACTIONS=20 | INTENT: focus=2 ratio=0.20
[t=727s] step=40 | MISSION=NORMAL_C | USV: 10/10 (avail=10 int=0 lock=0 frz=0) | UAV: air=10 rtb=0 chg=0 loiter=0 | TRACKS: vis=0 lost=0 engaged=0 | TOP:  | KILL=0 | ACTIONS=20 | INTENT: focus=2 ratio=0.20
[t=939s] step=50 | MISSION=NORMAL_C | USV: 10/10 (avail=10 int=0 lock=0 frz=0) | UAV: air=10 rtb=0 chg=0 loiter=0 | TRACKS: vis=0 lost=0 engaged=0 | TOP:  | KILL=0 | ACTIONS=20 | INTENT: focus=2 ratio=0.20
[t=1,153s] step=60 | MISSION=NORMAL_C | USV: 10/10 (avail=10 int=0 lock=0 frz=0) | UAV: air=10 rtb=0 chg=0 loiter=0 | TRACKS: vis=0 lost=0 engaged=0 | TOP:  | KILL=0 | ACTIONS=20 | INTENT: focus=2 ratio=0.20
[t=1,378s] step=70 | MISSION=NORMAL_C | USV: 10/10 (avail=10 int=0 lock=0 frz=0) | UAV: air=10 rtb=0 chg=0 loiter=0 | TRACKS: vis=0 lost=0 engaged=0 | TOP:  | KILL=0 | ACTIONS=20 | INTENT: focus=2 ratio=0.20
[t=1,572s] step=80 | MISSION=NORMAL_C | USV: 10/10 (avail=10 int=0 lock=0 frz=0) | UAV: air=10 rtb=0 chg=0 loiter=0 | TRACKS: vis=0 lost=0 engaged=0 | TOP:  | KILL=0 | ACTIONS=20 | INTENT: focus=2 ratio=0.20
[t=1,776s] step=90 | MISSION=NORMAL_C | USV: 10/10 (avail=10 int=0 lock=0 frz=0) | UAV: air=10 rtb=0 chg=0 loiter=0 | TRACKS: vis=0 lost=0 engaged=0 | TOP:  | KILL=0 | ACTIONS=20 | INTENT: focus=2 ratio=0.20
      [DETECT] black_usv13
      [DETECT] black_usv8
      [ASSIGN] white_usv3->black_usv8
      [ASSIGN] white_usv8->black_usv13
      [ASSIGN] white_usv5->black_usv13
      [ASSIGN] white_usv4->black_usv8
      [ASSIGN] white_usv2->black_usv8
      [ASSIGN] white_usv7->black_usv13
      [DETECT] black_usv14
      [DETECT] black_usv7
      [DETECT] black_usv11
      [DETECT] black_usv12
      [DETECT] black_usv10
      [DETECT] black_usv15
      [DETECT] black_usv9
      [ASSIGN] white_usv10->black_usv12
      [ASSIGN] white_usv9->black_usv11
      [ASSIGN] white_usv1->black_usv10
      [ASSIGN] white_usv6->black_usv9
      [DETECT] black_usv6
      [DETECT] black_usv17
      [DETECT] black_usv4
      [DETECT] black_usv16
      [DETECT] black_usv18
      [DETECT] black_usv5
      [DETECT] black_usv19
      [DETECT] black_usv3
[t=1,925s] step=100 | MISSION=NORMAL_C | USV: 10/10 (avail=0 int=10 lock=0 frz=0) | UAV: air=10 rtb=0 chg=0 loiter=0 | TRACKS: vis=17 lost=0 engaged=0 | TOP: black_usv14(x241,029) black_usv7(x241,657) black_usv17(x241,722) | KILL=0 | ACTIONS=20 | INTENT: focus=2 ratio=0.20
      [DETECT] black_usv2
      [DETECT] black_usv20
      [DETECT] black_usv1
[t=2,080s] step=110 | MISSION=NORMAL_C | USV: 10/10 (avail=0 int=10 lock=0 frz=0) | UAV: air=10 rtb=0 chg=0 loiter=0 | TRACKS: vis=20 lost=0 engaged=0 | TOP: black_usv17(x240,246) black_usv14(x239,506) black_usv7(x240,190) | KILL=0 | ACTIONS=20 | INTENT: focus=2 ratio=0.20
[t=2,281s] step=120 | MISSION=NORMAL_C | USV: 10/10 (avail=0 int=10 lock=0 frz=0) | UAV: air=10 rtb=0 chg=0 loiter=0 | TRACKS: vis=20 lost=0 engaged=0 | TOP: black_usv14(x237,522) black_usv7(x238,279) black_usv15(x238,564) | KILL=0 | ACTIONS=20 | INTENT: focus=2 ratio=0.20
[t=2,449s] step=130 | MISSION=NORMAL_C | USV: 10/10 (avail=0 int=10 lock=0 frz=0) | UAV: air=10 rtb=0 chg=0 loiter=0 | TRACKS: vis=20 lost=0 engaged=0 | TOP: black_usv14(x235,875) black_usv7(x236,693) black_usv15(x237,000) | KILL=0 | ACTIONS=20 | INTENT: focus=2 ratio=0.20
[t=2,688s] step=140 | MISSION=NORMAL_C | USV: 10/10 (avail=0 int=10 lock=0 frz=0) | UAV: air=10 rtb=0 chg=0 loiter=0 | TRACKS: vis=19 lost=1 engaged=0 | TOP: black_usv14(x233,531) black_usv7(x234,437) black_usv15(x234,776) | KILL=0 | ACTIONS=20 | INTENT: focus=2 ratio=0.20
[t=2,913s] step=150 | MISSION=NORMAL_C | USV: 10/10 (avail=0 int=10 lock=0 frz=0) | UAV: air=10 rtb=0 chg=0 loiter=0 | TRACKS: vis=19 lost=0 engaged=0 | TOP: black_usv14(x231,310) black_usv7(x232,298) black_usv15(x232,668) | KILL=0 | ACTIONS=20 | INTENT: focus=2 ratio=0.20
[t=3,112s] step=160 | MISSION=NORMAL_C | USV: 10/10 (avail=0 int=10 lock=0 frz=0) | UAV: air=10 rtb=0 chg=0 loiter=0 | TRACKS: vis=19 lost=0 engaged=0 | TOP: black_usv14(x229,364) black_usv7(x230,424) black_usv15(x230,821) | KILL=0 | ACTIONS=20 | INTENT: focus=2 ratio=0.20
[t=3,353s] step=170 | MISSION=NORMAL_C | USV: 10/10 (avail=0 int=10 lock=0 frz=0) | UAV: air=10 rtb=0 chg=0 loiter=0 | TRACKS: vis=18 lost=1 engaged=0 | TOP: black_usv14(x226,996) black_usv7(x228,144) black_usv15(x228,573) | KILL=0 | ACTIONS=20 | INTENT: focus=2 ratio=0.20
[t=3,570s] step=180 | MISSION=NORMAL_C | USV: 10/10 (avail=0 int=10 lock=0 frz=0) | UAV: air=10 rtb=0 chg=0 loiter=0 | TRACKS: vis=19 lost=0 engaged=0 | TOP: black_usv14(x224,864) black_usv7(x226,090) black_usv15(x226,549) | KILL=0 | ACTIONS=20 | INTENT: focus=2 ratio=0.20
[t=3,763s] step=190 | MISSION=NORMAL_C | USV: 10/10 (avail=0 int=10 lock=0 frz=0) | UAV: air=10 rtb=0 chg=0 loiter=0 | TRACKS: vis=19 lost=0 engaged=0 | TOP: black_usv14(x222,967) black_usv7(x224,264) black_usv15(x224,749) | KILL=0 | ACTIONS=20 | INTENT: focus=2 ratio=0.20
[t=3,984s] step=200 | MISSION=NORMAL_C | USV: 10/10 (avail=0 int=10 lock=0 frz=0) | UAV: air=10 rtb=0 chg=0 loiter=0 | TRACKS: vis=19 lost=0 engaged=0 | TOP: black_usv14(x220,795) black_usv7(x222,173) black_usv15(x222,688) | KILL=0 | ACTIONS=20 | INTENT: focus=2 ratio=0.20
[t=4,194s] step=210 | MISSION=NORMAL_C | USV: 10/10 (avail=0 int=10 lock=0 frz=0) | UAV: air=10 rtb=0 chg=0 loiter=0 | TRACKS: vis=17 lost=2 engaged=0 | TOP: black_usv14(x218,725) black_usv7(x220,179) black_usv15(x220,723) | KILL=0 | ACTIONS=20 | INTENT: focus=2 ratio=0.20
[t=4,369s] step=220 | MISSION=NORMAL_C | USV: 10/10 (avail=0 int=10 lock=0 frz=0) | UAV: air=10 rtb=0 chg=0 loiter=0 | TRACKS: vis=17 lost=1 engaged=0 | TOP: black_usv14(x217,004) black_usv7(x218,522) black_usv15(x219,090) | KILL=0 | ACTIONS=20 | INTENT: focus=2 ratio=0.20
[t=4,588s] step=230 | MISSION=NORMAL_C | USV: 10/10 (avail=0 int=10 lock=0 frz=0) | UAV: air=10 rtb=0 chg=0 loiter=0 | TRACKS: vis=18 lost=0 engaged=0 | TOP: black_usv14(x214,860) black_usv7(x216,457) black_usv6(x219,368) | KILL=0 | ACTIONS=20 | INTENT: focus=2 ratio=0.20
[t=4,793s] step=240 | MISSION=NORMAL_C | USV: 10/10 (avail=0 int=10 lock=0 frz=0) | UAV: air=10 rtb=0 chg=0 loiter=0 | TRACKS: vis=18 lost=0 engaged=0 | TOP: black_usv14(x212,845) black_usv7(x214,517) black_usv6(x217,564) | KILL=0 | ACTIONS=20 | INTENT: focus=2 ratio=0.20
[t=4,984s] step=250 | MISSION=NORMAL_C | USV: 10/10 (avail=0 int=10 lock=0 frz=0) | UAV: air=10 rtb=0 chg=0 loiter=0 | TRACKS: vis=18 lost=0 engaged=0 | TOP: black_usv14(x210,963) black_usv7(x212,704) black_usv6(x215,878) | KILL=0 | ACTIONS=20 | INTENT: focus=2 ratio=0.20
[t=5,178s] step=260 | MISSION=NORMAL_C | USV: 10/10 (avail=0 int=10 lock=0 frz=0) | UAV: air=10 rtb=0 chg=0 loiter=0 | TRACKS: vis=18 lost=0 engaged=0 | TOP: black_usv14(x209,062) black_usv7(x210,874) black_usv6(x214,176) | KILL=0 | ACTIONS=20 | INTENT: focus=2 ratio=0.20
[t=5,411s] step=270 | MISSION=NORMAL_C | USV: 10/10 (avail=0 int=10 lock=0 frz=0) | UAV: air=10 rtb=0 chg=0 loiter=0 | TRACKS: vis=18 lost=0 engaged=0 | TOP: black_usv14(x206,772) black_usv7(x208,669) black_usv6(x212,126) | KILL=0 | ACTIONS=20 | INTENT: focus=2 ratio=0.20
[t=5,596s] step=280 | MISSION=NORMAL_C | USV: 10/10 (avail=0 int=10 lock=0 frz=0) | UAV: air=10 rtb=0 chg=0 loiter=0 | TRACKS: vis=18 lost=0 engaged=0 | TOP: black_usv14(x204,954) black_usv7(x206,918) black_usv6(x210,498) | KILL=0 | ACTIONS=20 | INTENT: focus=2 ratio=0.20
[t=5,785s] step=290 | MISSION=NORMAL_C | USV: 10/10 (avail=0 int=10 lock=0 frz=0) | UAV: air=10 rtb=0 chg=0 loiter=0 | TRACKS: vis=18 lost=0 engaged=0 | TOP: black_usv14(x203,097) black_usv7(x205,129) black_usv6(x208,835) | KILL=0 | ACTIONS=20 | INTENT: focus=2 ratio=0.20
[t=6,000s] step=300 | MISSION=NORMAL_C | USV: 10/10 (avail=0 int=10 lock=0 frz=0) | UAV: air=10 rtb=0 chg=0 loiter=0 | TRACKS: vis=17 lost=1 engaged=0 | TOP: black_usv14(x200,984) black_usv7(x203,095) black_usv18(x207,218) | KILL=0 | ACTIONS=20 | INTENT: focus=2 ratio=0.20
[t=6,238s] step=310 | MISSION=NORMAL_C | USV: 10/10 (avail=0 int=10 lock=0 frz=0) | UAV: air=10 rtb=0 chg=0 loiter=0 | TRACKS: vis=17 lost=1 engaged=0 | TOP: black_usv14(x198,645) black_usv7(x200,843) black_usv18(x205,135) | KILL=0 | ACTIONS=20 | INTENT: focus=2 ratio=0.20
[t=6,489s] step=320 | MISSION=NORMAL_C | USV: 10/10 (avail=0 int=10 lock=0 frz=0) | UAV: air=10 rtb=0 chg=0 loiter=0 | TRACKS: vis=17 lost=0 engaged=0 | TOP: black_usv14(x196,179) black_usv7(x198,467) black_usv18(x202,939) | KILL=0 | ACTIONS=20 | INTENT: focus=2 ratio=0.20
[t=6,708s] step=330 | MISSION=NORMAL_C | USV: 10/10 (avail=0 int=10 lock=0 frz=0) | UAV: air=10 rtb=0 chg=0 loiter=0 | TRACKS: vis=17 lost=0 engaged=0 | TOP: black_usv14(x194,018) black_usv7(x196,395) black_usv19(x205,940) | KILL=0 | ACTIONS=20 | INTENT: focus=2 ratio=0.20
[t=6,932s] step=340 | MISSION=NORMAL_C | USV: 10/10 (avail=0 int=10 lock=0 frz=0) | UAV: air=10 rtb=0 chg=0 loiter=0 | TRACKS: vis=17 lost=0 engaged=0 | TOP: black_usv14(x191,778) black_usv7(x194,275) black_usv19(x204,149) | KILL=0 | ACTIONS=20 | INTENT: focus=2 ratio=0.20
[t=7,137s] step=350 | MISSION=NORMAL_C | USV: 10/10 (avail=0 int=10 lock=0 frz=0) | UAV: air=10 rtb=0 chg=0 loiter=0 | TRACKS: vis=16 lost=1 engaged=0 | TOP: black_usv14(x189,728) black_usv7(x192,335) black_usv19(x202,509) | KILL=0 | ACTIONS=20 | INTENT: focus=2 ratio=0.20
      [ASSIGN] white_usv8->black_usv12(机会锁定)
      [ASSIGN] white_usv5->black_usv11(机会锁定)
      [ASSIGN] white_usv7->black_usv12(机会锁定)
[t=7,364s] step=360 | MISSION=NORMAL_C | USV: 10/10 (avail=0 int=10 lock=0 frz=0) | UAV: air=10 rtb=0 chg=0 loiter=0 | TRACKS: vis=17 lost=0 engaged=0 | TOP: black_usv14(x187,458) black_usv7(x190,187) black_usv19(x200,694) | KILL=0 | ACTIONS=20 | INTENT: focus=2 ratio=0.20
      [ASSIGN] white_usv10->black_usv13(机会锁定)
      [ASSIGN] white_usv2->black_usv10(机会锁定)
      [ASSIGN] white_usv9->black_usv13(机会锁定)
      [ASSIGN] white_usv1->black_usv8(机会锁定)
      [ASSIGN] white_usv6->black_usv10(机会锁定)
[t=7,613s] step=370 | MISSION=NORMAL_C | USV: 10/10 (avail=0 int=0 lock=10 frz=0) | UAV: air=10 rtb=0 chg=0 loiter=0 | TRACKS: vis=16 lost=1 engaged=5 | TOP: black_usv14(x184,968) black_usv7(x187,729) black_usv19(x198,703) | KILL=0 | ACTIONS=20 | INTENT: focus=2 ratio=0.20
      [ASSIGN] white_usv3->black_usv9(机会锁定)
      [ASSIGN] white_usv8->black_usv14(机会锁定)
      [ASSIGN] white_usv5->black_usv9(机会锁定)
      [ASSIGN] white_usv4->black_usv9(机会锁定)
      [ASSIGN] white_usv7->black_usv14(机会锁定)
      [ASSIGN] white_usv10->black_usv12(机会锁定)
      [ASSIGN] white_usv2->black_usv11(机会锁定)
      [ASSIGN] white_usv9->black_usv12(机会锁定)
      [ASSIGN] white_usv1->black_usv11(机会锁定)
      [ASSIGN] white_usv6->black_usv11(机会锁定)
      [ASSIGN] white_usv10->black_usv13(机会锁定)
      [ASSIGN] white_usv9->black_usv13(机会锁定)
      [ASSIGN] white_usv10->black_usv12(机会锁定)
      [ASSIGN] white_usv9->black_usv12(机会锁定)
      [ASSIGN] white_usv1->black_usv10(机会锁定)
      [ASSIGN] white_usv10->black_usv13(机会锁定)
      [ASSIGN] white_usv9->black_usv13(机会锁定)
      [ASSIGN] white_usv10->black_usv12(机会锁定)
      [ASSIGN] white_usv9->black_usv12(机会锁定)
      [ASSIGN] white_usv10->black_usv13(机会锁定)
      [ASSIGN] white_usv9->black_usv13(机会锁定)
      [ASSIGN] white_usv10->black_usv12(机会锁定)
      [ASSIGN] white_usv9->black_usv12(机会锁定)
[t=7,877s] step=380 | MISSION=NORMAL_C | USV: 10/10 (avail=0 int=2 lock=8 frz=0) | UAV: air=10 rtb=0 chg=0 loiter=0 | TRACKS: vis=16 lost=1 engaged=4 | TOP: black_usv12(x183,609) black_usv7(x185,102) black_usv19(x196,304) | KILL=3 | ACTIONS=20 | INTENT: focus=2 ratio=0.20
      [ASSIGN] white_usv10->black_usv13(机会锁定)
      [ASSIGN] white_usv9->black_usv13(机会锁定)
      [ASSIGN] white_usv10->black_usv12(机会锁定)
      [ASSIGN] white_usv9->black_usv12(机会锁定)
      [ASSIGN] white_usv10->black_usv13(机会锁定)
      [ASSIGN] white_usv9->black_usv13(机会锁定)
      [ASSIGN] white_usv10->black_usv14(机会锁定)
      [ASSIGN] white_usv9->black_usv12(机会锁定)
      [ASSIGN] white_usv3->black_usv8(机会锁定)
      [ASSIGN] white_usv8->black_usv13(机会锁定)
      [ASSIGN] white_usv5->black_usv13(机会锁定)
      [ASSIGN] white_usv4->black_usv8(机会锁定)
      [ASSIGN] white_usv7->black_usv13(机会锁定)
      [ASSIGN] white_usv9->black_usv13(机会锁定)
      [ASSIGN] white_usv3->black_usv9(机会锁定)
      [ASSIGN] white_usv8->black_usv12(机会锁定)
      [ASSIGN] white_usv5->black_usv12(机会锁定)
      [ASSIGN] white_usv4->black_usv9(机会锁定)
      [ASSIGN] white_usv7->black_usv12(机会锁定)
      [ASSIGN] white_usv9->black_usv12(机会锁定)
      [ASSIGN] white_usv3->black_usv8(机会锁定)
      [ASSIGN] white_usv8->black_usv13(机会锁定)
      [ASSIGN] white_usv5->black_usv13(机会锁定)
      [ASSIGN] white_usv4->black_usv8(机会锁定)
      [ASSIGN] white_usv2->black_usv8(机会锁定)
      [ASSIGN] white_usv7->black_usv13(机会锁定)
      [ASSIGN] white_usv9->black_usv13(机会锁定)
      [ASSIGN] white_usv6->black_usv8(机会锁定)
      [ASSIGN] white_usv3->black_usv9(机会锁定)
      [ASSIGN] white_usv8->black_usv11(机会锁定)
      [ASSIGN] white_usv5->black_usv11(机会锁定)
      [ASSIGN] white_usv4->black_usv9(机会锁定)
      [ASSIGN] white_usv2->black_usv9(机会锁定)
      [ASSIGN] white_usv7->black_usv11(机会锁定)
      [ASSIGN] white_usv9->black_usv11(机会锁定)
      [ASSIGN] white_usv6->black_usv9(机会锁定)
      [ASSIGN] white_usv3->black_usv8(机会锁定)
      [ASSIGN] white_usv8->black_usv13(机会锁定)
      [ASSIGN] white_usv5->black_usv13(机会锁定)
      [ASSIGN] white_usv4->black_usv8(机会锁定)
      [ASSIGN] white_usv2->black_usv8(机会锁定)
      [ASSIGN] white_usv7->black_usv13(机会锁定)
      [ASSIGN] white_usv9->black_usv13(机会锁定)
      [ASSIGN] white_usv1->black_usv8(机会锁定)
      [ASSIGN] white_usv6->black_usv8(机会锁定)
      [ASSIGN] white_usv3->black_usv9(机会锁定)
      [ASSIGN] white_usv8->black_usv12(机会锁定)
      [ASSIGN] white_usv5->black_usv11(机会锁定)
      [ASSIGN] white_usv4->black_usv9(机会锁定)
      [ASSIGN] white_usv2->black_usv9(机会锁定)
      [ASSIGN] white_usv7->black_usv11(机会锁定)
      [ASSIGN] white_usv9->black_usv11(机会锁定)
      [ASSIGN] white_usv1->black_usv9(机会锁定)
      [ASSIGN] white_usv6->black_usv9(机会锁定)
[t=8,159s] step=390 | MISSION=NORMAL_C | USV: 10/10 (avail=0 int=9 lock=1 frz=0) | UAV: air=10 rtb=0 chg=0 loiter=0 | TRACKS: vis=16 lost=1 engaged=1 | TOP: black_usv7(x182,291) black_usv11(x182,629) black_usv12(x183,609) | KILL=6 | ACTIONS=20 | INTENT: focus=2 ratio=0.20
      [ASSIGN] white_usv3->black_usv10(机会锁定)
      [ASSIGN] white_usv8->black_usv13(机会锁定)
      [ASSIGN] white_usv5->black_usv13(机会锁定)
      [ASSIGN] white_usv4->black_usv10(机会锁定)
      [ASSIGN] white_usv2->black_usv10(机会锁定)
      [ASSIGN] white_usv7->black_usv13(机会锁定)
      [ASSIGN] white_usv9->black_usv13(机会锁定)
      [ASSIGN] white_usv1->black_usv10(机会锁定)
      [ASSIGN] white_usv6->black_usv10(机会锁定)
      [ASSIGN] white_usv3->black_usv9(机会锁定)
      [ASSIGN] white_usv8->black_usv12(机会锁定)
      [ASSIGN] white_usv5->black_usv11(机会锁定)
      [ASSIGN] white_usv4->black_usv9(机会锁定)
      [ASSIGN] white_usv7->black_usv11(机会锁定)
      [ASSIGN] white_usv9->black_usv11(机会锁定)
      [ASSIGN] white_usv1->black_usv9(机会锁定)
      [ASSIGN] white_usv6->black_usv9(机会锁定)
      [ASSIGN] white_usv3->black_usv10(机会锁定)
      [ASSIGN] white_usv8->black_usv13(机会锁定)
      [ASSIGN] white_usv5->black_usv13(机会锁定)
      [ASSIGN] white_usv7->black_usv13(机会锁定)
      [ASSIGN] white_usv1->black_usv10(机会锁定)
      [ASSIGN] white_usv6->black_usv10(机会锁定)
      [KILL] black_usv8
      [KILL] black_usv12
      [ASSIGN] white_usv3->black_usv11(机会锁定)
      [ASSIGN] white_usv8->black_usv11(机会锁定)
      [ASSIGN] white_usv10->black_usv11(机会锁定)
      [ASSIGN] white_usv5->black_usv11(机会锁定)
      [ASSIGN] white_usv7->black_usv11(机会锁定)
      [ASSIGN] white_usv1->black_usv7(机会锁定)
      [ASSIGN] white_usv6->black_usv11(机会锁定)
      [KILL] black_usv13
      [ASSIGN] white_usv3->black_usv10(机会锁定)
      [ASSIGN] white_usv8->black_usv14(机会锁定)
      [ASSIGN] white_usv10->black_usv14(机会锁定)
      [ASSIGN] white_usv5->black_usv14(机会锁定)
      [ASSIGN] white_usv7->black_usv14(机会锁定)
      [ASSIGN] white_usv6->black_usv10(机会锁定)
      [ASSIGN] white_usv3->black_usv11(机会锁定)
      [ASSIGN] white_usv8->black_usv11(机会锁定)
      [ASSIGN] white_usv10->black_usv16(机会锁定)
      [ASSIGN] white_usv5->black_usv11(机会锁定)
      [ASSIGN] white_usv7->black_usv11(机会锁定)
      [ASSIGN] white_usv6->black_usv9(机会锁定)
      [ASSIGN] white_usv3->black_usv10(机会锁定)
      [ASSIGN] white_usv8->black_usv14(机会锁定)
      [ASSIGN] white_usv7->black_usv14(机会锁定)
      [ASSIGN] white_usv8->black_usv15(机会锁定)
      [ASSIGN] white_usv4->black_usv10(机会锁定)
      [ASSIGN] white_usv7->black_usv15(机会锁定)
      [ASSIGN] white_usv3->black_usv9(机会锁定)
      [ASSIGN] white_usv4->black_usv9(机会锁定)
      [ASSIGN] white_usv3->black_usv10(机会锁定)
      [ASSIGN] white_usv4->black_usv10(机会锁定)
[t=8,515s] step=400 | MISSION=NORMAL_C | USV: 8/10 (avail=0 int=4 lock=4 frz=0) | UAV: air=10 rtb=0 chg=0 loiter=0 | TRACKS: vis=14 lost=0 engaged=3 | TOP: black_usv14(x181,068) black_usv7(x178,746) black_usv20(x195,520) | KILL=7 | ACTIONS=18 | INTENT: focus=2 ratio=0.20
      [ASSIGN] white_usv3->black_usv9(机会锁定)
      [ASSIGN] white_usv4->black_usv9(机会锁定)
      [ASSIGN] white_usv3->black_usv10(机会锁定)
      [ASSIGN] white_usv5->black_usv14(机会锁定)
      [ASSIGN] white_usv4->black_usv10(机会锁定)
      [ASSIGN] white_usv3->black_usv11(机会锁定)
      [ASSIGN] white_usv5->black_usv11(机会锁定)
      [ASSIGN] white_usv4->black_usv11(机会锁定)
      [ASSIGN] white_usv3->black_usv10(机会锁定)
      [ASSIGN] white_usv5->black_usv14(机会锁定)
      [ASSIGN] white_usv4->black_usv10(机会锁定)
      [ASSIGN] white_usv3->black_usv11(机会锁定)
      [ASSIGN] white_usv5->black_usv11(机会锁定)
      [ASSIGN] white_usv4->black_usv11(机会锁定)
      [KILL] black_usv14
      [KILL] black_usv9
      [ASSIGN] white_usv3->black_usv10(机会锁定)
      [ASSIGN] white_usv4->black_usv10(机会锁定)
      [RELEASE] white_usv6->black_usv9(目标失效)
      [KILL] black_usv11
      [ASSIGN] white_usv3->black_usv4(机会锁定)
      [RELEASE] white_usv5->black_usv11(目标失效)
      [ASSIGN] white_usv4->black_usv7(机会锁定)
      [ASSIGN] white_usv6->black_usv10(机会锁定)
      [ASSIGN] white_usv5->black_usv20
      [ASSIGN] white_usv10->black_usv17(机会锁定)
      [ASSIGN] white_usv5->black_usv16(机会锁定)
      [KILL] black_usv10
      [RELEASE] white_usv6->black_usv10(目标失效)
[t=8,752s] step=410 | MISSION=NORMAL_C | USV: 7/10 (avail=0 int=1 lock=6 frz=0) | UAV: air=10 rtb=0 chg=0 loiter=0 | TRACKS: vis=7 lost=3 engaged=5 | TOP: black_usv20(x193,150) black_usv5(x181,203) black_usv6(x181,918) | KILL=7 | ACTIONS=17 | INTENT: focus=2 ratio=0.20
      [ASSIGN] white_usv6->black_usv20
      [DETECT] black_usv3
      [ASSIGN] white_usv10->black_usv15(机会锁定)
      [ASSIGN] white_usv5->black_usv15(机会锁定)
[t=9,032s] step=420 | MISSION=NORMAL_C | USV: 5/10 (avail=0 int=5 lock=0 frz=0) | UAV: air=10 rtb=0 chg=0 loiter=0 | TRACKS: vis=11 lost=0 engaged=0 | TOP: black_usv3(x185,538) black_usv15(x174,592) black_usv4(x177,839) | KILL=8 | ACTIONS=15 | INTENT: focus=2 ratio=0.20
      [ASSIGN] white_usv4->black_usv5(机会锁定)
      [ASSIGN] white_usv1->black_usv5(机会锁定)
[t=9,314s] step=430 | MISSION=NORMAL_C | USV: 4/10 (avail=0 int=1 lock=3 frz=0) | UAV: air=10 rtb=0 chg=0 loiter=0 | TRACKS: vis=11 lost=0 engaged=2 | TOP: black_usv7(x177,186) black_usv16(x173,942) black_usv17(x175,886) | KILL=8 | ACTIONS=14 | INTENT: focus=2 ratio=0.20
      [ASSIGN] white_usv5->black_usv16(机会锁定)
      [ASSIGN] white_usv6->black_usv16(机会锁定)
      [ASSIGN] white_usv4->black_usv7(机会锁定)
      [ASSIGN] white_usv1->black_usv7(机会锁定)
      [ASSIGN] white_usv4->black_usv5(机会锁定)
      [ASSIGN] white_usv1->black_usv5(机会锁定)
      [ASSIGN] white_usv4->black_usv7(机会锁定)
      [ASSIGN] white_usv1->black_usv7(机会锁定)
      [KILL] black_usv7
      [RELEASE] white_usv4->black_usv7(目标失效)
      [ASSIGN] white_usv4->black_usv5(机会锁定)
      [RELEASE] white_usv1->black_usv7(目标失效)
      [ASSIGN] white_usv1->black_usv5(机会锁定)
      [ASSIGN] white_usv4->black_usv4(机会锁定)
      [ASSIGN] white_usv1->black_usv4(机会锁定)
[t=9,613s] step=440 | MISSION=NORMAL_C | USV: 4/10 (avail=0 int=2 lock=2 frz=0) | UAV: air=10 rtb=0 chg=0 loiter=0 | TRACKS: vis=10 lost=0 engaged=1 | TOP: black_usv17(x173,056) black_usv6(x173,308) black_usv18(x176,740) | KILL=10 | ACTIONS=14 | INTENT: focus=2 ratio=0.20
      [ASSIGN] white_usv5->black_usv15(机会锁定)
      [ASSIGN] white_usv6->black_usv15(机会锁定)
      [ASSIGN] white_usv5->black_usv16(机会锁定)
      [ASSIGN] white_usv6->black_usv16(机会锁定)
      [ASSIGN] white_usv5->black_usv15(机会锁定)
      [ASSIGN] white_usv6->black_usv15(机会锁定)
      [ASSIGN] white_usv5->black_usv16(机会锁定)
      [ASSIGN] white_usv6->black_usv16(机会锁定)
      [ASSIGN] white_usv5->black_usv15(机会锁定)
      [ASSIGN] white_usv6->black_usv15(机会锁定)
      [ASSIGN] white_usv5->black_usv16(机会锁定)
      [ASSIGN] white_usv6->black_usv16(机会锁定)
      [ASSIGN] white_usv6->black_usv15(机会锁定)
      [ASSIGN] white_usv4->black_usv5(机会锁定)
      [ASSIGN] white_usv1->black_usv5(机会锁定)
      [ASSIGN] white_usv6->black_usv17(机会锁定)
[t=9,938s] step=450 | MISSION=NORMAL_C | USV: 4/10 (avail=0 int=4 lock=0 frz=0) | UAV: air=10 rtb=0 chg=0 loiter=0 | TRACKS: vis=10 lost=0 engaged=0 | TOP: black_usv5(x174,318) black_usv18(x173,534) black_usv19(x177,781) | KILL=12 | ACTIONS=14 | INTENT: focus=2 ratio=0.20
      [KILL] black_usv15
      [ASSIGN] white_usv4->black_usv4(机会锁定)
      [ASSIGN] white_usv1->black_usv4(机会锁定)
      [ASSIGN] white_usv4->black_usv5(机会锁定)
      [ASSIGN] white_usv1->black_usv5(机会锁定)
      [ASSIGN] white_usv4->black_usv6(机会锁定)
      [ASSIGN] white_usv1->black_usv6(机会锁定)
      [KILL] black_usv5
      [KILL] black_usv16
      [RELEASE] white_usv5->black_usv16(目标失效)
      [ASSIGN] white_usv5->black_usv17(机会锁定)
[t=10,287s] step=460 | MISSION=NORMAL_C | USV: 4/10 (avail=0 int=2 lock=2 frz=0) | UAV: air=10 rtb=0 chg=0 loiter=0 | TRACKS: vis=7 lost=0 engaged=1 | TOP: black_usv18(x170,305) black_usv19(x174,464) black_usv3(x174,510) | KILL=12 | ACTIONS=14 | INTENT: focus=2 ratio=0.20
      [ASSIGN] white_usv4->black_usv4(机会锁定)
      [ASSIGN] white_usv1->black_usv4(机会锁定)
      [ASSIGN] white_usv4->black_usv6(机会锁定)
      [ASSIGN] white_usv1->black_usv6(机会锁定)
      [ASSIGN] white_usv4->black_usv4(机会锁定)
      [ASSIGN] white_usv1->black_usv4(机会锁定)
      [ASSIGN] white_usv4->black_usv6(机会锁定)
      [ASSIGN] white_usv1->black_usv6(机会锁定)
      [KILL] black_usv4
[t=10,623s] step=470 | MISSION=NORMAL_C | USV: 4/10 (avail=0 int=4 lock=0 frz=0) | UAV: air=10 rtb=0 chg=0 loiter=0 | TRACKS: vis=5 lost=1 engaged=0 | TOP: black_usv18(x166,945) black_usv19(x171,104) black_usv20(x177,244) | KILL=14 | ACTIONS=14 | INTENT: focus=2 ratio=0.20
      [DETECT] black_usv2
      [KILL] black_usv6
      [RELEASE] white_usv4->black_usv6(目标失效)
      [RELEASE] white_usv1->black_usv6(目标失效)
[t=11,005s] step=480 | MISSION=NORMAL_C | USV: 4/10 (avail=0 int=4 lock=0 frz=0) | UAV: air=10 rtb=0 chg=0 loiter=0 | TRACKS: vis=4 lost=1 engaged=0 | TOP: black_usv3(x167,608) black_usv19(x167,410) black_usv20(x173,614) | KILL=14 | ACTIONS=14 | INTENT: focus=2 ratio=0.20
      [ASSIGN] white_usv4->black_usv19
      [ASSIGN] white_usv1->black_usv18
      [KILL] black_usv17
      [RELEASE] white_usv5->black_usv17(目标失效)
      [RELEASE] white_usv6->black_usv17(目标失效)
      [ASSIGN] white_usv5->black_usv20
      [ASSIGN] white_usv6->black_usv18
[t=11,359s] step=490 | MISSION=NORMAL_C | USV: 4/10 (avail=0 int=4 lock=0 frz=0) | UAV: air=10 rtb=0 chg=0 loiter=0 | TRACKS: vis=3 lost=0 engaged=0 | TOP: black_usv19(x164,099) black_usv20(x170,414) black_usv18(x160,093) | KILL=14 | ACTIONS=14 | INTENT: focus=2 ratio=0.20
      [ASSIGN] white_usv5->black_usv18(机会锁定)
[t=11,685s] step=500 | MISSION=NORMAL_C | USV: 4/10 (avail=0 int=2 lock=2 frz=0) | UAV: air=10 rtb=0 chg=0 loiter=0 | TRACKS: vis=3 lost=0 engaged=1 | TOP: black_usv20(x167,458) black_usv19(x161,039) black_usv18(x156,896) | KILL=14 | ACTIONS=14 | INTENT: focus=2 ratio=0.20
[t=12,040s] step=510 | MISSION=NORMAL_C | USV: 4/10 (avail=0 int=2 lock=2 frz=0) | UAV: air=10 rtb=0 chg=0 loiter=0 | TRACKS: vis=3 lost=0 engaged=1 | TOP: black_usv20(x164,253) black_usv19(x157,722) black_usv18(x155,633) | KILL=14 | ACTIONS=14 | INTENT: focus=2 ratio=0.20
      [ASSIGN] white_usv5->black_usv19(机会锁定)
[t=12,398s] step=520 | MISSION=NORMAL_C | USV: 4/10 (avail=0 int=3 lock=1 frz=0) | UAV: air=10 rtb=0 chg=0 loiter=0 | TRACKS: vis=3 lost=0 engaged=1 | TOP: black_usv20(x160,706) black_usv19(x154,371) black_usv18(x155,633) | KILL=15 | ACTIONS=14 | INTENT: focus=2 ratio=0.20
      [KILL] black_usv18
      [RELEASE] white_usv1->black_usv18(目标失效)
      [RELEASE] white_usv6->black_usv18(目标失效)
      [ASSIGN] white_usv1->black_usv20
      [ASSIGN] white_usv6->black_usv20
[t=12,790s] step=530 | MISSION=NORMAL_C | USV: 4/10 (avail=0 int=3 lock=1 frz=0) | UAV: air=10 rtb=0 chg=0 loiter=0 | TRACKS: vis=2 lost=0 engaged=1 | TOP: black_usv19(x152,966) black_usv20(x156,786) | KILL=15 | ACTIONS=14 | INTENT: focus=2 ratio=0.20
      [ASSIGN] white_usv6->black_usv19(机会锁定)
[t=13,193s] step=540 | MISSION=NORMAL_C | USV: 4/10 (avail=0 int=4 lock=0 frz=0) | UAV: air=10 rtb=0 chg=0 loiter=0 | TRACKS: vis=2 lost=0 engaged=0 | TOP: black_usv20(x153,191) black_usv19(x152,788) | KILL=16 | ACTIONS=14 | INTENT: focus=2 ratio=0.20
      [KILL] black_usv19
      [RELEASE] white_usv5->black_usv19(目标失效)
      [RELEASE] white_usv4->black_usv19(目标失效)
      [RELEASE] white_usv6->black_usv19(目标失效)
      [ASSIGN] white_usv5->black_usv20
      [ASSIGN] white_usv6->black_usv20
[t=13,604s] step=550 | MISSION=NORMAL_C | USV: 4/10 (avail=1 int=3 lock=0 frz=0) | UAV: air=10 rtb=0 chg=0 loiter=0 | TRACKS: vis=1 lost=0 engaged=0 | TOP: black_usv20(x150,701) | KILL=16 | ACTIONS=14 | INTENT: focus=2 ratio=0.20
[t=13,971s] step=560 | MISSION=NORMAL_C | USV: 4/10 (avail=1 int=3 lock=0 frz=0) | UAV: air=10 rtb=0 chg=0 loiter=0 | TRACKS: vis=0 lost=1 engaged=0 | TOP: black_usv20(x148,473) | KILL=16 | ACTIONS=14 | INTENT: focus=2 ratio=0.20
[t=14,383s] step=570 | MISSION=NORMAL_C | USV: 4/10 (avail=1 int=3 lock=0 frz=0) | UAV: air=10 rtb=0 chg=0 loiter=0 | TRACKS: vis=0 lost=1 engaged=0 | TOP: black_usv20(x145,981) | KILL=16 | ACTIONS=14 | INTENT: focus=2 ratio=0.20
[t=14,798s] step=580 | MISSION=NORMAL_C | USV: 4/10 (avail=1 int=3 lock=0 frz=0) | UAV: air=10 rtb=0 chg=0 loiter=0 | TRACKS: vis=0 lost=1 engaged=0 | TOP: black_usv20(x143,466) | KILL=16 | ACTIONS=14 | INTENT: focus=2 ratio=0.20
[t=15,232s] step=590 | MISSION=NORMAL_C | USV: 4/10 (avail=1 int=2 lock=1 frz=0) | UAV: air=10 rtb=0 chg=0 loiter=0 | TRACKS: vis=1 lost=0 engaged=1 | TOP: black_usv20(x140,837) | KILL=16 | ACTIONS=14 | INTENT: focus=2 ratio=0.20
[t=15,684s] step=600 | MISSION=NORMAL_C | USV: 4/10 (avail=1 int=3 lock=0 frz=0) | UAV: air=10 rtb=0 chg=0 loiter=0 | TRACKS: vis=1 lost=0 engaged=0 | TOP: black_usv20(x140,031) | KILL=17 | ACTIONS=14 | INTENT: focus=2 ratio=0.20
[t=16,145s] step=610 | MISSION=NORMAL_C | USV: 4/10 (avail=1 int=3 lock=0 frz=0) | UAV: air=10 rtb=0 chg=0 loiter=0 | TRACKS: vis=1 lost=0 engaged=0 | TOP: black_usv20(x140,031) | KILL=17 | ACTIONS=14 | INTENT: focus=2 ratio=0.20
      [KILL] black_usv20
      [RELEASE] white_usv5->black_usv20(目标失效)
      [RELEASE] white_usv1->black_usv20(目标失效)
      [RELEASE] white_usv6->black_usv20(目标失效)
[t=16,617s] step=620 | MISSION=GLOBAL_R | USV: 4/10 (avail=4 int=0 lock=0 frz=0) | UAV: air=10 rtb=0 chg=0 loiter=0 | TRACKS: vis=0 lost=0 engaged=0 | TOP:  | KILL=17 | ACTIONS=14 | INTENT: focus=2 ratio=0.20
      [DETECT] black_usv3
      [ASSIGN] white_usv5->black_usv3
      [ASSIGN] white_usv4->black_usv3
      [ASSIGN] white_usv1->black_usv3
[t=17,021s] step=630 | MISSION=NORMAL_C | USV: 4/10 (avail=4 int=0 lock=0 frz=0) | UAV: air=10 rtb=0 chg=0 loiter=0 | TRACKS: vis=1 lost=0 engaged=0 | TOP: black_usv3(x130,173) | KILL=17 | ACTIONS=14 | INTENT: focus=2 ratio=0.20
      [RELEASE] white_usv5->black_usv3(目标失效)
      [RELEASE] white_usv4->black_usv3(目标失效)
      [RELEASE] white_usv1->black_usv3(目标失效)
[t=17,381s] step=640 | MISSION=NORMAL_C | USV: 4/10 (avail=4 int=0 lock=0 frz=0) | UAV: air=10 rtb=0 chg=0 loiter=0 | TRACKS: vis=0 lost=0 engaged=0 | TOP:  | KILL=17 | ACTIONS=14 | INTENT: focus=2 ratio=0.20
      [DETECT] black_usv3
      [ASSIGN] white_usv5->black_usv3
      [ASSIGN] white_usv4->black_usv3
      [ASSIGN] white_usv1->black_usv3
[t=17,822s] step=650 | MISSION=NORMAL_C | USV: 4/10 (avail=1 int=3 lock=0 frz=0) | UAV: air=10 rtb=0 chg=0 loiter=0 | TRACKS: vis=0 lost=1 engaged=0 | TOP: black_usv3(x127,956) | KILL=17 | ACTIONS=14 | INTENT: focus=2 ratio=0.20
      [RELEASE] white_usv5->black_usv3(目标失效)
      [RELEASE] white_usv4->black_usv3(目标失效)
      [RELEASE] white_usv1->black_usv3(目标失效)
      [DETECT] black_usv3
      [ASSIGN] white_usv5->black_usv3
      [ASSIGN] white_usv4->black_usv3
      [ASSIGN] white_usv1->black_usv3
[t=18,239s] step=660 | MISSION=NORMAL_C | USV: 4/10 (avail=1 int=3 lock=0 frz=0) | UAV: air=10 rtb=0 chg=0 loiter=0 | TRACKS: vis=0 lost=1 engaged=0 | TOP: black_usv3(x126,802) | KILL=17 | ACTIONS=14 | INTENT: focus=2 ratio=0.20
[t=18,662s] step=670 | MISSION=NORMAL_C | USV: 4/10 (avail=1 int=3 lock=0 frz=0) | UAV: air=10 rtb=0 chg=0 loiter=0 | TRACKS: vis=0 lost=1 engaged=0 | TOP: black_usv3(x125,632) | KILL=17 | ACTIONS=14 | INTENT: focus=2 ratio=0.20
[t=19,076s] step=680 | MISSION=NORMAL_C | USV: 4/10 (avail=1 int=3 lock=0 frz=0) | UAV: air=10 rtb=0 chg=0 loiter=0 | TRACKS: vis=1 lost=0 engaged=0 | TOP: black_usv3(x124,486) | KILL=17 | ACTIONS=14 | INTENT: focus=2 ratio=0.20
[t=19,471s] step=690 | MISSION=NORMAL_C | USV: 4/10 (avail=1 int=3 lock=0 frz=0) | UAV: air=10 rtb=0 chg=0 loiter=0 | TRACKS: vis=1 lost=0 engaged=0 | TOP: black_usv3(x123,391) | KILL=17 | ACTIONS=14 | INTENT: focus=2 ratio=0.20
[t=19,880s] step=700 | MISSION=NORMAL_C | USV: 4/10 (avail=1 int=3 lock=0 frz=0) | UAV: air=10 rtb=0 chg=0 loiter=0 | TRACKS: vis=0 lost=1 engaged=0 | TOP: black_usv3(x122,261) | KILL=17 | ACTIONS=14 | INTENT: focus=2 ratio=0.20
[t=20,260s] step=710 | MISSION=NORMAL_C | USV: 4/10 (avail=1 int=1 lock=2 frz=0) | UAV: air=10 rtb=0 chg=0 loiter=0 | TRACKS: vis=1 lost=0 engaged=1 | TOP: black_usv3(x121,207) | KILL=17 | ACTIONS=14 | INTENT: focus=2 ratio=0.20
[t=20,653s] step=720 | MISSION=NORMAL_C | USV: 4/10 (avail=1 int=0 lock=3 frz=0) | UAV: air=10 rtb=0 chg=0 loiter=0 | TRACKS: vis=1 lost=0 engaged=1 | TOP: black_usv3(x120,764) | KILL=17 | ACTIONS=14 | INTENT: focus=2 ratio=0.20
[t=21,147s] step=730 | MISSION=NORMAL_C | USV: 4/10 (avail=1 int=3 lock=0 frz=0) | UAV: air=10 rtb=0 chg=0 loiter=0 | TRACKS: vis=1 lost=0 engaged=0 | TOP: black_usv3(x120,689) | KILL=18 | ACTIONS=14 | INTENT: focus=2 ratio=0.20
      [KILL] black_usv3
      [RELEASE] white_usv5->black_usv3(目标失效)
      [RELEASE] white_usv4->black_usv3(目标失效)
      [RELEASE] white_usv1->black_usv3(目标失效)
[t=21,681s] step=740 | MISSION=GLOBAL_R | USV: 4/10 (avail=4 int=0 lock=0 frz=0) | UAV: air=10 rtb=0 chg=0 loiter=0 | TRACKS: vis=0 lost=0 engaged=0 | TOP:  | KILL=18 | ACTIONS=14 | INTENT: focus=2 ratio=0.20
[t=22,179s] step=750 | MISSION=GLOBAL_R | USV: 4/10 (avail=4 int=0 lock=0 frz=0) | UAV: air=10 rtb=0 chg=0 loiter=0 | TRACKS: vis=0 lost=0 engaged=0 | TOP:  | KILL=18 | ACTIONS=14 | INTENT: focus=2 ratio=0.20
      [DETECT] black_usv2
      [ASSIGN] white_usv5->black_usv2
      [ASSIGN] white_usv4->black_usv2
      [ASSIGN] white_usv1->black_usv2
[t=22,685s] step=760 | MISSION=NORMAL_C | USV: 4/10 (avail=1 int=3 lock=0 frz=0) | UAV: air=10 rtb=0 chg=0 loiter=0 | TRACKS: vis=1 lost=0 engaged=0 | TOP: black_usv2(x96,402) | KILL=18 | ACTIONS=14 | INTENT: focus=2 ratio=0.20
      [UAV RTB] white_uav10(电量1891<1659+300)
[t=23,166s] step=770 | MISSION=NORMAL_C | USV: 4/10 (avail=1 int=2 lock=1 frz=0) | UAV: air=9 rtb=1 chg=0 loiter=0 | TRACKS: vis=1 lost=0 engaged=1 | TOP: black_usv2(x95,270) | KILL=18 | ACTIONS=14 | INTENT: focus=2 ratio=0.20
      [UAV RTB] white_uav7(电量1450<1192+300)
      [UAV RTB] white_uav6(电量1450<1254+300)
      [UAV RTB] white_uav5(电量1451<1249+300)
      [UAV RTB] white_uav4(电量1353<1115+300)
[t=23,659s] step=780 | MISSION=NORMAL_C | USV: 4/10 (avail=1 int=1 lock=2 frz=0) | UAV: air=5 rtb=5 chg=0 loiter=0 | TRACKS: vis=1 lost=0 engaged=1 | TOP: black_usv2(x94,601) | KILL=18 | ACTIONS=14 | INTENT: focus=2 ratio=0.20
      [UAV RTB] white_uav9(电量1309<1013+300)
      [UAV RTB] white_uav8(电量1093<817+300)
      [UAV RTB] white_uav3(电量925<647+300)
      [UAV RTB] white_uav1(电量886<587+300)
      [UAV RTB] white_uav2(电量846<632+300)
[t=24,167s] step=790 | MISSION=NORMAL_C | USV: 4/10 (avail=1 int=3 lock=0 frz=0) | UAV: air=0 rtb=10 chg=0 loiter=0 | TRACKS: vis=1 lost=0 engaged=0 | TOP: black_usv2(x94,557) | KILL=19 | ACTIONS=14 | INTENT: focus=2 ratio=0.20
      [KILL] black_usv2
      [RELEASE] white_usv5->black_usv2(目标失效)
      [RELEASE] white_usv4->black_usv2(目标失效)
      [RELEASE] white_usv1->black_usv2(目标失效)
[t=24,751s] step=800 | MISSION=GLOBAL_R | USV: 4/10 (avail=4 int=0 lock=0 frz=0) | UAV: air=0 rtb=10 chg=0 loiter=0 | TRACKS: vis=0 lost=0 engaged=0 | TOP:  | KILL=19 | ACTIONS=14 | INTENT: focus=2 ratio=0.20
      [UAV LAND] white_uav7->white_usv4
      [UAV LAND] white_uav1->white_usv6
      [UAV RTB] white_uav7(电量170<15+300)
      [UAV LAND] white_uav7->white_usv4
      [UAV LAND] white_uav4->white_usv4
      [UAV LAND] white_uav10->white_usv4
      [UAV RTB] white_uav1(电量103<10+300)
      [UAV LAND] white_uav1->white_usv6
      [UAV RTB] white_uav7(电量104<20+300)
      [UAV RTB] white_uav4(电量104<38+300)
      [UAV RTB] white_uav10(电量106<21+300)
      [UAV RTB] white_uav1(电量37<20+300)
      [UAV LAND] white_uav1->white_usv6
      [UAV LAND] white_uav7->white_usv4
      [UAV LAND] white_uav4->white_usv4
[t=25,651s] step=810 | MISSION=GLOBAL_R | USV: 4/10 (avail=4 int=0 lock=0 frz=0) | UAV: air=0 rtb=0 chg=0 loiter=0 | TRACKS: vis=0 lost=0 engaged=0 | TOP:  | KILL=19 | ACTIONS=4 | INTENT: focus=2 ratio=0.20
[t=26,595s] step=820 | MISSION=GLOBAL_R | USV: 4/10 (avail=4 int=0 lock=0 frz=0) | UAV: air=0 rtb=0 chg=0 loiter=0 | TRACKS: vis=0 lost=0 engaged=0 | TOP:  | KILL=19 | ACTIONS=4 | INTENT: focus=2 ratio=0.20
[t=27,558s] step=830 | MISSION=GLOBAL_R | USV: 4/10 (avail=4 int=0 lock=0 frz=0) | UAV: air=0 rtb=0 chg=0 loiter=0 | TRACKS: vis=0 lost=0 engaged=0 | TOP:  | KILL=19 | ACTIONS=4 | INTENT: focus=2 ratio=0.20
[t=28,485s] step=840 | MISSION=GLOBAL_R | USV: 4/10 (avail=4 int=0 lock=0 frz=0) | UAV: air=0 rtb=0 chg=0 loiter=0 | TRACKS: vis=0 lost=0 engaged=0 | TOP:  | KILL=19 | ACTIONS=4 | INTENT: focus=2 ratio=0.20
[t=29,461s] step=850 | MISSION=GLOBAL_R | USV: 4/10 (avail=4 int=0 lock=0 frz=0) | UAV: air=0 rtb=0 chg=0 loiter=0 | TRACKS: vis=0 lost=0 engaged=0 | TOP:  | KILL=19 | ACTIONS=4 | INTENT: focus=2 ratio=0.20
[t=30,508s] step=860 | MISSION=GLOBAL_R | USV: 4/10 (avail=4 int=0 lock=0 frz=0) | UAV: air=0 rtb=0 chg=0 loiter=0 | TRACKS: vis=0 lost=0 engaged=0 | TOP:  | KILL=19 | ACTIONS=4 | INTENT: focus=2 ratio=0.20
[t=31,566s] step=870 | MISSION=GLOBAL_R | USV: 4/10 (avail=4 int=0 lock=0 frz=0) | UAV: air=0 rtb=0 chg=0 loiter=0 | TRACKS: vis=0 lost=0 engaged=0 | TOP:  | KILL=19 | ACTIONS=4 | INTENT: focus=2 ratio=0.20
[t=32,473s] step=880 | MISSION=GLOBAL_R | USV: 4/10 (avail=4 int=0 lock=0 frz=0) | UAV: air=0 rtb=0 chg=0 loiter=0 | TRACKS: vis=0 lost=0 engaged=0 | TOP:  | KILL=19 | ACTIONS=4 | INTENT: focus=2 ratio=0.20
[t=33,316s] step=890 | MISSION=GLOBAL_R | USV: 4/10 (avail=4 int=0 lock=0 frz=0) | UAV: air=0 rtb=0 chg=0 loiter=0 | TRACKS: vis=0 lost=0 engaged=0 | TOP:  | KILL=19 | ACTIONS=4 | INTENT: focus=2 ratio=0.20
[t=34,287s] step=900 | MISSION=GLOBAL_R | USV: 4/10 (avail=4 int=0 lock=0 frz=0) | UAV: air=0 rtb=0 chg=0 loiter=0 | TRACKS: vis=0 lost=0 engaged=0 | TOP:  | KILL=19 | ACTIONS=4 | INTENT: focus=2 ratio=0.20
[t=35,156s] step=910 | MISSION=GLOBAL_R | USV: 4/10 (avail=4 int=0 lock=0 frz=0) | UAV: air=0 rtb=0 chg=0 loiter=0 | TRACKS: vis=0 lost=0 engaged=0 | TOP:  | KILL=19 | ACTIONS=4 | INTENT: focus=2 ratio=0.20
[t=36,069s] step=920 | MISSION=GLOBAL_R | USV: 4/10 (avail=4 int=0 lock=0 frz=0) | UAV: air=0 rtb=0 chg=0 loiter=0 | TRACKS: vis=0 lost=0 engaged=0 | TOP:  | KILL=19 | ACTIONS=4 | INTENT: focus=2 ratio=0.20
[t=36,897s] step=930 | MISSION=GLOBAL_R | USV: 4/10 (avail=4 int=0 lock=0 frz=0) | UAV: air=0 rtb=0 chg=0 loiter=0 | TRACKS: vis=0 lost=0 engaged=0 | TOP:  | KILL=19 | ACTIONS=4 | INTENT: focus=2 ratio=0.20
[t=37,919s] step=940 | MISSION=GLOBAL_R | USV: 4/10 (avail=4 int=0 lock=0 frz=0) | UAV: air=0 rtb=0 chg=0 loiter=0 | TRACKS: vis=0 lost=0 engaged=0 | TOP:  | KILL=19 | ACTIONS=4 | INTENT: focus=2 ratio=0.20
[t=39,064s] step=950 | MISSION=GLOBAL_R | USV: 4/10 (avail=4 int=0 lock=0 frz=0) | UAV: air=0 rtb=0 chg=0 loiter=0 | TRACKS: vis=0 lost=0 engaged=0 | TOP:  | KILL=19 | ACTIONS=4 | INTENT: focus=2 ratio=0.20
[t=40,175s] step=960 | MISSION=GLOBAL_R | USV: 4/10 (avail=4 int=0 lock=0 frz=0) | UAV: air=0 rtb=0 chg=0 loiter=0 | TRACKS: vis=0 lost=0 engaged=0 | TOP:  | KILL=19 | ACTIONS=4 | INTENT: focus=2 ratio=0.20
[t=41,192s] step=970 | MISSION=GLOBAL_R | USV: 4/10 (avail=4 int=0 lock=0 frz=0) | UAV: air=0 rtb=0 chg=0 loiter=0 | TRACKS: vis=0 lost=0 engaged=0 | TOP:  | KILL=19 | ACTIONS=4 | INTENT: focus=2 ratio=0.20
[t=42,259s] step=980 | MISSION=GLOBAL_R | USV: 4/10 (avail=4 int=0 lock=0 frz=0) | UAV: air=0 rtb=0 chg=0 loiter=0 | TRACKS: vis=0 lost=0 engaged=0 | TOP:  | KILL=19 | ACTIONS=4 | INTENT: focus=2 ratio=0.20
[t=43,220s] step=990 | MISSION=GLOBAL_R | USV: 4/10 (avail=4 int=0 lock=0 frz=0) | UAV: air=0 rtb=0 chg=0 loiter=0 | TRACKS: vis=0 lost=0 engaged=0 | TOP:  | KILL=19 | ACTIONS=4 | INTENT: focus=2 ratio=0.20

========================================================================
对局结果: Result.Victory — 敌方所有单位被击毁
  击杀蓝舰: 20 | 命中: 38 | 我方USV损失: 6 | UAV损失: 10 | 突破: 1
[META] result=Result.Victory victory_time=45700 first_detection=1840 first_lock=7398 first_kill=8316 enemy_kills=20 friendly_usv_losses=6 friendly_uav_losses=10 black_breakthrough=1 reacquire_attempts=151 reacquire_success=150 sensor_assisted_locks=100 low_conf_commitments=0 global_reacquire_entries=5 global_reacquire_success=4 coverage_collapse_events=6 active_clusters_max=1 coverage_quality_final=0.10 commander_source=default_intent commander_calls=0 commander_changes=0 commander_no_change=0 commander_parse_failures=0 commander_api_failures=0 commander_policy_failures=0 commander_avg_latency=0.0
Done
