========================================================================
HYBRID AGENT V5 — Variable-Cardinality Hierarchical Maritime Agent
  启用UAV: True | LLM_ENABLED: False
========================================================================
对局 26 开始
      [UAV RELAUNCH] white_uav1
      [UAV RELAUNCH] white_uav4
      [UAV RELAUNCH] white_uav6
      [UAV RELAUNCH] white_uav9
      [UAV RELAUNCH] white_uav7
      [UAV RELAUNCH] white_uav5
      [UAV RELAUNCH] white_uav8
      [UAV RELAUNCH] white_uav3
      [UAV RELAUNCH] white_uav10
      [UAV RELAUNCH] white_uav2
[t=193s] step=10 | MISSION=NORMAL_C | USV: 10/10 (avail=10 int=0 lock=0 frz=0) | UAV: air=10 rtb=0 chg=0 loiter=0 | TRACKS: vis=0 lost=0 engaged=0 | TOP:  | KILL=0 | ACTIONS=20 | INTENT: focus=2 ratio=0.20
  [INTENT APPLIED]
    ThreatAllocator: focus 2 emergency 3 reserve_ratio 0.20 reserve_usvs None bias breakthrough_eta
    UAVManager: mode search_and_reacquire uav_priority []
[t=376s] step=20 | MISSION=NORMAL_C | USV: 10/10 (avail=10 int=0 lock=0 frz=0) | UAV: air=10 rtb=0 chg=0 loiter=0 | TRACKS: vis=0 lost=0 engaged=0 | TOP:  | KILL=0 | ACTIONS=20 | INTENT: focus=2 ratio=0.20
[t=594s] step=30 | MISSION=NORMAL_C | USV: 10/10 (avail=10 int=0 lock=0 frz=0) | UAV: air=10 rtb=0 chg=0 loiter=0 | TRACKS: vis=0 lost=0 engaged=0 | TOP:  | KILL=0 | ACTIONS=20 | INTENT: focus=2 ratio=0.20
[t=806s] step=40 | MISSION=NORMAL_C | USV: 10/10 (avail=10 int=0 lock=0 frz=0) | UAV: air=10 rtb=0 chg=0 loiter=0 | TRACKS: vis=0 lost=0 engaged=0 | TOP:  | KILL=0 | ACTIONS=20 | INTENT: focus=2 ratio=0.20
[t=1,029s] step=50 | MISSION=NORMAL_C | USV: 10/10 (avail=10 int=0 lock=0 frz=0) | UAV: air=10 rtb=0 chg=0 loiter=0 | TRACKS: vis=0 lost=0 engaged=0 | TOP:  | KILL=0 | ACTIONS=20 | INTENT: focus=2 ratio=0.20
[t=1,226s] step=60 | MISSION=NORMAL_C | USV: 10/10 (avail=10 int=0 lock=0 frz=0) | UAV: air=10 rtb=0 chg=0 loiter=0 | TRACKS: vis=0 lost=0 engaged=0 | TOP:  | KILL=0 | ACTIONS=20 | INTENT: focus=2 ratio=0.20
[t=1,433s] step=70 | MISSION=NORMAL_C | USV: 10/10 (avail=10 int=0 lock=0 frz=0) | UAV: air=10 rtb=0 chg=0 loiter=0 | TRACKS: vis=0 lost=0 engaged=0 | TOP:  | KILL=0 | ACTIONS=20 | INTENT: focus=2 ratio=0.20
[t=1,649s] step=80 | MISSION=NORMAL_C | USV: 10/10 (avail=10 int=0 lock=0 frz=0) | UAV: air=10 rtb=0 chg=0 loiter=0 | TRACKS: vis=0 lost=0 engaged=0 | TOP:  | KILL=0 | ACTIONS=20 | INTENT: focus=2 ratio=0.20
      [DETECT] black_usv14
      [DETECT] black_usv7
      [DETECT] black_usv13
      [DETECT] black_usv11
      [DETECT] black_usv12
      [DETECT] black_usv10
      [DETECT] black_usv8
      [DETECT] black_usv9
      [ASSIGN] white_usv1->black_usv9
      [ASSIGN] white_usv5->black_usv11
      [ASSIGN] white_usv7->black_usv13
      [ASSIGN] white_usv10->black_usv7
      [ASSIGN] white_usv2->black_usv10
      [ASSIGN] white_usv8->black_usv12
      [ASSIGN] white_usv9->black_usv14
      [ASSIGN] white_usv4->black_usv8
[t=1,849s] step=90 | MISSION=NORMAL_C | USV: 10/10 (avail=10 int=0 lock=0 frz=0) | UAV: air=10 rtb=0 chg=0 loiter=0 | TRACKS: vis=8 lost=0 engaged=0 | TOP: black_usv13(x241,493) black_usv11(x241,494) black_usv8(x241,645) | KILL=0 | ACTIONS=20 | INTENT: focus=2 ratio=0.20
      [DETECT] black_usv6
      [DETECT] black_usv15
      [DETECT] black_usv17
      [ASSIGN] white_usv6->black_usv17
      [ASSIGN] white_usv3->black_usv15
      [DETECT] black_usv4
      [DETECT] black_usv16
      [DETECT] black_usv3
      [DETECT] black_usv18
      [DETECT] black_usv5
      [DETECT] black_usv19
      [DETECT] black_usv2
      [DETECT] black_usv20
      [DETECT] black_usv1
[t=2,051s] step=100 | MISSION=NORMAL_C | USV: 10/10 (avail=0 int=10 lock=0 frz=0) | UAV: air=10 rtb=0 chg=0 loiter=0 | TRACKS: vis=20 lost=0 engaged=0 | TOP: black_usv4(x241,476) black_usv6(x241,694) black_usv18(x241,782) | KILL=0 | ACTIONS=20 | INTENT: focus=2 ratio=0.20
[t=2,241s] step=110 | MISSION=NORMAL_C | USV: 10/10 (avail=0 int=10 lock=0 frz=0) | UAV: air=10 rtb=0 chg=0 loiter=0 | TRACKS: vis=20 lost=0 engaged=0 | TOP: black_usv4(x239,782) black_usv6(x240,022) black_usv18(x240,119) | KILL=0 | ACTIONS=20 | INTENT: focus=2 ratio=0.20
[t=2,419s] step=120 | MISSION=NORMAL_C | USV: 10/10 (avail=0 int=10 lock=0 frz=0) | UAV: air=10 rtb=0 chg=0 loiter=0 | TRACKS: vis=20 lost=0 engaged=0 | TOP: black_usv4(x238,195) black_usv6(x238,455) black_usv18(x238,561) | KILL=0 | ACTIONS=20 | INTENT: focus=2 ratio=0.20
[t=2,670s] step=130 | MISSION=NORMAL_C | USV: 10/10 (avail=0 int=10 lock=0 frz=0) | UAV: air=10 rtb=0 chg=0 loiter=0 | TRACKS: vis=19 lost=1 engaged=0 | TOP: black_usv6(x236,247) black_usv18(x236,364) black_usv3(x237,803) | KILL=0 | ACTIONS=20 | INTENT: focus=2 ratio=0.20
[t=2,916s] step=140 | MISSION=NORMAL_C | USV: 10/10 (avail=0 int=10 lock=0 frz=0) | UAV: air=10 rtb=0 chg=0 loiter=0 | TRACKS: vis=18 lost=1 engaged=0 | TOP: black_usv6(x234,082) black_usv18(x234,211) black_usv3(x235,793) | KILL=0 | ACTIONS=20 | INTENT: focus=2 ratio=0.20
[t=3,110s] step=150 | MISSION=NORMAL_C | USV: 10/10 (avail=0 int=10 lock=0 frz=0) | UAV: air=10 rtb=0 chg=0 loiter=0 | TRACKS: vis=19 lost=0 engaged=0 | TOP: black_usv6(x232,375) black_usv18(x232,513) black_usv3(x234,208) | KILL=0 | ACTIONS=20 | INTENT: focus=2 ratio=0.20
[t=3,330s] step=160 | MISSION=NORMAL_C | USV: 10/10 (avail=0 int=10 lock=0 frz=0) | UAV: air=10 rtb=0 chg=0 loiter=0 | TRACKS: vis=19 lost=0 engaged=0 | TOP: black_usv6(x230,439) black_usv18(x230,588) black_usv3(x232,410) | KILL=0 | ACTIONS=20 | INTENT: focus=2 ratio=0.20
[t=3,554s] step=170 | MISSION=NORMAL_C | USV: 10/10 (avail=0 int=10 lock=0 frz=0) | UAV: air=10 rtb=0 chg=0 loiter=0 | TRACKS: vis=18 lost=1 engaged=0 | TOP: black_usv6(x228,460) black_usv3(x230,574) black_usv19(x231,162) | KILL=0 | ACTIONS=20 | INTENT: focus=2 ratio=0.20
[t=3,796s] step=180 | MISSION=NORMAL_C | USV: 10/10 (avail=0 int=10 lock=0 frz=0) | UAV: air=10 rtb=0 chg=0 loiter=0 | TRACKS: vis=19 lost=0 engaged=0 | TOP: black_usv6(x226,338) black_usv3(x228,603) black_usv19(x229,227) | KILL=0 | ACTIONS=20 | INTENT: focus=2 ratio=0.20
[t=4,025s] step=190 | MISSION=NORMAL_C | USV: 10/10 (avail=0 int=10 lock=0 frz=0) | UAV: air=10 rtb=0 chg=0 loiter=0 | TRACKS: vis=18 lost=1 engaged=0 | TOP: black_usv6(x224,316) black_usv3(x226,726) black_usv19(x227,390) | KILL=0 | ACTIONS=20 | INTENT: focus=2 ratio=0.20
[t=4,213s] step=200 | MISSION=NORMAL_C | USV: 10/10 (avail=0 int=10 lock=0 frz=0) | UAV: air=10 rtb=0 chg=0 loiter=0 | TRACKS: vis=18 lost=1 engaged=0 | TOP: black_usv6(x222,668) black_usv3(x225,196) black_usv19(x225,892) | KILL=0 | ACTIONS=20 | INTENT: focus=2 ratio=0.20
[t=4,426s] step=210 | MISSION=NORMAL_C | USV: 10/10 (avail=0 int=10 lock=0 frz=0) | UAV: air=10 rtb=0 chg=0 loiter=0 | TRACKS: vis=16 lost=2 engaged=0 | TOP: black_usv6(x220,789) black_usv3(x223,451) black_usv19(x224,189) | KILL=0 | ACTIONS=20 | INTENT: focus=2 ratio=0.20
[t=4,638s] step=220 | MISSION=NORMAL_C | USV: 10/10 (avail=0 int=10 lock=0 frz=0) | UAV: air=10 rtb=0 chg=0 loiter=0 | TRACKS: vis=18 lost=0 engaged=0 | TOP: black_usv6(x218,921) black_usv3(x221,716) black_usv19(x222,487) | KILL=0 | ACTIONS=20 | INTENT: focus=2 ratio=0.20
[t=4,839s] step=230 | MISSION=NORMAL_C | USV: 10/10 (avail=0 int=10 lock=0 frz=0) | UAV: air=10 rtb=0 chg=0 loiter=0 | TRACKS: vis=18 lost=0 engaged=0 | TOP: black_usv6(x217,159) black_usv3(x220,081) black_usv19(x220,886) | KILL=0 | ACTIONS=20 | INTENT: focus=2 ratio=0.20
[t=5,035s] step=240 | MISSION=NORMAL_C | USV: 10/10 (avail=0 int=10 lock=0 frz=0) | UAV: air=10 rtb=0 chg=0 loiter=0 | TRACKS: vis=18 lost=0 engaged=0 | TOP: black_usv6(x215,429) black_usv3(x218,474) black_usv19(x219,314) | KILL=0 | ACTIONS=20 | INTENT: focus=2 ratio=0.20
[t=5,303s] step=250 | MISSION=NORMAL_C | USV: 10/10 (avail=0 int=10 lock=0 frz=0) | UAV: air=10 rtb=0 chg=0 loiter=0 | TRACKS: vis=18 lost=0 engaged=0 | TOP: black_usv6(x213,076) black_usv3(x216,290) black_usv19(x217,176) | KILL=0 | ACTIONS=20 | INTENT: focus=2 ratio=0.20
[t=5,498s] step=260 | MISSION=NORMAL_C | USV: 10/10 (avail=0 int=10 lock=0 frz=0) | UAV: air=10 rtb=0 chg=0 loiter=0 | TRACKS: vis=18 lost=0 engaged=0 | TOP: black_usv6(x211,360) black_usv3(x214,697) black_usv19(x215,616) | KILL=0 | ACTIONS=20 | INTENT: focus=2 ratio=0.20
[t=5,734s] step=270 | MISSION=NORMAL_C | USV: 10/10 (avail=0 int=10 lock=0 frz=0) | UAV: air=10 rtb=0 chg=0 loiter=0 | TRACKS: vis=17 lost=1 engaged=0 | TOP: black_usv6(x209,283) black_usv3(x212,769) black_usv19(x213,729) | KILL=0 | ACTIONS=20 | INTENT: focus=2 ratio=0.20
[t=5,972s] step=280 | MISSION=NORMAL_C | USV: 10/10 (avail=0 int=10 lock=0 frz=0) | UAV: air=10 rtb=0 chg=0 loiter=0 | TRACKS: vis=14 lost=4 engaged=0 | TOP: black_usv3(x210,824) black_usv19(x211,826) black_usv6(x207,040) | KILL=0 | ACTIONS=20 | INTENT: focus=2 ratio=0.20
[t=6,204s] step=290 | MISSION=NORMAL_C | USV: 10/10 (avail=0 int=10 lock=0 frz=0) | UAV: air=10 rtb=0 chg=0 loiter=0 | TRACKS: vis=18 lost=0 engaged=0 | TOP: black_usv3(x208,929) black_usv19(x209,970) black_usv6(x204,744) | KILL=0 | ACTIONS=20 | INTENT: focus=2 ratio=0.20
[t=6,361s] step=300 | MISSION=NORMAL_C | USV: 10/10 (avail=0 int=10 lock=0 frz=0) | UAV: air=10 rtb=0 chg=0 loiter=0 | TRACKS: vis=15 lost=3 engaged=0 | TOP: black_usv3(x207,646) black_usv19(x208,715) black_usv20(x213,181) | KILL=0 | ACTIONS=20 | INTENT: focus=2 ratio=0.20
[t=6,618s] step=310 | MISSION=NORMAL_C | USV: 10/10 (avail=0 int=10 lock=0 frz=0) | UAV: air=10 rtb=0 chg=0 loiter=0 | TRACKS: vis=15 lost=2 engaged=0 | TOP: black_usv19(x206,660) black_usv20(x211,312) black_usv11(x193,815) | KILL=0 | ACTIONS=20 | INTENT: focus=2 ratio=0.20
      [DETECT] black_usv3
[t=6,850s] step=320 | MISSION=NORMAL_C | USV: 10/10 (avail=0 int=10 lock=0 frz=0) | UAV: air=10 rtb=0 chg=0 loiter=0 | TRACKS: vis=17 lost=1 engaged=0 | TOP: black_usv3(x203,651) black_usv19(x204,797) black_usv20(x209,619) | KILL=0 | ACTIONS=20 | INTENT: focus=2 ratio=0.20
[t=7,078s] step=330 | MISSION=NORMAL_C | USV: 10/10 (avail=0 int=10 lock=0 frz=0) | UAV: air=10 rtb=0 chg=0 loiter=0 | TRACKS: vis=17 lost=0 engaged=0 | TOP: black_usv19(x202,981) black_usv20(x207,967) black_usv11(x189,217) | KILL=0 | ACTIONS=20 | INTENT: focus=2 ratio=0.20
[t=7,317s] step=340 | MISSION=NORMAL_C | USV: 10/10 (avail=0 int=10 lock=0 frz=0) | UAV: air=10 rtb=0 chg=0 loiter=0 | TRACKS: vis=16 lost=1 engaged=0 | TOP: black_usv19(x201,063) black_usv20(x206,223) black_usv11(x186,827) | KILL=0 | ACTIONS=20 | INTENT: focus=2 ratio=0.20
      [ASSIGN] white_usv1->black_usv8(机会锁定)
      [ASSIGN] white_usv2->black_usv8(机会锁定)
      [ASSIGN] white_usv7->black_usv12(机会锁定)
      [ASSIGN] white_usv9->black_usv12(机会锁定)
      [ASSIGN] white_usv6->black_usv12(机会锁定)
      [ASSIGN] white_usv3->black_usv12(机会锁定)
      [ASSIGN] white_usv10->black_usv8(机会锁定)
[t=7,604s] step=350 | MISSION=NORMAL_C | USV: 10/10 (avail=0 int=1 lock=9 frz=0) | UAV: air=10 rtb=0 chg=0 loiter=0 | TRACKS: vis=17 lost=0 engaged=3 | TOP: black_usv10(x184,946) black_usv19(x198,768) black_usv11(x183,949) | KILL=0 | ACTIONS=20 | INTENT: focus=2 ratio=0.20
      [ASSIGN] white_usv5->black_usv10(机会锁定)
      [ASSIGN] white_usv1->black_usv9(机会锁定)
      [ASSIGN] white_usv4->black_usv9(机会锁定)
      [ASSIGN] white_usv2->black_usv11(机会锁定)
      [ASSIGN] white_usv8->black_usv11(机会锁定)
      [ASSIGN] white_usv7->black_usv11(机会锁定)
      [ASSIGN] white_usv9->black_usv13(机会锁定)
      [ASSIGN] white_usv6->black_usv11(机会锁定)
      [ASSIGN] white_usv3->black_usv11(机会锁定)
[t=7,857s] step=360 | MISSION=NORMAL_C | USV: 10/10 (avail=0 int=0 lock=10 frz=0) | UAV: air=10 rtb=0 chg=0 loiter=0 | TRACKS: vis=16 lost=1 engaged=5 | TOP: black_usv12(x184,295) black_usv7(x185,517) black_usv10(x182,427) | KILL=1 | ACTIONS=20 | INTENT: focus=2 ratio=0.20
      [ASSIGN] white_usv10->black_usv10(机会锁定)
      [ASSIGN] white_usv5->black_usv8(机会锁定)
      [ASSIGN] white_usv1->black_usv10(机会锁定)
      [ASSIGN] white_usv5->black_usv12(机会锁定)
      [ASSIGN] white_usv4->black_usv10(机会锁定)
      [ASSIGN] white_usv5->black_usv9(机会锁定)
      [ASSIGN] white_usv7->black_usv12(机会锁定)
      [ASSIGN] white_usv2->black_usv9(机会锁定)
      [ASSIGN] white_usv8->black_usv12(机会锁定)
      [ASSIGN] white_usv6->black_usv17(机会锁定)
      [ASSIGN] white_usv3->black_usv12(机会锁定)
[t=8,045s] step=370 | MISSION=NORMAL_C | USV: 10/10 (avail=0 int=6 lock=4 frz=0) | UAV: air=10 rtb=0 chg=0 loiter=0 | TRACKS: vis=16 lost=1 engaged=2 | TOP: black_usv7(x183,683) black_usv20(x200,928) black_usv9(x181,102) | KILL=4 | ACTIONS=20 | INTENT: focus=2 ratio=0.20
      [ASSIGN] white_usv5->black_usv11(机会锁定)
      [ASSIGN] white_usv7->black_usv11(机会锁定)
      [ASSIGN] white_usv2->black_usv8(机会锁定)
      [ASSIGN] white_usv8->black_usv11(机会锁定)
      [ASSIGN] white_usv9->black_usv16(机会锁定)
      [ASSIGN] white_usv3->black_usv11(机会锁定)
      [ASSIGN] white_usv5->black_usv9(机会锁定)
      [ASSIGN] white_usv7->black_usv12(机会锁定)
      [ASSIGN] white_usv2->black_usv9(机会锁定)
      [ASSIGN] white_usv8->black_usv12(机会锁定)
      [ASSIGN] white_usv3->black_usv12(机会锁定)
      [ASSIGN] white_usv5->black_usv11(机会锁定)
      [ASSIGN] white_usv7->black_usv11(机会锁定)
      [ASSIGN] white_usv2->black_usv8(机会锁定)
      [ASSIGN] white_usv8->black_usv11(机会锁定)
      [ASSIGN] white_usv3->black_usv11(机会锁定)
      [ASSIGN] white_usv5->black_usv9(机会锁定)
      [ASSIGN] white_usv7->black_usv12(机会锁定)
      [ASSIGN] white_usv2->black_usv9(机会锁定)
      [ASSIGN] white_usv8->black_usv12(机会锁定)
      [ASSIGN] white_usv3->black_usv12(机会锁定)
      [ASSIGN] white_usv5->black_usv11(机会锁定)
      [ASSIGN] white_usv7->black_usv11(机会锁定)
      [ASSIGN] white_usv2->black_usv8(机会锁定)
      [ASSIGN] white_usv8->black_usv11(机会锁定)
      [ASSIGN] white_usv3->black_usv11(机会锁定)
      [ASSIGN] white_usv1->black_usv9(机会锁定)
      [ASSIGN] white_usv5->black_usv9(机会锁定)
      [ASSIGN] white_usv7->black_usv12(机会锁定)
      [ASSIGN] white_usv10->black_usv9(机会锁定)
      [ASSIGN] white_usv8->black_usv12(机会锁定)
      [ASSIGN] white_usv4->black_usv9(机会锁定)
      [ASSIGN] white_usv3->black_usv12(机会锁定)
      [ASSIGN] white_usv1->black_usv10(机会锁定)
      [ASSIGN] white_usv5->black_usv11(机会锁定)
      [ASSIGN] white_usv7->black_usv11(机会锁定)
      [ASSIGN] white_usv10->black_usv10(机会锁定)
      [ASSIGN] white_usv8->black_usv11(机会锁定)
      [ASSIGN] white_usv4->black_usv10(机会锁定)
      [ASSIGN] white_usv3->black_usv11(机会锁定)
      [ASSIGN] white_usv1->black_usv9(机会锁定)
      [ASSIGN] white_usv7->black_usv12(机会锁定)
      [ASSIGN] white_usv10->black_usv9(机会锁定)
      [ASSIGN] white_usv8->black_usv12(机会锁定)
      [ASSIGN] white_usv4->black_usv9(机会锁定)
      [ASSIGN] white_usv3->black_usv12(机会锁定)
      [KILL] black_usv12
      [KILL] black_usv8
      [ASSIGN] white_usv1->black_usv10(机会锁定)
      [RELEASE] white_usv7->black_usv12(目标失效)
      [ASSIGN] white_usv7->black_usv11(机会锁定)
      [ASSIGN] white_usv10->black_usv10(机会锁定)
      [RELEASE] white_usv8->black_usv12(目标失效)
      [ASSIGN] white_usv8->black_usv13(机会锁定)
      [ASSIGN] white_usv4->black_usv10(机会锁定)
      [RELEASE] white_usv3->black_usv12(目标失效)
      [ASSIGN] white_usv3->black_usv11(机会锁定)
      [ASSIGN] white_usv1->black_usv9(机会锁定)
      [ASSIGN] white_usv10->black_usv9(机会锁定)
      [ASSIGN] white_usv8->black_usv9(机会锁定)
      [ASSIGN] white_usv4->black_usv9(机会锁定)
[t=8,365s] step=380 | MISSION=NORMAL_C | USV: 9/10 (avail=0 int=7 lock=2 frz=0) | UAV: air=10 rtb=0 chg=0 loiter=0 | TRACKS: vis=14 lost=1 engaged=2 | TOP: black_usv7(x180,483) black_usv9(x181,102) black_usv4(x184,705) | KILL=5 | ACTIONS=19 | INTENT: focus=2 ratio=0.20
      [ASSIGN] white_usv1->black_usv10(机会锁定)
      [ASSIGN] white_usv10->black_usv10(机会锁定)
      [ASSIGN] white_usv8->black_usv13(机会锁定)
      [ASSIGN] white_usv4->black_usv10(机会锁定)
      [ASSIGN] white_usv6->black_usv13(机会锁定)
      [ASSIGN] white_usv1->black_usv9(机会锁定)
      [ASSIGN] white_usv10->black_usv9(机会锁定)
      [ASSIGN] white_usv9->black_usv17(机会锁定)
      [ASSIGN] white_usv4->black_usv9(机会锁定)
      [ASSIGN] white_usv1->black_usv10(机会锁定)
      [ASSIGN] white_usv7->black_usv13(机会锁定)
      [ASSIGN] white_usv10->black_usv10(机会锁定)
      [ASSIGN] white_usv4->black_usv10(机会锁定)
      [ASSIGN] white_usv1->black_usv9(机会锁定)
      [ASSIGN] white_usv10->black_usv9(机会锁定)
      [ASSIGN] white_usv4->black_usv9(机会锁定)
      [ASSIGN] white_usv1->black_usv10(机会锁定)
      [ASSIGN] white_usv10->black_usv10(机会锁定)
      [ASSIGN] white_usv4->black_usv10(机会锁定)
      [ASSIGN] white_usv10->black_usv9(机会锁定)
      [ASSIGN] white_usv4->black_usv9(机会锁定)
      [ASSIGN] white_usv4->black_usv7(机会锁定)
      [ASSIGN] white_usv1->black_usv9(机会锁定)
      [ASSIGN] white_usv5->black_usv9(机会锁定)
      [KILL] black_usv10
      [ASSIGN] white_usv1->black_usv7(机会锁定)
      [ASSIGN] white_usv5->black_usv11(机会锁定)
      [KILL] black_usv11
      [KILL] black_usv9
      [RELEASE] white_usv5->black_usv11(目标失效)
      [RELEASE] white_usv10->black_usv9(目标失效)
      [RELEASE] white_usv3->black_usv11(目标失效)
      [ASSIGN] white_usv3->black_usv13(机会锁定)
[t=8,648s] step=390 | MISSION=NORMAL_C | USV: 8/10 (avail=0 int=3 lock=5 frz=0) | UAV: air=10 rtb=0 chg=0 loiter=0 | TRACKS: vis=9 lost=3 engaged=3 | TOP: black_usv4(x181,875) black_usv5(x182,839) black_usv15(x183,354) | KILL=5 | ACTIONS=18 | INTENT: focus=2 ratio=0.20
      [ASSIGN] white_usv5->black_usv5
      [ASSIGN] white_usv10->black_usv4
      [ASSIGN] white_usv7->black_usv14(机会锁定)
      [DETECT] black_usv3
      [ASSIGN] white_usv9->black_usv15(机会锁定)
      [ASSIGN] white_usv3->black_usv14(机会锁定)
      [ASSIGN] white_usv10->black_usv7(机会锁定)
      [DETECT] black_usv20
[t=8,909s] step=400 | MISSION=NORMAL_C | USV: 7/10 (avail=0 int=2 lock=5 frz=0) | UAV: air=10 rtb=0 chg=0 loiter=0 | TRACKS: vis=13 lost=0 engaged=2 | TOP: black_usv3(x185,907) black_usv20(x193,138) black_usv4(x179,265) | KILL=6 | ACTIONS=17 | INTENT: focus=2 ratio=0.20
      [ASSIGN] white_usv7->black_usv15(机会锁定)
      [ASSIGN] white_usv3->black_usv16(机会锁定)
      [ASSIGN] white_usv5->black_usv7(机会锁定)
[t=9,238s] step=410 | MISSION=NORMAL_C | USV: 7/10 (avail=0 int=5 lock=2 frz=0) | UAV: air=10 rtb=0 chg=0 loiter=0 | TRACKS: vis=13 lost=0 engaged=2 | TOP: black_usv3(x182,851) black_usv20(x190,525) black_usv6(x177,298) | KILL=7 | ACTIONS=17 | INTENT: focus=2 ratio=0.20
      [KILL] black_usv13
      [RELEASE] white_usv8->black_usv13(目标失效)
      [ASSIGN] white_usv8->black_usv17(机会锁定)
      [ASSIGN] white_usv7->black_usv14(机会锁定)
      [ASSIGN] white_usv10->black_usv5(机会锁定)
      [ASSIGN] white_usv3->black_usv15(机会锁定)
      [ASSIGN] white_usv3->black_usv16(机会锁定)
      [KILL] black_usv7
      [RELEASE] white_usv1->black_usv7(目标失效)
      [RELEASE] white_usv5->black_usv7(目标失效)
      [RELEASE] white_usv4->black_usv7(目标失效)
      [ASSIGN] white_usv3->black_usv15(机会锁定)
      [ASSIGN] white_usv1->black_usv3
      [ASSIGN] white_usv5->black_usv4
      [ASSIGN] white_usv4->black_usv20
      [ASSIGN] white_usv3->black_usv16(机会锁定)
[t=9,539s] step=420 | MISSION=NORMAL_C | USV: 7/10 (avail=3 int=1 lock=3 frz=0) | UAV: air=10 rtb=0 chg=0 loiter=0 | TRACKS: vis=11 lost=0 engaged=3 | TOP: black_usv6(x174,389) black_usv16(x177,710) black_usv18(x179,700) | KILL=9 | ACTIONS=17 | INTENT: focus=2 ratio=0.20
      [ASSIGN] white_usv3->black_usv15(机会锁定)
      [ASSIGN] white_usv3->black_usv16(机会锁定)
      [ASSIGN] white_usv1->black_usv5(机会锁定)
      [ASSIGN] white_usv3->black_usv15(机会锁定)
      [ASSIGN] white_usv8->black_usv16(机会锁定)
      [ASSIGN] white_usv3->black_usv16(机会锁定)
      [ASSIGN] white_usv5->black_usv5(机会锁定)
      [ASSIGN] white_usv7->black_usv17(机会锁定)
      [ASSIGN] white_usv10->black_usv6(机会锁定)
      [ASSIGN] white_usv8->black_usv17(机会锁定)
      [ASSIGN] white_usv3->black_usv17(机会锁定)
      [ASSIGN] white_usv7->black_usv16(机会锁定)
      [ASSIGN] white_usv8->black_usv16(机会锁定)
      [ASSIGN] white_usv3->black_usv16(机会锁定)
      [ASSIGN] white_usv7->black_usv17(机会锁定)
      [ASSIGN] white_usv8->black_usv17(机会锁定)
      [ASSIGN] white_usv3->black_usv17(机会锁定)
      [ASSIGN] white_usv7->black_usv16(机会锁定)
      [ASSIGN] white_usv8->black_usv16(机会锁定)
      [ASSIGN] white_usv3->black_usv16(机会锁定)
      [ASSIGN] white_usv7->black_usv17(机会锁定)
      [ASSIGN] white_usv8->black_usv17(机会锁定)
      [ASSIGN] white_usv3->black_usv17(机会锁定)
      [ASSIGN] white_usv7->black_usv16(机会锁定)
      [ASSIGN] white_usv8->black_usv16(机会锁定)
      [ASSIGN] white_usv3->black_usv16(机会锁定)
[t=9,856s] step=430 | MISSION=NORMAL_C | USV: 7/10 (avail=0 int=4 lock=3 frz=0) | UAV: air=10 rtb=0 chg=0 loiter=0 | TRACKS: vis=11 lost=0 engaged=2 | TOP: black_usv3(x176,671) black_usv4(x170,500) black_usv14(x176,398) | KILL=11 | ACTIONS=17 | INTENT: focus=2 ratio=0.20
      [ASSIGN] white_usv7->black_usv17(机会锁定)
      [ASSIGN] white_usv8->black_usv17(机会锁定)
      [ASSIGN] white_usv3->black_usv17(机会锁定)
      [ASSIGN] white_usv7->black_usv16(机会锁定)
      [ASSIGN] white_usv8->black_usv16(机会锁定)
      [ASSIGN] white_usv3->black_usv16(机会锁定)
      [ASSIGN] white_usv1->black_usv4(机会锁定)
      [ASSIGN] white_usv7->black_usv17(机会锁定)
      [ASSIGN] white_usv3->black_usv17(机会锁定)
      [KILL] black_usv15
      [ASSIGN] white_usv7->black_usv14(机会锁定)
      [ASSIGN] white_usv5->black_usv4(机会锁定)
      [ASSIGN] white_usv7->black_usv17(机会锁定)
      [ASSIGN] white_usv10->black_usv4(机会锁定)
      [ASSIGN] white_usv8->black_usv17(机会锁定)
      [KILL] black_usv16
      [ASSIGN] white_usv8->black_usv14(机会锁定)
      [ASSIGN] white_usv8->black_usv17(机会锁定)
      [ASSIGN] white_usv8->black_usv14(机会锁定)
      [DETECT] black_usv2
      [ASSIGN] white_usv8->black_usv17(机会锁定)
      [ASSIGN] white_usv7->black_usv14(机会锁定)
      [ASSIGN] white_usv8->black_usv14(机会锁定)
[t=10,222s] step=440 | MISSION=NORMAL_C | USV: 6/10 (avail=0 int=3 lock=3 frz=0) | UAV: air=10 rtb=0 chg=0 loiter=0 | TRACKS: vis=10 lost=0 engaged=1 | TOP: black_usv2(x181,702) black_usv6(x167,576) black_usv5(x172,519) | KILL=12 | ACTIONS=16 | INTENT: focus=2 ratio=0.20
      [KILL] black_usv17
      [ASSIGN] white_usv1->black_usv6(机会锁定)
      [KILL] black_usv14
      [RELEASE] white_usv7->black_usv14(目标失效)
      [RELEASE] white_usv8->black_usv14(目标失效)
      [ASSIGN] white_usv5->black_usv5(机会锁定)
      [ASSIGN] white_usv7->black_usv18
      [ASSIGN] white_usv10->black_usv5(机会锁定)
      [ASSIGN] white_usv8->black_usv2
      [ASSIGN] white_usv5->black_usv4(机会锁定)
      [ASSIGN] white_usv10->black_usv4(机会锁定)
      [ASSIGN] white_usv5->black_usv5(机会锁定)
      [ASSIGN] white_usv10->black_usv5(机会锁定)
      [ASSIGN] white_usv5->black_usv4(机会锁定)
      [ASSIGN] white_usv10->black_usv4(机会锁定)
      [ASSIGN] white_usv5->black_usv5(机会锁定)
      [ASSIGN] white_usv10->black_usv5(机会锁定)
      [ASSIGN] white_usv5->black_usv4(机会锁定)
      [ASSIGN] white_usv10->black_usv4(机会锁定)
      [ASSIGN] white_usv5->black_usv5(机会锁定)
      [ASSIGN] white_usv10->black_usv6(机会锁定)
[t=10,554s] step=450 | MISSION=NORMAL_C | USV: 6/10 (avail=0 int=5 lock=1 frz=0) | UAV: air=10 rtb=0 chg=0 loiter=0 | TRACKS: vis=8 lost=0 engaged=1 | TOP: black_usv19(x172,002) black_usv5(x172,519) black_usv3(x171,372) | KILL=13 | ACTIONS=16 | INTENT: focus=2 ratio=0.20
      [ASSIGN] white_usv5->black_usv4(机会锁定)
      [ASSIGN] white_usv5->black_usv5(机会锁定)
      [KILL] black_usv5
      [ASSIGN] white_usv1->black_usv4(机会锁定)
      [RELEASE] white_usv5->black_usv5(目标失效)
      [ASSIGN] white_usv5->black_usv4(机会锁定)
      [ASSIGN] white_usv1->black_usv6(机会锁定)
[t=10,848s] step=460 | MISSION=NORMAL_C | USV: 6/10 (avail=0 int=4 lock=2 frz=0) | UAV: air=10 rtb=0 chg=0 loiter=0 | TRACKS: vis=7 lost=0 engaged=1 | TOP: black_usv3(x168,910) black_usv19(x169,084) black_usv2(x177,521) | KILL=13 | ACTIONS=16 | INTENT: focus=2 ratio=0.20
      [KILL] black_usv4
      [RELEASE] white_usv5->black_usv4(目标失效)
      [ASSIGN] white_usv5->black_usv6(机会锁定)
[t=11,239s] step=470 | MISSION=NORMAL_C | USV: 6/10 (avail=0 int=5 lock=1 frz=0) | UAV: air=10 rtb=0 chg=0 loiter=0 | TRACKS: vis=6 lost=0 engaged=1 | TOP: black_usv3(x165,007) black_usv19(x165,219) black_usv18(x163,673) | KILL=14 | ACTIONS=16 | INTENT: focus=2 ratio=0.20
      [ASSIGN] white_usv4->black_usv18(机会锁定)
      [KILL] black_usv6
      [RELEASE] white_usv1->black_usv6(目标失效)
      [RELEASE] white_usv5->black_usv6(目标失效)
      [RELEASE] white_usv10->black_usv6(目标失效)
      [ASSIGN] white_usv1->black_usv3
      [ASSIGN] white_usv5->black_usv19
      [ASSIGN] white_usv10->black_usv20
[t=11,579s] step=480 | MISSION=NORMAL_C | USV: 6/10 (avail=0 int=4 lock=2 frz=0) | UAV: air=10 rtb=0 chg=0 loiter=0 | TRACKS: vis=5 lost=0 engaged=1 | TOP: black_usv3(x161,626) black_usv2(x171,416) black_usv19(x161,903) | KILL=14 | ACTIONS=16 | INTENT: focus=2 ratio=0.20
      [ASSIGN] white_usv4->black_usv19(机会锁定)
[t=11,976s] step=490 | MISSION=NORMAL_C | USV: 6/10 (avail=0 int=5 lock=1 frz=0) | UAV: air=10 rtb=0 chg=0 loiter=0 | TRACKS: vis=5 lost=0 engaged=1 | TOP: black_usv3(x157,672) black_usv2(x168,160) black_usv19(x158,036) | KILL=15 | ACTIONS=16 | INTENT: focus=2 ratio=0.20
      [ASSIGN] white_usv4->black_usv18(机会锁定)
[t=12,311s] step=500 | MISSION=NORMAL_C | USV: 6/10 (avail=0 int=5 lock=1 frz=0) | UAV: air=10 rtb=0 chg=0 loiter=0 | TRACKS: vis=5 lost=0 engaged=1 | TOP: black_usv3(x155,869) black_usv2(x165,411) black_usv20(x162,763) | KILL=15 | ACTIONS=16 | INTENT: focus=2 ratio=0.20
      [KILL] black_usv18
      [RELEASE] white_usv7->black_usv18(目标失效)
      [RELEASE] white_usv4->black_usv18(目标失效)
      [ASSIGN] white_usv4->black_usv19(机会锁定)
      [ASSIGN] white_usv7->black_usv3
[t=12,684s] step=510 | MISSION=NORMAL_C | USV: 6/10 (avail=0 int=5 lock=1 frz=0) | UAV: air=10 rtb=0 chg=0 loiter=0 | TRACKS: vis=3 lost=1 engaged=1 | TOP: black_usv2(x162,351) black_usv20(x159,037) black_usv3(x153,617) | KILL=16 | ACTIONS=16 | INTENT: focus=2 ratio=0.20
      [RELEASE] white_usv8->black_usv2(目标失效)
      [ASSIGN] white_usv8->black_usv20
      [DETECT] black_usv2
[t=13,138s] step=520 | MISSION=NORMAL_C | USV: 6/10 (avail=0 int=5 lock=1 frz=0) | UAV: air=10 rtb=0 chg=0 loiter=0 | TRACKS: vis=4 lost=0 engaged=1 | TOP: black_usv2(x157,831) black_usv3(x149,759) black_usv19(x154,333) | KILL=16 | ACTIONS=16 | INTENT: focus=2 ratio=0.20
      [KILL] black_usv19
      [RELEASE] white_usv5->black_usv19(目标失效)
      [RELEASE] white_usv4->black_usv19(目标失效)
      [ASSIGN] white_usv5->black_usv2
      [ASSIGN] white_usv4->black_usv2
[t=13,541s] step=530 | MISSION=NORMAL_C | USV: 6/10 (avail=0 int=6 lock=0 frz=0) | UAV: air=10 rtb=0 chg=0 loiter=0 | TRACKS: vis=3 lost=0 engaged=0 | TOP: black_usv2(x153,814) black_usv3(x149,239) black_usv20(x151,671) | KILL=17 | ACTIONS=16 | INTENT: focus=2 ratio=0.20
      [DETECT] black_usv1
      [KILL] black_usv3
      [RELEASE] white_usv1->black_usv3(目标失效)
      [RELEASE] white_usv7->black_usv3(目标失效)
      [ASSIGN] white_usv1->black_usv1
      [ASSIGN] white_usv7->black_usv1
      [RELEASE] white_usv10->black_usv20(目标失效)
      [RELEASE] white_usv8->black_usv20(目标失效)
      [ASSIGN] white_usv10->black_usv1
      [ASSIGN] white_usv8->black_usv2
[t=13,988s] step=540 | MISSION=NORMAL_C | USV: 6/10 (avail=0 int=6 lock=0 frz=0) | UAV: air=10 rtb=0 chg=0 loiter=0 | TRACKS: vis=1 lost=1 engaged=0 | TOP: black_usv2(x149,535) black_usv1(x171,987) | KILL=17 | ACTIONS=16 | INTENT: focus=2 ratio=0.20
      [RELEASE] white_usv5->black_usv2(目标失效)
      [RELEASE] white_usv8->black_usv2(目标失效)
      [RELEASE] white_usv4->black_usv2(目标失效)
[t=14,369s] step=550 | MISSION=NORMAL_C | USV: 6/10 (avail=3 int=3 lock=0 frz=0) | UAV: air=10 rtb=0 chg=0 loiter=0 | TRACKS: vis=0 lost=1 engaged=0 | TOP: black_usv1(x169,320) | KILL=17 | ACTIONS=16 | INTENT: focus=2 ratio=0.20
      [RELEASE] white_usv1->black_usv1(目标失效)
      [RELEASE] white_usv7->black_usv1(目标失效)
      [RELEASE] white_usv10->black_usv1(目标失效)
[t=14,808s] step=560 | MISSION=GLOBAL_R | USV: 6/10 (avail=6 int=0 lock=0 frz=0) | UAV: air=10 rtb=0 chg=0 loiter=0 | TRACKS: vis=0 lost=0 engaged=0 | TOP:  | KILL=17 | ACTIONS=16 | INTENT: focus=2 ratio=0.20
      [DETECT] black_usv2
      [ASSIGN] white_usv1->black_usv2
      [ASSIGN] white_usv5->black_usv2
      [ASSIGN] white_usv8->black_usv2
[t=15,214s] step=570 | MISSION=NORMAL_C | USV: 6/10 (avail=3 int=3 lock=0 frz=0) | UAV: air=10 rtb=0 chg=0 loiter=0 | TRACKS: vis=0 lost=1 engaged=0 | TOP: black_usv2(x140,122) | KILL=17 | ACTIONS=16 | INTENT: focus=2 ratio=0.20
      [RELEASE] white_usv1->black_usv2(目标失效)
      [RELEASE] white_usv5->black_usv2(目标失效)
      [RELEASE] white_usv8->black_usv2(目标失效)
[t=15,632s] step=580 | MISSION=GLOBAL_R | USV: 6/10 (avail=6 int=0 lock=0 frz=0) | UAV: air=10 rtb=0 chg=0 loiter=0 | TRACKS: vis=0 lost=0 engaged=0 | TOP:  | KILL=17 | ACTIONS=16 | INTENT: focus=2 ratio=0.20
      [DETECT] black_usv2
      [ASSIGN] white_usv1->black_usv2(机会锁定)
      [ASSIGN] white_usv5->black_usv2
      [ASSIGN] white_usv8->black_usv2
[t=16,137s] step=590 | MISSION=NORMAL_C | USV: 6/10 (avail=3 int=2 lock=1 frz=0) | UAV: air=10 rtb=0 chg=0 loiter=0 | TRACKS: vis=1 lost=0 engaged=1 | TOP: black_usv2(x133,824) | KILL=17 | ACTIONS=16 | INTENT: focus=2 ratio=0.20
[t=16,584s] step=600 | MISSION=NORMAL_C | USV: 6/10 (avail=3 int=2 lock=1 frz=0) | UAV: air=10 rtb=0 chg=0 loiter=0 | TRACKS: vis=1 lost=0 engaged=1 | TOP: black_usv2(x132,745) | KILL=17 | ACTIONS=16 | INTENT: focus=2 ratio=0.20
[t=17,067s] step=610 | MISSION=NORMAL_C | USV: 6/10 (avail=3 int=3 lock=0 frz=0) | UAV: air=10 rtb=0 chg=0 loiter=0 | TRACKS: vis=1 lost=0 engaged=0 | TOP: black_usv2(x132,525) | KILL=18 | ACTIONS=16 | INTENT: focus=2 ratio=0.20
      [KILL] black_usv2
      [RELEASE] white_usv1->black_usv2(目标失效)
      [RELEASE] white_usv5->black_usv2(目标失效)
      [RELEASE] white_usv8->black_usv2(目标失效)
[t=17,587s] step=620 | MISSION=GLOBAL_R | USV: 6/10 (avail=6 int=0 lock=0 frz=0) | UAV: air=10 rtb=0 chg=0 loiter=0 | TRACKS: vis=0 lost=0 engaged=0 | TOP:  | KILL=18 | ACTIONS=16 | INTENT: focus=2 ratio=0.20
      [DETECT] black_usv1
      [ASSIGN] white_usv1->black_usv1
      [ASSIGN] white_usv5->black_usv1
      [ASSIGN] white_usv8->black_usv1
[t=18,069s] step=630 | MISSION=NORMAL_C | USV: 6/10 (avail=3 int=3 lock=0 frz=0) | UAV: air=10 rtb=0 chg=0 loiter=0 | TRACKS: vis=0 lost=1 engaged=0 | TOP: black_usv1(x138,638) | KILL=18 | ACTIONS=16 | INTENT: focus=2 ratio=0.20
      [RELEASE] white_usv1->black_usv1(目标失效)
      [RELEASE] white_usv5->black_usv1(目标失效)
      [RELEASE] white_usv8->black_usv1(目标失效)
[t=18,530s] step=640 | MISSION=GLOBAL_R | USV: 6/10 (avail=6 int=0 lock=0 frz=0) | UAV: air=10 rtb=0 chg=0 loiter=0 | TRACKS: vis=0 lost=0 engaged=0 | TOP:  | KILL=18 | ACTIONS=16 | INTENT: focus=2 ratio=0.20
      [DETECT] black_usv1
      [ASSIGN] white_usv1->black_usv1
      [ASSIGN] white_usv5->black_usv1
      [ASSIGN] white_usv8->black_usv1
[t=19,000s] step=650 | MISSION=NORMAL_C | USV: 6/10 (avail=3 int=3 lock=0 frz=0) | UAV: air=10 rtb=0 chg=0 loiter=0 | TRACKS: vis=1 lost=0 engaged=0 | TOP: black_usv1(x130,070) | KILL=18 | ACTIONS=16 | INTENT: focus=2 ratio=0.20
[t=19,451s] step=660 | MISSION=NORMAL_C | USV: 6/10 (avail=3 int=3 lock=0 frz=0) | UAV: air=10 rtb=0 chg=0 loiter=0 | TRACKS: vis=0 lost=1 engaged=0 | TOP: black_usv1(x125,560) | KILL=18 | ACTIONS=16 | INTENT: focus=2 ratio=0.20
[t=19,937s] step=670 | MISSION=NORMAL_C | USV: 6/10 (avail=3 int=3 lock=0 frz=0) | UAV: air=10 rtb=0 chg=0 loiter=0 | TRACKS: vis=1 lost=0 engaged=0 | TOP: black_usv1(x121,124) | KILL=18 | ACTIONS=16 | INTENT: focus=2 ratio=0.20
[t=20,381s] step=680 | MISSION=NORMAL_C | USV: 6/10 (avail=3 int=3 lock=0 frz=0) | UAV: air=10 rtb=0 chg=0 loiter=0 | TRACKS: vis=0 lost=1 engaged=0 | TOP: black_usv1(x117,208) | KILL=18 | ACTIONS=16 | INTENT: focus=2 ratio=0.20
      [RELEASE] white_usv1->black_usv1(目标失效)
      [RELEASE] white_usv5->black_usv1(目标失效)
      [RELEASE] white_usv8->black_usv1(目标失效)
      [DETECT] black_usv1
      [ASSIGN] white_usv1->black_usv1(机会锁定)
      [ASSIGN] white_usv5->black_usv1
      [ASSIGN] white_usv8->black_usv1
[t=20,866s] step=690 | MISSION=NORMAL_C | USV: 6/10 (avail=3 int=2 lock=1 frz=0) | UAV: air=9 rtb=0 chg=0 loiter=0 | TRACKS: vis=1 lost=0 engaged=1 | TOP: black_usv1(x112,930) | KILL=18 | ACTIONS=15 | INTENT: focus=2 ratio=0.20
[t=21,353s] step=700 | MISSION=NORMAL_C | USV: 6/10 (avail=3 int=2 lock=1 frz=0) | UAV: air=9 rtb=0 chg=0 loiter=0 | TRACKS: vis=1 lost=0 engaged=1 | TOP: black_usv1(x110,478) | KILL=18 | ACTIONS=15 | INTENT: focus=2 ratio=0.20
[t=21,902s] step=710 | MISSION=NORMAL_C | USV: 6/10 (avail=3 int=3 lock=0 frz=0) | UAV: air=9 rtb=0 chg=0 loiter=0 | TRACKS: vis=1 lost=0 engaged=0 | TOP: black_usv1(x110,055) | KILL=19 | ACTIONS=15 | INTENT: focus=2 ratio=0.20
      [KILL] black_usv1
      [RELEASE] white_usv1->black_usv1(目标失效)
      [RELEASE] white_usv5->black_usv1(目标失效)
      [RELEASE] white_usv8->black_usv1(目标失效)
[t=22,513s] step=720 | MISSION=GLOBAL_R | USV: 6/10 (avail=6 int=0 lock=0 frz=0) | UAV: air=9 rtb=0 chg=0 loiter=0 | TRACKS: vis=0 lost=0 engaged=0 | TOP:  | KILL=19 | ACTIONS=15 | INTENT: focus=2 ratio=0.20
[t=23,081s] step=730 | MISSION=GLOBAL_R | USV: 6/10 (avail=6 int=0 lock=0 frz=0) | UAV: air=9 rtb=0 chg=0 loiter=0 | TRACKS: vis=0 lost=0 engaged=0 | TOP:  | KILL=19 | ACTIONS=15 | INTENT: focus=2 ratio=0.20
      [UAV RTB] white_uav8(电量1616<1335+300)
[t=23,614s] step=740 | MISSION=GLOBAL_R | USV: 6/10 (avail=6 int=0 lock=0 frz=0) | UAV: air=8 rtb=1 chg=0 loiter=0 | TRACKS: vis=0 lost=0 engaged=0 | TOP:  | KILL=19 | ACTIONS=15 | INTENT: focus=2 ratio=0.20
      [UAV RTB] white_uav2(电量1058<854+300)
      [UAV RTB] white_uav9(电量1008<783+300)
      [UAV RTB] white_uav7(电量934<665+300)
      [UAV RTB] white_uav3(电量935<711+300)
[t=24,124s] step=750 | MISSION=GLOBAL_R | USV: 6/10 (avail=6 int=0 lock=0 frz=0) | UAV: air=4 rtb=5 chg=0 loiter=0 | TRACKS: vis=0 lost=0 engaged=0 | TOP:  | KILL=19 | ACTIONS=15 | INTENT: focus=2 ratio=0.20
      [UAV RTB] white_uav1(电量801<571+300)
      [UAV RTB] white_uav6(电量738<444+300)
      [UAV RTB] white_uav5(电量740<452+300)
      [UAV RTB] white_uav4(电量591<314+300)
[t=24,639s] step=760 | MISSION=GLOBAL_R | USV: 6/10 (avail=6 int=0 lock=0 frz=0) | UAV: air=0 rtb=9 chg=0 loiter=0 | TRACKS: vis=0 lost=0 engaged=0 | TOP:  | KILL=19 | ACTIONS=15 | INTENT: focus=2 ratio=0.20
      [UAV LAND] white_uav8->white_usv10
      [UAV LAND] white_uav6->white_usv5
      [UAV LAND] white_uav7->white_usv5
      [UAV LAND] white_uav5->white_usv8
      [UAV RTB] white_uav8(电量235<4+300)
      [UAV LAND] white_uav8->white_usv10
      [UAV RTB] white_uav6(电量179<35+300)
      [UAV RTB] white_uav7(电量181<19+300)
      [UAV LAND] white_uav7->white_usv1
      [UAV RTB] white_uav5(电量181<51+300)
      [UAV RTB] white_uav8(电量182<22+300)
      [UAV LAND] white_uav1->white_usv8
      [UAV LAND] white_uav6->white_usv1
      [UAV LAND] white_uav9->white_usv8
      [UAV RTB] white_uav7(电量131<6+300)
      [UAV LAND] white_uav7->white_usv5
      [UAV LAND] white_uav8->white_usv10
      [UAV LAND] white_uav2->white_usv8
      [UAV RTB] white_uav1(电量63<25+300)
      [UAV RTB] white_uav6(电量64<27+300)
      [UAV RTB] white_uav9(电量65<34+300)
      [UAV RTB] white_uav7(电量66<14+300)
      [UAV LAND] white_uav7->white_usv1
      [UAV RTB] white_uav8(电量67<17+300)
      [UAV LAND] white_uav8->white_usv10
      [UAV RTB] white_uav2(电量69<29+300)
      [UAV RTB] white_uav7(电量3<9+300)
      [UAV RTB] white_uav8(电量4<3+300)
[t=25,273s] step=770 | MISSION=GLOBAL_R | USV: 6/10 (avail=6 int=0 lock=0 frz=0) | UAV: air=0 rtb=0 chg=0 loiter=0 | TRACKS: vis=0 lost=0 engaged=0 | TOP:  | KILL=19 | ACTIONS=6 | INTENT: focus=2 ratio=0.20
[t=26,088s] step=780 | MISSION=GLOBAL_R | USV: 6/10 (avail=6 int=0 lock=0 frz=0) | UAV: air=0 rtb=0 chg=0 loiter=0 | TRACKS: vis=0 lost=0 engaged=0 | TOP:  | KILL=19 | ACTIONS=6 | INTENT: focus=2 ratio=0.20
[t=26,874s] step=790 | MISSION=GLOBAL_R | USV: 6/10 (avail=6 int=0 lock=0 frz=0) | UAV: air=0 rtb=0 chg=0 loiter=0 | TRACKS: vis=0 lost=0 engaged=0 | TOP:  | KILL=19 | ACTIONS=6 | INTENT: focus=2 ratio=0.20
[t=27,682s] step=800 | MISSION=GLOBAL_R | USV: 6/10 (avail=6 int=0 lock=0 frz=0) | UAV: air=0 rtb=0 chg=0 loiter=0 | TRACKS: vis=0 lost=0 engaged=0 | TOP:  | KILL=19 | ACTIONS=6 | INTENT: focus=2 ratio=0.20
[t=28,439s] step=810 | MISSION=GLOBAL_R | USV: 6/10 (avail=6 int=0 lock=0 frz=0) | UAV: air=0 rtb=0 chg=0 loiter=0 | TRACKS: vis=0 lost=0 engaged=0 | TOP:  | KILL=19 | ACTIONS=6 | INTENT: focus=2 ratio=0.20
[t=29,286s] step=820 | MISSION=GLOBAL_R | USV: 6/10 (avail=6 int=0 lock=0 frz=0) | UAV: air=0 rtb=0 chg=0 loiter=0 | TRACKS: vis=0 lost=0 engaged=0 | TOP:  | KILL=19 | ACTIONS=6 | INTENT: focus=2 ratio=0.20
[t=30,023s] step=830 | MISSION=GLOBAL_R | USV: 6/10 (avail=6 int=0 lock=0 frz=0) | UAV: air=0 rtb=0 chg=0 loiter=0 | TRACKS: vis=0 lost=0 engaged=0 | TOP:  | KILL=19 | ACTIONS=6 | INTENT: focus=2 ratio=0.20
[t=30,927s] step=840 | MISSION=GLOBAL_R | USV: 6/10 (avail=6 int=0 lock=0 frz=0) | UAV: air=0 rtb=0 chg=0 loiter=0 | TRACKS: vis=0 lost=0 engaged=0 | TOP:  | KILL=19 | ACTIONS=6 | INTENT: focus=2 ratio=0.20
[t=31,776s] step=850 | MISSION=GLOBAL_R | USV: 6/10 (avail=6 int=0 lock=0 frz=0) | UAV: air=0 rtb=0 chg=0 loiter=0 | TRACKS: vis=0 lost=0 engaged=0 | TOP:  | KILL=19 | ACTIONS=6 | INTENT: focus=2 ratio=0.20
[t=32,509s] step=860 | MISSION=GLOBAL_R | USV: 6/10 (avail=6 int=0 lock=0 frz=0) | UAV: air=0 rtb=0 chg=0 loiter=0 | TRACKS: vis=0 lost=0 engaged=0 | TOP:  | KILL=19 | ACTIONS=6 | INTENT: focus=2 ratio=0.20
[t=33,211s] step=870 | MISSION=GLOBAL_R | USV: 6/10 (avail=6 int=0 lock=0 frz=0) | UAV: air=0 rtb=0 chg=0 loiter=0 | TRACKS: vis=0 lost=0 engaged=0 | TOP:  | KILL=19 | ACTIONS=6 | INTENT: focus=2 ratio=0.20
[t=34,290s] step=880 | MISSION=GLOBAL_R | USV: 6/10 (avail=6 int=0 lock=0 frz=0) | UAV: air=0 rtb=0 chg=0 loiter=0 | TRACKS: vis=0 lost=0 engaged=0 | TOP:  | KILL=19 | ACTIONS=6 | INTENT: focus=2 ratio=0.20
[t=35,053s] step=890 | MISSION=GLOBAL_R | USV: 6/10 (avail=6 int=0 lock=0 frz=0) | UAV: air=0 rtb=0 chg=0 loiter=0 | TRACKS: vis=0 lost=0 engaged=0 | TOP:  | KILL=19 | ACTIONS=6 | INTENT: focus=2 ratio=0.20
[t=35,878s] step=900 | MISSION=GLOBAL_R | USV: 6/10 (avail=6 int=0 lock=0 frz=0) | UAV: air=0 rtb=0 chg=0 loiter=0 | TRACKS: vis=0 lost=0 engaged=0 | TOP:  | KILL=19 | ACTIONS=6 | INTENT: focus=2 ratio=0.20
[t=36,846s] step=910 | MISSION=GLOBAL_R | USV: 6/10 (avail=6 int=0 lock=0 frz=0) | UAV: air=0 rtb=0 chg=0 loiter=0 | TRACKS: vis=0 lost=0 engaged=0 | TOP:  | KILL=19 | ACTIONS=6 | INTENT: focus=2 ratio=0.20
[t=37,699s] step=920 | MISSION=GLOBAL_R | USV: 6/10 (avail=6 int=0 lock=0 frz=0) | UAV: air=0 rtb=0 chg=0 loiter=0 | TRACKS: vis=0 lost=0 engaged=0 | TOP:  | KILL=19 | ACTIONS=6 | INTENT: focus=2 ratio=0.20

========================================================================
对局结果: Result.Victory — 敌方所有单位被击毁
  击杀蓝舰: 20 | 命中: 38 | 我方USV损失: 4 | UAV损失: 10 | 突破: 1
[META] result=Result.Victory victory_time=38160 first_detection=1849 first_lock=7396 first_kill=8345 enemy_kills=20 friendly_usv_losses=4 friendly_uav_losses=10 black_breakthrough=1 reacquire_attempts=171 reacquire_success=170 sensor_assisted_locks=97 low_conf_commitments=0 global_reacquire_entries=6 global_reacquire_success=5 coverage_collapse_events=1 active_clusters_max=1 coverage_quality_final=0.20 commander_source=default_intent commander_calls=0 commander_changes=0 commander_no_change=0 commander_parse_failures=0 commander_api_failures=0 commander_policy_failures=0 commander_avg_latency=0.0
Done
