0.0 2026-08-09 18:08:40 INFO BLUE.Ship.Ship.b1.MotorTZB.ShipMotorTZB[1] Begin Handle waypoints
0.0 2026-08-09 18:08:40 INFO StateJump BLUE.Ship.Ship.b1.RadarWithGuider.RadarWithGuider[1]==>WORK
0.0 2026-08-09 18:08:40 INFO StateJump RED.Ship.Ship.w1.RadarWithGuider.RadarWithGuider[1]==>WORK
0.0 2026-08-09 18:08:40 INFO StateJump RED.Plane.AEW.wuav1.RadarWithGuider.RadarWithGuider[1]==>WORK
0.0 2026-08-09 18:08:40 SENSOR Found[active][point] RED.Plane.AEW.wuav1.RadarWithGuider.RadarWithGuider[1] (100000.000,300000.000,100.000) BLUE.Ship.Ship.b1 (139000.000,300000.000,0.000)
0.0 2026-08-09 18:08:40 INFO StateJump BLUE.Ship.Ship.b1.Locker.Locker[1]==>WORK
0.0 2026-08-09 18:08:40 INFO StateJump RED.Ship.Ship.w1.Locker.Locker[1]==>WORK
0.0 2026-08-09 18:08:40 INFO StateJump RED.Plane.AEW.wuav1.UavBattery.UAV_Battery[1]==>WORK
0.0 2026-08-09 18:08:40 INFO StateJump RED.Ship.Ship.w1.Comdev.Comdev[1]==>FREE
0.0 2026-08-09 18:08:40 INFO StateJump RED.Ship.Ship.w1.Comdev.Comdev[1]==>WORK
0.0 2026-08-09 18:08:40 INFO StateJump RED.Ship.Ship.w1.MotorTZB.ShipMotorTZB[1]==>FREE
0.0 2026-08-09 18:08:40 INFO StateJump RED.Ship.Ship.w1.MotorTZB.ShipMotorTZB[1]==>MOVE
0.0 2026-08-09 18:08:40 INFO StateJump RED.Ship.Ship.w1.Intelligence.QB[1]==>FREE
0.0 2026-08-09 18:08:40 INFO StateJump RED.Ship.Ship.w1.Intelligence.QB[1]==>WORK
0.0 2026-08-09 18:08:40 INFO StateJump RED.Plane.AEW.wuav1.MotorTZB.PlaneMotorTZB[1]==>FREE
0.0 2026-08-09 18:08:40 INFO StateJump RED.Plane.AEW.wuav1.MotorTZB.PlaneMotorTZB[1]==>MOVE
0.0 2026-08-09 18:08:40 INFO StateJump RED.Plane.AEW.wuav1.Intelligence.QB[1]==>FREE
0.0 2026-08-09 18:08:40 INFO StateJump RED.Plane.AEW.wuav1.Intelligence.QB[1]==>WORK
0.0 2026-08-09 18:08:40 INFO StateJump BLUE.Ship.Ship.b1.Comdev.Comdev[1]==>FREE
0.0 2026-08-09 18:08:40 INFO StateJump BLUE.Ship.Ship.b1.Comdev.Comdev[1]==>WORK
0.0 2026-08-09 18:08:40 INFO StateJump BLUE.Ship.Ship.b1.MotorTZB.ShipMotorTZB[1]==>FREE
0.0 2026-08-09 18:08:40 INFO StateJump BLUE.Ship.Ship.b1.MotorTZB.ShipMotorTZB[1]==>MOVE
0.0 2026-08-09 18:08:40 INFO StateJump BLUE.Ship.Ship.b1.Intelligence.QB[1]==>FREE
0.0 2026-08-09 18:08:40 INFO StateJump BLUE.Ship.Ship.b1.Intelligence.QB[1]==>WORK
0.0 2026-08-09 18:08:40 INFO StateJump JudgeSystem<140046003495360>==>WORK
2000.0 2026-08-09 18:08:42 INFO StateJump RED.Plane.AEW.wuav1.RadarWithGuider.RadarWithGuider[1]==>FREE
2000.0 2026-08-09 18:08:42 WARNING RED.Plane.AEW.wuav1.RadarWithGuider.RadarWithGuider[1]的状态在执行[WORK]状态动作时变为了[FREE], 建议尽量避免该种情况
12000.0 2026-08-09 18:08:52 INFO StateJump RED.Plane.AEW.wuav1.RadarWithGuider.RadarWithGuider[1]==>WORK
12000.0 2026-08-09 18:08:52 SENSOR Found[active][point] RED.Plane.AEW.wuav1.RadarWithGuider.RadarWithGuider[1] (100121.000,300000.000,0.000) BLUE.Ship.Ship.b1 (138879.682,300001.489,0.000)
14000.0 2026-08-09 18:08:54 SENSOR Found[active][track] RED.Plane.AEW.wuav1.RadarWithGuider.RadarWithGuider[1] (100159.000,300000.000,0.000) BLUE.Ship.Ship.b1 (138860.682,300001.489,0.000)
74000.0 2026-08-09 18:09:54 SENSOR Found[active][point] BLUE.Ship.Ship.b1.RadarWithGuider.RadarWithGuider[1] (138260.682,300001.489,0.000) RED.Plane.AEW.wuav1 (108433.000,300000.000,0.000)
76000.0 2026-08-09 18:09:56 SENSOR Found[active][track] BLUE.Ship.Ship.b1.RadarWithGuider.RadarWithGuider[1] (138240.682,300001.489,0.000) RED.Plane.AEW.wuav1 (108733.000,300000.000,0.000)
202000.0 2026-08-09 18:12:02 SENSOR Found[active][point] RED.Ship.Ship.w1.RadarWithGuider.RadarWithGuider[1] (102020.000,300000.000,0.000) BLUE.Ship.Ship.b1 (136980.682,300001.489,0.000)
204000.0 2026-08-09 18:12:04 SENSOR Found[active][track] RED.Ship.Ship.w1.RadarWithGuider.RadarWithGuider[1] (102040.000,300000.000,0.000) BLUE.Ship.Ship.b1 (136960.682,300001.489,0.000)
264000.0 2026-08-09 18:13:04 SENSOR Lost RED.Plane.AEW.wuav1.RadarWithGuider.RadarWithGuider[1] (136933.000,300000.000,0.000) BLUE.Ship.Ship.b1 (136360.682,300001.489,0.000)
321000.0 2026-08-09 18:14:01 INFO StateJump BLUE.Ship.Ship.b1.RadarWithGuider.RadarWithGuider[1]==>FREE
