[FINAL] S1 Stage0 W5xB0_RANDOM s4001 22:43:59
   -> Result.Victory clean=1 kills=10.0 usv_dead=1.0 wall=110.4s
[FINAL] S1 Stage0 W5xB0_RANDOM s4002 22:45:52
   -> Result.Victory clean=1 kills=10.0 usv_dead=1.0 wall=115.1s
[FINAL] S1 Stage0 W5xB0_RANDOM s4003 22:47:49
   -> Result.Victory clean=1 kills=10.0 usv_dead=1.0 wall=108.5s
[FINAL] S1 Stage0 W5xB0_RANDOM s4004 22:49:40
   -> Result.Victory clean=1 kills=10.0 usv_dead=1.0 wall=132.5s
[FINAL] S1 Stage0 W5xB0_RANDOM s4005 22:51:57
   -> Result.Victory clean=0 kills=10.0 usv_dead=2.0 wall=227.5s
[FINAL] S1 Stage0 W5xB0_RANDOM s4006 22:55:47
   -> Result.Victory clean=1 kills=10.0 usv_dead=0.0 wall=105.6s
[FINAL] S1 Stage0 W5xB0_RANDOM s4007 22:57:34
   -> Result.Victory clean=1 kills=10.0 usv_dead=2.0 wall=124.7s
[FINAL] S1 Stage0 W5xB0_RANDOM s4008 22:59:41
   -> Result.Victory clean=1 kills=10.0 usv_dead=1.0 wall=98.6s
[FINAL] S1 Stage0 W5xB0_RANDOM s4009 23:01:25
   -> Result.Victory clean=1 kills=10.0 usv_dead=1.0 wall=132.9s
[FINAL] S1 Stage0 W5xB0_RANDOM s4010 23:03:40
   -> Result.Victory clean=1 kills=10.0 usv_dead=2.0 wall=107.1s
[FINAL] S1 Stage1 W5xB3_ADAPTIVE s4001 23:05:29
   -> Result.Victory clean=1 kills=10.0 usv_dead=0.0 wall=215.3s
[FINAL] S1 Stage1 W5xB3_ADAPTIVE s4002 23:09:06
   -> Result.Victory clean=1 kills=10.0 usv_dead=2.0 wall=154.7s
[FINAL] S1 Stage1 W5xB3_ADAPTIVE s4003 23:11:43
   -> Result.Victory clean=1 kills=10.0 usv_dead=1.0 wall=222.0s
[FINAL] S1 Stage1 W5xB3_ADAPTIVE s4004 23:15:27
   -> Result.Victory clean=1 kills=10.0 usv_dead=1.0 wall=267.1s
[FINAL] S1 Stage1 W5xB3_ADAPTIVE s4005 23:19:56
   -> Result.Victory clean=0 kills=10.0 usv_dead=0.0 wall=397.7s
[FINAL] S1 Stage1 W5xB3_ADAPTIVE s4006 23:26:36
   -> Result.Victory clean=1 kills=10.0 usv_dead=1.0 wall=201.7s
[FINAL] S1 Stage1 W5xB3_ADAPTIVE s4007 23:30:00
   -> Result.Victory clean=0 kills=10.0 usv_dead=2.0 wall=402.5s
[FINAL] S1 Stage1 W5xB3_ADAPTIVE s4008 23:36:44
   -> Result.Victory clean=1 kills=10.0 usv_dead=3.0 wall=258.3s
[FINAL] S1 Stage1 W5xB3_ADAPTIVE s4009 23:41:04
   -> Result.Victory clean=1 kills=10.0 usv_dead=0.0 wall=147.6s
[FINAL] S1 Stage1 W5xB3_ADAPTIVE s4010 23:43:34
   -> Result.Victory clean=1 kills=10.0 usv_dead=0.0 wall=129.5s
[FINAL] S1 Stage2 W6xB3_ADAPTIVE s4001 23:45:49
   -> Result.Victory clean=1 kills=10.0 usv_dead=0.0 wall=129.6s
[FINAL] S1 Stage2 W6xB3_ADAPTIVE s4002 23:48:03
   -> Result.Victory clean=1 kills=10.0 usv_dead=1.0 wall=145.4s
[FINAL] S1 Stage2 W6xB3_ADAPTIVE s4003 23:50:31
   -> Result.Victory clean=1 kills=10.0 usv_dead=0.0 wall=139.6s
[FINAL] S1 Stage2 W6xB3_ADAPTIVE s4004 23:52:53
   -> Result.Defeat clean=0 kills=9.0 usv_dead=5.0 wall=236.7s
[FINAL] S1 Stage2 W6xB3_ADAPTIVE s4005 23:56:51
   -> Result.Victory clean=1 kills=10.0 usv_dead=1.0 wall=141.8s
[FINAL] S1 Stage2 W6xB3_ADAPTIVE s4006 23:59:18
   -> Result.Defeat clean=0 kills=9.0 usv_dead=5.0 wall=287.1s
[FINAL] S1 Stage2 W6xB3_ADAPTIVE s4007 00:04:07
   -> Result.Defeat clean=0 kills=9.0 usv_dead=5.0 wall=253.6s
[FINAL] S1 Stage2 W6xB3_ADAPTIVE s4008 00:08:26
[FINAL] S1 Stage2 W6xB3_ADAPTIVE s4008 00:11:38
[FINAL] S1 Stage0 W5xB0_RANDOM s4001 00:40:50
   -> Result.Victory clean=1 kills=10.0 usv_dead=2.0 wall=108.6s
[FINAL] S1 Stage0 W5xB0_RANDOM s4002 00:42:40
   -> Result.Victory clean=1 kills=10.0 usv_dead=1.0 wall=193.7s
[FINAL] S1 Stage0 W5xB0_RANDOM s4003 00:45:59
   -> Result.Victory clean=1 kills=10.0 usv_dead=1.0 wall=109.8s
[FINAL] S1 Stage0 W5xB0_RANDOM s4004 00:47:51
   -> Result.Victory clean=1 kills=10.0 usv_dead=0.0 wall=116.5s
[FINAL] S1 Stage0 W5xB0_RANDOM s4005 00:49:53
   -> Result.Victory clean=1 kills=10.0 usv_dead=2.0 wall=120.2s
[FINAL] S1 Stage0 W5xB0_RANDOM s4006 00:51:58
   -> Result.Victory clean=1 kills=10.0 usv_dead=1.0 wall=104.0s
[FINAL] S1 Stage0 W5xB0_RANDOM s4007 00:53:44
   -> Result.Victory clean=1 kills=10.0 usv_dead=3.0 wall=163.2s
[FINAL] S1 Stage0 W5xB0_RANDOM s4008 00:56:32
   -> Result.Victory clean=1 kills=10.0 usv_dead=1.0 wall=97.3s
[FINAL] S1 Stage0 W5xB0_RANDOM s4009 00:58:12
   -> Result.Victory clean=1 kills=10.0 usv_dead=4.0 wall=144.4s
[FINAL] S1 Stage0 W5xB0_RANDOM s4010 01:00:39
   -> Result.Victory clean=1 kills=10.0 usv_dead=1.0 wall=112.3s
[FINAL] S1 Stage1 W5xB3_ADAPTIVE s4001 01:02:34
   -> Result.Victory clean=1 kills=10.0 usv_dead=1.0 wall=261.1s
[FINAL] S1 Stage1 W5xB3_ADAPTIVE s4002 01:06:57
   -> Result.Victory clean=1 kills=10.0 usv_dead=1.0 wall=203.9s
[FINAL] S1 Stage1 W5xB3_ADAPTIVE s4003 01:10:26
   -> Result.Victory clean=1 kills=10.0 usv_dead=1.0 wall=174.5s
[FINAL] S1 Stage1 W5xB3_ADAPTIVE s4004 01:13:23
   -> Result.Victory clean=0 kills=10.0 usv_dead=0.0 wall=365.9s
[FINAL] S1 Stage1 W5xB3_ADAPTIVE s4005 01:19:31
   -> Result.Victory clean=1 kills=10.0 usv_dead=0.0 wall=152.8s
[FINAL] S1 Stage1 W5xB3_ADAPTIVE s4006 01:22:06
   -> Result.Victory clean=1 kills=10.0 usv_dead=1.0 wall=237.0s
[FINAL] S1 Stage1 W5xB3_ADAPTIVE s4007 01:26:05
   -> Result.Victory clean=1 kills=10.0 usv_dead=1.0 wall=256.6s
[FINAL] S1 Stage1 W5xB3_ADAPTIVE s4008 01:30:27
   -> Result.Victory clean=1 kills=10.0 usv_dead=1.0 wall=245.4s
[FINAL] S1 Stage1 W5xB3_ADAPTIVE s4009 01:34:34
   -> Result.Victory clean=1 kills=10.0 usv_dead=1.0 wall=131.1s
[FINAL] S1 Stage1 W5xB3_ADAPTIVE s4010 01:36:48
   -> Result.Victory clean=0 kills=10.0 usv_dead=1.0 wall=366.2s
[FINAL] S1 Stage2 W6xB3_ADAPTIVE s4001 01:42:56
   -> Result.Defeat clean=0 kills=9.0 usv_dead=5.0 wall=253.4s
[FINAL] S1 Stage2 W6xB3_ADAPTIVE s4002 01:47:15
   -> Result.Defeat clean=0 kills=9.0 usv_dead=5.0 wall=253.6s
[FINAL] S1 Stage2 W6xB3_ADAPTIVE s4003 01:51:33
   -> Result.Defeat clean=0 kills=8.0 usv_dead=2.0 wall=275.3s
[FINAL] S1 Stage2 W6xB3_ADAPTIVE s4004 01:56:14
[FINAL] S1 Stage2 W6xB3_ADAPTIVE s4001 01:58:50
   -> Result.Defeat clean=0 kills=9.0 usv_dead=2.0 wall=252.2s
[FINAL] S1 Stage2 W6xB3_ADAPTIVE s4002 02:03:05
[FINAL] S1 Stage2 W6xB3_ADAPTIVE s4002 02:05:50
[FINAL] S1 Stage2 W6xB3_ADAPTIVE s4002 02:18:19
   -> Result.Defeat clean=0 kills=9.0 usv_dead=2.0 wall=252.2s
[FINAL] S1 Stage2 W6xB3_ADAPTIVE s4003 02:22:34
   -> Result.Victory clean=1 kills=10.0 usv_dead=1.0 wall=151.8s
[FINAL] S1 Stage2 W6xB3_ADAPTIVE s4004 02:25:07
   -> Result.Victory clean=1 kills=10.0 usv_dead=2.0 wall=182.5s
[FINAL] S1 Stage2 W6xB3_ADAPTIVE s4005 02:28:15
   -> Result.Defeat clean=0 kills=9.0 usv_dead=5.0 wall=262.4s
[FINAL] S1 Stage2 W6xB3_ADAPTIVE s4006 02:32:39
   -> Result.Victory clean=1 kills=10.0 usv_dead=1.0 wall=128.5s
[FINAL] S1 Stage2 W6xB3_ADAPTIVE s4007 02:34:50
   -> Result.Defeat clean=0 kills=9.0 usv_dead=5.0 wall=253.7s
[FINAL] S1 Stage2 W6xB3_ADAPTIVE s4008 02:39:09
   -> Result.Defeat clean=0 kills=9.0 usv_dead=5.0 wall=234.4s
[FINAL] S1 Stage2 W6xB3_ADAPTIVE s4009 02:43:09
   -> Result.Defeat clean=0 kills=9.0 usv_dead=5.0 wall=253.7s
[FINAL] S1 Stage2 W6xB3_ADAPTIVE s4010 02:47:27
   -> Result.Victory clean=1 kills=10.0 usv_dead=2.0 wall=157.7s
[FINAL] S2 Stage0 W5xB0_RANDOM s4001 02:50:07
   -> Result.Victory clean=1 kills=20.0 usv_dead=3.0 wall=146.0s
[FINAL] S2 Stage0 W5xB0_RANDOM s4002 02:52:36
   -> Result.Victory clean=1 kills=20.0 usv_dead=4.0 wall=150.9s
[FINAL] S2 Stage0 W5xB0_RANDOM s4003 02:55:09
   -> Result.Victory clean=1 kills=20.0 usv_dead=4.0 wall=137.6s
[FINAL] S2 Stage0 W5xB0_RANDOM s4004 02:57:29
   -> Result.Victory clean=1 kills=20.0 usv_dead=8.0 wall=167.2s
[FINAL] S2 Stage0 W5xB0_RANDOM s4005 03:00:18
   -> Result.Victory clean=1 kills=20.0 usv_dead=3.0 wall=178.0s
[FINAL] S2 Stage0 W5xB0_RANDOM s4006 03:03:21
   -> Result.Victory clean=1 kills=20.0 usv_dead=3.0 wall=151.1s
[FINAL] S2 Stage0 W5xB0_RANDOM s4007 03:05:54
   -> Result.Victory clean=0 kills=20.0 usv_dead=6.0 wall=272.2s
[FINAL] S2 Stage0 W5xB0_RANDOM s4008 03:10:31
   -> Result.Victory clean=1 kills=20.0 usv_dead=7.0 wall=157.7s
[FINAL] S2 Stage0 W5xB0_RANDOM s4009 03:13:11
   -> Result.Victory clean=1 kills=20.0 usv_dead=9.0 wall=180.1s
[FINAL] S2 Stage0 W5xB0_RANDOM s4010 03:16:14
   -> Result.Victory clean=1 kills=20.0 usv_dead=3.0 wall=142.1s
[FINAL] S2 Stage1 W5xB3_ADAPTIVE s4001 03:18:38
   -> Result.Victory clean=1 kills=20.0 usv_dead=5.0 wall=180.8s
[FINAL] S2 Stage1 W5xB3_ADAPTIVE s4002 03:21:41
   -> Result.Victory clean=0 kills=20.0 usv_dead=3.0 wall=391.2s
[FINAL] S2 Stage1 W5xB3_ADAPTIVE s4003 03:28:14
   -> Result.Victory clean=1 kills=20.0 usv_dead=3.0 wall=187.1s
[FINAL] S2 Stage1 W5xB3_ADAPTIVE s4004 03:31:23
   -> Result.Victory clean=0 kills=20.0 usv_dead=5.0 wall=416.6s
[FINAL] S2 Stage1 W5xB3_ADAPTIVE s4005 03:38:22
   -> Result.Victory clean=1 kills=20.0 usv_dead=5.0 wall=205.3s
[FINAL] S2 Stage1 W5xB3_ADAPTIVE s4006 03:41:52
   -> Result.Victory clean=1 kills=20.0 usv_dead=2.0 wall=175.4s
[FINAL] S2 Stage1 W5xB3_ADAPTIVE s4007 03:44:50
   -> Result.Victory clean=0 kills=20.0 usv_dead=1.0 wall=343.8s
[FINAL] S2 Stage1 W5xB3_ADAPTIVE s4008 03:50:35
   -> Result.Victory clean=1 kills=20.0 usv_dead=1.0 wall=172.6s
[FINAL] S2 Stage1 W5xB3_ADAPTIVE s4009 03:53:30
   -> Result.Defeat clean=0 kills=19.0 usv_dead=6.0 wall=314.6s
[FINAL] S2 Stage1 W5xB3_ADAPTIVE s4010 03:58:47
   -> Result.Victory clean=1 kills=20.0 usv_dead=1.0 wall=177.9s
[FINAL] S2 Stage2 W6xB3_ADAPTIVE s4001 04:01:47
   -> Result.Defeat clean=0 kills=18.0 usv_dead=10.0 wall=254.2s
[FINAL] S2 Stage2 W6xB3_ADAPTIVE s4002 04:06:06
   -> Result.Defeat clean=0 kills=18.0 usv_dead=8.0 wall=321.5s
[FINAL] S2 Stage2 W6xB3_ADAPTIVE s4003 04:11:29
   -> Result.Defeat clean=0 kills=18.0 usv_dead=10.0 wall=265.9s
[FINAL] S2 Stage2 W6xB3_ADAPTIVE s4004 04:15:57
   -> Result.Defeat clean=0 kills=17.0 usv_dead=10.0 wall=271.0s
[FINAL] S2 Stage2 W6xB3_ADAPTIVE s4005 04:20:30
   -> Result.Defeat clean=0 kills=19.0 usv_dead=10.0 wall=297.6s
[FINAL] S2 Stage2 W6xB3_ADAPTIVE s4006 04:25:30
   -> Result.Defeat clean=0 kills=19.0 usv_dead=7.0 wall=258.3s
[FINAL] S2 Stage2 W6xB3_ADAPTIVE s4007 04:29:50
   -> Result.Defeat clean=0 kills=19.0 usv_dead=10.0 wall=254.1s
[FINAL] S2 Stage2 W6xB3_ADAPTIVE s4008 04:34:06
   -> Result.Defeat clean=0 kills=19.0 usv_dead=10.0 wall=254.1s
[FINAL] S2 Stage2 W6xB3_ADAPTIVE s4009 04:38:22
   -> Result.Defeat clean=0 kills=18.0 usv_dead=10.0 wall=336.1s
[FINAL] S2 Stage2 W6xB3_ADAPTIVE s4010 04:44:00
   -> Result.Defeat clean=0 kills=18.0 usv_dead=10.0 wall=254.2s
[FINAL] S3 Stage0 W5xB0_RANDOM s4001 04:48:17
   -> Result.Victory clean=1 kills=30.0 usv_dead=9.0 wall=260.0s
[FINAL] S3 Stage0 W5xB0_RANDOM s4002 04:52:39
   -> Result.Victory clean=1 kills=30.0 usv_dead=5.0 wall=237.2s
[FINAL] S3 Stage0 W5xB0_RANDOM s4003 04:56:38
   -> Result.Victory clean=1 kills=30.0 usv_dead=5.0 wall=240.8s
[FINAL] S3 Stage0 W5xB0_RANDOM s4004 05:00:44
   -> Result.Victory clean=1 kills=30.0 usv_dead=3.0 wall=249.0s
[FINAL] S3 Stage0 W5xB0_RANDOM s4005 05:04:55
   -> Result.Defeat clean=0 kills=29.0 usv_dead=11.0 wall=340.2s
[FINAL] S3 Stage0 W5xB0_RANDOM s4006 05:10:37
[FINAL] S3 Stage0 W5xB0_RANDOM s4006 12:54:55
[FINAL] S3 Stage0 W5xB0_RANDOM s4006 12:59:16
   -> Result.Victory clean=1 kills=30.0 usv_dead=10.0 wall=256.0s
[FINAL] S3 Stage0 W5xB0_RANDOM s4007 13:03:36
   -> Result.Victory clean=1 kills=30.0 usv_dead=5.0 wall=274.9s
[FINAL] S3 Stage0 W5xB0_RANDOM s4008 13:08:16
   -> Result.Victory clean=1 kills=30.0 usv_dead=5.0 wall=255.8s
[FINAL] S3 Stage0 W5xB0_RANDOM s4009 13:12:36
   -> Result.Victory clean=1 kills=30.0 usv_dead=11.0 wall=302.8s
[FINAL] S3 Stage0 W5xB0_RANDOM s4010 13:17:44
   -> Result.Victory clean=1 kills=30.0 usv_dead=8.0 wall=252.1s
[FINAL] S3 Stage1 W5xB3_ADAPTIVE s4001 13:22:01
   -> Result.Victory clean=1 kills=30.0 usv_dead=6.0 wall=378.7s
[FINAL] S3 Stage1 W5xB3_ADAPTIVE s4002 13:28:22
   -> Result.Victory clean=1 kills=30.0 usv_dead=6.0 wall=326.8s
[FINAL] S3 Stage1 W5xB3_ADAPTIVE s4003 13:33:51
   -> Result.Victory clean=0 kills=30.0 usv_dead=7.0 wall=416.3s
[FINAL] S3 Stage1 W5xB3_ADAPTIVE s4004 13:40:49
   -> Result.Victory clean=1 kills=30.0 usv_dead=8.0 wall=301.9s
[FINAL] S3 Stage1 W5xB3_ADAPTIVE s4005 13:45:56
   -> Result.Victory clean=1 kills=30.0 usv_dead=5.0 wall=342.1s
[FINAL] S3 Stage1 W5xB3_ADAPTIVE s4006 13:51:43
   -> Result.Defeat clean=0 kills=29.0 usv_dead=10.0 wall=406.1s
[FINAL] S3 Stage1 W5xB3_ADAPTIVE s4007 13:58:34
   -> Result.Defeat clean=0 kills=27.0 usv_dead=6.0 wall=391.6s
[FINAL] S3 Stage1 W5xB3_ADAPTIVE s4008 14:05:08
   -> Result.Victory clean=1 kills=30.0 usv_dead=10.0 wall=322.9s
[FINAL] S3 Stage1 W5xB3_ADAPTIVE s4009 14:10:36
   -> Result.Victory clean=1 kills=30.0 usv_dead=5.0 wall=299.5s
[FINAL] S3 Stage1 W5xB3_ADAPTIVE s4010 14:15:37
   -> Result.Victory clean=1 kills=30.0 usv_dead=4.0 wall=328.8s
[FINAL] S3 Stage2 W6xB3_ADAPTIVE s4001 14:21:08
   -> Result.Defeat clean=0 kills=29.0 usv_dead=15.0 wall=376.4s
[FINAL] S3 Stage2 W6xB3_ADAPTIVE s4002 14:27:27
   -> Result.Defeat clean=0 kills=29.0 usv_dead=11.0 wall=366.7s
[FINAL] S3 Stage2 W6xB3_ADAPTIVE s4003 14:33:35
   -> Result.Defeat clean=0 kills=29.0 usv_dead=15.0 wall=387.6s
[FINAL] S3 Stage2 W6xB3_ADAPTIVE s4004 14:40:05
   -> Result.Defeat clean=0 kills=29.0 usv_dead=15.0 wall=548.9s
[FINAL] S3 Stage2 W6xB3_ADAPTIVE s4005 14:49:16
   -> Result.Victory clean=1 kills=30.0 usv_dead=11.0 wall=585.3s
[FINAL] S3 Stage2 W6xB3_ADAPTIVE s4006 14:59:03
   -> Result.Defeat clean=0 kills=29.0 usv_dead=11.0 wall=620.4s
[FINAL] S3 Stage2 W6xB3_ADAPTIVE s4007 15:09:26
   -> Result.Victory clean=1 kills=30.0 usv_dead=9.0 wall=531.7s
[FINAL] S3 Stage2 W6xB3_ADAPTIVE s4008 15:18:19
   -> Result.Victory clean=1 kills=30.0 usv_dead=5.0 wall=537.7s
[FINAL] S3 Stage2 W6xB3_ADAPTIVE s4009 15:27:19
   -> Result.Defeat clean=0 kills=29.0 usv_dead=12.0 wall=553.4s
[FINAL] S3 Stage2 W6xB3_ADAPTIVE s4010 15:36:35
   -> Result.Victory clean=1 kills=30.0 usv_dead=6.0 wall=417.8s
[done] /root/autodl-tmp/hsystem/coevolution_final/final_episode_results.csv rows: 90
