0.0 2026-08-09 18:09:06 INFO StateJump BLUE.Ship.Ship.b1.RadarWithGuider.RadarWithGuider[1]==>WORK
0.0 2026-08-09 18:09:06 INFO StateJump RED.Ship.Ship.w1.RadarWithGuider.RadarWithGuider[1]==>WORK
0.0 2026-08-09 18:09:06 SENSOR Found[active][point] RED.Ship.Ship.w1.RadarWithGuider.RadarWithGuider[1] (100000.000,300000.000,0.000) BLUE.Ship.Ship.b1 (130000.000,300000.000,0.000)
0.0 2026-08-09 18:09:06 INFO StateJump BLUE.Ship.Ship.b1.Locker.Locker[1]==>WORK
0.0 2026-08-09 18:09:06 INFO StateJump RED.Ship.Ship.w1.Locker.Locker[1]==>WORK
0.0 2026-08-09 18:09:06 INFO StateJump RED.Ship.Ship.w1.Comdev.Comdev[1]==>FREE
0.0 2026-08-09 18:09:06 INFO StateJump RED.Ship.Ship.w1.Comdev.Comdev[1]==>WORK
0.0 2026-08-09 18:09:06 INFO StateJump RED.Ship.Ship.w1.MotorTZB.ShipMotorTZB[1]==>FREE
0.0 2026-08-09 18:09:06 INFO StateJump RED.Ship.Ship.w1.MotorTZB.ShipMotorTZB[1]==>MOVE
0.0 2026-08-09 18:09:06 INFO StateJump RED.Ship.Ship.w1.Intelligence.QB[1]==>FREE
0.0 2026-08-09 18:09:06 INFO StateJump RED.Ship.Ship.w1.Intelligence.QB[1]==>WORK
0.0 2026-08-09 18:09:06 INFO StateJump BLUE.Ship.Ship.b1.Comdev.Comdev[1]==>FREE
0.0 2026-08-09 18:09:06 INFO StateJump BLUE.Ship.Ship.b1.Comdev.Comdev[1]==>WORK
0.0 2026-08-09 18:09:06 INFO StateJump BLUE.Ship.Ship.b1.MotorTZB.ShipMotorTZB[1]==>FREE
0.0 2026-08-09 18:09:06 INFO StateJump BLUE.Ship.Ship.b1.MotorTZB.ShipMotorTZB[1]==>MOVE
0.0 2026-08-09 18:09:06 INFO StateJump BLUE.Ship.Ship.b1.Intelligence.QB[1]==>FREE
0.0 2026-08-09 18:09:06 INFO StateJump BLUE.Ship.Ship.b1.Intelligence.QB[1]==>WORK
0.0 2026-08-09 18:09:06 INFO StateJump JudgeSystem<139848427829056>==>WORK
2000.0 2026-08-09 18:09:08 SENSOR Found[active][track] RED.Ship.Ship.w1.RadarWithGuider.RadarWithGuider[1] (100000.000,300000.000,0.000) BLUE.Ship.Ship.b1 (130000.000,300000.000,0.000)
313000.0 2026-08-09 18:14:19 INFO StateJump BLUE.Ship.Ship.b1.RadarWithGuider.RadarWithGuider[1]==>FREE
614000.0 2026-08-09 18:19:20 INFO StateJump BLUE.Ship.Ship.b1.RadarWithGuider.RadarWithGuider[1]==>WORK
