========================================================================
HYBRID AGENT V5 — Variable-Cardinality Hierarchical Maritime Agent
  启用UAV: True | LLM_ENABLED: False
========================================================================
对局 9 开始
      [UAV RELAUNCH] white_uav1
      [UAV RELAUNCH] white_uav2
      [UAV RELAUNCH] white_uav11
      [UAV RELAUNCH] white_uav14
      [UAV RELAUNCH] white_uav4
      [UAV RELAUNCH] white_uav8
      [UAV RELAUNCH] white_uav9
      [UAV RELAUNCH] white_uav12
      [UAV RELAUNCH] white_uav13
      [UAV RELAUNCH] white_uav3
      [UAV RELAUNCH] white_uav7
      [UAV RELAUNCH] white_uav5
      [UAV RELAUNCH] white_uav6
      [UAV RELAUNCH] white_uav10
      [UAV RELAUNCH] white_uav15
[t=257s] step=10 | MISSION=NORMAL_C | USV: 15/15 (avail=15 int=0 lock=0 frz=0) | UAV: air=15 rtb=0 chg=0 loiter=0 | TRACKS: vis=0 lost=0 engaged=0 | TOP:  | KILL=0 | ACTIONS=30 | INTENT: focus=2 ratio=0.20
  [INTENT APPLIED]
    ThreatAllocator: focus 2 emergency 3 reserve_ratio 0.20 reserve_usvs None bias breakthrough_eta
    UAVManager: mode search_and_reacquire uav_priority []
[t=541s] step=20 | MISSION=NORMAL_C | USV: 15/15 (avail=15 int=0 lock=0 frz=0) | UAV: air=15 rtb=0 chg=0 loiter=0 | TRACKS: vis=0 lost=0 engaged=0 | TOP:  | KILL=0 | ACTIONS=30 | INTENT: focus=2 ratio=0.20
[t=866s] step=30 | MISSION=NORMAL_C | USV: 15/15 (avail=15 int=0 lock=0 frz=0) | UAV: air=15 rtb=0 chg=0 loiter=0 | TRACKS: vis=0 lost=0 engaged=0 | TOP:  | KILL=0 | ACTIONS=30 | INTENT: focus=2 ratio=0.20
[t=1,158s] step=40 | MISSION=NORMAL_C | USV: 15/15 (avail=15 int=0 lock=0 frz=0) | UAV: air=15 rtb=0 chg=0 loiter=0 | TRACKS: vis=0 lost=0 engaged=0 | TOP:  | KILL=0 | ACTIONS=30 | INTENT: focus=2 ratio=0.20
[t=1,453s] step=50 | MISSION=NORMAL_C | USV: 15/15 (avail=15 int=0 lock=0 frz=0) | UAV: air=15 rtb=0 chg=0 loiter=0 | TRACKS: vis=0 lost=0 engaged=0 | TOP:  | KILL=0 | ACTIONS=30 | INTENT: focus=2 ratio=0.20
[t=1,755s] step=60 | MISSION=NORMAL_C | USV: 15/15 (avail=15 int=0 lock=0 frz=0) | UAV: air=15 rtb=0 chg=0 loiter=0 | TRACKS: vis=0 lost=0 engaged=0 | TOP:  | KILL=0 | ACTIONS=30 | INTENT: focus=2 ratio=0.20
      [DETECT] black_usv18
      [DETECT] black_usv10
      [DETECT] black_usv14
      [DETECT] black_usv17
      [DETECT] black_usv11
      [ASSIGN] white_usv2->black_usv10
      [ASSIGN] white_usv7->black_usv10
      [ASSIGN] white_usv9->black_usv18
      [ASSIGN] white_usv10->black_usv17
      [ASSIGN] white_usv15->black_usv18
      [ASSIGN] white_usv11->black_usv18
      [ASSIGN] white_usv1->black_usv10
      [ASSIGN] white_usv6->black_usv11
      [ASSIGN] white_usv8->black_usv14
      [ASSIGN] white_usv14->black_usv14
      [ASSIGN] white_usv13->black_usv17
      [ASSIGN] white_usv12->black_usv11
      [DETECT] black_usv8
      [DETECT] black_usv20
      [DETECT] black_usv12
      [DETECT] black_usv16
      [DETECT] black_usv25
      [DETECT] black_usv26
      [DETECT] black_usv19
      [DETECT] black_usv15
      [DETECT] black_usv23
      [DETECT] black_usv5
      [DETECT] black_usv24
      [DETECT] black_usv2
      [DETECT] black_usv27
      [DETECT] black_usv21
      [DETECT] black_usv7
      [DETECT] black_usv9
      [DETECT] black_usv30
      [DETECT] black_usv22
      [DETECT] black_usv13
      [DETECT] black_usv29
      [DETECT] black_usv6
      [ASSIGN] white_usv5->black_usv23
      [ASSIGN] white_usv3->black_usv5
      [DETECT] black_usv1
      [DETECT] black_usv28
      [DETECT] black_usv3
      [DETECT] black_usv4
      [ASSIGN] white_usv4->black_usv25
[t=2,061s] step=70 | MISSION=NORMAL_C | USV: 15/15 (avail=0 int=15 lock=0 frz=0) | UAV: air=15 rtb=0 chg=0 loiter=0 | TRACKS: vis=30 lost=0 engaged=0 | TOP: black_usv29(x239,443) black_usv20(x239,445) black_usv24(x239,535) | KILL=0 | ACTIONS=30 | INTENT: focus=2 ratio=0.20
[t=2,385s] step=80 | MISSION=NORMAL_C | USV: 15/15 (avail=0 int=15 lock=0 frz=0) | UAV: air=15 rtb=0 chg=0 loiter=0 | TRACKS: vis=30 lost=0 engaged=0 | TOP: black_usv29(x236,212) black_usv20(x236,216) black_usv24(x236,320) | KILL=0 | ACTIONS=30 | INTENT: focus=2 ratio=0.20
[t=2,686s] step=90 | MISSION=NORMAL_C | USV: 15/15 (avail=0 int=15 lock=0 frz=0) | UAV: air=15 rtb=0 chg=0 loiter=0 | TRACKS: vis=30 lost=0 engaged=0 | TOP: black_usv29(x233,211) black_usv20(x233,215) black_usv24(x233,332) | KILL=0 | ACTIONS=30 | INTENT: focus=2 ratio=0.20
[t=3,002s] step=100 | MISSION=NORMAL_C | USV: 15/15 (avail=0 int=15 lock=0 frz=0) | UAV: air=15 rtb=0 chg=0 loiter=0 | TRACKS: vis=30 lost=0 engaged=0 | TOP: black_usv29(x230,061) black_usv20(x230,065) black_usv24(x230,196) | KILL=0 | ACTIONS=30 | INTENT: focus=2 ratio=0.20
[t=3,335s] step=110 | MISSION=NORMAL_C | USV: 15/15 (avail=0 int=15 lock=0 frz=0) | UAV: air=15 rtb=0 chg=0 loiter=0 | TRACKS: vis=30 lost=0 engaged=0 | TOP: black_usv29(x226,741) black_usv20(x226,746) black_usv24(x226,891) | KILL=0 | ACTIONS=30 | INTENT: focus=2 ratio=0.20
[t=3,649s] step=120 | MISSION=NORMAL_C | USV: 15/15 (avail=0 int=15 lock=0 frz=0) | UAV: air=15 rtb=0 chg=0 loiter=0 | TRACKS: vis=30 lost=0 engaged=0 | TOP: black_usv29(x223,611) black_usv20(x223,616) black_usv24(x223,775) | KILL=0 | ACTIONS=30 | INTENT: focus=2 ratio=0.20
[t=3,973s] step=130 | MISSION=NORMAL_C | USV: 15/15 (avail=0 int=15 lock=0 frz=0) | UAV: air=15 rtb=0 chg=0 loiter=0 | TRACKS: vis=30 lost=0 engaged=0 | TOP: black_usv29(x220,380) black_usv20(x220,386) black_usv24(x220,559) | KILL=0 | ACTIONS=30 | INTENT: focus=2 ratio=0.20
[t=4,285s] step=140 | MISSION=NORMAL_C | USV: 15/15 (avail=0 int=15 lock=0 frz=0) | UAV: air=15 rtb=0 chg=0 loiter=0 | TRACKS: vis=30 lost=0 engaged=0 | TOP: black_usv29(x217,270) black_usv20(x217,276) black_usv24(x217,462) | KILL=0 | ACTIONS=30 | INTENT: focus=2 ratio=0.20
[t=4,591s] step=150 | MISSION=NORMAL_C | USV: 15/15 (avail=0 int=15 lock=0 frz=0) | UAV: air=15 rtb=0 chg=0 loiter=0 | TRACKS: vis=30 lost=0 engaged=0 | TOP: black_usv29(x214,219) black_usv20(x214,226) black_usv24(x214,425) | KILL=0 | ACTIONS=30 | INTENT: focus=2 ratio=0.20
[t=4,905s] step=160 | MISSION=NORMAL_C | USV: 15/15 (avail=0 int=15 lock=0 frz=0) | UAV: air=15 rtb=0 chg=0 loiter=0 | TRACKS: vis=30 lost=0 engaged=0 | TOP: black_usv29(x211,089) black_usv20(x211,096) black_usv24(x211,309) | KILL=0 | ACTIONS=30 | INTENT: focus=2 ratio=0.20
[t=5,211s] step=170 | MISSION=NORMAL_C | USV: 15/15 (avail=0 int=15 lock=0 frz=0) | UAV: air=15 rtb=0 chg=0 loiter=0 | TRACKS: vis=30 lost=0 engaged=0 | TOP: black_usv29(x208,038) black_usv20(x208,045) black_usv24(x208,272) | KILL=0 | ACTIONS=30 | INTENT: focus=2 ratio=0.20
[t=5,513s] step=180 | MISSION=NORMAL_C | USV: 15/15 (avail=0 int=15 lock=0 frz=0) | UAV: air=15 rtb=0 chg=0 loiter=0 | TRACKS: vis=30 lost=0 engaged=0 | TOP: black_usv29(x205,027) black_usv20(x205,035) black_usv24(x205,275) | KILL=0 | ACTIONS=30 | INTENT: focus=2 ratio=0.20
[t=5,813s] step=190 | MISSION=NORMAL_C | USV: 15/15 (avail=0 int=15 lock=0 frz=0) | UAV: air=15 rtb=0 chg=0 loiter=0 | TRACKS: vis=30 lost=0 engaged=0 | TOP: black_usv29(x202,036) black_usv20(x202,044) black_usv24(x202,297) | KILL=0 | ACTIONS=30 | INTENT: focus=2 ratio=0.20
[t=6,114s] step=200 | MISSION=NORMAL_C | USV: 15/15 (avail=0 int=15 lock=0 frz=0) | UAV: air=15 rtb=0 chg=0 loiter=0 | TRACKS: vis=30 lost=0 engaged=0 | TOP: black_usv29(x199,035) black_usv20(x199,044) black_usv24(x199,310) | KILL=0 | ACTIONS=30 | INTENT: focus=2 ratio=0.20
[t=6,424s] step=210 | MISSION=NORMAL_C | USV: 15/15 (avail=0 int=15 lock=0 frz=0) | UAV: air=15 rtb=0 chg=0 loiter=0 | TRACKS: vis=29 lost=1 engaged=0 | TOP: black_usv29(x195,945) black_usv20(x195,954) black_usv24(x196,233) | KILL=0 | ACTIONS=30 | INTENT: focus=2 ratio=0.20
[t=6,756s] step=220 | MISSION=NORMAL_C | USV: 15/15 (avail=0 int=15 lock=0 frz=0) | UAV: air=15 rtb=0 chg=0 loiter=0 | TRACKS: vis=30 lost=0 engaged=0 | TOP: black_usv29(x192,635) black_usv20(x192,644) black_usv24(x192,938) | KILL=0 | ACTIONS=30 | INTENT: focus=2 ratio=0.20
[t=7,069s] step=230 | MISSION=NORMAL_C | USV: 15/15 (avail=0 int=15 lock=0 frz=0) | UAV: air=15 rtb=0 chg=0 loiter=0 | TRACKS: vis=30 lost=0 engaged=0 | TOP: black_usv29(x189,514) black_usv20(x189,524) black_usv24(x189,832) | KILL=0 | ACTIONS=30 | INTENT: focus=2 ratio=0.20
      [ASSIGN] white_usv7->black_usv18(机会锁定)
      [ASSIGN] white_usv10->black_usv20(机会锁定)
      [ASSIGN] white_usv6->black_usv18(机会锁定)
      [ASSIGN] white_usv14->black_usv20(机会锁定)
      [ASSIGN] white_usv13->black_usv20(机会锁定)
      [ASSIGN] white_usv2->black_usv5(机会锁定)
      [ASSIGN] white_usv11->black_usv24(机会锁定)
      [ASSIGN] white_usv1->black_usv5(机会锁定)
      [ASSIGN] white_usv8->black_usv24(机会锁定)
      [ASSIGN] white_usv12->black_usv24(机会锁定)
[t=7,410s] step=240 | MISSION=NORMAL_C | USV: 15/15 (avail=0 int=8 lock=7 frz=0) | UAV: air=15 rtb=0 chg=0 loiter=0 | TRACKS: vis=30 lost=0 engaged=3 | TOP: black_usv29(x186,114) black_usv24(x186,443) black_usv30(x186,487) | KILL=0 | ACTIONS=30 | INTENT: focus=2 ratio=0.20
      [ASSIGN] white_usv15->black_usv23(机会锁定)
      [ASSIGN] white_usv5->black_usv11(机会锁定)
      [ASSIGN] white_usv4->black_usv23(机会锁定)
      [ASSIGN] white_usv7->black_usv7(机会锁定)
      [ASSIGN] white_usv9->black_usv8(机会锁定)
      [ASSIGN] white_usv10->black_usv30(机会锁定)
      [ASSIGN] white_usv6->black_usv7(机会锁定)
      [ASSIGN] white_usv14->black_usv29(机会锁定)
      [ASSIGN] white_usv13->black_usv29(机会锁定)
      [ASSIGN] white_usv3->black_usv12(机会锁定)
      [ASSIGN] white_usv2->black_usv10(机会锁定)
      [ASSIGN] white_usv11->black_usv18(机会锁定)
      [ASSIGN] white_usv1->black_usv10(机会锁定)
      [ASSIGN] white_usv8->black_usv20(机会锁定)
      [ASSIGN] white_usv12->black_usv18(机会锁定)
      [ASSIGN] white_usv15->black_usv24(机会锁定)
      [ASSIGN] white_usv11->black_usv24(机会锁定)
      [ASSIGN] white_usv8->black_usv24(机会锁定)
      [ASSIGN] white_usv12->black_usv24(机会锁定)
      [ASSIGN] white_usv5->black_usv24(机会锁定)
[t=7,772s] step=250 | MISSION=NORMAL_C | USV: 15/15 (avail=0 int=5 lock=10 frz=0) | UAV: air=15 rtb=0 chg=0 loiter=0 | TRACKS: vis=29 lost=1 engaged=7 | TOP: black_usv24(x182,824) black_usv25(x182,642) black_usv5(x183,461) | KILL=3 | ACTIONS=30 | INTENT: focus=2 ratio=0.20
      [ASSIGN] white_usv4->black_usv20(机会锁定)
      [ASSIGN] white_usv4->black_usv23(机会锁定)
      [ASSIGN] white_usv4->black_usv11(机会锁定)
      [ASSIGN] white_usv7->black_usv2(机会锁定)
      [ASSIGN] white_usv9->black_usv9(机会锁定)
      [ASSIGN] white_usv10->black_usv17(机会锁定)
      [ASSIGN] white_usv6->black_usv9(机会锁定)
      [ASSIGN] white_usv14->black_usv17(机会锁定)
      [ASSIGN] white_usv13->black_usv17(机会锁定)
      [ASSIGN] white_usv2->black_usv7(机会锁定)
      [ASSIGN] white_usv3->black_usv5(机会锁定)
      [ASSIGN] white_usv2->black_usv22(机会锁定)
      [ASSIGN] white_usv1->black_usv12(机会锁定)
      [ASSIGN] white_usv3->black_usv12(机会锁定)
      [ASSIGN] white_usv15->black_usv30(机会锁定)
      [ASSIGN] white_usv11->black_usv8(机会锁定)
      [ASSIGN] white_usv8->black_usv8(机会锁定)
      [ASSIGN] white_usv12->black_usv8(机会锁定)
      [ASSIGN] white_usv5->black_usv8(机会锁定)
[t=8,103s] step=260 | MISSION=NORMAL_C | USV: 15/15 (avail=0 int=5 lock=10 frz=0) | UAV: air=15 rtb=0 chg=0 loiter=0 | TRACKS: vis=30 lost=0 engaged=6 | TOP: black_usv25(x179,360) black_usv29(x180,133) black_usv30(x180,615) | KILL=5 | ACTIONS=30 | INTENT: focus=2 ratio=0.20
      [ASSIGN] white_usv4->black_usv24(机会锁定)
      [KILL] black_usv18
      [KILL] black_usv20
      [KILL] black_usv5
      [ASSIGN] white_usv7->black_usv11(机会锁定)
      [ASSIGN] white_usv9->black_usv11(机会锁定)
      [ASSIGN] white_usv10->black_usv14(机会锁定)
      [ASSIGN] white_usv6->black_usv2(机会锁定)
      [ASSIGN] white_usv14->black_usv25(机会锁定)
      [ASSIGN] white_usv13->black_usv25(机会锁定)
      [KILL] black_usv23
      [ASSIGN] white_usv2->black_usv10(机会锁定)
      [ASSIGN] white_usv1->black_usv10(机会锁定)
      [ASSIGN] white_usv3->black_usv21(机会锁定)
      [ASSIGN] white_usv15->black_usv17(机会锁定)
      [ASSIGN] white_usv11->black_usv9(机会锁定)
      [ASSIGN] white_usv8->black_usv17(机会锁定)
      [ASSIGN] white_usv12->black_usv17(机会锁定)
      [ASSIGN] white_usv5->black_usv17(机会锁定)
      [ASSIGN] white_usv15->black_usv29(机会锁定)
      [ASSIGN] white_usv11->black_usv8(机会锁定)
      [ASSIGN] white_usv8->black_usv8(机会锁定)
      [ASSIGN] white_usv12->black_usv8(机会锁定)
      [ASSIGN] white_usv5->black_usv8(机会锁定)
[t=8,477s] step=270 | MISSION=NORMAL_C | USV: 15/15 (avail=0 int=5 lock=10 frz=0) | UAV: air=15 rtb=0 chg=0 loiter=0 | TRACKS: vis=26 lost=0 engaged=7 | TOP: black_usv29(x178,478) black_usv16(x178,972) black_usv30(x179,504) | KILL=10 | ACTIONS=30 | INTENT: focus=2 ratio=0.20
      [ASSIGN] white_usv11->black_usv9(机会锁定)
      [ASSIGN] white_usv8->black_usv17(机会锁定)
      [ASSIGN] white_usv12->black_usv17(机会锁定)
      [ASSIGN] white_usv5->black_usv17(机会锁定)
      [ASSIGN] white_usv11->black_usv8(机会锁定)
      [ASSIGN] white_usv8->black_usv8(机会锁定)
      [ASSIGN] white_usv12->black_usv8(机会锁定)
      [ASSIGN] white_usv5->black_usv8(机会锁定)
      [ASSIGN] white_usv4->black_usv30(机会锁定)
      [ASSIGN] white_usv11->black_usv24(机会锁定)
      [ASSIGN] white_usv8->black_usv24(机会锁定)
      [ASSIGN] white_usv12->black_usv24(机会锁定)
      [ASSIGN] white_usv5->black_usv24(机会锁定)
      [ASSIGN] white_usv4->black_usv24(机会锁定)
      [KILL] black_usv7
      [ASSIGN] white_usv7->black_usv13(机会锁定)
      [ASSIGN] white_usv9->black_usv13(机会锁定)
      [ASSIGN] white_usv11->black_usv13(机会锁定)
      [ASSIGN] white_usv8->black_usv17(机会锁定)
      [ASSIGN] white_usv12->black_usv17(机会锁定)
      [ASSIGN] white_usv5->black_usv17(机会锁定)
      [ASSIGN] white_usv4->black_usv17(机会锁定)
      [ASSIGN] white_usv10->black_usv24(机会锁定)
      [ASSIGN] white_usv6->black_usv11(机会锁定)
      [ASSIGN] white_usv8->black_usv11(机会锁定)
      [ASSIGN] white_usv14->black_usv28(机会锁定)
      [ASSIGN] white_usv13->black_usv28(机会锁定)
      [ASSIGN] white_usv12->black_usv11(机会锁定)
      [ASSIGN] white_usv5->black_usv11(机会锁定)
      [ASSIGN] white_usv4->black_usv24(机会锁定)
      [ASSIGN] white_usv2->black_usv2(机会锁定)
      [ASSIGN] white_usv10->black_usv14(机会锁定)
      [ASSIGN] white_usv1->black_usv2(机会锁定)
      [ASSIGN] white_usv6->black_usv2(机会锁定)
      [ASSIGN] white_usv8->black_usv14(机会锁定)
      [ASSIGN] white_usv12->black_usv14(机会锁定)
      [ASSIGN] white_usv5->black_usv14(机会锁定)
      [ASSIGN] white_usv3->black_usv12(机会锁定)
      [ASSIGN] white_usv4->black_usv14(机会锁定)
      [ASSIGN] white_usv3->black_usv21(机会锁定)
[t=8,894s] step=280 | MISSION=NORMAL_C | USV: 13/15 (avail=0 int=0 lock=13 frz=0) | UAV: air=15 rtb=0 chg=0 loiter=0 | TRACKS: vis=25 lost=0 engaged=5 | TOP: black_usv25(x173,648) black_usv16(x174,828) black_usv29(x175,367) | KILL=14 | ACTIONS=28 | INTENT: focus=2 ratio=0.20
      [KILL] black_usv9
      [KILL] black_usv17
      [ASSIGN] white_usv7->black_usv22(机会锁定)
      [ASSIGN] white_usv9->black_usv11(机会锁定)
      [ASSIGN] white_usv11->black_usv11(机会锁定)
      [KILL] black_usv12
      [ASSIGN] white_usv9->black_usv13(机会锁定)
      [ASSIGN] white_usv11->black_usv13(机会锁定)
      [ASSIGN] white_usv14->black_usv16(机会锁定)
      [ASSIGN] white_usv13->black_usv16(机会锁定)
      [KILL] black_usv8
      [KILL] black_usv30
      [ASSIGN] white_usv2->black_usv10(机会锁定)
      [ASSIGN] white_usv10->black_usv28(机会锁定)
      [ASSIGN] white_usv1->black_usv10(机会锁定)
      [ASSIGN] white_usv12->black_usv6(机会锁定)
      [ASSIGN] white_usv5->black_usv6(机会锁定)
      [ASSIGN] white_usv2->black_usv22(机会锁定)
      [ASSIGN] white_usv10->black_usv14(机会锁定)
      [ASSIGN] white_usv1->black_usv27(机会锁定)
      [ASSIGN] white_usv3->black_usv27(机会锁定)
      [KILL] black_usv24
      [ASSIGN] white_usv10->black_usv25(机会锁定)
      [ASSIGN] white_usv1->black_usv2(机会锁定)
      [ASSIGN] white_usv1->black_usv10(机会锁定)
      [KILL] black_usv11
      [ASSIGN] white_usv1->black_usv2(机会锁定)
      [ASSIGN] white_usv2->black_usv10(机会锁定)
      [ASSIGN] white_usv7->black_usv10(机会锁定)
      [ASSIGN] white_usv1->black_usv10(机会锁定)
[t=9,287s] step=290 | MISSION=NORMAL_C | USV: 11/15 (avail=0 int=3 lock=8 frz=0) | UAV: air=15 rtb=0 chg=0 loiter=0 | TRACKS: vis=18 lost=0 engaged=5 | TOP: black_usv1(x170,805) black_usv4(x171,663) black_usv29(x175,367) | KILL=19 | ACTIONS=26 | INTENT: focus=2 ratio=0.20
      [ASSIGN] white_usv2->black_usv22(机会锁定)
      [ASSIGN] white_usv7->black_usv22(机会锁定)
      [ASSIGN] white_usv9->black_usv2(机会锁定)
      [ASSIGN] white_usv11->black_usv2(机会锁定)
      [ASSIGN] white_usv1->black_usv22(机会锁定)
      [KILL] black_usv10
      [ASSIGN] white_usv2->black_usv13(机会锁定)
      [ASSIGN] white_usv7->black_usv13(机会锁定)
      [ASSIGN] white_usv9->black_usv13(机会锁定)
      [ASSIGN] white_usv11->black_usv13(机会锁定)
      [ASSIGN] white_usv1->black_usv13(机会锁定)
      [ASSIGN] white_usv14->black_usv28(机会锁定)
      [ASSIGN] white_usv13->black_usv28(机会锁定)
      [ASSIGN] white_usv2->black_usv22(机会锁定)
      [ASSIGN] white_usv7->black_usv22(机会锁定)
      [ASSIGN] white_usv9->black_usv2(机会锁定)
      [ASSIGN] white_usv11->black_usv2(机会锁定)
      [ASSIGN] white_usv1->black_usv22(机会锁定)
      [ASSIGN] white_usv14->black_usv16(机会锁定)
      [ASSIGN] white_usv13->black_usv16(机会锁定)
      [KILL] black_usv29
      [ASSIGN] white_usv2->black_usv13(机会锁定)
      [ASSIGN] white_usv7->black_usv13(机会锁定)
      [ASSIGN] white_usv9->black_usv13(机会锁定)
      [ASSIGN] white_usv11->black_usv13(机会锁定)
      [ASSIGN] white_usv12->black_usv14(机会锁定)
      [ASSIGN] white_usv5->black_usv14(机会锁定)
      [ASSIGN] white_usv2->black_usv2(机会锁定)
      [ASSIGN] white_usv7->black_usv6(机会锁定)
      [ASSIGN] white_usv9->black_usv6(机会锁定)
      [ASSIGN] white_usv10->black_usv6(机会锁定)
      [ASSIGN] white_usv11->black_usv6(机会锁定)
      [ASSIGN] white_usv12->black_usv6(机会锁定)
      [ASSIGN] white_usv5->black_usv6(机会锁定)
      [ASSIGN] white_usv3->black_usv21(机会锁定)
      [ASSIGN] white_usv2->black_usv22(机会锁定)
      [ASSIGN] white_usv7->black_usv13(机会锁定)
      [ASSIGN] white_usv9->black_usv13(机会锁定)
      [ASSIGN] white_usv10->black_usv25(机会锁定)
      [ASSIGN] white_usv11->black_usv25(机会锁定)
      [ASSIGN] white_usv12->black_usv25(机会锁定)
      [ASSIGN] white_usv5->black_usv25(机会锁定)
      [ASSIGN] white_usv3->black_usv27(机会锁定)
      [ASSIGN] white_usv7->black_usv6(机会锁定)
      [ASSIGN] white_usv9->black_usv6(机会锁定)
      [ASSIGN] white_usv10->black_usv6(机会锁定)
      [ASSIGN] white_usv11->black_usv6(机会锁定)
      [ASSIGN] white_usv12->black_usv6(机会锁定)
      [ASSIGN] white_usv5->black_usv6(机会锁定)
      [ASSIGN] white_usv9->black_usv13(机会锁定)
      [ASSIGN] white_usv10->black_usv25(机会锁定)
      [ASSIGN] white_usv11->black_usv25(机会锁定)
      [ASSIGN] white_usv1->black_usv2(机会锁定)
      [ASSIGN] white_usv12->black_usv25(机会锁定)
      [ASSIGN] white_usv5->black_usv25(机会锁定)
      [KILL] black_usv14
      [KILL] black_usv2
      [KILL] black_usv28
      [ASSIGN] white_usv9->black_usv21(机会锁定)
      [ASSIGN] white_usv10->black_usv26(机会锁定)
      [ASSIGN] white_usv11->black_usv6(机会锁定)
      [RELEASE] white_usv1->black_usv2(目标失效)
      [ASSIGN] white_usv1->black_usv22(机会锁定)
      [ASSIGN] white_usv12->black_usv26(机会锁定)
      [ASSIGN] white_usv5->black_usv26(机会锁定)
      [KILL] black_usv21
      [ASSIGN] white_usv7->black_usv13(机会锁定)
      [ASSIGN] white_usv11->black_usv25(机会锁定)
      [ASSIGN] white_usv1->black_usv13(机会锁定)
      [ASSIGN] white_usv14->black_usv25(机会锁定)
      [ASSIGN] white_usv13->black_usv25(机会锁定)
[t=9,733s] step=300 | MISSION=NORMAL_C | USV: 10/15 (avail=0 int=6 lock=4 frz=0) | UAV: air=15 rtb=0 chg=0 loiter=0 | TRACKS: vis=12 lost=0 engaged=2 | TOP: black_usv1(x166,522) black_usv4(x167,421) black_usv3(x168,384) | KILL=23 | ACTIONS=25 | INTENT: focus=2 ratio=0.20
      [ASSIGN] white_usv7->black_usv6(机会锁定)
      [ASSIGN] white_usv11->black_usv6(机会锁定)
      [ASSIGN] white_usv1->black_usv6(机会锁定)
      [ASSIGN] white_usv14->black_usv16(机会锁定)
      [ASSIGN] white_usv13->black_usv16(机会锁定)
      [ASSIGN] white_usv2->black_usv13(机会锁定)
      [ASSIGN] white_usv7->black_usv13(机会锁定)
      [ASSIGN] white_usv1->black_usv13(机会锁定)
      [ASSIGN] white_usv14->black_usv25(机会锁定)
      [ASSIGN] white_usv13->black_usv25(机会锁定)
      [ASSIGN] white_usv2->black_usv22(机会锁定)
      [ASSIGN] white_usv7->black_usv22(机会锁定)
      [ASSIGN] white_usv1->black_usv22(机会锁定)
      [ASSIGN] white_usv14->black_usv16(机会锁定)
      [ASSIGN] white_usv13->black_usv16(机会锁定)
      [ASSIGN] white_usv3->black_usv22(机会锁定)
      [KILL] black_usv22
      [KILL] black_usv13
      [RELEASE] white_usv2->black_usv22(目标失效)
      [ASSIGN] white_usv2->black_usv27(机会锁定)
      [RELEASE] white_usv7->black_usv22(目标失效)
      [ASSIGN] white_usv7->black_usv6(机会锁定)
      [ASSIGN] white_usv11->black_usv25(机会锁定)
      [RELEASE] white_usv1->black_usv22(目标失效)
      [ASSIGN] white_usv1->black_usv27(机会锁定)
      [ASSIGN] white_usv14->black_usv25(机会锁定)
      [ASSIGN] white_usv13->black_usv25(机会锁定)
      [RELEASE] white_usv3->black_usv22(目标失效)
      [ASSIGN] white_usv3->black_usv27(机会锁定)
      [ASSIGN] white_usv11->black_usv16(机会锁定)
      [ASSIGN] white_usv14->black_usv16(机会锁定)
      [ASSIGN] white_usv13->black_usv16(机会锁定)
      [ASSIGN] white_usv11->black_usv25(机会锁定)
      [ASSIGN] white_usv14->black_usv25(机会锁定)
      [ASSIGN] white_usv13->black_usv25(机会锁定)
      [ASSIGN] white_usv12->black_usv25(机会锁定)
      [ASSIGN] white_usv5->black_usv25(机会锁定)
      [KILL] black_usv6
      [RELEASE] white_usv7->black_usv6(目标失效)
      [ASSIGN] white_usv7->black_usv27(机会锁定)
      [ASSIGN] white_usv11->black_usv16(机会锁定)
      [ASSIGN] white_usv14->black_usv16(机会锁定)
      [ASSIGN] white_usv13->black_usv16(机会锁定)
      [ASSIGN] white_usv12->black_usv16(机会锁定)
      [ASSIGN] white_usv5->black_usv16(机会锁定)
      [KILL] black_usv25
      [ASSIGN] white_usv14->black_usv26(机会锁定)
      [ASSIGN] white_usv13->black_usv26(机会锁定)
      [ASSIGN] white_usv12->black_usv26(机会锁定)
      [ASSIGN] white_usv5->black_usv26(机会锁定)
      [ASSIGN] white_usv14->black_usv19(机会锁定)
      [ASSIGN] white_usv13->black_usv19(机会锁定)
      [ASSIGN] white_usv12->black_usv19(机会锁定)
      [ASSIGN] white_usv5->black_usv19(机会锁定)
      [ASSIGN] white_usv7->black_usv16(机会锁定)
      [ASSIGN] white_usv11->black_usv26(机会锁定)
      [ASSIGN] white_usv3->black_usv4(机会锁定)
[t=10,241s] step=310 | MISSION=NORMAL_C | USV: 9/15 (avail=0 int=5 lock=4 frz=0) | UAV: air=15 rtb=0 chg=0 loiter=0 | TRACKS: vis=8 lost=0 engaged=1 | TOP: black_usv1(x161,643) black_usv4(x162,589) black_usv3(x163,602) | KILL=25 | ACTIONS=24 | INTENT: focus=2 ratio=0.20
      [ASSIGN] white_usv11->black_usv16(机会锁定)
      [ASSIGN] white_usv12->black_usv16(机会锁定)
      [ASSIGN] white_usv5->black_usv16(机会锁定)
      [KILL] black_usv16
      [RELEASE] white_usv7->black_usv16(目标失效)
      [ASSIGN] white_usv7->black_usv27(机会锁定)
      [RELEASE] white_usv11->black_usv16(目标失效)
      [ASSIGN] white_usv11->black_usv26(机会锁定)
      [RELEASE] white_usv12->black_usv16(目标失效)
      [ASSIGN] white_usv12->black_usv26(机会锁定)
      [RELEASE] white_usv5->black_usv16(目标失效)
      [ASSIGN] white_usv5->black_usv26(机会锁定)
      [ASSIGN] white_usv11->black_usv19(机会锁定)
      [ASSIGN] white_usv12->black_usv19(机会锁定)
      [ASSIGN] white_usv5->black_usv19(机会锁定)
      [ASSIGN] white_usv11->black_usv26(机会锁定)
      [ASSIGN] white_usv14->black_usv26(机会锁定)
      [ASSIGN] white_usv13->black_usv26(机会锁定)
      [ASSIGN] white_usv12->black_usv26(机会锁定)
      [ASSIGN] white_usv5->black_usv26(机会锁定)
      [ASSIGN] white_usv7->black_usv19(机会锁定)
      [ASSIGN] white_usv11->black_usv19(机会锁定)
      [ASSIGN] white_usv14->black_usv19(机会锁定)
      [ASSIGN] white_usv13->black_usv19(机会锁定)
      [ASSIGN] white_usv12->black_usv19(机会锁定)
      [ASSIGN] white_usv5->black_usv19(机会锁定)
      [KILL] black_usv26
      [ASSIGN] white_usv7->black_usv27(机会锁定)
      [ASSIGN] white_usv11->black_usv27(机会锁定)
      [ASSIGN] white_usv12->black_usv27(机会锁定)
      [ASSIGN] white_usv5->black_usv27(机会锁定)
      [ASSIGN] white_usv7->black_usv19(机会锁定)
      [ASSIGN] white_usv11->black_usv19(机会锁定)
      [ASSIGN] white_usv12->black_usv19(机会锁定)
      [ASSIGN] white_usv5->black_usv19(机会锁定)
      [ASSIGN] white_usv7->black_usv27(机会锁定)
      [ASSIGN] white_usv11->black_usv27(机会锁定)
      [ASSIGN] white_usv12->black_usv27(机会锁定)
      [ASSIGN] white_usv5->black_usv27(机会锁定)
      [ASSIGN] white_usv3->black_usv1(机会锁定)
      [ASSIGN] white_usv7->black_usv19(机会锁定)
      [ASSIGN] white_usv11->black_usv19(机会锁定)
      [ASSIGN] white_usv12->black_usv19(机会锁定)
      [ASSIGN] white_usv5->black_usv19(机会锁定)
[t=10,799s] step=320 | MISSION=NORMAL_C | USV: 9/15 (avail=0 int=8 lock=1 frz=0) | UAV: air=15 rtb=0 chg=0 loiter=0 | TRACKS: vis=6 lost=0 engaged=1 | TOP: black_usv4(x158,424) black_usv3(x158,351) black_usv15(x166,913) | KILL=26 | ACTIONS=24 | INTENT: focus=2 ratio=0.20
      [KILL] black_usv27
      [RELEASE] white_usv2->black_usv27(目标失效)
      [RELEASE] white_usv1->black_usv27(目标失效)
      [ASSIGN] white_usv2->black_usv4
      [ASSIGN] white_usv1->black_usv3
      [ASSIGN] white_usv3->black_usv15(机会锁定)
      [KILL] black_usv19
      [RELEASE] white_usv7->black_usv19(目标失效)
      [RELEASE] white_usv11->black_usv19(目标失效)
      [RELEASE] white_usv14->black_usv19(目标失效)
      [RELEASE] white_usv13->black_usv19(目标失效)
      [RELEASE] white_usv12->black_usv19(目标失效)
      [RELEASE] white_usv5->black_usv19(目标失效)
      [ASSIGN] white_usv7->black_usv1
      [ASSIGN] white_usv11->black_usv1
      [ASSIGN] white_usv1->black_usv4(机会锁定)
      [ASSIGN] white_usv14->black_usv15
      [ASSIGN] white_usv13->black_usv4
      [ASSIGN] white_usv12->black_usv15
      [ASSIGN] white_usv5->black_usv3
[t=11,303s] step=330 | MISSION=NORMAL_C | USV: 9/15 (avail=0 int=6 lock=3 frz=0) | UAV: air=15 rtb=0 chg=0 loiter=0 | TRACKS: vis=4 lost=0 engaged=2 | TOP: black_usv3(x153,607) black_usv4(x155,352) black_usv15(x162,569) | KILL=26 | ACTIONS=24 | INTENT: focus=2 ratio=0.20
      [ASSIGN] white_usv7->black_usv4(机会锁定)
      [ASSIGN] white_usv2->black_usv1(机会锁定)
      [ASSIGN] white_usv7->black_usv15(机会锁定)
      [ASSIGN] white_usv1->black_usv1(机会锁定)
[t=11,802s] step=340 | MISSION=NORMAL_C | USV: 8/15 (avail=0 int=5 lock=3 frz=0) | UAV: air=15 rtb=0 chg=0 loiter=0 | TRACKS: vis=4 lost=0 engaged=2 | TOP: black_usv3(x148,910) black_usv4(x153,602) black_usv1(x146,652) | KILL=27 | ACTIONS=23 | INTENT: focus=2 ratio=0.20
      [ASSIGN] white_usv2->black_usv4(机会锁定)
      [ASSIGN] white_usv7->black_usv4(机会锁定)
      [ASSIGN] white_usv1->black_usv4(机会锁定)
      [ASSIGN] white_usv2->black_usv1(机会锁定)
      [ASSIGN] white_usv7->black_usv1(机会锁定)
      [ASSIGN] white_usv1->black_usv1(机会锁定)
      [ASSIGN] white_usv2->black_usv4(机会锁定)
      [ASSIGN] white_usv7->black_usv4(机会锁定)
      [ASSIGN] white_usv1->black_usv4(机会锁定)
      [ASSIGN] white_usv2->black_usv1(机会锁定)
      [ASSIGN] white_usv7->black_usv1(机会锁定)
      [ASSIGN] white_usv1->black_usv1(机会锁定)
      [ASSIGN] white_usv2->black_usv4(机会锁定)
      [ASSIGN] white_usv7->black_usv4(机会锁定)
      [ASSIGN] white_usv1->black_usv4(机会锁定)
      [KILL] black_usv4
      [RELEASE] white_usv2->black_usv4(目标失效)
      [ASSIGN] white_usv2->black_usv1(机会锁定)
      [RELEASE] white_usv7->black_usv4(目标失效)
      [ASSIGN] white_usv7->black_usv1(机会锁定)
      [RELEASE] white_usv1->black_usv4(目标失效)
      [ASSIGN] white_usv1->black_usv1(机会锁定)
      [RELEASE] white_usv13->black_usv4(目标失效)
      [ASSIGN] white_usv2->black_usv15(机会锁定)
      [ASSIGN] white_usv7->black_usv15(机会锁定)
      [ASSIGN] white_usv1->black_usv15(机会锁定)
      [ASSIGN] white_usv13->black_usv3
      [ASSIGN] white_usv2->black_usv1(机会锁定)
      [ASSIGN] white_usv7->black_usv1(机会锁定)
      [ASSIGN] white_usv1->black_usv1(机会锁定)
      [ASSIGN] white_usv2->black_usv15(机会锁定)
      [ASSIGN] white_usv7->black_usv15(机会锁定)
      [ASSIGN] white_usv1->black_usv15(机会锁定)
      [ASSIGN] white_usv2->black_usv1(机会锁定)
      [ASSIGN] white_usv7->black_usv1(机会锁定)
      [ASSIGN] white_usv1->black_usv1(机会锁定)
[t=12,343s] step=350 | MISSION=NORMAL_C | USV: 8/15 (avail=0 int=8 lock=0 frz=0) | UAV: air=15 rtb=0 chg=0 loiter=0 | TRACKS: vis=3 lost=0 engaged=0 | TOP: black_usv1(x146,518) black_usv3(x143,818) black_usv15(x160,725) | KILL=29 | ACTIONS=23 | INTENT: focus=2 ratio=0.20
      [ASSIGN] white_usv2->black_usv15(机会锁定)
      [ASSIGN] white_usv7->black_usv15(机会锁定)
      [ASSIGN] white_usv1->black_usv15(机会锁定)
      [ASSIGN] white_usv2->black_usv1(机会锁定)
      [ASSIGN] white_usv7->black_usv1(机会锁定)
      [ASSIGN] white_usv1->black_usv1(机会锁定)
      [KILL] black_usv15
      [KILL] black_usv1
      [RELEASE] white_usv2->black_usv1(目标失效)
      [ASSIGN] white_usv2->black_usv3(机会锁定)
      [RELEASE] white_usv7->black_usv1(目标失效)
      [ASSIGN] white_usv7->black_usv3(机会锁定)
      [RELEASE] white_usv11->black_usv1(目标失效)
      [RELEASE] white_usv1->black_usv1(目标失效)
      [ASSIGN] white_usv1->black_usv3(机会锁定)
      [RELEASE] white_usv14->black_usv15(目标失效)
      [RELEASE] white_usv12->black_usv15(目标失效)
[t=13,138s] step=360 | MISSION=TERMINAL | USV: 6/15 (avail=3 int=3 lock=0 frz=0) | UAV: air=15 rtb=0 chg=0 loiter=0 | TRACKS: vis=1 lost=0 engaged=0 | TOP: black_usv3(x139,555) | KILL=30 | ACTIONS=21 | INTENT: focus=2 ratio=0.20

========================================================================
对局结果: Result.Victory — 敌方所有单位被击毁
  击杀蓝舰: 30 | 命中: 60 | 我方USV损失: 9 | UAV损失: 0 | 突破: 0
[META] result=Result.Victory victory_time=13138 first_detection=1848 first_lock=7410 first_kill=8320 enemy_kills=30 friendly_usv_losses=9 friendly_uav_losses=0 black_breakthrough=0 reacquire_attempts=17 reacquire_success=17 sensor_assisted_locks=65 low_conf_commitments=0 global_reacquire_entries=0 global_reacquire_success=0 coverage_collapse_events=1 active_clusters_max=1 coverage_quality_final=0.22 commander_source=default_intent commander_calls=0 commander_changes=0 commander_no_change=0 commander_parse_failures=0 commander_api_failures=0 commander_policy_failures=0 commander_avg_latency=0.0
Done
