========================================================================
HYBRID AGENT V5 — Variable-Cardinality Hierarchical Maritime Agent
  启用UAV: True | LLM_ENABLED: False
========================================================================
对局 10 开始
      [UAV RELAUNCH] white_uav1
      [UAV RELAUNCH] white_uav4
      [UAV RELAUNCH] white_uav2
      [UAV RELAUNCH] white_uav3
      [UAV RELAUNCH] white_uav5
[t=187s] step=10 | MISSION=NORMAL_C | USV: 5/5 (avail=5 int=0 lock=0 frz=0) | UAV: air=5 rtb=0 chg=0 loiter=0 | TRACKS: vis=0 lost=0 engaged=0 | TOP:  | KILL=0 | ACTIONS=10 | INTENT: focus=2 ratio=0.20
  [INTENT APPLIED]
    ThreatAllocator: focus 2 emergency 3 reserve_ratio 0.20 reserve_usvs None bias breakthrough_eta
    UAVManager: mode search_and_reacquire uav_priority []
[t=365s] step=20 | MISSION=NORMAL_C | USV: 5/5 (avail=5 int=0 lock=0 frz=0) | UAV: air=5 rtb=0 chg=0 loiter=0 | TRACKS: vis=0 lost=0 engaged=0 | TOP:  | KILL=0 | ACTIONS=10 | INTENT: focus=2 ratio=0.20
[t=574s] step=30 | MISSION=NORMAL_C | USV: 5/5 (avail=5 int=0 lock=0 frz=0) | UAV: air=5 rtb=0 chg=0 loiter=0 | TRACKS: vis=0 lost=0 engaged=0 | TOP:  | KILL=0 | ACTIONS=10 | INTENT: focus=2 ratio=0.20
[t=756s] step=40 | MISSION=NORMAL_C | USV: 5/5 (avail=5 int=0 lock=0 frz=0) | UAV: air=5 rtb=0 chg=0 loiter=0 | TRACKS: vis=0 lost=0 engaged=0 | TOP:  | KILL=0 | ACTIONS=10 | INTENT: focus=2 ratio=0.20
[t=939s] step=50 | MISSION=NORMAL_C | USV: 5/5 (avail=5 int=0 lock=0 frz=0) | UAV: air=5 rtb=0 chg=0 loiter=0 | TRACKS: vis=0 lost=0 engaged=0 | TOP:  | KILL=0 | ACTIONS=10 | INTENT: focus=2 ratio=0.20
[t=1,151s] step=60 | MISSION=NORMAL_C | USV: 5/5 (avail=5 int=0 lock=0 frz=0) | UAV: air=5 rtb=0 chg=0 loiter=0 | TRACKS: vis=0 lost=0 engaged=0 | TOP:  | KILL=0 | ACTIONS=10 | INTENT: focus=2 ratio=0.20
[t=1,335s] step=70 | MISSION=NORMAL_C | USV: 5/5 (avail=5 int=0 lock=0 frz=0) | UAV: air=5 rtb=0 chg=0 loiter=0 | TRACKS: vis=0 lost=0 engaged=0 | TOP:  | KILL=0 | ACTIONS=10 | INTENT: focus=2 ratio=0.20
      [DETECT] black_uav6
      [DETECT] black_uav4
      [DETECT] black_uav3
      [DETECT] black_uav5
[t=1,558s] step=80 | MISSION=NORMAL_C | USV: 5/5 (avail=5 int=0 lock=0 frz=0) | UAV: air=5 rtb=0 chg=0 loiter=0 | TRACKS: vis=4 lost=0 engaged=0 | TOP: black_uav6(x212,488) black_uav4(x212,488) black_uav3(x212,488) | KILL=0 | ACTIONS=10 | INTENT: focus=2 ratio=0.20
      [DETECT] black_uav7
      [DETECT] black_uav2
      [DETECT] black_uav1
[t=1,756s] step=90 | MISSION=NORMAL_C | USV: 5/5 (avail=5 int=0 lock=0 frz=0) | UAV: air=5 rtb=0 chg=0 loiter=0 | TRACKS: vis=7 lost=0 engaged=0 | TOP: black_uav6(x206,527) black_uav4(x206,527) black_uav3(x206,527) | KILL=0 | ACTIONS=10 | INTENT: focus=2 ratio=0.20
      [DETECT] black_usv3
      [DETECT] black_usv6
      [DETECT] black_usv4
      [DETECT] black_usv5
      [ASSIGN] white_usv3->black_usv5
      [ASSIGN] white_usv1->black_usv4
      [ASSIGN] white_usv2->black_usv3
      [ASSIGN] white_usv5->black_usv6
      [DETECT] black_usv2
      [ASSIGN] white_usv4->black_usv2
      [DETECT] black_usv7
      [DETECT] black_usv1
      [DETECT] black_usv8
[t=1,945s] step=100 | MISSION=NORMAL_C | USV: 5/5 (avail=0 int=5 lock=0 frz=0) | UAV: air=5 rtb=0 chg=0 loiter=0 | TRACKS: vis=15 lost=0 engaged=0 | TOP: black_usv7(x240,991) black_usv1(x241,279) black_usv8(x242,244) | KILL=0 | ACTIONS=10 | INTENT: focus=2 ratio=0.20
[t=2,135s] step=110 | MISSION=NORMAL_C | USV: 5/5 (avail=0 int=5 lock=0 frz=0) | UAV: air=5 rtb=0 chg=0 loiter=0 | TRACKS: vis=11 lost=4 engaged=0 | TOP: black_usv7(x239,138) black_usv1(x239,454) black_usv8(x240,511) | KILL=0 | ACTIONS=10 | INTENT: focus=2 ratio=0.20
[t=2,329s] step=120 | MISSION=NORMAL_C | USV: 5/5 (avail=0 int=5 lock=0 frz=0) | UAV: air=5 rtb=0 chg=0 loiter=0 | TRACKS: vis=8 lost=6 engaged=0 | TOP: black_usv7(x237,242) black_usv1(x237,587) black_usv8(x238,742) | KILL=0 | ACTIONS=10 | INTENT: focus=2 ratio=0.20
[t=2,517s] step=130 | MISSION=NORMAL_C | USV: 5/5 (avail=0 int=5 lock=0 frz=0) | UAV: air=5 rtb=0 chg=0 loiter=0 | TRACKS: vis=8 lost=0 engaged=0 | TOP: black_usv7(x235,412) black_usv1(x235,785) black_usv8(x237,033) | KILL=0 | ACTIONS=10 | INTENT: focus=2 ratio=0.20
[t=2,690s] step=140 | MISSION=NORMAL_C | USV: 5/5 (avail=0 int=5 lock=0 frz=0) | UAV: air=5 rtb=0 chg=0 loiter=0 | TRACKS: vis=8 lost=0 engaged=0 | TOP: black_usv7(x233,729) black_usv1(x234,127) black_usv8(x235,461) | KILL=0 | ACTIONS=10 | INTENT: focus=2 ratio=0.20
      [DETECT] black_uav4
      [DETECT] black_uav5
[t=2,898s] step=150 | MISSION=NORMAL_C | USV: 5/5 (avail=0 int=5 lock=0 frz=0) | UAV: air=5 rtb=0 chg=0 loiter=0 | TRACKS: vis=9 lost=1 engaged=0 | TOP: black_usv7(x231,699) black_usv1(x232,128) black_usv8(x233,564) | KILL=0 | ACTIONS=10 | INTENT: focus=2 ratio=0.20
[t=3,109s] step=160 | MISSION=NORMAL_C | USV: 5/5 (avail=0 int=5 lock=0 frz=0) | UAV: air=5 rtb=0 chg=0 loiter=0 | TRACKS: vis=10 lost=0 engaged=0 | TOP: black_usv7(x229,633) black_usv1(x230,092) black_usv8(x231,634) | KILL=0 | ACTIONS=10 | INTENT: focus=2 ratio=0.20
[t=3,302s] step=170 | MISSION=NORMAL_C | USV: 5/5 (avail=0 int=5 lock=0 frz=0) | UAV: air=5 rtb=0 chg=0 loiter=0 | TRACKS: vis=9 lost=1 engaged=0 | TOP: black_usv7(x227,748) black_usv1(x228,245) black_usv8(x229,876) | KILL=0 | ACTIONS=10 | INTENT: focus=2 ratio=0.20
      [DETECT] black_uav3
      [DETECT] black_uav1
[t=3,496s] step=180 | MISSION=NORMAL_C | USV: 5/5 (avail=0 int=5 lock=0 frz=0) | UAV: air=5 rtb=0 chg=0 loiter=0 | TRACKS: vis=10 lost=2 engaged=0 | TOP: black_usv7(x225,855) black_usv1(x226,374) black_usv8(x228,108) | KILL=0 | ACTIONS=10 | INTENT: focus=2 ratio=0.20
[t=3,694s] step=190 | MISSION=NORMAL_C | USV: 5/5 (avail=0 int=5 lock=0 frz=0) | UAV: air=5 rtb=0 chg=0 loiter=0 | TRACKS: vis=9 lost=1 engaged=0 | TOP: black_usv7(x223,923) black_usv1(x224,471) black_usv3(x223,033) | KILL=0 | ACTIONS=10 | INTENT: focus=2 ratio=0.20
      [DETECT] black_uav6
[t=3,892s] step=200 | MISSION=NORMAL_C | USV: 5/5 (avail=0 int=5 lock=0 frz=0) | UAV: air=5 rtb=0 chg=0 loiter=0 | TRACKS: vis=10 lost=0 engaged=0 | TOP: black_usv7(x221,998) black_usv3(x221,061) black_usv5(x221,172) | KILL=0 | ACTIONS=10 | INTENT: focus=2 ratio=0.20
      [DETECT] black_uav2
[t=4,101s] step=210 | MISSION=NORMAL_C | USV: 5/5 (avail=0 int=5 lock=0 frz=0) | UAV: air=5 rtb=0 chg=0 loiter=0 | TRACKS: vis=11 lost=0 engaged=0 | TOP: black_usv7(x219,953) black_usv3(x218,965) black_usv4(x219,222) | KILL=0 | ACTIONS=10 | INTENT: focus=2 ratio=0.20
[t=4,345s] step=220 | MISSION=NORMAL_C | USV: 5/5 (avail=0 int=5 lock=0 frz=0) | UAV: air=5 rtb=0 chg=0 loiter=0 | TRACKS: vis=11 lost=0 engaged=0 | TOP: black_usv7(x217,577) black_usv3(x216,531) black_usv4(x216,789) | KILL=0 | ACTIONS=10 | INTENT: focus=2 ratio=0.20
      [DETECT] black_uav7
      [DETECT] black_uav1
[t=4,590s] step=230 | MISSION=NORMAL_C | USV: 5/5 (avail=0 int=5 lock=0 frz=0) | UAV: air=5 rtb=0 chg=0 loiter=0 | TRACKS: vis=13 lost=0 engaged=0 | TOP: black_usv7(x215,186) black_usv3(x214,071) black_usv4(x214,329) | KILL=0 | ACTIONS=10 | INTENT: focus=2 ratio=0.20
[t=4,842s] step=240 | MISSION=NORMAL_C | USV: 5/5 (avail=0 int=5 lock=0 frz=0) | UAV: air=5 rtb=0 chg=0 loiter=0 | TRACKS: vis=13 lost=0 engaged=0 | TOP: black_usv7(x212,727) black_usv3(x211,561) black_usv4(x211,820) | KILL=0 | ACTIONS=10 | INTENT: focus=2 ratio=0.20
[t=5,088s] step=250 | MISSION=NORMAL_C | USV: 5/5 (avail=0 int=5 lock=0 frz=0) | UAV: air=5 rtb=0 chg=0 loiter=0 | TRACKS: vis=13 lost=0 engaged=0 | TOP: black_usv7(x210,326) black_usv3(x209,101) black_usv4(x209,361) | KILL=0 | ACTIONS=10 | INTENT: focus=2 ratio=0.20
[t=5,343s] step=260 | MISSION=NORMAL_C | USV: 5/5 (avail=0 int=5 lock=0 frz=0) | UAV: air=5 rtb=0 chg=0 loiter=0 | TRACKS: vis=13 lost=0 engaged=0 | TOP: black_usv7(x207,838) black_usv3(x206,551) black_usv4(x206,812) | KILL=0 | ACTIONS=10 | INTENT: focus=2 ratio=0.20
[t=5,559s] step=270 | MISSION=NORMAL_C | USV: 5/5 (avail=0 int=5 lock=0 frz=0) | UAV: air=5 rtb=0 chg=0 loiter=0 | TRACKS: vis=13 lost=0 engaged=0 | TOP: black_usv7(x205,721) black_usv3(x204,383) black_usv4(x204,645) | KILL=0 | ACTIONS=10 | INTENT: focus=2 ratio=0.20
      [DETECT] black_usv8
[t=5,820s] step=280 | MISSION=NORMAL_C | USV: 5/5 (avail=0 int=5 lock=0 frz=0) | UAV: air=5 rtb=0 chg=0 loiter=0 | TRACKS: vis=14 lost=0 engaged=0 | TOP: black_usv7(x203,183) black_usv8(x205,348) black_usv3(x201,781) | KILL=0 | ACTIONS=10 | INTENT: focus=2 ratio=0.20
[t=6,083s] step=290 | MISSION=NORMAL_C | USV: 5/5 (avail=0 int=5 lock=0 frz=0) | UAV: air=5 rtb=0 chg=0 loiter=0 | TRACKS: vis=6 lost=2 engaged=0 | TOP: black_usv7(x200,616) black_usv8(x202,762) black_usv3(x199,151) | KILL=0 | ACTIONS=10 | INTENT: focus=2 ratio=0.20
      [DETECT] black_usv8
[t=6,346s] step=300 | MISSION=NORMAL_C | USV: 5/5 (avail=0 int=5 lock=0 frz=0) | UAV: air=5 rtb=0 chg=0 loiter=0 | TRACKS: vis=7 lost=0 engaged=0 | TOP: black_usv7(x198,042) black_usv8(x200,170) black_usv3(x196,514) | KILL=0 | ACTIONS=10 | INTENT: focus=2 ratio=0.20
      [DETECT] black_usv1
[t=6,576s] step=310 | MISSION=NORMAL_C | USV: 5/5 (avail=0 int=5 lock=0 frz=0) | UAV: air=5 rtb=0 chg=0 loiter=0 | TRACKS: vis=8 lost=0 engaged=0 | TOP: black_usv7(x195,805) black_usv8(x197,916) black_usv1(x196,777) | KILL=0 | ACTIONS=10 | INTENT: focus=2 ratio=0.20
[t=6,825s] step=320 | MISSION=NORMAL_C | USV: 5/5 (avail=0 int=5 lock=0 frz=0) | UAV: air=5 rtb=0 chg=0 loiter=0 | TRACKS: vis=6 lost=2 engaged=0 | TOP: black_usv7(x193,375) black_usv8(x195,459) black_usv1(x194,384) | KILL=0 | ACTIONS=10 | INTENT: focus=2 ratio=0.20
[t=7,090s] step=330 | MISSION=NORMAL_C | USV: 5/5 (avail=0 int=5 lock=0 frz=0) | UAV: air=5 rtb=0 chg=0 loiter=0 | TRACKS: vis=7 lost=0 engaged=0 | TOP: black_usv1(x191,837) black_usv7(x191,743) black_usv4(x189,349) | KILL=0 | ACTIONS=10 | INTENT: focus=2 ratio=0.20
[t=7,358s] step=340 | MISSION=NORMAL_C | USV: 5/5 (avail=0 int=5 lock=0 frz=0) | UAV: air=5 rtb=0 chg=0 loiter=0 | TRACKS: vis=7 lost=0 engaged=0 | TOP: black_usv1(x189,261) black_usv7(x189,967) black_usv4(x186,670) | KILL=0 | ACTIONS=10 | INTENT: focus=2 ratio=0.20
      [ASSIGN] white_usv1->black_usv3(机会锁定)
      [ASSIGN] white_usv5->black_usv4(机会锁定)
      [ASSIGN] white_usv4->black_usv5(机会锁定)
[t=7,629s] step=350 | MISSION=NORMAL_C | USV: 5/5 (avail=0 int=0 lock=5 frz=0) | UAV: air=5 rtb=0 chg=0 loiter=0 | TRACKS: vis=7 lost=0 engaged=3 | TOP: black_usv6(x185,837) black_usv1(x186,657) black_usv2(x184,310) | KILL=0 | ACTIONS=10 | INTENT: focus=2 ratio=0.20
      [ASSIGN] white_usv3->black_usv6(机会锁定)
      [ASSIGN] white_usv2->black_usv2(机会锁定)
      [ASSIGN] white_usv1->black_usv2(机会锁定)
      [ASSIGN] white_usv4->black_usv3(机会锁定)
      [DETECT] black_usv8
[t=7,871s] step=360 | MISSION=NORMAL_C | USV: 5/5 (avail=0 int=0 lock=5 frz=0) | UAV: air=5 rtb=0 chg=0 loiter=0 | TRACKS: vis=7 lost=1 engaged=4 | TOP: black_usv5(x183,501) black_usv8(x185,185) black_usv1(x184,322) | KILL=1 | ACTIONS=10 | INTENT: focus=2 ratio=0.20
      [ASSIGN] white_usv3->black_usv5(机会锁定)
      [ASSIGN] white_usv2->black_usv5(机会锁定)
      [ASSIGN] white_usv3->black_usv6(机会锁定)
      [ASSIGN] white_usv2->black_usv6(机会锁定)
      [ASSIGN] white_usv1->black_usv5(机会锁定)
      [ASSIGN] white_usv5->black_usv5(机会锁定)
      [ASSIGN] white_usv1->black_usv2(机会锁定)
      [ASSIGN] white_usv5->black_usv4(机会锁定)
      [ASSIGN] white_usv4->black_usv2(机会锁定)
[t=8,138s] step=370 | MISSION=NORMAL_C | USV: 5/5 (avail=0 int=0 lock=5 frz=0) | UAV: air=5 rtb=0 chg=0 loiter=0 | TRACKS: vis=8 lost=0 engaged=3 | TOP: black_usv8(x182,560) black_usv5(x183,501) black_usv1(x181,765) | KILL=1 | ACTIONS=10 | INTENT: focus=2 ratio=0.20
      [KILL] black_usv5
      [ASSIGN] white_usv3->black_usv3(机会锁定)
      [ASSIGN] white_usv2->black_usv3(机会锁定)
[t=8,398s] step=380 | MISSION=NORMAL_C | USV: 5/5 (avail=0 int=0 lock=5 frz=0) | UAV: air=5 rtb=0 chg=0 loiter=0 | TRACKS: vis=7 lost=0 engaged=3 | TOP: black_usv6(x178,762) black_usv8(x180,001) black_usv1(x179,257) | KILL=2 | ACTIONS=10 | INTENT: focus=2 ratio=0.20
      [ASSIGN] white_usv1->black_usv6(机会锁定)
      [ASSIGN] white_usv4->black_usv6(机会锁定)
      [ASSIGN] white_usv1->black_usv2(机会锁定)
      [ASSIGN] white_usv5->black_usv7(机会锁定)
      [ASSIGN] white_usv1->black_usv6(机会锁定)
      [ASSIGN] white_usv1->black_usv2(机会锁定)
      [ASSIGN] white_usv1->black_usv6(机会锁定)
      [ASSIGN] white_usv1->black_usv4(机会锁定)
      [ASSIGN] white_usv1->black_usv6(机会锁定)
      [ASSIGN] white_usv1->black_usv4(机会锁定)
      [ASSIGN] white_usv1->black_usv6(机会锁定)
      [ASSIGN] white_usv1->black_usv4(机会锁定)
[t=8,636s] step=390 | MISSION=NORMAL_C | USV: 4/5 (avail=0 int=1 lock=3 frz=0) | UAV: air=5 rtb=0 chg=0 loiter=0 | TRACKS: vis=7 lost=0 engaged=2 | TOP: black_usv8(x177,656) black_usv4(x179,043) black_usv1(x176,978) | KILL=4 | ACTIONS=9 | INTENT: focus=2 ratio=0.20
      [ASSIGN] white_usv1->black_usv6(机会锁定)
      [ASSIGN] white_usv1->black_usv4(机会锁定)
      [ASSIGN] white_usv3->black_usv6(机会锁定)
      [ASSIGN] white_usv1->black_usv6(机会锁定)
      [ASSIGN] white_usv2->black_usv6(机会锁定)
      [ASSIGN] white_usv3->black_usv4(机会锁定)
      [ASSIGN] white_usv1->black_usv3(机会锁定)
      [ASSIGN] white_usv2->black_usv3(机会锁定)
      [ASSIGN] white_usv3->black_usv6(机会锁定)
      [ASSIGN] white_usv1->black_usv6(机会锁定)
      [ASSIGN] white_usv2->black_usv6(机会锁定)
      [ASSIGN] white_usv3->black_usv4(机会锁定)
      [ASSIGN] white_usv1->black_usv3(机会锁定)
      [ASSIGN] white_usv2->black_usv3(机会锁定)
      [ASSIGN] white_usv5->black_usv4(机会锁定)
      [ASSIGN] white_usv3->black_usv6(机会锁定)
      [ASSIGN] white_usv1->black_usv6(机会锁定)
      [ASSIGN] white_usv2->black_usv6(机会锁定)
      [ASSIGN] white_usv5->black_usv7(机会锁定)
      [ASSIGN] white_usv3->black_usv4(机会锁定)
      [ASSIGN] white_usv2->black_usv3(机会锁定)
      [ASSIGN] white_usv3->black_usv2(机会锁定)
      [ASSIGN] white_usv2->black_usv2(机会锁定)
      [ASSIGN] white_usv3->black_usv4(机会锁定)
      [ASSIGN] white_usv2->black_usv3(机会锁定)
[t=8,861s] step=400 | MISSION=NORMAL_C | USV: 4/5 (avail=0 int=3 lock=1 frz=0) | UAV: air=5 rtb=0 chg=0 loiter=0 | TRACKS: vis=7 lost=0 engaged=1 | TOP: black_usv8(x175,446) black_usv1(x174,809) black_usv4(x179,043) | KILL=5 | ACTIONS=9 | INTENT: focus=2 ratio=0.20
      [ASSIGN] white_usv3->black_usv2(机会锁定)
      [ASSIGN] white_usv2->black_usv2(机会锁定)
      [ASSIGN] white_usv3->black_usv4(机会锁定)
      [ASSIGN] white_usv1->black_usv3(机会锁定)
      [ASSIGN] white_usv2->black_usv3(机会锁定)
      [ASSIGN] white_usv3->black_usv6(机会锁定)
      [ASSIGN] white_usv1->black_usv6(机会锁定)
      [ASSIGN] white_usv2->black_usv2(机会锁定)
      [ASSIGN] white_usv3->black_usv4(机会锁定)
      [ASSIGN] white_usv1->black_usv3(机会锁定)
      [ASSIGN] white_usv2->black_usv3(机会锁定)
      [KILL] black_usv6
      [ASSIGN] white_usv1->black_usv2(机会锁定)
      [ASSIGN] white_usv2->black_usv2(机会锁定)
      [ASSIGN] white_usv1->black_usv3(机会锁定)
      [ASSIGN] white_usv2->black_usv3(机会锁定)
      [KILL] black_usv4
      [KILL] black_usv2
      [RELEASE] white_usv3->black_usv4(目标失效)
      [ASSIGN] white_usv3->black_usv8
[t=9,100s] step=410 | MISSION=NORMAL_C | USV: 4/5 (avail=0 int=3 lock=1 frz=0) | UAV: air=5 rtb=0 chg=0 loiter=0 | TRACKS: vis=3 lost=1 engaged=1 | TOP: black_usv1(x172,512) black_usv8(x173,094) black_usv7(x180,417) | KILL=5 | ACTIONS=9 | INTENT: focus=2 ratio=0.20
      [ASSIGN] white_usv3->black_usv7(机会锁定)
      [KILL] black_usv3
      [RELEASE] white_usv1->black_usv3(目标失效)
      [RELEASE] white_usv2->black_usv3(目标失效)
      [ASSIGN] white_usv1->black_usv8
      [ASSIGN] white_usv2->black_usv1
[t=9,333s] step=420 | MISSION=NORMAL_C | USV: 4/5 (avail=2 int=0 lock=2 frz=0) | UAV: air=5 rtb=0 chg=0 loiter=0 | TRACKS: vis=2 lost=1 engaged=1 | TOP: black_usv8(x170,805) black_usv1(x170,279) black_usv7(x178,839) | KILL=5 | ACTIONS=9 | INTENT: focus=2 ratio=0.20
      [ASSIGN] white_usv1->black_usv7(机会锁定)
[t=9,567s] step=430 | MISSION=NORMAL_C | USV: 4/5 (avail=0 int=4 lock=0 frz=0) | UAV: air=5 rtb=0 chg=0 loiter=0 | TRACKS: vis=2 lost=1 engaged=0 | TOP: black_usv8(x168,509) black_usv1(x168,030) black_usv7(x177,884) | KILL=6 | ACTIONS=9 | INTENT: focus=2 ratio=0.20
      [RELEASE] white_usv2->black_usv1(目标失效)
      [ASSIGN] white_usv2->black_usv8
[t=9,800s] step=440 | MISSION=NORMAL_C | USV: 4/5 (avail=0 int=4 lock=0 frz=0) | UAV: air=5 rtb=0 chg=0 loiter=0 | TRACKS: vis=2 lost=0 engaged=0 | TOP: black_usv8(x166,217) black_usv7(x177,884) | KILL=6 | ACTIONS=9 | INTENT: focus=2 ratio=0.20
      [ASSIGN] white_usv2->black_usv7(机会锁定)
      [KILL] black_usv7
      [RELEASE] white_usv3->black_usv7(目标失效)
      [RELEASE] white_usv1->black_usv7(目标失效)
      [RELEASE] white_usv2->black_usv7(目标失效)
      [RELEASE] white_usv5->black_usv7(目标失效)
[t=10,049s] step=450 | MISSION=NORMAL_C | USV: 4/5 (avail=0 int=4 lock=0 frz=0) | UAV: air=5 rtb=0 chg=0 loiter=0 | TRACKS: vis=1 lost=0 engaged=0 | TOP: black_usv8(x163,764) | KILL=6 | ACTIONS=9 | INTENT: focus=2 ratio=0.20
      [ASSIGN] white_usv3->black_usv8
      [ASSIGN] white_usv1->black_usv8
      [ASSIGN] white_usv5->black_usv8
[t=10,267s] step=460 | MISSION=NORMAL_C | USV: 4/5 (avail=1 int=3 lock=0 frz=0) | UAV: air=5 rtb=0 chg=0 loiter=0 | TRACKS: vis=1 lost=0 engaged=0 | TOP: black_usv8(x161,628) | KILL=6 | ACTIONS=9 | INTENT: focus=2 ratio=0.20
[t=10,488s] step=470 | MISSION=NORMAL_C | USV: 4/5 (avail=1 int=2 lock=1 frz=0) | UAV: air=5 rtb=0 chg=0 loiter=0 | TRACKS: vis=1 lost=0 engaged=1 | TOP: black_usv8(x159,459) | KILL=6 | ACTIONS=9 | INTENT: focus=2 ratio=0.20
[t=10,719s] step=480 | MISSION=NORMAL_C | USV: 4/5 (avail=1 int=2 lock=1 frz=0) | UAV: air=5 rtb=0 chg=0 loiter=0 | TRACKS: vis=1 lost=0 engaged=1 | TOP: black_usv8(x157,296) | KILL=6 | ACTIONS=9 | INTENT: focus=2 ratio=0.20
[t=10,968s] step=490 | MISSION=NORMAL_C | USV: 4/5 (avail=1 int=3 lock=0 frz=0) | UAV: air=5 rtb=0 chg=0 loiter=0 | TRACKS: vis=1 lost=0 engaged=0 | TOP: black_usv8(x157,296) | KILL=7 | ACTIONS=9 | INTENT: focus=2 ratio=0.20
[t=11,244s] step=500 | MISSION=NORMAL_C | USV: 4/5 (avail=1 int=3 lock=0 frz=0) | UAV: air=5 rtb=0 chg=0 loiter=0 | TRACKS: vis=1 lost=0 engaged=0 | TOP: black_usv8(x157,296) | KILL=7 | ACTIONS=9 | INTENT: focus=2 ratio=0.20
      [KILL] black_usv8
      [RELEASE] white_usv3->black_usv8(目标失效)
      [RELEASE] white_usv1->black_usv8(目标失效)
      [RELEASE] white_usv5->black_usv8(目标失效)
[t=11,504s] step=510 | MISSION=GLOBAL_R | USV: 4/5 (avail=4 int=0 lock=0 frz=0) | UAV: air=5 rtb=0 chg=0 loiter=0 | TRACKS: vis=0 lost=0 engaged=0 | TOP:  | KILL=7 | ACTIONS=9 | INTENT: focus=2 ratio=0.20
[t=11,736s] step=520 | MISSION=GLOBAL_R | USV: 4/5 (avail=4 int=0 lock=0 frz=0) | UAV: air=5 rtb=0 chg=0 loiter=0 | TRACKS: vis=0 lost=0 engaged=0 | TOP:  | KILL=7 | ACTIONS=9 | INTENT: focus=2 ratio=0.20
[t=11,977s] step=530 | MISSION=GLOBAL_R | USV: 4/5 (avail=4 int=0 lock=0 frz=0) | UAV: air=5 rtb=0 chg=0 loiter=0 | TRACKS: vis=0 lost=0 engaged=0 | TOP:  | KILL=7 | ACTIONS=9 | INTENT: focus=2 ratio=0.20
      [DETECT] black_usv1
      [ASSIGN] white_usv3->black_usv1
      [ASSIGN] white_usv2->black_usv1
      [ASSIGN] white_usv5->black_usv1
[t=12,211s] step=540 | MISSION=NORMAL_C | USV: 4/5 (avail=1 int=3 lock=0 frz=0) | UAV: air=5 rtb=0 chg=0 loiter=0 | TRACKS: vis=1 lost=0 engaged=0 | TOP: black_usv1(x142,610) | KILL=7 | ACTIONS=9 | INTENT: focus=2 ratio=0.20
[t=12,449s] step=550 | MISSION=NORMAL_C | USV: 4/5 (avail=1 int=3 lock=0 frz=0) | UAV: air=5 rtb=0 chg=0 loiter=0 | TRACKS: vis=1 lost=0 engaged=0 | TOP: black_usv1(x140,331) | KILL=7 | ACTIONS=9 | INTENT: focus=2 ratio=0.20
[t=12,679s] step=560 | MISSION=NORMAL_C | USV: 4/5 (avail=1 int=3 lock=0 frz=0) | UAV: air=5 rtb=0 chg=0 loiter=0 | TRACKS: vis=0 lost=1 engaged=0 | TOP: black_usv1(x138,112) | KILL=7 | ACTIONS=9 | INTENT: focus=2 ratio=0.20
[t=12,906s] step=570 | MISSION=NORMAL_C | USV: 4/5 (avail=1 int=3 lock=0 frz=0) | UAV: air=5 rtb=0 chg=0 loiter=0 | TRACKS: vis=1 lost=0 engaged=0 | TOP: black_usv1(x135,933) | KILL=7 | ACTIONS=9 | INTENT: focus=2 ratio=0.20
[t=13,126s] step=580 | MISSION=NORMAL_C | USV: 4/5 (avail=1 int=3 lock=0 frz=0) | UAV: air=5 rtb=0 chg=0 loiter=0 | TRACKS: vis=1 lost=0 engaged=0 | TOP: black_usv1(x133,816) | KILL=7 | ACTIONS=9 | INTENT: focus=2 ratio=0.20
[t=13,353s] step=590 | MISSION=NORMAL_C | USV: 4/5 (avail=1 int=3 lock=0 frz=0) | UAV: air=5 rtb=0 chg=0 loiter=0 | TRACKS: vis=1 lost=0 engaged=0 | TOP: black_usv1(x131,637) | KILL=7 | ACTIONS=9 | INTENT: focus=2 ratio=0.20
[t=13,575s] step=600 | MISSION=NORMAL_C | USV: 4/5 (avail=1 int=3 lock=0 frz=0) | UAV: air=5 rtb=0 chg=0 loiter=0 | TRACKS: vis=1 lost=0 engaged=0 | TOP: black_usv1(x129,508) | KILL=7 | ACTIONS=9 | INTENT: focus=2 ratio=0.20
[t=13,808s] step=610 | MISSION=NORMAL_C | USV: 4/5 (avail=1 int=2 lock=1 frz=0) | UAV: air=5 rtb=0 chg=0 loiter=0 | TRACKS: vis=1 lost=0 engaged=1 | TOP: black_usv1(x127,261) | KILL=7 | ACTIONS=9 | INTENT: focus=2 ratio=0.20
[t=14,038s] step=620 | MISSION=NORMAL_C | USV: 4/5 (avail=1 int=2 lock=1 frz=0) | UAV: air=5 rtb=0 chg=0 loiter=0 | TRACKS: vis=1 lost=0 engaged=1 | TOP: black_usv1(x125,356) | KILL=7 | ACTIONS=9 | INTENT: focus=2 ratio=0.20
[t=14,264s] step=630 | MISSION=NORMAL_C | USV: 4/5 (avail=1 int=2 lock=1 frz=0) | UAV: air=5 rtb=0 chg=0 loiter=0 | TRACKS: vis=1 lost=0 engaged=1 | TOP: black_usv1(x125,356) | KILL=7 | ACTIONS=9 | INTENT: focus=2 ratio=0.20
[t=14,496s] step=640 | MISSION=NORMAL_C | USV: 4/5 (avail=1 int=2 lock=1 frz=0) | UAV: air=5 rtb=0 chg=0 loiter=0 | TRACKS: vis=1 lost=0 engaged=1 | TOP: black_usv1(x123,541) | KILL=7 | ACTIONS=9 | INTENT: focus=2 ratio=0.20

========================================================================
对局结果: Result.Victory — 敌方所有单位被击毁
  击杀蓝舰: 8 | 命中: 16 | 我方USV损失: 1 | UAV损失: 0 | 突破: 0
[META] result=Result.Victory victory_time=14741 first_detection=1558 first_lock=7388 first_kill=8302 enemy_kills=8 friendly_usv_losses=1 friendly_uav_losses=0 black_breakthrough=0 reacquire_attempts=66 reacquire_success=66 sensor_assisted_locks=69 low_conf_commitments=0 global_reacquire_entries=1 global_reacquire_success=1 coverage_collapse_events=1 active_clusters_max=1 coverage_quality_final=0.23 commander_source=default_intent commander_calls=0 commander_changes=0 commander_no_change=0 commander_parse_failures=0 commander_api_failures=0 commander_policy_failures=0 commander_avg_latency=0.0
Done
