========================================================================
HYBRID AGENT V5 — Variable-Cardinality Hierarchical Maritime Agent
  启用UAV: True | LLM_ENABLED: False
========================================================================
对局 8 开始
      [UAV RELAUNCH] white_uav1
      [UAV RELAUNCH] white_uav2
      [UAV RELAUNCH] white_uav3
      [UAV RELAUNCH] white_uav4
      [UAV RELAUNCH] white_uav5
[t=199s] step=10 | MISSION=NORMAL_C | USV: 5/5 (avail=5 int=0 lock=0 frz=0) | UAV: air=5 rtb=0 chg=0 loiter=0 | TRACKS: vis=0 lost=0 engaged=0 | TOP:  | KILL=0 | ACTIONS=10 | INTENT: focus=2 ratio=0.20
  [INTENT APPLIED]
    ThreatAllocator: focus 2 emergency 3 reserve_ratio 0.20 reserve_usvs None bias breakthrough_eta
    UAVManager: mode search_and_reacquire uav_priority []
[t=428s] step=20 | MISSION=NORMAL_C | USV: 5/5 (avail=5 int=0 lock=0 frz=0) | UAV: air=5 rtb=0 chg=0 loiter=0 | TRACKS: vis=0 lost=0 engaged=0 | TOP:  | KILL=0 | ACTIONS=10 | INTENT: focus=2 ratio=0.20
[t=651s] step=30 | MISSION=NORMAL_C | USV: 5/5 (avail=5 int=0 lock=0 frz=0) | UAV: air=5 rtb=0 chg=0 loiter=0 | TRACKS: vis=0 lost=0 engaged=0 | TOP:  | KILL=0 | ACTIONS=10 | INTENT: focus=2 ratio=0.20
[t=843s] step=40 | MISSION=NORMAL_C | USV: 5/5 (avail=5 int=0 lock=0 frz=0) | UAV: air=5 rtb=0 chg=0 loiter=0 | TRACKS: vis=0 lost=0 engaged=0 | TOP:  | KILL=0 | ACTIONS=10 | INTENT: focus=2 ratio=0.20
[t=1,070s] step=50 | MISSION=NORMAL_C | USV: 5/5 (avail=5 int=0 lock=0 frz=0) | UAV: air=5 rtb=0 chg=0 loiter=0 | TRACKS: vis=0 lost=0 engaged=0 | TOP:  | KILL=0 | ACTIONS=10 | INTENT: focus=2 ratio=0.20
[t=1,255s] step=60 | MISSION=NORMAL_C | USV: 5/5 (avail=5 int=0 lock=0 frz=0) | UAV: air=5 rtb=0 chg=0 loiter=0 | TRACKS: vis=0 lost=0 engaged=0 | TOP:  | KILL=0 | ACTIONS=10 | INTENT: focus=2 ratio=0.20
[t=1,465s] step=70 | MISSION=NORMAL_C | USV: 5/5 (avail=5 int=0 lock=0 frz=0) | UAV: air=5 rtb=0 chg=0 loiter=0 | TRACKS: vis=0 lost=0 engaged=0 | TOP:  | KILL=0 | ACTIONS=10 | INTENT: focus=2 ratio=0.20
      [DETECT] black_uav6
      [DETECT] black_uav5
      [DETECT] black_uav4
      [DETECT] black_uav3
      [DETECT] black_uav7
      [DETECT] black_uav2
      [DETECT] black_uav1
[t=1,680s] step=80 | MISSION=NORMAL_C | USV: 5/5 (avail=5 int=0 lock=0 frz=0) | UAV: air=5 rtb=0 chg=0 loiter=0 | TRACKS: vis=7 lost=0 engaged=0 | TOP: black_uav6(x208,804) black_uav5(x208,804) black_uav4(x208,804) | KILL=0 | ACTIONS=10 | INTENT: focus=2 ratio=0.20
      [DETECT] black_usv5
      [DETECT] black_usv4
      [ASSIGN] white_usv4->black_usv5
      [ASSIGN] white_usv3->black_usv5
      [ASSIGN] white_usv5->black_usv4
      [ASSIGN] white_usv2->black_usv4
      [DETECT] black_usv3
      [DETECT] black_usv6
      [ASSIGN] white_usv1->black_usv6
[t=1,862s] step=90 | MISSION=NORMAL_C | USV: 5/5 (avail=1 int=4 lock=0 frz=0) | UAV: air=5 rtb=0 chg=0 loiter=0 | TRACKS: vis=8 lost=3 engaged=0 | TOP: black_usv3(x242,704) black_usv6(x241,390) black_usv5(x241,432) | KILL=0 | ACTIONS=10 | INTENT: focus=2 ratio=0.20
      [DETECT] black_usv2
      [DETECT] black_usv7
      [DETECT] black_usv8
      [DETECT] black_usv1
[t=2,051s] step=100 | MISSION=NORMAL_C | USV: 5/5 (avail=0 int=5 lock=0 frz=0) | UAV: air=5 rtb=0 chg=0 loiter=0 | TRACKS: vis=12 lost=3 engaged=0 | TOP: black_usv8(x239,468) black_usv2(x239,591) black_usv1(x239,605) | KILL=0 | ACTIONS=10 | INTENT: focus=2 ratio=0.20
      [DETECT] black_uav4
[t=2,244s] step=110 | MISSION=NORMAL_C | USV: 5/5 (avail=0 int=5 lock=0 frz=0) | UAV: air=5 rtb=0 chg=0 loiter=0 | TRACKS: vis=13 lost=2 engaged=0 | TOP: black_usv8(x237,535) black_usv2(x237,669) black_usv1(x237,685) | KILL=0 | ACTIONS=10 | INTENT: focus=2 ratio=0.20
[t=2,446s] step=120 | MISSION=NORMAL_C | USV: 5/5 (avail=0 int=5 lock=0 frz=0) | UAV: air=5 rtb=0 chg=0 loiter=0 | TRACKS: vis=8 lost=3 engaged=0 | TOP: black_usv8(x235,516) black_usv2(x235,662) black_usv1(x235,680) | KILL=0 | ACTIONS=10 | INTENT: focus=2 ratio=0.20
      [DETECT] black_uav4
[t=2,667s] step=130 | MISSION=NORMAL_C | USV: 5/5 (avail=0 int=5 lock=0 frz=0) | UAV: air=5 rtb=0 chg=0 loiter=0 | TRACKS: vis=9 lost=0 engaged=0 | TOP: black_usv8(x233,314) black_usv2(x233,474) black_usv1(x233,493) | KILL=0 | ACTIONS=10 | INTENT: focus=2 ratio=0.20
[t=2,896s] step=140 | MISSION=NORMAL_C | USV: 5/5 (avail=0 int=5 lock=0 frz=0) | UAV: air=5 rtb=0 chg=0 loiter=0 | TRACKS: vis=9 lost=0 engaged=0 | TOP: black_usv8(x231,017) black_usv2(x231,190) black_usv1(x231,210) | KILL=0 | ACTIONS=10 | INTENT: focus=2 ratio=0.20
      [DETECT] black_uav3
[t=3,099s] step=150 | MISSION=NORMAL_C | USV: 5/5 (avail=0 int=5 lock=0 frz=0) | UAV: air=5 rtb=0 chg=0 loiter=0 | TRACKS: vis=10 lost=0 engaged=0 | TOP: black_usv8(x228,986) black_usv2(x229,171) black_usv1(x229,193) | KILL=0 | ACTIONS=10 | INTENT: focus=2 ratio=0.20
      [DETECT] black_uav5
      [DETECT] black_uav2
[t=3,333s] step=160 | MISSION=NORMAL_C | USV: 5/5 (avail=0 int=5 lock=0 frz=0) | UAV: air=5 rtb=0 chg=0 loiter=0 | TRACKS: vis=12 lost=0 engaged=0 | TOP: black_usv8(x226,655) black_usv2(x226,854) black_usv1(x226,878) | KILL=0 | ACTIONS=10 | INTENT: focus=2 ratio=0.20
[t=3,568s] step=170 | MISSION=NORMAL_C | USV: 5/5 (avail=0 int=5 lock=0 frz=0) | UAV: air=5 rtb=0 chg=0 loiter=0 | TRACKS: vis=12 lost=0 engaged=0 | TOP: black_usv8(x224,306) black_usv2(x224,519) black_usv1(x224,544) | KILL=0 | ACTIONS=10 | INTENT: focus=2 ratio=0.20
      [DETECT] black_uav1
[t=3,817s] step=180 | MISSION=NORMAL_C | USV: 5/5 (avail=0 int=5 lock=0 frz=0) | UAV: air=5 rtb=0 chg=0 loiter=0 | TRACKS: vis=13 lost=0 engaged=0 | TOP: black_usv8(x221,816) black_usv2(x222,044) black_usv1(x222,071) | KILL=0 | ACTIONS=10 | INTENT: focus=2 ratio=0.20
[t=4,058s] step=190 | MISSION=NORMAL_C | USV: 5/5 (avail=0 int=5 lock=0 frz=0) | UAV: air=5 rtb=0 chg=0 loiter=0 | TRACKS: vis=13 lost=0 engaged=0 | TOP: black_usv8(x219,407) black_usv2(x219,649) black_usv1(x219,678) | KILL=0 | ACTIONS=10 | INTENT: focus=2 ratio=0.20
[t=4,300s] step=200 | MISSION=NORMAL_C | USV: 5/5 (avail=0 int=5 lock=0 frz=0) | UAV: air=5 rtb=0 chg=0 loiter=0 | TRACKS: vis=12 lost=1 engaged=0 | TOP: black_usv8(x216,987) black_usv2(x217,243) black_usv1(x217,274) | KILL=0 | ACTIONS=10 | INTENT: focus=2 ratio=0.20
      [DETECT] black_uav6
      [DETECT] black_uav7
[t=4,567s] step=210 | MISSION=NORMAL_C | USV: 5/5 (avail=0 int=5 lock=0 frz=0) | UAV: air=5 rtb=0 chg=0 loiter=0 | TRACKS: vis=15 lost=0 engaged=0 | TOP: black_usv8(x214,317) black_usv2(x214,590) black_usv1(x214,622) | KILL=0 | ACTIONS=10 | INTENT: focus=2 ratio=0.20
[t=4,809s] step=220 | MISSION=NORMAL_C | USV: 5/5 (avail=0 int=5 lock=0 frz=0) | UAV: air=5 rtb=0 chg=0 loiter=0 | TRACKS: vis=15 lost=0 engaged=0 | TOP: black_usv8(x211,898) black_usv1(x212,219) black_usv2(x212,263) | KILL=0 | ACTIONS=10 | INTENT: focus=2 ratio=0.20
[t=5,061s] step=230 | MISSION=NORMAL_C | USV: 5/5 (avail=0 int=5 lock=0 frz=0) | UAV: air=5 rtb=0 chg=0 loiter=0 | TRACKS: vis=15 lost=0 engaged=0 | TOP: black_usv8(x209,378) black_usv1(x209,716) black_usv2(x209,850) | KILL=0 | ACTIONS=10 | INTENT: focus=2 ratio=0.20
[t=5,335s] step=240 | MISSION=NORMAL_C | USV: 5/5 (avail=0 int=5 lock=0 frz=0) | UAV: air=5 rtb=0 chg=0 loiter=0 | TRACKS: vis=15 lost=0 engaged=0 | TOP: black_usv8(x206,639) black_usv1(x206,995) black_usv2(x207,226) | KILL=0 | ACTIONS=10 | INTENT: focus=2 ratio=0.20
[t=5,606s] step=250 | MISSION=NORMAL_C | USV: 5/5 (avail=0 int=5 lock=0 frz=0) | UAV: air=5 rtb=0 chg=0 loiter=0 | TRACKS: vis=14 lost=1 engaged=0 | TOP: black_usv8(x203,929) black_usv1(x204,303) black_usv2(x204,631) | KILL=0 | ACTIONS=10 | INTENT: focus=2 ratio=0.20
[t=5,898s] step=260 | MISSION=NORMAL_C | USV: 5/5 (avail=0 int=5 lock=0 frz=0) | UAV: air=5 rtb=0 chg=0 loiter=0 | TRACKS: vis=14 lost=1 engaged=0 | TOP: black_usv8(x201,009) black_usv1(x201,403) black_usv2(x201,835) | KILL=0 | ACTIONS=10 | INTENT: focus=2 ratio=0.20
[t=6,161s] step=270 | MISSION=NORMAL_C | USV: 5/5 (avail=0 int=5 lock=0 frz=0) | UAV: air=5 rtb=0 chg=0 loiter=0 | TRACKS: vis=8 lost=0 engaged=0 | TOP: black_usv8(x198,380) black_usv1(x198,791) black_usv7(x200,103) | KILL=0 | ACTIONS=10 | INTENT: focus=2 ratio=0.20
[t=6,445s] step=280 | MISSION=NORMAL_C | USV: 5/5 (avail=0 int=5 lock=0 frz=0) | UAV: air=5 rtb=0 chg=0 loiter=0 | TRACKS: vis=7 lost=1 engaged=0 | TOP: black_usv8(x195,540) black_usv1(x195,971) black_usv7(x197,343) | KILL=0 | ACTIONS=10 | INTENT: focus=2 ratio=0.20
[t=6,681s] step=290 | MISSION=NORMAL_C | USV: 5/5 (avail=0 int=5 lock=0 frz=0) | UAV: air=5 rtb=0 chg=0 loiter=0 | TRACKS: vis=8 lost=0 engaged=0 | TOP: black_usv8(x193,173) black_usv1(x193,619) black_usv7(x195,042) | KILL=0 | ACTIONS=10 | INTENT: focus=2 ratio=0.20
[t=6,904s] step=300 | MISSION=NORMAL_C | USV: 5/5 (avail=0 int=5 lock=0 frz=0) | UAV: air=5 rtb=0 chg=0 loiter=0 | TRACKS: vis=8 lost=0 engaged=0 | TOP: black_usv8(x190,942) black_usv1(x191,403) black_usv7(x192,874) | KILL=0 | ACTIONS=10 | INTENT: focus=2 ratio=0.20
[t=7,143s] step=310 | MISSION=NORMAL_C | USV: 5/5 (avail=0 int=5 lock=0 frz=0) | UAV: air=5 rtb=0 chg=0 loiter=0 | TRACKS: vis=8 lost=0 engaged=0 | TOP: black_usv8(x188,561) black_usv1(x189,038) black_usv7(x190,560) | KILL=0 | ACTIONS=10 | INTENT: focus=2 ratio=0.20
      [ASSIGN] white_usv4->black_usv6(机会锁定)
      [ASSIGN] white_usv3->black_usv6(机会锁定)
[t=7,363s] step=320 | MISSION=NORMAL_C | USV: 5/5 (avail=0 int=5 lock=0 frz=0) | UAV: air=5 rtb=0 chg=0 loiter=0 | TRACKS: vis=8 lost=0 engaged=0 | TOP: black_usv8(x186,357) black_usv1(x186,849) black_usv7(x188,417) | KILL=0 | ACTIONS=10 | INTENT: focus=2 ratio=0.20
      [ASSIGN] white_usv5->black_usv5(机会锁定)
      [ASSIGN] white_usv1->black_usv2(机会锁定)
[t=7,596s] step=330 | MISSION=NORMAL_C | USV: 5/5 (avail=0 int=0 lock=5 frz=0) | UAV: air=5 rtb=0 chg=0 loiter=0 | TRACKS: vis=8 lost=0 engaged=4 | TOP: black_usv8(x184,032) black_usv1(x184,542) black_usv7(x186,157) | KILL=0 | ACTIONS=10 | INTENT: focus=2 ratio=0.20
      [ASSIGN] white_usv4->black_usv8(机会锁定)
      [ASSIGN] white_usv3->black_usv5(机会锁定)
      [ASSIGN] white_usv2->black_usv1(机会锁定)
      [ASSIGN] white_usv5->black_usv6(机会锁定)
      [ASSIGN] white_usv5->black_usv4(机会锁定)
      [ASSIGN] white_usv1->black_usv4(机会锁定)
[t=7,864s] step=340 | MISSION=NORMAL_C | USV: 5/5 (avail=0 int=0 lock=5 frz=0) | UAV: air=5 rtb=0 chg=0 loiter=0 | TRACKS: vis=8 lost=0 engaged=4 | TOP: black_usv6(x183,384) black_usv7(x183,552) black_usv2(x183,011) | KILL=1 | ACTIONS=10 | INTENT: focus=2 ratio=0.20
      [ASSIGN] white_usv4->black_usv6(机会锁定)
      [ASSIGN] white_usv3->black_usv6(机会锁定)
      [ASSIGN] white_usv2->black_usv2(机会锁定)
      [ASSIGN] white_usv4->black_usv5(机会锁定)
      [ASSIGN] white_usv3->black_usv5(机会锁定)
      [ASSIGN] white_usv4->black_usv6(机会锁定)
      [ASSIGN] white_usv3->black_usv6(机会锁定)
      [ASSIGN] white_usv4->black_usv5(机会锁定)
      [ASSIGN] white_usv3->black_usv5(机会锁定)
      [ASSIGN] white_usv4->black_usv6(机会锁定)
      [ASSIGN] white_usv3->black_usv6(机会锁定)
      [ASSIGN] white_usv4->black_usv5(机会锁定)
      [ASSIGN] white_usv3->black_usv5(机会锁定)
[t=8,147s] step=350 | MISSION=NORMAL_C | USV: 5/5 (avail=0 int=2 lock=3 frz=0) | UAV: air=5 rtb=0 chg=0 loiter=0 | TRACKS: vis=8 lost=0 engaged=2 | TOP: black_usv8(x179,973) black_usv1(x180,466) black_usv5(x182,321) | KILL=2 | ACTIONS=10 | INTENT: focus=2 ratio=0.20
      [ASSIGN] white_usv4->black_usv6(机会锁定)
      [ASSIGN] white_usv3->black_usv6(机会锁定)
      [ASSIGN] white_usv5->black_usv6(机会锁定)
      [ASSIGN] white_usv1->black_usv3(机会锁定)
      [ASSIGN] white_usv4->black_usv5(机会锁定)
      [ASSIGN] white_usv3->black_usv5(机会锁定)
      [ASSIGN] white_usv5->black_usv4(机会锁定)
      [ASSIGN] white_usv4->black_usv6(机会锁定)
      [ASSIGN] white_usv3->black_usv6(机会锁定)
      [ASSIGN] white_usv4->black_usv5(机会锁定)
      [ASSIGN] white_usv3->black_usv5(机会锁定)
      [ASSIGN] white_usv4->black_usv6(机会锁定)
      [ASSIGN] white_usv3->black_usv2(机会锁定)
      [KILL] black_usv6
      [RELEASE] white_usv4->black_usv6(目标失效)
      [ASSIGN] white_usv4->black_usv5(机会锁定)
      [ASSIGN] white_usv4->black_usv8(机会锁定)
      [ASSIGN] white_usv2->black_usv1(机会锁定)
      [ASSIGN] white_usv4->black_usv5(机会锁定)
      [ASSIGN] white_usv4->black_usv2(机会锁定)
[t=8,403s] step=360 | MISSION=NORMAL_C | USV: 5/5 (avail=0 int=0 lock=5 frz=0) | UAV: air=5 rtb=0 chg=0 loiter=0 | TRACKS: vis=7 lost=0 engaged=4 | TOP: black_usv8(x178,966) black_usv7(x178,307) black_usv5(x182,321) | KILL=2 | ACTIONS=10 | INTENT: focus=2 ratio=0.20
      [KILL] black_usv5
      [ASSIGN] white_usv1->black_usv4(机会锁定)
      [ASSIGN] white_usv5->black_usv3(机会锁定)
      [ASSIGN] white_usv1->black_usv3(机会锁定)
      [ASSIGN] white_usv3->black_usv4(机会锁定)
      [ASSIGN] white_usv3->black_usv8(机会锁定)
[t=8,633s] step=370 | MISSION=NORMAL_C | USV: 5/5 (avail=0 int=1 lock=4 frz=0) | UAV: air=5 rtb=0 chg=0 loiter=0 | TRACKS: vis=6 lost=0 engaged=3 | TOP: black_usv8(x176,670) black_usv7(x176,073) black_usv1(x177,237) | KILL=3 | ACTIONS=10 | INTENT: focus=2 ratio=0.20
      [ASSIGN] white_usv2->black_usv4(机会锁定)
      [ASSIGN] white_usv2->black_usv1(机会锁定)
      [ASSIGN] white_usv4->black_usv4(机会锁定)
      [ASSIGN] white_usv2->black_usv4(机会锁定)
      [ASSIGN] white_usv4->black_usv2(机会锁定)
      [ASSIGN] white_usv2->black_usv1(机会锁定)
      [ASSIGN] white_usv4->black_usv4(机会锁定)
      [ASSIGN] white_usv2->black_usv4(机会锁定)
      [ASSIGN] white_usv4->black_usv2(机会锁定)
      [ASSIGN] white_usv2->black_usv1(机会锁定)
      [ASSIGN] white_usv4->black_usv4(机会锁定)
      [ASSIGN] white_usv2->black_usv4(机会锁定)
      [ASSIGN] white_usv4->black_usv2(机会锁定)
      [ASSIGN] white_usv2->black_usv2(机会锁定)
      [ASSIGN] white_usv4->black_usv4(机会锁定)
      [ASSIGN] white_usv2->black_usv4(机会锁定)
      [ASSIGN] white_usv4->black_usv2(机会锁定)
      [ASSIGN] white_usv5->black_usv2(机会锁定)
      [ASSIGN] white_usv2->black_usv2(机会锁定)
      [ASSIGN] white_usv1->black_usv2(机会锁定)
[t=8,843s] step=380 | MISSION=NORMAL_C | USV: 5/5 (avail=0 int=4 lock=1 frz=0) | UAV: air=5 rtb=0 chg=0 loiter=0 | TRACKS: vis=6 lost=0 engaged=1 | TOP: black_usv1(x177,124) black_usv2(x177,984) black_usv7(x174,022) | KILL=6 | ACTIONS=10 | INTENT: focus=2 ratio=0.20
      [ASSIGN] white_usv4->black_usv3(机会锁定)
      [ASSIGN] white_usv5->black_usv3(机会锁定)
      [ASSIGN] white_usv2->black_usv3(机会锁定)
      [ASSIGN] white_usv1->black_usv3(机会锁定)
      [ASSIGN] white_usv4->black_usv2(机会锁定)
      [ASSIGN] white_usv5->black_usv2(机会锁定)
      [ASSIGN] white_usv2->black_usv2(机会锁定)
      [ASSIGN] white_usv1->black_usv2(机会锁定)
      [ASSIGN] white_usv4->black_usv3(机会锁定)
      [ASSIGN] white_usv5->black_usv3(机会锁定)
      [ASSIGN] white_usv2->black_usv3(机会锁定)
      [ASSIGN] white_usv1->black_usv3(机会锁定)
      [ASSIGN] white_usv4->black_usv2(机会锁定)
      [ASSIGN] white_usv5->black_usv2(机会锁定)
      [ASSIGN] white_usv2->black_usv2(机会锁定)
      [ASSIGN] white_usv1->black_usv2(机会锁定)
      [ASSIGN] white_usv4->black_usv3(机会锁定)
      [ASSIGN] white_usv3->black_usv3(机会锁定)
      [ASSIGN] white_usv5->black_usv3(机会锁定)
      [ASSIGN] white_usv2->black_usv3(机会锁定)
      [ASSIGN] white_usv1->black_usv3(机会锁定)
      [ASSIGN] white_usv4->black_usv2(机会锁定)
      [ASSIGN] white_usv3->black_usv2(机会锁定)
      [ASSIGN] white_usv5->black_usv2(机会锁定)
      [ASSIGN] white_usv1->black_usv2(机会锁定)
      [ASSIGN] white_usv4->black_usv4(机会锁定)
      [ASSIGN] white_usv3->black_usv4(机会锁定)
      [ASSIGN] white_usv5->black_usv4(机会锁定)
      [ASSIGN] white_usv1->black_usv4(机会锁定)
      [ASSIGN] white_usv4->black_usv2(机会锁定)
      [ASSIGN] white_usv3->black_usv2(机会锁定)
      [ASSIGN] white_usv5->black_usv2(机会锁定)
      [ASSIGN] white_usv1->black_usv2(机会锁定)
      [ASSIGN] white_usv4->black_usv4(机会锁定)
      [ASSIGN] white_usv3->black_usv4(机会锁定)
      [ASSIGN] white_usv5->black_usv4(机会锁定)
      [ASSIGN] white_usv1->black_usv3(机会锁定)
      [ASSIGN] white_usv4->black_usv2(机会锁定)
      [ASSIGN] white_usv3->black_usv2(机会锁定)
      [ASSIGN] white_usv5->black_usv2(机会锁定)
      [ASSIGN] white_usv1->black_usv2(机会锁定)
[t=9,084s] step=390 | MISSION=NORMAL_C | USV: 5/5 (avail=0 int=5 lock=0 frz=0) | UAV: air=5 rtb=0 chg=0 loiter=0 | TRACKS: vis=6 lost=0 engaged=0 | TOP: black_usv8(x173,576) black_usv1(x177,124) black_usv2(x177,984) | KILL=7 | ACTIONS=10 | INTENT: focus=2 ratio=0.20
      [ASSIGN] white_usv4->black_usv4(机会锁定)
      [ASSIGN] white_usv3->black_usv4(机会锁定)
      [ASSIGN] white_usv5->black_usv4(机会锁定)
      [ASSIGN] white_usv1->black_usv3(机会锁定)
      [KILL] black_usv4
      [RELEASE] white_usv4->black_usv4(目标失效)
      [ASSIGN] white_usv4->black_usv2(机会锁定)
      [RELEASE] white_usv3->black_usv4(目标失效)
      [ASSIGN] white_usv3->black_usv2(机会锁定)
      [RELEASE] white_usv5->black_usv4(目标失效)
      [ASSIGN] white_usv5->black_usv2(机会锁定)
      [ASSIGN] white_usv1->black_usv2(机会锁定)
      [ASSIGN] white_usv4->black_usv8(机会锁定)
      [ASSIGN] white_usv3->black_usv8(机会锁定)
      [ASSIGN] white_usv5->black_usv1(机会锁定)
      [ASSIGN] white_usv1->black_usv3(机会锁定)
      [ASSIGN] white_usv4->black_usv2(机会锁定)
      [ASSIGN] white_usv3->black_usv2(机会锁定)
      [ASSIGN] white_usv5->black_usv2(机会锁定)
      [ASSIGN] white_usv4->black_usv8(机会锁定)
      [ASSIGN] white_usv3->black_usv1(机会锁定)
      [ASSIGN] white_usv5->black_usv1(机会锁定)
      [ASSIGN] white_usv4->black_usv2(机会锁定)
      [ASSIGN] white_usv3->black_usv2(机会锁定)
      [ASSIGN] white_usv5->black_usv2(机会锁定)
      [ASSIGN] white_usv2->black_usv2(机会锁定)
      [ASSIGN] white_usv4->black_usv8(机会锁定)
      [ASSIGN] white_usv3->black_usv1(机会锁定)
      [ASSIGN] white_usv5->black_usv1(机会锁定)
      [ASSIGN] white_usv2->black_usv1(机会锁定)
      [KILL] black_usv1
      [ASSIGN] white_usv4->black_usv2(机会锁定)
      [RELEASE] white_usv3->black_usv1(目标失效)
      [ASSIGN] white_usv3->black_usv2(机会锁定)
      [RELEASE] white_usv5->black_usv1(目标失效)
      [ASSIGN] white_usv5->black_usv2(机会锁定)
      [RELEASE] white_usv2->black_usv1(目标失效)
      [ASSIGN] white_usv2->black_usv2(机会锁定)
      [ASSIGN] white_usv1->black_usv2(机会锁定)
      [KILL] black_usv2
      [RELEASE] white_usv4->black_usv2(目标失效)
      [ASSIGN] white_usv4->black_usv3(机会锁定)
      [RELEASE] white_usv3->black_usv2(目标失效)
      [ASSIGN] white_usv3->black_usv3(机会锁定)
      [RELEASE] white_usv5->black_usv2(目标失效)
      [ASSIGN] white_usv5->black_usv3(机会锁定)
      [RELEASE] white_usv2->black_usv2(目标失效)
      [ASSIGN] white_usv2->black_usv3(机会锁定)
      [RELEASE] white_usv1->black_usv2(目标失效)
      [ASSIGN] white_usv1->black_usv3(机会锁定)
      [ASSIGN] white_usv4->black_usv8(机会锁定)
      [ASSIGN] white_usv5->black_usv8(机会锁定)
[t=9,334s] step=400 | MISSION=NORMAL_C | USV: 5/5 (avail=0 int=5 lock=0 frz=0) | UAV: air=5 rtb=0 chg=0 loiter=0 | TRACKS: vis=3 lost=0 engaged=0 | TOP: black_usv8(x173,576) black_usv7(x169,182) black_usv3(x176,300) | KILL=7 | ACTIONS=10 | INTENT: focus=2 ratio=0.20
      [KILL] black_usv3
      [RELEASE] white_usv3->black_usv3(目标失效)
      [RELEASE] white_usv2->black_usv3(目标失效)
      [RELEASE] white_usv1->black_usv3(目标失效)
      [ASSIGN] white_usv3->black_usv7
      [ASSIGN] white_usv2->black_usv8
      [ASSIGN] white_usv1->black_usv7
      [KILL] black_usv8
      [RELEASE] white_usv4->black_usv8(目标失效)
      [RELEASE] white_usv5->black_usv8(目标失效)
      [RELEASE] white_usv2->black_usv8(目标失效)
      [ASSIGN] white_usv4->black_usv7
[t=9,586s] step=410 | MISSION=NORMAL_C | USV: 5/5 (avail=3 int=2 lock=0 frz=0) | UAV: air=5 rtb=0 chg=0 loiter=0 | TRACKS: vis=1 lost=0 engaged=0 | TOP: black_usv7(x166,680) | KILL=7 | ACTIONS=10 | INTENT: focus=2 ratio=0.20
[t=9,804s] step=420 | MISSION=NORMAL_C | USV: 5/5 (avail=2 int=2 lock=1 frz=0) | UAV: air=5 rtb=0 chg=0 loiter=0 | TRACKS: vis=1 lost=0 engaged=1 | TOP: black_usv7(x164,499) | KILL=7 | ACTIONS=10 | INTENT: focus=2 ratio=0.20
[t=10,032s] step=430 | MISSION=NORMAL_C | USV: 5/5 (avail=2 int=1 lock=2 frz=0) | UAV: air=5 rtb=0 chg=0 loiter=0 | TRACKS: vis=1 lost=0 engaged=1 | TOP: black_usv7(x162,296) | KILL=7 | ACTIONS=10 | INTENT: focus=2 ratio=0.20

========================================================================
对局结果: Result.Victory — 敌方所有单位被击毁
  击杀蓝舰: 8 | 命中: 16 | 我方USV损失: 0 | UAV损失: 0 | 突破: 0
[META] result=Result.Victory victory_time=10266 first_detection=1558 first_lock=7388 first_kill=8306 enemy_kills=8 friendly_usv_losses=0 friendly_uav_losses=0 black_breakthrough=0 reacquire_attempts=16 reacquire_success=16 sensor_assisted_locks=58 low_conf_commitments=0 global_reacquire_entries=0 global_reacquire_success=0 coverage_collapse_events=1 active_clusters_max=1 coverage_quality_final=0.25 commander_source=default_intent commander_calls=0 commander_changes=0 commander_no_change=0 commander_parse_failures=0 commander_api_failures=0 commander_policy_failures=0 commander_avg_latency=0.0
Done
