========================================================================
HYBRID AGENT V5 — Variable-Cardinality Hierarchical Maritime Agent
  启用UAV: True | LLM_ENABLED: False
========================================================================
对局 46 开始
      [UAV RELAUNCH] white_uav2
      [UAV RELAUNCH] white_uav5
      [UAV RELAUNCH] white_uav8
      [UAV RELAUNCH] white_uav9
      [UAV RELAUNCH] white_uav4
      [UAV RELAUNCH] white_uav7
      [UAV RELAUNCH] white_uav6
      [UAV RELAUNCH] white_uav3
      [UAV RELAUNCH] white_uav10
      [UAV RELAUNCH] white_uav1
[t=241s] step=10 | MISSION=NORMAL_C | USV: 10/10 (avail=10 int=0 lock=0 frz=0) | UAV: air=10 rtb=0 chg=0 loiter=0 | TRACKS: vis=0 lost=0 engaged=0 | TOP:  | KILL=0 | ACTIONS=20 | INTENT: focus=2 ratio=0.20
  [INTENT APPLIED]
    ThreatAllocator: focus 2 emergency 3 reserve_ratio 0.20 reserve_usvs None bias breakthrough_eta
    UAVManager: mode search_and_reacquire uav_priority []
[t=526s] step=20 | MISSION=NORMAL_C | USV: 10/10 (avail=10 int=0 lock=0 frz=0) | UAV: air=10 rtb=0 chg=0 loiter=0 | TRACKS: vis=0 lost=0 engaged=0 | TOP:  | KILL=0 | ACTIONS=20 | INTENT: focus=2 ratio=0.20
[t=794s] step=30 | MISSION=NORMAL_C | USV: 10/10 (avail=10 int=0 lock=0 frz=0) | UAV: air=10 rtb=0 chg=0 loiter=0 | TRACKS: vis=0 lost=0 engaged=0 | TOP:  | KILL=0 | ACTIONS=20 | INTENT: focus=2 ratio=0.20
[t=1,072s] step=40 | MISSION=NORMAL_C | USV: 10/10 (avail=10 int=0 lock=0 frz=0) | UAV: air=10 rtb=0 chg=0 loiter=0 | TRACKS: vis=0 lost=0 engaged=0 | TOP:  | KILL=0 | ACTIONS=20 | INTENT: focus=2 ratio=0.20
[t=1,385s] step=50 | MISSION=NORMAL_C | USV: 10/10 (avail=10 int=0 lock=0 frz=0) | UAV: air=10 rtb=0 chg=0 loiter=0 | TRACKS: vis=0 lost=0 engaged=0 | TOP:  | KILL=0 | ACTIONS=20 | INTENT: focus=2 ratio=0.20
      [DETECT] black_uav4
      [DETECT] black_uav6
      [DETECT] black_uav7
      [DETECT] black_uav8
      [DETECT] black_uav9
      [DETECT] black_uav5
      [DETECT] black_uav3
      [DETECT] black_uav2
      [DETECT] black_uav1
      [DETECT] black_uav10
[t=1,688s] step=60 | MISSION=NORMAL_C | USV: 10/10 (avail=10 int=0 lock=0 frz=0) | UAV: air=10 rtb=0 chg=0 loiter=0 | TRACKS: vis=10 lost=0 engaged=0 | TOP: black_uav4(x208,618) black_uav6(x208,618) black_uav7(x208,618) | KILL=0 | ACTIONS=20 | INTENT: focus=2 ratio=0.20
      [DETECT] black_usv3
      [DETECT] black_usv8
      [DETECT] black_usv6
      [DETECT] black_usv7
      [ASSIGN] white_usv5->black_usv6
      [ASSIGN] white_usv9->black_usv8
      [ASSIGN] white_usv10->black_usv6
      [ASSIGN] white_usv3->black_usv3
      [ASSIGN] white_usv4->black_usv7
      [ASSIGN] white_usv6->black_usv7
      [ASSIGN] white_usv8->black_usv8
      [ASSIGN] white_usv1->black_usv3
      [DETECT] black_usv9
      [DETECT] black_usv2
      [DETECT] black_usv1
      [DETECT] black_usv4
      [DETECT] black_usv5
      [DETECT] black_usv10
      [ASSIGN] white_usv7->black_usv5
      [ASSIGN] white_usv2->black_usv1
[t=2,010s] step=70 | MISSION=NORMAL_C | USV: 10/10 (avail=0 int=10 lock=0 frz=0) | UAV: air=10 rtb=0 chg=0 loiter=0 | TRACKS: vis=15 lost=5 engaged=0 | TOP: black_usv9(x240,126) black_usv4(x241,255) black_usv2(x242,400) | KILL=0 | ACTIONS=20 | INTENT: focus=2 ratio=0.20
      [DETECT] black_uav3
[t=2,330s] step=80 | MISSION=NORMAL_C | USV: 10/10 (avail=0 int=10 lock=0 frz=0) | UAV: air=10 rtb=0 chg=0 loiter=0 | TRACKS: vis=13 lost=6 engaged=0 | TOP: black_usv9(x236,963) black_usv4(x238,272) black_usv2(x239,599) | KILL=0 | ACTIONS=20 | INTENT: focus=2 ratio=0.20
      [DETECT] black_uav8
      [DETECT] black_uav3
[t=2,658s] step=90 | MISSION=NORMAL_C | USV: 10/10 (avail=0 int=10 lock=0 frz=0) | UAV: air=10 rtb=0 chg=0 loiter=0 | TRACKS: vis=12 lost=4 engaged=0 | TOP: black_usv9(x233,722) black_usv4(x235,215) black_usv2(x236,729) | KILL=0 | ACTIONS=20 | INTENT: focus=2 ratio=0.20
      [DETECT] black_uav9
      [DETECT] black_uav2
[t=2,987s] step=100 | MISSION=NORMAL_C | USV: 10/10 (avail=0 int=10 lock=0 frz=0) | UAV: air=10 rtb=0 chg=0 loiter=0 | TRACKS: vis=17 lost=1 engaged=0 | TOP: black_usv4(x232,148) black_usv2(x233,849) black_usv10(x236,115) | KILL=0 | ACTIONS=20 | INTENT: focus=2 ratio=0.20
[t=3,307s] step=110 | MISSION=NORMAL_C | USV: 10/10 (avail=0 int=10 lock=0 frz=0) | UAV: air=10 rtb=0 chg=0 loiter=0 | TRACKS: vis=17 lost=1 engaged=0 | TOP: black_usv4(x229,165) black_usv2(x231,049) black_usv10(x233,557) | KILL=0 | ACTIONS=20 | INTENT: focus=2 ratio=0.20
[t=3,641s] step=120 | MISSION=NORMAL_C | USV: 10/10 (avail=0 int=10 lock=0 frz=0) | UAV: air=10 rtb=0 chg=0 loiter=0 | TRACKS: vis=17 lost=1 engaged=0 | TOP: black_usv4(x226,052) black_usv2(x228,126) black_usv10(x230,887) | KILL=0 | ACTIONS=20 | INTENT: focus=2 ratio=0.20
[t=3,977s] step=130 | MISSION=NORMAL_C | USV: 10/10 (avail=0 int=10 lock=0 frz=0) | UAV: air=10 rtb=0 chg=0 loiter=0 | TRACKS: vis=18 lost=0 engaged=0 | TOP: black_usv4(x222,920) black_usv2(x225,185) black_usv10(x228,202) | KILL=0 | ACTIONS=20 | INTENT: focus=2 ratio=0.20
[t=4,250s] step=140 | MISSION=NORMAL_C | USV: 10/10 (avail=0 int=10 lock=0 frz=0) | UAV: air=10 rtb=0 chg=0 loiter=0 | TRACKS: vis=18 lost=0 engaged=0 | TOP: black_usv4(x220,375) black_usv2(x222,796) black_usv10(x226,019) | KILL=0 | ACTIONS=20 | INTENT: focus=2 ratio=0.20
      [DETECT] black_uav6
      [DETECT] black_uav5
[t=4,527s] step=150 | MISSION=NORMAL_C | USV: 10/10 (avail=0 int=10 lock=0 frz=0) | UAV: air=10 rtb=0 chg=0 loiter=0 | TRACKS: vis=20 lost=0 engaged=0 | TOP: black_usv4(x217,793) black_usv10(x223,805) black_usv9(x215,619) | KILL=0 | ACTIONS=20 | INTENT: focus=2 ratio=0.20
[t=4,787s] step=160 | MISSION=NORMAL_C | USV: 10/10 (avail=0 int=10 lock=0 frz=0) | UAV: air=10 rtb=0 chg=0 loiter=0 | TRACKS: vis=20 lost=0 engaged=0 | TOP: black_usv4(x215,370) black_usv10(x221,727) black_usv9(x213,102) | KILL=0 | ACTIONS=20 | INTENT: focus=2 ratio=0.20
[t=5,039s] step=170 | MISSION=NORMAL_C | USV: 10/10 (avail=0 int=10 lock=0 frz=0) | UAV: air=10 rtb=0 chg=0 loiter=0 | TRACKS: vis=20 lost=0 engaged=0 | TOP: black_usv4(x213,021) black_usv10(x219,713) black_usv9(x210,662) | KILL=0 | ACTIONS=20 | INTENT: focus=2 ratio=0.20
[t=5,309s] step=180 | MISSION=NORMAL_C | USV: 10/10 (avail=0 int=10 lock=0 frz=0) | UAV: air=10 rtb=0 chg=0 loiter=0 | TRACKS: vis=20 lost=0 engaged=0 | TOP: black_usv4(x210,504) black_usv9(x208,048) black_usv10(x217,554) | KILL=0 | ACTIONS=20 | INTENT: focus=2 ratio=0.20
[t=5,637s] step=190 | MISSION=NORMAL_C | USV: 10/10 (avail=0 int=10 lock=0 frz=0) | UAV: air=10 rtb=0 chg=0 loiter=0 | TRACKS: vis=20 lost=0 engaged=0 | TOP: black_usv4(x207,447) black_usv9(x204,873) black_usv10(x214,933) | KILL=0 | ACTIONS=20 | INTENT: focus=2 ratio=0.20
[t=5,962s] step=200 | MISSION=NORMAL_C | USV: 10/10 (avail=0 int=10 lock=0 frz=0) | UAV: air=10 rtb=0 chg=0 loiter=0 | TRACKS: vis=10 lost=10 engaged=0 | TOP: black_usv4(x204,417) black_usv9(x201,726) black_usv10(x212,335) | KILL=0 | ACTIONS=20 | INTENT: focus=2 ratio=0.20
[t=6,292s] step=210 | MISSION=NORMAL_C | USV: 10/10 (avail=0 int=10 lock=0 frz=0) | UAV: air=10 rtb=0 chg=0 loiter=0 | TRACKS: vis=10 lost=0 engaged=0 | TOP: black_usv4(x201,341) black_usv9(x198,531) black_usv10(x209,697) | KILL=0 | ACTIONS=20 | INTENT: focus=2 ratio=0.20
[t=6,610s] step=220 | MISSION=NORMAL_C | USV: 10/10 (avail=0 int=10 lock=0 frz=0) | UAV: air=10 rtb=0 chg=0 loiter=0 | TRACKS: vis=10 lost=0 engaged=0 | TOP: black_usv4(x198,377) black_usv9(x195,452) black_usv10(x207,155) | KILL=0 | ACTIONS=20 | INTENT: focus=2 ratio=0.20
[t=6,924s] step=230 | MISSION=NORMAL_C | USV: 10/10 (avail=0 int=10 lock=0 frz=0) | UAV: air=10 rtb=0 chg=0 loiter=0 | TRACKS: vis=10 lost=0 engaged=0 | TOP: black_usv9(x192,412) black_usv10(x204,645) black_usv4(x195,368) | KILL=0 | ACTIONS=20 | INTENT: focus=2 ratio=0.20
[t=7,252s] step=240 | MISSION=NORMAL_C | USV: 10/10 (avail=0 int=10 lock=0 frz=0) | UAV: air=10 rtb=0 chg=0 loiter=0 | TRACKS: vis=10 lost=0 engaged=0 | TOP: black_usv9(x189,237) black_usv4(x192,198) black_usv10(x202,023) | KILL=0 | ACTIONS=20 | INTENT: focus=2 ratio=0.20
      [ASSIGN] white_usv5->black_usv5(机会锁定)
      [ASSIGN] white_usv10->black_usv8(机会锁定)
      [ASSIGN] white_usv4->black_usv5(机会锁定)
      [ASSIGN] white_usv6->black_usv5(机会锁定)
      [ASSIGN] white_usv1->black_usv1(机会锁定)
[t=7,596s] step=250 | MISSION=NORMAL_C | USV: 10/10 (avail=0 int=0 lock=10 frz=0) | UAV: air=10 rtb=0 chg=0 loiter=0 | TRACKS: vis=10 lost=0 engaged=4 | TOP: black_usv9(x185,906) black_usv7(x185,518) black_usv4(x188,873) | KILL=0 | ACTIONS=20 | INTENT: focus=2 ratio=0.20
      [ASSIGN] white_usv9->black_usv7(机会锁定)
      [ASSIGN] white_usv10->black_usv7(机会锁定)
      [ASSIGN] white_usv8->black_usv7(机会锁定)
      [ASSIGN] white_usv2->black_usv3(机会锁定)
      [ASSIGN] white_usv5->black_usv8(机会锁定)
      [ASSIGN] white_usv3->black_usv1(机会锁定)
      [ASSIGN] white_usv4->black_usv8(机会锁定)
      [ASSIGN] white_usv6->black_usv8(机会锁定)
      [ASSIGN] white_usv7->black_usv8(机会锁定)
      [ASSIGN] white_usv5->black_usv5(机会锁定)
      [ASSIGN] white_usv3->black_usv5(机会锁定)
      [ASSIGN] white_usv4->black_usv5(机会锁定)
      [ASSIGN] white_usv6->black_usv5(机会锁定)
      [ASSIGN] white_usv1->black_usv3(机会锁定)
      [ASSIGN] white_usv7->black_usv5(机会锁定)
      [ASSIGN] white_usv5->black_usv9(机会锁定)
      [ASSIGN] white_usv3->black_usv1(机会锁定)
      [ASSIGN] white_usv4->black_usv8(机会锁定)
      [ASSIGN] white_usv6->black_usv8(机会锁定)
      [ASSIGN] white_usv1->black_usv1(机会锁定)
      [ASSIGN] white_usv7->black_usv8(机会锁定)
      [ASSIGN] white_usv3->black_usv3(机会锁定)
      [ASSIGN] white_usv4->black_usv5(机会锁定)
      [ASSIGN] white_usv6->black_usv5(机会锁定)
      [ASSIGN] white_usv1->black_usv3(机会锁定)
      [ASSIGN] white_usv7->black_usv5(机会锁定)
      [ASSIGN] white_usv4->black_usv8(机会锁定)
      [ASSIGN] white_usv6->black_usv8(机会锁定)
      [ASSIGN] white_usv7->black_usv8(机会锁定)
      [ASSIGN] white_usv4->black_usv5(机会锁定)
      [ASSIGN] white_usv6->black_usv5(机会锁定)
      [ASSIGN] white_usv7->black_usv5(机会锁定)
      [ASSIGN] white_usv4->black_usv8(机会锁定)
      [ASSIGN] white_usv6->black_usv8(机会锁定)
      [ASSIGN] white_usv7->black_usv8(机会锁定)
[t=7,929s] step=260 | MISSION=NORMAL_C | USV: 10/10 (avail=0 int=3 lock=7 frz=0) | UAV: air=10 rtb=0 chg=0 loiter=0 | TRACKS: vis=10 lost=0 engaged=3 | TOP: black_usv8(x183,282) black_usv1(x183,277) black_usv4(x185,655) | KILL=3 | ACTIONS=20 | INTENT: focus=2 ratio=0.20
      [ASSIGN] white_usv4->black_usv5(机会锁定)
      [ASSIGN] white_usv6->black_usv5(机会锁定)
      [ASSIGN] white_usv7->black_usv5(机会锁定)
      [ASSIGN] white_usv4->black_usv9(机会锁定)
      [ASSIGN] white_usv6->black_usv8(机会锁定)
      [ASSIGN] white_usv7->black_usv9(机会锁定)
      [ASSIGN] white_usv9->black_usv5(机会锁定)
      [ASSIGN] white_usv10->black_usv5(机会锁定)
      [ASSIGN] white_usv6->black_usv9(机会锁定)
      [ASSIGN] white_usv8->black_usv5(机会锁定)
      [ASSIGN] white_usv7->black_usv5(机会锁定)
      [ASSIGN] white_usv2->black_usv1(机会锁定)
      [ASSIGN] white_usv9->black_usv7(机会锁定)
      [ASSIGN] white_usv10->black_usv7(机会锁定)
      [ASSIGN] white_usv8->black_usv7(机会锁定)
      [ASSIGN] white_usv7->black_usv3(机会锁定)
      [ASSIGN] white_usv9->black_usv8(机会锁定)
      [ASSIGN] white_usv10->black_usv8(机会锁定)
      [ASSIGN] white_usv8->black_usv8(机会锁定)
      [ASSIGN] white_usv7->black_usv9(机会锁定)
      [ASSIGN] white_usv5->black_usv5(机会锁定)
      [ASSIGN] white_usv9->black_usv7(机会锁定)
      [ASSIGN] white_usv10->black_usv7(机会锁定)
      [ASSIGN] white_usv8->black_usv7(机会锁定)
      [ASSIGN] white_usv5->black_usv4(机会锁定)
      [ASSIGN] white_usv9->black_usv8(机会锁定)
      [ASSIGN] white_usv10->black_usv4(机会锁定)
      [ASSIGN] white_usv3->black_usv1(机会锁定)
      [ASSIGN] white_usv8->black_usv8(机会锁定)
      [ASSIGN] white_usv1->black_usv1(机会锁定)
      [ASSIGN] white_usv9->black_usv7(机会锁定)
      [ASSIGN] white_usv3->black_usv3(机会锁定)
      [ASSIGN] white_usv8->black_usv7(机会锁定)
      [ASSIGN] white_usv1->black_usv3(机会锁定)
      [ASSIGN] white_usv2->black_usv3(机会锁定)
      [ASSIGN] white_usv1->black_usv1(机会锁定)
      [ASSIGN] white_usv2->black_usv1(机会锁定)
      [KILL] black_usv8
      [KILL] black_usv1
      [ASSIGN] white_usv9->black_usv9(机会锁定)
      [ASSIGN] white_usv4->black_usv5(机会锁定)
      [ASSIGN] white_usv6->black_usv5(机会锁定)
      [RELEASE] white_usv1->black_usv1(目标失效)
      [ASSIGN] white_usv1->black_usv2(机会锁定)
      [ASSIGN] white_usv7->black_usv5(机会锁定)
      [RELEASE] white_usv2->black_usv1(目标失效)
[t=8,314s] step=270 | MISSION=NORMAL_C | USV: 10/10 (avail=0 int=8 lock=2 frz=0) | UAV: air=10 rtb=0 chg=0 loiter=0 | TRACKS: vis=8 lost=0 engaged=1 | TOP: black_usv5(x183,572) black_usv10(x193,534) black_usv2(x188,151) | KILL=6 | ACTIONS=20 | INTENT: focus=2 ratio=0.20
      [KILL] black_usv5
      [RELEASE] white_usv4->black_usv5(目标失效)
      [ASSIGN] white_usv4->black_usv9(机会锁定)
      [RELEASE] white_usv6->black_usv5(目标失效)
      [ASSIGN] white_usv6->black_usv9(机会锁定)
      [ASSIGN] white_usv8->black_usv9(机会锁定)
      [ASSIGN] white_usv1->black_usv6(机会锁定)
      [RELEASE] white_usv7->black_usv5(目标失效)
      [ASSIGN] white_usv7->black_usv9(机会锁定)
      [ASSIGN] white_usv2->black_usv10
      [ASSIGN] white_usv4->black_usv7(机会锁定)
      [ASSIGN] white_usv6->black_usv7(机会锁定)
      [ASSIGN] white_usv1->black_usv2(机会锁定)
      [ASSIGN] white_usv7->black_usv7(机会锁定)
      [ASSIGN] white_usv4->black_usv3(机会锁定)
      [ASSIGN] white_usv6->black_usv3(机会锁定)
      [ASSIGN] white_usv7->black_usv3(机会锁定)
      [ASSIGN] white_usv9->black_usv7(机会锁定)
      [ASSIGN] white_usv4->black_usv7(机会锁定)
      [ASSIGN] white_usv6->black_usv7(机会锁定)
      [ASSIGN] white_usv8->black_usv7(机会锁定)
      [ASSIGN] white_usv7->black_usv7(机会锁定)
      [ASSIGN] white_usv9->black_usv9(机会锁定)
      [ASSIGN] white_usv4->black_usv9(机会锁定)
      [ASSIGN] white_usv6->black_usv9(机会锁定)
      [ASSIGN] white_usv8->black_usv9(机会锁定)
      [ASSIGN] white_usv7->black_usv9(机会锁定)
      [ASSIGN] white_usv5->black_usv7(机会锁定)
      [ASSIGN] white_usv9->black_usv7(机会锁定)
      [ASSIGN] white_usv10->black_usv7(机会锁定)
      [ASSIGN] white_usv4->black_usv7(机会锁定)
      [ASSIGN] white_usv6->black_usv7(机会锁定)
      [ASSIGN] white_usv8->black_usv7(机会锁定)
      [ASSIGN] white_usv7->black_usv7(机会锁定)
      [ASSIGN] white_usv2->black_usv3(机会锁定)
      [ASSIGN] white_usv5->black_usv4(机会锁定)
      [ASSIGN] white_usv9->black_usv9(机会锁定)
      [ASSIGN] white_usv10->black_usv4(机会锁定)
      [ASSIGN] white_usv4->black_usv4(机会锁定)
      [ASSIGN] white_usv6->black_usv4(机会锁定)
      [ASSIGN] white_usv8->black_usv9(机会锁定)
      [ASSIGN] white_usv7->black_usv4(机会锁定)
      [ASSIGN] white_usv9->black_usv7(机会锁定)
      [ASSIGN] white_usv8->black_usv7(机会锁定)
      [ASSIGN] white_usv9->black_usv9(机会锁定)
      [ASSIGN] white_usv8->black_usv9(机会锁定)
      [KILL] black_usv3
      [KILL] black_usv7
      [RELEASE] white_usv3->black_usv3(目标失效)
      [RELEASE] white_usv2->black_usv3(目标失效)
      [ASSIGN] white_usv2->black_usv2(机会锁定)
[t=8,653s] step=280 | MISSION=NORMAL_C | USV: 10/10 (avail=0 int=4 lock=6 frz=0) | UAV: air=10 rtb=0 chg=0 loiter=0 | TRACKS: vis=5 lost=0 engaged=2 | TOP: black_usv10(x190,824) black_usv6(x185,624) black_usv2(x184,762) | KILL=6 | ACTIONS=20 | INTENT: focus=2 ratio=0.20
      [ASSIGN] white_usv3->black_usv10
      [ASSIGN] white_usv1->black_usv6(机会锁定)
      [KILL] black_usv9
      [RELEASE] white_usv9->black_usv9(目标失效)
      [ASSIGN] white_usv9->black_usv4(机会锁定)
      [ASSIGN] white_usv3->black_usv2(机会锁定)
      [RELEASE] white_usv8->black_usv9(目标失效)
      [ASSIGN] white_usv8->black_usv4(机会锁定)
      [ASSIGN] white_usv5->black_usv6(机会锁定)
      [ASSIGN] white_usv4->black_usv6(机会锁定)
      [ASSIGN] white_usv7->black_usv6(机会锁定)
      [ASSIGN] white_usv3->black_usv10(机会锁定)
      [ASSIGN] white_usv2->black_usv10(机会锁定)
      [ASSIGN] white_usv1->black_usv2(机会锁定)
[t=9,166s] step=290 | MISSION=NORMAL_C | USV: 9/10 (avail=0 int=4 lock=5 frz=0) | UAV: air=10 rtb=0 chg=0 loiter=0 | TRACKS: vis=4 lost=0 engaged=2 | TOP: black_usv2(x184,442) black_usv10(x186,724) black_usv6(x180,519) | KILL=8 | ACTIONS=19 | INTENT: focus=2 ratio=0.20
      [ASSIGN] white_usv5->black_usv2(机会锁定)
      [ASSIGN] white_usv4->black_usv2(机会锁定)
      [ASSIGN] white_usv5->black_usv6(机会锁定)
      [ASSIGN] white_usv4->black_usv6(机会锁定)
      [ASSIGN] white_usv1->black_usv6(机会锁定)
      [KILL] black_usv2
      [ASSIGN] white_usv5->black_usv4(机会锁定)
      [ASSIGN] white_usv4->black_usv4(机会锁定)
      [ASSIGN] white_usv1->black_usv10(机会锁定)
      [ASSIGN] white_usv7->black_usv4(机会锁定)
      [KILL] black_usv4
      [RELEASE] white_usv5->black_usv4(目标失效)
      [ASSIGN] white_usv5->black_usv6(机会锁定)
      [RELEASE] white_usv9->black_usv4(目标失效)
      [RELEASE] white_usv10->black_usv4(目标失效)
      [RELEASE] white_usv4->black_usv4(目标失效)
      [ASSIGN] white_usv4->black_usv6(机会锁定)
      [RELEASE] white_usv8->black_usv4(目标失效)
      [RELEASE] white_usv7->black_usv4(目标失效)
      [ASSIGN] white_usv7->black_usv6(机会锁定)
      [ASSIGN] white_usv2->black_usv6(机会锁定)

========================================================================
对局结果: Result.Victory — 敌方所有单位被击毁
  击杀蓝舰: 10 | 命中: 20 | 我方USV损失: 3 | UAV损失: 0 | 突破: 0
[META] result=Result.Victory victory_time=9503 first_detection=1565 first_lock=7398 first_kill=8314 enemy_kills=10 friendly_usv_losses=3 friendly_uav_losses=0 black_breakthrough=0 reacquire_attempts=2 reacquire_success=2 sensor_assisted_locks=34 low_conf_commitments=0 global_reacquire_entries=0 global_reacquire_success=0 coverage_collapse_events=1 active_clusters_max=1 coverage_quality_final=0.19 commander_source=default_intent commander_calls=0 commander_changes=0 commander_no_change=0 commander_parse_failures=0 commander_api_failures=0 commander_policy_failures=0 commander_avg_latency=0.0
Done
