========================================================================
HYBRID AGENT V5 — Variable-Cardinality Hierarchical Maritime Agent
  启用UAV: True | LLM_ENABLED: False
========================================================================
对局 52 开始
      [UAV RELAUNCH] white_uav3
      [UAV RELAUNCH] white_uav5
      [UAV RELAUNCH] white_uav1
      [UAV RELAUNCH] white_uav6
      [UAV RELAUNCH] white_uav2
      [UAV RELAUNCH] white_uav4
      [UAV RELAUNCH] white_uav10
      [UAV RELAUNCH] white_uav7
      [UAV RELAUNCH] white_uav9
      [UAV RELAUNCH] white_uav8
[t=260s] step=10 | MISSION=NORMAL_C | USV: 10/10 (avail=10 int=0 lock=0 frz=0) | UAV: air=10 rtb=0 chg=0 loiter=0 | TRACKS: vis=0 lost=0 engaged=0 | TOP:  | KILL=0 | ACTIONS=20 | INTENT: focus=2 ratio=0.20
  [INTENT APPLIED]
    ThreatAllocator: focus 2 emergency 3 reserve_ratio 0.20 reserve_usvs None bias breakthrough_eta
    UAVManager: mode search_and_reacquire uav_priority []
[t=550s] step=20 | MISSION=NORMAL_C | USV: 10/10 (avail=10 int=0 lock=0 frz=0) | UAV: air=10 rtb=0 chg=0 loiter=0 | TRACKS: vis=0 lost=0 engaged=0 | TOP:  | KILL=0 | ACTIONS=20 | INTENT: focus=2 ratio=0.20
[t=841s] step=30 | MISSION=NORMAL_C | USV: 10/10 (avail=10 int=0 lock=0 frz=0) | UAV: air=10 rtb=0 chg=0 loiter=0 | TRACKS: vis=0 lost=0 engaged=0 | TOP:  | KILL=0 | ACTIONS=20 | INTENT: focus=2 ratio=0.20
[t=1,134s] step=40 | MISSION=NORMAL_C | USV: 10/10 (avail=10 int=0 lock=0 frz=0) | UAV: air=10 rtb=0 chg=0 loiter=0 | TRACKS: vis=0 lost=0 engaged=0 | TOP:  | KILL=0 | ACTIONS=20 | INTENT: focus=2 ratio=0.20
[t=1,443s] step=50 | MISSION=NORMAL_C | USV: 10/10 (avail=10 int=0 lock=0 frz=0) | UAV: air=10 rtb=0 chg=0 loiter=0 | TRACKS: vis=0 lost=0 engaged=0 | TOP:  | KILL=0 | ACTIONS=20 | INTENT: focus=2 ratio=0.20
      [DETECT] black_uav4
      [DETECT] black_uav6
      [DETECT] black_uav7
      [DETECT] black_uav8
      [DETECT] black_uav5
      [DETECT] black_uav3
      [DETECT] black_uav2
      [DETECT] black_uav1
      [DETECT] black_uav9
      [DETECT] black_uav10
[t=1,744s] step=60 | MISSION=NORMAL_C | USV: 10/10 (avail=10 int=0 lock=0 frz=0) | UAV: air=10 rtb=0 chg=0 loiter=0 | TRACKS: vis=10 lost=0 engaged=0 | TOP: black_uav4(x206,938) black_uav6(x206,938) black_uav7(x206,938) | KILL=0 | ACTIONS=20 | INTENT: focus=2 ratio=0.20
      [DETECT] black_usv3
      [DETECT] black_usv8
      [DETECT] black_usv9
      [DETECT] black_usv2
      [DETECT] black_usv6
      [DETECT] black_usv4
      [DETECT] black_usv5
      [DETECT] black_usv7
      [ASSIGN] white_usv1->black_usv4
      [ASSIGN] white_usv5->black_usv9
      [ASSIGN] white_usv4->black_usv5
      [ASSIGN] white_usv3->black_usv3
      [ASSIGN] white_usv7->black_usv8
      [ASSIGN] white_usv8->black_usv7
      [ASSIGN] white_usv2->black_usv2
      [ASSIGN] white_usv6->black_usv6
      [DETECT] black_usv1
      [DETECT] black_usv10
      [ASSIGN] white_usv9->black_usv1
      [ASSIGN] white_usv10->black_usv10
[t=2,050s] step=70 | MISSION=NORMAL_C | USV: 10/10 (avail=0 int=10 lock=0 frz=0) | UAV: air=10 rtb=0 chg=0 loiter=0 | TRACKS: vis=17 lost=3 engaged=0 | TOP: black_usv3(x239,491) black_usv6(x239,542) black_usv1(x239,614) | KILL=0 | ACTIONS=20 | INTENT: focus=2 ratio=0.20
[t=2,364s] step=80 | MISSION=NORMAL_C | USV: 10/10 (avail=0 int=10 lock=0 frz=0) | UAV: air=10 rtb=0 chg=0 loiter=0 | TRACKS: vis=13 lost=5 engaged=0 | TOP: black_usv3(x236,351) black_usv6(x236,410) black_usv1(x236,493) | KILL=0 | ACTIONS=20 | INTENT: focus=2 ratio=0.20
[t=2,684s] step=90 | MISSION=NORMAL_C | USV: 10/10 (avail=0 int=10 lock=0 frz=0) | UAV: air=10 rtb=0 chg=0 loiter=0 | TRACKS: vis=10 lost=4 engaged=0 | TOP: black_usv3(x233,151) black_usv6(x233,219) black_usv1(x233,312) | KILL=0 | ACTIONS=20 | INTENT: focus=2 ratio=0.20
      [DETECT] black_uav5
      [DETECT] black_uav8
      [DETECT] black_uav6
      [DETECT] black_uav3
[t=3,012s] step=100 | MISSION=NORMAL_C | USV: 10/10 (avail=0 int=10 lock=0 frz=0) | UAV: air=10 rtb=0 chg=0 loiter=0 | TRACKS: vis=18 lost=0 engaged=0 | TOP: black_usv3(x229,872) black_usv6(x229,947) black_usv1(x230,052) | KILL=0 | ACTIONS=20 | INTENT: focus=2 ratio=0.20
      [DETECT] black_uav9
[t=3,324s] step=110 | MISSION=NORMAL_C | USV: 10/10 (avail=0 int=10 lock=0 frz=0) | UAV: air=10 rtb=0 chg=0 loiter=0 | TRACKS: vis=17 lost=2 engaged=0 | TOP: black_usv3(x226,752) black_usv6(x226,835) black_usv1(x226,951) | KILL=0 | ACTIONS=20 | INTENT: focus=2 ratio=0.20
[t=3,642s] step=120 | MISSION=NORMAL_C | USV: 10/10 (avail=0 int=10 lock=0 frz=0) | UAV: air=10 rtb=0 chg=0 loiter=0 | TRACKS: vis=17 lost=1 engaged=0 | TOP: black_usv3(x223,572) black_usv6(x223,663) black_usv1(x223,790) | KILL=0 | ACTIONS=20 | INTENT: focus=2 ratio=0.20
      [DETECT] black_uav10
[t=3,953s] step=130 | MISSION=NORMAL_C | USV: 10/10 (avail=0 int=10 lock=0 frz=0) | UAV: air=10 rtb=0 chg=0 loiter=0 | TRACKS: vis=16 lost=3 engaged=0 | TOP: black_usv3(x220,462) black_usv6(x220,561) black_usv1(x220,699) | KILL=0 | ACTIONS=20 | INTENT: focus=2 ratio=0.20
      [DETECT] black_uav2
[t=4,225s] step=140 | MISSION=NORMAL_C | USV: 10/10 (avail=0 int=10 lock=0 frz=0) | UAV: air=10 rtb=0 chg=0 loiter=0 | TRACKS: vis=19 lost=0 engaged=0 | TOP: black_usv3(x217,742) black_usv6(x217,848) black_usv1(x217,996) | KILL=0 | ACTIONS=20 | INTENT: focus=2 ratio=0.20
      [DETECT] black_uav1
[t=4,495s] step=150 | MISSION=NORMAL_C | USV: 10/10 (avail=0 int=10 lock=0 frz=0) | UAV: air=10 rtb=0 chg=0 loiter=0 | TRACKS: vis=20 lost=0 engaged=0 | TOP: black_usv3(x215,042) black_usv6(x215,155) black_usv1(x215,312) | KILL=0 | ACTIONS=20 | INTENT: focus=2 ratio=0.20
[t=4,754s] step=160 | MISSION=NORMAL_C | USV: 10/10 (avail=0 int=10 lock=0 frz=0) | UAV: air=10 rtb=0 chg=0 loiter=0 | TRACKS: vis=20 lost=0 engaged=0 | TOP: black_usv3(x212,452) black_usv6(x212,571) black_usv1(x212,738) | KILL=0 | ACTIONS=20 | INTENT: focus=2 ratio=0.20
[t=5,010s] step=170 | MISSION=NORMAL_C | USV: 10/10 (avail=0 int=10 lock=0 frz=0) | UAV: air=10 rtb=0 chg=0 loiter=0 | TRACKS: vis=20 lost=0 engaged=0 | TOP: black_usv3(x209,893) black_usv6(x210,018) black_usv1(x210,193) | KILL=0 | ACTIONS=20 | INTENT: focus=2 ratio=0.20
[t=5,285s] step=180 | MISSION=NORMAL_C | USV: 10/10 (avail=0 int=10 lock=0 frz=0) | UAV: air=10 rtb=0 chg=0 loiter=0 | TRACKS: vis=20 lost=0 engaged=0 | TOP: black_usv3(x207,143) black_usv6(x207,275) black_usv1(x207,460) | KILL=0 | ACTIONS=20 | INTENT: focus=2 ratio=0.20
[t=5,569s] step=190 | MISSION=NORMAL_C | USV: 10/10 (avail=0 int=10 lock=0 frz=0) | UAV: air=10 rtb=0 chg=0 loiter=0 | TRACKS: vis=20 lost=0 engaged=0 | TOP: black_usv3(x204,303) black_usv6(x204,442) black_usv1(x204,637) | KILL=0 | ACTIONS=20 | INTENT: focus=2 ratio=0.20
[t=5,884s] step=200 | MISSION=NORMAL_C | USV: 10/10 (avail=0 int=10 lock=0 frz=0) | UAV: air=10 rtb=0 chg=0 loiter=0 | TRACKS: vis=20 lost=0 engaged=0 | TOP: black_usv3(x201,153) black_usv6(x201,300) black_usv1(x201,506) | KILL=0 | ACTIONS=20 | INTENT: focus=2 ratio=0.20
[t=6,209s] step=210 | MISSION=NORMAL_C | USV: 10/10 (avail=0 int=10 lock=0 frz=0) | UAV: air=10 rtb=0 chg=0 loiter=0 | TRACKS: vis=10 lost=0 engaged=0 | TOP: black_usv3(x197,903) black_usv6(x198,058) black_usv1(x198,276) | KILL=0 | ACTIONS=20 | INTENT: focus=2 ratio=0.20
[t=6,533s] step=220 | MISSION=NORMAL_C | USV: 10/10 (avail=0 int=10 lock=0 frz=0) | UAV: air=10 rtb=0 chg=0 loiter=0 | TRACKS: vis=10 lost=0 engaged=0 | TOP: black_usv3(x194,663) black_usv1(x195,055) black_usv10(x195,139) | KILL=0 | ACTIONS=20 | INTENT: focus=2 ratio=0.20
[t=6,882s] step=230 | MISSION=NORMAL_C | USV: 10/10 (avail=0 int=10 lock=0 frz=0) | UAV: air=10 rtb=0 chg=0 loiter=0 | TRACKS: vis=10 lost=0 engaged=0 | TOP: black_usv3(x191,173) black_usv1(x191,586) black_usv10(x191,675) | KILL=0 | ACTIONS=20 | INTENT: focus=2 ratio=0.20
[t=7,205s] step=240 | MISSION=NORMAL_C | USV: 10/10 (avail=0 int=10 lock=0 frz=0) | UAV: air=10 rtb=0 chg=0 loiter=0 | TRACKS: vis=10 lost=0 engaged=0 | TOP: black_usv3(x187,944) black_usv1(x188,376) black_usv10(x188,469) | KILL=0 | ACTIONS=20 | INTENT: focus=2 ratio=0.20
      [ASSIGN] white_usv1->black_usv1(机会锁定)
      [ASSIGN] white_usv4->black_usv3(机会锁定)
      [ASSIGN] white_usv2->black_usv3(机会锁定)
      [ASSIGN] white_usv6->black_usv9(机会锁定)
      [ASSIGN] white_usv7->black_usv9(机会锁定)
      [ASSIGN] white_usv8->black_usv6(机会锁定)
[t=7,554s] step=250 | MISSION=NORMAL_C | USV: 10/10 (avail=0 int=1 lock=9 frz=0) | UAV: air=10 rtb=0 chg=0 loiter=0 | TRACKS: vis=10 lost=0 engaged=5 | TOP: black_usv5(x188,341) black_usv8(x189,238) black_usv4(x192,305) | KILL=0 | ACTIONS=20 | INTENT: focus=2 ratio=0.20
      [ASSIGN] white_usv9->black_usv3(机会锁定)
      [ASSIGN] white_usv3->black_usv5(机会锁定)
      [ASSIGN] white_usv4->black_usv8(机会锁定)
      [ASSIGN] white_usv4->black_usv5(机会锁定)
      [ASSIGN] white_usv2->black_usv8(机会锁定)
      [ASSIGN] white_usv5->black_usv2(机会锁定)
      [ASSIGN] white_usv6->black_usv2(机会锁定)
[t=7,935s] step=260 | MISSION=NORMAL_C | USV: 10/10 (avail=0 int=2 lock=8 frz=0) | UAV: air=10 rtb=0 chg=0 loiter=0 | TRACKS: vis=9 lost=1 engaged=6 | TOP: black_usv4(x188,891) black_usv1(x183,565) black_usv10(x183,545) | KILL=2 | ACTIONS=20 | INTENT: focus=2 ratio=0.20
      [ASSIGN] white_usv4->black_usv3(机会锁定)
      [ASSIGN] white_usv3->black_usv3(机会锁定)
      [ASSIGN] white_usv2->black_usv3(机会锁定)
      [ASSIGN] white_usv1->black_usv5(机会锁定)
      [ASSIGN] white_usv4->black_usv5(机会锁定)
      [ASSIGN] white_usv3->black_usv5(机会锁定)
      [ASSIGN] white_usv2->black_usv8(机会锁定)
      [ASSIGN] white_usv9->black_usv5(机会锁定)
      [ASSIGN] white_usv1->black_usv1(机会锁定)
      [ASSIGN] white_usv5->black_usv3(机会锁定)
      [ASSIGN] white_usv4->black_usv3(机会锁定)
      [ASSIGN] white_usv3->black_usv3(机会锁定)
      [ASSIGN] white_usv6->black_usv3(机会锁定)
      [ASSIGN] white_usv9->black_usv3(机会锁定)
      [ASSIGN] white_usv1->black_usv5(机会锁定)
      [ASSIGN] white_usv5->black_usv2(机会锁定)
      [ASSIGN] white_usv4->black_usv5(机会锁定)
      [ASSIGN] white_usv3->black_usv5(机会锁定)
      [ASSIGN] white_usv8->black_usv2(机会锁定)
      [ASSIGN] white_usv6->black_usv2(机会锁定)
      [ASSIGN] white_usv9->black_usv5(机会锁定)
      [ASSIGN] white_usv1->black_usv1(机会锁定)
      [ASSIGN] white_usv4->black_usv3(机会锁定)
      [ASSIGN] white_usv3->black_usv3(机会锁定)
      [ASSIGN] white_usv9->black_usv3(机会锁定)
      [KILL] black_usv3
      [ASSIGN] white_usv1->black_usv5(机会锁定)
      [RELEASE] white_usv4->black_usv3(目标失效)
      [ASSIGN] white_usv4->black_usv5(机会锁定)
      [RELEASE] white_usv3->black_usv3(目标失效)
      [ASSIGN] white_usv3->black_usv5(机会锁定)
      [ASSIGN] white_usv7->black_usv6(机会锁定)
      [RELEASE] white_usv9->black_usv3(目标失效)
      [ASSIGN] white_usv9->black_usv5(机会锁定)
      [ASSIGN] white_usv3->black_usv1(机会锁定)
      [ASSIGN] white_usv7->black_usv9(机会锁定)
      [ASSIGN] white_usv9->black_usv9(机会锁定)
      [ASSIGN] white_usv1->black_usv1(机会锁定)
      [ASSIGN] white_usv3->black_usv4(机会锁定)
      [ASSIGN] white_usv7->black_usv6(机会锁定)
      [ASSIGN] white_usv9->black_usv6(机会锁定)
      [ASSIGN] white_usv10->black_usv6(机会锁定)
[t=8,363s] step=270 | MISSION=NORMAL_C | USV: 10/10 (avail=0 int=6 lock=4 frz=0) | UAV: air=10 rtb=0 chg=0 loiter=0 | TRACKS: vis=9 lost=0 engaged=2 | TOP: black_usv4(x185,056) black_usv6(x187,407) black_usv10(x183,009) | KILL=6 | ACTIONS=20 | INTENT: focus=2 ratio=0.20
      [ASSIGN] white_usv7->black_usv9(机会锁定)
      [ASSIGN] white_usv9->black_usv9(机会锁定)
      [ASSIGN] white_usv10->black_usv10(机会锁定)
      [KILL] black_usv9
      [RELEASE] white_usv7->black_usv9(目标失效)
      [ASSIGN] white_usv7->black_usv6(机会锁定)
      [RELEASE] white_usv9->black_usv9(目标失效)
      [ASSIGN] white_usv9->black_usv6(机会锁定)
      [ASSIGN] white_usv10->black_usv6(机会锁定)
      [ASSIGN] white_usv1->black_usv5(机会锁定)
      [ASSIGN] white_usv7->black_usv8(机会锁定)
      [ASSIGN] white_usv9->black_usv5(机会锁定)
      [ASSIGN] white_usv10->black_usv10(机会锁定)
      [ASSIGN] white_usv1->black_usv1(机会锁定)
      [ASSIGN] white_usv5->black_usv6(机会锁定)
      [ASSIGN] white_usv8->black_usv6(机会锁定)
      [ASSIGN] white_usv6->black_usv6(机会锁定)
      [ASSIGN] white_usv9->black_usv1(机会锁定)
      [ASSIGN] white_usv10->black_usv6(机会锁定)
      [ASSIGN] white_usv1->black_usv5(机会锁定)
      [ASSIGN] white_usv5->black_usv2(机会锁定)
      [ASSIGN] white_usv8->black_usv2(机会锁定)
      [ASSIGN] white_usv6->black_usv2(机会锁定)
      [ASSIGN] white_usv9->black_usv2(机会锁定)
      [ASSIGN] white_usv10->black_usv10(机会锁定)
      [KILL] black_usv1
      [ASSIGN] white_usv1->black_usv4(机会锁定)
      [ASSIGN] white_usv5->black_usv6(机会锁定)
      [ASSIGN] white_usv8->black_usv6(机会锁定)
      [ASSIGN] white_usv6->black_usv6(机会锁定)
      [ASSIGN] white_usv9->black_usv6(机会锁定)
      [ASSIGN] white_usv10->black_usv6(机会锁定)
      [KILL] black_usv5
      [KILL] black_usv10
      [ASSIGN] white_usv5->black_usv2(机会锁定)
      [RELEASE] white_usv4->black_usv5(目标失效)
      [ASSIGN] white_usv4->black_usv8(机会锁定)
      [ASSIGN] white_usv8->black_usv2(机会锁定)
      [ASSIGN] white_usv6->black_usv2(机会锁定)
      [ASSIGN] white_usv5->black_usv8(机会锁定)
      [ASSIGN] white_usv8->black_usv7(机会锁定)
      [ASSIGN] white_usv6->black_usv6(机会锁定)
      [ASSIGN] white_usv5->black_usv2(机会锁定)
      [ASSIGN] white_usv4->black_usv2(机会锁定)
      [ASSIGN] white_usv7->black_usv2(机会锁定)
      [ASSIGN] white_usv2->black_usv2(机会锁定)
      [ASSIGN] white_usv6->black_usv2(机会锁定)
      [KILL] black_usv6
      [ASSIGN] white_usv5->black_usv8(机会锁定)
      [ASSIGN] white_usv4->black_usv8(机会锁定)
      [ASSIGN] white_usv7->black_usv8(机会锁定)
      [ASSIGN] white_usv2->black_usv8(机会锁定)
      [ASSIGN] white_usv6->black_usv8(机会锁定)
      [RELEASE] white_usv10->black_usv6(目标失效)
      [ASSIGN] white_usv10->black_usv7(机会锁定)
[t=8,840s] step=280 | MISSION=NORMAL_C | USV: 9/10 (avail=0 int=6 lock=3 frz=0) | UAV: air=10 rtb=0 chg=0 loiter=0 | TRACKS: vis=4 lost=0 engaged=2 | TOP: black_usv8(x185,253) black_usv4(x180,782) black_usv7(x194,788) | KILL=8 | ACTIONS=19 | INTENT: focus=2 ratio=0.20
      [ASSIGN] white_usv4->black_usv2(机会锁定)
      [ASSIGN] white_usv7->black_usv2(机会锁定)
      [ASSIGN] white_usv2->black_usv2(机会锁定)
      [ASSIGN] white_usv4->black_usv8(机会锁定)
      [ASSIGN] white_usv7->black_usv8(机会锁定)
      [ASSIGN] white_usv2->black_usv8(机会锁定)
      [ASSIGN] white_usv5->black_usv2(机会锁定)
      [ASSIGN] white_usv4->black_usv2(机会锁定)
      [ASSIGN] white_usv7->black_usv2(机会锁定)
      [ASSIGN] white_usv2->black_usv2(机会锁定)
      [ASSIGN] white_usv5->black_usv8(机会锁定)
      [ASSIGN] white_usv4->black_usv8(机会锁定)
      [ASSIGN] white_usv7->black_usv8(机会锁定)
      [ASSIGN] white_usv2->black_usv8(机会锁定)
      [ASSIGN] white_usv5->black_usv2(机会锁定)
      [ASSIGN] white_usv4->black_usv2(机会锁定)
      [ASSIGN] white_usv3->black_usv2(机会锁定)
      [ASSIGN] white_usv2->black_usv2(机会锁定)
      [ASSIGN] white_usv6->black_usv2(机会锁定)
      [KILL] black_usv2
      [RELEASE] white_usv5->black_usv2(目标失效)
      [ASSIGN] white_usv5->black_usv8(机会锁定)
      [RELEASE] white_usv4->black_usv2(目标失效)
      [ASSIGN] white_usv4->black_usv8(机会锁定)
      [RELEASE] white_usv3->black_usv2(目标失效)
      [ASSIGN] white_usv3->black_usv4(机会锁定)
      [RELEASE] white_usv2->black_usv2(目标失效)
      [ASSIGN] white_usv2->black_usv8(机会锁定)
      [RELEASE] white_usv6->black_usv2(目标失效)
      [ASSIGN] white_usv6->black_usv8(机会锁定)
      [KILL] black_usv8
      [RELEASE] white_usv5->black_usv8(目标失效)
      [ASSIGN] white_usv5->black_usv7(机会锁定)
      [RELEASE] white_usv4->black_usv8(目标失效)
      [ASSIGN] white_usv4->black_usv7(机会锁定)
      [RELEASE] white_usv7->black_usv8(目标失效)
      [RELEASE] white_usv2->black_usv8(目标失效)
      [ASSIGN] white_usv2->black_usv7(机会锁定)
      [RELEASE] white_usv6->black_usv8(目标失效)
      [ASSIGN] white_usv6->black_usv7(机会锁定)

========================================================================
对局结果: Result.Victory — 敌方所有单位被击毁
  击杀蓝舰: 10 | 命中: 20 | 我方USV损失: 2 | UAV损失: 0 | 突破: 0
[META] result=Result.Victory victory_time=9477 first_detection=1558 first_lock=7380 first_kill=8282 enemy_kills=10 friendly_usv_losses=2 friendly_uav_losses=0 black_breakthrough=0 reacquire_attempts=9 reacquire_success=9 sensor_assisted_locks=28 low_conf_commitments=0 global_reacquire_entries=0 global_reacquire_success=0 coverage_collapse_events=1 active_clusters_max=1 coverage_quality_final=0.21 commander_source=default_intent commander_calls=0 commander_changes=0 commander_no_change=0 commander_parse_failures=0 commander_api_failures=0 commander_policy_failures=0 commander_avg_latency=0.0
Done
