========================================================================
HYBRID AGENT V5 — Variable-Cardinality Hierarchical Maritime Agent
  启用UAV: True | LLM_ENABLED: False
========================================================================
对局 43 开始
      [UAV RELAUNCH] white_uav8
      [UAV RELAUNCH] white_uav2
      [UAV RELAUNCH] white_uav9
      [UAV RELAUNCH] white_uav10
      [UAV RELAUNCH] white_uav1
      [UAV RELAUNCH] white_uav4
      [UAV RELAUNCH] white_uav5
      [UAV RELAUNCH] white_uav6
      [UAV RELAUNCH] white_uav3
      [UAV RELAUNCH] white_uav7
[t=250s] step=10 | MISSION=NORMAL_C | USV: 10/10 (avail=10 int=0 lock=0 frz=0) | UAV: air=10 rtb=0 chg=0 loiter=0 | TRACKS: vis=0 lost=0 engaged=0 | TOP:  | KILL=0 | ACTIONS=20 | INTENT: focus=2 ratio=0.20
  [INTENT APPLIED]
    ThreatAllocator: focus 2 emergency 3 reserve_ratio 0.20 reserve_usvs None bias breakthrough_eta
    UAVManager: mode search_and_reacquire uav_priority []
[t=533s] step=20 | MISSION=NORMAL_C | USV: 10/10 (avail=10 int=0 lock=0 frz=0) | UAV: air=10 rtb=0 chg=0 loiter=0 | TRACKS: vis=0 lost=0 engaged=0 | TOP:  | KILL=0 | ACTIONS=20 | INTENT: focus=2 ratio=0.20
[t=808s] step=30 | MISSION=NORMAL_C | USV: 10/10 (avail=10 int=0 lock=0 frz=0) | UAV: air=10 rtb=0 chg=0 loiter=0 | TRACKS: vis=0 lost=0 engaged=0 | TOP:  | KILL=0 | ACTIONS=20 | INTENT: focus=2 ratio=0.20
[t=1,081s] step=40 | MISSION=NORMAL_C | USV: 10/10 (avail=10 int=0 lock=0 frz=0) | UAV: air=10 rtb=0 chg=0 loiter=0 | TRACKS: vis=0 lost=0 engaged=0 | TOP:  | KILL=0 | ACTIONS=20 | INTENT: focus=2 ratio=0.20
[t=1,352s] step=50 | MISSION=NORMAL_C | USV: 10/10 (avail=10 int=0 lock=0 frz=0) | UAV: air=10 rtb=0 chg=0 loiter=0 | TRACKS: vis=0 lost=0 engaged=0 | TOP:  | KILL=0 | ACTIONS=20 | INTENT: focus=2 ratio=0.20
      [DETECT] black_uav6
      [DETECT] black_uav2
      [DETECT] black_uav5
      [DETECT] black_uav3
      [DETECT] black_uav7
      [DETECT] black_uav8
      [DETECT] black_uav9
      [DETECT] black_uav4
      [DETECT] black_uav1
      [DETECT] black_uav10
[t=1,631s] step=60 | MISSION=NORMAL_C | USV: 10/10 (avail=10 int=0 lock=0 frz=0) | UAV: air=10 rtb=0 chg=0 loiter=0 | TRACKS: vis=10 lost=0 engaged=0 | TOP: black_uav6(x210,298) black_uav2(x210,298) black_uav5(x210,298) | KILL=0 | ACTIONS=20 | INTENT: focus=2 ratio=0.20
      [DETECT] black_usv3
      [DETECT] black_usv8
      [DETECT] black_usv2
      [DETECT] black_usv4
      [DETECT] black_usv5
      [DETECT] black_usv7
      [ASSIGN] white_usv7->black_usv8
      [ASSIGN] white_usv8->black_usv7
      [ASSIGN] white_usv9->black_usv2
      [ASSIGN] white_usv3->black_usv3
      [ASSIGN] white_usv5->black_usv3
      [ASSIGN] white_usv6->black_usv5
      [ASSIGN] white_usv1->black_usv2
      [ASSIGN] white_usv4->black_usv4
      [DETECT] black_usv9
      [DETECT] black_usv6
      [DETECT] black_usv1
      [DETECT] black_usv10
      [ASSIGN] white_usv10->black_usv10
      [ASSIGN] white_usv2->black_usv1
[t=1,902s] step=70 | MISSION=NORMAL_C | USV: 10/10 (avail=2 int=8 lock=0 frz=0) | UAV: air=10 rtb=0 chg=0 loiter=0 | TRACKS: vis=20 lost=0 engaged=0 | TOP: black_usv9(x243,120) black_usv6(x244,493) black_usv1(x241,278) | KILL=0 | ACTIONS=20 | INTENT: focus=2 ratio=0.20
[t=2,179s] step=80 | MISSION=NORMAL_C | USV: 10/10 (avail=0 int=10 lock=0 frz=0) | UAV: air=10 rtb=0 chg=0 loiter=0 | TRACKS: vis=15 lost=3 engaged=0 | TOP: black_usv9(x240,665) black_usv6(x242,237) black_usv1(x238,554) | KILL=0 | ACTIONS=20 | INTENT: focus=2 ratio=0.20
[t=2,479s] step=90 | MISSION=NORMAL_C | USV: 10/10 (avail=0 int=10 lock=0 frz=0) | UAV: air=10 rtb=0 chg=0 loiter=0 | TRACKS: vis=12 lost=2 engaged=0 | TOP: black_usv9(x238,005) black_usv6(x239,794) black_usv1(x235,604) | KILL=0 | ACTIONS=20 | INTENT: focus=2 ratio=0.20
      [DETECT] black_uav5
      [DETECT] black_uav6
[t=2,778s] step=100 | MISSION=NORMAL_C | USV: 10/10 (avail=0 int=10 lock=0 frz=0) | UAV: air=10 rtb=0 chg=0 loiter=0 | TRACKS: vis=14 lost=2 engaged=0 | TOP: black_usv9(x235,348) black_usv6(x237,353) black_usv1(x232,657) | KILL=0 | ACTIONS=20 | INTENT: focus=2 ratio=0.20
      [DETECT] black_uav8
[t=3,090s] step=110 | MISSION=NORMAL_C | USV: 10/10 (avail=0 int=10 lock=0 frz=0) | UAV: air=10 rtb=0 chg=0 loiter=0 | TRACKS: vis=15 lost=2 engaged=0 | TOP: black_usv9(x232,588) black_usv6(x234,818) black_usv1(x229,596) | KILL=0 | ACTIONS=20 | INTENT: focus=2 ratio=0.20
      [DETECT] black_uav3
[t=3,416s] step=120 | MISSION=NORMAL_C | USV: 10/10 (avail=0 int=10 lock=0 frz=0) | UAV: air=10 rtb=0 chg=0 loiter=0 | TRACKS: vis=16 lost=2 engaged=0 | TOP: black_usv9(x229,698) black_usv6(x232,163) black_usv1(x226,390) | KILL=0 | ACTIONS=20 | INTENT: focus=2 ratio=0.20
      [DETECT] black_uav2
      [DETECT] black_uav9
[t=3,735s] step=130 | MISSION=NORMAL_C | USV: 10/10 (avail=0 int=10 lock=0 frz=0) | UAV: air=10 rtb=0 chg=0 loiter=0 | TRACKS: vis=16 lost=3 engaged=0 | TOP: black_usv9(x226,870) black_usv6(x229,564) black_usv1(x223,253) | KILL=0 | ACTIONS=20 | INTENT: focus=2 ratio=0.20
      [DETECT] black_uav3
[t=4,035s] step=140 | MISSION=NORMAL_C | USV: 10/10 (avail=0 int=10 lock=0 frz=0) | UAV: air=10 rtb=0 chg=0 loiter=0 | TRACKS: vis=19 lost=1 engaged=0 | TOP: black_usv9(x224,210) black_usv6(x227,008) black_usv1(x220,303) | KILL=0 | ACTIONS=20 | INTENT: focus=2 ratio=0.20
[t=4,295s] step=150 | MISSION=NORMAL_C | USV: 10/10 (avail=0 int=10 lock=0 frz=0) | UAV: air=10 rtb=0 chg=0 loiter=0 | TRACKS: vis=20 lost=0 engaged=0 | TOP: black_usv9(x221,905) black_usv6(x224,437) black_usv1(x217,747) | KILL=0 | ACTIONS=20 | INTENT: focus=2 ratio=0.20
[t=4,575s] step=160 | MISSION=NORMAL_C | USV: 10/10 (avail=0 int=10 lock=0 frz=0) | UAV: air=10 rtb=0 chg=0 loiter=0 | TRACKS: vis=20 lost=0 engaged=0 | TOP: black_usv9(x219,423) black_usv6(x221,667) black_usv1(x214,993) | KILL=0 | ACTIONS=20 | INTENT: focus=2 ratio=0.20
[t=4,842s] step=170 | MISSION=NORMAL_C | USV: 10/10 (avail=0 int=10 lock=0 frz=0) | UAV: air=10 rtb=0 chg=0 loiter=0 | TRACKS: vis=19 lost=1 engaged=0 | TOP: black_usv6(x219,026) black_usv9(x217,018) black_usv1(x212,368) | KILL=0 | ACTIONS=20 | INTENT: focus=2 ratio=0.20
[t=5,118s] step=180 | MISSION=NORMAL_C | USV: 10/10 (avail=0 int=10 lock=0 frz=0) | UAV: air=10 rtb=0 chg=0 loiter=0 | TRACKS: vis=20 lost=0 engaged=0 | TOP: black_usv6(x216,296) black_usv9(x214,523) black_usv10(x210,337) | KILL=0 | ACTIONS=20 | INTENT: focus=2 ratio=0.20
[t=5,427s] step=190 | MISSION=NORMAL_C | USV: 10/10 (avail=0 int=10 lock=0 frz=0) | UAV: air=10 rtb=0 chg=0 loiter=0 | TRACKS: vis=19 lost=1 engaged=0 | TOP: black_usv6(x213,239) black_usv9(x211,730) black_usv10(x207,339) | KILL=0 | ACTIONS=20 | INTENT: focus=2 ratio=0.20
[t=5,766s] step=200 | MISSION=NORMAL_C | USV: 10/10 (avail=0 int=10 lock=0 frz=0) | UAV: air=10 rtb=0 chg=0 loiter=0 | TRACKS: vis=20 lost=0 engaged=0 | TOP: black_usv6(x209,886) black_usv9(x208,666) black_usv10(x204,051) | KILL=0 | ACTIONS=20 | INTENT: focus=2 ratio=0.20
[t=6,117s] step=210 | MISSION=NORMAL_C | USV: 10/10 (avail=0 int=10 lock=0 frz=0) | UAV: air=10 rtb=0 chg=0 loiter=0 | TRACKS: vis=7 lost=5 engaged=0 | TOP: black_usv6(x206,414) black_usv9(x205,494) black_usv10(x200,646) | KILL=0 | ACTIONS=20 | INTENT: focus=2 ratio=0.20
[t=6,464s] step=220 | MISSION=NORMAL_C | USV: 10/10 (avail=0 int=10 lock=0 frz=0) | UAV: air=10 rtb=0 chg=0 loiter=0 | TRACKS: vis=10 lost=0 engaged=0 | TOP: black_usv6(x202,982) black_usv9(x202,358) black_usv10(x197,280) | KILL=0 | ACTIONS=20 | INTENT: focus=2 ratio=0.20
[t=6,823s] step=230 | MISSION=NORMAL_C | USV: 10/10 (avail=0 int=10 lock=0 frz=0) | UAV: air=10 rtb=0 chg=0 loiter=0 | TRACKS: vis=9 lost=1 engaged=0 | TOP: black_usv6(x199,431) black_usv9(x199,113) black_usv10(x193,798) | KILL=0 | ACTIONS=20 | INTENT: focus=2 ratio=0.20
[t=7,182s] step=240 | MISSION=NORMAL_C | USV: 10/10 (avail=0 int=10 lock=0 frz=0) | UAV: air=10 rtb=0 chg=0 loiter=0 | TRACKS: vis=10 lost=0 engaged=0 | TOP: black_usv6(x195,880) black_usv9(x195,868) black_usv10(x190,316) | KILL=0 | ACTIONS=20 | INTENT: focus=2 ratio=0.20
      [ASSIGN] white_usv6->black_usv3(机会锁定)
      [ASSIGN] white_usv7->black_usv3(机会锁定)
[t=7,531s] step=250 | MISSION=NORMAL_C | USV: 10/10 (avail=0 int=4 lock=6 frz=0) | UAV: air=10 rtb=0 chg=0 loiter=0 | TRACKS: vis=10 lost=0 engaged=3 | TOP: black_usv8(x195,201) black_usv6(x192,428) black_usv10(x186,931) | KILL=0 | ACTIONS=20 | INTENT: focus=2 ratio=0.20
      [ASSIGN] white_usv4->black_usv1(机会锁定)
      [ASSIGN] white_usv7->black_usv5(机会锁定)
      [ASSIGN] white_usv3->black_usv5(机会锁定)
      [ASSIGN] white_usv5->black_usv5(机会锁定)
      [ASSIGN] white_usv6->black_usv5(机会锁定)
      [ASSIGN] white_usv8->black_usv6(机会锁定)
      [ASSIGN] white_usv9->black_usv3(机会锁定)
      [ASSIGN] white_usv10->black_usv6(机会锁定)
      [ASSIGN] white_usv3->black_usv3(机会锁定)
      [ASSIGN] white_usv9->black_usv1(机会锁定)
      [ASSIGN] white_usv2->black_usv4(机会锁定)
[t=7,863s] step=260 | MISSION=NORMAL_C | USV: 10/10 (avail=0 int=3 lock=7 frz=0) | UAV: air=10 rtb=0 chg=0 loiter=0 | TRACKS: vis=10 lost=0 engaged=4 | TOP: black_usv10(x184,486) black_usv4(x188,022) black_usv8(x192,345) | KILL=1 | ACTIONS=20 | INTENT: focus=2 ratio=0.20
      [ASSIGN] white_usv9->black_usv3(机会锁定)
      [ASSIGN] white_usv1->black_usv4(机会锁定)
      [ASSIGN] white_usv4->black_usv8(机会锁定)
      [ASSIGN] white_usv9->black_usv1(机会锁定)
      [ASSIGN] white_usv3->black_usv1(机会锁定)
      [ASSIGN] white_usv9->black_usv3(机会锁定)
      [ASSIGN] white_usv3->black_usv3(机会锁定)
      [ASSIGN] white_usv9->black_usv1(机会锁定)
      [ASSIGN] white_usv3->black_usv1(机会锁定)
      [ASSIGN] white_usv9->black_usv3(机会锁定)
      [ASSIGN] white_usv3->black_usv3(机会锁定)
      [ASSIGN] white_usv7->black_usv1(机会锁定)
      [ASSIGN] white_usv9->black_usv1(机会锁定)
      [ASSIGN] white_usv3->black_usv1(机会锁定)
      [ASSIGN] white_usv7->black_usv3(机会锁定)
      [ASSIGN] white_usv9->black_usv3(机会锁定)
      [ASSIGN] white_usv3->black_usv3(机会锁定)
      [ASSIGN] white_usv5->black_usv3(机会锁定)
      [ASSIGN] white_usv6->black_usv3(机会锁定)
      [ASSIGN] white_usv7->black_usv5(机会锁定)
      [ASSIGN] white_usv8->black_usv7(机会锁定)
      [ASSIGN] white_usv9->black_usv1(机会锁定)
      [ASSIGN] white_usv3->black_usv5(机会锁定)
      [ASSIGN] white_usv5->black_usv5(机会锁定)
      [ASSIGN] white_usv6->black_usv5(机会锁定)
      [ASSIGN] white_usv10->black_usv10(机会锁定)
      [ASSIGN] white_usv7->black_usv3(机会锁定)
      [ASSIGN] white_usv9->black_usv3(机会锁定)
      [ASSIGN] white_usv3->black_usv3(机会锁定)
      [ASSIGN] white_usv5->black_usv3(机会锁定)
      [ASSIGN] white_usv6->black_usv3(机会锁定)
      [ASSIGN] white_usv7->black_usv5(机会锁定)
      [ASSIGN] white_usv9->black_usv1(机会锁定)
      [ASSIGN] white_usv3->black_usv5(机会锁定)
      [ASSIGN] white_usv5->black_usv5(机会锁定)
      [ASSIGN] white_usv6->black_usv5(机会锁定)
      [ASSIGN] white_usv1->black_usv2(机会锁定)
      [ASSIGN] white_usv4->black_usv1(机会锁定)
      [ASSIGN] white_usv2->black_usv1(机会锁定)
[t=8,222s] step=270 | MISSION=NORMAL_C | USV: 10/10 (avail=0 int=8 lock=2 frz=0) | UAV: air=10 rtb=0 chg=0 loiter=0 | TRACKS: vis=10 lost=0 engaged=2 | TOP: black_usv6(x186,750) black_usv10(x183,148) black_usv1(x187,085) | KILL=5 | ACTIONS=20 | INTENT: focus=2 ratio=0.20
      [ASSIGN] white_usv7->black_usv3(机会锁定)
      [ASSIGN] white_usv9->black_usv8(机会锁定)
      [ASSIGN] white_usv3->black_usv3(机会锁定)
      [ASSIGN] white_usv5->black_usv3(机会锁定)
      [ASSIGN] white_usv6->black_usv3(机会锁定)
      [ASSIGN] white_usv4->black_usv8(机会锁定)
      [ASSIGN] white_usv2->black_usv4(机会锁定)
      [ASSIGN] white_usv7->black_usv5(机会锁定)
      [ASSIGN] white_usv3->black_usv5(机会锁定)
      [ASSIGN] white_usv5->black_usv5(机会锁定)
      [ASSIGN] white_usv6->black_usv5(机会锁定)
      [ASSIGN] white_usv2->black_usv1(机会锁定)
      [KILL] black_usv3
      [ASSIGN] white_usv3->black_usv1(机会锁定)
      [ASSIGN] white_usv2->black_usv4(机会锁定)
      [KILL] black_usv1
      [ASSIGN] white_usv8->black_usv6(机会锁定)
      [RELEASE] white_usv3->black_usv1(目标失效)
      [ASSIGN] white_usv3->black_usv7(机会锁定)
      [ASSIGN] white_usv10->black_usv6(机会锁定)
      [ASSIGN] white_usv8->black_usv7(机会锁定)
      [ASSIGN] white_usv6->black_usv7(机会锁定)
      [ASSIGN] white_usv10->black_usv10(机会锁定)
      [ASSIGN] white_usv8->black_usv6(机会锁定)
      [ASSIGN] white_usv3->black_usv5(机会锁定)
      [ASSIGN] white_usv6->black_usv5(机会锁定)
      [ASSIGN] white_usv1->black_usv4(机会锁定)
      [ASSIGN] white_usv10->black_usv6(机会锁定)
      [ASSIGN] white_usv8->black_usv7(机会锁定)
      [ASSIGN] white_usv9->black_usv2(机会锁定)
      [ASSIGN] white_usv3->black_usv7(机会锁定)
      [ASSIGN] white_usv6->black_usv7(机会锁定)
      [ASSIGN] white_usv1->black_usv2(机会锁定)
      [ASSIGN] white_usv4->black_usv2(机会锁定)
      [ASSIGN] white_usv10->black_usv10(机会锁定)
      [ASSIGN] white_usv2->black_usv2(机会锁定)
      [ASSIGN] white_usv8->black_usv6(机会锁定)
      [ASSIGN] white_usv3->black_usv8(机会锁定)
      [ASSIGN] white_usv6->black_usv5(机会锁定)
[t=8,644s] step=280 | MISSION=NORMAL_C | USV: 10/10 (avail=0 int=6 lock=4 frz=0) | UAV: air=10 rtb=0 chg=0 loiter=0 | TRACKS: vis=7 lost=1 engaged=1 | TOP: black_usv4(x185,076) black_usv8(x188,724) black_usv6(x186,750) | KILL=8 | ACTIONS=20 | INTENT: focus=2 ratio=0.20
      [KILL] black_usv5
      [RELEASE] white_usv7->black_usv5(目标失效)
      [ASSIGN] white_usv7->black_usv7(机会锁定)
      [ASSIGN] white_usv8->black_usv7(机会锁定)
      [ASSIGN] white_usv3->black_usv7(机会锁定)
      [RELEASE] white_usv5->black_usv5(目标失效)
      [ASSIGN] white_usv5->black_usv7(机会锁定)
      [RELEASE] white_usv6->black_usv5(目标失效)
      [ASSIGN] white_usv6->black_usv7(机会锁定)
      [KILL] black_usv6
      [ASSIGN] white_usv8->black_usv10(机会锁定)
      [ASSIGN] white_usv3->black_usv8(机会锁定)
      [ASSIGN] white_usv7->black_usv8(机会锁定)
      [KILL] black_usv4
      [ASSIGN] white_usv7->black_usv7(机会锁定)
      [ASSIGN] white_usv8->black_usv7(机会锁定)
      [ASSIGN] white_usv7->black_usv8(机会锁定)
      [ASSIGN] white_usv8->black_usv10(机会锁定)
      [ASSIGN] white_usv5->black_usv8(机会锁定)
      [ASSIGN] white_usv7->black_usv7(机会锁定)
      [ASSIGN] white_usv8->black_usv7(机会锁定)
      [ASSIGN] white_usv9->black_usv8(机会锁定)
      [ASSIGN] white_usv3->black_usv7(机会锁定)
      [ASSIGN] white_usv5->black_usv7(机会锁定)
      [ASSIGN] white_usv4->black_usv8(机会锁定)
      [ASSIGN] white_usv7->black_usv8(机会锁定)
      [ASSIGN] white_usv8->black_usv9(机会锁定)
      [ASSIGN] white_usv9->black_usv2(机会锁定)
      [ASSIGN] white_usv3->black_usv8(机会锁定)
      [ASSIGN] white_usv5->black_usv8(机会锁定)
      [ASSIGN] white_usv6->black_usv8(机会锁定)
      [ASSIGN] white_usv4->black_usv2(机会锁定)
      [ASSIGN] white_usv7->black_usv7(机会锁定)
      [ASSIGN] white_usv3->black_usv7(机会锁定)
      [ASSIGN] white_usv5->black_usv7(机会锁定)
      [ASSIGN] white_usv6->black_usv7(机会锁定)
      [KILL] black_usv7
      [KILL] black_usv10
      [RELEASE] white_usv7->black_usv7(目标失效)
      [ASSIGN] white_usv7->black_usv8(机会锁定)
      [ASSIGN] white_usv9->black_usv8(机会锁定)
      [RELEASE] white_usv3->black_usv7(目标失效)
      [ASSIGN] white_usv3->black_usv8(机会锁定)
      [RELEASE] white_usv5->black_usv7(目标失效)
      [ASSIGN] white_usv5->black_usv8(机会锁定)
      [RELEASE] white_usv6->black_usv7(目标失效)
      [ASSIGN] white_usv6->black_usv8(机会锁定)
      [ASSIGN] white_usv4->black_usv8(机会锁定)
      [RELEASE] white_usv10->black_usv10(目标失效)
      [ASSIGN] white_usv9->black_usv2(机会锁定)
      [ASSIGN] white_usv4->black_usv2(机会锁定)
      [ASSIGN] white_usv10->black_usv2
[t=9,183s] step=290 | MISSION=NORMAL_C | USV: 9/10 (avail=1 int=7 lock=1 frz=0) | UAV: air=10 rtb=0 chg=0 loiter=0 | TRACKS: vis=3 lost=0 engaged=1 | TOP: black_usv9(x188,403) black_usv8(x188,724) black_usv2(x180,440) | KILL=9 | ACTIONS=19 | INTENT: focus=2 ratio=0.20
      [KILL] black_usv8
      [RELEASE] white_usv7->black_usv8(目标失效)
      [RELEASE] white_usv3->black_usv8(目标失效)
      [RELEASE] white_usv5->black_usv8(目标失效)
      [RELEASE] white_usv6->black_usv8(目标失效)
      [ASSIGN] white_usv7->black_usv9
      [ASSIGN] white_usv3->black_usv9
      [KILL] black_usv2
      [RELEASE] white_usv9->black_usv2(目标失效)
      [RELEASE] white_usv1->black_usv2(目标失效)
      [RELEASE] white_usv4->black_usv2(目标失效)
      [RELEASE] white_usv10->black_usv2(目标失效)
      [ASSIGN] white_usv10->black_usv9(机会锁定)
[t=9,957s] step=300 | MISSION=TERMINAL | USV: 9/10 (avail=6 int=3 lock=0 frz=0) | UAV: air=10 rtb=0 chg=0 loiter=0 | TRACKS: vis=1 lost=0 engaged=0 | TOP: black_usv9(x187,765) | KILL=10 | ACTIONS=19 | INTENT: focus=2 ratio=0.20

========================================================================
对局结果: Result.Victory — 敌方所有单位被击毁
  击杀蓝舰: 10 | 命中: 20 | 我方USV损失: 1 | UAV损失: 0 | 突破: 0
[META] result=Result.Victory victory_time=9957 first_detection=1575 first_lock=7463 first_kill=8361 enemy_kills=10 friendly_usv_losses=1 friendly_uav_losses=0 black_breakthrough=0 reacquire_attempts=54 reacquire_success=54 sensor_assisted_locks=30 low_conf_commitments=0 global_reacquire_entries=0 global_reacquire_success=0 coverage_collapse_events=1 active_clusters_max=1 coverage_quality_final=0.23 commander_source=default_intent commander_calls=0 commander_changes=0 commander_no_change=0 commander_parse_failures=0 commander_api_failures=0 commander_policy_failures=0 commander_avg_latency=0.0
Done
