========================================================================
HYBRID AGENT V5 — Variable-Cardinality Hierarchical Maritime Agent
  启用UAV: True | LLM_ENABLED: False
========================================================================
对局 9 开始
      [UAV RELAUNCH] white_uav6
      [UAV RELAUNCH] white_uav7
      [UAV RELAUNCH] white_uav1
      [UAV RELAUNCH] white_uav2
      [UAV RELAUNCH] white_uav3
      [UAV RELAUNCH] white_uav8
      [UAV RELAUNCH] white_uav5
      [UAV RELAUNCH] white_uav4
      [UAV RELAUNCH] white_uav9
      [UAV RELAUNCH] white_uav10
[t=234s] step=10 | MISSION=NORMAL_C | USV: 10/10 (avail=10 int=0 lock=0 frz=0) | UAV: air=10 rtb=0 chg=0 loiter=0 | TRACKS: vis=0 lost=0 engaged=0 | TOP:  | KILL=0 | ACTIONS=20 | INTENT: focus=2 ratio=0.20
  [INTENT APPLIED]
    ThreatAllocator: focus 2 emergency 3 reserve_ratio 0.20 reserve_usvs None bias breakthrough_eta
    UAVManager: mode search_and_reacquire uav_priority []
[t=516s] step=20 | MISSION=NORMAL_C | USV: 10/10 (avail=10 int=0 lock=0 frz=0) | UAV: air=10 rtb=0 chg=0 loiter=0 | TRACKS: vis=0 lost=0 engaged=0 | TOP:  | KILL=0 | ACTIONS=20 | INTENT: focus=2 ratio=0.20
[t=804s] step=30 | MISSION=NORMAL_C | USV: 10/10 (avail=10 int=0 lock=0 frz=0) | UAV: air=10 rtb=0 chg=0 loiter=0 | TRACKS: vis=0 lost=0 engaged=0 | TOP:  | KILL=0 | ACTIONS=20 | INTENT: focus=2 ratio=0.20
[t=1,089s] step=40 | MISSION=NORMAL_C | USV: 10/10 (avail=10 int=0 lock=0 frz=0) | UAV: air=10 rtb=0 chg=0 loiter=0 | TRACKS: vis=0 lost=0 engaged=0 | TOP:  | KILL=0 | ACTIONS=20 | INTENT: focus=2 ratio=0.20
[t=1,380s] step=50 | MISSION=NORMAL_C | USV: 10/10 (avail=10 int=0 lock=0 frz=0) | UAV: air=10 rtb=0 chg=0 loiter=0 | TRACKS: vis=0 lost=0 engaged=0 | TOP:  | KILL=0 | ACTIONS=20 | INTENT: focus=2 ratio=0.20
[t=1,664s] step=60 | MISSION=NORMAL_C | USV: 10/10 (avail=10 int=0 lock=0 frz=0) | UAV: air=10 rtb=0 chg=0 loiter=0 | TRACKS: vis=0 lost=0 engaged=0 | TOP:  | KILL=0 | ACTIONS=20 | INTENT: focus=2 ratio=0.20
      [DETECT] black_usv9
      [DETECT] black_usv14
      [DETECT] black_usv16
      [DETECT] black_usv11
      [DETECT] black_usv5
      [DETECT] black_usv13
      [DETECT] black_usv19
      [DETECT] black_usv12
      [DETECT] black_usv15
      [DETECT] black_usv7
      [DETECT] black_usv17
      [DETECT] black_usv18
      [DETECT] black_usv6
      [DETECT] black_usv10
      [DETECT] black_usv8
      [ASSIGN] white_usv4->black_usv11
      [ASSIGN] white_usv2->black_usv12
      [ASSIGN] white_usv7->black_usv14
      [ASSIGN] white_usv8->black_usv16
      [ASSIGN] white_usv3->black_usv5
      [ASSIGN] white_usv5->black_usv9
      [ASSIGN] white_usv9->black_usv13
      [ASSIGN] white_usv10->black_usv19
      [DETECT] black_usv20
      [ASSIGN] white_usv1->black_usv7
      [ASSIGN] white_usv6->black_usv15
[t=1,954s] step=70 | MISSION=NORMAL_C | USV: 10/10 (avail=0 int=10 lock=0 frz=0) | UAV: air=10 rtb=0 chg=0 loiter=0 | TRACKS: vis=16 lost=0 engaged=0 | TOP: black_usv17(x240,440) black_usv18(x240,440) black_usv6(x240,440) | KILL=0 | ACTIONS=20 | INTENT: focus=2 ratio=0.20
      [DETECT] black_usv3
      [DETECT] black_usv4
[t=2,245s] step=80 | MISSION=NORMAL_C | USV: 10/10 (avail=0 int=10 lock=0 frz=0) | UAV: air=10 rtb=0 chg=0 loiter=0 | TRACKS: vis=16 lost=2 engaged=0 | TOP: black_usv17(x237,530) black_usv18(x237,530) black_usv6(x237,530) | KILL=0 | ACTIONS=20 | INTENT: focus=2 ratio=0.20
      [DETECT] black_usv2
      [DETECT] black_usv1
[t=2,543s] step=90 | MISSION=NORMAL_C | USV: 10/10 (avail=0 int=10 lock=0 frz=0) | UAV: air=10 rtb=0 chg=0 loiter=0 | TRACKS: vis=17 lost=3 engaged=0 | TOP: black_usv17(x234,550) black_usv18(x234,550) black_usv6(x234,550) | KILL=0 | ACTIONS=20 | INTENT: focus=2 ratio=0.20
[t=2,825s] step=100 | MISSION=NORMAL_C | USV: 10/10 (avail=0 int=10 lock=0 frz=0) | UAV: air=10 rtb=0 chg=0 loiter=0 | TRACKS: vis=17 lost=3 engaged=0 | TOP: black_usv17(x231,730) black_usv18(x231,730) black_usv6(x231,730) | KILL=0 | ACTIONS=20 | INTENT: focus=2 ratio=0.20
[t=3,124s] step=110 | MISSION=NORMAL_C | USV: 10/10 (avail=0 int=10 lock=0 frz=0) | UAV: air=10 rtb=0 chg=0 loiter=0 | TRACKS: vis=16 lost=4 engaged=0 | TOP: black_usv17(x228,740) black_usv18(x228,740) black_usv6(x228,740) | KILL=0 | ACTIONS=20 | INTENT: focus=2 ratio=0.20
[t=3,426s] step=120 | MISSION=NORMAL_C | USV: 10/10 (avail=0 int=10 lock=0 frz=0) | UAV: air=10 rtb=0 chg=0 loiter=0 | TRACKS: vis=16 lost=0 engaged=0 | TOP: black_usv17(x225,720) black_usv18(x225,720) black_usv6(x225,720) | KILL=0 | ACTIONS=20 | INTENT: focus=2 ratio=0.20
[t=3,729s] step=130 | MISSION=NORMAL_C | USV: 10/10 (avail=0 int=10 lock=0 frz=0) | UAV: air=10 rtb=0 chg=0 loiter=0 | TRACKS: vis=16 lost=0 engaged=0 | TOP: black_usv17(x222,690) black_usv18(x222,690) black_usv6(x222,690) | KILL=0 | ACTIONS=20 | INTENT: focus=2 ratio=0.20
[t=4,036s] step=140 | MISSION=NORMAL_C | USV: 10/10 (avail=0 int=10 lock=0 frz=0) | UAV: air=10 rtb=0 chg=0 loiter=0 | TRACKS: vis=16 lost=0 engaged=0 | TOP: black_usv17(x219,620) black_usv18(x219,620) black_usv6(x219,620) | KILL=0 | ACTIONS=20 | INTENT: focus=2 ratio=0.20
[t=4,349s] step=150 | MISSION=NORMAL_C | USV: 10/10 (avail=0 int=10 lock=0 frz=0) | UAV: air=10 rtb=0 chg=0 loiter=0 | TRACKS: vis=16 lost=0 engaged=0 | TOP: black_usv17(x216,490) black_usv18(x216,490) black_usv6(x216,490) | KILL=0 | ACTIONS=20 | INTENT: focus=2 ratio=0.20
[t=4,651s] step=160 | MISSION=NORMAL_C | USV: 10/10 (avail=0 int=10 lock=0 frz=0) | UAV: air=10 rtb=0 chg=0 loiter=0 | TRACKS: vis=16 lost=0 engaged=0 | TOP: black_usv17(x213,470) black_usv18(x213,470) black_usv6(x213,470) | KILL=0 | ACTIONS=20 | INTENT: focus=2 ratio=0.20
[t=4,960s] step=170 | MISSION=NORMAL_C | USV: 10/10 (avail=0 int=10 lock=0 frz=0) | UAV: air=10 rtb=0 chg=0 loiter=0 | TRACKS: vis=16 lost=0 engaged=0 | TOP: black_usv17(x210,380) black_usv18(x210,380) black_usv6(x210,380) | KILL=0 | ACTIONS=20 | INTENT: focus=2 ratio=0.20
[t=5,273s] step=180 | MISSION=NORMAL_C | USV: 10/10 (avail=0 int=10 lock=0 frz=0) | UAV: air=10 rtb=0 chg=0 loiter=0 | TRACKS: vis=16 lost=0 engaged=0 | TOP: black_usv17(x207,250) black_usv18(x207,250) black_usv6(x207,250) | KILL=0 | ACTIONS=20 | INTENT: focus=2 ratio=0.20
[t=5,576s] step=190 | MISSION=NORMAL_C | USV: 10/10 (avail=0 int=10 lock=0 frz=0) | UAV: air=10 rtb=0 chg=0 loiter=0 | TRACKS: vis=16 lost=0 engaged=0 | TOP: black_usv17(x204,220) black_usv18(x204,220) black_usv6(x204,220) | KILL=0 | ACTIONS=20 | INTENT: focus=2 ratio=0.20
[t=5,889s] step=200 | MISSION=NORMAL_C | USV: 10/10 (avail=0 int=10 lock=0 frz=0) | UAV: air=10 rtb=0 chg=0 loiter=0 | TRACKS: vis=16 lost=0 engaged=0 | TOP: black_usv17(x201,090) black_usv18(x201,090) black_usv6(x201,090) | KILL=0 | ACTIONS=20 | INTENT: focus=2 ratio=0.20
[t=6,205s] step=210 | MISSION=NORMAL_C | USV: 10/10 (avail=0 int=10 lock=0 frz=0) | UAV: air=10 rtb=0 chg=0 loiter=0 | TRACKS: vis=16 lost=0 engaged=0 | TOP: black_usv17(x197,930) black_usv18(x197,930) black_usv6(x197,930) | KILL=0 | ACTIONS=20 | INTENT: focus=2 ratio=0.20
[t=6,536s] step=220 | MISSION=NORMAL_C | USV: 10/10 (avail=0 int=10 lock=0 frz=0) | UAV: air=10 rtb=0 chg=0 loiter=0 | TRACKS: vis=16 lost=0 engaged=0 | TOP: black_usv17(x194,620) black_usv18(x194,620) black_usv6(x194,620) | KILL=0 | ACTIONS=20 | INTENT: focus=2 ratio=0.20
[t=6,854s] step=230 | MISSION=NORMAL_C | USV: 10/10 (avail=0 int=10 lock=0 frz=0) | UAV: air=10 rtb=0 chg=0 loiter=0 | TRACKS: vis=16 lost=0 engaged=0 | TOP: black_usv17(x191,440) black_usv18(x191,440) black_usv6(x191,440) | KILL=0 | ACTIONS=20 | INTENT: focus=2 ratio=0.20
[t=7,157s] step=240 | MISSION=NORMAL_C | USV: 10/10 (avail=0 int=10 lock=0 frz=0) | UAV: air=10 rtb=0 chg=0 loiter=0 | TRACKS: vis=16 lost=0 engaged=0 | TOP: black_usv17(x188,410) black_usv18(x188,410) black_usv6(x188,410) | KILL=0 | ACTIONS=20 | INTENT: focus=2 ratio=0.20
      [ASSIGN] white_usv10->black_usv20(机会锁定)
      [ASSIGN] white_usv4->black_usv10(机会锁定)
      [ASSIGN] white_usv7->black_usv13(机会锁定)
      [ASSIGN] white_usv8->black_usv18(机会锁定)
      [ASSIGN] white_usv3->black_usv6(机会锁定)
      [ASSIGN] white_usv5->black_usv8(机会锁定)
      [ASSIGN] white_usv6->black_usv13(机会锁定)
      [ASSIGN] white_usv9->black_usv14(机会锁定)
      [ASSIGN] white_usv1->black_usv5(机会锁定)
      [ASSIGN] white_usv2->black_usv9(机会锁定)
[t=7,472s] step=250 | MISSION=NORMAL_C | USV: 10/10 (avail=0 int=0 lock=10 frz=0) | UAV: air=10 rtb=0 chg=0 loiter=0 | TRACKS: vis=16 lost=0 engaged=9 | TOP: black_usv19(x185,260) black_usv18(x185,260) black_usv20(x185,260) | KILL=0 | ACTIONS=20 | INTENT: focus=2 ratio=0.20
      [ASSIGN] white_usv4->black_usv7(机会锁定)
      [ASSIGN] white_usv7->black_usv12(机会锁定)
      [ASSIGN] white_usv10->black_usv19(机会锁定)
      [ASSIGN] white_usv8->black_usv20(机会锁定)
      [ASSIGN] white_usv3->black_usv10(机会锁定)
      [ASSIGN] white_usv5->black_usv10(机会锁定)
      [ASSIGN] white_usv6->black_usv11(机会锁定)
      [ASSIGN] white_usv2->black_usv8(机会锁定)
      [ASSIGN] white_usv9->black_usv18(机会锁定)
      [ASSIGN] white_usv1->black_usv6(机会锁定)
[t=7,790s] step=260 | MISSION=NORMAL_C | USV: 10/10 (avail=0 int=0 lock=10 frz=0) | UAV: air=10 rtb=0 chg=0 loiter=0 | TRACKS: vis=16 lost=0 engaged=9 | TOP: black_usv19(x182,080) black_usv20(x182,080) black_usv18(x183,110) | KILL=1 | ACTIONS=20 | INTENT: focus=2 ratio=0.20
      [ASSIGN] white_usv4->black_usv9(机会锁定)
      [ASSIGN] white_usv7->black_usv15(机会锁定)
      [ASSIGN] white_usv10->black_usv17(机会锁定)
      [ASSIGN] white_usv8->black_usv19(机会锁定)
      [ASSIGN] white_usv3->black_usv7(机会锁定)
      [ASSIGN] white_usv5->black_usv7(机会锁定)
      [ASSIGN] white_usv6->black_usv12(机会锁定)
      [ASSIGN] white_usv2->black_usv5(机会锁定)
      [ASSIGN] white_usv9->black_usv11(机会锁定)
      [ASSIGN] white_usv1->black_usv5(机会锁定)
[t=8,120s] step=270 | MISSION=NORMAL_C | USV: 10/10 (avail=0 int=0 lock=10 frz=0) | UAV: air=10 rtb=0 chg=0 loiter=0 | TRACKS: vis=16 lost=0 engaged=8 | TOP: black_usv20(x179,660) black_usv18(x181,790) black_usv19(x179,960) | KILL=3 | ACTIONS=20 | INTENT: focus=2 ratio=0.20
      [KILL] black_usv13
      [ASSIGN] white_usv4->black_usv6(机会锁定)
      [ASSIGN] white_usv7->black_usv18(机会锁定)
      [ASSIGN] white_usv10->black_usv20(机会锁定)
      [ASSIGN] white_usv8->black_usv15(机会锁定)
      [ASSIGN] white_usv5->black_usv9(机会锁定)
      [ASSIGN] white_usv6->black_usv9(机会锁定)
      [ASSIGN] white_usv2->black_usv7(机会锁定)
      [ASSIGN] white_usv5->black_usv7(机会锁定)
      [ASSIGN] white_usv9->black_usv12(机会锁定)
      [ASSIGN] white_usv1->black_usv7(机会锁定)
      [ASSIGN] white_usv6->black_usv12(机会锁定)
      [ASSIGN] white_usv2->black_usv5(机会锁定)
      [ASSIGN] white_usv5->black_usv5(机会锁定)
      [ASSIGN] white_usv1->black_usv5(机会锁定)
[t=8,460s] step=280 | MISSION=NORMAL_C | USV: 9/10 (avail=0 int=3 lock=6 frz=0) | UAV: air=10 rtb=0 chg=0 loiter=0 | TRACKS: vis=15 lost=0 engaged=5 | TOP: black_usv19(x179,370) black_usv18(x178,390) black_usv20(x178,390) | KILL=7 | ACTIONS=19 | INTENT: focus=2 ratio=0.20
      [ASSIGN] white_usv2->black_usv7(机会锁定)
      [ASSIGN] white_usv5->black_usv7(机会锁定)
      [ASSIGN] white_usv1->black_usv7(机会锁定)
      [ASSIGN] white_usv2->black_usv5(机会锁定)
      [ASSIGN] white_usv5->black_usv5(机会锁定)
      [ASSIGN] white_usv1->black_usv5(机会锁定)
      [ASSIGN] white_usv2->black_usv7(机会锁定)
      [ASSIGN] white_usv5->black_usv7(机会锁定)
      [ASSIGN] white_usv1->black_usv7(机会锁定)
      [ASSIGN] white_usv2->black_usv5(机会锁定)
      [ASSIGN] white_usv5->black_usv5(机会锁定)
      [ASSIGN] white_usv1->black_usv5(机会锁定)
      [ASSIGN] white_usv2->black_usv7(机会锁定)
      [ASSIGN] white_usv5->black_usv7(机会锁定)
      [ASSIGN] white_usv1->black_usv7(机会锁定)
      [KILL] black_usv10
      [ASSIGN] white_usv4->black_usv5(机会锁定)
      [ASSIGN] white_usv2->black_usv5(机会锁定)
      [ASSIGN] white_usv7->black_usv11(机会锁定)
      [ASSIGN] white_usv5->black_usv6(机会锁定)
      [ASSIGN] white_usv10->black_usv19(机会锁定)
      [ASSIGN] white_usv1->black_usv5(机会锁定)
      [KILL] black_usv8
      [ASSIGN] white_usv4->black_usv7(机会锁定)
      [ASSIGN] white_usv2->black_usv7(机会锁定)
      [ASSIGN] white_usv8->black_usv18(机会锁定)
      [ASSIGN] white_usv10->black_usv20(机会锁定)
      [ASSIGN] white_usv1->black_usv7(机会锁定)
      [ASSIGN] white_usv4->black_usv5(机会锁定)
      [ASSIGN] white_usv2->black_usv5(机会锁定)
      [ASSIGN] white_usv8->black_usv19(机会锁定)
      [ASSIGN] white_usv9->black_usv14(机会锁定)
      [ASSIGN] white_usv10->black_usv19(机会锁定)
      [ASSIGN] white_usv1->black_usv5(机会锁定)
      [ASSIGN] white_usv6->black_usv14(机会锁定)
      [ASSIGN] white_usv4->black_usv7(机会锁定)
      [ASSIGN] white_usv2->black_usv7(机会锁定)
      [ASSIGN] white_usv8->black_usv18(机会锁定)
      [ASSIGN] white_usv10->black_usv20(机会锁定)
      [ASSIGN] white_usv1->black_usv7(机会锁定)
      [ASSIGN] white_usv4->black_usv5(机会锁定)
      [ASSIGN] white_usv2->black_usv5(机会锁定)
      [ASSIGN] white_usv8->black_usv12(机会锁定)
      [ASSIGN] white_usv10->black_usv19(机会锁定)
      [ASSIGN] white_usv1->black_usv5(机会锁定)
[t=8,812s] step=290 | MISSION=NORMAL_C | USV: 9/10 (avail=0 int=5 lock=4 frz=0) | UAV: air=10 rtb=0 chg=0 loiter=0 | TRACKS: vis=13 lost=0 engaged=3 | TOP: black_usv19(x179,370) black_usv5(x181,166) black_usv9(x182,473) | KILL=10 | ACTIONS=19 | INTENT: focus=2 ratio=0.20
      [ASSIGN] white_usv4->black_usv7(机会锁定)
      [ASSIGN] white_usv8->black_usv18(机会锁定)
      [ASSIGN] white_usv10->black_usv20(机会锁定)
      [ASSIGN] white_usv1->black_usv7(机会锁定)
      [ASSIGN] white_usv4->black_usv5(机会锁定)
      [ASSIGN] white_usv8->black_usv12(机会锁定)
      [ASSIGN] white_usv1->black_usv5(机会锁定)
      [ASSIGN] white_usv4->black_usv7(机会锁定)
      [ASSIGN] white_usv8->black_usv18(机会锁定)
      [ASSIGN] white_usv10->black_usv18(机会锁定)
      [ASSIGN] white_usv1->black_usv7(机会锁定)
      [KILL] black_usv9
      [ASSIGN] white_usv4->black_usv5(机会锁定)
      [ASSIGN] white_usv10->black_usv20(机会锁定)
      [KILL] black_usv19
      [KILL] black_usv7
      [ASSIGN] white_usv4->black_usv12(机会锁定)
      [ASSIGN] white_usv7->black_usv12(机会锁定)
      [KILL] black_usv5
      [ASSIGN] white_usv4->black_usv11(机会锁定)
      [ASSIGN] white_usv7->black_usv11(机会锁定)
      [ASSIGN] white_usv5->black_usv11(机会锁定)
      [ASSIGN] white_usv4->black_usv6(机会锁定)
      [ASSIGN] white_usv7->black_usv12(机会锁定)
      [ASSIGN] white_usv5->black_usv6(机会锁定)
      [ASSIGN] white_usv10->black_usv18(机会锁定)
      [ASSIGN] white_usv4->black_usv11(机会锁定)
      [ASSIGN] white_usv7->black_usv11(机会锁定)
      [ASSIGN] white_usv9->black_usv11(机会锁定)
      [ASSIGN] white_usv10->black_usv20(机会锁定)
      [ASSIGN] white_usv6->black_usv11(机会锁定)
      [ASSIGN] white_usv7->black_usv12(机会锁定)
      [ASSIGN] white_usv9->black_usv18(机会锁定)
      [ASSIGN] white_usv10->black_usv18(机会锁定)
      [ASSIGN] white_usv6->black_usv12(机会锁定)
      [ASSIGN] white_usv7->black_usv11(机会锁定)
      [ASSIGN] white_usv9->black_usv11(机会锁定)
      [ASSIGN] white_usv10->black_usv20(机会锁定)
      [ASSIGN] white_usv6->black_usv11(机会锁定)
[t=9,169s] step=300 | MISSION=NORMAL_C | USV: 5/10 (avail=0 int=5 lock=0 frz=0) | UAV: air=10 rtb=0 chg=0 loiter=0 | TRACKS: vis=9 lost=0 engaged=0 | TOP: black_usv20(x176,390) black_usv11(x178,636) black_usv14(x179,022) | KILL=13 | ACTIONS=15 | INTENT: focus=2 ratio=0.20
      [ASSIGN] white_usv7->black_usv12(机会锁定)
      [ASSIGN] white_usv9->black_usv18(机会锁定)
      [ASSIGN] white_usv10->black_usv18(机会锁定)
      [ASSIGN] white_usv6->black_usv12(机会锁定)
      [ASSIGN] white_usv7->black_usv11(机会锁定)
      [ASSIGN] white_usv9->black_usv11(机会锁定)
      [ASSIGN] white_usv10->black_usv20(机会锁定)
      [ASSIGN] white_usv6->black_usv11(机会锁定)
      [KILL] black_usv18
      [KILL] black_usv20
      [ASSIGN] white_usv9->black_usv12(机会锁定)
      [RELEASE] white_usv10->black_usv20(目标失效)
      [ASSIGN] white_usv10->black_usv16(机会锁定)
      [ASSIGN] white_usv6->black_usv12(机会锁定)
      [ASSIGN] white_usv9->black_usv14(机会锁定)
      [ASSIGN] white_usv10->black_usv15(机会锁定)
      [ASSIGN] white_usv6->black_usv14(机会锁定)
      [KILL] black_usv12
      [ASSIGN] white_usv9->black_usv11(机会锁定)
      [ASSIGN] white_usv6->black_usv11(机会锁定)
      [ASSIGN] white_usv7->black_usv6(机会锁定)
      [ASSIGN] white_usv9->black_usv6(机会锁定)
      [ASSIGN] white_usv6->black_usv6(机会锁定)
      [ASSIGN] white_usv7->black_usv11(机会锁定)
      [ASSIGN] white_usv9->black_usv11(机会锁定)
      [ASSIGN] white_usv6->black_usv11(机会锁定)
      [ASSIGN] white_usv7->black_usv6(机会锁定)
      [ASSIGN] white_usv6->black_usv6(机会锁定)
      [ASSIGN] white_usv7->black_usv11(机会锁定)
      [ASSIGN] white_usv6->black_usv11(机会锁定)
      [ASSIGN] white_usv7->black_usv14(机会锁定)
      [ASSIGN] white_usv6->black_usv6(机会锁定)
[t=9,555s] step=310 | MISSION=NORMAL_C | USV: 5/10 (avail=0 int=4 lock=1 frz=0) | UAV: air=10 rtb=0 chg=0 loiter=0 | TRACKS: vis=6 lost=0 engaged=1 | TOP: black_usv16(x175,186) black_usv14(x179,022) black_usv17(x176,986) | KILL=13 | ACTIONS=15 | INTENT: focus=2 ratio=0.20
      [KILL] black_usv11
      [KILL] black_usv6
      [RELEASE] white_usv5->black_usv6(目标失效)
      [RELEASE] white_usv9->black_usv11(目标失效)
      [RELEASE] white_usv6->black_usv6(目标失效)
      [ASSIGN] white_usv5->black_usv16
      [ASSIGN] white_usv9->black_usv16
      [ASSIGN] white_usv6->black_usv17
      [KILL] black_usv14
      [RELEASE] white_usv7->black_usv14(目标失效)
      [ASSIGN] white_usv7->black_usv15(机会锁定)
      [ASSIGN] white_usv9->black_usv15(机会锁定)
      [ASSIGN] white_usv10->black_usv17(机会锁定)
      [ASSIGN] white_usv10->black_usv15(机会锁定)
      [ASSIGN] white_usv7->black_usv16(机会锁定)
      [ASSIGN] white_usv10->black_usv16(机会锁定)
      [ASSIGN] white_usv6->black_usv15(机会锁定)
[t=9,959s] step=320 | MISSION=NORMAL_C | USV: 5/10 (avail=0 int=3 lock=2 frz=0) | UAV: air=10 rtb=0 chg=0 loiter=0 | TRACKS: vis=3 lost=0 engaged=1 | TOP: black_usv17(x174,813) black_usv16(x172,982) black_usv15(x176,052) | KILL=14 | ACTIONS=15 | INTENT: focus=2 ratio=0.20
      [ASSIGN] white_usv9->black_usv17(机会锁定)
      [ASSIGN] white_usv5->black_usv15(机会锁定)
      [ASSIGN] white_usv7->black_usv17(机会锁定)
      [ASSIGN] white_usv6->black_usv16(机会锁定)
      [KILL] black_usv15
      [RELEASE] white_usv5->black_usv15(目标失效)
      [ASSIGN] white_usv5->black_usv16
[t=10,372s] step=330 | MISSION=NORMAL_C | USV: 5/10 (avail=0 int=1 lock=4 frz=0) | UAV: air=10 rtb=0 chg=0 loiter=0 | TRACKS: vis=2 lost=0 engaged=2 | TOP: black_usv16(x171,946) black_usv17(x172,591) | KILL=14 | ACTIONS=15 | INTENT: focus=2 ratio=0.20
      [ASSIGN] white_usv10->black_usv17(机会锁定)
      [ASSIGN] white_usv6->black_usv17(机会锁定)
      [ASSIGN] white_usv7->black_usv16(机会锁定)
      [ASSIGN] white_usv9->black_usv16(机会锁定)
      [ASSIGN] white_usv10->black_usv16(机会锁定)
      [ASSIGN] white_usv6->black_usv16(机会锁定)
      [ASSIGN] white_usv7->black_usv17(机会锁定)
      [ASSIGN] white_usv5->black_usv17(机会锁定)
      [ASSIGN] white_usv9->black_usv17(机会锁定)
      [ASSIGN] white_usv10->black_usv17(机会锁定)
      [ASSIGN] white_usv6->black_usv17(机会锁定)
      [ASSIGN] white_usv7->black_usv16(机会锁定)
      [ASSIGN] white_usv5->black_usv16(机会锁定)
      [ASSIGN] white_usv9->black_usv16(机会锁定)
      [ASSIGN] white_usv10->black_usv16(机会锁定)
      [ASSIGN] white_usv6->black_usv16(机会锁定)
      [ASSIGN] white_usv7->black_usv17(机会锁定)
      [ASSIGN] white_usv5->black_usv17(机会锁定)
      [ASSIGN] white_usv9->black_usv17(机会锁定)
      [ASSIGN] white_usv10->black_usv17(机会锁定)
      [ASSIGN] white_usv6->black_usv17(机会锁定)
      [ASSIGN] white_usv7->black_usv16(机会锁定)
      [ASSIGN] white_usv5->black_usv16(机会锁定)
      [ASSIGN] white_usv9->black_usv16(机会锁定)
      [ASSIGN] white_usv10->black_usv16(机会锁定)
      [ASSIGN] white_usv6->black_usv16(机会锁定)
      [ASSIGN] white_usv5->black_usv17(机会锁定)
      [ASSIGN] white_usv9->black_usv17(机会锁定)
      [ASSIGN] white_usv6->black_usv17(机会锁定)
[t=10,818s] step=340 | MISSION=NORMAL_C | USV: 5/10 (avail=0 int=5 lock=0 frz=0) | UAV: air=10 rtb=0 chg=0 loiter=0 | TRACKS: vis=2 lost=0 engaged=0 | TOP: black_usv17(x172,027) black_usv16(x171,531) | KILL=16 | ACTIONS=15 | INTENT: focus=2 ratio=0.20
      [ASSIGN] white_usv5->black_usv16(机会锁定)
      [ASSIGN] white_usv9->black_usv16(机会锁定)
      [ASSIGN] white_usv6->black_usv16(机会锁定)
      [ASSIGN] white_usv5->black_usv17(机会锁定)
      [ASSIGN] white_usv9->black_usv17(机会锁定)
      [ASSIGN] white_usv6->black_usv17(机会锁定)
      [ASSIGN] white_usv5->black_usv16(机会锁定)
      [ASSIGN] white_usv9->black_usv16(机会锁定)
      [ASSIGN] white_usv6->black_usv16(机会锁定)
      [ASSIGN] white_usv5->black_usv17(机会锁定)
      [ASSIGN] white_usv9->black_usv17(机会锁定)
      [ASSIGN] white_usv6->black_usv17(机会锁定)
      [ASSIGN] white_usv5->black_usv16(机会锁定)
      [ASSIGN] white_usv9->black_usv16(机会锁定)
      [ASSIGN] white_usv6->black_usv16(机会锁定)
      [ASSIGN] white_usv7->black_usv17(机会锁定)
      [ASSIGN] white_usv5->black_usv17(机会锁定)
      [ASSIGN] white_usv9->black_usv17(机会锁定)
      [ASSIGN] white_usv10->black_usv17(机会锁定)
      [ASSIGN] white_usv6->black_usv17(机会锁定)
      [KILL] black_usv17
      [RELEASE] white_usv7->black_usv17(目标失效)
      [ASSIGN] white_usv7->black_usv16(机会锁定)
      [RELEASE] white_usv5->black_usv17(目标失效)
      [ASSIGN] white_usv5->black_usv16(机会锁定)
      [RELEASE] white_usv9->black_usv17(目标失效)
      [ASSIGN] white_usv9->black_usv16(机会锁定)
      [RELEASE] white_usv10->black_usv17(目标失效)
      [ASSIGN] white_usv10->black_usv16(机会锁定)
      [RELEASE] white_usv6->black_usv17(目标失效)
      [ASSIGN] white_usv6->black_usv16(机会锁定)
      [KILL] black_usv16
      [RELEASE] white_usv7->black_usv16(目标失效)
      [RELEASE] white_usv5->black_usv16(目标失效)
      [RELEASE] white_usv9->black_usv16(目标失效)
      [RELEASE] white_usv10->black_usv16(目标失效)
      [RELEASE] white_usv6->black_usv16(目标失效)
[t=11,247s] step=350 | MISSION=NORMAL_C | USV: 5/10 (avail=5 int=0 lock=0 frz=0) | UAV: air=10 rtb=0 chg=0 loiter=0 | TRACKS: vis=0 lost=0 engaged=0 | TOP:  | KILL=16 | ACTIONS=15 | INTENT: focus=2 ratio=0.20
[t=11,697s] step=360 | MISSION=GLOBAL_R | USV: 5/10 (avail=5 int=0 lock=0 frz=0) | UAV: air=10 rtb=0 chg=0 loiter=0 | TRACKS: vis=0 lost=0 engaged=0 | TOP:  | KILL=16 | ACTIONS=15 | INTENT: focus=2 ratio=0.20
[t=12,152s] step=370 | MISSION=GLOBAL_R | USV: 5/10 (avail=5 int=0 lock=0 frz=0) | UAV: air=10 rtb=0 chg=0 loiter=0 | TRACKS: vis=0 lost=0 engaged=0 | TOP:  | KILL=16 | ACTIONS=15 | INTENT: focus=2 ratio=0.20
[t=12,601s] step=380 | MISSION=GLOBAL_R | USV: 5/10 (avail=5 int=0 lock=0 frz=0) | UAV: air=10 rtb=0 chg=0 loiter=0 | TRACKS: vis=0 lost=0 engaged=0 | TOP:  | KILL=16 | ACTIONS=15 | INTENT: focus=2 ratio=0.20
[t=13,047s] step=390 | MISSION=GLOBAL_R | USV: 5/10 (avail=5 int=0 lock=0 frz=0) | UAV: air=10 rtb=0 chg=0 loiter=0 | TRACKS: vis=0 lost=0 engaged=0 | TOP:  | KILL=16 | ACTIONS=15 | INTENT: focus=2 ratio=0.20
[t=13,490s] step=400 | MISSION=GLOBAL_R | USV: 5/10 (avail=5 int=0 lock=0 frz=0) | UAV: air=10 rtb=0 chg=0 loiter=0 | TRACKS: vis=0 lost=0 engaged=0 | TOP:  | KILL=16 | ACTIONS=15 | INTENT: focus=2 ratio=0.20
[t=13,956s] step=410 | MISSION=GLOBAL_R | USV: 5/10 (avail=5 int=0 lock=0 frz=0) | UAV: air=10 rtb=0 chg=0 loiter=0 | TRACKS: vis=0 lost=0 engaged=0 | TOP:  | KILL=16 | ACTIONS=15 | INTENT: focus=2 ratio=0.20
[t=14,418s] step=420 | MISSION=GLOBAL_R | USV: 5/10 (avail=5 int=0 lock=0 frz=0) | UAV: air=10 rtb=0 chg=0 loiter=0 | TRACKS: vis=0 lost=0 engaged=0 | TOP:  | KILL=16 | ACTIONS=15 | INTENT: focus=2 ratio=0.20
[t=14,881s] step=430 | MISSION=GLOBAL_R | USV: 5/10 (avail=5 int=0 lock=0 frz=0) | UAV: air=10 rtb=0 chg=0 loiter=0 | TRACKS: vis=0 lost=0 engaged=0 | TOP:  | KILL=16 | ACTIONS=15 | INTENT: focus=2 ratio=0.20
[t=15,347s] step=440 | MISSION=GLOBAL_R | USV: 5/10 (avail=5 int=0 lock=0 frz=0) | UAV: air=10 rtb=0 chg=0 loiter=0 | TRACKS: vis=0 lost=0 engaged=0 | TOP:  | KILL=16 | ACTIONS=15 | INTENT: focus=2 ratio=0.20
[t=15,807s] step=450 | MISSION=GLOBAL_R | USV: 5/10 (avail=5 int=0 lock=0 frz=0) | UAV: air=10 rtb=0 chg=0 loiter=0 | TRACKS: vis=0 lost=0 engaged=0 | TOP:  | KILL=16 | ACTIONS=15 | INTENT: focus=2 ratio=0.20
[t=16,252s] step=460 | MISSION=GLOBAL_R | USV: 5/10 (avail=5 int=0 lock=0 frz=0) | UAV: air=10 rtb=0 chg=0 loiter=0 | TRACKS: vis=0 lost=0 engaged=0 | TOP:  | KILL=16 | ACTIONS=15 | INTENT: focus=2 ratio=0.20
[t=16,699s] step=470 | MISSION=GLOBAL_R | USV: 5/10 (avail=5 int=0 lock=0 frz=0) | UAV: air=10 rtb=0 chg=0 loiter=0 | TRACKS: vis=0 lost=0 engaged=0 | TOP:  | KILL=16 | ACTIONS=15 | INTENT: focus=2 ratio=0.20
[t=17,164s] step=480 | MISSION=GLOBAL_R | USV: 5/10 (avail=5 int=0 lock=0 frz=0) | UAV: air=10 rtb=0 chg=0 loiter=0 | TRACKS: vis=0 lost=0 engaged=0 | TOP:  | KILL=16 | ACTIONS=15 | INTENT: focus=2 ratio=0.20
      [DETECT] black_usv2
      [DETECT] black_usv1
      [DETECT] black_usv3
      [DETECT] black_usv4
      [ASSIGN] white_usv7->black_usv1
      [ASSIGN] white_usv5->black_usv3
      [ASSIGN] white_usv9->black_usv2
      [ASSIGN] white_usv10->black_usv4
[t=17,620s] step=490 | MISSION=NORMAL_C | USV: 5/10 (avail=5 int=0 lock=0 frz=0) | UAV: air=10 rtb=0 chg=0 loiter=0 | TRACKS: vis=4 lost=0 engaged=0 | TOP: black_usv1(x205,904) black_usv3(x205,964) black_usv4(x217,400) | KILL=16 | ACTIONS=15 | INTENT: focus=2 ratio=0.20
      [ASSIGN] white_usv6->black_usv1
[t=18,075s] step=500 | MISSION=NORMAL_C | USV: 5/10 (avail=0 int=5 lock=0 frz=0) | UAV: air=10 rtb=0 chg=0 loiter=0 | TRACKS: vis=4 lost=0 engaged=0 | TOP: black_usv3(x204,571) black_usv4(x216,302) black_usv2(x225,505) | KILL=16 | ACTIONS=15 | INTENT: focus=2 ratio=0.20
[t=18,496s] step=510 | MISSION=NORMAL_C | USV: 5/10 (avail=0 int=5 lock=0 frz=0) | UAV: air=10 rtb=0 chg=0 loiter=0 | TRACKS: vis=0 lost=4 engaged=0 | TOP: black_usv3(x203,280) black_usv4(x215,284) black_usv2(x224,702) | KILL=16 | ACTIONS=15 | INTENT: focus=2 ratio=0.20
[t=18,956s] step=520 | MISSION=NORMAL_C | USV: 5/10 (avail=0 int=5 lock=0 frz=0) | UAV: air=10 rtb=0 chg=0 loiter=0 | TRACKS: vis=4 lost=0 engaged=0 | TOP: black_usv3(x201,870) black_usv4(x214,172) black_usv2(x223,824) | KILL=16 | ACTIONS=15 | INTENT: focus=2 ratio=0.20
[t=19,420s] step=530 | MISSION=NORMAL_C | USV: 5/10 (avail=0 int=5 lock=0 frz=0) | UAV: air=10 rtb=0 chg=0 loiter=0 | TRACKS: vis=0 lost=4 engaged=0 | TOP: black_usv3(x200,447) black_usv4(x213,051) black_usv2(x222,939) | KILL=16 | ACTIONS=15 | INTENT: focus=2 ratio=0.20
[t=19,792s] step=540 | MISSION=NORMAL_C | USV: 5/10 (avail=0 int=5 lock=0 frz=0) | UAV: air=10 rtb=0 chg=0 loiter=0 | TRACKS: vis=4 lost=0 engaged=0 | TOP: black_usv3(x199,305) black_usv4(x212,150) black_usv2(x222,228) | KILL=16 | ACTIONS=15 | INTENT: focus=2 ratio=0.20
[t=20,046s] step=550 | MISSION=NORMAL_C | USV: 5/10 (avail=0 int=5 lock=0 frz=0) | UAV: air=10 rtb=0 chg=0 loiter=0 | TRACKS: vis=4 lost=0 engaged=0 | TOP: black_usv3(x198,525) black_usv4(x211,536) black_usv2(x221,743) | KILL=16 | ACTIONS=15 | INTENT: focus=2 ratio=0.20
[t=20,300s] step=560 | MISSION=NORMAL_C | USV: 5/10 (avail=0 int=5 lock=0 frz=0) | UAV: air=10 rtb=0 chg=0 loiter=0 | TRACKS: vis=4 lost=0 engaged=0 | TOP: black_usv3(x197,746) black_usv4(x210,921) black_usv2(x221,258) | KILL=16 | ACTIONS=15 | INTENT: focus=2 ratio=0.20
[t=20,570s] step=570 | MISSION=NORMAL_C | USV: 5/10 (avail=0 int=5 lock=0 frz=0) | UAV: air=10 rtb=0 chg=0 loiter=0 | TRACKS: vis=4 lost=0 engaged=0 | TOP: black_usv3(x196,920) black_usv4(x210,270) black_usv2(x220,743) | KILL=16 | ACTIONS=15 | INTENT: focus=2 ratio=0.20
[t=20,835s] step=580 | MISSION=NORMAL_C | USV: 5/10 (avail=0 int=5 lock=0 frz=0) | UAV: air=10 rtb=0 chg=0 loiter=0 | TRACKS: vis=4 lost=0 engaged=0 | TOP: black_usv3(x196,105) black_usv4(x209,628) black_usv2(x220,237) | KILL=16 | ACTIONS=15 | INTENT: focus=2 ratio=0.20
[t=21,085s] step=590 | MISSION=NORMAL_C | USV: 5/10 (avail=0 int=5 lock=0 frz=0) | UAV: air=10 rtb=0 chg=0 loiter=0 | TRACKS: vis=4 lost=0 engaged=0 | TOP: black_usv3(x195,339) black_usv4(x209,024) black_usv2(x219,760) | KILL=16 | ACTIONS=15 | INTENT: focus=2 ratio=0.20
[t=21,352s] step=600 | MISSION=NORMAL_C | USV: 5/10 (avail=0 int=5 lock=0 frz=0) | UAV: air=10 rtb=0 chg=0 loiter=0 | TRACKS: vis=4 lost=0 engaged=0 | TOP: black_usv3(x194,520) black_usv4(x208,378) black_usv2(x219,250) | KILL=16 | ACTIONS=15 | INTENT: focus=2 ratio=0.20
[t=21,612s] step=610 | MISSION=NORMAL_C | USV: 5/10 (avail=0 int=5 lock=0 frz=0) | UAV: air=10 rtb=0 chg=0 loiter=0 | TRACKS: vis=3 lost=1 engaged=0 | TOP: black_usv3(x193,726) black_usv4(x207,752) black_usv2(x218,755) | KILL=16 | ACTIONS=15 | INTENT: focus=2 ratio=0.20
[t=21,897s] step=620 | MISSION=NORMAL_C | USV: 5/10 (avail=0 int=5 lock=0 frz=0) | UAV: air=10 rtb=0 chg=0 loiter=0 | TRACKS: vis=4 lost=0 engaged=0 | TOP: black_usv3(x192,852) black_usv4(x207,064) black_usv2(x218,212) | KILL=16 | ACTIONS=15 | INTENT: focus=2 ratio=0.20
[t=22,162s] step=630 | MISSION=NORMAL_C | USV: 5/10 (avail=0 int=5 lock=0 frz=0) | UAV: air=10 rtb=0 chg=0 loiter=0 | TRACKS: vis=4 lost=0 engaged=0 | TOP: black_usv3(x192,037) black_usv4(x206,421) black_usv2(x217,705) | KILL=16 | ACTIONS=15 | INTENT: focus=2 ratio=0.20
[t=22,446s] step=640 | MISSION=NORMAL_C | USV: 5/10 (avail=0 int=5 lock=0 frz=0) | UAV: air=10 rtb=0 chg=0 loiter=0 | TRACKS: vis=3 lost=1 engaged=0 | TOP: black_usv3(x191,169) black_usv4(x205,737) black_usv2(x217,163) | KILL=16 | ACTIONS=15 | INTENT: focus=2 ratio=0.20
      [UAV RTB] white_uav6(电量2423<2132+300)
[t=22,724s] step=650 | MISSION=NORMAL_C | USV: 5/10 (avail=0 int=5 lock=0 frz=0) | UAV: air=9 rtb=1 chg=0 loiter=0 | TRACKS: vis=4 lost=0 engaged=0 | TOP: black_usv3(x190,314) black_usv4(x205,062) black_usv2(x216,633) | KILL=16 | ACTIONS=15 | INTENT: focus=2 ratio=0.20
[t=22,995s] step=660 | MISSION=NORMAL_C | USV: 5/10 (avail=0 int=5 lock=0 frz=0) | UAV: air=9 rtb=1 chg=0 loiter=0 | TRACKS: vis=4 lost=0 engaged=0 | TOP: black_usv3(x189,482) black_usv4(x204,407) black_usv2(x216,116) | KILL=16 | ACTIONS=15 | INTENT: focus=2 ratio=0.20
[t=23,275s] step=670 | MISSION=NORMAL_C | USV: 5/10 (avail=0 int=5 lock=0 frz=0) | UAV: air=9 rtb=1 chg=0 loiter=0 | TRACKS: vis=3 lost=1 engaged=0 | TOP: black_usv3(x188,626) black_usv4(x203,732) black_usv2(x215,583) | KILL=16 | ACTIONS=15 | INTENT: focus=2 ratio=0.20
[t=23,556s] step=680 | MISSION=NORMAL_C | USV: 5/10 (avail=0 int=5 lock=0 frz=0) | UAV: air=9 rtb=1 chg=0 loiter=0 | TRACKS: vis=4 lost=0 engaged=0 | TOP: black_usv3(x187,765) black_usv4(x203,053) black_usv2(x215,047) | KILL=16 | ACTIONS=15 | INTENT: focus=2 ratio=0.20
      [UAV RTB] white_uav7(电量1380<1108+300)
      [UAV RTB] white_uav8(电量1353<1079+300)
      [UAV RTB] white_uav9(电量1355<1060+300)
      [UAV RTB] white_uav3(电量1325<1034+300)
      [UAV RTB] white_uav5(电量1326<1060+300)
      [UAV RTB] white_uav4(电量1326<1040+300)
      [UAV RTB] white_uav1(电量1295<1021+300)
      [UAV RTB] white_uav10(电量1300<1022+300)
      [UAV RTB] white_uav2(电量1263<1016+300)
[t=23,838s] step=690 | MISSION=NORMAL_C | USV: 5/10 (avail=0 int=5 lock=0 frz=0) | UAV: air=0 rtb=10 chg=0 loiter=0 | TRACKS: vis=0 lost=4 engaged=0 | TOP: black_usv3(x186,899) black_usv4(x202,371) black_usv2(x214,508) | KILL=16 | ACTIONS=15 | INTENT: focus=2 ratio=0.20
      [RELEASE] white_usv9->black_usv2(目标失效)
      [ASSIGN] white_usv9->black_usv3
      [RELEASE] white_usv7->black_usv1(目标失效)
      [RELEASE] white_usv5->black_usv3(目标失效)
      [RELEASE] white_usv9->black_usv3(目标失效)
      [RELEASE] white_usv10->black_usv4(目标失效)
      [RELEASE] white_usv6->black_usv1(目标失效)
[t=24,120s] step=700 | MISSION=NORMAL_C | USV: 5/10 (avail=5 int=0 lock=0 frz=0) | UAV: air=0 rtb=10 chg=0 loiter=0 | TRACKS: vis=0 lost=0 engaged=0 | TOP:  | KILL=16 | ACTIONS=15 | INTENT: focus=2 ratio=0.20
[t=24,390s] step=710 | MISSION=GLOBAL_R | USV: 5/10 (avail=5 int=0 lock=0 frz=0) | UAV: air=0 rtb=10 chg=0 loiter=0 | TRACKS: vis=0 lost=0 engaged=0 | TOP:  | KILL=16 | ACTIONS=15 | INTENT: focus=2 ratio=0.20
      [UAV LAND] white_uav6->white_usv7
      [UAV RTB] white_uav6(电量341<66+300)
[t=24,673s] step=720 | MISSION=GLOBAL_R | USV: 5/10 (avail=5 int=0 lock=0 frz=0) | UAV: air=0 rtb=10 chg=0 loiter=0 | TRACKS: vis=0 lost=0 engaged=0 | TOP:  | KILL=16 | ACTIONS=15 | INTENT: focus=2 ratio=0.20
      [UAV LAND] white_uav3->white_usv7
      [UAV LAND] white_uav9->white_usv7
      [UAV LAND] white_uav10->white_usv7
      [UAV LAND] white_uav6->white_usv7
      [UAV LAND] white_uav7->white_usv7
      [UAV LAND] white_uav1->white_usv7
      [UAV RTB] white_uav3(电量286<2+300)
      [UAV LAND] white_uav3->white_usv7
      [UAV LAND] white_uav8->white_usv7
      [UAV LAND] white_uav5->white_usv7
      [UAV LAND] white_uav4->white_usv7
      [UAV RTB] white_uav9(电量288<3+300)
      [UAV LAND] white_uav9->white_usv7
      [UAV RTB] white_uav10(电量289<11+300)
      [UAV LAND] white_uav10->white_usv7
      [UAV RTB] white_uav6(电量243<14+300)
      [UAV LAND] white_uav6->white_usv7
      [UAV RTB] white_uav7(电量244<3+300)
      [UAV LAND] white_uav7->white_usv7
      [UAV RTB] white_uav1(电量244<3+300)
      [UAV LAND] white_uav1->white_usv7
      [UAV LAND] white_uav2->white_usv7
      [UAV RTB] white_uav3(电量246<7+300)
      [UAV LAND] white_uav3->white_usv7
      [UAV RTB] white_uav8(电量246<5+300)
      [UAV LAND] white_uav8->white_usv7
      [UAV RTB] white_uav5(电量247<2+300)
      [UAV LAND] white_uav5->white_usv7
      [UAV RTB] white_uav4(电量247<11+300)
      [UAV LAND] white_uav4->white_usv7
      [UAV RTB] white_uav9(电量248<5+300)
      [UAV LAND] white_uav9->white_usv7
      [UAV RTB] white_uav10(电量249<6+300)
      [UAV LAND] white_uav10->white_usv7
      [UAV RTB] white_uav6(电量205<14+300)
      [UAV LAND] white_uav6->white_usv7
      [UAV RTB] white_uav7(电量206<5+300)
      [UAV LAND] white_uav7->white_usv7
      [UAV RTB] white_uav1(电量206<4+300)
      [UAV LAND] white_uav1->white_usv7
      [UAV RTB] white_uav2(电量207<6+300)
      [UAV LAND] white_uav2->white_usv7
      [UAV RTB] white_uav3(电量208<15+300)
      [UAV LAND] white_uav3->white_usv7
      [UAV RTB] white_uav8(电量208<7+300)
      [UAV LAND] white_uav8->white_usv7
      [UAV RTB] white_uav5(电量209<4+300)
      [UAV LAND] white_uav5->white_usv7
      [UAV RTB] white_uav4(电量209<5+300)
      [UAV LAND] white_uav4->white_usv7
      [UAV RTB] white_uav9(电量210<7+300)
      [UAV LAND] white_uav9->white_usv7
      [UAV RTB] white_uav10(电量211<1+300)
      [UAV LAND] white_uav10->white_usv7
      [UAV RTB] white_uav6(电量166<3+300)
      [UAV LAND] white_uav6->white_usv7
      [UAV RTB] white_uav7(电量167<8+300)
      [UAV LAND] white_uav7->white_usv7
      [UAV RTB] white_uav1(电量167<7+300)
      [UAV LAND] white_uav1->white_usv7
      [UAV RTB] white_uav2(电量168<4+300)
      [UAV LAND] white_uav2->white_usv7
      [UAV RTB] white_uav3(电量169<4+300)
      [UAV LAND] white_uav3->white_usv7
      [UAV RTB] white_uav8(电量169<4+300)
      [UAV LAND] white_uav8->white_usv7
      [UAV RTB] white_uav5(电量170<7+300)
      [UAV LAND] white_uav5->white_usv7
      [UAV RTB] white_uav4(电量170<4+300)
      [UAV LAND] white_uav4->white_usv7
      [UAV RTB] white_uav9(电量171<4+300)
      [UAV LAND] white_uav9->white_usv7
      [UAV RTB] white_uav10(电量172<18+300)
      [UAV LAND] white_uav10->white_usv7
      [UAV RTB] white_uav6(电量130<9+300)
      [UAV LAND] white_uav6->white_usv7
      [UAV RTB] white_uav7(电量131<8+300)
      [UAV LAND] white_uav7->white_usv7
      [UAV RTB] white_uav1(电量131<2+300)
      [UAV LAND] white_uav1->white_usv7
      [UAV RTB] white_uav2(电量132<6+300)
      [UAV LAND] white_uav2->white_usv7
      [UAV RTB] white_uav3(电量133<8+300)
      [UAV LAND] white_uav3->white_usv7
      [UAV RTB] white_uav8(电量133<7+300)
      [UAV LAND] white_uav8->white_usv7
      [UAV RTB] white_uav5(电量134<2+300)
      [UAV LAND] white_uav5->white_usv7
      [UAV RTB] white_uav4(电量134<18+300)
      [UAV LAND] white_uav4->white_usv7
      [UAV RTB] white_uav9(电量135<6+300)
      [UAV LAND] white_uav9->white_usv7
      [UAV RTB] white_uav10(电量136<7+300)
      [UAV LAND] white_uav10->white_usv7
      [UAV RTB] white_uav6(电量94<11+300)
      [UAV LAND] white_uav6->white_usv7
      [UAV RTB] white_uav7(电量95<2+300)
      [UAV LAND] white_uav7->white_usv7
      [UAV RTB] white_uav1(电量95<3+300)
      [UAV LAND] white_uav1->white_usv7
      [UAV RTB] white_uav2(电量96<12+300)
      [UAV LAND] white_uav2->white_usv7
      [UAV RTB] white_uav3(电量97<19+300)
      [UAV LAND] white_uav3->white_usv7
      [UAV RTB] white_uav8(电量97<5+300)
      [UAV LAND] white_uav8->white_usv7
      [UAV RTB] white_uav5(电量98<5+300)
      [UAV LAND] white_uav5->white_usv7
      [UAV RTB] white_uav4(电量98<7+300)
      [UAV LAND] white_uav4->white_usv7
      [UAV RTB] white_uav9(电量99<7+300)
      [UAV LAND] white_uav9->white_usv7
      [UAV RTB] white_uav10(电量100<2+300)
      [UAV LAND] white_uav10->white_usv7
      [UAV RTB] white_uav6(电量47<1+300)
      [UAV LAND] white_uav6->white_usv7
      [UAV RTB] white_uav7(电量48<10+300)
      [UAV LAND] white_uav7->white_usv7
      [UAV RTB] white_uav1(电量48<9+300)
      [UAV LAND] white_uav1->white_usv7
      [UAV RTB] white_uav2(电量49<1+300)
      [UAV LAND] white_uav2->white_usv7
      [UAV RTB] white_uav3(电量50<5+300)
      [UAV LAND] white_uav3->white_usv7
      [UAV RTB] white_uav8(电量50<3+300)
      [UAV LAND] white_uav8->white_usv7
      [UAV RTB] white_uav5(电量51<10+300)
      [UAV LAND] white_uav5->white_usv7
      [UAV RTB] white_uav4(电量51<5+300)
      [UAV LAND] white_uav4->white_usv7
      [UAV RTB] white_uav9(电量52<7+300)
      [UAV LAND] white_uav9->white_usv7
      [UAV RTB] white_uav10(电量53<24+300)
      [UAV RTB] white_uav6(电量10<11+300)
      [UAV RTB] white_uav7(电量11<14+300)
      [UAV LAND] white_uav7->white_usv7
      [UAV RTB] white_uav1(电量11<1+300)
      [UAV LAND] white_uav1->white_usv7
      [UAV RTB] white_uav2(电量12<7+300)
      [UAV LAND] white_uav2->white_usv7
      [UAV RTB] white_uav3(电量13<9+300)
      [UAV LAND] white_uav3->white_usv7
      [UAV RTB] white_uav8(电量13<10+300)
      [UAV LAND] white_uav8->white_usv7
      [UAV RTB] white_uav5(电量14<1+300)
      [UAV LAND] white_uav5->white_usv7
      [UAV RTB] white_uav4(电量14<20+300)
      [UAV LAND] white_uav4->white_usv7
      [UAV RTB] white_uav9(电量15<5+300)
      [UAV LAND] white_uav9->white_usv7
      [UAV LAND] white_uav10->white_usv7
[t=25,029s] step=730 | MISSION=GLOBAL_R | USV: 5/10 (avail=5 int=0 lock=0 frz=0) | UAV: air=0 rtb=0 chg=0 loiter=0 | TRACKS: vis=0 lost=0 engaged=0 | TOP:  | KILL=16 | ACTIONS=5 | INTENT: focus=2 ratio=0.20
[t=25,236s] step=740 | MISSION=GLOBAL_R | USV: 5/10 (avail=5 int=0 lock=0 frz=0) | UAV: air=0 rtb=0 chg=0 loiter=0 | TRACKS: vis=0 lost=0 engaged=0 | TOP:  | KILL=16 | ACTIONS=5 | INTENT: focus=2 ratio=0.20
[t=25,452s] step=750 | MISSION=GLOBAL_R | USV: 5/10 (avail=5 int=0 lock=0 frz=0) | UAV: air=0 rtb=0 chg=0 loiter=0 | TRACKS: vis=0 lost=0 engaged=0 | TOP:  | KILL=16 | ACTIONS=5 | INTENT: focus=2 ratio=0.20
[t=25,661s] step=760 | MISSION=GLOBAL_R | USV: 5/10 (avail=5 int=0 lock=0 frz=0) | UAV: air=0 rtb=0 chg=0 loiter=0 | TRACKS: vis=0 lost=0 engaged=0 | TOP:  | KILL=16 | ACTIONS=5 | INTENT: focus=2 ratio=0.20
[t=25,871s] step=770 | MISSION=GLOBAL_R | USV: 5/10 (avail=5 int=0 lock=0 frz=0) | UAV: air=0 rtb=0 chg=0 loiter=0 | TRACKS: vis=0 lost=0 engaged=0 | TOP:  | KILL=16 | ACTIONS=5 | INTENT: focus=2 ratio=0.20
[t=26,081s] step=780 | MISSION=GLOBAL_R | USV: 5/10 (avail=5 int=0 lock=0 frz=0) | UAV: air=0 rtb=0 chg=0 loiter=0 | TRACKS: vis=0 lost=0 engaged=0 | TOP:  | KILL=16 | ACTIONS=5 | INTENT: focus=2 ratio=0.20
[t=26,284s] step=790 | MISSION=GLOBAL_R | USV: 5/10 (avail=5 int=0 lock=0 frz=0) | UAV: air=0 rtb=0 chg=0 loiter=0 | TRACKS: vis=0 lost=0 engaged=0 | TOP:  | KILL=16 | ACTIONS=5 | INTENT: focus=2 ratio=0.20
[t=26,490s] step=800 | MISSION=GLOBAL_R | USV: 5/10 (avail=5 int=0 lock=0 frz=0) | UAV: air=0 rtb=0 chg=0 loiter=0 | TRACKS: vis=0 lost=0 engaged=0 | TOP:  | KILL=16 | ACTIONS=5 | INTENT: focus=2 ratio=0.20
[t=26,703s] step=810 | MISSION=GLOBAL_R | USV: 5/10 (avail=5 int=0 lock=0 frz=0) | UAV: air=0 rtb=0 chg=0 loiter=0 | TRACKS: vis=0 lost=0 engaged=0 | TOP:  | KILL=16 | ACTIONS=5 | INTENT: focus=2 ratio=0.20
[t=26,917s] step=820 | MISSION=GLOBAL_R | USV: 5/10 (avail=5 int=0 lock=0 frz=0) | UAV: air=0 rtb=0 chg=0 loiter=0 | TRACKS: vis=0 lost=0 engaged=0 | TOP:  | KILL=16 | ACTIONS=5 | INTENT: focus=2 ratio=0.20
[t=27,128s] step=830 | MISSION=GLOBAL_R | USV: 5/10 (avail=5 int=0 lock=0 frz=0) | UAV: air=0 rtb=0 chg=0 loiter=0 | TRACKS: vis=0 lost=0 engaged=0 | TOP:  | KILL=16 | ACTIONS=5 | INTENT: focus=2 ratio=0.20
[t=27,347s] step=840 | MISSION=GLOBAL_R | USV: 5/10 (avail=5 int=0 lock=0 frz=0) | UAV: air=0 rtb=0 chg=0 loiter=0 | TRACKS: vis=0 lost=0 engaged=0 | TOP:  | KILL=16 | ACTIONS=5 | INTENT: focus=2 ratio=0.20
[t=27,563s] step=850 | MISSION=GLOBAL_R | USV: 5/10 (avail=5 int=0 lock=0 frz=0) | UAV: air=0 rtb=0 chg=0 loiter=0 | TRACKS: vis=0 lost=0 engaged=0 | TOP:  | KILL=16 | ACTIONS=5 | INTENT: focus=2 ratio=0.20
[t=27,769s] step=860 | MISSION=GLOBAL_R | USV: 5/10 (avail=5 int=0 lock=0 frz=0) | UAV: air=0 rtb=0 chg=0 loiter=0 | TRACKS: vis=0 lost=0 engaged=0 | TOP:  | KILL=16 | ACTIONS=5 | INTENT: focus=2 ratio=0.20
[t=27,972s] step=870 | MISSION=GLOBAL_R | USV: 5/10 (avail=5 int=0 lock=0 frz=0) | UAV: air=0 rtb=0 chg=0 loiter=0 | TRACKS: vis=0 lost=0 engaged=0 | TOP:  | KILL=16 | ACTIONS=5 | INTENT: focus=2 ratio=0.20
[t=28,192s] step=880 | MISSION=GLOBAL_R | USV: 5/10 (avail=5 int=0 lock=0 frz=0) | UAV: air=0 rtb=0 chg=0 loiter=0 | TRACKS: vis=0 lost=0 engaged=0 | TOP:  | KILL=16 | ACTIONS=5 | INTENT: focus=2 ratio=0.20
[t=28,400s] step=890 | MISSION=GLOBAL_R | USV: 5/10 (avail=5 int=0 lock=0 frz=0) | UAV: air=0 rtb=0 chg=0 loiter=0 | TRACKS: vis=0 lost=0 engaged=0 | TOP:  | KILL=16 | ACTIONS=5 | INTENT: focus=2 ratio=0.20
[t=28,613s] step=900 | MISSION=GLOBAL_R | USV: 5/10 (avail=5 int=0 lock=0 frz=0) | UAV: air=0 rtb=0 chg=0 loiter=0 | TRACKS: vis=0 lost=0 engaged=0 | TOP:  | KILL=16 | ACTIONS=5 | INTENT: focus=2 ratio=0.20
[t=28,827s] step=910 | MISSION=GLOBAL_R | USV: 5/10 (avail=5 int=0 lock=0 frz=0) | UAV: air=0 rtb=0 chg=0 loiter=0 | TRACKS: vis=0 lost=0 engaged=0 | TOP:  | KILL=16 | ACTIONS=5 | INTENT: focus=2 ratio=0.20
[t=29,042s] step=920 | MISSION=GLOBAL_R | USV: 5/10 (avail=5 int=0 lock=0 frz=0) | UAV: air=0 rtb=0 chg=0 loiter=0 | TRACKS: vis=0 lost=0 engaged=0 | TOP:  | KILL=16 | ACTIONS=5 | INTENT: focus=2 ratio=0.20
[t=29,259s] step=930 | MISSION=GLOBAL_R | USV: 5/10 (avail=5 int=0 lock=0 frz=0) | UAV: air=0 rtb=0 chg=0 loiter=0 | TRACKS: vis=0 lost=0 engaged=0 | TOP:  | KILL=16 | ACTIONS=5 | INTENT: focus=2 ratio=0.20
[t=29,471s] step=940 | MISSION=GLOBAL_R | USV: 5/10 (avail=5 int=0 lock=0 frz=0) | UAV: air=0 rtb=0 chg=0 loiter=0 | TRACKS: vis=0 lost=0 engaged=0 | TOP:  | KILL=16 | ACTIONS=5 | INTENT: focus=2 ratio=0.20
[t=29,693s] step=950 | MISSION=GLOBAL_R | USV: 5/10 (avail=5 int=0 lock=0 frz=0) | UAV: air=0 rtb=0 chg=0 loiter=0 | TRACKS: vis=0 lost=0 engaged=0 | TOP:  | KILL=16 | ACTIONS=5 | INTENT: focus=2 ratio=0.20
[t=29,907s] step=960 | MISSION=GLOBAL_R | USV: 5/10 (avail=5 int=0 lock=0 frz=0) | UAV: air=0 rtb=0 chg=0 loiter=0 | TRACKS: vis=0 lost=0 engaged=0 | TOP:  | KILL=16 | ACTIONS=5 | INTENT: focus=2 ratio=0.20
[t=30,123s] step=970 | MISSION=GLOBAL_R | USV: 5/10 (avail=5 int=0 lock=0 frz=0) | UAV: air=0 rtb=0 chg=0 loiter=0 | TRACKS: vis=0 lost=0 engaged=0 | TOP:  | KILL=16 | ACTIONS=5 | INTENT: focus=2 ratio=0.20
[t=30,343s] step=980 | MISSION=GLOBAL_R | USV: 5/10 (avail=5 int=0 lock=0 frz=0) | UAV: air=0 rtb=0 chg=0 loiter=0 | TRACKS: vis=0 lost=0 engaged=0 | TOP:  | KILL=16 | ACTIONS=5 | INTENT: focus=2 ratio=0.20
[t=30,566s] step=990 | MISSION=GLOBAL_R | USV: 5/10 (avail=5 int=0 lock=0 frz=0) | UAV: air=0 rtb=0 chg=0 loiter=0 | TRACKS: vis=0 lost=0 engaged=0 | TOP:  | KILL=16 | ACTIONS=5 | INTENT: focus=2 ratio=0.20
[t=30,785s] step=1000 | MISSION=GLOBAL_R | USV: 5/10 (avail=5 int=0 lock=0 frz=0) | UAV: air=0 rtb=0 chg=0 loiter=0 | TRACKS: vis=0 lost=0 engaged=0 | TOP:  | KILL=16 | ACTIONS=5 | INTENT: focus=2 ratio=0.20
[t=31,010s] step=1010 | MISSION=GLOBAL_R | USV: 5/10 (avail=5 int=0 lock=0 frz=0) | UAV: air=0 rtb=0 chg=0 loiter=0 | TRACKS: vis=0 lost=0 engaged=0 | TOP:  | KILL=16 | ACTIONS=5 | INTENT: focus=2 ratio=0.20
[t=31,227s] step=1020 | MISSION=GLOBAL_R | USV: 5/10 (avail=5 int=0 lock=0 frz=0) | UAV: air=0 rtb=0 chg=0 loiter=0 | TRACKS: vis=0 lost=0 engaged=0 | TOP:  | KILL=16 | ACTIONS=5 | INTENT: focus=2 ratio=0.20
[t=31,450s] step=1030 | MISSION=GLOBAL_R | USV: 5/10 (avail=5 int=0 lock=0 frz=0) | UAV: air=0 rtb=0 chg=0 loiter=0 | TRACKS: vis=0 lost=0 engaged=0 | TOP:  | KILL=16 | ACTIONS=5 | INTENT: focus=2 ratio=0.20
[t=31,677s] step=1040 | MISSION=GLOBAL_R | USV: 5/10 (avail=5 int=0 lock=0 frz=0) | UAV: air=0 rtb=0 chg=0 loiter=0 | TRACKS: vis=0 lost=0 engaged=0 | TOP:  | KILL=16 | ACTIONS=5 | INTENT: focus=2 ratio=0.20
[t=31,901s] step=1050 | MISSION=GLOBAL_R | USV: 5/10 (avail=5 int=0 lock=0 frz=0) | UAV: air=0 rtb=0 chg=0 loiter=0 | TRACKS: vis=0 lost=0 engaged=0 | TOP:  | KILL=16 | ACTIONS=5 | INTENT: focus=2 ratio=0.20
[t=32,114s] step=1060 | MISSION=GLOBAL_R | USV: 5/10 (avail=5 int=0 lock=0 frz=0) | UAV: air=0 rtb=0 chg=0 loiter=0 | TRACKS: vis=0 lost=0 engaged=0 | TOP:  | KILL=16 | ACTIONS=5 | INTENT: focus=2 ratio=0.20
[t=32,329s] step=1070 | MISSION=GLOBAL_R | USV: 5/10 (avail=5 int=0 lock=0 frz=0) | UAV: air=0 rtb=0 chg=0 loiter=0 | TRACKS: vis=0 lost=0 engaged=0 | TOP:  | KILL=16 | ACTIONS=5 | INTENT: focus=2 ratio=0.20
[t=32,548s] step=1080 | MISSION=GLOBAL_R | USV: 5/10 (avail=5 int=0 lock=0 frz=0) | UAV: air=0 rtb=0 chg=0 loiter=0 | TRACKS: vis=0 lost=0 engaged=0 | TOP:  | KILL=16 | ACTIONS=5 | INTENT: focus=2 ratio=0.20
[t=32,758s] step=1090 | MISSION=GLOBAL_R | USV: 5/10 (avail=5 int=0 lock=0 frz=0) | UAV: air=0 rtb=0 chg=0 loiter=0 | TRACKS: vis=0 lost=0 engaged=0 | TOP:  | KILL=16 | ACTIONS=5 | INTENT: focus=2 ratio=0.20
[t=32,975s] step=1100 | MISSION=GLOBAL_R | USV: 5/10 (avail=5 int=0 lock=0 frz=0) | UAV: air=0 rtb=0 chg=0 loiter=0 | TRACKS: vis=0 lost=0 engaged=0 | TOP:  | KILL=16 | ACTIONS=5 | INTENT: focus=2 ratio=0.20
[t=33,199s] step=1110 | MISSION=GLOBAL_R | USV: 5/10 (avail=5 int=0 lock=0 frz=0) | UAV: air=0 rtb=0 chg=0 loiter=0 | TRACKS: vis=0 lost=0 engaged=0 | TOP:  | KILL=16 | ACTIONS=5 | INTENT: focus=2 ratio=0.20
[t=33,423s] step=1120 | MISSION=GLOBAL_R | USV: 5/10 (avail=5 int=0 lock=0 frz=0) | UAV: air=0 rtb=0 chg=0 loiter=0 | TRACKS: vis=0 lost=0 engaged=0 | TOP:  | KILL=16 | ACTIONS=5 | INTENT: focus=2 ratio=0.20
[t=33,638s] step=1130 | MISSION=GLOBAL_R | USV: 5/10 (avail=5 int=0 lock=0 frz=0) | UAV: air=0 rtb=0 chg=0 loiter=0 | TRACKS: vis=0 lost=0 engaged=0 | TOP:  | KILL=16 | ACTIONS=5 | INTENT: focus=2 ratio=0.20
[t=33,862s] step=1140 | MISSION=GLOBAL_R | USV: 5/10 (avail=5 int=0 lock=0 frz=0) | UAV: air=0 rtb=0 chg=0 loiter=0 | TRACKS: vis=0 lost=0 engaged=0 | TOP:  | KILL=16 | ACTIONS=5 | INTENT: focus=2 ratio=0.20
[t=34,085s] step=1150 | MISSION=GLOBAL_R | USV: 5/10 (avail=5 int=0 lock=0 frz=0) | UAV: air=0 rtb=0 chg=0 loiter=0 | TRACKS: vis=0 lost=0 engaged=0 | TOP:  | KILL=16 | ACTIONS=5 | INTENT: focus=2 ratio=0.20
[t=34,309s] step=1160 | MISSION=GLOBAL_R | USV: 5/10 (avail=5 int=0 lock=0 frz=0) | UAV: air=0 rtb=0 chg=0 loiter=0 | TRACKS: vis=0 lost=0 engaged=0 | TOP:  | KILL=16 | ACTIONS=5 | INTENT: focus=2 ratio=0.20
[t=34,531s] step=1170 | MISSION=GLOBAL_R | USV: 5/10 (avail=5 int=0 lock=0 frz=0) | UAV: air=0 rtb=0 chg=0 loiter=0 | TRACKS: vis=0 lost=0 engaged=0 | TOP:  | KILL=16 | ACTIONS=5 | INTENT: focus=2 ratio=0.20
[t=34,753s] step=1180 | MISSION=GLOBAL_R | USV: 5/10 (avail=5 int=0 lock=0 frz=0) | UAV: air=0 rtb=0 chg=0 loiter=0 | TRACKS: vis=0 lost=0 engaged=0 | TOP:  | KILL=16 | ACTIONS=5 | INTENT: focus=2 ratio=0.20
[t=34,962s] step=1190 | MISSION=GLOBAL_R | USV: 5/10 (avail=5 int=0 lock=0 frz=0) | UAV: air=0 rtb=0 chg=0 loiter=0 | TRACKS: vis=0 lost=0 engaged=0 | TOP:  | KILL=16 | ACTIONS=5 | INTENT: focus=2 ratio=0.20
[t=35,184s] step=1200 | MISSION=GLOBAL_R | USV: 5/10 (avail=5 int=0 lock=0 frz=0) | UAV: air=0 rtb=0 chg=0 loiter=0 | TRACKS: vis=0 lost=0 engaged=0 | TOP:  | KILL=16 | ACTIONS=5 | INTENT: focus=2 ratio=0.20
[t=35,407s] step=1210 | MISSION=GLOBAL_R | USV: 5/10 (avail=5 int=0 lock=0 frz=0) | UAV: air=0 rtb=0 chg=0 loiter=0 | TRACKS: vis=0 lost=0 engaged=0 | TOP:  | KILL=16 | ACTIONS=5 | INTENT: focus=2 ratio=0.20
[t=35,630s] step=1220 | MISSION=GLOBAL_R | USV: 5/10 (avail=5 int=0 lock=0 frz=0) | UAV: air=0 rtb=0 chg=0 loiter=0 | TRACKS: vis=0 lost=0 engaged=0 | TOP:  | KILL=16 | ACTIONS=5 | INTENT: focus=2 ratio=0.20
[t=35,847s] step=1230 | MISSION=GLOBAL_R | USV: 5/10 (avail=5 int=0 lock=0 frz=0) | UAV: air=0 rtb=0 chg=0 loiter=0 | TRACKS: vis=0 lost=0 engaged=0 | TOP:  | KILL=16 | ACTIONS=5 | INTENT: focus=2 ratio=0.20
[t=36,069s] step=1240 | MISSION=GLOBAL_R | USV: 5/10 (avail=5 int=0 lock=0 frz=0) | UAV: air=0 rtb=0 chg=0 loiter=0 | TRACKS: vis=0 lost=0 engaged=0 | TOP:  | KILL=16 | ACTIONS=5 | INTENT: focus=2 ratio=0.20
[t=36,290s] step=1250 | MISSION=GLOBAL_R | USV: 5/10 (avail=5 int=0 lock=0 frz=0) | UAV: air=0 rtb=0 chg=0 loiter=0 | TRACKS: vis=0 lost=0 engaged=0 | TOP:  | KILL=16 | ACTIONS=5 | INTENT: focus=2 ratio=0.20
[t=36,505s] step=1260 | MISSION=GLOBAL_R | USV: 5/10 (avail=5 int=0 lock=0 frz=0) | UAV: air=0 rtb=0 chg=0 loiter=0 | TRACKS: vis=0 lost=0 engaged=0 | TOP:  | KILL=16 | ACTIONS=5 | INTENT: focus=2 ratio=0.20
[t=36,726s] step=1270 | MISSION=GLOBAL_R | USV: 5/10 (avail=5 int=0 lock=0 frz=0) | UAV: air=0 rtb=0 chg=0 loiter=0 | TRACKS: vis=0 lost=0 engaged=0 | TOP:  | KILL=16 | ACTIONS=5 | INTENT: focus=2 ratio=0.20
[t=36,957s] step=1280 | MISSION=GLOBAL_R | USV: 5/10 (avail=5 int=0 lock=0 frz=0) | UAV: air=0 rtb=0 chg=0 loiter=0 | TRACKS: vis=0 lost=0 engaged=0 | TOP:  | KILL=16 | ACTIONS=5 | INTENT: focus=2 ratio=0.20
[t=37,177s] step=1290 | MISSION=GLOBAL_R | USV: 5/10 (avail=5 int=0 lock=0 frz=0) | UAV: air=0 rtb=0 chg=0 loiter=0 | TRACKS: vis=0 lost=0 engaged=0 | TOP:  | KILL=16 | ACTIONS=5 | INTENT: focus=2 ratio=0.20
[t=37,392s] step=1300 | MISSION=GLOBAL_R | USV: 5/10 (avail=5 int=0 lock=0 frz=0) | UAV: air=0 rtb=0 chg=0 loiter=0 | TRACKS: vis=0 lost=0 engaged=0 | TOP:  | KILL=16 | ACTIONS=5 | INTENT: focus=2 ratio=0.20
[t=37,625s] step=1310 | MISSION=GLOBAL_R | USV: 5/10 (avail=5 int=0 lock=0 frz=0) | UAV: air=0 rtb=0 chg=0 loiter=0 | TRACKS: vis=0 lost=0 engaged=0 | TOP:  | KILL=16 | ACTIONS=5 | INTENT: focus=2 ratio=0.20
[t=37,858s] step=1320 | MISSION=GLOBAL_R | USV: 5/10 (avail=5 int=0 lock=0 frz=0) | UAV: air=0 rtb=0 chg=0 loiter=0 | TRACKS: vis=0 lost=0 engaged=0 | TOP:  | KILL=16 | ACTIONS=5 | INTENT: focus=2 ratio=0.20
[t=38,085s] step=1330 | MISSION=GLOBAL_R | USV: 5/10 (avail=5 int=0 lock=0 frz=0) | UAV: air=0 rtb=0 chg=0 loiter=0 | TRACKS: vis=0 lost=0 engaged=0 | TOP:  | KILL=16 | ACTIONS=5 | INTENT: focus=2 ratio=0.20
[t=38,317s] step=1340 | MISSION=GLOBAL_R | USV: 5/10 (avail=5 int=0 lock=0 frz=0) | UAV: air=0 rtb=0 chg=0 loiter=0 | TRACKS: vis=0 lost=0 engaged=0 | TOP:  | KILL=16 | ACTIONS=5 | INTENT: focus=2 ratio=0.20
[t=38,548s] step=1350 | MISSION=GLOBAL_R | USV: 5/10 (avail=5 int=0 lock=0 frz=0) | UAV: air=0 rtb=0 chg=0 loiter=0 | TRACKS: vis=0 lost=0 engaged=0 | TOP:  | KILL=17 | ACTIONS=5 | INTENT: focus=2 ratio=0.20
[t=38,788s] step=1360 | MISSION=GLOBAL_R | USV: 5/10 (avail=5 int=0 lock=0 frz=0) | UAV: air=0 rtb=0 chg=0 loiter=0 | TRACKS: vis=0 lost=0 engaged=0 | TOP:  | KILL=17 | ACTIONS=5 | INTENT: focus=2 ratio=0.20
[t=39,012s] step=1370 | MISSION=GLOBAL_R | USV: 5/10 (avail=5 int=0 lock=0 frz=0) | UAV: air=0 rtb=0 chg=0 loiter=0 | TRACKS: vis=0 lost=0 engaged=0 | TOP:  | KILL=17 | ACTIONS=5 | INTENT: focus=2 ratio=0.20
[t=39,237s] step=1380 | MISSION=GLOBAL_R | USV: 5/10 (avail=5 int=0 lock=0 frz=0) | UAV: air=0 rtb=0 chg=0 loiter=0 | TRACKS: vis=0 lost=0 engaged=0 | TOP:  | KILL=17 | ACTIONS=5 | INTENT: focus=2 ratio=0.20
[t=39,477s] step=1390 | MISSION=GLOBAL_R | USV: 5/10 (avail=5 int=0 lock=0 frz=0) | UAV: air=0 rtb=0 chg=0 loiter=0 | TRACKS: vis=0 lost=0 engaged=0 | TOP:  | KILL=18 | ACTIONS=5 | INTENT: focus=2 ratio=0.20
[t=39,710s] step=1400 | MISSION=GLOBAL_R | USV: 5/10 (avail=5 int=0 lock=0 frz=0) | UAV: air=0 rtb=0 chg=0 loiter=0 | TRACKS: vis=0 lost=0 engaged=0 | TOP:  | KILL=19 | ACTIONS=5 | INTENT: focus=2 ratio=0.20
[t=39,936s] step=1410 | MISSION=GLOBAL_R | USV: 5/10 (avail=5 int=0 lock=0 frz=0) | UAV: air=0 rtb=0 chg=0 loiter=0 | TRACKS: vis=0 lost=0 engaged=0 | TOP:  | KILL=19 | ACTIONS=5 | INTENT: focus=2 ratio=0.20

========================================================================
对局结果: Result.Victory — 敌方所有单位被击毁
  击杀蓝舰: 20 | 命中: 32 | 我方USV损失: 5 | UAV损失: 10 | 突破: 0
[META] result=Result.Victory victory_time=40404 first_detection=1865 first_lock=7373 first_kill=8311 enemy_kills=20 friendly_usv_losses=5 friendly_uav_losses=10 black_breakthrough=0 reacquire_attempts=91 reacquire_success=91 sensor_assisted_locks=43 low_conf_commitments=0 global_reacquire_entries=2 global_reacquire_success=1 coverage_collapse_events=16 active_clusters_max=1 coverage_quality_final=0.07 commander_source=default_intent commander_calls=0 commander_changes=0 commander_no_change=0 commander_parse_failures=0 commander_api_failures=0 commander_policy_failures=0 commander_avg_latency=0.0
Done
