========================================================================
HYBRID AGENT V5 — Variable-Cardinality Hierarchical Maritime Agent
  启用UAV: True | LLM_ENABLED: False
========================================================================
对局 44 开始
      [UAV RELAUNCH] white_uav15
      [UAV RELAUNCH] white_uav3
      [UAV RELAUNCH] white_uav1
      [UAV RELAUNCH] white_uav5
      [UAV RELAUNCH] white_uav6
      [UAV RELAUNCH] white_uav8
      [UAV RELAUNCH] white_uav9
      [UAV RELAUNCH] white_uav11
      [UAV RELAUNCH] white_uav12
      [UAV RELAUNCH] white_uav14
      [UAV RELAUNCH] white_uav2
      [UAV RELAUNCH] white_uav4
      [UAV RELAUNCH] white_uav7
      [UAV RELAUNCH] white_uav10
      [UAV RELAUNCH] white_uav13
[t=267s] step=10 | MISSION=NORMAL_C | USV: 15/15 (avail=15 int=0 lock=0 frz=0) | UAV: air=15 rtb=0 chg=0 loiter=0 | TRACKS: vis=0 lost=0 engaged=0 | TOP:  | KILL=0 | ACTIONS=30 | INTENT: focus=2 ratio=0.20
  [INTENT APPLIED]
    ThreatAllocator: focus 2 emergency 3 reserve_ratio 0.20 reserve_usvs None bias breakthrough_eta
    UAVManager: mode search_and_reacquire uav_priority []
[t=598s] step=20 | MISSION=NORMAL_C | USV: 15/15 (avail=15 int=0 lock=0 frz=0) | UAV: air=15 rtb=0 chg=0 loiter=0 | TRACKS: vis=0 lost=0 engaged=0 | TOP:  | KILL=0 | ACTIONS=30 | INTENT: focus=2 ratio=0.20
[t=934s] step=30 | MISSION=NORMAL_C | USV: 15/15 (avail=15 int=0 lock=0 frz=0) | UAV: air=15 rtb=0 chg=0 loiter=0 | TRACKS: vis=0 lost=0 engaged=0 | TOP:  | KILL=0 | ACTIONS=30 | INTENT: focus=2 ratio=0.20
[t=1,281s] step=40 | MISSION=NORMAL_C | USV: 15/15 (avail=15 int=0 lock=0 frz=0) | UAV: air=15 rtb=0 chg=0 loiter=0 | TRACKS: vis=0 lost=0 engaged=0 | TOP:  | KILL=0 | ACTIONS=30 | INTENT: focus=2 ratio=0.20
[t=1,633s] step=50 | MISSION=NORMAL_C | USV: 15/15 (avail=15 int=0 lock=0 frz=0) | UAV: air=15 rtb=0 chg=0 loiter=0 | TRACKS: vis=0 lost=0 engaged=0 | TOP:  | KILL=0 | ACTIONS=30 | INTENT: focus=2 ratio=0.20
      [DETECT] black_usv14
      [DETECT] black_usv16
      [DETECT] black_usv17
      [DETECT] black_usv18
      [DETECT] black_usv13
      [DETECT] black_usv15
      [ASSIGN] white_usv2->black_usv13
      [ASSIGN] white_usv4->black_usv16
      [ASSIGN] white_usv8->black_usv14
      [ASSIGN] white_usv9->black_usv16
      [ASSIGN] white_usv15->black_usv18
      [ASSIGN] white_usv11->black_usv18
      [ASSIGN] white_usv5->black_usv14
      [ASSIGN] white_usv6->black_usv15
      [ASSIGN] white_usv1->black_usv15
      [ASSIGN] white_usv7->black_usv13
      [ASSIGN] white_usv3->black_usv17
      [ASSIGN] white_usv10->black_usv17
      [DETECT] black_usv23
      [DETECT] black_usv24
      [DETECT] black_usv21
      [DETECT] black_usv22
      [DETECT] black_usv28
      [DETECT] black_usv29
      [DETECT] black_usv10
      [DETECT] black_usv12
      [DETECT] black_usv27
      [DETECT] black_usv9
      [DETECT] black_usv8
      [DETECT] black_usv11
      [DETECT] black_usv26
      [DETECT] black_usv7
      [DETECT] black_usv20
      [DETECT] black_usv25
      [DETECT] black_usv30
      [DETECT] black_usv19
      [ASSIGN] white_usv13->black_usv23
      [ASSIGN] white_usv14->black_usv24
      [ASSIGN] white_usv12->black_usv21
      [DETECT] black_usv3
      [DETECT] black_usv6
      [DETECT] black_usv4
      [DETECT] black_usv5
[t=1,979s] step=60 | MISSION=NORMAL_C | USV: 15/15 (avail=0 int=15 lock=0 frz=0) | UAV: air=15 rtb=0 chg=0 loiter=0 | TRACKS: vis=28 lost=0 engaged=0 | TOP: black_usv22(x240,200) black_usv28(x240,200) black_usv29(x240,200) | KILL=0 | ACTIONS=30 | INTENT: focus=2 ratio=0.20
[t=2,327s] step=70 | MISSION=NORMAL_C | USV: 15/15 (avail=0 int=15 lock=0 frz=0) | UAV: air=15 rtb=0 chg=0 loiter=0 | TRACKS: vis=25 lost=3 engaged=0 | TOP: black_usv22(x236,720) black_usv28(x236,720) black_usv29(x236,720) | KILL=0 | ACTIONS=30 | INTENT: focus=2 ratio=0.20
[t=2,679s] step=80 | MISSION=NORMAL_C | USV: 15/15 (avail=0 int=15 lock=0 frz=0) | UAV: air=15 rtb=0 chg=0 loiter=0 | TRACKS: vis=24 lost=0 engaged=0 | TOP: black_usv22(x233,200) black_usv28(x233,200) black_usv29(x233,200) | KILL=0 | ACTIONS=30 | INTENT: focus=2 ratio=0.20
[t=3,041s] step=90 | MISSION=NORMAL_C | USV: 15/15 (avail=0 int=15 lock=0 frz=0) | UAV: air=15 rtb=0 chg=0 loiter=0 | TRACKS: vis=24 lost=0 engaged=0 | TOP: black_usv22(x229,580) black_usv28(x229,580) black_usv29(x229,580) | KILL=0 | ACTIONS=30 | INTENT: focus=2 ratio=0.20
[t=3,395s] step=100 | MISSION=NORMAL_C | USV: 15/15 (avail=0 int=15 lock=0 frz=0) | UAV: air=15 rtb=0 chg=0 loiter=0 | TRACKS: vis=24 lost=0 engaged=0 | TOP: black_usv22(x226,040) black_usv28(x226,040) black_usv29(x226,040) | KILL=0 | ACTIONS=30 | INTENT: focus=2 ratio=0.20
[t=3,744s] step=110 | MISSION=NORMAL_C | USV: 15/15 (avail=0 int=15 lock=0 frz=0) | UAV: air=15 rtb=0 chg=0 loiter=0 | TRACKS: vis=22 lost=2 engaged=0 | TOP: black_usv22(x222,550) black_usv28(x222,550) black_usv29(x222,550) | KILL=0 | ACTIONS=30 | INTENT: focus=2 ratio=0.20
[t=4,110s] step=120 | MISSION=NORMAL_C | USV: 15/15 (avail=0 int=15 lock=0 frz=0) | UAV: air=15 rtb=0 chg=0 loiter=0 | TRACKS: vis=24 lost=0 engaged=0 | TOP: black_usv22(x218,890) black_usv28(x218,890) black_usv29(x218,890) | KILL=0 | ACTIONS=30 | INTENT: focus=2 ratio=0.20
[t=4,472s] step=130 | MISSION=NORMAL_C | USV: 15/15 (avail=0 int=15 lock=0 frz=0) | UAV: air=15 rtb=0 chg=0 loiter=0 | TRACKS: vis=24 lost=0 engaged=0 | TOP: black_usv22(x215,270) black_usv28(x215,270) black_usv29(x215,270) | KILL=0 | ACTIONS=30 | INTENT: focus=2 ratio=0.20
[t=4,838s] step=140 | MISSION=NORMAL_C | USV: 15/15 (avail=0 int=15 lock=0 frz=0) | UAV: air=15 rtb=0 chg=0 loiter=0 | TRACKS: vis=24 lost=0 engaged=0 | TOP: black_usv22(x211,610) black_usv28(x211,610) black_usv29(x211,610) | KILL=0 | ACTIONS=30 | INTENT: focus=2 ratio=0.20
[t=5,193s] step=150 | MISSION=NORMAL_C | USV: 15/15 (avail=0 int=15 lock=0 frz=0) | UAV: air=15 rtb=0 chg=0 loiter=0 | TRACKS: vis=24 lost=0 engaged=0 | TOP: black_usv22(x208,060) black_usv28(x208,060) black_usv29(x208,060) | KILL=0 | ACTIONS=30 | INTENT: focus=2 ratio=0.20
[t=5,546s] step=160 | MISSION=NORMAL_C | USV: 15/15 (avail=0 int=15 lock=0 frz=0) | UAV: air=15 rtb=0 chg=0 loiter=0 | TRACKS: vis=24 lost=0 engaged=0 | TOP: black_usv22(x204,530) black_usv28(x204,530) black_usv29(x204,530) | KILL=0 | ACTIONS=30 | INTENT: focus=2 ratio=0.20
[t=5,905s] step=170 | MISSION=NORMAL_C | USV: 15/15 (avail=0 int=15 lock=0 frz=0) | UAV: air=15 rtb=0 chg=0 loiter=0 | TRACKS: vis=24 lost=0 engaged=0 | TOP: black_usv22(x200,940) black_usv28(x200,940) black_usv29(x200,940) | KILL=0 | ACTIONS=30 | INTENT: focus=2 ratio=0.20
[t=6,256s] step=180 | MISSION=NORMAL_C | USV: 15/15 (avail=0 int=15 lock=0 frz=0) | UAV: air=15 rtb=0 chg=0 loiter=0 | TRACKS: vis=24 lost=0 engaged=0 | TOP: black_usv22(x197,430) black_usv28(x197,430) black_usv29(x197,430) | KILL=0 | ACTIONS=30 | INTENT: focus=2 ratio=0.20
[t=6,605s] step=190 | MISSION=NORMAL_C | USV: 15/15 (avail=0 int=15 lock=0 frz=0) | UAV: air=15 rtb=0 chg=0 loiter=0 | TRACKS: vis=24 lost=0 engaged=0 | TOP: black_usv22(x193,940) black_usv28(x193,940) black_usv29(x193,940) | KILL=0 | ACTIONS=30 | INTENT: focus=2 ratio=0.20
[t=6,954s] step=200 | MISSION=NORMAL_C | USV: 15/15 (avail=0 int=15 lock=0 frz=0) | UAV: air=15 rtb=0 chg=0 loiter=0 | TRACKS: vis=24 lost=0 engaged=0 | TOP: black_usv22(x190,450) black_usv28(x190,450) black_usv29(x190,450) | KILL=0 | ACTIONS=30 | INTENT: focus=2 ratio=0.20
[t=7,282s] step=210 | MISSION=NORMAL_C | USV: 15/15 (avail=0 int=15 lock=0 frz=0) | UAV: air=15 rtb=0 chg=0 loiter=0 | TRACKS: vis=24 lost=0 engaged=0 | TOP: black_usv28(x187,164) black_usv29(x187,164) black_usv27(x187,164) | KILL=0 | ACTIONS=30 | INTENT: focus=2 ratio=0.20
      [ASSIGN] white_usv8->black_usv16(机会锁定)
      [ASSIGN] white_usv9->black_usv19(机会锁定)
      [ASSIGN] white_usv11->black_usv20(机会锁定)
      [ASSIGN] white_usv7->black_usv14(机会锁定)
      [ASSIGN] white_usv10->black_usv19(机会锁定)
      [ASSIGN] white_usv13->black_usv27(机会锁定)
      [ASSIGN] white_usv14->black_usv27(机会锁定)
      [ASSIGN] white_usv12->black_usv22(机会锁定)
      [ASSIGN] white_usv2->black_usv11(机会锁定)
      [ASSIGN] white_usv4->black_usv12(机会锁定)
      [ASSIGN] white_usv15->black_usv23(机会锁定)
      [ASSIGN] white_usv5->black_usv12(机会锁定)
      [ASSIGN] white_usv1->black_usv13(机会锁定)
      [ASSIGN] white_usv3->black_usv13(机会锁定)
[t=7,623s] step=220 | MISSION=NORMAL_C | USV: 15/15 (avail=0 int=0 lock=15 frz=0) | UAV: air=15 rtb=0 chg=0 loiter=0 | TRACKS: vis=24 lost=0 engaged=11 | TOP: black_usv28(x183,753) black_usv29(x183,753) black_usv30(x183,753) | KILL=0 | ACTIONS=30 | INTENT: focus=2 ratio=0.20
      [ASSIGN] white_usv8->black_usv17(机会锁定)
      [ASSIGN] white_usv9->black_usv18(机会锁定)
      [ASSIGN] white_usv11->black_usv21(机会锁定)
      [ASSIGN] white_usv6->black_usv17(机会锁定)
      [ASSIGN] white_usv2->black_usv10(机会锁定)
      [ASSIGN] white_usv4->black_usv15(机会锁定)
      [ASSIGN] white_usv15->black_usv25(机会锁定)
      [ASSIGN] white_usv5->black_usv15(机会锁定)
      [ASSIGN] white_usv7->black_usv15(机会锁定)
      [ASSIGN] white_usv10->black_usv20(机会锁定)
      [ASSIGN] white_usv13->black_usv28(机会锁定)
      [ASSIGN] white_usv14->black_usv28(机会锁定)
      [ASSIGN] white_usv12->black_usv25(机会锁定)
      [ASSIGN] white_usv1->black_usv12(机会锁定)
      [ASSIGN] white_usv3->black_usv16(机会锁定)
[t=7,986s] step=230 | MISSION=NORMAL_C | USV: 15/15 (avail=0 int=0 lock=15 frz=0) | UAV: air=15 rtb=0 chg=0 loiter=0 | TRACKS: vis=24 lost=0 engaged=10 | TOP: black_usv29(x180,130) black_usv30(x180,130) black_usv27(x183,050) | KILL=2 | ACTIONS=30 | INTENT: focus=2 ratio=0.20
      [ASSIGN] white_usv8->black_usv24(机会锁定)
      [ASSIGN] white_usv9->black_usv24(机会锁定)
      [ASSIGN] white_usv11->black_usv24(机会锁定)
      [ASSIGN] white_usv6->black_usv24(机会锁定)
      [ASSIGN] white_usv2->black_usv17(机会锁定)
      [ASSIGN] white_usv4->black_usv17(机会锁定)
      [ASSIGN] white_usv15->black_usv26(机会锁定)
      [ASSIGN] white_usv5->black_usv17(机会锁定)
      [ASSIGN] white_usv7->black_usv17(机会锁定)
      [ASSIGN] white_usv10->black_usv21(机会锁定)
      [ASSIGN] white_usv13->black_usv29(机会锁定)
      [ASSIGN] white_usv14->black_usv29(机会锁定)
      [ASSIGN] white_usv12->black_usv26(机会锁定)
      [ASSIGN] white_usv2->black_usv10(机会锁定)
      [ASSIGN] white_usv4->black_usv18(机会锁定)
      [ASSIGN] white_usv5->black_usv18(机会锁定)
      [ASSIGN] white_usv1->black_usv18(机会锁定)
      [ASSIGN] white_usv7->black_usv18(机会锁定)
      [ASSIGN] white_usv3->black_usv18(机会锁定)
      [KILL] black_usv19
      [KILL] black_usv27
      [ASSIGN] white_usv8->black_usv17(机会锁定)
      [ASSIGN] white_usv9->black_usv22(机会锁定)
      [ASSIGN] white_usv11->black_usv23(机会锁定)
      [ASSIGN] white_usv6->black_usv17(机会锁定)
      [ASSIGN] white_usv8->black_usv24(机会锁定)
      [ASSIGN] white_usv15->black_usv30(机会锁定)
      [ASSIGN] white_usv6->black_usv24(机会锁定)
      [ASSIGN] white_usv10->black_usv24(机会锁定)
      [ASSIGN] white_usv13->black_usv30(机会锁定)
      [ASSIGN] white_usv14->black_usv30(机会锁定)
[t=8,389s] step=240 | MISSION=NORMAL_C | USV: 15/15 (avail=0 int=6 lock=9 frz=0) | UAV: air=15 rtb=0 chg=0 loiter=0 | TRACKS: vis=22 lost=0 engaged=5 | TOP: black_usv30(x176,100) black_usv28(x179,490) black_usv24(x180,329) | KILL=10 | ACTIONS=30 | INTENT: focus=2 ratio=0.20
      [ASSIGN] white_usv2->black_usv14(机会锁定)
      [ASSIGN] white_usv4->black_usv17(机会锁定)
      [ASSIGN] white_usv8->black_usv21(机会锁定)
      [ASSIGN] white_usv5->black_usv14(机会锁定)
      [ASSIGN] white_usv6->black_usv21(机会锁定)
      [ASSIGN] white_usv1->black_usv14(机会锁定)
      [ASSIGN] white_usv7->black_usv17(机会锁定)
      [ASSIGN] white_usv3->black_usv17(机会锁定)
      [ASSIGN] white_usv10->black_usv21(机会锁定)
      [ASSIGN] white_usv12->black_usv29(机会锁定)
      [ASSIGN] white_usv4->black_usv18(机会锁定)
      [ASSIGN] white_usv8->black_usv24(机会锁定)
      [ASSIGN] white_usv6->black_usv24(机会锁定)
      [ASSIGN] white_usv7->black_usv18(机会锁定)
      [ASSIGN] white_usv3->black_usv18(机会锁定)
      [ASSIGN] white_usv10->black_usv26(机会锁定)
      [ASSIGN] white_usv4->black_usv17(机会锁定)
      [ASSIGN] white_usv8->black_usv21(机会锁定)
      [ASSIGN] white_usv6->black_usv21(机会锁定)
      [ASSIGN] white_usv7->black_usv17(机会锁定)
      [ASSIGN] white_usv3->black_usv17(机会锁定)
      [ASSIGN] white_usv4->black_usv18(机会锁定)
      [ASSIGN] white_usv8->black_usv24(机会锁定)
      [ASSIGN] white_usv6->black_usv24(机会锁定)
      [ASSIGN] white_usv7->black_usv18(机会锁定)
      [ASSIGN] white_usv3->black_usv18(机会锁定)
      [ASSIGN] white_usv4->black_usv17(机会锁定)
      [ASSIGN] white_usv8->black_usv21(机会锁定)
      [ASSIGN] white_usv6->black_usv21(机会锁定)
      [ASSIGN] white_usv7->black_usv17(机会锁定)
      [ASSIGN] white_usv3->black_usv17(机会锁定)
      [KILL] black_usv17
      [RELEASE] white_usv4->black_usv17(目标失效)
      [ASSIGN] white_usv4->black_usv18(机会锁定)
      [ASSIGN] white_usv8->black_usv24(机会锁定)
      [ASSIGN] white_usv9->black_usv24(机会锁定)
      [ASSIGN] white_usv11->black_usv24(机会锁定)
      [ASSIGN] white_usv6->black_usv24(机会锁定)
      [RELEASE] white_usv7->black_usv17(目标失效)
      [ASSIGN] white_usv7->black_usv18(机会锁定)
      [RELEASE] white_usv3->black_usv17(目标失效)
      [ASSIGN] white_usv3->black_usv18(机会锁定)
      [KILL] black_usv15
      [KILL] black_usv28
      [KILL] black_usv20
      [KILL] black_usv25
      [ASSIGN] white_usv4->black_usv22(机会锁定)
      [ASSIGN] white_usv8->black_usv22(机会锁定)
      [ASSIGN] white_usv9->black_usv22(机会锁定)
      [ASSIGN] white_usv15->black_usv23(机会锁定)
      [ASSIGN] white_usv11->black_usv23(机会锁定)
      [ASSIGN] white_usv6->black_usv22(机会锁定)
      [ASSIGN] white_usv7->black_usv22(机会锁定)
      [ASSIGN] white_usv3->black_usv22(机会锁定)
      [KILL] black_usv16
      [ASSIGN] white_usv2->black_usv13(机会锁定)
      [ASSIGN] white_usv4->black_usv26(机会锁定)
      [ASSIGN] white_usv8->black_usv26(机会锁定)
      [ASSIGN] white_usv9->black_usv24(机会锁定)
      [ASSIGN] white_usv15->black_usv24(机会锁定)
      [ASSIGN] white_usv11->black_usv24(机会锁定)
      [ASSIGN] white_usv6->black_usv24(机会锁定)
      [ASSIGN] white_usv7->black_usv18(机会锁定)
      [ASSIGN] white_usv3->black_usv26(机会锁定)
      [ASSIGN] white_usv13->black_usv24(机会锁定)
      [ASSIGN] white_usv14->black_usv24(机会锁定)
      [ASSIGN] white_usv9->black_usv22(机会锁定)
      [ASSIGN] white_usv15->black_usv30(机会锁定)
      [ASSIGN] white_usv11->black_usv23(机会锁定)
      [ASSIGN] white_usv5->black_usv22(机会锁定)
      [ASSIGN] white_usv6->black_usv22(机会锁定)
      [ASSIGN] white_usv1->black_usv12(机会锁定)
      [ASSIGN] white_usv7->black_usv22(机会锁定)
      [ASSIGN] white_usv13->black_usv30(机会锁定)
      [ASSIGN] white_usv14->black_usv30(机会锁定)
      [ASSIGN] white_usv12->black_usv30(机会锁定)
      [ASSIGN] white_usv9->black_usv24(机会锁定)
      [ASSIGN] white_usv15->black_usv29(机会锁定)
      [ASSIGN] white_usv11->black_usv24(机会锁定)
      [ASSIGN] white_usv5->black_usv14(机会锁定)
      [ASSIGN] white_usv7->black_usv18(机会锁定)
      [ASSIGN] white_usv13->black_usv29(机会锁定)
      [ASSIGN] white_usv14->black_usv29(机会锁定)
      [ASSIGN] white_usv12->black_usv29(机会锁定)
[t=8,826s] step=250 | MISSION=NORMAL_C | USV: 13/15 (avail=0 int=8 lock=5 frz=0) | UAV: air=15 rtb=0 chg=0 loiter=0 | TRACKS: vis=16 lost=0 engaged=3 | TOP: black_usv29(x175,360) black_usv24(x180,329) black_usv21(x182,635) | KILL=17 | ACTIONS=28 | INTENT: focus=2 ratio=0.20
      [ASSIGN] white_usv9->black_usv22(机会锁定)
      [ASSIGN] white_usv15->black_usv30(机会锁定)
      [ASSIGN] white_usv11->black_usv30(机会锁定)
      [ASSIGN] white_usv5->black_usv22(机会锁定)
      [ASSIGN] white_usv7->black_usv22(机会锁定)
      [ASSIGN] white_usv13->black_usv30(机会锁定)
      [ASSIGN] white_usv14->black_usv30(机会锁定)
      [ASSIGN] white_usv12->black_usv30(机会锁定)
      [ASSIGN] white_usv9->black_usv23(机会锁定)
      [ASSIGN] white_usv15->black_usv29(机会锁定)
      [ASSIGN] white_usv5->black_usv14(机会锁定)
      [ASSIGN] white_usv7->black_usv18(机会锁定)
      [ASSIGN] white_usv13->black_usv29(机会锁定)
      [ASSIGN] white_usv14->black_usv29(机会锁定)
      [ASSIGN] white_usv12->black_usv29(机会锁定)
      [KILL] black_usv24
      [ASSIGN] white_usv9->black_usv26(机会锁定)
      [ASSIGN] white_usv15->black_usv30(机会锁定)
      [ASSIGN] white_usv5->black_usv22(机会锁定)
      [ASSIGN] white_usv13->black_usv30(机会锁定)
      [ASSIGN] white_usv14->black_usv30(机会锁定)
      [ASSIGN] white_usv12->black_usv30(机会锁定)
      [KILL] black_usv21
      [ASSIGN] white_usv15->black_usv26(机会锁定)
      [ASSIGN] white_usv5->black_usv14(机会锁定)
      [ASSIGN] white_usv13->black_usv26(机会锁定)
      [ASSIGN] white_usv12->black_usv29(机会锁定)
      [KILL] black_usv18
      [KILL] black_usv10
      [ASSIGN] white_usv5->black_usv22(机会锁定)
      [ASSIGN] white_usv12->black_usv30(机会锁定)
      [ASSIGN] white_usv2->black_usv14(机会锁定)
      [ASSIGN] white_usv4->black_usv23(机会锁定)
      [ASSIGN] white_usv8->black_usv23(机会锁定)
      [ASSIGN] white_usv9->black_usv23(机会锁定)
      [ASSIGN] white_usv5->black_usv14(机会锁定)
      [ASSIGN] white_usv3->black_usv23(机会锁定)
      [ASSIGN] white_usv13->black_usv30(机会锁定)
      [ASSIGN] white_usv2->black_usv13(机会锁定)
      [ASSIGN] white_usv4->black_usv22(机会锁定)
      [ASSIGN] white_usv8->black_usv22(机会锁定)
      [ASSIGN] white_usv9->black_usv22(机会锁定)
      [ASSIGN] white_usv5->black_usv13(机会锁定)
      [ASSIGN] white_usv1->black_usv13(机会锁定)
      [ASSIGN] white_usv3->black_usv22(机会锁定)
      [ASSIGN] white_usv13->black_usv26(机会锁定)
      [ASSIGN] white_usv12->black_usv26(机会锁定)
      [ASSIGN] white_usv2->black_usv14(机会锁定)
      [ASSIGN] white_usv4->black_usv23(机会锁定)
      [ASSIGN] white_usv8->black_usv23(机会锁定)
      [ASSIGN] white_usv9->black_usv23(机会锁定)
      [ASSIGN] white_usv15->black_usv29(机会锁定)
      [ASSIGN] white_usv5->black_usv14(机会锁定)
      [ASSIGN] white_usv1->black_usv14(机会锁定)
      [ASSIGN] white_usv3->black_usv23(机会锁定)
      [ASSIGN] white_usv13->black_usv29(机会锁定)
      [ASSIGN] white_usv2->black_usv13(机会锁定)
      [ASSIGN] white_usv4->black_usv22(机会锁定)
      [ASSIGN] white_usv8->black_usv22(机会锁定)
      [ASSIGN] white_usv9->black_usv22(机会锁定)
      [ASSIGN] white_usv15->black_usv26(机会锁定)
      [ASSIGN] white_usv5->black_usv13(机会锁定)
      [ASSIGN] white_usv1->black_usv13(机会锁定)
      [ASSIGN] white_usv3->black_usv22(机会锁定)
      [ASSIGN] white_usv13->black_usv26(机会锁定)
      [ASSIGN] white_usv2->black_usv12(机会锁定)
      [ASSIGN] white_usv4->black_usv23(机会锁定)
      [ASSIGN] white_usv8->black_usv23(机会锁定)
      [ASSIGN] white_usv9->black_usv23(机会锁定)
      [ASSIGN] white_usv15->black_usv29(机会锁定)
      [ASSIGN] white_usv5->black_usv14(机会锁定)
      [ASSIGN] white_usv1->black_usv12(机会锁定)
      [ASSIGN] white_usv3->black_usv23(机会锁定)
      [ASSIGN] white_usv13->black_usv29(机会锁定)
      [ASSIGN] white_usv14->black_usv29(机会锁定)
[t=9,246s] step=260 | MISSION=NORMAL_C | USV: 11/15 (avail=0 int=11 lock=0 frz=0) | UAV: air=15 rtb=0 chg=0 loiter=0 | TRACKS: vis=12 lost=0 engaged=0 | TOP: black_usv29(x175,360) black_usv23(x180,464) black_usv12(x180,061) | KILL=19 | ACTIONS=26 | INTENT: focus=2 ratio=0.20
      [KILL] black_usv23
      [KILL] black_usv22
      [RELEASE] white_usv4->black_usv23(目标失效)
      [ASSIGN] white_usv4->black_usv26(机会锁定)
      [RELEASE] white_usv8->black_usv23(目标失效)
      [ASSIGN] white_usv8->black_usv13(机会锁定)
      [RELEASE] white_usv9->black_usv23(目标失效)
      [ASSIGN] white_usv9->black_usv30(机会锁定)
      [ASSIGN] white_usv15->black_usv30(机会锁定)
      [ASSIGN] white_usv5->black_usv13(机会锁定)
      [RELEASE] white_usv3->black_usv23(目标失效)
      [ASSIGN] white_usv3->black_usv26(机会锁定)
      [ASSIGN] white_usv13->black_usv30(机会锁定)
      [ASSIGN] white_usv14->black_usv30(机会锁定)
      [KILL] black_usv30
      [ASSIGN] white_usv8->black_usv14(机会锁定)
      [RELEASE] white_usv9->black_usv30(目标失效)
      [ASSIGN] white_usv9->black_usv29(机会锁定)
      [RELEASE] white_usv15->black_usv30(目标失效)
      [ASSIGN] white_usv15->black_usv29(机会锁定)
      [RELEASE] white_usv13->black_usv30(目标失效)
      [ASSIGN] white_usv13->black_usv29(机会锁定)
      [RELEASE] white_usv14->black_usv30(目标失效)
      [ASSIGN] white_usv14->black_usv29(机会锁定)
      [ASSIGN] white_usv8->black_usv13(机会锁定)
      [ASSIGN] white_usv9->black_usv14(机会锁定)
      [ASSIGN] white_usv15->black_usv26(机会锁定)
      [ASSIGN] white_usv13->black_usv26(机会锁定)
      [ASSIGN] white_usv14->black_usv26(机会锁定)
      [KILL] black_usv14
      [KILL] black_usv29
      [ASSIGN] white_usv8->black_usv11(机会锁定)
      [RELEASE] white_usv9->black_usv14(目标失效)
      [ASSIGN] white_usv9->black_usv13(机会锁定)
      [KILL] black_usv26
      [RELEASE] white_usv4->black_usv26(目标失效)
      [RELEASE] white_usv15->black_usv26(目标失效)
      [RELEASE] white_usv3->black_usv26(目标失效)
      [RELEASE] white_usv13->black_usv26(目标失效)
      [RELEASE] white_usv14->black_usv26(目标失效)
      [RELEASE] white_usv12->black_usv26(目标失效)
      [ASSIGN] white_usv4->black_usv9
      [ASSIGN] white_usv15->black_usv7
      [ASSIGN] white_usv3->black_usv8
      [ASSIGN] white_usv13->black_usv11
      [ASSIGN] white_usv14->black_usv13
      [ASSIGN] white_usv12->black_usv9
      [ASSIGN] white_usv2->black_usv13(机会锁定)
      [ASSIGN] white_usv4->black_usv13(机会锁定)
      [ASSIGN] white_usv2->black_usv12(机会锁定)
      [ASSIGN] white_usv4->black_usv12(机会锁定)
      [ASSIGN] white_usv9->black_usv12(机会锁定)
      [ASSIGN] white_usv3->black_usv13(机会锁定)
      [ASSIGN] white_usv2->black_usv8(机会锁定)
      [ASSIGN] white_usv4->black_usv13(机会锁定)
      [ASSIGN] white_usv9->black_usv13(机会锁定)
      [ASSIGN] white_usv1->black_usv13(机会锁定)
[t=9,651s] step=270 | MISSION=NORMAL_C | USV: 10/15 (avail=0 int=9 lock=1 frz=0) | UAV: air=15 rtb=0 chg=0 loiter=0 | TRACKS: vis=6 lost=0 engaged=1 | TOP: black_usv8(x178,026) black_usv9(x177,749) black_usv7(x178,290) | KILL=20 | ACTIONS=25 | INTENT: focus=2 ratio=0.20
      [KILL] black_usv13
      [RELEASE] white_usv4->black_usv13(目标失效)
      [ASSIGN] white_usv4->black_usv12(机会锁定)
      [ASSIGN] white_usv8->black_usv12(机会锁定)
      [RELEASE] white_usv9->black_usv13(目标失效)
      [ASSIGN] white_usv9->black_usv12(机会锁定)
      [RELEASE] white_usv1->black_usv13(目标失效)
      [ASSIGN] white_usv1->black_usv12(机会锁定)
      [RELEASE] white_usv3->black_usv13(目标失效)
      [ASSIGN] white_usv3->black_usv12(机会锁定)
      [RELEASE] white_usv14->black_usv13(目标失效)
      [ASSIGN] white_usv4->black_usv11(机会锁定)
      [ASSIGN] white_usv8->black_usv11(机会锁定)
      [ASSIGN] white_usv1->black_usv11(机会锁定)
      [ASSIGN] white_usv3->black_usv11(机会锁定)
      [ASSIGN] white_usv14->black_usv8
      [ASSIGN] white_usv1->black_usv12(机会锁定)
      [ASSIGN] white_usv15->black_usv12(机会锁定)
      [ASSIGN] white_usv2->black_usv7(机会锁定)
      [ASSIGN] white_usv1->black_usv9(机会锁定)
      [ASSIGN] white_usv13->black_usv12(机会锁定)
      [ASSIGN] white_usv4->black_usv9(机会锁定)
      [ASSIGN] white_usv8->black_usv9(机会锁定)
      [ASSIGN] white_usv3->black_usv8(机会锁定)
[t=10,079s] step=280 | MISSION=NORMAL_C | USV: 10/15 (avail=0 int=8 lock=2 frz=0) | UAV: air=15 rtb=0 chg=0 loiter=0 | TRACKS: vis=5 lost=0 engaged=2 | TOP: black_usv7(x176,585) black_usv8(x176,275) black_usv9(x175,949) | KILL=21 | ACTIONS=25 | INTENT: focus=2 ratio=0.20
      [ASSIGN] white_usv4->black_usv11(机会锁定)
      [ASSIGN] white_usv15->black_usv11(机会锁定)
      [ASSIGN] white_usv3->black_usv11(机会锁定)
      [ASSIGN] white_usv12->black_usv12(机会锁定)
      [ASSIGN] white_usv4->black_usv12(机会锁定)
      [ASSIGN] white_usv15->black_usv12(机会锁定)
      [ASSIGN] white_usv3->black_usv9(机会锁定)
      [ASSIGN] white_usv4->black_usv11(机会锁定)
      [ASSIGN] white_usv15->black_usv11(机会锁定)
      [ASSIGN] white_usv3->black_usv11(机会锁定)
      [KILL] black_usv12
      [RELEASE] white_usv9->black_usv12(目标失效)
      [RELEASE] white_usv13->black_usv12(目标失效)
      [ASSIGN] white_usv13->black_usv11(机会锁定)
      [RELEASE] white_usv12->black_usv12(目标失效)
      [ASSIGN] white_usv9->black_usv8
      [ASSIGN] white_usv12->black_usv11(机会锁定)
      [ASSIGN] white_usv8->black_usv7(机会锁定)
      [ASSIGN] white_usv9->black_usv11(机会锁定)
      [ASSIGN] white_usv1->black_usv7(机会锁定)
      [ASSIGN] white_usv15->black_usv9(机会锁定)
[t=10,478s] step=290 | MISSION=NORMAL_C | USV: 9/15 (avail=0 int=7 lock=2 frz=0) | UAV: air=15 rtb=0 chg=0 loiter=0 | TRACKS: vis=4 lost=0 engaged=1 | TOP: black_usv9(x174,780) black_usv8(x174,642) black_usv7(x175,668) | KILL=21 | ACTIONS=24 | INTENT: focus=2 ratio=0.20
      [ASSIGN] white_usv13->black_usv9(机会锁定)
      [ASSIGN] white_usv14->black_usv11(机会锁定)
      [ASSIGN] white_usv4->black_usv9(机会锁定)
      [KILL] black_usv11
      [RELEASE] white_usv9->black_usv11(目标失效)
      [RELEASE] white_usv3->black_usv11(目标失效)
      [RELEASE] white_usv14->black_usv11(目标失效)
      [RELEASE] white_usv12->black_usv11(目标失效)
      [ASSIGN] white_usv8->black_usv9(机会锁定)
      [ASSIGN] white_usv9->black_usv8
      [ASSIGN] white_usv1->black_usv9(机会锁定)
      [ASSIGN] white_usv3->black_usv8
      [ASSIGN] white_usv14->black_usv7
      [ASSIGN] white_usv12->black_usv8
      [ASSIGN] white_usv8->black_usv7(机会锁定)
      [ASSIGN] white_usv15->black_usv7(机会锁定)
      [ASSIGN] white_usv1->black_usv7(机会锁定)
      [ASSIGN] white_usv3->black_usv9(机会锁定)
      [ASSIGN] white_usv8->black_usv8(机会锁定)
      [ASSIGN] white_usv15->black_usv8(机会锁定)
      [ASSIGN] white_usv1->black_usv8(机会锁定)
      [ASSIGN] white_usv4->black_usv7(机会锁定)
      [ASSIGN] white_usv13->black_usv7(机会锁定)
      [ASSIGN] white_usv12->black_usv9(机会锁定)
[t=10,895s] step=300 | MISSION=NORMAL_C | USV: 9/15 (avail=0 int=6 lock=3 frz=0) | UAV: air=15 rtb=0 chg=0 loiter=0 | TRACKS: vis=3 lost=0 engaged=1 | TOP: black_usv7(x175,266) black_usv8(x172,936) black_usv9(x174,204) | KILL=23 | ACTIONS=24 | INTENT: focus=2 ratio=0.20
      [ASSIGN] white_usv4->black_usv9(机会锁定)
      [ASSIGN] white_usv9->black_usv9(机会锁定)
      [ASSIGN] white_usv13->black_usv9(机会锁定)
      [ASSIGN] white_usv4->black_usv7(机会锁定)
      [ASSIGN] white_usv13->black_usv7(机会锁定)
      [ASSIGN] white_usv4->black_usv8(机会锁定)
      [ASSIGN] white_usv13->black_usv8(机会锁定)
      [ASSIGN] white_usv14->black_usv9(机会锁定)
      [ASSIGN] white_usv3->black_usv7(机会锁定)
      [ASSIGN] white_usv12->black_usv7(机会锁定)
      [ASSIGN] white_usv3->black_usv9(机会锁定)
      [ASSIGN] white_usv12->black_usv9(机会锁定)
      [ASSIGN] white_usv4->black_usv7(机会锁定)
      [ASSIGN] white_usv9->black_usv7(机会锁定)
      [ASSIGN] white_usv15->black_usv7(机会锁定)
      [ASSIGN] white_usv3->black_usv7(机会锁定)
      [ASSIGN] white_usv13->black_usv7(机会锁定)
      [ASSIGN] white_usv12->black_usv7(机会锁定)
      [ASSIGN] white_usv4->black_usv8(机会锁定)
      [ASSIGN] white_usv9->black_usv9(机会锁定)
      [ASSIGN] white_usv15->black_usv8(机会锁定)
      [ASSIGN] white_usv3->black_usv8(机会锁定)
      [ASSIGN] white_usv13->black_usv8(机会锁定)
      [ASSIGN] white_usv12->black_usv9(机会锁定)
      [ASSIGN] white_usv4->black_usv7(机会锁定)
      [ASSIGN] white_usv9->black_usv7(机会锁定)
      [ASSIGN] white_usv15->black_usv7(机会锁定)
      [ASSIGN] white_usv3->black_usv7(机会锁定)
      [ASSIGN] white_usv13->black_usv7(机会锁定)
      [ASSIGN] white_usv14->black_usv7(机会锁定)
      [ASSIGN] white_usv12->black_usv7(机会锁定)
      [ASSIGN] white_usv4->black_usv9(机会锁定)
      [ASSIGN] white_usv9->black_usv9(机会锁定)
      [ASSIGN] white_usv15->black_usv9(机会锁定)
      [ASSIGN] white_usv3->black_usv9(机会锁定)
      [ASSIGN] white_usv13->black_usv9(机会锁定)
      [ASSIGN] white_usv14->black_usv9(机会锁定)
      [ASSIGN] white_usv12->black_usv9(机会锁定)
      [KILL] black_usv7
      [ASSIGN] white_usv4->black_usv8(机会锁定)
      [ASSIGN] white_usv9->black_usv8(机会锁定)
      [ASSIGN] white_usv15->black_usv8(机会锁定)
      [ASSIGN] white_usv3->black_usv8(机会锁定)
      [ASSIGN] white_usv13->black_usv8(机会锁定)
      [ASSIGN] white_usv12->black_usv8(机会锁定)
[t=11,374s] step=310 | MISSION=NORMAL_C | USV: 7/15 (avail=0 int=7 lock=0 frz=0) | UAV: air=15 rtb=0 chg=0 loiter=0 | TRACKS: vis=2 lost=0 engaged=0 | TOP: black_usv8(x171,855) black_usv9(x174,204) | KILL=24 | ACTIONS=22 | INTENT: focus=2 ratio=0.20
      [KILL] black_usv9
      [RELEASE] white_usv14->black_usv9(目标失效)
      [ASSIGN] white_usv14->black_usv8(机会锁定)
      [KILL] black_usv8
      [RELEASE] white_usv4->black_usv8(目标失效)
      [RELEASE] white_usv9->black_usv8(目标失效)
      [RELEASE] white_usv15->black_usv8(目标失效)
      [RELEASE] white_usv3->black_usv8(目标失效)
      [RELEASE] white_usv13->black_usv8(目标失效)
      [RELEASE] white_usv14->black_usv8(目标失效)
      [RELEASE] white_usv12->black_usv8(目标失效)
[t=11,855s] step=320 | MISSION=NORMAL_C | USV: 7/15 (avail=7 int=0 lock=0 frz=0) | UAV: air=15 rtb=0 chg=0 loiter=0 | TRACKS: vis=0 lost=0 engaged=0 | TOP:  | KILL=24 | ACTIONS=22 | INTENT: focus=2 ratio=0.20
[t=12,282s] step=330 | MISSION=GLOBAL_R | USV: 7/15 (avail=7 int=0 lock=0 frz=0) | UAV: air=15 rtb=0 chg=0 loiter=0 | TRACKS: vis=0 lost=0 engaged=0 | TOP:  | KILL=24 | ACTIONS=22 | INTENT: focus=2 ratio=0.20
[t=12,716s] step=340 | MISSION=GLOBAL_R | USV: 7/15 (avail=7 int=0 lock=0 frz=0) | UAV: air=15 rtb=0 chg=0 loiter=0 | TRACKS: vis=0 lost=0 engaged=0 | TOP:  | KILL=24 | ACTIONS=22 | INTENT: focus=2 ratio=0.20
[t=13,168s] step=350 | MISSION=GLOBAL_R | USV: 7/15 (avail=7 int=0 lock=0 frz=0) | UAV: air=15 rtb=0 chg=0 loiter=0 | TRACKS: vis=0 lost=0 engaged=0 | TOP:  | KILL=24 | ACTIONS=22 | INTENT: focus=2 ratio=0.20
[t=13,619s] step=360 | MISSION=GLOBAL_R | USV: 7/15 (avail=7 int=0 lock=0 frz=0) | UAV: air=15 rtb=0 chg=0 loiter=0 | TRACKS: vis=0 lost=0 engaged=0 | TOP:  | KILL=24 | ACTIONS=22 | INTENT: focus=2 ratio=0.20
[t=14,066s] step=370 | MISSION=GLOBAL_R | USV: 7/15 (avail=7 int=0 lock=0 frz=0) | UAV: air=15 rtb=0 chg=0 loiter=0 | TRACKS: vis=0 lost=0 engaged=0 | TOP:  | KILL=24 | ACTIONS=22 | INTENT: focus=2 ratio=0.20
[t=14,509s] step=380 | MISSION=GLOBAL_R | USV: 7/15 (avail=7 int=0 lock=0 frz=0) | UAV: air=15 rtb=0 chg=0 loiter=0 | TRACKS: vis=0 lost=0 engaged=0 | TOP:  | KILL=24 | ACTIONS=22 | INTENT: focus=2 ratio=0.20
[t=14,971s] step=390 | MISSION=GLOBAL_R | USV: 7/15 (avail=7 int=0 lock=0 frz=0) | UAV: air=15 rtb=0 chg=0 loiter=0 | TRACKS: vis=0 lost=0 engaged=0 | TOP:  | KILL=24 | ACTIONS=22 | INTENT: focus=2 ratio=0.20
[t=15,431s] step=400 | MISSION=GLOBAL_R | USV: 7/15 (avail=7 int=0 lock=0 frz=0) | UAV: air=15 rtb=0 chg=0 loiter=0 | TRACKS: vis=0 lost=0 engaged=0 | TOP:  | KILL=24 | ACTIONS=22 | INTENT: focus=2 ratio=0.20
      [DETECT] black_usv6
      [DETECT] black_usv4
      [ASSIGN] white_usv4->black_usv4
      [ASSIGN] white_usv9->black_usv6
      [ASSIGN] white_usv15->black_usv6
      [ASSIGN] white_usv3->black_usv6
      [ASSIGN] white_usv13->black_usv4
      [ASSIGN] white_usv14->black_usv4
      [DETECT] black_usv5
      [DETECT] black_usv3
      [ASSIGN] white_usv12->black_usv3
      [DETECT] black_usv2
[t=15,883s] step=410 | MISSION=NORMAL_C | USV: 7/15 (avail=0 int=7 lock=0 frz=0) | UAV: air=15 rtb=0 chg=0 loiter=0 | TRACKS: vis=5 lost=0 engaged=0 | TOP: black_usv5(x211,394) black_usv2(x217,011) black_usv3(x210,058) | KILL=24 | ACTIONS=22 | INTENT: focus=2 ratio=0.20
[t=16,341s] step=420 | MISSION=NORMAL_C | USV: 7/15 (avail=0 int=7 lock=0 frz=0) | UAV: air=15 rtb=0 chg=0 loiter=0 | TRACKS: vis=5 lost=0 engaged=0 | TOP: black_usv5(x209,992) black_usv2(x215,771) black_usv3(x208,618) | KILL=24 | ACTIONS=22 | INTENT: focus=2 ratio=0.20
      [DETECT] black_usv1
[t=16,800s] step=430 | MISSION=NORMAL_C | USV: 7/15 (avail=0 int=7 lock=0 frz=0) | UAV: air=15 rtb=0 chg=0 loiter=0 | TRACKS: vis=6 lost=0 engaged=0 | TOP: black_usv1(x230,788) black_usv5(x208,588) black_usv2(x214,529) | KILL=24 | ACTIONS=22 | INTENT: focus=2 ratio=0.20
[t=17,256s] step=440 | MISSION=NORMAL_C | USV: 7/15 (avail=0 int=7 lock=0 frz=0) | UAV: air=15 rtb=0 chg=0 loiter=0 | TRACKS: vis=6 lost=0 engaged=0 | TOP: black_usv1(x226,480) black_usv5(x207,192) black_usv2(x213,295) | KILL=24 | ACTIONS=22 | INTENT: focus=2 ratio=0.20
[t=17,723s] step=450 | MISSION=NORMAL_C | USV: 7/15 (avail=0 int=7 lock=0 frz=0) | UAV: air=15 rtb=0 chg=0 loiter=0 | TRACKS: vis=6 lost=0 engaged=0 | TOP: black_usv1(x222,070) black_usv5(x205,763) black_usv2(x212,031) | KILL=24 | ACTIONS=22 | INTENT: focus=2 ratio=0.20
[t=18,183s] step=460 | MISSION=NORMAL_C | USV: 7/15 (avail=0 int=7 lock=0 frz=0) | UAV: air=15 rtb=0 chg=0 loiter=0 | TRACKS: vis=6 lost=0 engaged=0 | TOP: black_usv1(x217,725) black_usv5(x204,356) black_usv2(x210,786) | KILL=24 | ACTIONS=22 | INTENT: focus=2 ratio=0.20
[t=18,650s] step=470 | MISSION=NORMAL_C | USV: 7/15 (avail=0 int=7 lock=0 frz=0) | UAV: air=15 rtb=0 chg=0 loiter=0 | TRACKS: vis=6 lost=0 engaged=0 | TOP: black_usv1(x213,314) black_usv2(x208,826) black_usv5(x202,927) | KILL=24 | ACTIONS=22 | INTENT: focus=2 ratio=0.20
[t=19,107s] step=480 | MISSION=NORMAL_C | USV: 7/15 (avail=0 int=7 lock=0 frz=0) | UAV: air=15 rtb=0 chg=0 loiter=0 | TRACKS: vis=6 lost=0 engaged=0 | TOP: black_usv1(x208,997) black_usv2(x204,268) black_usv5(x201,528) | KILL=24 | ACTIONS=22 | INTENT: focus=2 ratio=0.20
[t=19,575s] step=490 | MISSION=NORMAL_C | USV: 7/15 (avail=0 int=7 lock=0 frz=0) | UAV: air=15 rtb=0 chg=0 loiter=0 | TRACKS: vis=6 lost=0 engaged=0 | TOP: black_usv1(x204,577) black_usv2(x199,600) black_usv5(x200,096) | KILL=24 | ACTIONS=22 | INTENT: focus=2 ratio=0.20
[t=20,069s] step=500 | MISSION=NORMAL_C | USV: 7/15 (avail=0 int=7 lock=0 frz=0) | UAV: air=15 rtb=0 chg=0 loiter=0 | TRACKS: vis=6 lost=0 engaged=0 | TOP: black_usv2(x194,674) black_usv5(x198,584) black_usv1(x199,957) | KILL=24 | ACTIONS=22 | INTENT: focus=2 ratio=0.20
[t=20,558s] step=510 | MISSION=NORMAL_C | USV: 7/15 (avail=0 int=7 lock=0 frz=0) | UAV: air=15 rtb=0 chg=0 loiter=0 | TRACKS: vis=6 lost=0 engaged=0 | TOP: black_usv2(x189,797) black_usv1(x196,230) black_usv5(x197,088) | KILL=24 | ACTIONS=22 | INTENT: focus=2 ratio=0.20
[t=21,025s] step=520 | MISSION=NORMAL_C | USV: 7/15 (avail=0 int=7 lock=0 frz=0) | UAV: air=15 rtb=0 chg=0 loiter=0 | TRACKS: vis=6 lost=0 engaged=0 | TOP: black_usv2(x185,139) black_usv1(x192,670) black_usv5(x195,659) | KILL=24 | ACTIONS=22 | INTENT: focus=2 ratio=0.20
[t=21,493s] step=530 | MISSION=NORMAL_C | USV: 7/15 (avail=0 int=7 lock=0 frz=0) | UAV: air=15 rtb=0 chg=0 loiter=0 | TRACKS: vis=6 lost=0 engaged=0 | TOP: black_usv2(x180,472) black_usv1(x189,103) black_usv5(x194,227) | KILL=24 | ACTIONS=22 | INTENT: focus=2 ratio=0.20
[t=21,987s] step=540 | MISSION=NORMAL_C | USV: 7/15 (avail=0 int=7 lock=0 frz=0) | UAV: air=15 rtb=0 chg=0 loiter=0 | TRACKS: vis=4 lost=2 engaged=0 | TOP: black_usv2(x175,545) black_usv5(x192,715) black_usv1(x185,730) | KILL=24 | ACTIONS=22 | INTENT: focus=2 ratio=0.20
      [ASSIGN] white_usv9->black_usv1(机会锁定)
      [ASSIGN] white_usv14->black_usv1(机会锁定)
[t=22,474s] step=550 | MISSION=NORMAL_C | USV: 7/15 (avail=0 int=5 lock=2 frz=0) | UAV: air=15 rtb=0 chg=0 loiter=0 | TRACKS: vis=4 lost=1 engaged=1 | TOP: black_usv2(x170,686) black_usv3(x177,151) black_usv4(x163,838) | KILL=24 | ACTIONS=22 | INTENT: focus=2 ratio=0.20
      [ASSIGN] white_usv12->black_usv1(机会锁定)
      [RELEASE] white_usv15->black_usv6(目标失效)
      [RELEASE] white_usv3->black_usv6(目标失效)
      [ASSIGN] white_usv15->black_usv3
      [ASSIGN] white_usv3->black_usv2
      [ASSIGN] white_usv3->black_usv1(机会锁定)
      [ASSIGN] white_usv13->black_usv1(机会锁定)
      [ASSIGN] white_usv14->black_usv2(机会锁定)
      [ASSIGN] white_usv4->black_usv1(机会锁定)
      [ASSIGN] white_usv15->black_usv1(机会锁定)
[t=23,008s] step=560 | MISSION=NORMAL_C | USV: 7/15 (avail=0 int=6 lock=1 frz=0) | UAV: air=15 rtb=0 chg=0 loiter=0 | TRACKS: vis=4 lost=0 engaged=1 | TOP: black_usv4(x158,558) black_usv3(x171,838) black_usv2(x165,358) | KILL=25 | ACTIONS=22 | INTENT: focus=2 ratio=0.20
      [ASSIGN] white_usv13->black_usv2(机会锁定)
      [ASSIGN] white_usv4->black_usv2(机会锁定)
      [ASSIGN] white_usv3->black_usv2(机会锁定)
      [ASSIGN] white_usv12->black_usv2(机会锁定)
      [KILL] black_usv1
      [RELEASE] white_usv9->black_usv1(目标失效)
      [RELEASE] white_usv15->black_usv1(目标失效)
      [ASSIGN] white_usv15->black_usv2(机会锁定)
      [ASSIGN] white_usv9->black_usv4
[t=23,531s] step=570 | MISSION=NORMAL_C | USV: 7/15 (avail=0 int=7 lock=0 frz=0) | UAV: air=15 rtb=0 chg=0 loiter=0 | TRACKS: vis=3 lost=0 engaged=0 | TOP: black_usv3(x166,634) black_usv4(x153,386) black_usv2(x163,871) | KILL=26 | ACTIONS=22 | INTENT: focus=2 ratio=0.20
      [ASSIGN] white_usv9->black_usv2(机会锁定)
      [ASSIGN] white_usv13->black_usv3(机会锁定)
      [ASSIGN] white_usv4->black_usv3(机会锁定)
      [ASSIGN] white_usv3->black_usv3(机会锁定)
      [ASSIGN] white_usv12->black_usv3(机会锁定)
      [KILL] black_usv2
      [RELEASE] white_usv9->black_usv2(目标失效)
      [RELEASE] white_usv15->black_usv2(目标失效)
      [ASSIGN] white_usv15->black_usv3(机会锁定)
      [RELEASE] white_usv14->black_usv2(目标失效)
      [ASSIGN] white_usv9->black_usv4
      [ASSIGN] white_usv14->black_usv4
[t=24,101s] step=580 | MISSION=NORMAL_C | USV: 7/15 (avail=0 int=7 lock=0 frz=0) | UAV: air=15 rtb=0 chg=0 loiter=0 | TRACKS: vis=2 lost=0 engaged=0 | TOP: black_usv4(x147,750) black_usv3(x162,187) | KILL=27 | ACTIONS=22 | INTENT: focus=2 ratio=0.20
      [ASSIGN] white_usv9->black_usv3(机会锁定)
      [UAV RTB] white_uav8(电量779<513+300)
      [UAV RTB] white_uav11(电量781<565+300)
      [UAV RTB] white_uav12(电量782<573+300)
      [UAV RTB] white_uav3(电量715<430+300)
      [UAV RTB] white_uav5(电量717<462+300)
      [UAV RTB] white_uav6(电量717<521+300)
      [UAV RTB] white_uav9(电量719<528+300)
      [UAV RTB] white_uav14(电量721<541+300)
      [UAV RTB] white_uav4(电量722<435+300)
      [UAV RTB] white_uav7(电量723<484+300)
      [UAV RTB] white_uav13(电量724<521+300)
      [UAV RTB] white_uav1(电量675<445+300)
      [UAV RTB] white_uav2(电量681<454+300)
      [ASSIGN] white_usv14->black_usv3(机会锁定)
      [KILL] black_usv3
      [RELEASE] white_usv4->black_usv3(目标失效)
      [ASSIGN] white_usv4->black_usv4(机会锁定)
      [RELEASE] white_usv9->black_usv3(目标失效)
      [RELEASE] white_usv15->black_usv3(目标失效)
      [RELEASE] white_usv3->black_usv3(目标失效)
      [RELEASE] white_usv13->black_usv3(目标失效)
      [RELEASE] white_usv14->black_usv3(目标失效)
      [RELEASE] white_usv12->black_usv3(目标失效)
      [UAV RTB] white_uav15(电量409<116+300)
      [ASSIGN] white_usv3->black_usv4
      [ASSIGN] white_usv12->black_usv4
      [UAV LAND] white_uav15->white_usv12
      [UAV RTB] white_uav10(电量300<28+300)
[t=24,725s] step=590 | MISSION=NORMAL_C | USV: 7/15 (avail=4 int=2 lock=1 frz=0) | UAV: air=0 rtb=14 chg=1 loiter=0 | TRACKS: vis=1 lost=0 engaged=1 | TOP: black_usv4(x141,580) | KILL=27 | ACTIONS=22 | INTENT: focus=2 ratio=0.20
      [UAV RTB] white_uav15(电量234<7+300)
      [UAV LAND] white_uav15->white_usv12
      [UAV LAND] white_uav10->white_usv14
      [UAV RTB] white_uav15(电量176<7+300)
      [UAV LAND] white_uav15->white_usv12
      [UAV LAND] white_uav1->white_usv12
      [UAV RTB] white_uav10(电量186<27+300)
      [DETECT] black_usv5
      [ASSIGN] white_usv9->black_usv5
      [ASSIGN] white_usv15->black_usv5
      [ASSIGN] white_usv13->black_usv5
      [UAV RTB] white_uav15(电量116<13+300)
      [UAV LAND] white_uav15->white_usv12
      [UAV RTB] white_uav1(电量117<13+300)
      [UAV LAND] white_uav1->white_usv12
      [UAV LAND] white_uav5->white_usv15
      [UAV LAND] white_uav11->white_usv15
      [UAV LAND] white_uav12->white_usv14
      [UAV LAND] white_uav10->white_usv13
      [UAV RTB] white_uav15(电量48<13+300)
      [UAV LAND] white_uav15->white_usv12
      [UAV RTB] white_uav1(电量49<2+300)
      [UAV LAND] white_uav1->white_usv12
      [UAV RTB] white_uav5(电量51<9+300)
      [UAV LAND] white_uav5->white_usv15
      [UAV LAND] white_uav6->white_usv15
      [UAV RTB] white_uav11(电量54<19+300)
      [UAV LAND] white_uav11->white_usv15
      [UAV RTB] white_uav12(电量55<24+300)
      [UAV LAND] white_uav14->white_usv14
      [UAV LAND] white_uav7->white_usv15
      [UAV RTB] white_uav10(电量58<55+300)
      [UAV LAND] white_uav13->white_usv14
      [DETECT] black_usv6
      [ASSIGN] white_usv14->black_usv6
      [ASSIGN] white_usv15->black_usv4(机会锁定)
[t=25,498s] step=600 | MISSION=NORMAL_C | USV: 7/15 (avail=0 int=7 lock=0 frz=0) | UAV: air=0 rtb=0 chg=0 loiter=0 | TRACKS: vis=3 lost=0 engaged=0 | TOP: black_usv6(x156,938) black_usv4(x138,980) black_usv5(x161,679) | KILL=28 | ACTIONS=7 | INTENT: focus=2 ratio=0.20
      [ASSIGN] white_usv12->black_usv5(机会锁定)
      [ASSIGN] white_usv9->black_usv4(机会锁定)
      [KILL] black_usv4
      [RELEASE] white_usv4->black_usv4(目标失效)
      [ASSIGN] white_usv4->black_usv5(机会锁定)
      [RELEASE] white_usv9->black_usv4(目标失效)
      [RELEASE] white_usv15->black_usv4(目标失效)
      [ASSIGN] white_usv15->black_usv5(机会锁定)
      [RELEASE] white_usv3->black_usv4(目标失效)
      [ASSIGN] white_usv9->black_usv6
      [ASSIGN] white_usv3->black_usv6
      [ASSIGN] white_usv9->black_usv5(机会锁定)
      [ASSIGN] white_usv14->black_usv5(机会锁定)
[t=26,537s] step=610 | MISSION=NORMAL_C | USV: 7/15 (avail=0 int=7 lock=0 frz=0) | UAV: air=0 rtb=0 chg=0 loiter=0 | TRACKS: vis=2 lost=0 engaged=0 | TOP: black_usv6(x146,602) black_usv5(x156,782) | KILL=29 | ACTIONS=7 | INTENT: focus=2 ratio=0.20
      [ASSIGN] white_usv3->black_usv5(机会锁定)
      [ASSIGN] white_usv4->black_usv6(机会锁定)
      [KILL] black_usv5
      [RELEASE] white_usv9->black_usv5(目标失效)
      [RELEASE] white_usv15->black_usv5(目标失效)
      [RELEASE] white_usv3->black_usv5(目标失效)
      [RELEASE] white_usv13->black_usv5(目标失效)
      [RELEASE] white_usv14->black_usv5(目标失效)
      [RELEASE] white_usv12->black_usv5(目标失效)
      [ASSIGN] white_usv12->black_usv6(机会锁定)
      [ASSIGN] white_usv15->black_usv6(机会锁定)
      [KILL] black_usv6
      [RELEASE] white_usv4->black_usv6(目标失效)
      [RELEASE] white_usv15->black_usv6(目标失效)
      [RELEASE] white_usv12->black_usv6(目标失效)

========================================================================
对局结果: Result.Victory — 敌方所有单位被击毁
  击杀蓝舰: 30 | 命中: 60 | 我方USV损失: 8 | UAV损失: 15 | 突破: 0
[META] result=Result.Victory victory_time=28546 first_detection=1841 first_lock=7411 first_kill=8306 enemy_kills=30 friendly_usv_losses=8 friendly_uav_losses=15 black_breakthrough=0 reacquire_attempts=65 reacquire_success=64 sensor_assisted_locks=94 low_conf_commitments=0 global_reacquire_entries=1 global_reacquire_success=1 coverage_collapse_events=28 active_clusters_max=1 coverage_quality_final=0.08 commander_source=default_intent commander_calls=0 commander_changes=0 commander_no_change=0 commander_parse_failures=0 commander_api_failures=0 commander_policy_failures=0 commander_avg_latency=0.0
Done
