========================================================================
HYBRID AGENT V5 — Variable-Cardinality Hierarchical Maritime Agent
  启用UAV: True | LLM_ENABLED: False
========================================================================
对局 38 开始
      [UAV RELAUNCH] white_uav2
      [UAV RELAUNCH] white_uav4
      [UAV RELAUNCH] white_uav5
      [UAV RELAUNCH] white_uav1
      [UAV RELAUNCH] white_uav3
[t=154s] step=10 | MISSION=NORMAL_C | USV: 5/5 (avail=5 int=0 lock=0 frz=0) | UAV: air=5 rtb=0 chg=0 loiter=0 | TRACKS: vis=0 lost=0 engaged=0 | TOP:  | KILL=0 | ACTIONS=10 | INTENT: focus=2 ratio=0.20
  [INTENT APPLIED]
    ThreatAllocator: focus 2 emergency 3 reserve_ratio 0.20 reserve_usvs None bias breakthrough_eta
    UAVManager: mode search_and_reacquire uav_priority []
[t=335s] step=20 | MISSION=NORMAL_C | USV: 5/5 (avail=5 int=0 lock=0 frz=0) | UAV: air=5 rtb=0 chg=0 loiter=0 | TRACKS: vis=0 lost=0 engaged=0 | TOP:  | KILL=0 | ACTIONS=10 | INTENT: focus=2 ratio=0.20
[t=512s] step=30 | MISSION=NORMAL_C | USV: 5/5 (avail=5 int=0 lock=0 frz=0) | UAV: air=5 rtb=0 chg=0 loiter=0 | TRACKS: vis=0 lost=0 engaged=0 | TOP:  | KILL=0 | ACTIONS=10 | INTENT: focus=2 ratio=0.20
[t=687s] step=40 | MISSION=NORMAL_C | USV: 5/5 (avail=5 int=0 lock=0 frz=0) | UAV: air=5 rtb=0 chg=0 loiter=0 | TRACKS: vis=0 lost=0 engaged=0 | TOP:  | KILL=0 | ACTIONS=10 | INTENT: focus=2 ratio=0.20
[t=854s] step=50 | MISSION=NORMAL_C | USV: 5/5 (avail=5 int=0 lock=0 frz=0) | UAV: air=5 rtb=0 chg=0 loiter=0 | TRACKS: vis=0 lost=0 engaged=0 | TOP:  | KILL=0 | ACTIONS=10 | INTENT: focus=2 ratio=0.20
[t=1,028s] step=60 | MISSION=NORMAL_C | USV: 5/5 (avail=5 int=0 lock=0 frz=0) | UAV: air=5 rtb=0 chg=0 loiter=0 | TRACKS: vis=0 lost=0 engaged=0 | TOP:  | KILL=0 | ACTIONS=10 | INTENT: focus=2 ratio=0.20
[t=1,206s] step=70 | MISSION=NORMAL_C | USV: 5/5 (avail=5 int=0 lock=0 frz=0) | UAV: air=5 rtb=0 chg=0 loiter=0 | TRACKS: vis=0 lost=0 engaged=0 | TOP:  | KILL=0 | ACTIONS=10 | INTENT: focus=2 ratio=0.20
[t=1,370s] step=80 | MISSION=NORMAL_C | USV: 5/5 (avail=5 int=0 lock=0 frz=0) | UAV: air=5 rtb=0 chg=0 loiter=0 | TRACKS: vis=0 lost=0 engaged=0 | TOP:  | KILL=0 | ACTIONS=10 | INTENT: focus=2 ratio=0.20
[t=1,540s] step=90 | MISSION=NORMAL_C | USV: 5/5 (avail=5 int=0 lock=0 frz=0) | UAV: air=5 rtb=0 chg=0 loiter=0 | TRACKS: vis=0 lost=0 engaged=0 | TOP:  | KILL=0 | ACTIONS=10 | INTENT: focus=2 ratio=0.20
[t=1,718s] step=100 | MISSION=NORMAL_C | USV: 5/5 (avail=5 int=0 lock=0 frz=0) | UAV: air=5 rtb=0 chg=0 loiter=0 | TRACKS: vis=0 lost=0 engaged=0 | TOP:  | KILL=0 | ACTIONS=10 | INTENT: focus=2 ratio=0.20
      [DETECT] black_usv5
      [DETECT] black_usv6
      [ASSIGN] white_usv4->black_usv6
      [ASSIGN] white_usv1->black_usv6
      [ASSIGN] white_usv2->black_usv5
      [ASSIGN] white_usv3->black_usv5
      [DETECT] black_usv4
      [DETECT] black_usv7
      [ASSIGN] white_usv5->black_usv4
      [DETECT] black_usv3
      [DETECT] black_usv8
[t=1,886s] step=110 | MISSION=NORMAL_C | USV: 5/5 (avail=0 int=5 lock=0 frz=0) | UAV: air=5 rtb=0 chg=0 loiter=0 | TRACKS: vis=6 lost=0 engaged=0 | TOP: black_usv7(x241,092) black_usv3(x241,092) black_usv8(x241,092) | KILL=0 | ACTIONS=10 | INTENT: focus=2 ratio=0.20
      [DETECT] black_usv9
      [DETECT] black_usv10
[t=2,073s] step=120 | MISSION=NORMAL_C | USV: 5/5 (avail=0 int=5 lock=0 frz=0) | UAV: air=5 rtb=0 chg=0 loiter=0 | TRACKS: vis=8 lost=0 engaged=0 | TOP: black_usv7(x239,223) black_usv3(x239,223) black_usv8(x239,223) | KILL=0 | ACTIONS=10 | INTENT: focus=2 ratio=0.20
[t=2,257s] step=130 | MISSION=NORMAL_C | USV: 5/5 (avail=0 int=5 lock=0 frz=0) | UAV: air=5 rtb=0 chg=0 loiter=0 | TRACKS: vis=8 lost=0 engaged=0 | TOP: black_usv7(x237,383) black_usv3(x237,383) black_usv8(x237,383) | KILL=0 | ACTIONS=10 | INTENT: focus=2 ratio=0.20
[t=2,438s] step=140 | MISSION=NORMAL_C | USV: 5/5 (avail=0 int=5 lock=0 frz=0) | UAV: air=5 rtb=0 chg=0 loiter=0 | TRACKS: vis=8 lost=0 engaged=0 | TOP: black_usv7(x235,575) black_usv3(x235,575) black_usv8(x235,575) | KILL=0 | ACTIONS=10 | INTENT: focus=2 ratio=0.20
[t=2,619s] step=150 | MISSION=NORMAL_C | USV: 5/5 (avail=0 int=5 lock=0 frz=0) | UAV: air=5 rtb=0 chg=0 loiter=0 | TRACKS: vis=8 lost=0 engaged=0 | TOP: black_usv7(x233,766) black_usv3(x233,766) black_usv8(x233,766) | KILL=0 | ACTIONS=10 | INTENT: focus=2 ratio=0.20
[t=2,801s] step=160 | MISSION=NORMAL_C | USV: 5/5 (avail=0 int=5 lock=0 frz=0) | UAV: air=5 rtb=0 chg=0 loiter=0 | TRACKS: vis=8 lost=0 engaged=0 | TOP: black_usv7(x231,941) black_usv3(x231,941) black_usv8(x231,941) | KILL=0 | ACTIONS=10 | INTENT: focus=2 ratio=0.20
[t=2,985s] step=170 | MISSION=NORMAL_C | USV: 5/5 (avail=0 int=5 lock=0 frz=0) | UAV: air=5 rtb=0 chg=0 loiter=0 | TRACKS: vis=8 lost=0 engaged=0 | TOP: black_usv7(x230,104) black_usv3(x230,104) black_usv8(x230,104) | KILL=0 | ACTIONS=10 | INTENT: focus=2 ratio=0.20
[t=3,175s] step=180 | MISSION=NORMAL_C | USV: 5/5 (avail=0 int=5 lock=0 frz=0) | UAV: air=5 rtb=0 chg=0 loiter=0 | TRACKS: vis=8 lost=0 engaged=0 | TOP: black_usv7(x228,210) black_usv3(x228,210) black_usv8(x228,210) | KILL=0 | ACTIONS=10 | INTENT: focus=2 ratio=0.20
[t=3,363s] step=190 | MISSION=NORMAL_C | USV: 5/5 (avail=0 int=5 lock=0 frz=0) | UAV: air=5 rtb=0 chg=0 loiter=0 | TRACKS: vis=8 lost=0 engaged=0 | TOP: black_usv7(x226,330) black_usv3(x226,330) black_usv8(x226,330) | KILL=0 | ACTIONS=10 | INTENT: focus=2 ratio=0.20
[t=3,565s] step=200 | MISSION=NORMAL_C | USV: 5/5 (avail=0 int=5 lock=0 frz=0) | UAV: air=5 rtb=0 chg=0 loiter=0 | TRACKS: vis=8 lost=0 engaged=0 | TOP: black_usv7(x224,304) black_usv3(x224,304) black_usv8(x224,304) | KILL=0 | ACTIONS=10 | INTENT: focus=2 ratio=0.20
[t=3,752s] step=210 | MISSION=NORMAL_C | USV: 5/5 (avail=0 int=5 lock=0 frz=0) | UAV: air=5 rtb=0 chg=0 loiter=0 | TRACKS: vis=8 lost=0 engaged=0 | TOP: black_usv7(x222,440) black_usv3(x222,440) black_usv8(x222,440) | KILL=0 | ACTIONS=10 | INTENT: focus=2 ratio=0.20
[t=3,943s] step=220 | MISSION=NORMAL_C | USV: 5/5 (avail=0 int=5 lock=0 frz=0) | UAV: air=5 rtb=0 chg=0 loiter=0 | TRACKS: vis=8 lost=0 engaged=0 | TOP: black_usv7(x220,530) black_usv3(x220,530) black_usv8(x220,530) | KILL=0 | ACTIONS=10 | INTENT: focus=2 ratio=0.20
[t=4,132s] step=230 | MISSION=NORMAL_C | USV: 5/5 (avail=0 int=5 lock=0 frz=0) | UAV: air=5 rtb=0 chg=0 loiter=0 | TRACKS: vis=8 lost=0 engaged=0 | TOP: black_usv7(x218,632) black_usv3(x218,632) black_usv8(x218,632) | KILL=0 | ACTIONS=10 | INTENT: focus=2 ratio=0.20
[t=4,327s] step=240 | MISSION=NORMAL_C | USV: 5/5 (avail=0 int=5 lock=0 frz=0) | UAV: air=5 rtb=0 chg=0 loiter=0 | TRACKS: vis=8 lost=0 engaged=0 | TOP: black_usv7(x216,686) black_usv3(x216,686) black_usv8(x216,686) | KILL=0 | ACTIONS=10 | INTENT: focus=2 ratio=0.20
[t=4,505s] step=250 | MISSION=NORMAL_C | USV: 5/5 (avail=0 int=5 lock=0 frz=0) | UAV: air=5 rtb=0 chg=0 loiter=0 | TRACKS: vis=8 lost=0 engaged=0 | TOP: black_usv7(x214,906) black_usv3(x214,906) black_usv8(x214,906) | KILL=0 | ACTIONS=10 | INTENT: focus=2 ratio=0.20
[t=4,688s] step=260 | MISSION=NORMAL_C | USV: 5/5 (avail=0 int=5 lock=0 frz=0) | UAV: air=5 rtb=0 chg=0 loiter=0 | TRACKS: vis=8 lost=0 engaged=0 | TOP: black_usv7(x213,071) black_usv3(x213,071) black_usv8(x213,071) | KILL=0 | ACTIONS=10 | INTENT: focus=2 ratio=0.20
[t=4,886s] step=270 | MISSION=NORMAL_C | USV: 5/5 (avail=0 int=5 lock=0 frz=0) | UAV: air=5 rtb=0 chg=0 loiter=0 | TRACKS: vis=8 lost=0 engaged=0 | TOP: black_usv7(x211,100) black_usv3(x211,100) black_usv8(x211,100) | KILL=0 | ACTIONS=10 | INTENT: focus=2 ratio=0.20
[t=5,079s] step=280 | MISSION=NORMAL_C | USV: 5/5 (avail=0 int=5 lock=0 frz=0) | UAV: air=5 rtb=0 chg=0 loiter=0 | TRACKS: vis=8 lost=0 engaged=0 | TOP: black_usv7(x209,161) black_usv3(x209,161) black_usv8(x209,161) | KILL=0 | ACTIONS=10 | INTENT: focus=2 ratio=0.20
[t=5,276s] step=290 | MISSION=NORMAL_C | USV: 5/5 (avail=0 int=5 lock=0 frz=0) | UAV: air=5 rtb=0 chg=0 loiter=0 | TRACKS: vis=8 lost=0 engaged=0 | TOP: black_usv7(x207,192) black_usv3(x207,192) black_usv8(x207,192) | KILL=0 | ACTIONS=10 | INTENT: focus=2 ratio=0.20
[t=5,466s] step=300 | MISSION=NORMAL_C | USV: 5/5 (avail=0 int=5 lock=0 frz=0) | UAV: air=5 rtb=0 chg=0 loiter=0 | TRACKS: vis=8 lost=0 engaged=0 | TOP: black_usv7(x205,300) black_usv3(x205,300) black_usv8(x205,300) | KILL=0 | ACTIONS=10 | INTENT: focus=2 ratio=0.20
[t=5,668s] step=310 | MISSION=NORMAL_C | USV: 5/5 (avail=0 int=5 lock=0 frz=0) | UAV: air=5 rtb=0 chg=0 loiter=0 | TRACKS: vis=8 lost=0 engaged=0 | TOP: black_usv7(x203,280) black_usv3(x203,280) black_usv8(x203,280) | KILL=0 | ACTIONS=10 | INTENT: focus=2 ratio=0.20
[t=5,851s] step=320 | MISSION=NORMAL_C | USV: 5/5 (avail=0 int=5 lock=0 frz=0) | UAV: air=5 rtb=0 chg=0 loiter=0 | TRACKS: vis=8 lost=0 engaged=0 | TOP: black_usv7(x201,446) black_usv3(x201,446) black_usv8(x201,446) | KILL=0 | ACTIONS=10 | INTENT: focus=2 ratio=0.20
[t=6,039s] step=330 | MISSION=NORMAL_C | USV: 5/5 (avail=0 int=5 lock=0 frz=0) | UAV: air=5 rtb=0 chg=0 loiter=0 | TRACKS: vis=8 lost=0 engaged=0 | TOP: black_usv7(x199,566) black_usv3(x199,566) black_usv8(x199,566) | KILL=0 | ACTIONS=10 | INTENT: focus=2 ratio=0.20
[t=6,216s] step=340 | MISSION=NORMAL_C | USV: 5/5 (avail=0 int=5 lock=0 frz=0) | UAV: air=5 rtb=0 chg=0 loiter=0 | TRACKS: vis=8 lost=0 engaged=0 | TOP: black_usv7(x197,796) black_usv3(x197,796) black_usv8(x197,796) | KILL=0 | ACTIONS=10 | INTENT: focus=2 ratio=0.20
[t=6,391s] step=350 | MISSION=NORMAL_C | USV: 5/5 (avail=0 int=5 lock=0 frz=0) | UAV: air=5 rtb=0 chg=0 loiter=0 | TRACKS: vis=8 lost=0 engaged=0 | TOP: black_usv7(x196,042) black_usv3(x196,042) black_usv8(x196,042) | KILL=0 | ACTIONS=10 | INTENT: focus=2 ratio=0.20
[t=6,594s] step=360 | MISSION=NORMAL_C | USV: 5/5 (avail=0 int=5 lock=0 frz=0) | UAV: air=5 rtb=0 chg=0 loiter=0 | TRACKS: vis=8 lost=0 engaged=0 | TOP: black_usv7(x194,012) black_usv3(x194,012) black_usv8(x194,012) | KILL=0 | ACTIONS=10 | INTENT: focus=2 ratio=0.20
[t=6,781s] step=370 | MISSION=NORMAL_C | USV: 5/5 (avail=0 int=5 lock=0 frz=0) | UAV: air=5 rtb=0 chg=0 loiter=0 | TRACKS: vis=8 lost=0 engaged=0 | TOP: black_usv7(x192,143) black_usv3(x192,143) black_usv8(x192,143) | KILL=0 | ACTIONS=10 | INTENT: focus=2 ratio=0.20
[t=6,965s] step=380 | MISSION=NORMAL_C | USV: 5/5 (avail=0 int=5 lock=0 frz=0) | UAV: air=5 rtb=0 chg=0 loiter=0 | TRACKS: vis=8 lost=0 engaged=0 | TOP: black_usv7(x190,303) black_usv3(x190,303) black_usv8(x190,303) | KILL=0 | ACTIONS=10 | INTENT: focus=2 ratio=0.20
[t=7,174s] step=390 | MISSION=NORMAL_C | USV: 5/5 (avail=0 int=5 lock=0 frz=0) | UAV: air=5 rtb=0 chg=0 loiter=0 | TRACKS: vis=8 lost=0 engaged=0 | TOP: black_usv7(x188,220) black_usv3(x188,220) black_usv8(x188,220) | KILL=0 | ACTIONS=10 | INTENT: focus=2 ratio=0.20
      [ASSIGN] white_usv4->black_usv7(机会锁定)
      [ASSIGN] white_usv2->black_usv4(机会锁定)
[t=7,381s] step=400 | MISSION=NORMAL_C | USV: 5/5 (avail=0 int=4 lock=1 frz=0) | UAV: air=5 rtb=0 chg=0 loiter=0 | TRACKS: vis=8 lost=0 engaged=1 | TOP: black_usv9(x186,142) black_usv10(x186,142) black_usv3(x186,659) | KILL=0 | ACTIONS=10 | INTENT: focus=2 ratio=0.20
      [ASSIGN] white_usv1->black_usv4(机会锁定)
      [ASSIGN] white_usv5->black_usv6(机会锁定)
[t=7,600s] step=410 | MISSION=NORMAL_C | USV: 5/5 (avail=0 int=0 lock=5 frz=0) | UAV: air=5 rtb=0 chg=0 loiter=0 | TRACKS: vis=8 lost=0 engaged=4 | TOP: black_usv9(x183,955) black_usv10(x183,955) black_usv3(x185,050) | KILL=0 | ACTIONS=10 | INTENT: focus=2 ratio=0.20
      [ASSIGN] white_usv3->black_usv3(机会锁定)
      [ASSIGN] white_usv4->black_usv5(机会锁定)
      [ASSIGN] white_usv2->black_usv5(机会锁定)
      [ASSIGN] white_usv5->black_usv7(机会锁定)
[t=7,808s] step=420 | MISSION=NORMAL_C | USV: 5/5 (avail=0 int=0 lock=5 frz=0) | UAV: air=5 rtb=0 chg=0 loiter=0 | TRACKS: vis=8 lost=0 engaged=4 | TOP: black_usv9(x181,880) black_usv10(x181,880) black_usv6(x183,917) | KILL=0 | ACTIONS=10 | INTENT: focus=2 ratio=0.20
      [ASSIGN] white_usv3->black_usv6(机会锁定)
      [ASSIGN] white_usv4->black_usv9(机会锁定)
      [ASSIGN] white_usv2->black_usv3(机会锁定)
[t=8,016s] step=430 | MISSION=NORMAL_C | USV: 5/5 (avail=0 int=2 lock=3 frz=0) | UAV: air=5 rtb=0 chg=0 loiter=0 | TRACKS: vis=8 lost=0 engaged=3 | TOP: black_usv9(x179,795) black_usv10(x179,795) black_usv3(x182,161) | KILL=1 | ACTIONS=10 | INTENT: focus=2 ratio=0.20
      [ASSIGN] white_usv1->black_usv5(机会锁定)
      [ASSIGN] white_usv1->black_usv4(机会锁定)
      [ASSIGN] white_usv5->black_usv4(机会锁定)
      [ASSIGN] white_usv1->black_usv5(机会锁定)
      [ASSIGN] white_usv5->black_usv7(机会锁定)
      [ASSIGN] white_usv1->black_usv4(机会锁定)
      [ASSIGN] white_usv1->black_usv5(机会锁定)
      [ASSIGN] white_usv1->black_usv4(机会锁定)
      [ASSIGN] white_usv1->black_usv5(机会锁定)
      [ASSIGN] white_usv1->black_usv4(机会锁定)
[t=8,232s] step=440 | MISSION=NORMAL_C | USV: 5/5 (avail=0 int=1 lock=4 frz=0) | UAV: air=5 rtb=0 chg=0 loiter=0 | TRACKS: vis=8 lost=0 engaged=4 | TOP: black_usv10(x177,635) black_usv9(x177,635) black_usv8(x181,042) | KILL=2 | ACTIONS=10 | INTENT: focus=2 ratio=0.20
      [ASSIGN] white_usv1->black_usv5(机会锁定)
      [ASSIGN] white_usv1->black_usv4(机会锁定)
      [ASSIGN] white_usv1->black_usv5(机会锁定)
      [ASSIGN] white_usv1->black_usv4(机会锁定)
      [ASSIGN] white_usv3->black_usv4(机会锁定)
      [ASSIGN] white_usv4->black_usv6(机会锁定)
      [ASSIGN] white_usv1->black_usv5(机会锁定)
      [ASSIGN] white_usv2->black_usv5(机会锁定)
      [ASSIGN] white_usv3->black_usv6(机会锁定)
      [ASSIGN] white_usv1->black_usv3(机会锁定)
      [ASSIGN] white_usv2->black_usv3(机会锁定)
      [ASSIGN] white_usv1->black_usv4(机会锁定)
      [ASSIGN] white_usv2->black_usv4(机会锁定)
      [ASSIGN] white_usv1->black_usv3(机会锁定)
      [ASSIGN] white_usv2->black_usv3(机会锁定)
      [ASSIGN] white_usv1->black_usv4(机会锁定)
      [ASSIGN] white_usv2->black_usv4(机会锁定)
      [ASSIGN] white_usv5->black_usv9(机会锁定)
      [ASSIGN] white_usv1->black_usv3(机会锁定)
      [ASSIGN] white_usv2->black_usv3(机会锁定)
[t=8,461s] step=450 | MISSION=NORMAL_C | USV: 5/5 (avail=0 int=2 lock=3 frz=0) | UAV: air=5 rtb=0 chg=0 loiter=0 | TRACKS: vis=8 lost=0 engaged=2 | TOP: black_usv10(x175,345) black_usv9(x175,345) black_usv3(x181,926) | KILL=3 | ACTIONS=10 | INTENT: focus=2 ratio=0.20
      [ASSIGN] white_usv1->black_usv4(机会锁定)
      [ASSIGN] white_usv2->black_usv4(机会锁定)
      [ASSIGN] white_usv1->black_usv3(机会锁定)
      [ASSIGN] white_usv2->black_usv3(机会锁定)
      [ASSIGN] white_usv1->black_usv4(机会锁定)
      [ASSIGN] white_usv2->black_usv4(机会锁定)
      [ASSIGN] white_usv1->black_usv3(机会锁定)
      [ASSIGN] white_usv2->black_usv3(机会锁定)
      [ASSIGN] white_usv1->black_usv4(机会锁定)
      [KILL] black_usv5
      [ASSIGN] white_usv4->black_usv7(机会锁定)
      [ASSIGN] white_usv3->black_usv4(机会锁定)
      [KILL] black_usv4
      [RELEASE] white_usv3->black_usv4(目标失效)
      [ASSIGN] white_usv3->black_usv6(机会锁定)
[t=8,686s] step=460 | MISSION=NORMAL_C | USV: 4/5 (avail=0 int=2 lock=2 frz=0) | UAV: air=5 rtb=0 chg=0 loiter=0 | TRACKS: vis=6 lost=0 engaged=2 | TOP: black_usv8(x177,978) black_usv6(x179,978) black_usv10(x173,095) | KILL=4 | ACTIONS=9 | INTENT: focus=2 ratio=0.20
      [ASSIGN] white_usv3->black_usv3(机会锁定)
      [ASSIGN] white_usv3->black_usv6(机会锁定)
      [ASSIGN] white_usv3->black_usv3(机会锁定)
      [ASSIGN] white_usv5->black_usv10(机会锁定)
      [ASSIGN] white_usv2->black_usv6(机会锁定)
      [ASSIGN] white_usv3->black_usv6(机会锁定)
      [ASSIGN] white_usv2->black_usv3(机会锁定)
      [ASSIGN] white_usv3->black_usv3(机会锁定)
      [ASSIGN] white_usv2->black_usv6(机会锁定)
      [ASSIGN] white_usv3->black_usv6(机会锁定)
      [ASSIGN] white_usv2->black_usv3(机会锁定)
      [ASSIGN] white_usv3->black_usv3(机会锁定)
      [ASSIGN] white_usv2->black_usv6(机会锁定)
      [ASSIGN] white_usv3->black_usv6(机会锁定)
      [ASSIGN] white_usv2->black_usv3(机会锁定)
      [ASSIGN] white_usv3->black_usv3(机会锁定)
[t=8,888s] step=470 | MISSION=NORMAL_C | USV: 4/5 (avail=0 int=2 lock=2 frz=0) | UAV: air=5 rtb=0 chg=0 loiter=0 | TRACKS: vis=6 lost=0 engaged=2 | TOP: black_usv9(x172,615) black_usv8(x176,620) black_usv3(x181,926) | KILL=4 | ACTIONS=9 | INTENT: focus=2 ratio=0.20
      [ASSIGN] white_usv2->black_usv6(机会锁定)
      [ASSIGN] white_usv3->black_usv6(机会锁定)
      [ASSIGN] white_usv2->black_usv3(机会锁定)
      [ASSIGN] white_usv3->black_usv3(机会锁定)
      [KILL] black_usv3
      [RELEASE] white_usv2->black_usv3(目标失效)
      [ASSIGN] white_usv2->black_usv6(机会锁定)
      [RELEASE] white_usv3->black_usv3(目标失效)
      [ASSIGN] white_usv3->black_usv6(机会锁定)
      [ASSIGN] white_usv2->black_usv9(机会锁定)
      [ASSIGN] white_usv4->black_usv8(机会锁定)
      [ASSIGN] white_usv5->black_usv7(机会锁定)
[t=9,088s] step=480 | MISSION=NORMAL_C | USV: 4/5 (avail=0 int=2 lock=2 frz=0) | UAV: air=5 rtb=0 chg=0 loiter=0 | TRACKS: vis=5 lost=0 engaged=2 | TOP: black_usv7(x175,042) black_usv9(x172,342) black_usv8(x175,268) | KILL=4 | ACTIONS=9 | INTENT: focus=2 ratio=0.20
      [KILL] black_usv6
      [RELEASE] white_usv3->black_usv6(目标失效)
      [ASSIGN] white_usv3->black_usv9(机会锁定)
[t=9,281s] step=490 | MISSION=NORMAL_C | USV: 4/5 (avail=0 int=2 lock=2 frz=0) | UAV: air=5 rtb=0 chg=0 loiter=0 | TRACKS: vis=4 lost=0 engaged=2 | TOP: black_usv10(x170,197) black_usv7(x173,718) black_usv8(x173,966) | KILL=4 | ACTIONS=9 | INTENT: focus=2 ratio=0.20
      [ASSIGN] white_usv4->black_usv10(机会锁定)
[t=9,461s] step=500 | MISSION=NORMAL_C | USV: 2/5 (avail=0 int=0 lock=2 frz=0) | UAV: air=5 rtb=0 chg=0 loiter=0 | TRACKS: vis=4 lost=0 engaged=1 | TOP: black_usv10(x169,595) black_usv7(x172,483) black_usv8(x173,888) | KILL=4 | ACTIONS=7 | INTENT: focus=2 ratio=0.20
      [ASSIGN] white_usv2->black_usv7(机会锁定)
      [ASSIGN] white_usv3->black_usv7(机会锁定)
[t=9,639s] step=510 | MISSION=NORMAL_C | USV: 2/5 (avail=0 int=0 lock=2 frz=0) | UAV: air=5 rtb=0 chg=0 loiter=0 | TRACKS: vis=4 lost=0 engaged=1 | TOP: black_usv9(x168,590) black_usv10(x168,497) black_usv8(x173,583) | KILL=6 | ACTIONS=7 | INTENT: focus=2 ratio=0.20
[t=9,820s] step=520 | MISSION=NORMAL_C | USV: 2/5 (avail=0 int=0 lock=2 frz=0) | UAV: air=5 rtb=0 chg=0 loiter=0 | TRACKS: vis=4 lost=0 engaged=1 | TOP: black_usv9(x168,590) black_usv10(x168,497) black_usv8(x172,359) | KILL=6 | ACTIONS=7 | INTENT: focus=2 ratio=0.20
      [ASSIGN] white_usv2->black_usv9(机会锁定)
      [ASSIGN] white_usv3->black_usv9(机会锁定)
      [ASSIGN] white_usv2->black_usv7(机会锁定)
      [ASSIGN] white_usv3->black_usv7(机会锁定)
      [ASSIGN] white_usv2->black_usv9(机会锁定)
      [ASSIGN] white_usv3->black_usv9(机会锁定)
      [ASSIGN] white_usv2->black_usv7(机会锁定)
      [ASSIGN] white_usv3->black_usv7(机会锁定)
      [ASSIGN] white_usv2->black_usv9(机会锁定)
      [ASSIGN] white_usv3->black_usv9(机会锁定)
[t=9,998s] step=530 | MISSION=NORMAL_C | USV: 2/5 (avail=0 int=2 lock=0 frz=0) | UAV: air=5 rtb=0 chg=0 loiter=0 | TRACKS: vis=4 lost=0 engaged=0 | TOP: black_usv9(x168,590) black_usv10(x168,497) black_usv8(x171,157) | KILL=7 | ACTIONS=7 | INTENT: focus=2 ratio=0.20
      [ASSIGN] white_usv2->black_usv7(机会锁定)
      [ASSIGN] white_usv3->black_usv7(机会锁定)
      [ASSIGN] white_usv2->black_usv9(机会锁定)
      [ASSIGN] white_usv3->black_usv9(机会锁定)
      [ASSIGN] white_usv2->black_usv7(机会锁定)
      [ASSIGN] white_usv3->black_usv7(机会锁定)
      [ASSIGN] white_usv2->black_usv9(机会锁定)
      [ASSIGN] white_usv3->black_usv9(机会锁定)
      [ASSIGN] white_usv2->black_usv7(机会锁定)
      [ASSIGN] white_usv3->black_usv7(机会锁定)
      [ASSIGN] white_usv2->black_usv9(机会锁定)
      [ASSIGN] white_usv3->black_usv9(机会锁定)
      [ASSIGN] white_usv2->black_usv7(机会锁定)
      [ASSIGN] white_usv3->black_usv7(机会锁定)
      [ASSIGN] white_usv2->black_usv9(机会锁定)
      [ASSIGN] white_usv3->black_usv9(机会锁定)
      [ASSIGN] white_usv2->black_usv7(机会锁定)
      [ASSIGN] white_usv3->black_usv7(机会锁定)
      [ASSIGN] white_usv2->black_usv9(机会锁定)
      [ASSIGN] white_usv3->black_usv9(机会锁定)
[t=10,191s] step=540 | MISSION=NORMAL_C | USV: 2/5 (avail=0 int=2 lock=0 frz=0) | UAV: air=5 rtb=0 chg=0 loiter=0 | TRACKS: vis=4 lost=0 engaged=0 | TOP: black_usv9(x168,590) black_usv10(x168,497) black_usv8(x169,862) | KILL=7 | ACTIONS=7 | INTENT: focus=2 ratio=0.20
      [KILL] black_usv9
      [RELEASE] white_usv2->black_usv9(目标失效)
      [ASSIGN] white_usv2->black_usv7(机会锁定)
      [RELEASE] white_usv3->black_usv9(目标失效)
      [KILL] black_usv10
      [ASSIGN] white_usv3->black_usv8
      [ASSIGN] white_usv3->black_usv7(机会锁定)
      [ASSIGN] white_usv2->black_usv8(机会锁定)
[t=10,378s] step=550 | MISSION=NORMAL_C | USV: 2/5 (avail=0 int=1 lock=1 frz=0) | UAV: air=5 rtb=0 chg=0 loiter=0 | TRACKS: vis=2 lost=0 engaged=1 | TOP: black_usv8(x168,595) black_usv7(x169,404) | KILL=7 | ACTIONS=7 | INTENT: focus=2 ratio=0.20
      [KILL] black_usv7
      [RELEASE] white_usv3->black_usv7(目标失效)
      [ASSIGN] white_usv3->black_usv8
[t=10,568s] step=560 | MISSION=NORMAL_C | USV: 2/5 (avail=0 int=1 lock=1 frz=0) | UAV: air=5 rtb=0 chg=0 loiter=0 | TRACKS: vis=1 lost=0 engaged=1 | TOP: black_usv8(x167,313) | KILL=7 | ACTIONS=7 | INTENT: focus=2 ratio=0.20
[t=10,748s] step=570 | MISSION=NORMAL_C | USV: 2/5 (avail=0 int=2 lock=0 frz=0) | UAV: air=5 rtb=0 chg=0 loiter=0 | TRACKS: vis=1 lost=0 engaged=0 | TOP: black_usv8(x167,271) | KILL=8 | ACTIONS=7 | INTENT: focus=2 ratio=0.20
[t=10,925s] step=580 | MISSION=NORMAL_C | USV: 2/5 (avail=0 int=2 lock=0 frz=0) | UAV: air=5 rtb=0 chg=0 loiter=0 | TRACKS: vis=1 lost=0 engaged=0 | TOP: black_usv8(x167,271) | KILL=8 | ACTIONS=7 | INTENT: focus=2 ratio=0.20
[t=11,113s] step=590 | MISSION=NORMAL_C | USV: 2/5 (avail=0 int=2 lock=0 frz=0) | UAV: air=5 rtb=0 chg=0 loiter=0 | TRACKS: vis=1 lost=0 engaged=0 | TOP: black_usv8(x167,271) | KILL=8 | ACTIONS=7 | INTENT: focus=2 ratio=0.20
      [KILL] black_usv8
      [RELEASE] white_usv2->black_usv8(目标失效)
      [RELEASE] white_usv3->black_usv8(目标失效)
[t=11,286s] step=600 | MISSION=NORMAL_C | USV: 2/5 (avail=2 int=0 lock=0 frz=0) | UAV: air=5 rtb=0 chg=0 loiter=0 | TRACKS: vis=0 lost=0 engaged=0 | TOP:  | KILL=8 | ACTIONS=7 | INTENT: focus=2 ratio=0.20
[t=11,462s] step=610 | MISSION=GLOBAL_R | USV: 2/5 (avail=2 int=0 lock=0 frz=0) | UAV: air=5 rtb=0 chg=0 loiter=0 | TRACKS: vis=0 lost=0 engaged=0 | TOP:  | KILL=8 | ACTIONS=7 | INTENT: focus=2 ratio=0.20
      [DETECT] black_usv2
      [ASSIGN] white_usv2->black_usv2
      [ASSIGN] white_usv3->black_usv2
[t=11,636s] step=620 | MISSION=NORMAL_C | USV: 2/5 (avail=0 int=2 lock=0 frz=0) | UAV: air=5 rtb=0 chg=0 loiter=0 | TRACKS: vis=0 lost=1 engaged=0 | TOP: black_usv2(x199,462) | KILL=8 | ACTIONS=7 | INTENT: focus=2 ratio=0.20
[t=11,808s] step=630 | MISSION=NORMAL_C | USV: 2/5 (avail=0 int=2 lock=0 frz=0) | UAV: air=5 rtb=0 chg=0 loiter=0 | TRACKS: vis=0 lost=1 engaged=0 | TOP: black_usv2(x198,568) | KILL=8 | ACTIONS=7 | INTENT: focus=2 ratio=0.20
      [RELEASE] white_usv2->black_usv2(目标失效)
      [RELEASE] white_usv3->black_usv2(目标失效)
[t=11,980s] step=640 | MISSION=GLOBAL_R | USV: 2/5 (avail=2 int=0 lock=0 frz=0) | UAV: air=5 rtb=0 chg=0 loiter=0 | TRACKS: vis=0 lost=0 engaged=0 | TOP:  | KILL=8 | ACTIONS=7 | INTENT: focus=2 ratio=0.20
      [DETECT] black_usv1
      [ASSIGN] white_usv2->black_usv1
      [ASSIGN] white_usv3->black_usv1
[t=12,153s] step=650 | MISSION=NORMAL_C | USV: 2/5 (avail=0 int=2 lock=0 frz=0) | UAV: air=5 rtb=0 chg=0 loiter=0 | TRACKS: vis=0 lost=1 engaged=0 | TOP: black_usv1(x226,901) | KILL=8 | ACTIONS=7 | INTENT: focus=2 ratio=0.20
      [RELEASE] white_usv2->black_usv1(目标失效)
      [RELEASE] white_usv3->black_usv1(目标失效)
[t=12,340s] step=660 | MISSION=NORMAL_C | USV: 2/5 (avail=0 int=2 lock=0 frz=0) | UAV: air=5 rtb=0 chg=0 loiter=0 | TRACKS: vis=0 lost=0 engaged=0 | TOP:  | KILL=8 | ACTIONS=7 | INTENT: focus=2 ratio=0.20
      [DETECT] black_usv2
      [ASSIGN] white_usv2->black_usv2
      [ASSIGN] white_usv3->black_usv2
[t=12,515s] step=670 | MISSION=NORMAL_C | USV: 2/5 (avail=2 int=0 lock=0 frz=0) | UAV: air=5 rtb=0 chg=0 loiter=0 | TRACKS: vis=1 lost=0 engaged=0 | TOP: black_usv2(x194,891) | KILL=8 | ACTIONS=7 | INTENT: focus=2 ratio=0.20
[t=12,700s] step=680 | MISSION=NORMAL_C | USV: 2/5 (avail=0 int=2 lock=0 frz=0) | UAV: air=5 rtb=0 chg=0 loiter=0 | TRACKS: vis=0 lost=1 engaged=0 | TOP: black_usv2(x193,928) | KILL=8 | ACTIONS=7 | INTENT: focus=2 ratio=0.20
      [RELEASE] white_usv2->black_usv2(目标失效)
      [RELEASE] white_usv3->black_usv2(目标失效)
[t=12,883s] step=690 | MISSION=NORMAL_C | USV: 2/5 (avail=2 int=0 lock=0 frz=0) | UAV: air=5 rtb=0 chg=0 loiter=0 | TRACKS: vis=0 lost=0 engaged=0 | TOP:  | KILL=8 | ACTIONS=7 | INTENT: focus=2 ratio=0.20
[t=13,071s] step=700 | MISSION=GLOBAL_R | USV: 2/5 (avail=2 int=0 lock=0 frz=0) | UAV: air=5 rtb=0 chg=0 loiter=0 | TRACKS: vis=0 lost=0 engaged=0 | TOP:  | KILL=8 | ACTIONS=7 | INTENT: focus=2 ratio=0.20
[t=13,254s] step=710 | MISSION=GLOBAL_R | USV: 2/5 (avail=2 int=0 lock=0 frz=0) | UAV: air=5 rtb=0 chg=0 loiter=0 | TRACKS: vis=0 lost=0 engaged=0 | TOP:  | KILL=8 | ACTIONS=7 | INTENT: focus=2 ratio=0.20
[t=13,428s] step=720 | MISSION=GLOBAL_R | USV: 2/5 (avail=2 int=0 lock=0 frz=0) | UAV: air=5 rtb=0 chg=0 loiter=0 | TRACKS: vis=0 lost=0 engaged=0 | TOP:  | KILL=8 | ACTIONS=7 | INTENT: focus=2 ratio=0.20
[t=13,610s] step=730 | MISSION=GLOBAL_R | USV: 2/5 (avail=2 int=0 lock=0 frz=0) | UAV: air=5 rtb=0 chg=0 loiter=0 | TRACKS: vis=0 lost=0 engaged=0 | TOP:  | KILL=8 | ACTIONS=7 | INTENT: focus=2 ratio=0.20
[t=13,786s] step=740 | MISSION=GLOBAL_R | USV: 2/5 (avail=2 int=0 lock=0 frz=0) | UAV: air=5 rtb=0 chg=0 loiter=0 | TRACKS: vis=0 lost=0 engaged=0 | TOP:  | KILL=8 | ACTIONS=7 | INTENT: focus=2 ratio=0.20
[t=13,963s] step=750 | MISSION=GLOBAL_R | USV: 2/5 (avail=2 int=0 lock=0 frz=0) | UAV: air=5 rtb=0 chg=0 loiter=0 | TRACKS: vis=0 lost=0 engaged=0 | TOP:  | KILL=8 | ACTIONS=7 | INTENT: focus=2 ratio=0.20
[t=14,142s] step=760 | MISSION=GLOBAL_R | USV: 2/5 (avail=2 int=0 lock=0 frz=0) | UAV: air=5 rtb=0 chg=0 loiter=0 | TRACKS: vis=0 lost=0 engaged=0 | TOP:  | KILL=8 | ACTIONS=7 | INTENT: focus=2 ratio=0.20
[t=14,316s] step=770 | MISSION=GLOBAL_R | USV: 2/5 (avail=2 int=0 lock=0 frz=0) | UAV: air=5 rtb=0 chg=0 loiter=0 | TRACKS: vis=0 lost=0 engaged=0 | TOP:  | KILL=8 | ACTIONS=7 | INTENT: focus=2 ratio=0.20
[t=14,495s] step=780 | MISSION=GLOBAL_R | USV: 2/5 (avail=2 int=0 lock=0 frz=0) | UAV: air=5 rtb=0 chg=0 loiter=0 | TRACKS: vis=0 lost=0 engaged=0 | TOP:  | KILL=8 | ACTIONS=7 | INTENT: focus=2 ratio=0.20
[t=14,677s] step=790 | MISSION=GLOBAL_R | USV: 2/5 (avail=2 int=0 lock=0 frz=0) | UAV: air=5 rtb=0 chg=0 loiter=0 | TRACKS: vis=0 lost=0 engaged=0 | TOP:  | KILL=8 | ACTIONS=7 | INTENT: focus=2 ratio=0.20
[t=14,861s] step=800 | MISSION=GLOBAL_R | USV: 2/5 (avail=2 int=0 lock=0 frz=0) | UAV: air=5 rtb=0 chg=0 loiter=0 | TRACKS: vis=0 lost=0 engaged=0 | TOP:  | KILL=8 | ACTIONS=7 | INTENT: focus=2 ratio=0.20
[t=15,038s] step=810 | MISSION=GLOBAL_R | USV: 2/5 (avail=2 int=0 lock=0 frz=0) | UAV: air=5 rtb=0 chg=0 loiter=0 | TRACKS: vis=0 lost=0 engaged=0 | TOP:  | KILL=8 | ACTIONS=7 | INTENT: focus=2 ratio=0.20
[t=15,209s] step=820 | MISSION=GLOBAL_R | USV: 2/5 (avail=2 int=0 lock=0 frz=0) | UAV: air=5 rtb=0 chg=0 loiter=0 | TRACKS: vis=0 lost=0 engaged=0 | TOP:  | KILL=8 | ACTIONS=7 | INTENT: focus=2 ratio=0.20
[t=15,382s] step=830 | MISSION=GLOBAL_R | USV: 2/5 (avail=2 int=0 lock=0 frz=0) | UAV: air=5 rtb=0 chg=0 loiter=0 | TRACKS: vis=0 lost=0 engaged=0 | TOP:  | KILL=8 | ACTIONS=7 | INTENT: focus=2 ratio=0.20
[t=15,559s] step=840 | MISSION=GLOBAL_R | USV: 2/5 (avail=2 int=0 lock=0 frz=0) | UAV: air=5 rtb=0 chg=0 loiter=0 | TRACKS: vis=0 lost=0 engaged=0 | TOP:  | KILL=8 | ACTIONS=7 | INTENT: focus=2 ratio=0.20
[t=15,734s] step=850 | MISSION=GLOBAL_R | USV: 2/5 (avail=2 int=0 lock=0 frz=0) | UAV: air=5 rtb=0 chg=0 loiter=0 | TRACKS: vis=0 lost=0 engaged=0 | TOP:  | KILL=8 | ACTIONS=7 | INTENT: focus=2 ratio=0.20
[t=15,915s] step=860 | MISSION=GLOBAL_R | USV: 2/5 (avail=2 int=0 lock=0 frz=0) | UAV: air=5 rtb=0 chg=0 loiter=0 | TRACKS: vis=0 lost=0 engaged=0 | TOP:  | KILL=8 | ACTIONS=7 | INTENT: focus=2 ratio=0.20
[t=16,102s] step=870 | MISSION=GLOBAL_R | USV: 2/5 (avail=2 int=0 lock=0 frz=0) | UAV: air=5 rtb=0 chg=0 loiter=0 | TRACKS: vis=0 lost=0 engaged=0 | TOP:  | KILL=8 | ACTIONS=7 | INTENT: focus=2 ratio=0.20
[t=16,290s] step=880 | MISSION=GLOBAL_R | USV: 2/5 (avail=2 int=0 lock=0 frz=0) | UAV: air=5 rtb=0 chg=0 loiter=0 | TRACKS: vis=0 lost=0 engaged=0 | TOP:  | KILL=8 | ACTIONS=7 | INTENT: focus=2 ratio=0.20
[t=16,477s] step=890 | MISSION=GLOBAL_R | USV: 2/5 (avail=2 int=0 lock=0 frz=0) | UAV: air=5 rtb=0 chg=0 loiter=0 | TRACKS: vis=0 lost=0 engaged=0 | TOP:  | KILL=8 | ACTIONS=7 | INTENT: focus=2 ratio=0.20
[t=16,662s] step=900 | MISSION=GLOBAL_R | USV: 2/5 (avail=2 int=0 lock=0 frz=0) | UAV: air=5 rtb=0 chg=0 loiter=0 | TRACKS: vis=0 lost=0 engaged=0 | TOP:  | KILL=8 | ACTIONS=7 | INTENT: focus=2 ratio=0.20
[t=16,841s] step=910 | MISSION=GLOBAL_R | USV: 2/5 (avail=2 int=0 lock=0 frz=0) | UAV: air=5 rtb=0 chg=0 loiter=0 | TRACKS: vis=0 lost=0 engaged=0 | TOP:  | KILL=8 | ACTIONS=7 | INTENT: focus=2 ratio=0.20
[t=17,030s] step=920 | MISSION=GLOBAL_R | USV: 2/5 (avail=2 int=0 lock=0 frz=0) | UAV: air=5 rtb=0 chg=0 loiter=0 | TRACKS: vis=0 lost=0 engaged=0 | TOP:  | KILL=8 | ACTIONS=7 | INTENT: focus=2 ratio=0.20
[t=17,211s] step=930 | MISSION=GLOBAL_R | USV: 2/5 (avail=2 int=0 lock=0 frz=0) | UAV: air=5 rtb=0 chg=0 loiter=0 | TRACKS: vis=0 lost=0 engaged=0 | TOP:  | KILL=8 | ACTIONS=7 | INTENT: focus=2 ratio=0.20
[t=17,394s] step=940 | MISSION=GLOBAL_R | USV: 2/5 (avail=2 int=0 lock=0 frz=0) | UAV: air=5 rtb=0 chg=0 loiter=0 | TRACKS: vis=0 lost=0 engaged=0 | TOP:  | KILL=8 | ACTIONS=7 | INTENT: focus=2 ratio=0.20
[t=17,581s] step=950 | MISSION=GLOBAL_R | USV: 2/5 (avail=2 int=0 lock=0 frz=0) | UAV: air=5 rtb=0 chg=0 loiter=0 | TRACKS: vis=0 lost=0 engaged=0 | TOP:  | KILL=8 | ACTIONS=7 | INTENT: focus=2 ratio=0.20
[t=17,760s] step=960 | MISSION=GLOBAL_R | USV: 2/5 (avail=2 int=0 lock=0 frz=0) | UAV: air=5 rtb=0 chg=0 loiter=0 | TRACKS: vis=0 lost=0 engaged=0 | TOP:  | KILL=8 | ACTIONS=7 | INTENT: focus=2 ratio=0.20
[t=17,950s] step=970 | MISSION=GLOBAL_R | USV: 2/5 (avail=2 int=0 lock=0 frz=0) | UAV: air=5 rtb=0 chg=0 loiter=0 | TRACKS: vis=0 lost=0 engaged=0 | TOP:  | KILL=8 | ACTIONS=7 | INTENT: focus=2 ratio=0.20
[t=18,139s] step=980 | MISSION=GLOBAL_R | USV: 2/5 (avail=2 int=0 lock=0 frz=0) | UAV: air=5 rtb=0 chg=0 loiter=0 | TRACKS: vis=0 lost=0 engaged=0 | TOP:  | KILL=8 | ACTIONS=7 | INTENT: focus=2 ratio=0.20
[t=18,330s] step=990 | MISSION=GLOBAL_R | USV: 2/5 (avail=2 int=0 lock=0 frz=0) | UAV: air=5 rtb=0 chg=0 loiter=0 | TRACKS: vis=0 lost=0 engaged=0 | TOP:  | KILL=8 | ACTIONS=7 | INTENT: focus=2 ratio=0.20
[t=18,527s] step=1000 | MISSION=GLOBAL_R | USV: 2/5 (avail=2 int=0 lock=0 frz=0) | UAV: air=5 rtb=0 chg=0 loiter=0 | TRACKS: vis=0 lost=0 engaged=0 | TOP:  | KILL=8 | ACTIONS=7 | INTENT: focus=2 ratio=0.20
[t=18,711s] step=1010 | MISSION=GLOBAL_R | USV: 2/5 (avail=2 int=0 lock=0 frz=0) | UAV: air=5 rtb=0 chg=0 loiter=0 | TRACKS: vis=0 lost=0 engaged=0 | TOP:  | KILL=8 | ACTIONS=7 | INTENT: focus=2 ratio=0.20
[t=18,908s] step=1020 | MISSION=GLOBAL_R | USV: 2/5 (avail=2 int=0 lock=0 frz=0) | UAV: air=5 rtb=0 chg=0 loiter=0 | TRACKS: vis=0 lost=0 engaged=0 | TOP:  | KILL=8 | ACTIONS=7 | INTENT: focus=2 ratio=0.20
[t=19,104s] step=1030 | MISSION=GLOBAL_R | USV: 2/5 (avail=2 int=0 lock=0 frz=0) | UAV: air=5 rtb=0 chg=0 loiter=0 | TRACKS: vis=0 lost=0 engaged=0 | TOP:  | KILL=8 | ACTIONS=7 | INTENT: focus=2 ratio=0.20
[t=19,293s] step=1040 | MISSION=GLOBAL_R | USV: 2/5 (avail=2 int=0 lock=0 frz=0) | UAV: air=5 rtb=0 chg=0 loiter=0 | TRACKS: vis=0 lost=0 engaged=0 | TOP:  | KILL=8 | ACTIONS=7 | INTENT: focus=2 ratio=0.20
[t=19,483s] step=1050 | MISSION=GLOBAL_R | USV: 2/5 (avail=2 int=0 lock=0 frz=0) | UAV: air=5 rtb=0 chg=0 loiter=0 | TRACKS: vis=0 lost=0 engaged=0 | TOP:  | KILL=8 | ACTIONS=7 | INTENT: focus=2 ratio=0.20
[t=19,669s] step=1060 | MISSION=GLOBAL_R | USV: 2/5 (avail=2 int=0 lock=0 frz=0) | UAV: air=5 rtb=0 chg=0 loiter=0 | TRACKS: vis=0 lost=0 engaged=0 | TOP:  | KILL=8 | ACTIONS=7 | INTENT: focus=2 ratio=0.20
[t=19,852s] step=1070 | MISSION=GLOBAL_R | USV: 2/5 (avail=2 int=0 lock=0 frz=0) | UAV: air=5 rtb=0 chg=0 loiter=0 | TRACKS: vis=0 lost=0 engaged=0 | TOP:  | KILL=8 | ACTIONS=7 | INTENT: focus=2 ratio=0.20
[t=20,032s] step=1080 | MISSION=GLOBAL_R | USV: 2/5 (avail=2 int=0 lock=0 frz=0) | UAV: air=5 rtb=0 chg=0 loiter=0 | TRACKS: vis=0 lost=0 engaged=0 | TOP:  | KILL=8 | ACTIONS=7 | INTENT: focus=2 ratio=0.20
[t=20,210s] step=1090 | MISSION=GLOBAL_R | USV: 2/5 (avail=2 int=0 lock=0 frz=0) | UAV: air=5 rtb=0 chg=0 loiter=0 | TRACKS: vis=0 lost=0 engaged=0 | TOP:  | KILL=8 | ACTIONS=7 | INTENT: focus=2 ratio=0.20
[t=20,389s] step=1100 | MISSION=GLOBAL_R | USV: 2/5 (avail=2 int=0 lock=0 frz=0) | UAV: air=5 rtb=0 chg=0 loiter=0 | TRACKS: vis=0 lost=0 engaged=0 | TOP:  | KILL=8 | ACTIONS=7 | INTENT: focus=2 ratio=0.20
[t=20,572s] step=1110 | MISSION=GLOBAL_R | USV: 2/5 (avail=2 int=0 lock=0 frz=0) | UAV: air=5 rtb=0 chg=0 loiter=0 | TRACKS: vis=0 lost=0 engaged=0 | TOP:  | KILL=8 | ACTIONS=7 | INTENT: focus=2 ratio=0.20
[t=20,752s] step=1120 | MISSION=GLOBAL_R | USV: 2/5 (avail=2 int=0 lock=0 frz=0) | UAV: air=5 rtb=0 chg=0 loiter=0 | TRACKS: vis=0 lost=0 engaged=0 | TOP:  | KILL=8 | ACTIONS=7 | INTENT: focus=2 ratio=0.20
[t=20,934s] step=1130 | MISSION=GLOBAL_R | USV: 2/5 (avail=2 int=0 lock=0 frz=0) | UAV: air=5 rtb=0 chg=0 loiter=0 | TRACKS: vis=0 lost=0 engaged=0 | TOP:  | KILL=8 | ACTIONS=7 | INTENT: focus=2 ratio=0.20
[t=21,114s] step=1140 | MISSION=GLOBAL_R | USV: 2/5 (avail=2 int=0 lock=0 frz=0) | UAV: air=5 rtb=0 chg=0 loiter=0 | TRACKS: vis=0 lost=0 engaged=0 | TOP:  | KILL=8 | ACTIONS=7 | INTENT: focus=2 ratio=0.20
[t=21,310s] step=1150 | MISSION=GLOBAL_R | USV: 2/5 (avail=2 int=0 lock=0 frz=0) | UAV: air=5 rtb=0 chg=0 loiter=0 | TRACKS: vis=0 lost=0 engaged=0 | TOP:  | KILL=8 | ACTIONS=7 | INTENT: focus=2 ratio=0.20
      [DETECT] black_usv2
      [ASSIGN] white_usv2->black_usv2
      [ASSIGN] white_usv3->black_usv2
[t=21,500s] step=1160 | MISSION=NORMAL_C | USV: 2/5 (avail=0 int=2 lock=0 frz=0) | UAV: air=5 rtb=0 chg=0 loiter=0 | TRACKS: vis=1 lost=0 engaged=0 | TOP: black_usv2(x148,168) | KILL=8 | ACTIONS=7 | INTENT: focus=2 ratio=0.20
[t=21,696s] step=1170 | MISSION=NORMAL_C | USV: 2/5 (avail=0 int=2 lock=0 frz=0) | UAV: air=5 rtb=0 chg=0 loiter=0 | TRACKS: vis=1 lost=0 engaged=0 | TOP: black_usv2(x147,145) | KILL=8 | ACTIONS=7 | INTENT: focus=2 ratio=0.20
[t=21,894s] step=1180 | MISSION=NORMAL_C | USV: 2/5 (avail=0 int=2 lock=0 frz=0) | UAV: air=5 rtb=0 chg=0 loiter=0 | TRACKS: vis=0 lost=1 engaged=0 | TOP: black_usv2(x146,119) | KILL=8 | ACTIONS=7 | INTENT: focus=2 ratio=0.20
[t=22,086s] step=1190 | MISSION=NORMAL_C | USV: 2/5 (avail=0 int=2 lock=0 frz=0) | UAV: air=5 rtb=0 chg=0 loiter=0 | TRACKS: vis=0 lost=1 engaged=0 | TOP: black_usv2(x145,120) | KILL=8 | ACTIONS=7 | INTENT: focus=2 ratio=0.20
[t=22,282s] step=1200 | MISSION=NORMAL_C | USV: 2/5 (avail=0 int=2 lock=0 frz=0) | UAV: air=5 rtb=0 chg=0 loiter=0 | TRACKS: vis=1 lost=0 engaged=0 | TOP: black_usv2(x144,098) | KILL=8 | ACTIONS=7 | INTENT: focus=2 ratio=0.20
[t=22,481s] step=1210 | MISSION=NORMAL_C | USV: 2/5 (avail=0 int=2 lock=0 frz=0) | UAV: air=5 rtb=0 chg=0 loiter=0 | TRACKS: vis=1 lost=0 engaged=0 | TOP: black_usv2(x143,064) | KILL=8 | ACTIONS=7 | INTENT: focus=2 ratio=0.20
[t=22,678s] step=1220 | MISSION=NORMAL_C | USV: 2/5 (avail=0 int=2 lock=0 frz=0) | UAV: air=5 rtb=0 chg=0 loiter=0 | TRACKS: vis=1 lost=0 engaged=0 | TOP: black_usv2(x142,039) | KILL=8 | ACTIONS=7 | INTENT: focus=2 ratio=0.20
[t=22,884s] step=1230 | MISSION=NORMAL_C | USV: 2/5 (avail=0 int=2 lock=0 frz=0) | UAV: air=5 rtb=0 chg=0 loiter=0 | TRACKS: vis=0 lost=1 engaged=0 | TOP: black_usv2(x140,966) | KILL=8 | ACTIONS=7 | INTENT: focus=2 ratio=0.20
      [UAV RTB] white_uav1(电量2089<1796+300)
      [UAV RTB] white_uav2(电量1953<1659+300)
[t=23,081s] step=1240 | MISSION=NORMAL_C | USV: 2/5 (avail=0 int=2 lock=0 frz=0) | UAV: air=3 rtb=2 chg=0 loiter=0 | TRACKS: vis=0 lost=1 engaged=0 | TOP: black_usv2(x139,941) | KILL=8 | ACTIONS=7 | INTENT: focus=2 ratio=0.20
[t=23,273s] step=1250 | MISSION=NORMAL_C | USV: 2/5 (avail=0 int=2 lock=0 frz=0) | UAV: air=3 rtb=2 chg=0 loiter=0 | TRACKS: vis=0 lost=1 engaged=0 | TOP: black_usv2(x138,942) | KILL=8 | ACTIONS=7 | INTENT: focus=2 ratio=0.20
      [RELEASE] white_usv2->black_usv2(目标失效)
      [RELEASE] white_usv3->black_usv2(目标失效)
[t=23,470s] step=1260 | MISSION=GLOBAL_R | USV: 2/5 (avail=2 int=0 lock=0 frz=0) | UAV: air=3 rtb=2 chg=0 loiter=0 | TRACKS: vis=0 lost=0 engaged=0 | TOP:  | KILL=8 | ACTIONS=7 | INTENT: focus=2 ratio=0.20
[t=23,666s] step=1270 | MISSION=GLOBAL_R | USV: 2/5 (avail=2 int=0 lock=0 frz=0) | UAV: air=3 rtb=2 chg=0 loiter=0 | TRACKS: vis=0 lost=0 engaged=0 | TOP:  | KILL=8 | ACTIONS=7 | INTENT: focus=2 ratio=0.20
      [UAV RTB] white_uav4(电量1320<1027+300)
      [UAV RTB] white_uav3(电量1142<864+300)
[t=23,870s] step=1280 | MISSION=GLOBAL_R | USV: 2/5 (avail=2 int=0 lock=0 frz=0) | UAV: air=1 rtb=4 chg=0 loiter=0 | TRACKS: vis=0 lost=0 engaged=0 | TOP:  | KILL=8 | ACTIONS=7 | INTENT: focus=2 ratio=0.20
      [UAV RTB] white_uav5(电量1082<792+300)
[t=24,069s] step=1290 | MISSION=GLOBAL_R | USV: 2/5 (avail=2 int=0 lock=0 frz=0) | UAV: air=0 rtb=5 chg=0 loiter=0 | TRACKS: vis=0 lost=0 engaged=0 | TOP:  | KILL=8 | ACTIONS=7 | INTENT: focus=2 ratio=0.20
[t=24,261s] step=1300 | MISSION=GLOBAL_R | USV: 2/5 (avail=2 int=0 lock=0 frz=0) | UAV: air=0 rtb=5 chg=0 loiter=0 | TRACKS: vis=0 lost=0 engaged=0 | TOP:  | KILL=8 | ACTIONS=7 | INTENT: focus=2 ratio=0.20
[t=24,462s] step=1310 | MISSION=GLOBAL_R | USV: 2/5 (avail=2 int=0 lock=0 frz=0) | UAV: air=0 rtb=5 chg=0 loiter=0 | TRACKS: vis=0 lost=0 engaged=0 | TOP:  | KILL=8 | ACTIONS=7 | INTENT: focus=2 ratio=0.20
      [UAV LAND] white_uav1->white_usv3
[t=24,676s] step=1320 | MISSION=GLOBAL_R | USV: 2/5 (avail=2 int=0 lock=0 frz=0) | UAV: air=0 rtb=4 chg=1 loiter=0 | TRACKS: vis=0 lost=0 engaged=0 | TOP:  | KILL=8 | ACTIONS=7 | INTENT: focus=2 ratio=0.20
      [UAV LAND] white_uav2->white_usv3
      [UAV RTB] white_uav2(电量295<3+300)
      [UAV LAND] white_uav2->white_usv3
      [UAV LAND] white_uav5->white_usv3
      [UAV RTB] white_uav1(电量296<13+300)
      [UAV LAND] white_uav1->white_usv3
      [UAV RTB] white_uav2(电量273<1+300)
      [UAV LAND] white_uav2->white_usv3
      [UAV LAND] white_uav4->white_usv2
      [UAV RTB] white_uav5(电量274<1+300)
      [UAV LAND] white_uav5->white_usv3
      [UAV RTB] white_uav1(电量274<14+300)
      [UAV LAND] white_uav1->white_usv3
      [UAV LAND] white_uav3->white_usv2
      [UAV RTB] white_uav2(电量248<4+300)
      [UAV LAND] white_uav2->white_usv3
      [UAV RTB] white_uav4(电量248<10+300)
      [UAV LAND] white_uav4->white_usv2
      [UAV RTB] white_uav5(电量248<2+300)
      [UAV LAND] white_uav5->white_usv3
      [UAV RTB] white_uav1(电量249<3+300)
      [UAV LAND] white_uav1->white_usv3
      [UAV RTB] white_uav3(电量250<4+300)
      [UAV LAND] white_uav3->white_usv2
      [UAV RTB] white_uav2(电量223<5+300)
      [UAV LAND] white_uav2->white_usv3
      [UAV RTB] white_uav4(电量223<3+300)
      [UAV LAND] white_uav4->white_usv2
      [UAV RTB] white_uav5(电量224<4+300)
      [UAV LAND] white_uav5->white_usv3
      [UAV RTB] white_uav1(电量224<5+300)
      [UAV LAND] white_uav1->white_usv3
      [UAV RTB] white_uav3(电量224<3+300)
      [UAV LAND] white_uav3->white_usv2
      [UAV RTB] white_uav2(电量198<6+300)
      [UAV LAND] white_uav2->white_usv3
      [UAV RTB] white_uav4(电量198<8+300)
      [UAV LAND] white_uav4->white_usv2
      [UAV RTB] white_uav5(电量198<6+300)
      [UAV LAND] white_uav5->white_usv3
      [UAV RTB] white_uav1(电量199<3+300)
      [UAV LAND] white_uav1->white_usv3
      [UAV RTB] white_uav3(电量200<2+300)
      [UAV LAND] white_uav3->white_usv2
      [UAV RTB] white_uav2(电量173<10+300)
      [UAV LAND] white_uav2->white_usv3
      [UAV RTB] white_uav4(电量173<5+300)
      [UAV LAND] white_uav4->white_usv2
      [UAV RTB] white_uav5(电量174<1+300)
      [UAV LAND] white_uav5->white_usv3
      [UAV RTB] white_uav1(电量174<7+300)
      [UAV LAND] white_uav1->white_usv3
      [UAV RTB] white_uav3(电量174<6+300)
      [UAV LAND] white_uav3->white_usv2
      [UAV RTB] white_uav2(电量149<3+300)
      [UAV LAND] white_uav2->white_usv3
      [UAV RTB] white_uav4(电量149<10+300)
      [UAV LAND] white_uav4->white_usv2
      [UAV RTB] white_uav5(电量150<1+300)
      [UAV LAND] white_uav5->white_usv3
      [UAV RTB] white_uav1(电量150<4+300)
      [UAV LAND] white_uav1->white_usv3
      [UAV RTB] white_uav3(电量150<4+300)
      [UAV LAND] white_uav3->white_usv2
      [UAV RTB] white_uav2(电量125<8+300)
      [UAV LAND] white_uav2->white_usv3
      [UAV RTB] white_uav4(电量125<4+300)
      [UAV LAND] white_uav4->white_usv2
      [UAV RTB] white_uav5(电量126<4+300)
      [UAV LAND] white_uav5->white_usv3
      [UAV RTB] white_uav1(电量126<12+300)
      [UAV LAND] white_uav1->white_usv3
      [UAV RTB] white_uav3(电量126<2+300)
      [UAV LAND] white_uav3->white_usv2
      [UAV RTB] white_uav2(电量102<4+300)
      [UAV LAND] white_uav2->white_usv3
      [UAV RTB] white_uav4(电量102<8+300)
      [UAV LAND] white_uav4->white_usv2
      [UAV RTB] white_uav5(电量102<4+300)
      [UAV LAND] white_uav5->white_usv3
      [UAV RTB] white_uav1(电量103<1+300)
      [UAV LAND] white_uav1->white_usv3
      [UAV RTB] white_uav3(电量104<2+300)
      [UAV LAND] white_uav3->white_usv2
[t=24,909s] step=1330 | MISSION=GLOBAL_R | USV: 2/5 (avail=2 int=0 lock=0 frz=0) | UAV: air=0 rtb=0 chg=5 loiter=0 | TRACKS: vis=0 lost=0 engaged=0 | TOP:  | KILL=8 | ACTIONS=7 | INTENT: focus=2 ratio=0.20
      [UAV RTB] white_uav2(电量72<7+300)
      [UAV LAND] white_uav2->white_usv3
      [UAV RTB] white_uav4(电量72<9+300)
      [UAV LAND] white_uav4->white_usv2
      [UAV RTB] white_uav5(电量72<1+300)
      [UAV LAND] white_uav5->white_usv3
      [UAV RTB] white_uav1(电量73<6+300)
      [UAV LAND] white_uav1->white_usv3
      [UAV RTB] white_uav3(电量74<2+300)
      [UAV LAND] white_uav3->white_usv2
      [UAV RTB] white_uav2(电量47<6+300)
      [UAV LAND] white_uav2->white_usv3
      [UAV RTB] white_uav4(电量47<15+300)
      [UAV LAND] white_uav4->white_usv2
      [UAV RTB] white_uav5(电量48<1+300)
      [UAV LAND] white_uav5->white_usv3
      [UAV RTB] white_uav1(电量48<2+300)
      [UAV LAND] white_uav1->white_usv3
      [UAV RTB] white_uav3(电量48<9+300)
      [UAV LAND] white_uav3->white_usv2
      [UAV RTB] white_uav2(电量23<10+300)
      [UAV LAND] white_uav2->white_usv3
      [UAV RTB] white_uav4(电量23<2+300)
      [UAV LAND] white_uav4->white_usv2
      [UAV RTB] white_uav5(电量24<4+300)
      [UAV LAND] white_uav5->white_usv3
      [UAV RTB] white_uav1(电量24<2+300)
      [UAV LAND] white_uav1->white_usv3
      [UAV RTB] white_uav3(电量24<5+300)
      [UAV LAND] white_uav3->white_usv2
      [UAV RTB] white_uav4(电量0<4+300)
      [UAV RTB] white_uav5(电量0<6+300)
      [UAV RTB] white_uav1(电量1<1+300)
      [UAV RTB] white_uav3(电量2<13+300)
[t=25,110s] step=1340 | MISSION=GLOBAL_R | USV: 2/5 (avail=2 int=0 lock=0 frz=0) | UAV: air=0 rtb=0 chg=0 loiter=0 | TRACKS: vis=0 lost=0 engaged=0 | TOP:  | KILL=8 | ACTIONS=2 | INTENT: focus=2 ratio=0.20
[t=25,286s] step=1350 | MISSION=GLOBAL_R | USV: 2/5 (avail=2 int=0 lock=0 frz=0) | UAV: air=0 rtb=0 chg=0 loiter=0 | TRACKS: vis=0 lost=0 engaged=0 | TOP:  | KILL=8 | ACTIONS=2 | INTENT: focus=2 ratio=0.20
[t=25,444s] step=1360 | MISSION=GLOBAL_R | USV: 2/5 (avail=2 int=0 lock=0 frz=0) | UAV: air=0 rtb=0 chg=0 loiter=0 | TRACKS: vis=0 lost=0 engaged=0 | TOP:  | KILL=8 | ACTIONS=2 | INTENT: focus=2 ratio=0.20
[t=25,609s] step=1370 | MISSION=GLOBAL_R | USV: 2/5 (avail=2 int=0 lock=0 frz=0) | UAV: air=0 rtb=0 chg=0 loiter=0 | TRACKS: vis=0 lost=0 engaged=0 | TOP:  | KILL=8 | ACTIONS=2 | INTENT: focus=2 ratio=0.20
[t=25,773s] step=1380 | MISSION=GLOBAL_R | USV: 2/5 (avail=2 int=0 lock=0 frz=0) | UAV: air=0 rtb=0 chg=0 loiter=0 | TRACKS: vis=0 lost=0 engaged=0 | TOP:  | KILL=8 | ACTIONS=2 | INTENT: focus=2 ratio=0.20
[t=25,939s] step=1390 | MISSION=GLOBAL_R | USV: 2/5 (avail=2 int=0 lock=0 frz=0) | UAV: air=0 rtb=0 chg=0 loiter=0 | TRACKS: vis=0 lost=0 engaged=0 | TOP:  | KILL=8 | ACTIONS=2 | INTENT: focus=2 ratio=0.20
[t=26,100s] step=1400 | MISSION=GLOBAL_R | USV: 2/5 (avail=2 int=0 lock=0 frz=0) | UAV: air=0 rtb=0 chg=0 loiter=0 | TRACKS: vis=0 lost=0 engaged=0 | TOP:  | KILL=8 | ACTIONS=2 | INTENT: focus=2 ratio=0.20
[t=26,270s] step=1410 | MISSION=GLOBAL_R | USV: 2/5 (avail=2 int=0 lock=0 frz=0) | UAV: air=0 rtb=0 chg=0 loiter=0 | TRACKS: vis=0 lost=0 engaged=0 | TOP:  | KILL=8 | ACTIONS=2 | INTENT: focus=2 ratio=0.20
[t=26,429s] step=1420 | MISSION=GLOBAL_R | USV: 2/5 (avail=2 int=0 lock=0 frz=0) | UAV: air=0 rtb=0 chg=0 loiter=0 | TRACKS: vis=0 lost=0 engaged=0 | TOP:  | KILL=8 | ACTIONS=2 | INTENT: focus=2 ratio=0.20
[t=26,604s] step=1430 | MISSION=GLOBAL_R | USV: 2/5 (avail=2 int=0 lock=0 frz=0) | UAV: air=0 rtb=0 chg=0 loiter=0 | TRACKS: vis=0 lost=0 engaged=0 | TOP:  | KILL=8 | ACTIONS=2 | INTENT: focus=2 ratio=0.20
[t=26,768s] step=1440 | MISSION=GLOBAL_R | USV: 2/5 (avail=2 int=0 lock=0 frz=0) | UAV: air=0 rtb=0 chg=0 loiter=0 | TRACKS: vis=0 lost=0 engaged=0 | TOP:  | KILL=8 | ACTIONS=2 | INTENT: focus=2 ratio=0.20
[t=26,941s] step=1450 | MISSION=GLOBAL_R | USV: 2/5 (avail=2 int=0 lock=0 frz=0) | UAV: air=0 rtb=0 chg=0 loiter=0 | TRACKS: vis=0 lost=0 engaged=0 | TOP:  | KILL=8 | ACTIONS=2 | INTENT: focus=2 ratio=0.20
[t=27,111s] step=1460 | MISSION=GLOBAL_R | USV: 2/5 (avail=2 int=0 lock=0 frz=0) | UAV: air=0 rtb=0 chg=0 loiter=0 | TRACKS: vis=0 lost=0 engaged=0 | TOP:  | KILL=8 | ACTIONS=2 | INTENT: focus=2 ratio=0.20
[t=27,268s] step=1470 | MISSION=GLOBAL_R | USV: 2/5 (avail=2 int=0 lock=0 frz=0) | UAV: air=0 rtb=0 chg=0 loiter=0 | TRACKS: vis=0 lost=0 engaged=0 | TOP:  | KILL=8 | ACTIONS=2 | INTENT: focus=2 ratio=0.20
[t=27,446s] step=1480 | MISSION=GLOBAL_R | USV: 2/5 (avail=2 int=0 lock=0 frz=0) | UAV: air=0 rtb=0 chg=0 loiter=0 | TRACKS: vis=0 lost=0 engaged=0 | TOP:  | KILL=8 | ACTIONS=2 | INTENT: focus=2 ratio=0.20
[t=27,614s] step=1490 | MISSION=GLOBAL_R | USV: 2/5 (avail=2 int=0 lock=0 frz=0) | UAV: air=0 rtb=0 chg=0 loiter=0 | TRACKS: vis=0 lost=0 engaged=0 | TOP:  | KILL=8 | ACTIONS=2 | INTENT: focus=2 ratio=0.20
[t=27,784s] step=1500 | MISSION=GLOBAL_R | USV: 2/5 (avail=2 int=0 lock=0 frz=0) | UAV: air=0 rtb=0 chg=0 loiter=0 | TRACKS: vis=0 lost=0 engaged=0 | TOP:  | KILL=8 | ACTIONS=2 | INTENT: focus=2 ratio=0.20
[t=27,955s] step=1510 | MISSION=GLOBAL_R | USV: 2/5 (avail=2 int=0 lock=0 frz=0) | UAV: air=0 rtb=0 chg=0 loiter=0 | TRACKS: vis=0 lost=0 engaged=0 | TOP:  | KILL=8 | ACTIONS=2 | INTENT: focus=2 ratio=0.20
[t=28,128s] step=1520 | MISSION=GLOBAL_R | USV: 2/5 (avail=2 int=0 lock=0 frz=0) | UAV: air=0 rtb=0 chg=0 loiter=0 | TRACKS: vis=0 lost=0 engaged=0 | TOP:  | KILL=8 | ACTIONS=2 | INTENT: focus=2 ratio=0.20
[t=28,303s] step=1530 | MISSION=GLOBAL_R | USV: 2/5 (avail=2 int=0 lock=0 frz=0) | UAV: air=0 rtb=0 chg=0 loiter=0 | TRACKS: vis=0 lost=0 engaged=0 | TOP:  | KILL=8 | ACTIONS=2 | INTENT: focus=2 ratio=0.20
[t=28,478s] step=1540 | MISSION=GLOBAL_R | USV: 2/5 (avail=2 int=0 lock=0 frz=0) | UAV: air=0 rtb=0 chg=0 loiter=0 | TRACKS: vis=0 lost=0 engaged=0 | TOP:  | KILL=8 | ACTIONS=2 | INTENT: focus=2 ratio=0.20
[t=28,665s] step=1550 | MISSION=GLOBAL_R | USV: 2/5 (avail=2 int=0 lock=0 frz=0) | UAV: air=0 rtb=0 chg=0 loiter=0 | TRACKS: vis=0 lost=0 engaged=0 | TOP:  | KILL=8 | ACTIONS=2 | INTENT: focus=2 ratio=0.20
[t=28,836s] step=1560 | MISSION=GLOBAL_R | USV: 2/5 (avail=2 int=0 lock=0 frz=0) | UAV: air=0 rtb=0 chg=0 loiter=0 | TRACKS: vis=0 lost=0 engaged=0 | TOP:  | KILL=8 | ACTIONS=2 | INTENT: focus=2 ratio=0.20
[t=29,014s] step=1570 | MISSION=GLOBAL_R | USV: 2/5 (avail=2 int=0 lock=0 frz=0) | UAV: air=0 rtb=0 chg=0 loiter=0 | TRACKS: vis=0 lost=0 engaged=0 | TOP:  | KILL=8 | ACTIONS=2 | INTENT: focus=2 ratio=0.20
[t=29,184s] step=1580 | MISSION=GLOBAL_R | USV: 2/5 (avail=2 int=0 lock=0 frz=0) | UAV: air=0 rtb=0 chg=0 loiter=0 | TRACKS: vis=0 lost=0 engaged=0 | TOP:  | KILL=8 | ACTIONS=2 | INTENT: focus=2 ratio=0.20
[t=29,354s] step=1590 | MISSION=GLOBAL_R | USV: 2/5 (avail=2 int=0 lock=0 frz=0) | UAV: air=0 rtb=0 chg=0 loiter=0 | TRACKS: vis=0 lost=0 engaged=0 | TOP:  | KILL=8 | ACTIONS=2 | INTENT: focus=2 ratio=0.20
[t=29,517s] step=1600 | MISSION=GLOBAL_R | USV: 2/5 (avail=2 int=0 lock=0 frz=0) | UAV: air=0 rtb=0 chg=0 loiter=0 | TRACKS: vis=0 lost=0 engaged=0 | TOP:  | KILL=8 | ACTIONS=2 | INTENT: focus=2 ratio=0.20
[t=29,688s] step=1610 | MISSION=GLOBAL_R | USV: 2/5 (avail=2 int=0 lock=0 frz=0) | UAV: air=0 rtb=0 chg=0 loiter=0 | TRACKS: vis=0 lost=0 engaged=0 | TOP:  | KILL=8 | ACTIONS=2 | INTENT: focus=2 ratio=0.20
[t=29,857s] step=1620 | MISSION=GLOBAL_R | USV: 2/5 (avail=2 int=0 lock=0 frz=0) | UAV: air=0 rtb=0 chg=0 loiter=0 | TRACKS: vis=0 lost=0 engaged=0 | TOP:  | KILL=8 | ACTIONS=2 | INTENT: focus=2 ratio=0.20
[t=30,036s] step=1630 | MISSION=GLOBAL_R | USV: 2/5 (avail=2 int=0 lock=0 frz=0) | UAV: air=0 rtb=0 chg=0 loiter=0 | TRACKS: vis=0 lost=0 engaged=0 | TOP:  | KILL=8 | ACTIONS=2 | INTENT: focus=2 ratio=0.20
[t=30,211s] step=1640 | MISSION=GLOBAL_R | USV: 2/5 (avail=2 int=0 lock=0 frz=0) | UAV: air=0 rtb=0 chg=0 loiter=0 | TRACKS: vis=0 lost=0 engaged=0 | TOP:  | KILL=8 | ACTIONS=2 | INTENT: focus=2 ratio=0.20
[t=30,380s] step=1650 | MISSION=GLOBAL_R | USV: 2/5 (avail=2 int=0 lock=0 frz=0) | UAV: air=0 rtb=0 chg=0 loiter=0 | TRACKS: vis=0 lost=0 engaged=0 | TOP:  | KILL=8 | ACTIONS=2 | INTENT: focus=2 ratio=0.20
[t=30,559s] step=1660 | MISSION=GLOBAL_R | USV: 2/5 (avail=2 int=0 lock=0 frz=0) | UAV: air=0 rtb=0 chg=0 loiter=0 | TRACKS: vis=0 lost=0 engaged=0 | TOP:  | KILL=8 | ACTIONS=2 | INTENT: focus=2 ratio=0.20
[t=30,725s] step=1670 | MISSION=GLOBAL_R | USV: 2/5 (avail=2 int=0 lock=0 frz=0) | UAV: air=0 rtb=0 chg=0 loiter=0 | TRACKS: vis=0 lost=0 engaged=0 | TOP:  | KILL=8 | ACTIONS=2 | INTENT: focus=2 ratio=0.20
[t=30,908s] step=1680 | MISSION=GLOBAL_R | USV: 2/5 (avail=2 int=0 lock=0 frz=0) | UAV: air=0 rtb=0 chg=0 loiter=0 | TRACKS: vis=0 lost=0 engaged=0 | TOP:  | KILL=8 | ACTIONS=2 | INTENT: focus=2 ratio=0.20
[t=31,079s] step=1690 | MISSION=GLOBAL_R | USV: 2/5 (avail=2 int=0 lock=0 frz=0) | UAV: air=0 rtb=0 chg=0 loiter=0 | TRACKS: vis=0 lost=0 engaged=0 | TOP:  | KILL=8 | ACTIONS=2 | INTENT: focus=2 ratio=0.20
[t=31,255s] step=1700 | MISSION=GLOBAL_R | USV: 2/5 (avail=2 int=0 lock=0 frz=0) | UAV: air=0 rtb=0 chg=0 loiter=0 | TRACKS: vis=0 lost=0 engaged=0 | TOP:  | KILL=8 | ACTIONS=2 | INTENT: focus=2 ratio=0.20
[t=31,434s] step=1710 | MISSION=GLOBAL_R | USV: 2/5 (avail=2 int=0 lock=0 frz=0) | UAV: air=0 rtb=0 chg=0 loiter=0 | TRACKS: vis=0 lost=0 engaged=0 | TOP:  | KILL=8 | ACTIONS=2 | INTENT: focus=2 ratio=0.20
[t=31,610s] step=1720 | MISSION=GLOBAL_R | USV: 2/5 (avail=2 int=0 lock=0 frz=0) | UAV: air=0 rtb=0 chg=0 loiter=0 | TRACKS: vis=0 lost=0 engaged=0 | TOP:  | KILL=8 | ACTIONS=2 | INTENT: focus=2 ratio=0.20
[t=31,787s] step=1730 | MISSION=GLOBAL_R | USV: 2/5 (avail=2 int=0 lock=0 frz=0) | UAV: air=0 rtb=0 chg=0 loiter=0 | TRACKS: vis=0 lost=0 engaged=0 | TOP:  | KILL=8 | ACTIONS=2 | INTENT: focus=2 ratio=0.20
[t=31,952s] step=1740 | MISSION=GLOBAL_R | USV: 2/5 (avail=2 int=0 lock=0 frz=0) | UAV: air=0 rtb=0 chg=0 loiter=0 | TRACKS: vis=0 lost=0 engaged=0 | TOP:  | KILL=8 | ACTIONS=2 | INTENT: focus=2 ratio=0.20
[t=32,127s] step=1750 | MISSION=GLOBAL_R | USV: 2/5 (avail=2 int=0 lock=0 frz=0) | UAV: air=0 rtb=0 chg=0 loiter=0 | TRACKS: vis=0 lost=0 engaged=0 | TOP:  | KILL=8 | ACTIONS=2 | INTENT: focus=2 ratio=0.20
[t=32,291s] step=1760 | MISSION=GLOBAL_R | USV: 2/5 (avail=2 int=0 lock=0 frz=0) | UAV: air=0 rtb=0 chg=0 loiter=0 | TRACKS: vis=0 lost=0 engaged=0 | TOP:  | KILL=8 | ACTIONS=2 | INTENT: focus=2 ratio=0.20
[t=32,475s] step=1770 | MISSION=GLOBAL_R | USV: 2/5 (avail=2 int=0 lock=0 frz=0) | UAV: air=0 rtb=0 chg=0 loiter=0 | TRACKS: vis=0 lost=0 engaged=0 | TOP:  | KILL=8 | ACTIONS=2 | INTENT: focus=2 ratio=0.20
[t=32,634s] step=1780 | MISSION=GLOBAL_R | USV: 2/5 (avail=2 int=0 lock=0 frz=0) | UAV: air=0 rtb=0 chg=0 loiter=0 | TRACKS: vis=0 lost=0 engaged=0 | TOP:  | KILL=8 | ACTIONS=2 | INTENT: focus=2 ratio=0.20
[t=32,811s] step=1790 | MISSION=GLOBAL_R | USV: 2/5 (avail=2 int=0 lock=0 frz=0) | UAV: air=0 rtb=0 chg=0 loiter=0 | TRACKS: vis=0 lost=0 engaged=0 | TOP:  | KILL=8 | ACTIONS=2 | INTENT: focus=2 ratio=0.20
[t=32,991s] step=1800 | MISSION=GLOBAL_R | USV: 2/5 (avail=2 int=0 lock=0 frz=0) | UAV: air=0 rtb=0 chg=0 loiter=0 | TRACKS: vis=0 lost=0 engaged=0 | TOP:  | KILL=8 | ACTIONS=2 | INTENT: focus=2 ratio=0.20
[t=33,161s] step=1810 | MISSION=GLOBAL_R | USV: 2/5 (avail=2 int=0 lock=0 frz=0) | UAV: air=0 rtb=0 chg=0 loiter=0 | TRACKS: vis=0 lost=0 engaged=0 | TOP:  | KILL=8 | ACTIONS=2 | INTENT: focus=2 ratio=0.20
[t=33,345s] step=1820 | MISSION=GLOBAL_R | USV: 2/5 (avail=2 int=0 lock=0 frz=0) | UAV: air=0 rtb=0 chg=0 loiter=0 | TRACKS: vis=0 lost=0 engaged=0 | TOP:  | KILL=8 | ACTIONS=2 | INTENT: focus=2 ratio=0.20
[t=33,512s] step=1830 | MISSION=GLOBAL_R | USV: 2/5 (avail=2 int=0 lock=0 frz=0) | UAV: air=0 rtb=0 chg=0 loiter=0 | TRACKS: vis=0 lost=0 engaged=0 | TOP:  | KILL=8 | ACTIONS=2 | INTENT: focus=2 ratio=0.20
[t=33,695s] step=1840 | MISSION=GLOBAL_R | USV: 2/5 (avail=2 int=0 lock=0 frz=0) | UAV: air=0 rtb=0 chg=0 loiter=0 | TRACKS: vis=0 lost=0 engaged=0 | TOP:  | KILL=8 | ACTIONS=2 | INTENT: focus=2 ratio=0.20
[t=33,868s] step=1850 | MISSION=GLOBAL_R | USV: 2/5 (avail=2 int=0 lock=0 frz=0) | UAV: air=0 rtb=0 chg=0 loiter=0 | TRACKS: vis=0 lost=0 engaged=0 | TOP:  | KILL=8 | ACTIONS=2 | INTENT: focus=2 ratio=0.20
[t=34,042s] step=1860 | MISSION=GLOBAL_R | USV: 2/5 (avail=2 int=0 lock=0 frz=0) | UAV: air=0 rtb=0 chg=0 loiter=0 | TRACKS: vis=0 lost=0 engaged=0 | TOP:  | KILL=8 | ACTIONS=2 | INTENT: focus=2 ratio=0.20
[t=34,211s] step=1870 | MISSION=GLOBAL_R | USV: 2/5 (avail=2 int=0 lock=0 frz=0) | UAV: air=0 rtb=0 chg=0 loiter=0 | TRACKS: vis=0 lost=0 engaged=0 | TOP:  | KILL=8 | ACTIONS=2 | INTENT: focus=2 ratio=0.20
[t=34,387s] step=1880 | MISSION=GLOBAL_R | USV: 2/5 (avail=2 int=0 lock=0 frz=0) | UAV: air=0 rtb=0 chg=0 loiter=0 | TRACKS: vis=0 lost=0 engaged=0 | TOP:  | KILL=8 | ACTIONS=2 | INTENT: focus=2 ratio=0.20
[t=34,570s] step=1890 | MISSION=GLOBAL_R | USV: 2/5 (avail=2 int=0 lock=0 frz=0) | UAV: air=0 rtb=0 chg=0 loiter=0 | TRACKS: vis=0 lost=0 engaged=0 | TOP:  | KILL=8 | ACTIONS=2 | INTENT: focus=2 ratio=0.20
[t=34,741s] step=1900 | MISSION=GLOBAL_R | USV: 2/5 (avail=2 int=0 lock=0 frz=0) | UAV: air=0 rtb=0 chg=0 loiter=0 | TRACKS: vis=0 lost=0 engaged=0 | TOP:  | KILL=8 | ACTIONS=2 | INTENT: focus=2 ratio=0.20
[t=34,930s] step=1910 | MISSION=GLOBAL_R | USV: 2/5 (avail=2 int=0 lock=0 frz=0) | UAV: air=0 rtb=0 chg=0 loiter=0 | TRACKS: vis=0 lost=0 engaged=0 | TOP:  | KILL=8 | ACTIONS=2 | INTENT: focus=2 ratio=0.20
[t=35,100s] step=1920 | MISSION=GLOBAL_R | USV: 2/5 (avail=2 int=0 lock=0 frz=0) | UAV: air=0 rtb=0 chg=0 loiter=0 | TRACKS: vis=0 lost=0 engaged=0 | TOP:  | KILL=8 | ACTIONS=2 | INTENT: focus=2 ratio=0.20
[t=35,275s] step=1930 | MISSION=GLOBAL_R | USV: 2/5 (avail=2 int=0 lock=0 frz=0) | UAV: air=0 rtb=0 chg=0 loiter=0 | TRACKS: vis=0 lost=0 engaged=0 | TOP:  | KILL=8 | ACTIONS=2 | INTENT: focus=2 ratio=0.20
[t=35,444s] step=1940 | MISSION=GLOBAL_R | USV: 2/5 (avail=2 int=0 lock=0 frz=0) | UAV: air=0 rtb=0 chg=0 loiter=0 | TRACKS: vis=0 lost=0 engaged=0 | TOP:  | KILL=8 | ACTIONS=2 | INTENT: focus=2 ratio=0.20
[t=35,614s] step=1950 | MISSION=GLOBAL_R | USV: 2/5 (avail=2 int=0 lock=0 frz=0) | UAV: air=0 rtb=0 chg=0 loiter=0 | TRACKS: vis=0 lost=0 engaged=0 | TOP:  | KILL=8 | ACTIONS=2 | INTENT: focus=2 ratio=0.20
[t=35,791s] step=1960 | MISSION=GLOBAL_R | USV: 2/5 (avail=2 int=0 lock=0 frz=0) | UAV: air=0 rtb=0 chg=0 loiter=0 | TRACKS: vis=0 lost=0 engaged=0 | TOP:  | KILL=8 | ACTIONS=2 | INTENT: focus=2 ratio=0.20
[t=35,953s] step=1970 | MISSION=GLOBAL_R | USV: 2/5 (avail=2 int=0 lock=0 frz=0) | UAV: air=0 rtb=0 chg=0 loiter=0 | TRACKS: vis=0 lost=0 engaged=0 | TOP:  | KILL=8 | ACTIONS=2 | INTENT: focus=2 ratio=0.20
[t=36,136s] step=1980 | MISSION=GLOBAL_R | USV: 2/5 (avail=2 int=0 lock=0 frz=0) | UAV: air=0 rtb=0 chg=0 loiter=0 | TRACKS: vis=0 lost=0 engaged=0 | TOP:  | KILL=8 | ACTIONS=2 | INTENT: focus=2 ratio=0.20
[t=36,309s] step=1990 | MISSION=GLOBAL_R | USV: 2/5 (avail=2 int=0 lock=0 frz=0) | UAV: air=0 rtb=0 chg=0 loiter=0 | TRACKS: vis=0 lost=0 engaged=0 | TOP:  | KILL=8 | ACTIONS=2 | INTENT: focus=2 ratio=0.20
[t=36,490s] step=2000 | MISSION=GLOBAL_R | USV: 2/5 (avail=2 int=0 lock=0 frz=0) | UAV: air=0 rtb=0 chg=0 loiter=0 | TRACKS: vis=0 lost=0 engaged=0 | TOP:  | KILL=8 | ACTIONS=2 | INTENT: focus=2 ratio=0.20
[t=36,663s] step=2010 | MISSION=GLOBAL_R | USV: 2/5 (avail=2 int=0 lock=0 frz=0) | UAV: air=0 rtb=0 chg=0 loiter=0 | TRACKS: vis=0 lost=0 engaged=0 | TOP:  | KILL=8 | ACTIONS=2 | INTENT: focus=2 ratio=0.20
[t=36,844s] step=2020 | MISSION=GLOBAL_R | USV: 2/5 (avail=2 int=0 lock=0 frz=0) | UAV: air=0 rtb=0 chg=0 loiter=0 | TRACKS: vis=0 lost=0 engaged=0 | TOP:  | KILL=8 | ACTIONS=2 | INTENT: focus=2 ratio=0.20
[t=37,026s] step=2030 | MISSION=GLOBAL_R | USV: 2/5 (avail=2 int=0 lock=0 frz=0) | UAV: air=0 rtb=0 chg=0 loiter=0 | TRACKS: vis=0 lost=0 engaged=0 | TOP:  | KILL=8 | ACTIONS=2 | INTENT: focus=2 ratio=0.20
[t=37,194s] step=2040 | MISSION=GLOBAL_R | USV: 2/5 (avail=2 int=0 lock=0 frz=0) | UAV: air=0 rtb=0 chg=0 loiter=0 | TRACKS: vis=0 lost=0 engaged=0 | TOP:  | KILL=8 | ACTIONS=2 | INTENT: focus=2 ratio=0.20
[t=37,375s] step=2050 | MISSION=GLOBAL_R | USV: 2/5 (avail=2 int=0 lock=0 frz=0) | UAV: air=0 rtb=0 chg=0 loiter=0 | TRACKS: vis=0 lost=0 engaged=0 | TOP:  | KILL=8 | ACTIONS=2 | INTENT: focus=2 ratio=0.20
[t=37,543s] step=2060 | MISSION=GLOBAL_R | USV: 2/5 (avail=2 int=0 lock=0 frz=0) | UAV: air=0 rtb=0 chg=0 loiter=0 | TRACKS: vis=0 lost=0 engaged=0 | TOP:  | KILL=8 | ACTIONS=2 | INTENT: focus=2 ratio=0.20
[t=37,723s] step=2070 | MISSION=GLOBAL_R | USV: 2/5 (avail=2 int=0 lock=0 frz=0) | UAV: air=0 rtb=0 chg=0 loiter=0 | TRACKS: vis=0 lost=0 engaged=0 | TOP:  | KILL=8 | ACTIONS=2 | INTENT: focus=2 ratio=0.20
[t=37,896s] step=2080 | MISSION=GLOBAL_R | USV: 2/5 (avail=2 int=0 lock=0 frz=0) | UAV: air=0 rtb=0 chg=0 loiter=0 | TRACKS: vis=0 lost=0 engaged=0 | TOP:  | KILL=8 | ACTIONS=2 | INTENT: focus=2 ratio=0.20
[t=38,078s] step=2090 | MISSION=GLOBAL_R | USV: 2/5 (avail=2 int=0 lock=0 frz=0) | UAV: air=0 rtb=0 chg=0 loiter=0 | TRACKS: vis=0 lost=0 engaged=0 | TOP:  | KILL=8 | ACTIONS=2 | INTENT: focus=2 ratio=0.20
[t=38,259s] step=2100 | MISSION=GLOBAL_R | USV: 2/5 (avail=2 int=0 lock=0 frz=0) | UAV: air=0 rtb=0 chg=0 loiter=0 | TRACKS: vis=0 lost=0 engaged=0 | TOP:  | KILL=8 | ACTIONS=2 | INTENT: focus=2 ratio=0.20
[t=38,428s] step=2110 | MISSION=GLOBAL_R | USV: 2/5 (avail=2 int=0 lock=0 frz=0) | UAV: air=0 rtb=0 chg=0 loiter=0 | TRACKS: vis=0 lost=0 engaged=0 | TOP:  | KILL=8 | ACTIONS=2 | INTENT: focus=2 ratio=0.20
[t=38,612s] step=2120 | MISSION=GLOBAL_R | USV: 2/5 (avail=2 int=0 lock=0 frz=0) | UAV: air=0 rtb=0 chg=0 loiter=0 | TRACKS: vis=0 lost=0 engaged=0 | TOP:  | KILL=8 | ACTIONS=2 | INTENT: focus=2 ratio=0.20
[t=38,783s] step=2130 | MISSION=GLOBAL_R | USV: 2/5 (avail=2 int=0 lock=0 frz=0) | UAV: air=0 rtb=0 chg=0 loiter=0 | TRACKS: vis=0 lost=0 engaged=0 | TOP:  | KILL=8 | ACTIONS=2 | INTENT: focus=2 ratio=0.20
[t=38,967s] step=2140 | MISSION=GLOBAL_R | USV: 2/5 (avail=2 int=0 lock=0 frz=0) | UAV: air=0 rtb=0 chg=0 loiter=0 | TRACKS: vis=0 lost=0 engaged=0 | TOP:  | KILL=8 | ACTIONS=2 | INTENT: focus=2 ratio=0.20
[t=39,142s] step=2150 | MISSION=GLOBAL_R | USV: 2/5 (avail=2 int=0 lock=0 frz=0) | UAV: air=0 rtb=0 chg=0 loiter=0 | TRACKS: vis=0 lost=0 engaged=0 | TOP:  | KILL=9 | ACTIONS=2 | INTENT: focus=2 ratio=0.20
[t=39,329s] step=2160 | MISSION=GLOBAL_R | USV: 2/5 (avail=2 int=0 lock=0 frz=0) | UAV: air=0 rtb=0 chg=0 loiter=0 | TRACKS: vis=0 lost=0 engaged=0 | TOP:  | KILL=9 | ACTIONS=2 | INTENT: focus=2 ratio=0.20
[t=39,505s] step=2170 | MISSION=GLOBAL_R | USV: 2/5 (avail=2 int=0 lock=0 frz=0) | UAV: air=0 rtb=0 chg=0 loiter=0 | TRACKS: vis=0 lost=0 engaged=0 | TOP:  | KILL=9 | ACTIONS=2 | INTENT: focus=2 ratio=0.20
[t=39,671s] step=2180 | MISSION=GLOBAL_R | USV: 2/5 (avail=2 int=0 lock=0 frz=0) | UAV: air=0 rtb=0 chg=0 loiter=0 | TRACKS: vis=0 lost=0 engaged=0 | TOP:  | KILL=9 | ACTIONS=2 | INTENT: focus=2 ratio=0.20
[t=39,845s] step=2190 | MISSION=GLOBAL_R | USV: 2/5 (avail=2 int=0 lock=0 frz=0) | UAV: air=0 rtb=0 chg=0 loiter=0 | TRACKS: vis=0 lost=0 engaged=0 | TOP:  | KILL=9 | ACTIONS=2 | INTENT: focus=2 ratio=0.20
[t=40,009s] step=2200 | MISSION=GLOBAL_R | USV: 2/5 (avail=2 int=0 lock=0 frz=0) | UAV: air=0 rtb=0 chg=0 loiter=0 | TRACKS: vis=0 lost=0 engaged=0 | TOP:  | KILL=9 | ACTIONS=2 | INTENT: focus=2 ratio=0.20
[t=40,180s] step=2210 | MISSION=GLOBAL_R | USV: 2/5 (avail=2 int=0 lock=0 frz=0) | UAV: air=0 rtb=0 chg=0 loiter=0 | TRACKS: vis=0 lost=0 engaged=0 | TOP:  | KILL=9 | ACTIONS=2 | INTENT: focus=2 ratio=0.20
[t=40,346s] step=2220 | MISSION=GLOBAL_R | USV: 2/5 (avail=2 int=0 lock=0 frz=0) | UAV: air=0 rtb=0 chg=0 loiter=0 | TRACKS: vis=0 lost=0 engaged=0 | TOP:  | KILL=9 | ACTIONS=2 | INTENT: focus=2 ratio=0.20

========================================================================
对局结果: Result.Victory — 敌方所有单位被击毁
  击杀蓝舰: 10 | 命中: 16 | 我方USV损失: 3 | UAV损失: 5 | 突破: 1
[META] result=Result.Victory victory_time=40381 first_detection=1835 first_lock=7381 first_kill=8625 enemy_kills=10 friendly_usv_losses=3 friendly_uav_losses=5 black_breakthrough=1 reacquire_attempts=17 reacquire_success=15 sensor_assisted_locks=48 low_conf_commitments=0 global_reacquire_entries=5 global_reacquire_success=4 coverage_collapse_events=1 active_clusters_max=1 coverage_quality_final=0.07 commander_source=default_intent commander_calls=0 commander_changes=0 commander_no_change=0 commander_parse_failures=0 commander_api_failures=0 commander_policy_failures=0 commander_avg_latency=0.0
Done
