========================================================================
HYBRID AGENT V5 — Variable-Cardinality Hierarchical Maritime Agent
  启用UAV: True | LLM_ENABLED: False
========================================================================
对局 20 开始
      [UAV RELAUNCH] white_uav3
      [UAV RELAUNCH] white_uav4
      [UAV RELAUNCH] white_uav5
      [UAV RELAUNCH] white_uav1
      [UAV RELAUNCH] white_uav2
[t=162s] step=10 | MISSION=NORMAL_C | USV: 5/5 (avail=5 int=0 lock=0 frz=0) | UAV: air=5 rtb=0 chg=0 loiter=0 | TRACKS: vis=0 lost=0 engaged=0 | TOP:  | KILL=0 | ACTIONS=10 | INTENT: focus=2 ratio=0.20
  [INTENT APPLIED]
    ThreatAllocator: focus 2 emergency 3 reserve_ratio 0.20 reserve_usvs None bias breakthrough_eta
    UAVManager: mode search_and_reacquire uav_priority []
[t=336s] step=20 | MISSION=NORMAL_C | USV: 5/5 (avail=5 int=0 lock=0 frz=0) | UAV: air=5 rtb=0 chg=0 loiter=0 | TRACKS: vis=0 lost=0 engaged=0 | TOP:  | KILL=0 | ACTIONS=10 | INTENT: focus=2 ratio=0.20
[t=515s] step=30 | MISSION=NORMAL_C | USV: 5/5 (avail=5 int=0 lock=0 frz=0) | UAV: air=5 rtb=0 chg=0 loiter=0 | TRACKS: vis=0 lost=0 engaged=0 | TOP:  | KILL=0 | ACTIONS=10 | INTENT: focus=2 ratio=0.20
[t=693s] step=40 | MISSION=NORMAL_C | USV: 5/5 (avail=5 int=0 lock=0 frz=0) | UAV: air=5 rtb=0 chg=0 loiter=0 | TRACKS: vis=0 lost=0 engaged=0 | TOP:  | KILL=0 | ACTIONS=10 | INTENT: focus=2 ratio=0.20
[t=869s] step=50 | MISSION=NORMAL_C | USV: 5/5 (avail=5 int=0 lock=0 frz=0) | UAV: air=5 rtb=0 chg=0 loiter=0 | TRACKS: vis=0 lost=0 engaged=0 | TOP:  | KILL=0 | ACTIONS=10 | INTENT: focus=2 ratio=0.20
[t=1,042s] step=60 | MISSION=NORMAL_C | USV: 5/5 (avail=5 int=0 lock=0 frz=0) | UAV: air=5 rtb=0 chg=0 loiter=0 | TRACKS: vis=0 lost=0 engaged=0 | TOP:  | KILL=0 | ACTIONS=10 | INTENT: focus=2 ratio=0.20
[t=1,226s] step=70 | MISSION=NORMAL_C | USV: 5/5 (avail=5 int=0 lock=0 frz=0) | UAV: air=5 rtb=0 chg=0 loiter=0 | TRACKS: vis=0 lost=0 engaged=0 | TOP:  | KILL=0 | ACTIONS=10 | INTENT: focus=2 ratio=0.20
[t=1,409s] step=80 | MISSION=NORMAL_C | USV: 5/5 (avail=5 int=0 lock=0 frz=0) | UAV: air=5 rtb=0 chg=0 loiter=0 | TRACKS: vis=0 lost=0 engaged=0 | TOP:  | KILL=0 | ACTIONS=10 | INTENT: focus=2 ratio=0.20
[t=1,588s] step=90 | MISSION=NORMAL_C | USV: 5/5 (avail=5 int=0 lock=0 frz=0) | UAV: air=5 rtb=0 chg=0 loiter=0 | TRACKS: vis=0 lost=0 engaged=0 | TOP:  | KILL=0 | ACTIONS=10 | INTENT: focus=2 ratio=0.20
[t=1,764s] step=100 | MISSION=NORMAL_C | USV: 5/5 (avail=5 int=0 lock=0 frz=0) | UAV: air=5 rtb=0 chg=0 loiter=0 | TRACKS: vis=0 lost=0 engaged=0 | TOP:  | KILL=0 | ACTIONS=10 | INTENT: focus=2 ratio=0.20
      [DETECT] black_usv4
      [DETECT] black_usv6
      [DETECT] black_usv7
      [ASSIGN] white_usv1->black_usv6
      [ASSIGN] white_usv4->black_usv7
      [ASSIGN] white_usv5->black_usv7
      [ASSIGN] white_usv2->black_usv4
      [DETECT] black_usv5
      [ASSIGN] white_usv3->black_usv5
      [DETECT] black_usv8
      [DETECT] black_usv3
      [DETECT] black_usv9
[t=1,947s] step=110 | MISSION=NORMAL_C | USV: 5/5 (avail=0 int=5 lock=0 frz=0) | UAV: air=5 rtb=0 chg=0 loiter=0 | TRACKS: vis=7 lost=0 engaged=0 | TOP: black_usv9(x241,435) black_usv8(x241,613) black_usv3(x242,523) | KILL=0 | ACTIONS=10 | INTENT: focus=2 ratio=0.20
      [DETECT] black_usv2
      [DETECT] black_usv1
[t=2,131s] step=120 | MISSION=NORMAL_C | USV: 5/5 (avail=0 int=5 lock=0 frz=0) | UAV: air=5 rtb=0 chg=0 loiter=0 | TRACKS: vis=8 lost=1 engaged=0 | TOP: black_usv9(x239,701) black_usv8(x239,897) black_usv3(x240,902) | KILL=0 | ACTIONS=10 | INTENT: focus=2 ratio=0.20
[t=2,323s] step=130 | MISSION=NORMAL_C | USV: 5/5 (avail=0 int=5 lock=0 frz=0) | UAV: air=5 rtb=0 chg=0 loiter=0 | TRACKS: vis=9 lost=0 engaged=0 | TOP: black_usv9(x237,882) black_usv8(x238,098) black_usv3(x239,203) | KILL=0 | ACTIONS=10 | INTENT: focus=2 ratio=0.20
[t=2,512s] step=140 | MISSION=NORMAL_C | USV: 5/5 (avail=0 int=5 lock=0 frz=0) | UAV: air=5 rtb=0 chg=0 loiter=0 | TRACKS: vis=8 lost=1 engaged=0 | TOP: black_usv9(x236,094) black_usv8(x236,328) black_usv3(x237,532) | KILL=0 | ACTIONS=10 | INTENT: focus=2 ratio=0.20
[t=2,699s] step=150 | MISSION=NORMAL_C | USV: 5/5 (avail=0 int=5 lock=0 frz=0) | UAV: air=5 rtb=0 chg=0 loiter=0 | TRACKS: vis=8 lost=0 engaged=0 | TOP: black_usv9(x234,322) black_usv8(x234,576) black_usv3(x235,877) | KILL=0 | ACTIONS=10 | INTENT: focus=2 ratio=0.20
[t=2,891s] step=160 | MISSION=NORMAL_C | USV: 5/5 (avail=0 int=5 lock=0 frz=0) | UAV: air=5 rtb=0 chg=0 loiter=0 | TRACKS: vis=8 lost=0 engaged=0 | TOP: black_usv9(x232,497) black_usv8(x232,770) black_usv3(x234,171) | KILL=0 | ACTIONS=10 | INTENT: focus=2 ratio=0.20
[t=3,084s] step=170 | MISSION=NORMAL_C | USV: 5/5 (avail=0 int=5 lock=0 frz=0) | UAV: air=5 rtb=0 chg=0 loiter=0 | TRACKS: vis=7 lost=1 engaged=0 | TOP: black_usv9(x230,678) black_usv8(x230,971) black_usv3(x232,472) | KILL=0 | ACTIONS=10 | INTENT: focus=2 ratio=0.20
[t=3,273s] step=180 | MISSION=NORMAL_C | USV: 5/5 (avail=0 int=5 lock=0 frz=0) | UAV: air=5 rtb=0 chg=0 loiter=0 | TRACKS: vis=8 lost=0 engaged=0 | TOP: black_usv9(x228,889) black_usv8(x229,201) black_usv3(x230,800) | KILL=0 | ACTIONS=10 | INTENT: focus=2 ratio=0.20
[t=3,469s] step=190 | MISSION=NORMAL_C | USV: 5/5 (avail=0 int=5 lock=0 frz=0) | UAV: air=5 rtb=0 chg=0 loiter=0 | TRACKS: vis=7 lost=1 engaged=0 | TOP: black_usv9(x226,925) black_usv3(x229,058) black_usv8(x227,238) | KILL=0 | ACTIONS=10 | INTENT: focus=2 ratio=0.20
[t=3,664s] step=200 | MISSION=NORMAL_C | USV: 5/5 (avail=0 int=5 lock=0 frz=0) | UAV: air=5 rtb=0 chg=0 loiter=0 | TRACKS: vis=7 lost=1 engaged=0 | TOP: black_usv9(x224,983) black_usv3(x227,340) black_usv2(x231,591) | KILL=0 | ACTIONS=10 | INTENT: focus=2 ratio=0.20
[t=3,854s] step=210 | MISSION=NORMAL_C | USV: 5/5 (avail=0 int=5 lock=0 frz=0) | UAV: air=5 rtb=0 chg=0 loiter=0 | TRACKS: vis=8 lost=0 engaged=0 | TOP: black_usv9(x223,098) black_usv3(x225,660) black_usv2(x230,148) | KILL=0 | ACTIONS=10 | INTENT: focus=2 ratio=0.20
[t=4,045s] step=220 | MISSION=NORMAL_C | USV: 5/5 (avail=0 int=5 lock=0 frz=0) | UAV: air=5 rtb=0 chg=0 loiter=0 | TRACKS: vis=5 lost=3 engaged=0 | TOP: black_usv9(x221,212) black_usv3(x223,965) black_usv2(x228,687) | KILL=0 | ACTIONS=10 | INTENT: focus=2 ratio=0.20
[t=4,241s] step=230 | MISSION=NORMAL_C | USV: 5/5 (avail=0 int=5 lock=0 frz=0) | UAV: air=5 rtb=0 chg=0 loiter=0 | TRACKS: vis=8 lost=0 engaged=0 | TOP: black_usv9(x219,275) black_usv3(x222,236) black_usv2(x227,200) | KILL=0 | ACTIONS=10 | INTENT: focus=2 ratio=0.20
[t=4,433s] step=240 | MISSION=NORMAL_C | USV: 5/5 (avail=0 int=5 lock=0 frz=0) | UAV: air=5 rtb=0 chg=0 loiter=0 | TRACKS: vis=7 lost=1 engaged=0 | TOP: black_usv3(x220,532) black_usv9(x217,370) black_usv2(x225,737) | KILL=0 | ACTIONS=10 | INTENT: focus=2 ratio=0.20
[t=4,628s] step=250 | MISSION=NORMAL_C | USV: 5/5 (avail=0 int=5 lock=0 frz=0) | UAV: air=5 rtb=0 chg=0 loiter=0 | TRACKS: vis=5 lost=3 engaged=0 | TOP: black_usv9(x215,427) black_usv3(x218,808) black_usv2(x224,252) | KILL=0 | ACTIONS=10 | INTENT: focus=2 ratio=0.20
[t=4,823s] step=260 | MISSION=NORMAL_C | USV: 5/5 (avail=0 int=5 lock=0 frz=0) | UAV: air=5 rtb=0 chg=0 loiter=0 | TRACKS: vis=6 lost=1 engaged=0 | TOP: black_usv3(x217,088) black_usv8(x216,611) black_usv9(x213,495) | KILL=0 | ACTIONS=10 | INTENT: focus=2 ratio=0.20
[t=5,012s] step=270 | MISSION=NORMAL_C | USV: 5/5 (avail=0 int=5 lock=0 frz=0) | UAV: air=5 rtb=0 chg=0 loiter=0 | TRACKS: vis=7 lost=0 engaged=0 | TOP: black_usv3(x215,410) black_usv9(x211,616) black_usv8(x214,721) | KILL=0 | ACTIONS=10 | INTENT: focus=2 ratio=0.20
[t=5,209s] step=280 | MISSION=NORMAL_C | USV: 5/5 (avail=0 int=5 lock=0 frz=0) | UAV: air=5 rtb=0 chg=0 loiter=0 | TRACKS: vis=7 lost=0 engaged=0 | TOP: black_usv3(x213,671) black_usv9(x209,662) black_usv8(x212,840) | KILL=0 | ACTIONS=10 | INTENT: focus=2 ratio=0.20
[t=5,405s] step=290 | MISSION=NORMAL_C | USV: 5/5 (avail=0 int=5 lock=0 frz=0) | UAV: air=5 rtb=0 chg=0 loiter=0 | TRACKS: vis=5 lost=2 engaged=0 | TOP: black_usv3(x211,940) black_usv9(x207,794) black_usv8(x210,893) | KILL=0 | ACTIONS=10 | INTENT: focus=2 ratio=0.20
[t=5,599s] step=300 | MISSION=NORMAL_C | USV: 5/5 (avail=0 int=5 lock=0 frz=0) | UAV: air=5 rtb=0 chg=0 loiter=0 | TRACKS: vis=6 lost=1 engaged=0 | TOP: black_usv3(x210,223) black_usv9(x205,884) black_usv8(x209,039) | KILL=0 | ACTIONS=10 | INTENT: focus=2 ratio=0.20
[t=5,797s] step=310 | MISSION=NORMAL_C | USV: 5/5 (avail=0 int=5 lock=0 frz=0) | UAV: air=5 rtb=0 chg=0 loiter=0 | TRACKS: vis=6 lost=0 engaged=0 | TOP: black_usv9(x203,942) black_usv8(x207,078) black_usv6(x204,393) | KILL=0 | ACTIONS=10 | INTENT: focus=2 ratio=0.20
[t=5,998s] step=320 | MISSION=NORMAL_C | USV: 5/5 (avail=0 int=5 lock=0 frz=0) | UAV: air=5 rtb=0 chg=0 loiter=0 | TRACKS: vis=6 lost=0 engaged=0 | TOP: black_usv9(x201,940) black_usv8(x205,107) black_usv4(x200,590) | KILL=0 | ACTIONS=10 | INTENT: focus=2 ratio=0.20
[t=6,201s] step=330 | MISSION=NORMAL_C | USV: 5/5 (avail=0 int=5 lock=0 frz=0) | UAV: air=5 rtb=0 chg=0 loiter=0 | TRACKS: vis=6 lost=0 engaged=0 | TOP: black_usv9(x200,001) black_usv8(x203,107) black_usv4(x198,586) | KILL=0 | ACTIONS=10 | INTENT: focus=2 ratio=0.20
[t=6,399s] step=340 | MISSION=NORMAL_C | USV: 5/5 (avail=0 int=5 lock=0 frz=0) | UAV: air=5 rtb=0 chg=0 loiter=0 | TRACKS: vis=6 lost=0 engaged=0 | TOP: black_usv9(x198,036) black_usv8(x201,227) black_usv4(x196,641) | KILL=0 | ACTIONS=10 | INTENT: focus=2 ratio=0.20
[t=6,603s] step=350 | MISSION=NORMAL_C | USV: 5/5 (avail=0 int=5 lock=0 frz=0) | UAV: air=5 rtb=0 chg=0 loiter=0 | TRACKS: vis=6 lost=0 engaged=0 | TOP: black_usv8(x199,236) black_usv9(x196,117) black_usv4(x194,633) | KILL=0 | ACTIONS=10 | INTENT: focus=2 ratio=0.20
[t=6,807s] step=360 | MISSION=NORMAL_C | USV: 5/5 (avail=0 int=5 lock=0 frz=0) | UAV: air=5 rtb=0 chg=0 loiter=0 | TRACKS: vis=6 lost=0 engaged=0 | TOP: black_usv9(x194,173) black_usv8(x197,233) black_usv4(x192,624) | KILL=0 | ACTIONS=10 | INTENT: focus=2 ratio=0.20
[t=7,008s] step=370 | MISSION=NORMAL_C | USV: 5/5 (avail=0 int=5 lock=0 frz=0) | UAV: air=5 rtb=0 chg=0 loiter=0 | TRACKS: vis=6 lost=0 engaged=0 | TOP: black_usv9(x192,231) black_usv8(x195,324) black_usv4(x190,647) | KILL=0 | ACTIONS=10 | INTENT: focus=2 ratio=0.20
[t=7,216s] step=380 | MISSION=NORMAL_C | USV: 5/5 (avail=0 int=5 lock=0 frz=0) | UAV: air=5 rtb=0 chg=0 loiter=0 | TRACKS: vis=6 lost=0 engaged=0 | TOP: black_usv9(x190,261) black_usv8(x193,275) black_usv4(x188,607) | KILL=0 | ACTIONS=10 | INTENT: focus=2 ratio=0.20
      [ASSIGN] white_usv3->black_usv4(机会锁定)
[t=7,427s] step=390 | MISSION=NORMAL_C | USV: 5/5 (avail=0 int=3 lock=2 frz=0) | UAV: air=5 rtb=0 chg=0 loiter=0 | TRACKS: vis=6 lost=0 engaged=1 | TOP: black_usv9(x188,172) black_usv5(x190,097) black_usv8(x191,754) | KILL=0 | ACTIONS=10 | INTENT: focus=2 ratio=0.20
      [ASSIGN] white_usv1->black_usv4(机会锁定)
      [ASSIGN] white_usv5->black_usv9(机会锁定)
      [ASSIGN] white_usv4->black_usv9(机会锁定)
[t=7,641s] step=400 | MISSION=NORMAL_C | USV: 5/5 (avail=0 int=0 lock=5 frz=0) | UAV: air=5 rtb=0 chg=0 loiter=0 | TRACKS: vis=6 lost=0 engaged=2 | TOP: black_usv5(x187,963) black_usv8(x189,648) black_usv6(x188,391) | KILL=0 | ACTIONS=10 | INTENT: focus=2 ratio=0.20
      [ASSIGN] white_usv2->black_usv5(机会锁定)
      [ASSIGN] white_usv3->black_usv5(机会锁定)
      [DETECT] black_usv10
      [ASSIGN] white_usv5->black_usv8(机会锁定)
[t=7,858s] step=410 | MISSION=NORMAL_C | USV: 5/5 (avail=0 int=1 lock=4 frz=0) | UAV: air=5 rtb=0 chg=0 loiter=0 | TRACKS: vis=7 lost=0 engaged=3 | TOP: black_usv10(x195,300) black_usv6(x186,336) black_usv7(x189,317) | KILL=1 | ACTIONS=10 | INTENT: focus=2 ratio=0.20
      [ASSIGN] white_usv4->black_usv6(机会锁定)
      [ASSIGN] white_usv2->black_usv4(机会锁定)
      [ASSIGN] white_usv2->black_usv5(机会锁定)
[t=8,064s] step=420 | MISSION=NORMAL_C | USV: 5/5 (avail=0 int=1 lock=4 frz=0) | UAV: air=5 rtb=0 chg=0 loiter=0 | TRACKS: vis=7 lost=0 engaged=3 | TOP: black_usv10(x193,353) black_usv7(x187,403) black_usv9(x185,776) | KILL=1 | ACTIONS=10 | INTENT: focus=2 ratio=0.20
      [DETECT] black_usv2
      [ASSIGN] white_usv5->black_usv9(机会锁定)
      [DETECT] black_usv1
      [DETECT] black_usv3
      [ASSIGN] white_usv4->black_usv7(机会锁定)
      [ASSIGN] white_usv1->black_usv6(机会锁定)
[t=8,274s] step=430 | MISSION=NORMAL_C | USV: 5/5 (avail=0 int=1 lock=4 frz=0) | UAV: air=5 rtb=0 chg=0 loiter=0 | TRACKS: vis=10 lost=0 engaged=3 | TOP: black_usv3(x187,083) black_usv2(x194,629) black_usv1(x203,758) | KILL=1 | ACTIONS=10 | INTENT: focus=2 ratio=0.20
      [KILL] black_usv4
      [ASSIGN] white_usv5->black_usv8(机会锁定)
[t=8,489s] step=440 | MISSION=NORMAL_C | USV: 5/5 (avail=0 int=2 lock=3 frz=0) | UAV: air=5 rtb=0 chg=0 loiter=0 | TRACKS: vis=9 lost=0 engaged=3 | TOP: black_usv2(x192,487) black_usv1(x201,613) black_usv3(x184,990) | KILL=3 | ACTIONS=10 | INTENT: focus=2 ratio=0.20
      [ASSIGN] white_usv4->black_usv9(机会锁定)
      [ASSIGN] white_usv4->black_usv7(机会锁定)
[t=8,699s] step=450 | MISSION=NORMAL_C | USV: 5/5 (avail=0 int=3 lock=2 frz=0) | UAV: air=5 rtb=0 chg=0 loiter=0 | TRACKS: vis=9 lost=0 engaged=2 | TOP: black_usv2(x190,388) black_usv1(x199,616) black_usv3(x183,022) | KILL=4 | ACTIONS=10 | INTENT: focus=2 ratio=0.20
      [ASSIGN] white_usv5->black_usv9(机会锁定)
      [ASSIGN] white_usv5->black_usv8(机会锁定)
      [ASSIGN] white_usv5->black_usv9(机会锁定)
      [ASSIGN] white_usv5->black_usv8(机会锁定)
      [ASSIGN] white_usv5->black_usv9(机会锁定)
      [ASSIGN] white_usv4->black_usv8(机会锁定)
      [ASSIGN] white_usv5->black_usv8(机会锁定)
      [ASSIGN] white_usv4->black_usv7(机会锁定)
      [ASSIGN] white_usv5->black_usv7(机会锁定)
      [ASSIGN] white_usv1->black_usv5(机会锁定)
      [ASSIGN] white_usv4->black_usv8(机会锁定)
      [ASSIGN] white_usv5->black_usv8(机会锁定)
[t=8,916s] step=460 | MISSION=NORMAL_C | USV: 5/5 (avail=0 int=5 lock=0 frz=0) | UAV: air=5 rtb=0 chg=0 loiter=0 | TRACKS: vis=9 lost=0 engaged=0 | TOP: black_usv2(x188,217) black_usv3(x180,851) black_usv10(x185,594) | KILL=6 | ACTIONS=10 | INTENT: focus=2 ratio=0.20
      [ASSIGN] white_usv4->black_usv6(机会锁定)
      [ASSIGN] white_usv5->black_usv7(机会锁定)
      [KILL] black_usv5
      [RELEASE] white_usv1->black_usv5(目标失效)
      [ASSIGN] white_usv4->black_usv8(机会锁定)
      [ASSIGN] white_usv5->black_usv8(机会锁定)
      [RELEASE] white_usv2->black_usv5(目标失效)
      [RELEASE] white_usv3->black_usv5(目标失效)
      [ASSIGN] white_usv1->black_usv3
      [ASSIGN] white_usv4->black_usv6(机会锁定)
      [ASSIGN] white_usv5->black_usv6(机会锁定)
      [ASSIGN] white_usv2->black_usv2
      [ASSIGN] white_usv4->black_usv8(机会锁定)
      [ASSIGN] white_usv5->black_usv8(机会锁定)
      [ASSIGN] white_usv3->black_usv6(机会锁定)
      [ASSIGN] white_usv4->black_usv7(机会锁定)
      [ASSIGN] white_usv5->black_usv7(机会锁定)
      [KILL] black_usv9
      [ASSIGN] white_usv4->black_usv8(机会锁定)
      [ASSIGN] white_usv5->black_usv6(机会锁定)
      [ASSIGN] white_usv4->black_usv7(机会锁定)
      [ASSIGN] white_usv5->black_usv7(机会锁定)
      [ASSIGN] white_usv4->black_usv6(机会锁定)
      [ASSIGN] white_usv5->black_usv6(机会锁定)
      [ASSIGN] white_usv4->black_usv7(机会锁定)
      [ASSIGN] white_usv5->black_usv7(机会锁定)
      [ASSIGN] white_usv4->black_usv6(机会锁定)
      [ASSIGN] white_usv5->black_usv6(机会锁定)
[t=9,142s] step=470 | MISSION=NORMAL_C | USV: 5/5 (avail=0 int=5 lock=0 frz=0) | UAV: air=5 rtb=0 chg=0 loiter=0 | TRACKS: vis=6 lost=1 engaged=0 | TOP: black_usv10(x183,331) black_usv2(x185,958) black_usv8(x182,982) | KILL=6 | ACTIONS=10 | INTENT: focus=2 ratio=0.20
      [ASSIGN] white_usv4->black_usv7(机会锁定)
      [KILL] black_usv6
      [RELEASE] white_usv5->black_usv6(目标失效)
      [RELEASE] white_usv3->black_usv6(目标失效)
      [ASSIGN] white_usv5->black_usv10
      [ASSIGN] white_usv3->black_usv8
      [ASSIGN] white_usv5->black_usv7(机会锁定)
      [ASSIGN] white_usv2->black_usv3(机会锁定)
      [ASSIGN] white_usv4->black_usv8(机会锁定)
      [ASSIGN] white_usv4->black_usv7(机会锁定)
[t=9,348s] step=480 | MISSION=NORMAL_C | USV: 5/5 (avail=0 int=4 lock=1 frz=0) | UAV: air=5 rtb=0 chg=0 loiter=0 | TRACKS: vis=4 lost=1 engaged=1 | TOP: black_usv2(x183,893) black_usv1(x193,704) black_usv7(x182,667) | KILL=6 | ACTIONS=10 | INTENT: focus=2 ratio=0.20
      [KILL] black_usv8
      [RELEASE] white_usv3->black_usv8(目标失效)
      [ASSIGN] white_usv3->black_usv2
      [DETECT] black_usv10
      [KILL] black_usv7
      [RELEASE] white_usv4->black_usv7(目标失效)
      [RELEASE] white_usv5->black_usv7(目标失效)
      [ASSIGN] white_usv4->black_usv1
      [ASSIGN] white_usv5->black_usv10
      [ASSIGN] white_usv3->black_usv3(机会锁定)
      [RELEASE] white_usv4->black_usv1(目标失效)
[t=9,560s] step=490 | MISSION=NORMAL_C | USV: 5/5 (avail=0 int=2 lock=3 frz=0) | UAV: air=5 rtb=0 chg=0 loiter=0 | TRACKS: vis=2 lost=1 engaged=1 | TOP: black_usv2(x181,773) black_usv10(x180,832) black_usv3(x175,546) | KILL=6 | ACTIONS=10 | INTENT: focus=2 ratio=0.20
      [ASSIGN] white_usv4->black_usv2
      [RELEASE] white_usv4->black_usv2(目标失效)
      [ASSIGN] white_usv4->black_usv10
[t=9,763s] step=500 | MISSION=NORMAL_C | USV: 5/5 (avail=0 int=2 lock=3 frz=0) | UAV: air=5 rtb=0 chg=0 loiter=0 | TRACKS: vis=2 lost=0 engaged=1 | TOP: black_usv10(x179,506) black_usv3(x175,288) | KILL=6 | ACTIONS=10 | INTENT: focus=2 ratio=0.20
[t=9,986s] step=510 | MISSION=NORMAL_C | USV: 5/5 (avail=0 int=5 lock=0 frz=0) | UAV: air=5 rtb=0 chg=0 loiter=0 | TRACKS: vis=2 lost=0 engaged=0 | TOP: black_usv10(x178,057) black_usv3(x175,288) | KILL=7 | ACTIONS=10 | INTENT: focus=2 ratio=0.20
[t=10,208s] step=520 | MISSION=NORMAL_C | USV: 5/5 (avail=0 int=5 lock=0 frz=0) | UAV: air=5 rtb=0 chg=0 loiter=0 | TRACKS: vis=1 lost=1 engaged=0 | TOP: black_usv10(x176,609) black_usv3(x175,288) | KILL=7 | ACTIONS=10 | INTENT: focus=2 ratio=0.20
      [KILL] black_usv3
      [RELEASE] white_usv1->black_usv3(目标失效)
      [RELEASE] white_usv2->black_usv3(目标失效)
      [RELEASE] white_usv3->black_usv3(目标失效)
      [ASSIGN] white_usv1->black_usv10
[t=10,407s] step=530 | MISSION=NORMAL_C | USV: 5/5 (avail=2 int=3 lock=0 frz=0) | UAV: air=5 rtb=0 chg=0 loiter=0 | TRACKS: vis=0 lost=1 engaged=0 | TOP: black_usv10(x174,944) | KILL=7 | ACTIONS=10 | INTENT: focus=2 ratio=0.20
[t=10,611s] step=540 | MISSION=NORMAL_C | USV: 5/5 (avail=2 int=3 lock=0 frz=0) | UAV: air=5 rtb=0 chg=0 loiter=0 | TRACKS: vis=1 lost=0 engaged=0 | TOP: black_usv10(x173,146) | KILL=7 | ACTIONS=10 | INTENT: focus=2 ratio=0.20
[t=10,813s] step=550 | MISSION=NORMAL_C | USV: 5/5 (avail=2 int=2 lock=1 frz=0) | UAV: air=5 rtb=0 chg=0 loiter=0 | TRACKS: vis=1 lost=0 engaged=1 | TOP: black_usv10(x171,574) | KILL=7 | ACTIONS=10 | INTENT: focus=2 ratio=0.20
[t=11,011s] step=560 | MISSION=NORMAL_C | USV: 5/5 (avail=2 int=2 lock=1 frz=0) | UAV: air=5 rtb=0 chg=0 loiter=0 | TRACKS: vis=1 lost=0 engaged=1 | TOP: black_usv10(x170,738) | KILL=7 | ACTIONS=10 | INTENT: focus=2 ratio=0.20
[t=11,211s] step=570 | MISSION=NORMAL_C | USV: 5/5 (avail=2 int=1 lock=2 frz=0) | UAV: air=5 rtb=0 chg=0 loiter=0 | TRACKS: vis=1 lost=0 engaged=1 | TOP: black_usv10(x170,738) | KILL=7 | ACTIONS=10 | INTENT: focus=2 ratio=0.20
[t=11,425s] step=580 | MISSION=NORMAL_C | USV: 5/5 (avail=2 int=3 lock=0 frz=0) | UAV: air=5 rtb=0 chg=0 loiter=0 | TRACKS: vis=1 lost=0 engaged=0 | TOP: black_usv10(x170,548) | KILL=8 | ACTIONS=10 | INTENT: focus=2 ratio=0.20
[t=11,643s] step=590 | MISSION=NORMAL_C | USV: 5/5 (avail=2 int=3 lock=0 frz=0) | UAV: air=5 rtb=0 chg=0 loiter=0 | TRACKS: vis=1 lost=0 engaged=0 | TOP: black_usv10(x170,548) | KILL=8 | ACTIONS=10 | INTENT: focus=2 ratio=0.20
      [KILL] black_usv10
      [RELEASE] white_usv1->black_usv10(目标失效)
      [RELEASE] white_usv4->black_usv10(目标失效)
      [RELEASE] white_usv5->black_usv10(目标失效)
[t=11,857s] step=600 | MISSION=NORMAL_C | USV: 5/5 (avail=2 int=3 lock=0 frz=0) | UAV: air=5 rtb=0 chg=0 loiter=0 | TRACKS: vis=0 lost=0 engaged=0 | TOP:  | KILL=8 | ACTIONS=10 | INTENT: focus=2 ratio=0.20
[t=12,058s] step=610 | MISSION=GLOBAL_R | USV: 5/5 (avail=5 int=0 lock=0 frz=0) | UAV: air=5 rtb=0 chg=0 loiter=0 | TRACKS: vis=0 lost=0 engaged=0 | TOP:  | KILL=8 | ACTIONS=10 | INTENT: focus=2 ratio=0.20
[t=12,262s] step=620 | MISSION=GLOBAL_R | USV: 5/5 (avail=5 int=0 lock=0 frz=0) | UAV: air=5 rtb=0 chg=0 loiter=0 | TRACKS: vis=0 lost=0 engaged=0 | TOP:  | KILL=8 | ACTIONS=10 | INTENT: focus=2 ratio=0.20
[t=12,463s] step=630 | MISSION=GLOBAL_R | USV: 5/5 (avail=5 int=0 lock=0 frz=0) | UAV: air=5 rtb=0 chg=0 loiter=0 | TRACKS: vis=0 lost=0 engaged=0 | TOP:  | KILL=8 | ACTIONS=10 | INTENT: focus=2 ratio=0.20
[t=12,668s] step=640 | MISSION=GLOBAL_R | USV: 5/5 (avail=5 int=0 lock=0 frz=0) | UAV: air=5 rtb=0 chg=0 loiter=0 | TRACKS: vis=0 lost=0 engaged=0 | TOP:  | KILL=8 | ACTIONS=10 | INTENT: focus=2 ratio=0.20
[t=12,875s] step=650 | MISSION=GLOBAL_R | USV: 5/5 (avail=5 int=0 lock=0 frz=0) | UAV: air=5 rtb=0 chg=0 loiter=0 | TRACKS: vis=0 lost=0 engaged=0 | TOP:  | KILL=8 | ACTIONS=10 | INTENT: focus=2 ratio=0.20
      [DETECT] black_usv2
      [ASSIGN] white_usv1->black_usv2
      [ASSIGN] white_usv2->black_usv2(机会锁定)
      [ASSIGN] white_usv3->black_usv2(机会锁定)
[t=13,073s] step=660 | MISSION=NORMAL_C | USV: 5/5 (avail=5 int=0 lock=0 frz=0) | UAV: air=5 rtb=0 chg=0 loiter=0 | TRACKS: vis=1 lost=0 engaged=0 | TOP: black_usv2(x155,202) | KILL=8 | ACTIONS=10 | INTENT: focus=2 ratio=0.20
      [DETECT] black_usv1
      [ASSIGN] white_usv4->black_usv1
      [ASSIGN] white_usv5->black_usv1
[t=13,281s] step=670 | MISSION=NORMAL_C | USV: 5/5 (avail=0 int=3 lock=2 frz=0) | UAV: air=5 rtb=0 chg=0 loiter=0 | TRACKS: vis=2 lost=0 engaged=1 | TOP: black_usv1(x158,000) black_usv2(x154,518) | KILL=8 | ACTIONS=10 | INTENT: focus=2 ratio=0.20
[t=13,479s] step=680 | MISSION=NORMAL_C | USV: 5/5 (avail=0 int=3 lock=2 frz=0) | UAV: air=5 rtb=0 chg=0 loiter=0 | TRACKS: vis=2 lost=0 engaged=1 | TOP: black_usv1(x156,019) black_usv2(x154,179) | KILL=8 | ACTIONS=10 | INTENT: focus=2 ratio=0.20
[t=13,682s] step=690 | MISSION=NORMAL_C | USV: 5/5 (avail=0 int=3 lock=2 frz=0) | UAV: air=5 rtb=0 chg=0 loiter=0 | TRACKS: vis=2 lost=0 engaged=1 | TOP: black_usv1(x153,989) black_usv2(x154,179) | KILL=8 | ACTIONS=10 | INTENT: focus=2 ratio=0.20
[t=13,900s] step=700 | MISSION=NORMAL_C | USV: 5/5 (avail=0 int=5 lock=0 frz=0) | UAV: air=5 rtb=0 chg=0 loiter=0 | TRACKS: vis=1 lost=1 engaged=0 | TOP: black_usv1(x151,812) black_usv2(x153,919) | KILL=9 | ACTIONS=10 | INTENT: focus=2 ratio=0.20
[t=14,110s] step=710 | MISSION=NORMAL_C | USV: 5/5 (avail=0 int=5 lock=0 frz=0) | UAV: air=5 rtb=0 chg=0 loiter=0 | TRACKS: vis=2 lost=0 engaged=0 | TOP: black_usv1(x149,711) black_usv2(x153,919) | KILL=9 | ACTIONS=10 | INTENT: focus=2 ratio=0.20
      [KILL] black_usv2
      [RELEASE] white_usv1->black_usv2(目标失效)
      [RELEASE] white_usv2->black_usv2(目标失效)
      [RELEASE] white_usv3->black_usv2(目标失效)
[t=14,327s] step=720 | MISSION=NORMAL_C | USV: 5/5 (avail=0 int=5 lock=0 frz=0) | UAV: air=5 rtb=0 chg=0 loiter=0 | TRACKS: vis=1 lost=0 engaged=0 | TOP: black_usv1(x147,547) | KILL=9 | ACTIONS=10 | INTENT: focus=2 ratio=0.20
      [ASSIGN] white_usv3->black_usv1
[t=14,536s] step=730 | MISSION=NORMAL_C | USV: 5/5 (avail=2 int=3 lock=0 frz=0) | UAV: air=5 rtb=0 chg=0 loiter=0 | TRACKS: vis=1 lost=0 engaged=0 | TOP: black_usv1(x145,458) | KILL=9 | ACTIONS=10 | INTENT: focus=2 ratio=0.20
[t=14,739s] step=740 | MISSION=NORMAL_C | USV: 5/5 (avail=2 int=3 lock=0 frz=0) | UAV: air=5 rtb=0 chg=0 loiter=0 | TRACKS: vis=0 lost=1 engaged=0 | TOP: black_usv1(x143,419) | KILL=9 | ACTIONS=10 | INTENT: focus=2 ratio=0.20
[t=14,947s] step=750 | MISSION=NORMAL_C | USV: 5/5 (avail=2 int=3 lock=0 frz=0) | UAV: air=5 rtb=0 chg=0 loiter=0 | TRACKS: vis=0 lost=1 engaged=0 | TOP: black_usv1(x141,347) | KILL=9 | ACTIONS=10 | INTENT: focus=2 ratio=0.20
[t=15,155s] step=760 | MISSION=NORMAL_C | USV: 5/5 (avail=2 int=3 lock=0 frz=0) | UAV: air=5 rtb=0 chg=0 loiter=0 | TRACKS: vis=1 lost=0 engaged=0 | TOP: black_usv1(x139,267) | KILL=9 | ACTIONS=10 | INTENT: focus=2 ratio=0.20
[t=15,357s] step=770 | MISSION=NORMAL_C | USV: 5/5 (avail=2 int=3 lock=0 frz=0) | UAV: air=5 rtb=0 chg=0 loiter=0 | TRACKS: vis=0 lost=1 engaged=0 | TOP: black_usv1(x137,503) | KILL=9 | ACTIONS=10 | INTENT: focus=2 ratio=0.20
[t=15,565s] step=780 | MISSION=NORMAL_C | USV: 5/5 (avail=2 int=3 lock=0 frz=0) | UAV: air=5 rtb=0 chg=0 loiter=0 | TRACKS: vis=0 lost=1 engaged=0 | TOP: black_usv1(x136,401) | KILL=9 | ACTIONS=10 | INTENT: focus=2 ratio=0.20
[t=15,774s] step=790 | MISSION=NORMAL_C | USV: 5/5 (avail=2 int=3 lock=0 frz=0) | UAV: air=5 rtb=0 chg=0 loiter=0 | TRACKS: vis=1 lost=0 engaged=0 | TOP: black_usv1(x135,298) | KILL=9 | ACTIONS=10 | INTENT: focus=2 ratio=0.20
[t=15,990s] step=800 | MISSION=NORMAL_C | USV: 5/5 (avail=2 int=2 lock=1 frz=0) | UAV: air=5 rtb=0 chg=0 loiter=0 | TRACKS: vis=1 lost=0 engaged=1 | TOP: black_usv1(x133,935) | KILL=9 | ACTIONS=10 | INTENT: focus=2 ratio=0.20
[t=16,190s] step=810 | MISSION=NORMAL_C | USV: 5/5 (avail=2 int=2 lock=1 frz=0) | UAV: air=5 rtb=0 chg=0 loiter=0 | TRACKS: vis=1 lost=0 engaged=1 | TOP: black_usv1(x132,341) | KILL=9 | ACTIONS=10 | INTENT: focus=2 ratio=0.20
[t=16,404s] step=820 | MISSION=NORMAL_C | USV: 5/5 (avail=2 int=2 lock=1 frz=0) | UAV: air=5 rtb=0 chg=0 loiter=0 | TRACKS: vis=1 lost=0 engaged=1 | TOP: black_usv1(x132,341) | KILL=9 | ACTIONS=10 | INTENT: focus=2 ratio=0.20

========================================================================
对局结果: Result.Victory — 敌方所有单位被击毁
  击杀蓝舰: 10 | 命中: 20 | 我方USV损失: 0 | UAV损失: 0 | 突破: 0
[META] result=Result.Victory victory_time=16583 first_detection=1852 first_lock=7405 first_kill=8315 enemy_kills=10 friendly_usv_losses=0 friendly_uav_losses=0 black_breakthrough=0 reacquire_attempts=117 reacquire_success=117 sensor_assisted_locks=95 low_conf_commitments=0 global_reacquire_entries=1 global_reacquire_success=1 coverage_collapse_events=1 active_clusters_max=1 coverage_quality_final=0.22 commander_source=default_intent commander_calls=0 commander_changes=0 commander_no_change=0 commander_parse_failures=0 commander_api_failures=0 commander_policy_failures=0 commander_avg_latency=0.0
Done
