========================================================================
HYBRID AGENT V5 — Variable-Cardinality Hierarchical Maritime Agent
  启用UAV: True | LLM_ENABLED: False
========================================================================
对局 30 开始
      [UAV RELAUNCH] white_uav4
      [UAV RELAUNCH] white_uav2
      [UAV RELAUNCH] white_uav1
      [UAV RELAUNCH] white_uav3
      [UAV RELAUNCH] white_uav5
[t=159s] step=10 | MISSION=NORMAL_C | USV: 5/5 (avail=5 int=0 lock=0 frz=0) | UAV: air=5 rtb=0 chg=0 loiter=0 | TRACKS: vis=0 lost=0 engaged=0 | TOP:  | KILL=0 | ACTIONS=10 | INTENT: focus=2 ratio=0.20
  [INTENT APPLIED]
    ThreatAllocator: focus 2 emergency 3 reserve_ratio 0.20 reserve_usvs None bias breakthrough_eta
    UAVManager: mode search_and_reacquire uav_priority []
[t=338s] step=20 | MISSION=NORMAL_C | USV: 5/5 (avail=5 int=0 lock=0 frz=0) | UAV: air=5 rtb=0 chg=0 loiter=0 | TRACKS: vis=0 lost=0 engaged=0 | TOP:  | KILL=0 | ACTIONS=10 | INTENT: focus=2 ratio=0.20
[t=515s] step=30 | MISSION=NORMAL_C | USV: 5/5 (avail=5 int=0 lock=0 frz=0) | UAV: air=5 rtb=0 chg=0 loiter=0 | TRACKS: vis=0 lost=0 engaged=0 | TOP:  | KILL=0 | ACTIONS=10 | INTENT: focus=2 ratio=0.20
[t=688s] step=40 | MISSION=NORMAL_C | USV: 5/5 (avail=5 int=0 lock=0 frz=0) | UAV: air=5 rtb=0 chg=0 loiter=0 | TRACKS: vis=0 lost=0 engaged=0 | TOP:  | KILL=0 | ACTIONS=10 | INTENT: focus=2 ratio=0.20
[t=867s] step=50 | MISSION=NORMAL_C | USV: 5/5 (avail=5 int=0 lock=0 frz=0) | UAV: air=5 rtb=0 chg=0 loiter=0 | TRACKS: vis=0 lost=0 engaged=0 | TOP:  | KILL=0 | ACTIONS=10 | INTENT: focus=2 ratio=0.20
[t=1,051s] step=60 | MISSION=NORMAL_C | USV: 5/5 (avail=5 int=0 lock=0 frz=0) | UAV: air=5 rtb=0 chg=0 loiter=0 | TRACKS: vis=0 lost=0 engaged=0 | TOP:  | KILL=0 | ACTIONS=10 | INTENT: focus=2 ratio=0.20
[t=1,230s] step=70 | MISSION=NORMAL_C | USV: 5/5 (avail=5 int=0 lock=0 frz=0) | UAV: air=5 rtb=0 chg=0 loiter=0 | TRACKS: vis=0 lost=0 engaged=0 | TOP:  | KILL=0 | ACTIONS=10 | INTENT: focus=2 ratio=0.20
[t=1,425s] step=80 | MISSION=NORMAL_C | USV: 5/5 (avail=5 int=0 lock=0 frz=0) | UAV: air=5 rtb=0 chg=0 loiter=0 | TRACKS: vis=0 lost=0 engaged=0 | TOP:  | KILL=0 | ACTIONS=10 | INTENT: focus=2 ratio=0.20
[t=1,604s] step=90 | MISSION=NORMAL_C | USV: 5/5 (avail=5 int=0 lock=0 frz=0) | UAV: air=5 rtb=0 chg=0 loiter=0 | TRACKS: vis=0 lost=0 engaged=0 | TOP:  | KILL=0 | ACTIONS=10 | INTENT: focus=2 ratio=0.20
[t=1,783s] step=100 | MISSION=NORMAL_C | USV: 5/5 (avail=5 int=0 lock=0 frz=0) | UAV: air=5 rtb=0 chg=0 loiter=0 | TRACKS: vis=0 lost=0 engaged=0 | TOP:  | KILL=0 | ACTIONS=10 | INTENT: focus=2 ratio=0.20
      [DETECT] black_usv6
      [ASSIGN] white_usv1->black_usv6
      [ASSIGN] white_usv2->black_usv6
      [ASSIGN] white_usv4->black_usv6
      [DETECT] black_usv4
      [DETECT] black_usv7
      [ASSIGN] white_usv5->black_usv4
      [ASSIGN] white_usv3->black_usv7
      [DETECT] black_usv5
      [DETECT] black_usv8
      [DETECT] black_usv9
      [DETECT] black_usv10
      [DETECT] black_usv2
      [DETECT] black_usv3
[t=1,965s] step=110 | MISSION=NORMAL_C | USV: 5/5 (avail=0 int=5 lock=0 frz=0) | UAV: air=5 rtb=0 chg=0 loiter=0 | TRACKS: vis=9 lost=0 engaged=0 | TOP: black_usv9(x241,248) black_usv8(x241,427) black_usv3(x242,347) | KILL=0 | ACTIONS=10 | INTENT: focus=2 ratio=0.20
      [DETECT] black_usv1
[t=2,147s] step=120 | MISSION=NORMAL_C | USV: 5/5 (avail=0 int=5 lock=0 frz=0) | UAV: air=5 rtb=0 chg=0 loiter=0 | TRACKS: vis=9 lost=1 engaged=0 | TOP: black_usv9(x239,521) black_usv8(x239,719) black_usv3(x240,734) | KILL=0 | ACTIONS=10 | INTENT: focus=2 ratio=0.20
[t=2,330s] step=130 | MISSION=NORMAL_C | USV: 5/5 (avail=0 int=5 lock=0 frz=0) | UAV: air=5 rtb=0 chg=0 loiter=0 | TRACKS: vis=10 lost=0 engaged=0 | TOP: black_usv9(x237,793) black_usv8(x238,010) black_usv3(x239,119) | KILL=0 | ACTIONS=10 | INTENT: focus=2 ratio=0.20
[t=2,513s] step=140 | MISSION=NORMAL_C | USV: 5/5 (avail=0 int=5 lock=0 frz=0) | UAV: air=5 rtb=0 chg=0 loiter=0 | TRACKS: vis=8 lost=2 engaged=0 | TOP: black_usv9(x236,064) black_usv8(x236,299) black_usv3(x237,504) | KILL=0 | ACTIONS=10 | INTENT: focus=2 ratio=0.20
[t=2,700s] step=150 | MISSION=NORMAL_C | USV: 5/5 (avail=0 int=5 lock=0 frz=0) | UAV: air=5 rtb=0 chg=0 loiter=0 | TRACKS: vis=8 lost=1 engaged=0 | TOP: black_usv9(x234,286) black_usv8(x234,540) black_usv3(x235,843) | KILL=0 | ACTIONS=10 | INTENT: focus=2 ratio=0.20
[t=2,890s] step=160 | MISSION=NORMAL_C | USV: 5/5 (avail=0 int=5 lock=0 frz=0) | UAV: air=5 rtb=0 chg=0 loiter=0 | TRACKS: vis=8 lost=0 engaged=0 | TOP: black_usv9(x232,495) black_usv8(x232,768) black_usv3(x234,169) | KILL=0 | ACTIONS=10 | INTENT: focus=2 ratio=0.20
[t=3,077s] step=170 | MISSION=NORMAL_C | USV: 5/5 (avail=0 int=5 lock=0 frz=0) | UAV: air=5 rtb=0 chg=0 loiter=0 | TRACKS: vis=8 lost=0 engaged=0 | TOP: black_usv9(x230,720) black_usv8(x231,012) black_usv3(x232,511) | KILL=0 | ACTIONS=10 | INTENT: focus=2 ratio=0.20
      [DETECT] black_usv1
[t=3,268s] step=180 | MISSION=NORMAL_C | USV: 5/5 (avail=0 int=5 lock=0 frz=0) | UAV: air=5 rtb=0 chg=0 loiter=0 | TRACKS: vis=9 lost=0 engaged=0 | TOP: black_usv9(x228,916) black_usv8(x229,228) black_usv3(x230,826) | KILL=0 | ACTIONS=10 | INTENT: focus=2 ratio=0.20
[t=3,465s] step=190 | MISSION=NORMAL_C | USV: 5/5 (avail=0 int=5 lock=0 frz=0) | UAV: air=5 rtb=0 chg=0 loiter=0 | TRACKS: vis=9 lost=0 engaged=0 | TOP: black_usv9(x227,043) black_usv8(x227,375) black_usv3(x229,075) | KILL=0 | ACTIONS=10 | INTENT: focus=2 ratio=0.20
[t=3,655s] step=200 | MISSION=NORMAL_C | USV: 5/5 (avail=0 int=5 lock=0 frz=0) | UAV: air=5 rtb=0 chg=0 loiter=0 | TRACKS: vis=9 lost=0 engaged=0 | TOP: black_usv9(x225,250) black_usv8(x225,601) black_usv3(x227,400) | KILL=0 | ACTIONS=10 | INTENT: focus=2 ratio=0.20
[t=3,845s] step=210 | MISSION=NORMAL_C | USV: 5/5 (avail=0 int=5 lock=0 frz=0) | UAV: air=5 rtb=0 chg=0 loiter=0 | TRACKS: vis=9 lost=0 engaged=0 | TOP: black_usv9(x223,447) black_usv8(x223,817) black_usv3(x225,715) | KILL=0 | ACTIONS=10 | INTENT: focus=2 ratio=0.20
[t=4,039s] step=220 | MISSION=NORMAL_C | USV: 5/5 (avail=0 int=5 lock=0 frz=0) | UAV: air=5 rtb=0 chg=0 loiter=0 | TRACKS: vis=7 lost=2 engaged=0 | TOP: black_usv9(x221,612) black_usv8(x222,002) black_usv3(x224,001) | KILL=0 | ACTIONS=10 | INTENT: focus=2 ratio=0.20
[t=4,239s] step=230 | MISSION=NORMAL_C | USV: 5/5 (avail=0 int=5 lock=0 frz=0) | UAV: air=5 rtb=0 chg=0 loiter=0 | TRACKS: vis=9 lost=0 engaged=0 | TOP: black_usv9(x219,718) black_usv8(x220,128) black_usv3(x222,231) | KILL=0 | ACTIONS=10 | INTENT: focus=2 ratio=0.20
[t=4,429s] step=240 | MISSION=NORMAL_C | USV: 5/5 (avail=0 int=5 lock=0 frz=0) | UAV: air=5 rtb=0 chg=0 loiter=0 | TRACKS: vis=9 lost=0 engaged=0 | TOP: black_usv9(x217,919) black_usv8(x218,349) black_usv3(x220,550) | KILL=0 | ACTIONS=10 | INTENT: focus=2 ratio=0.20
[t=4,630s] step=250 | MISSION=NORMAL_C | USV: 5/5 (avail=0 int=5 lock=0 frz=0) | UAV: air=5 rtb=0 chg=0 loiter=0 | TRACKS: vis=9 lost=0 engaged=0 | TOP: black_usv9(x216,022) black_usv8(x216,472) black_usv3(x218,777) | KILL=0 | ACTIONS=10 | INTENT: focus=2 ratio=0.20
[t=4,824s] step=260 | MISSION=NORMAL_C | USV: 5/5 (avail=0 int=5 lock=0 frz=0) | UAV: air=5 rtb=0 chg=0 loiter=0 | TRACKS: vis=9 lost=0 engaged=0 | TOP: black_usv9(x214,177) black_usv8(x214,646) black_usv3(x217,053) | KILL=0 | ACTIONS=10 | INTENT: focus=2 ratio=0.20
[t=5,017s] step=270 | MISSION=NORMAL_C | USV: 5/5 (avail=0 int=5 lock=0 frz=0) | UAV: air=5 rtb=0 chg=0 loiter=0 | TRACKS: vis=7 lost=2 engaged=0 | TOP: black_usv9(x212,351) black_usv8(x212,840) black_usv3(x215,348) | KILL=0 | ACTIONS=10 | INTENT: focus=2 ratio=0.20
[t=5,210s] step=280 | MISSION=NORMAL_C | USV: 5/5 (avail=0 int=5 lock=0 frz=0) | UAV: air=5 rtb=0 chg=0 loiter=0 | TRACKS: vis=7 lost=2 engaged=0 | TOP: black_usv9(x210,532) black_usv8(x211,019) black_usv3(x213,562) | KILL=0 | ACTIONS=10 | INTENT: focus=2 ratio=0.20
[t=5,404s] step=290 | MISSION=NORMAL_C | USV: 5/5 (avail=0 int=5 lock=0 frz=0) | UAV: air=5 rtb=0 chg=0 loiter=0 | TRACKS: vis=7 lost=2 engaged=0 | TOP: black_usv9(x208,577) black_usv8(x209,075) black_usv1(x224,216) | KILL=0 | ACTIONS=10 | INTENT: focus=2 ratio=0.20
[t=5,601s] step=300 | MISSION=NORMAL_C | USV: 5/5 (avail=0 int=5 lock=0 frz=0) | UAV: air=5 rtb=0 chg=0 loiter=0 | TRACKS: vis=8 lost=1 engaged=0 | TOP: black_usv9(x206,616) black_usv8(x207,114) black_usv1(x222,943) | KILL=0 | ACTIONS=10 | INTENT: focus=2 ratio=0.20
[t=5,787s] step=310 | MISSION=NORMAL_C | USV: 5/5 (avail=0 int=5 lock=0 frz=0) | UAV: air=5 rtb=0 chg=0 loiter=0 | TRACKS: vis=8 lost=0 engaged=0 | TOP: black_usv9(x204,750) black_usv8(x205,248) black_usv1(x221,732) | KILL=0 | ACTIONS=10 | INTENT: focus=2 ratio=0.20
[t=5,982s] step=320 | MISSION=NORMAL_C | USV: 5/5 (avail=0 int=5 lock=0 frz=0) | UAV: air=5 rtb=0 chg=0 loiter=0 | TRACKS: vis=8 lost=0 engaged=0 | TOP: black_usv9(x203,045) black_usv1(x220,466) black_usv3(x207,719) | KILL=0 | ACTIONS=10 | INTENT: focus=2 ratio=0.20
[t=6,177s] step=330 | MISSION=NORMAL_C | USV: 5/5 (avail=0 int=5 lock=0 frz=0) | UAV: air=5 rtb=0 chg=0 loiter=0 | TRACKS: vis=8 lost=0 engaged=0 | TOP: black_usv9(x201,395) black_usv1(x219,202) black_usv3(x206,341) | KILL=0 | ACTIONS=10 | INTENT: focus=2 ratio=0.20
[t=6,379s] step=340 | MISSION=NORMAL_C | USV: 5/5 (avail=0 int=5 lock=0 frz=0) | UAV: air=5 rtb=0 chg=0 loiter=0 | TRACKS: vis=8 lost=0 engaged=0 | TOP: black_usv9(x199,689) black_usv1(x217,894) black_usv3(x204,915) | KILL=0 | ACTIONS=10 | INTENT: focus=2 ratio=0.20
      [DETECT] black_usv2
[t=6,584s] step=350 | MISSION=NORMAL_C | USV: 5/5 (avail=0 int=5 lock=0 frz=0) | UAV: air=5 rtb=0 chg=0 loiter=0 | TRACKS: vis=9 lost=0 engaged=0 | TOP: black_usv9(x197,956) black_usv2(x210,783) black_usv1(x216,567) | KILL=0 | ACTIONS=10 | INTENT: focus=2 ratio=0.20
[t=6,793s] step=360 | MISSION=NORMAL_C | USV: 5/5 (avail=0 int=5 lock=0 frz=0) | UAV: air=5 rtb=0 chg=0 loiter=0 | TRACKS: vis=9 lost=0 engaged=0 | TOP: black_usv9(x196,188) black_usv2(x209,514) black_usv1(x215,211) | KILL=0 | ACTIONS=10 | INTENT: focus=2 ratio=0.20
[t=6,998s] step=370 | MISSION=NORMAL_C | USV: 5/5 (avail=0 int=5 lock=0 frz=0) | UAV: air=5 rtb=0 chg=0 loiter=0 | TRACKS: vis=9 lost=0 engaged=0 | TOP: black_usv9(x194,445) black_usv2(x208,267) black_usv1(x213,878) | KILL=0 | ACTIONS=10 | INTENT: focus=2 ratio=0.20
[t=7,205s] step=380 | MISSION=NORMAL_C | USV: 5/5 (avail=0 int=5 lock=0 frz=0) | UAV: air=5 rtb=0 chg=0 loiter=0 | TRACKS: vis=9 lost=0 engaged=0 | TOP: black_usv9(x192,695) black_usv2(x207,011) black_usv1(x212,536) | KILL=0 | ACTIONS=10 | INTENT: focus=2 ratio=0.20
      [ASSIGN] white_usv2->black_usv4(机会锁定)
      [ASSIGN] white_usv1->black_usv4(机会锁定)
[t=7,406s] step=390 | MISSION=NORMAL_C | USV: 5/5 (avail=0 int=4 lock=1 frz=0) | UAV: air=5 rtb=0 chg=0 loiter=0 | TRACKS: vis=9 lost=0 engaged=1 | TOP: black_usv9(x190,991) black_usv2(x205,196) black_usv1(x211,231) | KILL=0 | ACTIONS=10 | INTENT: focus=2 ratio=0.20
      [ASSIGN] white_usv4->black_usv4(机会锁定)
[t=7,609s] step=400 | MISSION=NORMAL_C | USV: 5/5 (avail=0 int=0 lock=5 frz=0) | UAV: air=5 rtb=0 chg=0 loiter=0 | TRACKS: vis=8 lost=1 engaged=2 | TOP: black_usv9(x189,278) black_usv2(x203,173) black_usv6(x187,587) | KILL=0 | ACTIONS=10 | INTENT: focus=2 ratio=0.20
      [ASSIGN] white_usv2->black_usv6(机会锁定)
      [ASSIGN] white_usv1->black_usv6(机会锁定)
      [ASSIGN] white_usv4->black_usv7(机会锁定)
[t=7,815s] step=410 | MISSION=NORMAL_C | USV: 5/5 (avail=0 int=1 lock=4 frz=0) | UAV: air=5 rtb=0 chg=0 loiter=0 | TRACKS: vis=8 lost=1 engaged=2 | TOP: black_usv9(x187,505) black_usv1(x208,579) black_usv5(x188,328) | KILL=1 | ACTIONS=10 | INTENT: focus=2 ratio=0.20
      [DETECT] black_usv1
      [ASSIGN] white_usv2->black_usv4(机会锁定)
[t=8,028s] step=420 | MISSION=NORMAL_C | USV: 5/5 (avail=0 int=2 lock=3 frz=0) | UAV: air=5 rtb=0 chg=0 loiter=0 | TRACKS: vis=8 lost=1 engaged=2 | TOP: black_usv9(x185,367) black_usv1(x207,196) black_usv5(x186,191) | KILL=1 | ACTIONS=10 | INTENT: focus=2 ratio=0.20
      [ASSIGN] white_usv2->black_usv6(机会锁定)
      [ASSIGN] white_usv5->black_usv6(机会锁定)
      [ASSIGN] white_usv1->black_usv4(机会锁定)
      [ASSIGN] white_usv2->black_usv4(机会锁定)
      [ASSIGN] white_usv5->black_usv4(机会锁定)
      [ASSIGN] white_usv1->black_usv6(机会锁定)
      [ASSIGN] white_usv2->black_usv6(机会锁定)
      [ASSIGN] white_usv5->black_usv6(机会锁定)
      [ASSIGN] white_usv1->black_usv4(机会锁定)
      [ASSIGN] white_usv2->black_usv4(机会锁定)
      [ASSIGN] white_usv5->black_usv4(机会锁定)
      [ASSIGN] white_usv4->black_usv4(机会锁定)
      [ASSIGN] white_usv1->black_usv6(机会锁定)
      [ASSIGN] white_usv2->black_usv6(机会锁定)
      [ASSIGN] white_usv5->black_usv6(机会锁定)
      [ASSIGN] white_usv4->black_usv6(机会锁定)
      [ASSIGN] white_usv3->black_usv6(机会锁定)
      [ASSIGN] white_usv1->black_usv4(机会锁定)
      [ASSIGN] white_usv2->black_usv4(机会锁定)
      [ASSIGN] white_usv5->black_usv4(机会锁定)
      [ASSIGN] white_usv4->black_usv4(机会锁定)
      [ASSIGN] white_usv3->black_usv7(机会锁定)
      [ASSIGN] white_usv1->black_usv6(机会锁定)
      [ASSIGN] white_usv2->black_usv6(机会锁定)
      [ASSIGN] white_usv5->black_usv6(机会锁定)
      [ASSIGN] white_usv4->black_usv6(机会锁定)
      [ASSIGN] white_usv3->black_usv6(机会锁定)
      [ASSIGN] white_usv1->black_usv4(机会锁定)
      [ASSIGN] white_usv2->black_usv4(机会锁定)
      [ASSIGN] white_usv5->black_usv4(机会锁定)
      [ASSIGN] white_usv4->black_usv4(机会锁定)
      [ASSIGN] white_usv3->black_usv7(机会锁定)
      [ASSIGN] white_usv1->black_usv6(机会锁定)
      [ASSIGN] white_usv2->black_usv6(机会锁定)
      [ASSIGN] white_usv4->black_usv6(机会锁定)
      [ASSIGN] white_usv3->black_usv6(机会锁定)
      [ASSIGN] white_usv1->black_usv4(机会锁定)
      [ASSIGN] white_usv2->black_usv4(机会锁定)
      [ASSIGN] white_usv3->black_usv7(机会锁定)
[t=8,272s] step=430 | MISSION=NORMAL_C | USV: 3/5 (avail=0 int=3 lock=0 frz=0) | UAV: air=5 rtb=0 chg=0 loiter=0 | TRACKS: vis=9 lost=0 engaged=0 | TOP: black_usv7(x182,471) black_usv1(x205,618) black_usv4(x183,997) | KILL=3 | ACTIONS=8 | INTENT: focus=2 ratio=0.20
      [ASSIGN] white_usv1->black_usv5(机会锁定)
      [ASSIGN] white_usv2->black_usv6(机会锁定)
      [ASSIGN] white_usv3->black_usv6(机会锁定)
      [KILL] black_usv4
      [ASSIGN] white_usv2->black_usv7(机会锁定)
      [ASSIGN] white_usv3->black_usv7(机会锁定)
      [ASSIGN] white_usv2->black_usv6(机会锁定)
      [ASSIGN] white_usv3->black_usv6(机会锁定)
      [ASSIGN] white_usv2->black_usv7(机会锁定)
      [ASSIGN] white_usv3->black_usv7(机会锁定)
      [ASSIGN] white_usv2->black_usv6(机会锁定)
[t=8,466s] step=440 | MISSION=NORMAL_C | USV: 3/5 (avail=0 int=2 lock=1 frz=0) | UAV: air=5 rtb=0 chg=0 loiter=0 | TRACKS: vis=8 lost=0 engaged=1 | TOP: black_usv1(x204,356) black_usv8(x182,957) black_usv3(x186,588) | KILL=3 | ACTIONS=8 | INTENT: focus=2 ratio=0.20
      [KILL] black_usv6
      [RELEASE] white_usv2->black_usv6(目标失效)
      [ASSIGN] white_usv2->black_usv5(机会锁定)
[t=8,671s] step=450 | MISSION=NORMAL_C | USV: 3/5 (avail=0 int=1 lock=2 frz=0) | UAV: air=5 rtb=0 chg=0 loiter=0 | TRACKS: vis=7 lost=0 engaged=1 | TOP: black_usv1(x203,025) black_usv3(x184,538) black_usv8(x181,041) | KILL=3 | ACTIONS=8 | INTENT: focus=2 ratio=0.20
      [KILL] black_usv7
      [RELEASE] white_usv3->black_usv7(目标失效)
      [ASSIGN] white_usv3->black_usv1
[t=8,851s] step=460 | MISSION=NORMAL_C | USV: 2/5 (avail=0 int=1 lock=1 frz=0) | UAV: air=5 rtb=0 chg=0 loiter=0 | TRACKS: vis=5 lost=1 engaged=1 | TOP: black_usv3(x182,741) black_usv8(x179,363) black_usv2(x191,700) | KILL=3 | ACTIONS=7 | INTENT: focus=2 ratio=0.20
[t=9,036s] step=470 | MISSION=NORMAL_C | USV: 2/5 (avail=0 int=2 lock=0 frz=0) | UAV: air=5 rtb=0 chg=0 loiter=0 | TRACKS: vis=4 lost=2 engaged=0 | TOP: black_usv8(x177,580) black_usv9(x178,145) black_usv3(x180,893) | KILL=4 | ACTIONS=7 | INTENT: focus=2 ratio=0.20
      [ASSIGN] white_usv3->black_usv5(机会锁定)
[t=9,227s] step=480 | MISSION=NORMAL_C | USV: 2/5 (avail=0 int=2 lock=0 frz=0) | UAV: air=5 rtb=0 chg=0 loiter=0 | TRACKS: vis=4 lost=2 engaged=0 | TOP: black_usv1(x199,424) black_usv8(x175,674) black_usv9(x176,235) | KILL=4 | ACTIONS=7 | INTENT: focus=2 ratio=0.20
[t=9,413s] step=490 | MISSION=NORMAL_C | USV: 2/5 (avail=0 int=2 lock=0 frz=0) | UAV: air=5 rtb=0 chg=0 loiter=0 | TRACKS: vis=3 lost=1 engaged=0 | TOP: black_usv8(x173,814) black_usv3(x177,134) black_usv2(x186,421) | KILL=4 | ACTIONS=7 | INTENT: focus=2 ratio=0.20
      [KILL] black_usv5
      [RELEASE] white_usv1->black_usv5(目标失效)
      [RELEASE] white_usv3->black_usv5(目标失效)
      [ASSIGN] white_usv1->black_usv3
      [ASSIGN] white_usv3->black_usv2
[t=9,599s] step=500 | MISSION=NORMAL_C | USV: 2/5 (avail=0 int=2 lock=0 frz=0) | UAV: air=5 rtb=0 chg=0 loiter=0 | TRACKS: vis=2 lost=0 engaged=0 | TOP: black_usv3(x175,291) black_usv2(x184,966) | KILL=4 | ACTIONS=7 | INTENT: focus=2 ratio=0.20
[t=9,771s] step=510 | MISSION=NORMAL_C | USV: 2/5 (avail=0 int=2 lock=0 frz=0) | UAV: air=5 rtb=0 chg=0 loiter=0 | TRACKS: vis=2 lost=0 engaged=0 | TOP: black_usv3(x173,579) black_usv2(x183,614) | KILL=4 | ACTIONS=7 | INTENT: focus=2 ratio=0.20
      [DETECT] black_usv9
      [DETECT] black_usv8
[t=9,943s] step=520 | MISSION=NORMAL_C | USV: 2/5 (avail=0 int=2 lock=0 frz=0) | UAV: air=5 rtb=0 chg=0 loiter=0 | TRACKS: vis=4 lost=0 engaged=0 | TOP: black_usv8(x168,529) black_usv9(x169,709) black_usv3(x171,873) | KILL=4 | ACTIONS=7 | INTENT: focus=2 ratio=0.20
[t=10,116s] step=530 | MISSION=NORMAL_C | USV: 2/5 (avail=0 int=1 lock=1 frz=0) | UAV: air=5 rtb=0 chg=0 loiter=0 | TRACKS: vis=3 lost=1 engaged=1 | TOP: black_usv8(x166,796) black_usv9(x167,995) black_usv3(x170,149) | KILL=4 | ACTIONS=7 | INTENT: focus=2 ratio=0.20
      [ASSIGN] white_usv3->black_usv3(机会锁定)
[t=10,291s] step=540 | MISSION=NORMAL_C | USV: 2/5 (avail=0 int=0 lock=2 frz=0) | UAV: air=5 rtb=0 chg=0 loiter=0 | TRACKS: vis=4 lost=0 engaged=1 | TOP: black_usv8(x165,054) black_usv9(x166,266) black_usv2(x179,534) | KILL=4 | ACTIONS=7 | INTENT: focus=2 ratio=0.20
[t=10,471s] step=550 | MISSION=NORMAL_C | USV: 2/5 (avail=0 int=0 lock=2 frz=0) | UAV: air=5 rtb=0 chg=0 loiter=0 | TRACKS: vis=4 lost=0 engaged=1 | TOP: black_usv8(x163,262) black_usv9(x164,492) black_usv2(x178,125) | KILL=4 | ACTIONS=7 | INTENT: focus=2 ratio=0.20
[t=10,657s] step=560 | MISSION=NORMAL_C | USV: 2/5 (avail=0 int=2 lock=0 frz=0) | UAV: air=5 rtb=0 chg=0 loiter=0 | TRACKS: vis=4 lost=0 engaged=0 | TOP: black_usv8(x161,406) black_usv9(x162,656) black_usv2(x176,668) | KILL=5 | ACTIONS=7 | INTENT: focus=2 ratio=0.20
[t=10,848s] step=570 | MISSION=NORMAL_C | USV: 2/5 (avail=0 int=2 lock=0 frz=0) | UAV: air=5 rtb=0 chg=0 loiter=0 | TRACKS: vis=4 lost=0 engaged=0 | TOP: black_usv9(x160,761) black_usv8(x159,857) black_usv2(x175,167) | KILL=5 | ACTIONS=7 | INTENT: focus=2 ratio=0.20
      [KILL] black_usv3
      [RELEASE] white_usv1->black_usv3(目标失效)
      [RELEASE] white_usv3->black_usv3(目标失效)
      [ASSIGN] white_usv1->black_usv8
      [ASSIGN] white_usv3->black_usv9
[t=11,031s] step=580 | MISSION=NORMAL_C | USV: 2/5 (avail=0 int=2 lock=0 frz=0) | UAV: air=5 rtb=0 chg=0 loiter=0 | TRACKS: vis=3 lost=0 engaged=0 | TOP: black_usv9(x158,954) black_usv2(x173,730) black_usv8(x158,646) | KILL=5 | ACTIONS=7 | INTENT: focus=2 ratio=0.20
[t=11,208s] step=590 | MISSION=NORMAL_C | USV: 2/5 (avail=0 int=2 lock=0 frz=0) | UAV: air=5 rtb=0 chg=0 loiter=0 | TRACKS: vis=3 lost=0 engaged=0 | TOP: black_usv9(x157,204) black_usv2(x172,341) black_usv8(x157,476) | KILL=5 | ACTIONS=7 | INTENT: focus=2 ratio=0.20
[t=11,390s] step=600 | MISSION=NORMAL_C | USV: 2/5 (avail=0 int=2 lock=0 frz=0) | UAV: air=5 rtb=0 chg=0 loiter=0 | TRACKS: vis=3 lost=0 engaged=0 | TOP: black_usv9(x155,403) black_usv2(x170,913) black_usv8(x156,273) | KILL=5 | ACTIONS=7 | INTENT: focus=2 ratio=0.20
[t=11,571s] step=610 | MISSION=NORMAL_C | USV: 2/5 (avail=0 int=2 lock=0 frz=0) | UAV: air=5 rtb=0 chg=0 loiter=0 | TRACKS: vis=2 lost=1 engaged=0 | TOP: black_usv9(x153,615) black_usv2(x169,499) black_usv8(x155,083) | KILL=5 | ACTIONS=7 | INTENT: focus=2 ratio=0.20
      [ASSIGN] white_usv3->black_usv8(机会锁定)
[t=11,754s] step=620 | MISSION=NORMAL_C | USV: 2/5 (avail=0 int=1 lock=1 frz=0) | UAV: air=5 rtb=0 chg=0 loiter=0 | TRACKS: vis=2 lost=1 engaged=1 | TOP: black_usv9(x151,815) black_usv2(x168,058) black_usv8(x153,869) | KILL=5 | ACTIONS=7 | INTENT: focus=2 ratio=0.20
[t=11,934s] step=630 | MISSION=NORMAL_C | USV: 2/5 (avail=0 int=0 lock=2 frz=0) | UAV: air=5 rtb=0 chg=0 loiter=0 | TRACKS: vis=2 lost=1 engaged=1 | TOP: black_usv9(x150,037) black_usv2(x166,647) black_usv8(x152,930) | KILL=5 | ACTIONS=7 | INTENT: focus=2 ratio=0.20
[t=12,111s] step=640 | MISSION=NORMAL_C | USV: 2/5 (avail=0 int=2 lock=0 frz=0) | UAV: air=5 rtb=0 chg=0 loiter=0 | TRACKS: vis=2 lost=0 engaged=0 | TOP: black_usv2(x165,207) black_usv8(x152,930) | KILL=6 | ACTIONS=7 | INTENT: focus=2 ratio=0.20
[t=12,299s] step=650 | MISSION=NORMAL_C | USV: 2/5 (avail=0 int=2 lock=0 frz=0) | UAV: air=5 rtb=0 chg=0 loiter=0 | TRACKS: vis=2 lost=0 engaged=0 | TOP: black_usv2(x163,333) black_usv8(x152,930) | KILL=6 | ACTIONS=7 | INTENT: focus=2 ratio=0.20
[t=12,480s] step=660 | MISSION=NORMAL_C | USV: 2/5 (avail=0 int=2 lock=0 frz=0) | UAV: air=5 rtb=0 chg=0 loiter=0 | TRACKS: vis=2 lost=0 engaged=0 | TOP: black_usv2(x161,588) black_usv8(x152,930) | KILL=6 | ACTIONS=7 | INTENT: focus=2 ratio=0.20
      [KILL] black_usv8
      [RELEASE] white_usv1->black_usv8(目标失效)
      [RELEASE] white_usv3->black_usv8(目标失效)
      [ASSIGN] white_usv1->black_usv2
      [ASSIGN] white_usv3->black_usv2
[t=12,667s] step=670 | MISSION=NORMAL_C | USV: 2/5 (avail=0 int=2 lock=0 frz=0) | UAV: air=5 rtb=0 chg=0 loiter=0 | TRACKS: vis=1 lost=0 engaged=0 | TOP: black_usv2(x159,796) | KILL=6 | ACTIONS=7 | INTENT: focus=2 ratio=0.20
      [DETECT] black_usv1
[t=12,853s] step=680 | MISSION=NORMAL_C | USV: 2/5 (avail=0 int=2 lock=0 frz=0) | UAV: air=5 rtb=0 chg=0 loiter=0 | TRACKS: vis=2 lost=0 engaged=0 | TOP: black_usv1(x176,067) black_usv2(x158,013) | KILL=6 | ACTIONS=7 | INTENT: focus=2 ratio=0.20
[t=13,031s] step=690 | MISSION=NORMAL_C | USV: 2/5 (avail=0 int=2 lock=0 frz=0) | UAV: air=5 rtb=0 chg=0 loiter=0 | TRACKS: vis=2 lost=0 engaged=0 | TOP: black_usv1(x175,184) black_usv2(x156,303) | KILL=6 | ACTIONS=7 | INTENT: focus=2 ratio=0.20
[t=13,213s] step=700 | MISSION=NORMAL_C | USV: 2/5 (avail=0 int=2 lock=0 frz=0) | UAV: air=5 rtb=0 chg=0 loiter=0 | TRACKS: vis=2 lost=0 engaged=0 | TOP: black_usv1(x174,276) black_usv2(x154,504) | KILL=6 | ACTIONS=7 | INTENT: focus=2 ratio=0.20
[t=13,393s] step=710 | MISSION=NORMAL_C | USV: 2/5 (avail=0 int=2 lock=0 frz=0) | UAV: air=5 rtb=0 chg=0 loiter=0 | TRACKS: vis=2 lost=0 engaged=0 | TOP: black_usv1(x173,385) black_usv2(x152,707) | KILL=6 | ACTIONS=7 | INTENT: focus=2 ratio=0.20
[t=13,571s] step=720 | MISSION=NORMAL_C | USV: 2/5 (avail=0 int=2 lock=0 frz=0) | UAV: air=5 rtb=0 chg=0 loiter=0 | TRACKS: vis=2 lost=0 engaged=0 | TOP: black_usv1(x172,504) black_usv2(x150,975) | KILL=6 | ACTIONS=7 | INTENT: focus=2 ratio=0.20
[t=13,756s] step=730 | MISSION=NORMAL_C | USV: 2/5 (avail=0 int=2 lock=0 frz=0) | UAV: air=5 rtb=0 chg=0 loiter=0 | TRACKS: vis=2 lost=0 engaged=0 | TOP: black_usv1(x171,586) black_usv2(x149,204) | KILL=6 | ACTIONS=7 | INTENT: focus=2 ratio=0.20
[t=13,942s] step=740 | MISSION=NORMAL_C | USV: 2/5 (avail=0 int=2 lock=0 frz=0) | UAV: air=5 rtb=0 chg=0 loiter=0 | TRACKS: vis=2 lost=0 engaged=0 | TOP: black_usv1(x170,661) black_usv2(x147,418) | KILL=6 | ACTIONS=7 | INTENT: focus=2 ratio=0.20
[t=14,122s] step=750 | MISSION=NORMAL_C | USV: 2/5 (avail=0 int=2 lock=0 frz=0) | UAV: air=5 rtb=0 chg=0 loiter=0 | TRACKS: vis=2 lost=0 engaged=0 | TOP: black_usv1(x169,768) black_usv2(x145,694) | KILL=6 | ACTIONS=7 | INTENT: focus=2 ratio=0.20
[t=14,305s] step=760 | MISSION=NORMAL_C | USV: 2/5 (avail=0 int=2 lock=0 frz=0) | UAV: air=5 rtb=0 chg=0 loiter=0 | TRACKS: vis=2 lost=0 engaged=0 | TOP: black_usv1(x168,858) black_usv2(x143,939) | KILL=6 | ACTIONS=7 | INTENT: focus=2 ratio=0.20
[t=14,485s] step=770 | MISSION=NORMAL_C | USV: 2/5 (avail=0 int=2 lock=0 frz=0) | UAV: air=5 rtb=0 chg=0 loiter=0 | TRACKS: vis=2 lost=0 engaged=0 | TOP: black_usv1(x167,967) black_usv2(x142,220) | KILL=6 | ACTIONS=7 | INTENT: focus=2 ratio=0.20
[t=14,668s] step=780 | MISSION=NORMAL_C | USV: 2/5 (avail=0 int=2 lock=0 frz=0) | UAV: air=5 rtb=0 chg=0 loiter=0 | TRACKS: vis=2 lost=0 engaged=0 | TOP: black_usv1(x167,061) black_usv2(x140,470) | KILL=6 | ACTIONS=7 | INTENT: focus=2 ratio=0.20
[t=14,850s] step=790 | MISSION=NORMAL_C | USV: 2/5 (avail=0 int=2 lock=0 frz=0) | UAV: air=5 rtb=0 chg=0 loiter=0 | TRACKS: vis=2 lost=0 engaged=0 | TOP: black_usv1(x166,153) black_usv2(x138,719) | KILL=6 | ACTIONS=7 | INTENT: focus=2 ratio=0.20
[t=15,031s] step=800 | MISSION=NORMAL_C | USV: 2/5 (avail=0 int=2 lock=0 frz=0) | UAV: air=5 rtb=0 chg=0 loiter=0 | TRACKS: vis=2 lost=0 engaged=0 | TOP: black_usv1(x165,255) black_usv2(x136,986) | KILL=6 | ACTIONS=7 | INTENT: focus=2 ratio=0.20
[t=15,215s] step=810 | MISSION=NORMAL_C | USV: 2/5 (avail=0 int=2 lock=0 frz=0) | UAV: air=5 rtb=0 chg=0 loiter=0 | TRACKS: vis=2 lost=0 engaged=0 | TOP: black_usv1(x164,344) black_usv2(x135,227) | KILL=6 | ACTIONS=7 | INTENT: focus=2 ratio=0.20
[t=15,399s] step=820 | MISSION=NORMAL_C | USV: 2/5 (avail=0 int=2 lock=0 frz=0) | UAV: air=5 rtb=0 chg=0 loiter=0 | TRACKS: vis=2 lost=0 engaged=0 | TOP: black_usv1(x163,434) black_usv2(x133,470) | KILL=6 | ACTIONS=7 | INTENT: focus=2 ratio=0.20
[t=15,582s] step=830 | MISSION=NORMAL_C | USV: 2/5 (avail=0 int=1 lock=1 frz=0) | UAV: air=5 rtb=0 chg=0 loiter=0 | TRACKS: vis=2 lost=0 engaged=1 | TOP: black_usv1(x162,526) black_usv2(x131,718) | KILL=6 | ACTIONS=7 | INTENT: focus=2 ratio=0.20
[t=15,763s] step=840 | MISSION=NORMAL_C | USV: 2/5 (avail=0 int=1 lock=1 frz=0) | UAV: air=5 rtb=0 chg=0 loiter=0 | TRACKS: vis=2 lost=0 engaged=1 | TOP: black_usv1(x161,627) black_usv2(x129,985) | KILL=6 | ACTIONS=7 | INTENT: focus=2 ratio=0.20
[t=15,958s] step=850 | MISSION=NORMAL_C | USV: 2/5 (avail=0 int=1 lock=1 frz=0) | UAV: air=5 rtb=0 chg=0 loiter=0 | TRACKS: vis=2 lost=0 engaged=1 | TOP: black_usv1(x160,658) black_usv2(x128,931) | KILL=6 | ACTIONS=7 | INTENT: focus=2 ratio=0.20
[t=16,146s] step=860 | MISSION=NORMAL_C | USV: 2/5 (avail=0 int=1 lock=1 frz=0) | UAV: air=5 rtb=0 chg=0 loiter=0 | TRACKS: vis=2 lost=0 engaged=1 | TOP: black_usv1(x159,722) black_usv2(x128,931) | KILL=6 | ACTIONS=7 | INTENT: focus=2 ratio=0.20
[t=16,341s] step=870 | MISSION=NORMAL_C | USV: 2/5 (avail=0 int=2 lock=0 frz=0) | UAV: air=5 rtb=0 chg=0 loiter=0 | TRACKS: vis=2 lost=0 engaged=0 | TOP: black_usv1(x158,026) black_usv2(x128,826) | KILL=7 | ACTIONS=7 | INTENT: focus=2 ratio=0.20
[t=16,555s] step=880 | MISSION=NORMAL_C | USV: 2/5 (avail=0 int=2 lock=0 frz=0) | UAV: air=5 rtb=0 chg=0 loiter=0 | TRACKS: vis=2 lost=0 engaged=0 | TOP: black_usv1(x156,200) black_usv2(x128,826) | KILL=7 | ACTIONS=7 | INTENT: focus=2 ratio=0.20
[t=16,764s] step=890 | MISSION=NORMAL_C | USV: 2/5 (avail=0 int=2 lock=0 frz=0) | UAV: air=5 rtb=0 chg=0 loiter=0 | TRACKS: vis=2 lost=0 engaged=0 | TOP: black_usv1(x154,515) black_usv2(x128,826) | KILL=7 | ACTIONS=7 | INTENT: focus=2 ratio=0.20
      [KILL] black_usv2
      [RELEASE] white_usv1->black_usv2(目标失效)
      [RELEASE] white_usv3->black_usv2(目标失效)
      [ASSIGN] white_usv1->black_usv1
      [ASSIGN] white_usv3->black_usv1
[t=16,961s] step=900 | MISSION=NORMAL_C | USV: 2/5 (avail=0 int=2 lock=0 frz=0) | UAV: air=5 rtb=0 chg=0 loiter=0 | TRACKS: vis=1 lost=0 engaged=0 | TOP: black_usv1(x152,935) | KILL=7 | ACTIONS=7 | INTENT: focus=2 ratio=0.20
[t=17,150s] step=910 | MISSION=NORMAL_C | USV: 2/5 (avail=0 int=2 lock=0 frz=0) | UAV: air=5 rtb=0 chg=0 loiter=0 | TRACKS: vis=1 lost=0 engaged=0 | TOP: black_usv1(x151,413) | KILL=7 | ACTIONS=7 | INTENT: focus=2 ratio=0.20
[t=17,343s] step=920 | MISSION=NORMAL_C | USV: 2/5 (avail=0 int=2 lock=0 frz=0) | UAV: air=5 rtb=0 chg=0 loiter=0 | TRACKS: vis=1 lost=0 engaged=0 | TOP: black_usv1(x149,857) | KILL=7 | ACTIONS=7 | INTENT: focus=2 ratio=0.20
[t=17,532s] step=930 | MISSION=NORMAL_C | USV: 2/5 (avail=0 int=2 lock=0 frz=0) | UAV: air=5 rtb=0 chg=0 loiter=0 | TRACKS: vis=0 lost=1 engaged=0 | TOP: black_usv1(x148,337) | KILL=7 | ACTIONS=7 | INTENT: focus=2 ratio=0.20
[t=17,719s] step=940 | MISSION=NORMAL_C | USV: 2/5 (avail=0 int=2 lock=0 frz=0) | UAV: air=5 rtb=0 chg=0 loiter=0 | TRACKS: vis=1 lost=0 engaged=0 | TOP: black_usv1(x146,833) | KILL=7 | ACTIONS=7 | INTENT: focus=2 ratio=0.20
[t=17,915s] step=950 | MISSION=NORMAL_C | USV: 2/5 (avail=0 int=2 lock=0 frz=0) | UAV: air=5 rtb=0 chg=0 loiter=0 | TRACKS: vis=1 lost=0 engaged=0 | TOP: black_usv1(x145,259) | KILL=7 | ACTIONS=7 | INTENT: focus=2 ratio=0.20
[t=18,104s] step=960 | MISSION=NORMAL_C | USV: 2/5 (avail=0 int=2 lock=0 frz=0) | UAV: air=5 rtb=0 chg=0 loiter=0 | TRACKS: vis=1 lost=0 engaged=0 | TOP: black_usv1(x143,737) | KILL=7 | ACTIONS=7 | INTENT: focus=2 ratio=0.20
[t=18,304s] step=970 | MISSION=NORMAL_C | USV: 2/5 (avail=0 int=2 lock=0 frz=0) | UAV: air=5 rtb=0 chg=0 loiter=0 | TRACKS: vis=0 lost=1 engaged=0 | TOP: black_usv1(x142,129) | KILL=7 | ACTIONS=7 | INTENT: focus=2 ratio=0.20
[t=18,499s] step=980 | MISSION=NORMAL_C | USV: 2/5 (avail=0 int=2 lock=0 frz=0) | UAV: air=5 rtb=0 chg=0 loiter=0 | TRACKS: vis=1 lost=0 engaged=0 | TOP: black_usv1(x140,559) | KILL=7 | ACTIONS=7 | INTENT: focus=2 ratio=0.20
[t=18,686s] step=990 | MISSION=NORMAL_C | USV: 2/5 (avail=0 int=2 lock=0 frz=0) | UAV: air=5 rtb=0 chg=0 loiter=0 | TRACKS: vis=0 lost=1 engaged=0 | TOP: black_usv1(x139,059) | KILL=7 | ACTIONS=7 | INTENT: focus=2 ratio=0.20
[t=18,882s] step=1000 | MISSION=NORMAL_C | USV: 2/5 (avail=0 int=2 lock=0 frz=0) | UAV: air=5 rtb=0 chg=0 loiter=0 | TRACKS: vis=0 lost=1 engaged=0 | TOP: black_usv1(x137,480) | KILL=7 | ACTIONS=7 | INTENT: focus=2 ratio=0.20
[t=19,081s] step=1010 | MISSION=NORMAL_C | USV: 2/5 (avail=0 int=2 lock=0 frz=0) | UAV: air=5 rtb=0 chg=0 loiter=0 | TRACKS: vis=0 lost=1 engaged=0 | TOP: black_usv1(x135,885) | KILL=7 | ACTIONS=7 | INTENT: focus=2 ratio=0.20
[t=19,275s] step=1020 | MISSION=NORMAL_C | USV: 2/5 (avail=0 int=2 lock=0 frz=0) | UAV: air=5 rtb=0 chg=0 loiter=0 | TRACKS: vis=0 lost=1 engaged=0 | TOP: black_usv1(x134,325) | KILL=7 | ACTIONS=7 | INTENT: focus=2 ratio=0.20
[t=19,476s] step=1030 | MISSION=NORMAL_C | USV: 2/5 (avail=0 int=2 lock=0 frz=0) | UAV: air=5 rtb=0 chg=0 loiter=0 | TRACKS: vis=0 lost=1 engaged=0 | TOP: black_usv1(x132,708) | KILL=7 | ACTIONS=7 | INTENT: focus=2 ratio=0.20
      [RELEASE] white_usv1->black_usv1(目标失效)
      [RELEASE] white_usv3->black_usv1(目标失效)
      [DETECT] black_usv1
      [ASSIGN] white_usv1->black_usv1
      [ASSIGN] white_usv3->black_usv1
[t=19,680s] step=1040 | MISSION=NORMAL_C | USV: 2/5 (avail=0 int=2 lock=0 frz=0) | UAV: air=5 rtb=0 chg=0 loiter=0 | TRACKS: vis=1 lost=0 engaged=0 | TOP: black_usv1(x131,064) | KILL=7 | ACTIONS=7 | INTENT: focus=2 ratio=0.20
[t=19,881s] step=1050 | MISSION=NORMAL_C | USV: 2/5 (avail=0 int=2 lock=0 frz=0) | UAV: air=5 rtb=0 chg=0 loiter=0 | TRACKS: vis=0 lost=1 engaged=0 | TOP: black_usv1(x129,447) | KILL=7 | ACTIONS=7 | INTENT: focus=2 ratio=0.20
      [RELEASE] white_usv1->black_usv1(目标失效)
      [RELEASE] white_usv3->black_usv1(目标失效)
[t=20,063s] step=1060 | MISSION=NORMAL_C | USV: 2/5 (avail=2 int=0 lock=0 frz=0) | UAV: air=5 rtb=0 chg=0 loiter=0 | TRACKS: vis=0 lost=0 engaged=0 | TOP:  | KILL=7 | ACTIONS=7 | INTENT: focus=2 ratio=0.20
      [DETECT] black_usv1
      [ASSIGN] white_usv1->black_usv1(机会锁定)
      [ASSIGN] white_usv3->black_usv1
[t=20,263s] step=1070 | MISSION=NORMAL_C | USV: 2/5 (avail=0 int=1 lock=1 frz=0) | UAV: air=5 rtb=0 chg=0 loiter=0 | TRACKS: vis=1 lost=0 engaged=1 | TOP: black_usv1(x126,374) | KILL=7 | ACTIONS=7 | INTENT: focus=2 ratio=0.20
[t=20,447s] step=1080 | MISSION=NORMAL_C | USV: 2/5 (avail=0 int=1 lock=1 frz=0) | UAV: air=5 rtb=0 chg=0 loiter=0 | TRACKS: vis=1 lost=0 engaged=1 | TOP: black_usv1(x124,899) | KILL=7 | ACTIONS=7 | INTENT: focus=2 ratio=0.20
[t=20,647s] step=1090 | MISSION=NORMAL_C | USV: 2/5 (avail=0 int=1 lock=1 frz=0) | UAV: air=5 rtb=0 chg=0 loiter=0 | TRACKS: vis=1 lost=0 engaged=1 | TOP: black_usv1(x124,553) | KILL=7 | ACTIONS=7 | INTENT: focus=2 ratio=0.20
[t=20,842s] step=1100 | MISSION=NORMAL_C | USV: 2/5 (avail=0 int=2 lock=0 frz=0) | UAV: air=5 rtb=0 chg=0 loiter=0 | TRACKS: vis=1 lost=0 engaged=0 | TOP: black_usv1(x124,368) | KILL=8 | ACTIONS=7 | INTENT: focus=2 ratio=0.20
[t=21,047s] step=1110 | MISSION=NORMAL_C | USV: 2/5 (avail=0 int=2 lock=0 frz=0) | UAV: air=5 rtb=0 chg=0 loiter=0 | TRACKS: vis=1 lost=0 engaged=0 | TOP: black_usv1(x124,368) | KILL=8 | ACTIONS=7 | INTENT: focus=2 ratio=0.20
[t=21,248s] step=1120 | MISSION=NORMAL_C | USV: 2/5 (avail=0 int=2 lock=0 frz=0) | UAV: air=5 rtb=0 chg=0 loiter=0 | TRACKS: vis=1 lost=0 engaged=0 | TOP: black_usv1(x124,368) | KILL=8 | ACTIONS=7 | INTENT: focus=2 ratio=0.20
      [KILL] black_usv1
      [RELEASE] white_usv1->black_usv1(目标失效)
      [RELEASE] white_usv3->black_usv1(目标失效)
[t=21,443s] step=1130 | MISSION=NORMAL_C | USV: 2/5 (avail=2 int=0 lock=0 frz=0) | UAV: air=5 rtb=0 chg=0 loiter=0 | TRACKS: vis=0 lost=0 engaged=0 | TOP:  | KILL=8 | ACTIONS=7 | INTENT: focus=2 ratio=0.20
[t=21,638s] step=1140 | MISSION=GLOBAL_R | USV: 2/5 (avail=2 int=0 lock=0 frz=0) | UAV: air=5 rtb=0 chg=0 loiter=0 | TRACKS: vis=0 lost=0 engaged=0 | TOP:  | KILL=8 | ACTIONS=7 | INTENT: focus=2 ratio=0.20
[t=21,837s] step=1150 | MISSION=GLOBAL_R | USV: 2/5 (avail=2 int=0 lock=0 frz=0) | UAV: air=5 rtb=0 chg=0 loiter=0 | TRACKS: vis=0 lost=0 engaged=0 | TOP:  | KILL=8 | ACTIONS=7 | INTENT: focus=2 ratio=0.20
[t=22,030s] step=1160 | MISSION=GLOBAL_R | USV: 2/5 (avail=2 int=0 lock=0 frz=0) | UAV: air=5 rtb=0 chg=0 loiter=0 | TRACKS: vis=0 lost=0 engaged=0 | TOP:  | KILL=8 | ACTIONS=7 | INTENT: focus=2 ratio=0.20
[t=22,237s] step=1170 | MISSION=GLOBAL_R | USV: 2/5 (avail=2 int=0 lock=0 frz=0) | UAV: air=5 rtb=0 chg=0 loiter=0 | TRACKS: vis=0 lost=0 engaged=0 | TOP:  | KILL=8 | ACTIONS=7 | INTENT: focus=2 ratio=0.20
[t=22,444s] step=1180 | MISSION=GLOBAL_R | USV: 2/5 (avail=2 int=0 lock=0 frz=0) | UAV: air=5 rtb=0 chg=0 loiter=0 | TRACKS: vis=0 lost=0 engaged=0 | TOP:  | KILL=8 | ACTIONS=7 | INTENT: focus=2 ratio=0.20
[t=22,649s] step=1190 | MISSION=GLOBAL_R | USV: 2/5 (avail=2 int=0 lock=0 frz=0) | UAV: air=5 rtb=0 chg=0 loiter=0 | TRACKS: vis=0 lost=0 engaged=0 | TOP:  | KILL=8 | ACTIONS=7 | INTENT: focus=2 ratio=0.20
[t=22,856s] step=1200 | MISSION=GLOBAL_R | USV: 2/5 (avail=2 int=0 lock=0 frz=0) | UAV: air=5 rtb=0 chg=0 loiter=0 | TRACKS: vis=0 lost=0 engaged=0 | TOP:  | KILL=8 | ACTIONS=7 | INTENT: focus=2 ratio=0.20
[t=23,061s] step=1210 | MISSION=GLOBAL_R | USV: 2/5 (avail=2 int=0 lock=0 frz=0) | UAV: air=5 rtb=0 chg=0 loiter=0 | TRACKS: vis=0 lost=0 engaged=0 | TOP:  | KILL=8 | ACTIONS=7 | INTENT: focus=2 ratio=0.20
[t=23,270s] step=1220 | MISSION=GLOBAL_R | USV: 2/5 (avail=2 int=0 lock=0 frz=0) | UAV: air=5 rtb=0 chg=0 loiter=0 | TRACKS: vis=0 lost=0 engaged=0 | TOP:  | KILL=8 | ACTIONS=7 | INTENT: focus=2 ratio=0.20
      [UAV RTB] white_uav5(电量1577<1278+300)
[t=23,476s] step=1230 | MISSION=GLOBAL_R | USV: 2/5 (avail=2 int=0 lock=0 frz=0) | UAV: air=4 rtb=1 chg=0 loiter=0 | TRACKS: vis=0 lost=0 engaged=0 | TOP:  | KILL=8 | ACTIONS=7 | INTENT: focus=2 ratio=0.20
      [UAV RTB] white_uav4(电量1390<1107+300)
      [UAV RTB] white_uav3(电量1393<1102+300)
[t=23,679s] step=1240 | MISSION=GLOBAL_R | USV: 2/5 (avail=2 int=0 lock=0 frz=0) | UAV: air=2 rtb=3 chg=0 loiter=0 | TRACKS: vis=0 lost=0 engaged=0 | TOP:  | KILL=8 | ACTIONS=7 | INTENT: focus=2 ratio=0.20
      [UAV RTB] white_uav1(电量1185<912+300)
[t=23,886s] step=1250 | MISSION=GLOBAL_R | USV: 2/5 (avail=2 int=0 lock=0 frz=0) | UAV: air=1 rtb=4 chg=0 loiter=0 | TRACKS: vis=0 lost=0 engaged=0 | TOP:  | KILL=8 | ACTIONS=7 | INTENT: focus=2 ratio=0.20
      [UAV RTB] white_uav2(电量1060<764+300)
[t=24,094s] step=1260 | MISSION=GLOBAL_R | USV: 2/5 (avail=2 int=0 lock=0 frz=0) | UAV: air=0 rtb=5 chg=0 loiter=0 | TRACKS: vis=0 lost=0 engaged=0 | TOP:  | KILL=8 | ACTIONS=7 | INTENT: focus=2 ratio=0.20
[t=24,301s] step=1270 | MISSION=GLOBAL_R | USV: 2/5 (avail=2 int=0 lock=0 frz=0) | UAV: air=0 rtb=5 chg=0 loiter=0 | TRACKS: vis=0 lost=0 engaged=0 | TOP:  | KILL=8 | ACTIONS=7 | INTENT: focus=2 ratio=0.20
[t=24,506s] step=1280 | MISSION=GLOBAL_R | USV: 2/5 (avail=2 int=0 lock=0 frz=0) | UAV: air=0 rtb=5 chg=0 loiter=0 | TRACKS: vis=0 lost=0 engaged=0 | TOP:  | KILL=8 | ACTIONS=7 | INTENT: focus=2 ratio=0.20
      [UAV LAND] white_uav2->white_usv1
[t=24,710s] step=1290 | MISSION=GLOBAL_R | USV: 2/5 (avail=2 int=0 lock=0 frz=0) | UAV: air=0 rtb=4 chg=1 loiter=0 | TRACKS: vis=0 lost=0 engaged=0 | TOP:  | KILL=8 | ACTIONS=7 | INTENT: focus=2 ratio=0.20
      [UAV LAND] white_uav4->white_usv1
      [UAV RTB] white_uav2(电量278<5+300)
      [UAV LAND] white_uav2->white_usv1
      [UAV LAND] white_uav3->white_usv1
      [UAV LAND] white_uav5->white_usv3
      [UAV RTB] white_uav4(电量253<2+300)
      [UAV LAND] white_uav4->white_usv1
      [UAV RTB] white_uav2(电量254<6+300)
      [UAV LAND] white_uav2->white_usv1
      [UAV LAND] white_uav1->white_usv3
      [UAV RTB] white_uav3(电量256<4+300)
      [UAV LAND] white_uav3->white_usv1
      [UAV RTB] white_uav5(电量257<10+300)
      [UAV LAND] white_uav5->white_usv3
      [UAV RTB] white_uav4(电量229<6+300)
      [UAV LAND] white_uav4->white_usv1
      [UAV RTB] white_uav2(电量230<10+300)
      [UAV LAND] white_uav2->white_usv1
      [UAV RTB] white_uav1(电量231<5+300)
      [UAV LAND] white_uav1->white_usv3
      [UAV RTB] white_uav3(电量232<12+300)
      [UAV LAND] white_uav3->white_usv1
      [UAV RTB] white_uav5(电量233<3+300)
      [UAV LAND] white_uav5->white_usv3
      [UAV RTB] white_uav4(电量205<7+300)
      [UAV LAND] white_uav4->white_usv1
      [UAV RTB] white_uav2(电量206<3+300)
      [UAV LAND] white_uav2->white_usv1
      [UAV RTB] white_uav1(电量207<2+300)
      [UAV LAND] white_uav1->white_usv3
      [UAV RTB] white_uav3(电量208<1+300)
      [UAV LAND] white_uav3->white_usv1
      [UAV RTB] white_uav5(电量209<12+300)
      [UAV LAND] white_uav5->white_usv3
      [UAV RTB] white_uav4(电量181<11+300)
      [UAV LAND] white_uav4->white_usv1
      [UAV RTB] white_uav2(电量182<8+300)
      [UAV LAND] white_uav2->white_usv1
      [UAV RTB] white_uav1(电量183<1+300)
      [UAV LAND] white_uav1->white_usv3
      [UAV RTB] white_uav3(电量184<9+300)
      [UAV LAND] white_uav3->white_usv1
      [UAV RTB] white_uav5(电量185<1+300)
      [UAV LAND] white_uav5->white_usv3
      [UAV RTB] white_uav4(电量157<3+300)
      [UAV LAND] white_uav4->white_usv1
      [UAV RTB] white_uav2(电量158<5+300)
      [UAV LAND] white_uav2->white_usv1
      [UAV RTB] white_uav1(电量159<3+300)
      [UAV LAND] white_uav1->white_usv3
      [UAV RTB] white_uav3(电量160<4+300)
      [UAV LAND] white_uav3->white_usv1
      [UAV RTB] white_uav5(电量161<10+300)
      [UAV LAND] white_uav5->white_usv3
      [UAV RTB] white_uav4(电量131<6+300)
      [UAV LAND] white_uav4->white_usv1
      [UAV RTB] white_uav2(电量132<10+300)
      [UAV LAND] white_uav2->white_usv1
      [UAV RTB] white_uav1(电量133<3+300)
      [UAV LAND] white_uav1->white_usv3
      [UAV RTB] white_uav3(电量134<12+300)
      [UAV LAND] white_uav3->white_usv1
      [UAV RTB] white_uav5(电量135<4+300)
      [UAV LAND] white_uav5->white_usv3
      [UAV RTB] white_uav4(电量108<7+300)
      [UAV LAND] white_uav4->white_usv1
      [UAV RTB] white_uav2(电量109<3+300)
      [UAV LAND] white_uav2->white_usv1
      [UAV RTB] white_uav1(电量110<3+300)
      [UAV LAND] white_uav1->white_usv3
      [UAV RTB] white_uav3(电量111<1+300)
      [UAV LAND] white_uav3->white_usv1
      [UAV RTB] white_uav5(电量112<12+300)
      [UAV LAND] white_uav5->white_usv3
      [UAV RTB] white_uav4(电量78<9+300)
      [UAV LAND] white_uav4->white_usv1
      [UAV RTB] white_uav2(电量79<6+300)
      [UAV LAND] white_uav2->white_usv1
      [UAV RTB] white_uav1(电量80<3+300)
      [UAV LAND] white_uav1->white_usv3
      [UAV RTB] white_uav3(电量81<7+300)
      [UAV LAND] white_uav3->white_usv1
      [UAV RTB] white_uav5(电量82<5+300)
      [UAV LAND] white_uav5->white_usv3
      [UAV RTB] white_uav4(电量55<4+300)
      [UAV LAND] white_uav4->white_usv1
      [UAV RTB] white_uav2(电量56<6+300)
      [UAV LAND] white_uav2->white_usv1
      [UAV RTB] white_uav1(电量57<1+300)
      [UAV LAND] white_uav1->white_usv3
      [UAV RTB] white_uav3(电量58<5+300)
      [UAV LAND] white_uav3->white_usv1
      [UAV RTB] white_uav5(电量59<13+300)
      [UAV LAND] white_uav5->white_usv3
[t=24,953s] step=1300 | MISSION=GLOBAL_R | USV: 2/5 (avail=2 int=0 lock=0 frz=0) | UAV: air=0 rtb=0 chg=5 loiter=0 | TRACKS: vis=0 lost=0 engaged=0 | TOP:  | KILL=8 | ACTIONS=7 | INTENT: focus=2 ratio=0.20
      [UAV RTB] white_uav4(电量31<8+300)
      [UAV LAND] white_uav4->white_usv1
      [UAV RTB] white_uav2(电量32<12+300)
      [UAV LAND] white_uav2->white_usv1
      [UAV RTB] white_uav1(电量33<2+300)
      [UAV LAND] white_uav1->white_usv3
      [UAV RTB] white_uav3(电量34<13+300)
      [UAV LAND] white_uav3->white_usv1
      [UAV RTB] white_uav5(电量35<0+300)
      [UAV LAND] white_uav5->white_usv3
      [UAV RTB] white_uav4(电量7<5+300)
      [UAV RTB] white_uav2(电量8<1+300)
      [UAV RTB] white_uav1(电量9<4+300)
      [UAV LAND] white_uav1->white_usv3
      [UAV RTB] white_uav3(电量10<0+300)
      [UAV LAND] white_uav3->white_usv1
      [UAV RTB] white_uav5(电量11<9+300)
      [UAV LAND] white_uav5->white_usv3
[t=25,135s] step=1310 | MISSION=GLOBAL_R | USV: 2/5 (avail=2 int=0 lock=0 frz=0) | UAV: air=0 rtb=0 chg=0 loiter=0 | TRACKS: vis=0 lost=0 engaged=0 | TOP:  | KILL=8 | ACTIONS=2 | INTENT: focus=2 ratio=0.20
[t=25,304s] step=1320 | MISSION=GLOBAL_R | USV: 2/5 (avail=2 int=0 lock=0 frz=0) | UAV: air=0 rtb=0 chg=0 loiter=0 | TRACKS: vis=0 lost=0 engaged=0 | TOP:  | KILL=8 | ACTIONS=2 | INTENT: focus=2 ratio=0.20
[t=25,474s] step=1330 | MISSION=GLOBAL_R | USV: 2/5 (avail=2 int=0 lock=0 frz=0) | UAV: air=0 rtb=0 chg=0 loiter=0 | TRACKS: vis=0 lost=0 engaged=0 | TOP:  | KILL=8 | ACTIONS=2 | INTENT: focus=2 ratio=0.20
[t=25,647s] step=1340 | MISSION=GLOBAL_R | USV: 2/5 (avail=2 int=0 lock=0 frz=0) | UAV: air=0 rtb=0 chg=0 loiter=0 | TRACKS: vis=0 lost=0 engaged=0 | TOP:  | KILL=8 | ACTIONS=2 | INTENT: focus=2 ratio=0.20
[t=25,818s] step=1350 | MISSION=GLOBAL_R | USV: 2/5 (avail=2 int=0 lock=0 frz=0) | UAV: air=0 rtb=0 chg=0 loiter=0 | TRACKS: vis=0 lost=0 engaged=0 | TOP:  | KILL=8 | ACTIONS=2 | INTENT: focus=2 ratio=0.20
[t=25,993s] step=1360 | MISSION=GLOBAL_R | USV: 2/5 (avail=2 int=0 lock=0 frz=0) | UAV: air=0 rtb=0 chg=0 loiter=0 | TRACKS: vis=0 lost=0 engaged=0 | TOP:  | KILL=8 | ACTIONS=2 | INTENT: focus=2 ratio=0.20
[t=26,175s] step=1370 | MISSION=GLOBAL_R | USV: 2/5 (avail=2 int=0 lock=0 frz=0) | UAV: air=0 rtb=0 chg=0 loiter=0 | TRACKS: vis=0 lost=0 engaged=0 | TOP:  | KILL=8 | ACTIONS=2 | INTENT: focus=2 ratio=0.20
[t=26,342s] step=1380 | MISSION=GLOBAL_R | USV: 2/5 (avail=2 int=0 lock=0 frz=0) | UAV: air=0 rtb=0 chg=0 loiter=0 | TRACKS: vis=0 lost=0 engaged=0 | TOP:  | KILL=8 | ACTIONS=2 | INTENT: focus=2 ratio=0.20
[t=26,519s] step=1390 | MISSION=GLOBAL_R | USV: 2/5 (avail=2 int=0 lock=0 frz=0) | UAV: air=0 rtb=0 chg=0 loiter=0 | TRACKS: vis=0 lost=0 engaged=0 | TOP:  | KILL=8 | ACTIONS=2 | INTENT: focus=2 ratio=0.20
[t=26,685s] step=1400 | MISSION=GLOBAL_R | USV: 2/5 (avail=2 int=0 lock=0 frz=0) | UAV: air=0 rtb=0 chg=0 loiter=0 | TRACKS: vis=0 lost=0 engaged=0 | TOP:  | KILL=8 | ACTIONS=2 | INTENT: focus=2 ratio=0.20
[t=26,859s] step=1410 | MISSION=GLOBAL_R | USV: 2/5 (avail=2 int=0 lock=0 frz=0) | UAV: air=0 rtb=0 chg=0 loiter=0 | TRACKS: vis=0 lost=0 engaged=0 | TOP:  | KILL=8 | ACTIONS=2 | INTENT: focus=2 ratio=0.20
[t=27,021s] step=1420 | MISSION=GLOBAL_R | USV: 2/5 (avail=2 int=0 lock=0 frz=0) | UAV: air=0 rtb=0 chg=0 loiter=0 | TRACKS: vis=0 lost=0 engaged=0 | TOP:  | KILL=8 | ACTIONS=2 | INTENT: focus=2 ratio=0.20
[t=27,194s] step=1430 | MISSION=GLOBAL_R | USV: 2/5 (avail=2 int=0 lock=0 frz=0) | UAV: air=0 rtb=0 chg=0 loiter=0 | TRACKS: vis=0 lost=0 engaged=0 | TOP:  | KILL=8 | ACTIONS=2 | INTENT: focus=2 ratio=0.20
[t=27,363s] step=1440 | MISSION=GLOBAL_R | USV: 2/5 (avail=2 int=0 lock=0 frz=0) | UAV: air=0 rtb=0 chg=0 loiter=0 | TRACKS: vis=0 lost=0 engaged=0 | TOP:  | KILL=8 | ACTIONS=2 | INTENT: focus=2 ratio=0.20
[t=27,539s] step=1450 | MISSION=GLOBAL_R | USV: 2/5 (avail=2 int=0 lock=0 frz=0) | UAV: air=0 rtb=0 chg=0 loiter=0 | TRACKS: vis=0 lost=0 engaged=0 | TOP:  | KILL=8 | ACTIONS=2 | INTENT: focus=2 ratio=0.20
[t=27,711s] step=1460 | MISSION=GLOBAL_R | USV: 2/5 (avail=2 int=0 lock=0 frz=0) | UAV: air=0 rtb=0 chg=0 loiter=0 | TRACKS: vis=0 lost=0 engaged=0 | TOP:  | KILL=8 | ACTIONS=2 | INTENT: focus=2 ratio=0.20
[t=27,880s] step=1470 | MISSION=GLOBAL_R | USV: 2/5 (avail=2 int=0 lock=0 frz=0) | UAV: air=0 rtb=0 chg=0 loiter=0 | TRACKS: vis=0 lost=0 engaged=0 | TOP:  | KILL=8 | ACTIONS=2 | INTENT: focus=2 ratio=0.20
[t=28,050s] step=1480 | MISSION=GLOBAL_R | USV: 2/5 (avail=2 int=0 lock=0 frz=0) | UAV: air=0 rtb=0 chg=0 loiter=0 | TRACKS: vis=0 lost=0 engaged=0 | TOP:  | KILL=8 | ACTIONS=2 | INTENT: focus=2 ratio=0.20
[t=28,212s] step=1490 | MISSION=GLOBAL_R | USV: 2/5 (avail=2 int=0 lock=0 frz=0) | UAV: air=0 rtb=0 chg=0 loiter=0 | TRACKS: vis=0 lost=0 engaged=0 | TOP:  | KILL=8 | ACTIONS=2 | INTENT: focus=2 ratio=0.20
[t=28,386s] step=1500 | MISSION=GLOBAL_R | USV: 2/5 (avail=2 int=0 lock=0 frz=0) | UAV: air=0 rtb=0 chg=0 loiter=0 | TRACKS: vis=0 lost=0 engaged=0 | TOP:  | KILL=8 | ACTIONS=2 | INTENT: focus=2 ratio=0.20
[t=28,548s] step=1510 | MISSION=GLOBAL_R | USV: 2/5 (avail=2 int=0 lock=0 frz=0) | UAV: air=0 rtb=0 chg=0 loiter=0 | TRACKS: vis=0 lost=0 engaged=0 | TOP:  | KILL=8 | ACTIONS=2 | INTENT: focus=2 ratio=0.20
[t=28,716s] step=1520 | MISSION=GLOBAL_R | USV: 2/5 (avail=2 int=0 lock=0 frz=0) | UAV: air=0 rtb=0 chg=0 loiter=0 | TRACKS: vis=0 lost=0 engaged=0 | TOP:  | KILL=8 | ACTIONS=2 | INTENT: focus=2 ratio=0.20
[t=28,878s] step=1530 | MISSION=GLOBAL_R | USV: 2/5 (avail=2 int=0 lock=0 frz=0) | UAV: air=0 rtb=0 chg=0 loiter=0 | TRACKS: vis=0 lost=0 engaged=0 | TOP:  | KILL=8 | ACTIONS=2 | INTENT: focus=2 ratio=0.20
[t=29,058s] step=1540 | MISSION=GLOBAL_R | USV: 2/5 (avail=2 int=0 lock=0 frz=0) | UAV: air=0 rtb=0 chg=0 loiter=0 | TRACKS: vis=0 lost=0 engaged=0 | TOP:  | KILL=8 | ACTIONS=2 | INTENT: focus=2 ratio=0.20
[t=29,234s] step=1550 | MISSION=GLOBAL_R | USV: 2/5 (avail=2 int=0 lock=0 frz=0) | UAV: air=0 rtb=0 chg=0 loiter=0 | TRACKS: vis=0 lost=0 engaged=0 | TOP:  | KILL=8 | ACTIONS=2 | INTENT: focus=2 ratio=0.20
[t=29,407s] step=1560 | MISSION=GLOBAL_R | USV: 2/5 (avail=2 int=0 lock=0 frz=0) | UAV: air=0 rtb=0 chg=0 loiter=0 | TRACKS: vis=0 lost=0 engaged=0 | TOP:  | KILL=8 | ACTIONS=2 | INTENT: focus=2 ratio=0.20
[t=29,589s] step=1570 | MISSION=GLOBAL_R | USV: 2/5 (avail=2 int=0 lock=0 frz=0) | UAV: air=0 rtb=0 chg=0 loiter=0 | TRACKS: vis=0 lost=0 engaged=0 | TOP:  | KILL=8 | ACTIONS=2 | INTENT: focus=2 ratio=0.20
[t=29,755s] step=1580 | MISSION=GLOBAL_R | USV: 2/5 (avail=2 int=0 lock=0 frz=0) | UAV: air=0 rtb=0 chg=0 loiter=0 | TRACKS: vis=0 lost=0 engaged=0 | TOP:  | KILL=8 | ACTIONS=2 | INTENT: focus=2 ratio=0.20
[t=29,931s] step=1590 | MISSION=GLOBAL_R | USV: 2/5 (avail=2 int=0 lock=0 frz=0) | UAV: air=0 rtb=0 chg=0 loiter=0 | TRACKS: vis=0 lost=0 engaged=0 | TOP:  | KILL=8 | ACTIONS=2 | INTENT: focus=2 ratio=0.20
[t=30,096s] step=1600 | MISSION=GLOBAL_R | USV: 2/5 (avail=2 int=0 lock=0 frz=0) | UAV: air=0 rtb=0 chg=0 loiter=0 | TRACKS: vis=0 lost=0 engaged=0 | TOP:  | KILL=8 | ACTIONS=2 | INTENT: focus=2 ratio=0.20
[t=30,276s] step=1610 | MISSION=GLOBAL_R | USV: 2/5 (avail=2 int=0 lock=0 frz=0) | UAV: air=0 rtb=0 chg=0 loiter=0 | TRACKS: vis=0 lost=0 engaged=0 | TOP:  | KILL=8 | ACTIONS=2 | INTENT: focus=2 ratio=0.20
[t=30,447s] step=1620 | MISSION=GLOBAL_R | USV: 2/5 (avail=2 int=0 lock=0 frz=0) | UAV: air=0 rtb=0 chg=0 loiter=0 | TRACKS: vis=0 lost=0 engaged=0 | TOP:  | KILL=8 | ACTIONS=2 | INTENT: focus=2 ratio=0.20
[t=30,618s] step=1630 | MISSION=GLOBAL_R | USV: 2/5 (avail=2 int=0 lock=0 frz=0) | UAV: air=0 rtb=0 chg=0 loiter=0 | TRACKS: vis=0 lost=0 engaged=0 | TOP:  | KILL=8 | ACTIONS=2 | INTENT: focus=2 ratio=0.20
[t=30,802s] step=1640 | MISSION=GLOBAL_R | USV: 2/5 (avail=2 int=0 lock=0 frz=0) | UAV: air=0 rtb=0 chg=0 loiter=0 | TRACKS: vis=0 lost=0 engaged=0 | TOP:  | KILL=8 | ACTIONS=2 | INTENT: focus=2 ratio=0.20
[t=30,974s] step=1650 | MISSION=GLOBAL_R | USV: 2/5 (avail=2 int=0 lock=0 frz=0) | UAV: air=0 rtb=0 chg=0 loiter=0 | TRACKS: vis=0 lost=0 engaged=0 | TOP:  | KILL=8 | ACTIONS=2 | INTENT: focus=2 ratio=0.20
[t=31,155s] step=1660 | MISSION=GLOBAL_R | USV: 2/5 (avail=2 int=0 lock=0 frz=0) | UAV: air=0 rtb=0 chg=0 loiter=0 | TRACKS: vis=0 lost=0 engaged=0 | TOP:  | KILL=8 | ACTIONS=2 | INTENT: focus=2 ratio=0.20
[t=31,327s] step=1670 | MISSION=GLOBAL_R | USV: 2/5 (avail=2 int=0 lock=0 frz=0) | UAV: air=0 rtb=0 chg=0 loiter=0 | TRACKS: vis=0 lost=0 engaged=0 | TOP:  | KILL=8 | ACTIONS=2 | INTENT: focus=2 ratio=0.20
[t=31,505s] step=1680 | MISSION=GLOBAL_R | USV: 2/5 (avail=2 int=0 lock=0 frz=0) | UAV: air=0 rtb=0 chg=0 loiter=0 | TRACKS: vis=0 lost=0 engaged=0 | TOP:  | KILL=8 | ACTIONS=2 | INTENT: focus=2 ratio=0.20
[t=31,684s] step=1690 | MISSION=GLOBAL_R | USV: 2/5 (avail=2 int=0 lock=0 frz=0) | UAV: air=0 rtb=0 chg=0 loiter=0 | TRACKS: vis=0 lost=0 engaged=0 | TOP:  | KILL=8 | ACTIONS=2 | INTENT: focus=2 ratio=0.20
[t=31,861s] step=1700 | MISSION=GLOBAL_R | USV: 2/5 (avail=2 int=0 lock=0 frz=0) | UAV: air=0 rtb=0 chg=0 loiter=0 | TRACKS: vis=0 lost=0 engaged=0 | TOP:  | KILL=8 | ACTIONS=2 | INTENT: focus=2 ratio=0.20

========================================================================
对局结果: Result.Defeat — 敌方1艘艇突破防线
  击杀蓝舰: 9 | 命中: 16 | 我方USV损失: 3 | UAV损失: 5 | 突破: 1
[META] result=Result.Defeat victory_time=32169 first_detection=1838 first_lock=7406 first_kill=8312 enemy_kills=9 friendly_usv_losses=3 friendly_uav_losses=5 black_breakthrough=1 reacquire_attempts=180 reacquire_success=178 sensor_assisted_locks=118 low_conf_commitments=0 global_reacquire_entries=3 global_reacquire_success=2 coverage_collapse_events=1 active_clusters_max=1 coverage_quality_final=0.07 commander_source=default_intent commander_calls=0 commander_changes=0 commander_no_change=0 commander_parse_failures=0 commander_api_failures=0 commander_policy_failures=0 commander_avg_latency=0.0
Done
