========================================================================
HYBRID AGENT V5 — Variable-Cardinality Hierarchical Maritime Agent
  启用UAV: True | LLM_ENABLED: False
========================================================================
对局 47 开始
      [UAV RELAUNCH] white_uav4
      [UAV RELAUNCH] white_uav8
      [UAV RELAUNCH] white_uav9
      [UAV RELAUNCH] white_uav6
      [UAV RELAUNCH] white_uav7
      [UAV RELAUNCH] white_uav5
      [UAV RELAUNCH] white_uav10
      [UAV RELAUNCH] white_uav1
      [UAV RELAUNCH] white_uav3
      [UAV RELAUNCH] white_uav2
[t=234s] step=10 | MISSION=NORMAL_C | USV: 10/10 (avail=10 int=0 lock=0 frz=0) | UAV: air=10 rtb=0 chg=0 loiter=0 | TRACKS: vis=0 lost=0 engaged=0 | TOP:  | KILL=0 | ACTIONS=20 | INTENT: focus=2 ratio=0.20
  [INTENT APPLIED]
    ThreatAllocator: focus 2 emergency 3 reserve_ratio 0.20 reserve_usvs None bias breakthrough_eta
    UAVManager: mode search_and_reacquire uav_priority []
[t=480s] step=20 | MISSION=NORMAL_C | USV: 10/10 (avail=10 int=0 lock=0 frz=0) | UAV: air=10 rtb=0 chg=0 loiter=0 | TRACKS: vis=0 lost=0 engaged=0 | TOP:  | KILL=0 | ACTIONS=20 | INTENT: focus=2 ratio=0.20
[t=750s] step=30 | MISSION=NORMAL_C | USV: 10/10 (avail=10 int=0 lock=0 frz=0) | UAV: air=10 rtb=0 chg=0 loiter=0 | TRACKS: vis=0 lost=0 engaged=0 | TOP:  | KILL=0 | ACTIONS=20 | INTENT: focus=2 ratio=0.20
[t=1,036s] step=40 | MISSION=NORMAL_C | USV: 10/10 (avail=10 int=0 lock=0 frz=0) | UAV: air=10 rtb=0 chg=0 loiter=0 | TRACKS: vis=0 lost=0 engaged=0 | TOP:  | KILL=0 | ACTIONS=20 | INTENT: focus=2 ratio=0.20
[t=1,323s] step=50 | MISSION=NORMAL_C | USV: 10/10 (avail=10 int=0 lock=0 frz=0) | UAV: air=10 rtb=0 chg=0 loiter=0 | TRACKS: vis=0 lost=0 engaged=0 | TOP:  | KILL=0 | ACTIONS=20 | INTENT: focus=2 ratio=0.20
[t=1,599s] step=60 | MISSION=NORMAL_C | USV: 10/10 (avail=10 int=0 lock=0 frz=0) | UAV: air=10 rtb=0 chg=0 loiter=0 | TRACKS: vis=0 lost=0 engaged=0 | TOP:  | KILL=0 | ACTIONS=20 | INTENT: focus=2 ratio=0.20
      [DETECT] black_usv11
      [DETECT] black_usv9
      [DETECT] black_usv14
      [DETECT] black_usv7
      [DETECT] black_usv10
      [DETECT] black_usv12
      [DETECT] black_usv8
      [DETECT] black_usv13
      [ASSIGN] white_usv3->black_usv10
      [ASSIGN] white_usv7->black_usv13
      [ASSIGN] white_usv8->black_usv12
      [ASSIGN] white_usv1->black_usv9
      [ASSIGN] white_usv5->black_usv11
      [ASSIGN] white_usv4->black_usv8
      [ASSIGN] white_usv9->black_usv14
      [ASSIGN] white_usv10->black_usv7
      [DETECT] black_usv15
      [DETECT] black_usv17
      [DETECT] black_usv4
      [DETECT] black_usv6
      [DETECT] black_usv16
      [ASSIGN] white_usv2->black_usv15
      [ASSIGN] white_usv6->black_usv17
[t=1,888s] step=70 | MISSION=NORMAL_C | USV: 10/10 (avail=2 int=8 lock=0 frz=0) | UAV: air=10 rtb=0 chg=0 loiter=0 | TRACKS: vis=13 lost=0 engaged=0 | TOP: black_usv4(x242,921) black_usv6(x243,119) black_usv16(x243,403) | KILL=0 | ACTIONS=20 | INTENT: focus=2 ratio=0.20
      [DETECT] black_usv5
      [DETECT] black_usv3
      [DETECT] black_usv18
      [DETECT] black_usv19
      [DETECT] black_usv20
      [DETECT] black_usv2
      [DETECT] black_usv1
[t=2,173s] step=80 | MISSION=NORMAL_C | USV: 10/10 (avail=0 int=10 lock=0 frz=0) | UAV: air=10 rtb=0 chg=0 loiter=0 | TRACKS: vis=18 lost=2 engaged=0 | TOP: black_usv4(x240,380) black_usv6(x240,611) black_usv18(x240,705) | KILL=0 | ACTIONS=20 | INTENT: focus=2 ratio=0.20
[t=2,466s] step=90 | MISSION=NORMAL_C | USV: 10/10 (avail=0 int=10 lock=0 frz=0) | UAV: air=10 rtb=0 chg=0 loiter=0 | TRACKS: vis=20 lost=0 engaged=0 | TOP: black_usv6(x238,033) black_usv18(x238,141) black_usv3(x239,462) | KILL=0 | ACTIONS=20 | INTENT: focus=2 ratio=0.20
[t=2,761s] step=100 | MISSION=NORMAL_C | USV: 10/10 (avail=0 int=10 lock=0 frz=0) | UAV: air=10 rtb=0 chg=0 loiter=0 | TRACKS: vis=19 lost=1 engaged=0 | TOP: black_usv6(x235,437) black_usv18(x235,559) black_usv3(x237,051) | KILL=0 | ACTIONS=20 | INTENT: focus=2 ratio=0.20
[t=3,036s] step=110 | MISSION=NORMAL_C | USV: 10/10 (avail=0 int=10 lock=0 frz=0) | UAV: air=10 rtb=0 chg=0 loiter=0 | TRACKS: vis=19 lost=0 engaged=0 | TOP: black_usv6(x233,017) black_usv18(x233,152) black_usv3(x234,804) | KILL=0 | ACTIONS=20 | INTENT: focus=2 ratio=0.20
[t=3,261s] step=120 | MISSION=NORMAL_C | USV: 10/10 (avail=0 int=10 lock=0 frz=0) | UAV: air=10 rtb=0 chg=0 loiter=0 | TRACKS: vis=19 lost=0 engaged=0 | TOP: black_usv6(x231,028) black_usv18(x231,175) black_usv3(x232,958) | KILL=0 | ACTIONS=20 | INTENT: focus=2 ratio=0.20
[t=3,498s] step=130 | MISSION=NORMAL_C | USV: 10/10 (avail=0 int=10 lock=0 frz=0) | UAV: air=10 rtb=0 chg=0 loiter=0 | TRACKS: vis=19 lost=0 engaged=0 | TOP: black_usv6(x228,951) black_usv18(x229,108) black_usv3(x231,030) | KILL=0 | ACTIONS=20 | INTENT: focus=2 ratio=0.20
[t=3,803s] step=140 | MISSION=NORMAL_C | USV: 10/10 (avail=0 int=10 lock=0 frz=0) | UAV: air=10 rtb=0 chg=0 loiter=0 | TRACKS: vis=19 lost=0 engaged=0 | TOP: black_usv6(x226,267) black_usv18(x226,439) black_usv3(x228,538) | KILL=0 | ACTIONS=20 | INTENT: focus=2 ratio=0.20
[t=4,108s] step=150 | MISSION=NORMAL_C | USV: 10/10 (avail=0 int=10 lock=0 frz=0) | UAV: air=10 rtb=0 chg=0 loiter=0 | TRACKS: vis=16 lost=3 engaged=0 | TOP: black_usv6(x223,583) black_usv18(x223,769) black_usv3(x226,046) | KILL=0 | ACTIONS=20 | INTENT: focus=2 ratio=0.20
[t=4,410s] step=160 | MISSION=NORMAL_C | USV: 10/10 (avail=0 int=10 lock=0 frz=0) | UAV: air=10 rtb=0 chg=0 loiter=0 | TRACKS: vis=18 lost=0 engaged=0 | TOP: black_usv6(x220,926) black_usv18(x221,126) black_usv3(x223,578) | KILL=0 | ACTIONS=20 | INTENT: focus=2 ratio=0.20
[t=4,700s] step=170 | MISSION=NORMAL_C | USV: 10/10 (avail=0 int=10 lock=0 frz=0) | UAV: air=10 rtb=0 chg=0 loiter=0 | TRACKS: vis=18 lost=0 engaged=0 | TOP: black_usv6(x218,374) black_usv18(x218,588) black_usv3(x221,209) | KILL=0 | ACTIONS=20 | INTENT: focus=2 ratio=0.20
[t=5,014s] step=180 | MISSION=NORMAL_C | USV: 10/10 (avail=0 int=10 lock=0 frz=0) | UAV: air=10 rtb=0 chg=0 loiter=0 | TRACKS: vis=17 lost=1 engaged=0 | TOP: black_usv6(x215,611) black_usv18(x215,840) black_usv3(x218,643) | KILL=0 | ACTIONS=20 | INTENT: focus=2 ratio=0.20
      [DETECT] black_usv2
      [DETECT] black_usv1
[t=5,319s] step=190 | MISSION=NORMAL_C | USV: 10/10 (avail=0 int=10 lock=0 frz=0) | UAV: air=10 rtb=0 chg=0 loiter=0 | TRACKS: vis=20 lost=0 engaged=0 | TOP: black_usv18(x213,170) black_usv2(x219,335) black_usv1(x222,771) | KILL=0 | ACTIONS=20 | INTENT: focus=2 ratio=0.20
[t=5,619s] step=200 | MISSION=NORMAL_C | USV: 10/10 (avail=0 int=10 lock=0 frz=0) | UAV: air=10 rtb=0 chg=0 loiter=0 | TRACKS: vis=19 lost=1 engaged=0 | TOP: black_usv18(x210,544) black_usv2(x216,436) black_usv1(x220,067) | KILL=0 | ACTIONS=20 | INTENT: focus=2 ratio=0.20
[t=5,931s] step=210 | MISSION=NORMAL_C | USV: 10/10 (avail=0 int=10 lock=0 frz=0) | UAV: air=10 rtb=0 chg=0 loiter=0 | TRACKS: vis=17 lost=2 engaged=0 | TOP: black_usv2(x213,393) black_usv18(x207,814) black_usv19(x212,146) | KILL=0 | ACTIONS=20 | INTENT: focus=2 ratio=0.20
[t=6,251s] step=220 | MISSION=NORMAL_C | USV: 10/10 (avail=0 int=10 lock=0 frz=0) | UAV: air=10 rtb=0 chg=0 loiter=0 | TRACKS: vis=17 lost=0 engaged=0 | TOP: black_usv2(x210,225) black_usv6(x203,329) black_usv3(x206,353) | KILL=0 | ACTIONS=20 | INTENT: focus=2 ratio=0.20
[t=6,564s] step=230 | MISSION=NORMAL_C | USV: 10/10 (avail=0 int=10 lock=0 frz=0) | UAV: air=10 rtb=0 chg=0 loiter=0 | TRACKS: vis=17 lost=0 engaged=0 | TOP: black_usv2(x207,109) black_usv3(x203,230) black_usv4(x199,041) | KILL=0 | ACTIONS=20 | INTENT: focus=2 ratio=0.20
[t=6,869s] step=240 | MISSION=NORMAL_C | USV: 10/10 (avail=0 int=10 lock=0 frz=0) | UAV: air=10 rtb=0 chg=0 loiter=0 | TRACKS: vis=17 lost=0 engaged=0 | TOP: black_usv2(x204,081) black_usv3(x200,191) black_usv16(x195,584) | KILL=0 | ACTIONS=20 | INTENT: focus=2 ratio=0.20
[t=7,170s] step=250 | MISSION=NORMAL_C | USV: 10/10 (avail=0 int=10 lock=0 frz=0) | UAV: air=10 rtb=0 chg=0 loiter=0 | TRACKS: vis=17 lost=0 engaged=0 | TOP: black_usv2(x201,093) black_usv3(x197,220) black_usv16(x192,815) | KILL=0 | ACTIONS=20 | INTENT: focus=2 ratio=0.20
      [ASSIGN] white_usv3->black_usv8(机会锁定)
      [ASSIGN] white_usv8->black_usv13(机会锁定)
      [ASSIGN] white_usv5->black_usv13(机会锁定)
      [ASSIGN] white_usv1->black_usv8(机会锁定)
[t=7,476s] step=260 | MISSION=NORMAL_C | USV: 10/10 (avail=0 int=4 lock=6 frz=0) | UAV: air=10 rtb=0 chg=0 loiter=0 | TRACKS: vis=17 lost=0 engaged=2 | TOP: black_usv2(x198,055) black_usv3(x194,263) black_usv10(x187,893) | KILL=0 | ACTIONS=20 | INTENT: focus=2 ratio=0.20
      [ASSIGN] white_usv6->black_usv15(机会锁定)
      [ASSIGN] white_usv2->black_usv13(机会锁定)
      [ASSIGN] white_usv10->black_usv8(机会锁定)
      [ASSIGN] white_usv3->black_usv10(机会锁定)
      [ASSIGN] white_usv7->black_usv12(机会锁定)
      [ASSIGN] white_usv8->black_usv12(机会锁定)
      [ASSIGN] white_usv5->black_usv12(机会锁定)
      [ASSIGN] white_usv4->black_usv10(机会锁定)
      [ASSIGN] white_usv1->black_usv9(机会锁定)
      [ASSIGN] white_usv10->black_usv9(机会锁定)
      [ASSIGN] white_usv9->black_usv16(机会锁定)
[t=7,798s] step=270 | MISSION=NORMAL_C | USV: 10/10 (avail=0 int=1 lock=9 frz=0) | UAV: air=10 rtb=0 chg=0 loiter=0 | TRACKS: vis=17 lost=0 engaged=5 | TOP: black_usv2(x194,858) black_usv3(x191,151) black_usv8(x184,798) | KILL=1 | ACTIONS=20 | INTENT: focus=2 ratio=0.20
      [ASSIGN] white_usv6->black_usv17(机会锁定)
      [ASSIGN] white_usv2->black_usv14(机会锁定)
      [ASSIGN] white_usv3->black_usv8(机会锁定)
      [ASSIGN] white_usv7->black_usv13(机会锁定)
      [ASSIGN] white_usv8->black_usv13(机会锁定)
      [ASSIGN] white_usv5->black_usv13(机会锁定)
      [ASSIGN] white_usv4->black_usv8(机会锁定)
      [ASSIGN] white_usv3->black_usv10(机会锁定)
      [ASSIGN] white_usv1->black_usv10(机会锁定)
      [ASSIGN] white_usv4->black_usv10(机会锁定)
      [ASSIGN] white_usv10->black_usv10(机会锁定)
      [ASSIGN] white_usv3->black_usv9(机会锁定)
      [ASSIGN] white_usv1->black_usv9(机会锁定)
      [ASSIGN] white_usv4->black_usv9(机会锁定)
      [ASSIGN] white_usv9->black_usv15(机会锁定)
      [ASSIGN] white_usv10->black_usv9(机会锁定)
[t=8,123s] step=280 | MISSION=NORMAL_C | USV: 10/10 (avail=0 int=5 lock=5 frz=0) | UAV: air=10 rtb=0 chg=0 loiter=0 | TRACKS: vis=17 lost=0 engaged=3 | TOP: black_usv2(x191,632) black_usv3(x188,010) black_usv9(x182,181) | KILL=2 | ACTIONS=20 | INTENT: focus=2 ratio=0.20
      [ASSIGN] white_usv6->black_usv16(机会锁定)
      [ASSIGN] white_usv2->black_usv12(机会锁定)
      [KILL] black_usv8
      [ASSIGN] white_usv7->black_usv14(机会锁定)
      [ASSIGN] white_usv8->black_usv14(机会锁定)
      [ASSIGN] white_usv5->black_usv11(机会锁定)
      [ASSIGN] white_usv7->black_usv13(机会锁定)
      [ASSIGN] white_usv8->black_usv13(机会锁定)
      [ASSIGN] white_usv3->black_usv10(机会锁定)
      [ASSIGN] white_usv7->black_usv14(机会锁定)
      [ASSIGN] white_usv8->black_usv14(机会锁定)
      [ASSIGN] white_usv1->black_usv10(机会锁定)
      [ASSIGN] white_usv4->black_usv10(机会锁定)
      [ASSIGN] white_usv9->black_usv14(机会锁定)
      [ASSIGN] white_usv10->black_usv10(机会锁定)
[t=8,447s] step=290 | MISSION=NORMAL_C | USV: 10/10 (avail=0 int=7 lock=3 frz=0) | UAV: air=10 rtb=0 chg=0 loiter=0 | TRACKS: vis=16 lost=0 engaged=3 | TOP: black_usv2(x188,403) black_usv3(x184,822) black_usv17(x179,749) | KILL=6 | ACTIONS=20 | INTENT: focus=2 ratio=0.20
      [ASSIGN] white_usv3->black_usv9(机会锁定)
      [ASSIGN] white_usv7->black_usv13(机会锁定)
      [ASSIGN] white_usv8->black_usv13(机会锁定)
      [ASSIGN] white_usv1->black_usv9(机会锁定)
      [ASSIGN] white_usv4->black_usv9(机会锁定)
      [ASSIGN] white_usv9->black_usv13(机会锁定)
      [ASSIGN] white_usv10->black_usv9(机会锁定)
      [ASSIGN] white_usv3->black_usv10(机会锁定)
      [ASSIGN] white_usv7->black_usv12(机会锁定)
      [ASSIGN] white_usv8->black_usv12(机会锁定)
      [ASSIGN] white_usv1->black_usv10(机会锁定)
      [ASSIGN] white_usv4->black_usv10(机会锁定)
      [ASSIGN] white_usv9->black_usv14(机会锁定)
      [ASSIGN] white_usv10->black_usv10(机会锁定)
      [ASSIGN] white_usv6->black_usv17(机会锁定)
      [ASSIGN] white_usv3->black_usv9(机会锁定)
      [ASSIGN] white_usv1->black_usv9(机会锁定)
      [ASSIGN] white_usv4->black_usv9(机会锁定)
      [ASSIGN] white_usv10->black_usv9(机会锁定)
      [ASSIGN] white_usv2->black_usv13(机会锁定)
      [ASSIGN] white_usv3->black_usv10(机会锁定)
      [ASSIGN] white_usv1->black_usv10(机会锁定)
      [ASSIGN] white_usv4->black_usv10(机会锁定)
      [ASSIGN] white_usv10->black_usv10(机会锁定)
      [ASSIGN] white_usv3->black_usv9(机会锁定)
      [ASSIGN] white_usv1->black_usv9(机会锁定)
      [ASSIGN] white_usv4->black_usv9(机会锁定)
      [ASSIGN] white_usv10->black_usv9(机会锁定)
      [DETECT] black_usv18
      [KILL] black_usv10
      [ASSIGN] white_usv3->black_usv7(机会锁定)
      [ASSIGN] white_usv1->black_usv7(机会锁定)
      [ASSIGN] white_usv4->black_usv11(机会锁定)
      [ASSIGN] white_usv10->black_usv13(机会锁定)
      [ASSIGN] white_usv5->black_usv9(机会锁定)
      [ASSIGN] white_usv10->black_usv9(机会锁定)
      [ASSIGN] white_usv5->black_usv13(机会锁定)
      [ASSIGN] white_usv10->black_usv11(机会锁定)
      [ASSIGN] white_usv5->black_usv9(机会锁定)
      [ASSIGN] white_usv5->black_usv13(机会锁定)
[t=8,797s] step=300 | MISSION=NORMAL_C | USV: 8/10 (avail=0 int=1 lock=7 frz=0) | UAV: air=10 rtb=0 chg=0 loiter=0 | TRACKS: vis=13 lost=3 engaged=4 | TOP: black_usv18(x180,389) black_usv2(x185,330) black_usv4(x177,042) | KILL=6 | ACTIONS=18 | INTENT: focus=2 ratio=0.20
      [KILL] black_usv14
      [ASSIGN] white_usv5->black_usv9(机会锁定)
      [ASSIGN] white_usv7->black_usv13(机会锁定)
      [ASSIGN] white_usv8->black_usv13(机会锁定)
      [ASSIGN] white_usv5->black_usv13(机会锁定)
      [ASSIGN] white_usv6->black_usv16(机会锁定)
      [ASSIGN] white_usv7->black_usv12(机会锁定)
      [ASSIGN] white_usv8->black_usv12(机会锁定)
      [ASSIGN] white_usv5->black_usv12(机会锁定)
      [ASSIGN] white_usv7->black_usv13(机会锁定)
      [ASSIGN] white_usv8->black_usv13(机会锁定)
      [ASSIGN] white_usv5->black_usv13(机会锁定)
      [ASSIGN] white_usv7->black_usv12(机会锁定)
      [ASSIGN] white_usv8->black_usv12(机会锁定)
      [ASSIGN] white_usv5->black_usv12(机会锁定)
      [KILL] black_usv13
      [ASSIGN] white_usv7->black_usv16(机会锁定)
      [ASSIGN] white_usv8->black_usv11(机会锁定)
      [ASSIGN] white_usv1->black_usv4(机会锁定)
      [ASSIGN] white_usv5->black_usv11(机会锁定)
      [ASSIGN] white_usv4->black_usv9(机会锁定)
      [KILL] black_usv9
      [KILL] black_usv15
      [ASSIGN] white_usv7->black_usv12(机会锁定)
      [ASSIGN] white_usv8->black_usv12(机会锁定)
      [ASSIGN] white_usv5->black_usv12(机会锁定)
      [RELEASE] white_usv4->black_usv9(目标失效)
      [ASSIGN] white_usv4->black_usv12(机会锁定)
      [ASSIGN] white_usv10->black_usv12(机会锁定)
      [ASSIGN] white_usv5->black_usv11(机会锁定)
      [ASSIGN] white_usv4->black_usv11(机会锁定)
      [ASSIGN] white_usv10->black_usv11(机会锁定)
      [ASSIGN] white_usv4->black_usv12(机会锁定)
      [ASSIGN] white_usv10->black_usv12(机会锁定)
      [ASSIGN] white_usv4->black_usv11(机会锁定)
      [ASSIGN] white_usv10->black_usv11(机会锁定)
[t=9,173s] step=310 | MISSION=NORMAL_C | USV: 7/10 (avail=0 int=5 lock=2 frz=0) | UAV: air=10 rtb=0 chg=0 loiter=0 | TRACKS: vis=9 lost=3 engaged=2 | TOP: black_usv18(x176,629) black_usv2(x183,260) black_usv5(x175,240) | KILL=9 | ACTIONS=17 | INTENT: focus=2 ratio=0.20
      [ASSIGN] white_usv5->black_usv12(机会锁定)
      [ASSIGN] white_usv10->black_usv12(机会锁定)
      [ASSIGN] white_usv5->black_usv11(机会锁定)
      [ASSIGN] white_usv10->black_usv7(机会锁定)
      [ASSIGN] white_usv6->black_usv17(机会锁定)
      [ASSIGN] white_usv7->black_usv16(机会锁定)
      [ASSIGN] white_usv10->black_usv4(机会锁定)
      [ASSIGN] white_usv7->black_usv12(机会锁定)
      [ASSIGN] white_usv5->black_usv12(机会锁定)
      [ASSIGN] white_usv7->black_usv16(机会锁定)
      [ASSIGN] white_usv8->black_usv16(机会锁定)
      [ASSIGN] white_usv1->black_usv7(机会锁定)
      [ASSIGN] white_usv5->black_usv11(机会锁定)
      [ASSIGN] white_usv7->black_usv12(机会锁定)
      [ASSIGN] white_usv8->black_usv12(机会锁定)
      [ASSIGN] white_usv1->black_usv5(机会锁定)
      [ASSIGN] white_usv5->black_usv12(机会锁定)
      [ASSIGN] white_usv7->black_usv16(机会锁定)
      [ASSIGN] white_usv8->black_usv16(机会锁定)
      [ASSIGN] white_usv1->black_usv7(机会锁定)
      [ASSIGN] white_usv5->black_usv11(机会锁定)
      [ASSIGN] white_usv7->black_usv12(机会锁定)
      [ASSIGN] white_usv8->black_usv12(机会锁定)
      [ASSIGN] white_usv1->black_usv5(机会锁定)
      [ASSIGN] white_usv5->black_usv12(机会锁定)
      [KILL] black_usv12
      [RELEASE] white_usv7->black_usv12(目标失效)
      [ASSIGN] white_usv7->black_usv16(机会锁定)
      [RELEASE] white_usv8->black_usv12(目标失效)
      [ASSIGN] white_usv8->black_usv16(机会锁定)
      [RELEASE] white_usv5->black_usv12(目标失效)
      [ASSIGN] white_usv5->black_usv11(机会锁定)
      [ASSIGN] white_usv7->black_usv11(机会锁定)
      [ASSIGN] white_usv8->black_usv11(机会锁定)
[t=9,539s] step=320 | MISSION=NORMAL_C | USV: 7/10 (avail=0 int=4 lock=3 frz=0) | UAV: air=10 rtb=0 chg=0 loiter=0 | TRACKS: vis=10 lost=1 engaged=3 | TOP: black_usv18(x172,969) black_usv2(x180,764) black_usv6(x172,631) | KILL=10 | ACTIONS=17 | INTENT: focus=2 ratio=0.20
      [ASSIGN] white_usv7->black_usv16(机会锁定)
      [ASSIGN] white_usv8->black_usv16(机会锁定)
      [ASSIGN] white_usv6->black_usv16(机会锁定)
      [KILL] black_usv11
      [KILL] black_usv7
      [RELEASE] white_usv5->black_usv11(目标失效)
      [RELEASE] white_usv4->black_usv11(目标失效)
      [ASSIGN] white_usv10->black_usv6(机会锁定)
      [ASSIGN] white_usv6->black_usv17(机会锁定)
      [ASSIGN] white_usv7->black_usv17(机会锁定)
      [ASSIGN] white_usv5->black_usv18
      [ASSIGN] white_usv4->black_usv2
      [ASSIGN] white_usv7->black_usv16(机会锁定)
      [ASSIGN] white_usv4->black_usv5(机会锁定)
      [ASSIGN] white_usv6->black_usv16(机会锁定)
      [ASSIGN] white_usv7->black_usv17(机会锁定)
      [ASSIGN] white_usv8->black_usv17(机会锁定)
      [ASSIGN] white_usv6->black_usv17(机会锁定)
      [KILL] black_usv16
      [ASSIGN] white_usv1->black_usv4(机会锁定)
      [DETECT] black_usv19
      [ASSIGN] white_usv1->black_usv5(机会锁定)
      [KILL] black_usv4
[t=9,966s] step=330 | MISSION=NORMAL_C | USV: 7/10 (avail=0 int=5 lock=2 frz=0) | UAV: air=10 rtb=0 chg=0 loiter=0 | TRACKS: vis=8 lost=0 engaged=1 | TOP: black_usv19(x175,197) black_usv2(x176,494) black_usv18(x168,725) | KILL=12 | ACTIONS=17 | INTENT: focus=2 ratio=0.20
      [ASSIGN] white_usv1->black_usv6(机会锁定)
      [ASSIGN] white_usv4->black_usv6(机会锁定)
      [ASSIGN] white_usv5->black_usv17(机会锁定)
      [KILL] black_usv17
      [RELEASE] white_usv7->black_usv17(目标失效)
      [RELEASE] white_usv8->black_usv17(目标失效)
      [RELEASE] white_usv5->black_usv17(目标失效)
      [RELEASE] white_usv6->black_usv17(目标失效)
      [ASSIGN] white_usv7->black_usv3
      [ASSIGN] white_usv8->black_usv2
      [ASSIGN] white_usv5->black_usv18
      [ASSIGN] white_usv6->black_usv19
      [ASSIGN] white_usv1->black_usv5(机会锁定)
      [ASSIGN] white_usv4->black_usv5(机会锁定)
      [ASSIGN] white_usv10->black_usv5(机会锁定)
      [ASSIGN] white_usv6->black_usv18(机会锁定)
      [ASSIGN] white_usv1->black_usv6(机会锁定)
      [ASSIGN] white_usv4->black_usv6(机会锁定)
      [ASSIGN] white_usv10->black_usv6(机会锁定)
      [ASSIGN] white_usv1->black_usv5(机会锁定)
      [ASSIGN] white_usv4->black_usv5(机会锁定)
      [ASSIGN] white_usv10->black_usv5(机会锁定)
[t=10,383s] step=340 | MISSION=NORMAL_C | USV: 7/10 (avail=0 int=6 lock=1 frz=0) | UAV: air=10 rtb=0 chg=0 loiter=0 | TRACKS: vis=4 lost=3 engaged=1 | TOP: black_usv19(x171,135) black_usv5(x169,651) black_usv1(x179,357) | KILL=14 | ACTIONS=17 | INTENT: focus=2 ratio=0.20
      [DETECT] black_usv20
      [KILL] black_usv5
      [RELEASE] white_usv1->black_usv5(目标失效)
      [ASSIGN] white_usv1->black_usv6(机会锁定)
      [RELEASE] white_usv4->black_usv5(目标失效)
      [ASSIGN] white_usv4->black_usv6(机会锁定)
      [RELEASE] white_usv10->black_usv5(目标失效)
      [ASSIGN] white_usv10->black_usv6(机会锁定)
      [ASSIGN] white_usv4->black_usv3(机会锁定)
      [ASSIGN] white_usv7->black_usv6(机会锁定)
      [ASSIGN] white_usv8->black_usv6(机会锁定)
[t=10,823s] step=350 | MISSION=NORMAL_C | USV: 7/10 (avail=0 int=5 lock=2 frz=0) | UAV: air=10 rtb=0 chg=0 loiter=0 | TRACKS: vis=7 lost=0 engaged=1 | TOP: black_usv19(x166,895) black_usv20(x174,429) black_usv2(x168,112) | KILL=14 | ACTIONS=17 | INTENT: focus=2 ratio=0.20
      [KILL] black_usv6
      [RELEASE] white_usv7->black_usv6(目标失效)
      [RELEASE] white_usv8->black_usv6(目标失效)
      [RELEASE] white_usv1->black_usv6(目标失效)
      [RELEASE] white_usv10->black_usv6(目标失效)
      [ASSIGN] white_usv7->black_usv19
      [ASSIGN] white_usv8->black_usv20
      [ASSIGN] white_usv1->black_usv3(机会锁定)
      [ASSIGN] white_usv10->black_usv1
      [ASSIGN] white_usv10->black_usv3(机会锁定)
[t=11,287s] step=360 | MISSION=NORMAL_C | USV: 7/10 (avail=0 int=7 lock=0 frz=0) | UAV: air=10 rtb=0 chg=0 loiter=0 | TRACKS: vis=6 lost=0 engaged=0 | TOP: black_usv2(x164,015) black_usv1(x172,956) black_usv19(x162,350) | KILL=16 | ACTIONS=17 | INTENT: focus=2 ratio=0.20
      [ASSIGN] white_usv6->black_usv19(机会锁定)
      [KILL] black_usv18
      [RELEASE] white_usv5->black_usv18(目标失效)
      [ASSIGN] white_usv5->black_usv19(机会锁定)
      [KILL] black_usv3
      [RELEASE] white_usv1->black_usv3(目标失效)
      [RELEASE] white_usv4->black_usv3(目标失效)
      [RELEASE] white_usv10->black_usv3(目标失效)
[t=11,786s] step=370 | MISSION=NORMAL_C | USV: 7/10 (avail=0 int=5 lock=2 frz=0) | UAV: air=10 rtb=0 chg=0 loiter=0 | TRACKS: vis=4 lost=0 engaged=1 | TOP: black_usv2(x160,741) black_usv1(x170,441) black_usv19(x158,806) | KILL=16 | ACTIONS=17 | INTENT: focus=2 ratio=0.20
      [ASSIGN] white_usv1->black_usv1
      [ASSIGN] white_usv4->black_usv2
      [ASSIGN] white_usv10->black_usv2
      [ASSIGN] white_usv1->black_usv2(机会锁定)
[t=12,265s] step=380 | MISSION=NORMAL_C | USV: 7/10 (avail=0 int=6 lock=1 frz=0) | UAV: air=10 rtb=0 chg=0 loiter=0 | TRACKS: vis=4 lost=0 engaged=1 | TOP: black_usv1(x168,414) black_usv20(x161,921) black_usv2(x156,682) | KILL=17 | ACTIONS=17 | INTENT: focus=2 ratio=0.20
      [KILL] black_usv19
      [RELEASE] white_usv7->black_usv19(目标失效)
      [RELEASE] white_usv5->black_usv19(目标失效)
      [RELEASE] white_usv6->black_usv19(目标失效)
      [ASSIGN] white_usv7->black_usv1
      [ASSIGN] white_usv5->black_usv1
      [ASSIGN] white_usv6->black_usv20
[t=12,762s] step=390 | MISSION=NORMAL_C | USV: 7/10 (avail=0 int=7 lock=0 frz=0) | UAV: air=10 rtb=0 chg=0 loiter=0 | TRACKS: vis=3 lost=0 engaged=0 | TOP: black_usv2(x156,682) black_usv20(x156,951) black_usv1(x165,018) | KILL=18 | ACTIONS=17 | INTENT: focus=2 ratio=0.20
      [KILL] black_usv2
      [RELEASE] white_usv1->black_usv2(目标失效)
      [RELEASE] white_usv4->black_usv2(目标失效)
      [RELEASE] white_usv10->black_usv2(目标失效)
      [ASSIGN] white_usv1->black_usv20
      [ASSIGN] white_usv4->black_usv1
[t=13,277s] step=400 | MISSION=NORMAL_C | USV: 7/10 (avail=1 int=5 lock=1 frz=0) | UAV: air=10 rtb=0 chg=0 loiter=0 | TRACKS: vis=1 lost=1 engaged=1 | TOP: black_usv20(x153,032) black_usv1(x159,966) | KILL=18 | ACTIONS=17 | INTENT: focus=2 ratio=0.20
[t=13,763s] step=410 | MISSION=NORMAL_C | USV: 7/10 (avail=1 int=5 lock=1 frz=0) | UAV: air=10 rtb=0 chg=0 loiter=0 | TRACKS: vis=2 lost=0 engaged=1 | TOP: black_usv1(x155,151) black_usv20(x152,572) | KILL=19 | ACTIONS=17 | INTENT: focus=2 ratio=0.20
      [KILL] black_usv20
      [RELEASE] white_usv8->black_usv20(目标失效)
      [RELEASE] white_usv1->black_usv20(目标失效)
      [RELEASE] white_usv6->black_usv20(目标失效)
[t=14,536s] step=420 | MISSION=TERMINAL | USV: 7/10 (avail=4 int=3 lock=0 frz=0) | UAV: air=9 rtb=0 chg=0 loiter=0 | TRACKS: vis=1 lost=0 engaged=0 | TOP: black_usv1(x153,732) | KILL=20 | ACTIONS=16 | INTENT: focus=2 ratio=0.20

========================================================================
对局结果: Result.Victory — 敌方所有单位被击毁
  击杀蓝舰: 20 | 命中: 40 | 我方USV损失: 3 | UAV损失: 1 | 突破: 0
[META] result=Result.Victory victory_time=14536 first_detection=1857 first_lock=7445 first_kill=8353 enemy_kills=20 friendly_usv_losses=3 friendly_uav_losses=1 black_breakthrough=0 reacquire_attempts=125 reacquire_success=125 sensor_assisted_locks=86 low_conf_commitments=0 global_reacquire_entries=0 global_reacquire_success=0 coverage_collapse_events=1 active_clusters_max=1 coverage_quality_final=0.34 commander_source=default_intent commander_calls=0 commander_changes=0 commander_no_change=0 commander_parse_failures=0 commander_api_failures=0 commander_policy_failures=0 commander_avg_latency=0.0
Done
