========================================================================
HYBRID AGENT V5 — Variable-Cardinality Hierarchical Maritime Agent
  启用UAV: True | LLM_ENABLED: False
========================================================================
对局 55 开始
      [UAV RELAUNCH] white_uav2
      [UAV RELAUNCH] white_uav8
      [UAV RELAUNCH] white_uav6
      [UAV RELAUNCH] white_uav9
      [UAV RELAUNCH] white_uav3
      [UAV RELAUNCH] white_uav1
      [UAV RELAUNCH] white_uav7
      [UAV RELAUNCH] white_uav5
      [UAV RELAUNCH] white_uav4
      [UAV RELAUNCH] white_uav10
[t=266s] step=10 | MISSION=NORMAL_C | USV: 10/10 (avail=10 int=0 lock=0 frz=0) | UAV: air=10 rtb=0 chg=0 loiter=0 | TRACKS: vis=0 lost=0 engaged=0 | TOP:  | KILL=0 | ACTIONS=20 | INTENT: focus=2 ratio=0.20
  [INTENT APPLIED]
    ThreatAllocator: focus 2 emergency 3 reserve_ratio 0.20 reserve_usvs None bias breakthrough_eta
    UAVManager: mode search_and_reacquire uav_priority []
[t=557s] step=20 | MISSION=NORMAL_C | USV: 10/10 (avail=10 int=0 lock=0 frz=0) | UAV: air=10 rtb=0 chg=0 loiter=0 | TRACKS: vis=0 lost=0 engaged=0 | TOP:  | KILL=0 | ACTIONS=20 | INTENT: focus=2 ratio=0.20
[t=844s] step=30 | MISSION=NORMAL_C | USV: 10/10 (avail=10 int=0 lock=0 frz=0) | UAV: air=10 rtb=0 chg=0 loiter=0 | TRACKS: vis=0 lost=0 engaged=0 | TOP:  | KILL=0 | ACTIONS=20 | INTENT: focus=2 ratio=0.20
[t=1,138s] step=40 | MISSION=NORMAL_C | USV: 10/10 (avail=10 int=0 lock=0 frz=0) | UAV: air=10 rtb=0 chg=0 loiter=0 | TRACKS: vis=0 lost=0 engaged=0 | TOP:  | KILL=0 | ACTIONS=20 | INTENT: focus=2 ratio=0.20
[t=1,431s] step=50 | MISSION=NORMAL_C | USV: 10/10 (avail=10 int=0 lock=0 frz=0) | UAV: air=10 rtb=0 chg=0 loiter=0 | TRACKS: vis=0 lost=0 engaged=0 | TOP:  | KILL=0 | ACTIONS=20 | INTENT: focus=2 ratio=0.20
[t=1,727s] step=60 | MISSION=NORMAL_C | USV: 10/10 (avail=10 int=0 lock=0 frz=0) | UAV: air=10 rtb=0 chg=0 loiter=0 | TRACKS: vis=0 lost=0 engaged=0 | TOP:  | KILL=0 | ACTIONS=20 | INTENT: focus=2 ratio=0.20
      [DETECT] black_usv8
      [DETECT] black_usv13
      [ASSIGN] white_usv5->black_usv8
      [ASSIGN] white_usv7->black_usv13
      [ASSIGN] white_usv4->black_usv8
      [ASSIGN] white_usv8->black_usv13
      [ASSIGN] white_usv2->black_usv8
      [ASSIGN] white_usv6->black_usv13
      [DETECT] black_usv11
      [DETECT] black_usv15
      [DETECT] black_usv17
      [DETECT] black_usv9
      [DETECT] black_usv10
      [DETECT] black_usv7
      [DETECT] black_usv14
      [DETECT] black_usv6
      [DETECT] black_usv12
      [ASSIGN] white_usv10->black_usv12
      [ASSIGN] white_usv1->black_usv10
      [ASSIGN] white_usv9->black_usv11
      [DETECT] black_usv4
      [DETECT] black_usv5
      [DETECT] black_usv16
      [DETECT] black_usv18
      [ASSIGN] white_usv3->black_usv9
      [DETECT] black_usv3
      [DETECT] black_usv2
      [DETECT] black_usv19
      [DETECT] black_usv20
      [DETECT] black_usv1
[t=2,029s] step=70 | MISSION=NORMAL_C | USV: 10/10 (avail=0 int=10 lock=0 frz=0) | UAV: air=10 rtb=0 chg=0 loiter=0 | TRACKS: vis=20 lost=0 engaged=0 | TOP: black_usv14(x240,007) black_usv7(x240,673) black_usv17(x240,742) | KILL=0 | ACTIONS=20 | INTENT: focus=2 ratio=0.20
[t=2,318s] step=80 | MISSION=NORMAL_C | USV: 10/10 (avail=0 int=10 lock=0 frz=0) | UAV: air=10 rtb=0 chg=0 loiter=0 | TRACKS: vis=20 lost=0 engaged=0 | TOP: black_usv17(x237,880) black_usv14(x237,167) black_usv7(x237,938) | KILL=0 | ACTIONS=20 | INTENT: focus=2 ratio=0.20
[t=2,607s] step=90 | MISSION=NORMAL_C | USV: 10/10 (avail=0 int=10 lock=0 frz=0) | UAV: air=10 rtb=0 chg=0 loiter=0 | TRACKS: vis=20 lost=0 engaged=0 | TOP: black_usv17(x234,996) black_usv14(x234,327) black_usv7(x235,203) | KILL=0 | ACTIONS=20 | INTENT: focus=2 ratio=0.20
[t=2,900s] step=100 | MISSION=NORMAL_C | USV: 10/10 (avail=0 int=10 lock=0 frz=0) | UAV: air=10 rtb=0 chg=0 loiter=0 | TRACKS: vis=20 lost=0 engaged=0 | TOP: black_usv17(x232,087) black_usv14(x231,448) black_usv7(x232,431) | KILL=0 | ACTIONS=20 | INTENT: focus=2 ratio=0.20
[t=3,180s] step=110 | MISSION=NORMAL_C | USV: 10/10 (avail=0 int=10 lock=0 frz=0) | UAV: air=10 rtb=0 chg=0 loiter=0 | TRACKS: vis=20 lost=0 engaged=0 | TOP: black_usv14(x228,696) black_usv7(x229,781) black_usv15(x230,187) | KILL=0 | ACTIONS=20 | INTENT: focus=2 ratio=0.20
[t=3,467s] step=120 | MISSION=NORMAL_C | USV: 10/10 (avail=0 int=10 lock=0 frz=0) | UAV: air=10 rtb=0 chg=0 loiter=0 | TRACKS: vis=20 lost=0 engaged=0 | TOP: black_usv14(x225,876) black_usv7(x227,065) black_usv15(x227,510) | KILL=0 | ACTIONS=20 | INTENT: focus=2 ratio=0.20
[t=3,755s] step=130 | MISSION=NORMAL_C | USV: 10/10 (avail=0 int=10 lock=0 frz=0) | UAV: air=10 rtb=0 chg=0 loiter=0 | TRACKS: vis=19 lost=1 engaged=0 | TOP: black_usv14(x223,046) black_usv7(x224,340) black_usv15(x224,824) | KILL=0 | ACTIONS=20 | INTENT: focus=2 ratio=0.20
[t=4,059s] step=140 | MISSION=NORMAL_C | USV: 10/10 (avail=0 int=10 lock=0 frz=0) | UAV: air=10 rtb=0 chg=0 loiter=0 | TRACKS: vis=19 lost=1 engaged=0 | TOP: black_usv14(x220,058) black_usv7(x221,463) black_usv15(x221,989) | KILL=0 | ACTIONS=20 | INTENT: focus=2 ratio=0.20
[t=4,346s] step=150 | MISSION=NORMAL_C | USV: 10/10 (avail=0 int=10 lock=0 frz=0) | UAV: air=10 rtb=0 chg=0 loiter=0 | TRACKS: vis=17 lost=3 engaged=0 | TOP: black_usv14(x217,238) black_usv7(x218,747) black_usv15(x219,312) | KILL=0 | ACTIONS=20 | INTENT: focus=2 ratio=0.20
[t=4,641s] step=160 | MISSION=NORMAL_C | USV: 10/10 (avail=0 int=10 lock=0 frz=0) | UAV: air=10 rtb=0 chg=0 loiter=0 | TRACKS: vis=18 lost=2 engaged=0 | TOP: black_usv14(x214,339) black_usv7(x215,955) black_usv6(x218,902) | KILL=0 | ACTIONS=20 | INTENT: focus=2 ratio=0.20
[t=4,946s] step=170 | MISSION=NORMAL_C | USV: 10/10 (avail=0 int=10 lock=0 frz=0) | UAV: air=10 rtb=0 chg=0 loiter=0 | TRACKS: vis=17 lost=3 engaged=0 | TOP: black_usv14(x211,332) black_usv7(x212,998) black_usv3(x219,207) | KILL=0 | ACTIONS=20 | INTENT: focus=2 ratio=0.20
[t=5,252s] step=180 | MISSION=NORMAL_C | USV: 10/10 (avail=0 int=10 lock=0 frz=0) | UAV: air=10 rtb=0 chg=0 loiter=0 | TRACKS: vis=14 lost=5 engaged=0 | TOP: black_usv7(x210,037) black_usv3(x216,707) black_usv19(x217,584) | KILL=0 | ACTIONS=20 | INTENT: focus=2 ratio=0.20
[t=5,561s] step=190 | MISSION=NORMAL_C | USV: 10/10 (avail=0 int=10 lock=0 frz=0) | UAV: air=10 rtb=0 chg=0 loiter=0 | TRACKS: vis=19 lost=0 engaged=0 | TOP: black_usv7(x207,118) black_usv3(x214,182) black_usv19(x215,112) | KILL=0 | ACTIONS=20 | INTENT: focus=2 ratio=0.20
[t=5,878s] step=200 | MISSION=NORMAL_C | USV: 10/10 (avail=0 int=10 lock=0 frz=0) | UAV: air=10 rtb=0 chg=0 loiter=0 | TRACKS: vis=19 lost=0 engaged=0 | TOP: black_usv7(x204,124) black_usv3(x211,592) black_usv19(x212,577) | KILL=0 | ACTIONS=20 | INTENT: focus=2 ratio=0.20
[t=6,191s] step=210 | MISSION=NORMAL_C | USV: 10/10 (avail=0 int=10 lock=0 frz=0) | UAV: air=10 rtb=0 chg=0 loiter=0 | TRACKS: vis=14 lost=5 engaged=0 | TOP: black_usv7(x201,167) black_usv3(x209,035) black_usv19(x210,074) | KILL=0 | ACTIONS=20 | INTENT: focus=2 ratio=0.20
[t=6,503s] step=220 | MISSION=NORMAL_C | USV: 10/10 (avail=0 int=10 lock=0 frz=0) | UAV: air=10 rtb=0 chg=0 loiter=0 | TRACKS: vis=18 lost=1 engaged=0 | TOP: black_usv7(x198,198) black_usv3(x206,486) black_usv19(x207,579) | KILL=0 | ACTIONS=20 | INTENT: focus=2 ratio=0.20
[t=6,820s] step=230 | MISSION=NORMAL_C | USV: 10/10 (avail=0 int=10 lock=0 frz=0) | UAV: air=10 rtb=0 chg=0 loiter=0 | TRACKS: vis=17 lost=2 engaged=0 | TOP: black_usv7(x195,028) black_usv3(x203,896) black_usv19(x205,044) | KILL=0 | ACTIONS=20 | INTENT: focus=2 ratio=0.20
[t=7,131s] step=240 | MISSION=NORMAL_C | USV: 10/10 (avail=0 int=10 lock=0 frz=0) | UAV: air=10 rtb=0 chg=0 loiter=0 | TRACKS: vis=18 lost=1 engaged=0 | TOP: black_usv7(x191,924) black_usv3(x201,355) black_usv19(x202,557) | KILL=0 | ACTIONS=20 | INTENT: focus=2 ratio=0.20
      [ASSIGN] white_usv6->black_usv11(机会锁定)
      [ASSIGN] white_usv5->black_usv10(机会锁定)
      [ASSIGN] white_usv2->black_usv10(机会锁定)
      [ASSIGN] white_usv9->black_usv13(机会锁定)
      [ASSIGN] white_usv3->black_usv10(机会锁定)
      [ASSIGN] white_usv10->black_usv13(机会锁定)
      [ASSIGN] white_usv1->black_usv9(机会锁定)
[t=7,453s] step=250 | MISSION=NORMAL_C | USV: 10/10 (avail=0 int=0 lock=10 frz=0) | UAV: air=10 rtb=0 chg=0 loiter=0 | TRACKS: vis=19 lost=0 engaged=5 | TOP: black_usv3(x198,724) black_usv19(x199,982) black_usv11(x185,466) | KILL=0 | ACTIONS=20 | INTENT: focus=2 ratio=0.20
      [ASSIGN] white_usv7->black_usv12(机会锁定)
      [ASSIGN] white_usv4->black_usv12(机会锁定)
      [ASSIGN] white_usv6->black_usv12(机会锁定)
      [ASSIGN] white_usv5->black_usv8(机会锁定)
      [ASSIGN] white_usv4->black_usv8(机会锁定)
      [ASSIGN] white_usv8->black_usv11(机会锁定)
      [ASSIGN] white_usv10->black_usv11(机会锁定)
      [ASSIGN] white_usv2->black_usv8(机会锁定)
      [ASSIGN] white_usv9->black_usv11(机会锁定)
      [ASSIGN] white_usv1->black_usv7(机会锁定)
      [ASSIGN] white_usv3->black_usv7(机会锁定)
[t=7,775s] step=260 | MISSION=NORMAL_C | USV: 10/10 (avail=0 int=0 lock=10 frz=0) | UAV: air=10 rtb=0 chg=0 loiter=0 | TRACKS: vis=15 lost=4 engaged=4 | TOP: black_usv3(x196,093) black_usv19(x197,407) black_usv2(x201,789) | KILL=1 | ACTIONS=20 | INTENT: focus=2 ratio=0.20
      [ASSIGN] white_usv7->black_usv13(机会锁定)
      [ASSIGN] white_usv6->black_usv13(机会锁定)
      [ASSIGN] white_usv5->black_usv10(机会锁定)
      [ASSIGN] white_usv7->black_usv12(机会锁定)
      [ASSIGN] white_usv4->black_usv10(机会锁定)
      [ASSIGN] white_usv8->black_usv12(机会锁定)
      [ASSIGN] white_usv10->black_usv12(机会锁定)
      [ASSIGN] white_usv2->black_usv10(机会锁定)
      [ASSIGN] white_usv6->black_usv12(机会锁定)
      [ASSIGN] white_usv9->black_usv12(机会锁定)
      [ASSIGN] white_usv7->black_usv11(机会锁定)
      [ASSIGN] white_usv8->black_usv11(机会锁定)
      [ASSIGN] white_usv10->black_usv11(机会锁定)
      [ASSIGN] white_usv1->black_usv8(机会锁定)
      [ASSIGN] white_usv6->black_usv11(机会锁定)
      [ASSIGN] white_usv9->black_usv11(机会锁定)
      [ASSIGN] white_usv3->black_usv8(机会锁定)
      [ASSIGN] white_usv7->black_usv12(机会锁定)
      [ASSIGN] white_usv8->black_usv12(机会锁定)
      [ASSIGN] white_usv10->black_usv12(机会锁定)
      [ASSIGN] white_usv1->black_usv9(机会锁定)
      [ASSIGN] white_usv6->black_usv12(机会锁定)
      [ASSIGN] white_usv9->black_usv12(机会锁定)
      [ASSIGN] white_usv3->black_usv9(机会锁定)
[t=8,117s] step=270 | MISSION=NORMAL_C | USV: 10/10 (avail=0 int=7 lock=3 frz=0) | UAV: air=10 rtb=0 chg=0 loiter=0 | TRACKS: vis=15 lost=2 engaged=1 | TOP: black_usv3(x193,299) black_usv19(x194,672) black_usv13(x183,732) | KILL=5 | ACTIONS=20 | INTENT: focus=2 ratio=0.20
      [ASSIGN] white_usv7->black_usv11(机会锁定)
      [ASSIGN] white_usv8->black_usv11(机会锁定)
      [ASSIGN] white_usv10->black_usv11(机会锁定)
      [ASSIGN] white_usv6->black_usv11(机会锁定)
      [ASSIGN] white_usv9->black_usv11(机会锁定)
      [DETECT] black_usv19
      [ASSIGN] white_usv7->black_usv12(机会锁定)
      [ASSIGN] white_usv8->black_usv12(机会锁定)
      [ASSIGN] white_usv10->black_usv14(机会锁定)
      [ASSIGN] white_usv6->black_usv12(机会锁定)
      [ASSIGN] white_usv9->black_usv12(机会锁定)
      [ASSIGN] white_usv7->black_usv11(机会锁定)
      [ASSIGN] white_usv8->black_usv11(机会锁定)
      [ASSIGN] white_usv6->black_usv11(机会锁定)
      [ASSIGN] white_usv9->black_usv11(机会锁定)
      [KILL] black_usv13
      [ASSIGN] white_usv7->black_usv12(机会锁定)
      [ASSIGN] white_usv8->black_usv12(机会锁定)
      [ASSIGN] white_usv6->black_usv12(机会锁定)
      [ASSIGN] white_usv9->black_usv12(机会锁定)
      [ASSIGN] white_usv7->black_usv11(机会锁定)
      [ASSIGN] white_usv8->black_usv11(机会锁定)
      [ASSIGN] white_usv6->black_usv11(机会锁定)
      [ASSIGN] white_usv9->black_usv11(机会锁定)
      [DETECT] black_usv3
      [DETECT] black_usv20
      [ASSIGN] white_usv5->black_usv8(机会锁定)
      [ASSIGN] white_usv4->black_usv8(机会锁定)
      [ASSIGN] white_usv2->black_usv8(机会锁定)
      [ASSIGN] white_usv5->black_usv10(机会锁定)
      [ASSIGN] white_usv4->black_usv10(机会锁定)
      [ASSIGN] white_usv8->black_usv14(机会锁定)
      [ASSIGN] white_usv2->black_usv10(机会锁定)
      [ASSIGN] white_usv5->black_usv8(机会锁定)
      [ASSIGN] white_usv4->black_usv8(机会锁定)
      [ASSIGN] white_usv2->black_usv8(机会锁定)
      [ASSIGN] white_usv5->black_usv10(机会锁定)
      [ASSIGN] white_usv7->black_usv12(机会锁定)
      [ASSIGN] white_usv4->black_usv10(机会锁定)
      [ASSIGN] white_usv1->black_usv10(机会锁定)
      [ASSIGN] white_usv2->black_usv10(机会锁定)
      [ASSIGN] white_usv3->black_usv10(机会锁定)
[t=8,470s] step=280 | MISSION=NORMAL_C | USV: 10/10 (avail=0 int=8 lock=2 frz=0) | UAV: air=10 rtb=0 chg=0 loiter=0 | TRACKS: vis=14 lost=3 engaged=1 | TOP: black_usv3(x189,762) black_usv19(x190,629) black_usv20(x196,262) | KILL=7 | ACTIONS=20 | INTENT: focus=2 ratio=0.20
      [ASSIGN] white_usv5->black_usv9(机会锁定)
      [ASSIGN] white_usv4->black_usv9(机会锁定)
      [ASSIGN] white_usv10->black_usv15(机会锁定)
      [ASSIGN] white_usv1->black_usv9(机会锁定)
      [ASSIGN] white_usv2->black_usv9(机会锁定)
      [ASSIGN] white_usv9->black_usv14(机会锁定)
      [ASSIGN] white_usv3->black_usv9(机会锁定)
      [ASSIGN] white_usv5->black_usv10(机会锁定)
      [ASSIGN] white_usv7->black_usv11(机会锁定)
      [ASSIGN] white_usv4->black_usv10(机会锁定)
      [ASSIGN] white_usv1->black_usv10(机会锁定)
      [ASSIGN] white_usv2->black_usv10(机会锁定)
      [ASSIGN] white_usv3->black_usv10(机会锁定)
      [KILL] black_usv12
      [ASSIGN] white_usv5->black_usv9(机会锁定)
      [ASSIGN] white_usv4->black_usv9(机会锁定)
      [ASSIGN] white_usv1->black_usv9(机会锁定)
      [ASSIGN] white_usv2->black_usv9(机会锁定)
      [ASSIGN] white_usv3->black_usv9(机会锁定)
      [KILL] black_usv8
      [KILL] black_usv11
      [ASSIGN] white_usv5->black_usv10(机会锁定)
      [RELEASE] white_usv7->black_usv11(目标失效)
      [ASSIGN] white_usv7->black_usv14(机会锁定)
      [ASSIGN] white_usv4->black_usv10(机会锁定)
      [ASSIGN] white_usv1->black_usv10(机会锁定)
      [ASSIGN] white_usv2->black_usv10(机会锁定)
      [RELEASE] white_usv6->black_usv11(目标失效)
      [ASSIGN] white_usv6->black_usv14(机会锁定)
      [ASSIGN] white_usv3->black_usv10(机会锁定)
      [KILL] black_usv7
      [ASSIGN] white_usv5->black_usv9(机会锁定)
      [ASSIGN] white_usv4->black_usv9(机会锁定)
      [ASSIGN] white_usv1->black_usv9(机会锁定)
      [ASSIGN] white_usv2->black_usv9(机会锁定)
      [ASSIGN] white_usv3->black_usv9(机会锁定)
      [ASSIGN] white_usv4->black_usv10(机会锁定)
      [ASSIGN] white_usv8->black_usv16(机会锁定)
      [ASSIGN] white_usv1->black_usv10(机会锁定)
      [ASSIGN] white_usv2->black_usv10(机会锁定)
      [ASSIGN] white_usv3->black_usv10(机会锁定)
      [ASSIGN] white_usv4->black_usv4(机会锁定)
      [ASSIGN] white_usv1->black_usv9(机会锁定)
      [ASSIGN] white_usv2->black_usv4(机会锁定)
      [ASSIGN] white_usv3->black_usv4(机会锁定)
      [ASSIGN] white_usv2->black_usv10(机会锁定)
      [ASSIGN] white_usv3->black_usv10(机会锁定)
      [ASSIGN] white_usv2->black_usv5(机会锁定)
      [ASSIGN] white_usv3->black_usv5(机会锁定)
      [ASSIGN] white_usv5->black_usv10(机会锁定)
      [ASSIGN] white_usv10->black_usv17(机会锁定)
      [ASSIGN] white_usv1->black_usv10(机会锁定)
      [ASSIGN] white_usv9->black_usv15(机会锁定)
[t=8,857s] step=290 | MISSION=NORMAL_C | USV: 10/10 (avail=0 int=4 lock=6 frz=0) | UAV: air=10 rtb=0 chg=0 loiter=0 | TRACKS: vis=10 lost=0 engaged=4 | TOP: black_usv17(x177,770) black_usv18(x183,846) black_usv6(x180,897) | KILL=7 | ACTIONS=20 | INTENT: focus=2 ratio=0.20
      [ASSIGN] white_usv5->black_usv9(机会锁定)
      [ASSIGN] white_usv10->black_usv15(机会锁定)
      [ASSIGN] white_usv1->black_usv9(机会锁定)
      [DETECT] black_usv3
      [ASSIGN] white_usv5->black_usv10(机会锁定)
      [ASSIGN] white_usv1->black_usv10(机会锁定)
      [ASSIGN] white_usv5->black_usv9(机会锁定)
      [ASSIGN] white_usv1->black_usv9(机会锁定)
      [DETECT] black_usv19
      [KILL] black_usv10
      [ASSIGN] white_usv7->black_usv16(机会锁定)
      [ASSIGN] white_usv1->black_usv4(机会锁定)
      [KILL] black_usv9
      [RELEASE] white_usv5->black_usv9(目标失效)
      [ASSIGN] white_usv4->black_usv14(机会锁定)
      [ASSIGN] white_usv8->black_usv17(机会锁定)
      [ASSIGN] white_usv5->black_usv19
      [ASSIGN] white_usv4->black_usv4(机会锁定)
      [ASSIGN] white_usv8->black_usv16(机会锁定)
      [DETECT] black_usv20
      [ASSIGN] white_usv5->black_usv14(机会锁定)
      [ASSIGN] white_usv2->black_usv14(机会锁定)
      [ASSIGN] white_usv3->black_usv14(机会锁定)
      [ASSIGN] white_usv10->black_usv17(机会锁定)
      [ASSIGN] white_usv2->black_usv5(机会锁定)
      [ASSIGN] white_usv3->black_usv5(机会锁定)
[t=9,206s] step=300 | MISSION=NORMAL_C | USV: 10/10 (avail=0 int=6 lock=4 frz=0) | UAV: air=10 rtb=0 chg=0 loiter=0 | TRACKS: vis=11 lost=0 engaged=2 | TOP: black_usv19(x183,562) black_usv3(x183,407) black_usv17(x174,280) | KILL=9 | ACTIONS=20 | INTENT: focus=2 ratio=0.20
      [ASSIGN] white_usv10->black_usv15(机会锁定)
      [ASSIGN] white_usv3->black_usv4(机会锁定)
      [ASSIGN] white_usv7->black_usv14(机会锁定)
      [ASSIGN] white_usv8->black_usv17(机会锁定)
      [ASSIGN] white_usv7->black_usv16(机会锁定)
      [ASSIGN] white_usv1->black_usv5(机会锁定)
      [ASSIGN] white_usv1->black_usv4(机会锁定)
      [ASSIGN] white_usv4->black_usv5(机会锁定)
      [ASSIGN] white_usv1->black_usv5(机会锁定)
      [ASSIGN] white_usv4->black_usv4(机会锁定)
      [ASSIGN] white_usv1->black_usv4(机会锁定)
      [ASSIGN] white_usv4->black_usv5(机会锁定)
      [ASSIGN] white_usv1->black_usv5(机会锁定)
      [ASSIGN] white_usv4->black_usv4(机会锁定)
      [ASSIGN] white_usv10->black_usv16(机会锁定)
      [ASSIGN] white_usv1->black_usv4(机会锁定)
      [ASSIGN] white_usv9->black_usv16(机会锁定)
      [KILL] black_usv14
      [RELEASE] white_usv5->black_usv14(目标失效)
      [ASSIGN] white_usv5->black_usv15(机会锁定)
      [ASSIGN] white_usv7->black_usv15(机会锁定)
      [ASSIGN] white_usv10->black_usv15(机会锁定)
      [ASSIGN] white_usv1->black_usv5(机会锁定)
      [RELEASE] white_usv6->black_usv14(目标失效)
      [ASSIGN] white_usv6->black_usv15(机会锁定)
      [ASSIGN] white_usv9->black_usv15(机会锁定)
[t=9,597s] step=310 | MISSION=NORMAL_C | USV: 8/10 (avail=0 int=7 lock=1 frz=0) | UAV: air=10 rtb=0 chg=0 loiter=0 | TRACKS: vis=10 lost=0 engaged=1 | TOP: black_usv19(x179,652) black_usv3(x179,996) black_usv20(x185,665) | KILL=12 | ACTIONS=18 | INTENT: focus=2 ratio=0.20
      [ASSIGN] white_usv5->black_usv16(机会锁定)
      [ASSIGN] white_usv7->black_usv16(机会锁定)
      [ASSIGN] white_usv8->black_usv16(机会锁定)
      [ASSIGN] white_usv10->black_usv16(机会锁定)
      [ASSIGN] white_usv1->black_usv6(机会锁定)
      [ASSIGN] white_usv9->black_usv16(机会锁定)
      [KILL] black_usv16
      [RELEASE] white_usv5->black_usv16(目标失效)
      [ASSIGN] white_usv5->black_usv15(机会锁定)
      [RELEASE] white_usv7->black_usv16(目标失效)
      [ASSIGN] white_usv7->black_usv17(机会锁定)
      [RELEASE] white_usv8->black_usv16(目标失效)
      [ASSIGN] white_usv8->black_usv17(机会锁定)
      [RELEASE] white_usv10->black_usv16(目标失效)
      [ASSIGN] white_usv10->black_usv17(机会锁定)
      [RELEASE] white_usv9->black_usv16(目标失效)
      [ASSIGN] white_usv9->black_usv15(机会锁定)
      [ASSIGN] white_usv10->black_usv15(机会锁定)
      [KILL] black_usv5
      [ASSIGN] white_usv5->black_usv17(机会锁定)
      [ASSIGN] white_usv6->black_usv17(机会锁定)
      [ASSIGN] white_usv1->black_usv4(机会锁定)
      [ASSIGN] white_usv5->black_usv15(机会锁定)
      [ASSIGN] white_usv1->black_usv6(机会锁定)
      [ASSIGN] white_usv6->black_usv15(机会锁定)
[t=10,012s] step=320 | MISSION=NORMAL_C | USV: 6/10 (avail=0 int=6 lock=0 frz=0) | UAV: air=10 rtb=0 chg=0 loiter=0 | TRACKS: vis=8 lost=0 engaged=0 | TOP: black_usv3(x175,851) black_usv19(x175,585) black_usv20(x181,630) | KILL=13 | ACTIONS=16 | INTENT: focus=2 ratio=0.20
      [KILL] black_usv4
      [ASSIGN] white_usv5->black_usv17(机会锁定)
      [RELEASE] white_usv4->black_usv4(目标失效)
      [ASSIGN] white_usv10->black_usv17(机会锁定)
      [ASSIGN] white_usv6->black_usv17(机会锁定)
      [ASSIGN] white_usv5->black_usv15(机会锁定)
      [ASSIGN] white_usv4->black_usv3
      [ASSIGN] white_usv10->black_usv15(机会锁定)
      [ASSIGN] white_usv6->black_usv15(机会锁定)
      [ASSIGN] white_usv5->black_usv17(机会锁定)
      [ASSIGN] white_usv10->black_usv17(机会锁定)
      [ASSIGN] white_usv6->black_usv17(机会锁定)
      [KILL] black_usv15
      [RELEASE] white_usv9->black_usv15(目标失效)
      [ASSIGN] white_usv9->black_usv17(机会锁定)
      [ASSIGN] white_usv4->black_usv6(机会锁定)
[t=10,467s] step=330 | MISSION=NORMAL_C | USV: 6/10 (avail=0 int=6 lock=0 frz=0) | UAV: air=10 rtb=0 chg=0 loiter=0 | TRACKS: vis=6 lost=0 engaged=0 | TOP: black_usv3(x171,308) black_usv19(x171,054) black_usv18(x169,133) | KILL=14 | ACTIONS=16 | INTENT: focus=2 ratio=0.20
      [KILL] black_usv17
      [RELEASE] white_usv5->black_usv17(目标失效)
      [RELEASE] white_usv10->black_usv17(目标失效)
      [RELEASE] white_usv6->black_usv17(目标失效)
      [ASSIGN] white_usv6->black_usv18(机会锁定)
      [RELEASE] white_usv9->black_usv17(目标失效)
      [ASSIGN] white_usv5->black_usv18(机会锁定)
      [ASSIGN] white_usv10->black_usv20
      [ASSIGN] white_usv9->black_usv3
      [ASSIGN] white_usv10->black_usv18(机会锁定)
      [RELEASE] white_usv9->black_usv3(目标失效)
      [ASSIGN] white_usv9->black_usv19
[t=10,919s] step=340 | MISSION=NORMAL_C | USV: 6/10 (avail=0 int=3 lock=3 frz=0) | UAV: air=10 rtb=0 chg=0 loiter=0 | TRACKS: vis=4 lost=0 engaged=1 | TOP: black_usv20(x173,706) black_usv19(x166,694) black_usv18(x164,615) | KILL=14 | ACTIONS=16 | INTENT: focus=2 ratio=0.20
      [KILL] black_usv6
      [RELEASE] white_usv4->black_usv6(目标失效)
      [RELEASE] white_usv1->black_usv6(目标失效)
      [ASSIGN] white_usv4->black_usv19
      [ASSIGN] white_usv1->black_usv20
      [ASSIGN] white_usv9->black_usv18(机会锁定)
      [ASSIGN] white_usv5->black_usv19(机会锁定)
      [ASSIGN] white_usv10->black_usv19(机会锁定)
[t=11,361s] step=350 | MISSION=NORMAL_C | USV: 6/10 (avail=0 int=4 lock=2 frz=0) | UAV: air=10 rtb=0 chg=0 loiter=0 | TRACKS: vis=3 lost=0 engaged=1 | TOP: black_usv19(x162,350) black_usv20(x169,359) black_usv18(x164,060) | KILL=15 | ACTIONS=16 | INTENT: focus=2 ratio=0.20
      [KILL] black_usv18
      [RELEASE] white_usv6->black_usv18(目标失效)
      [RELEASE] white_usv9->black_usv18(目标失效)
      [ASSIGN] white_usv9->black_usv19(机会锁定)
      [ASSIGN] white_usv6->black_usv20
[t=11,823s] step=360 | MISSION=NORMAL_C | USV: 6/10 (avail=0 int=6 lock=0 frz=0) | UAV: air=10 rtb=0 chg=0 loiter=0 | TRACKS: vis=2 lost=0 engaged=0 | TOP: black_usv19(x160,098) black_usv20(x165,314) | KILL=16 | ACTIONS=16 | INTENT: focus=2 ratio=0.20
      [ASSIGN] white_usv6->black_usv19(机会锁定)
      [KILL] black_usv19
      [RELEASE] white_usv5->black_usv19(目标失效)
      [RELEASE] white_usv4->black_usv19(目标失效)
      [RELEASE] white_usv10->black_usv19(目标失效)
      [RELEASE] white_usv6->black_usv19(目标失效)
      [RELEASE] white_usv9->black_usv19(目标失效)
      [ASSIGN] white_usv5->black_usv20
      [ASSIGN] white_usv10->black_usv20
[t=12,308s] step=370 | MISSION=NORMAL_C | USV: 6/10 (avail=5 int=1 lock=0 frz=0) | UAV: air=10 rtb=0 chg=0 loiter=0 | TRACKS: vis=1 lost=0 engaged=0 | TOP: black_usv20(x162,155) | KILL=16 | ACTIONS=16 | INTENT: focus=2 ratio=0.20
[t=12,775s] step=380 | MISSION=NORMAL_C | USV: 6/10 (avail=3 int=1 lock=2 frz=0) | UAV: air=10 rtb=0 chg=0 loiter=0 | TRACKS: vis=1 lost=0 engaged=1 | TOP: black_usv20(x159,221) | KILL=16 | ACTIONS=16 | INTENT: focus=2 ratio=0.20
[t=13,258s] step=390 | MISSION=NORMAL_C | USV: 6/10 (avail=3 int=3 lock=0 frz=0) | UAV: air=10 rtb=0 chg=0 loiter=0 | TRACKS: vis=1 lost=0 engaged=0 | TOP: black_usv20(x158,706) | KILL=17 | ACTIONS=16 | INTENT: focus=2 ratio=0.20
      [KILL] black_usv20
      [RELEASE] white_usv5->black_usv20(目标失效)
      [RELEASE] white_usv10->black_usv20(目标失效)
      [RELEASE] white_usv1->black_usv20(目标失效)
[t=13,742s] step=400 | MISSION=GLOBAL_R | USV: 6/10 (avail=6 int=0 lock=0 frz=0) | UAV: air=10 rtb=0 chg=0 loiter=0 | TRACKS: vis=0 lost=0 engaged=0 | TOP:  | KILL=17 | ACTIONS=16 | INTENT: focus=2 ratio=0.20
[t=14,234s] step=410 | MISSION=GLOBAL_R | USV: 6/10 (avail=6 int=0 lock=0 frz=0) | UAV: air=10 rtb=0 chg=0 loiter=0 | TRACKS: vis=0 lost=0 engaged=0 | TOP:  | KILL=17 | ACTIONS=16 | INTENT: focus=2 ratio=0.20
      [DETECT] black_usv3
      [ASSIGN] white_usv4->black_usv3
      [ASSIGN] white_usv1->black_usv3
      [ASSIGN] white_usv6->black_usv3
[t=14,666s] step=420 | MISSION=NORMAL_C | USV: 6/10 (avail=3 int=3 lock=0 frz=0) | UAV: air=10 rtb=0 chg=0 loiter=0 | TRACKS: vis=1 lost=0 engaged=0 | TOP: black_usv3(x145,061) | KILL=17 | ACTIONS=16 | INTENT: focus=2 ratio=0.20
[t=15,139s] step=430 | MISSION=NORMAL_C | USV: 6/10 (avail=3 int=2 lock=1 frz=0) | UAV: air=10 rtb=0 chg=0 loiter=0 | TRACKS: vis=1 lost=0 engaged=1 | TOP: black_usv3(x143,542) | KILL=17 | ACTIONS=16 | INTENT: focus=2 ratio=0.20
[t=15,622s] step=440 | MISSION=NORMAL_C | USV: 6/10 (avail=3 int=2 lock=1 frz=0) | UAV: air=10 rtb=0 chg=0 loiter=0 | TRACKS: vis=1 lost=0 engaged=1 | TOP: black_usv3(x141,992) | KILL=17 | ACTIONS=16 | INTENT: focus=2 ratio=0.20
[t=16,110s] step=450 | MISSION=NORMAL_C | USV: 6/10 (avail=3 int=3 lock=0 frz=0) | UAV: air=10 rtb=0 chg=0 loiter=0 | TRACKS: vis=1 lost=0 engaged=0 | TOP: black_usv3(x141,456) | KILL=18 | ACTIONS=16 | INTENT: focus=2 ratio=0.20
[t=16,627s] step=460 | MISSION=NORMAL_C | USV: 6/10 (avail=3 int=3 lock=0 frz=0) | UAV: air=10 rtb=0 chg=0 loiter=0 | TRACKS: vis=1 lost=0 engaged=0 | TOP: black_usv3(x141,456) | KILL=18 | ACTIONS=16 | INTENT: focus=2 ratio=0.20
      [KILL] black_usv3
      [RELEASE] white_usv4->black_usv3(目标失效)
      [RELEASE] white_usv1->black_usv3(目标失效)
      [RELEASE] white_usv6->black_usv3(目标失效)
[t=17,147s] step=470 | MISSION=GLOBAL_R | USV: 6/10 (avail=6 int=0 lock=0 frz=0) | UAV: air=10 rtb=0 chg=0 loiter=0 | TRACKS: vis=0 lost=0 engaged=0 | TOP:  | KILL=18 | ACTIONS=16 | INTENT: focus=2 ratio=0.20
      [DETECT] black_usv2
      [ASSIGN] white_usv4->black_usv2
      [ASSIGN] white_usv1->black_usv2
      [ASSIGN] white_usv6->black_usv2
      [RELEASE] white_usv4->black_usv2(目标失效)
      [RELEASE] white_usv1->black_usv2(目标失效)
      [RELEASE] white_usv6->black_usv2(目标失效)
[t=17,674s] step=480 | MISSION=NORMAL_C | USV: 6/10 (avail=6 int=0 lock=0 frz=0) | UAV: air=10 rtb=0 chg=0 loiter=0 | TRACKS: vis=0 lost=0 engaged=0 | TOP:  | KILL=18 | ACTIONS=16 | INTENT: focus=2 ratio=0.20
      [DETECT] black_usv2
      [ASSIGN] white_usv4->black_usv2
      [ASSIGN] white_usv1->black_usv2
      [ASSIGN] white_usv6->black_usv2
[t=18,205s] step=490 | MISSION=NORMAL_C | USV: 6/10 (avail=3 int=3 lock=0 frz=0) | UAV: air=10 rtb=0 chg=0 loiter=0 | TRACKS: vis=1 lost=0 engaged=0 | TOP: black_usv2(x123,479) | KILL=18 | ACTIONS=16 | INTENT: focus=2 ratio=0.20
[t=18,741s] step=500 | MISSION=NORMAL_C | USV: 6/10 (avail=3 int=0 lock=3 frz=0) | UAV: air=10 rtb=0 chg=0 loiter=0 | TRACKS: vis=1 lost=0 engaged=1 | TOP: black_usv2(x121,511) | KILL=18 | ACTIONS=16 | INTENT: focus=2 ratio=0.20
[t=19,237s] step=510 | MISSION=NORMAL_C | USV: 6/10 (avail=3 int=3 lock=0 frz=0) | UAV: air=10 rtb=0 chg=0 loiter=0 | TRACKS: vis=1 lost=0 engaged=0 | TOP: black_usv2(x120,717) | KILL=19 | ACTIONS=16 | INTENT: focus=2 ratio=0.20
[t=19,519s] step=520 | MISSION=NORMAL_C | USV: 6/10 (avail=3 int=3 lock=0 frz=0) | UAV: air=10 rtb=0 chg=0 loiter=0 | TRACKS: vis=1 lost=0 engaged=0 | TOP: black_usv2(x120,717) | KILL=19 | ACTIONS=16 | INTENT: focus=2 ratio=0.20
      [KILL] black_usv2
      [RELEASE] white_usv4->black_usv2(目标失效)
      [RELEASE] white_usv1->black_usv2(目标失效)
      [RELEASE] white_usv6->black_usv2(目标失效)
[t=19,793s] step=530 | MISSION=GLOBAL_R | USV: 6/10 (avail=6 int=0 lock=0 frz=0) | UAV: air=10 rtb=0 chg=0 loiter=0 | TRACKS: vis=0 lost=0 engaged=0 | TOP:  | KILL=19 | ACTIONS=16 | INTENT: focus=2 ratio=0.20
[t=20,056s] step=540 | MISSION=GLOBAL_R | USV: 6/10 (avail=6 int=0 lock=0 frz=0) | UAV: air=10 rtb=0 chg=0 loiter=0 | TRACKS: vis=0 lost=0 engaged=0 | TOP:  | KILL=19 | ACTIONS=16 | INTENT: focus=2 ratio=0.20
      [DETECT] black_usv1
      [ASSIGN] white_usv4->black_usv1
      [ASSIGN] white_usv1->black_usv1
      [ASSIGN] white_usv6->black_usv1
[t=20,326s] step=550 | MISSION=NORMAL_C | USV: 6/10 (avail=6 int=0 lock=0 frz=0) | UAV: air=10 rtb=0 chg=0 loiter=0 | TRACKS: vis=1 lost=0 engaged=0 | TOP: black_usv1(x110,152) | KILL=19 | ACTIONS=16 | INTENT: focus=2 ratio=0.20
[t=20,609s] step=560 | MISSION=NORMAL_C | USV: 6/10 (avail=3 int=3 lock=0 frz=0) | UAV: air=10 rtb=0 chg=0 loiter=0 | TRACKS: vis=0 lost=1 engaged=0 | TOP: black_usv1(x108,954) | KILL=19 | ACTIONS=16 | INTENT: focus=2 ratio=0.20
      [RELEASE] white_usv4->black_usv1(目标失效)
      [RELEASE] white_usv1->black_usv1(目标失效)
      [RELEASE] white_usv6->black_usv1(目标失效)
      [DETECT] black_usv1
      [ASSIGN] white_usv4->black_usv1
      [ASSIGN] white_usv1->black_usv1
      [ASSIGN] white_usv6->black_usv1
[t=20,887s] step=570 | MISSION=NORMAL_C | USV: 6/10 (avail=6 int=0 lock=0 frz=0) | UAV: air=10 rtb=0 chg=0 loiter=0 | TRACKS: vis=1 lost=0 engaged=0 | TOP: black_usv1(x107,775) | KILL=19 | ACTIONS=16 | INTENT: focus=2 ratio=0.20
[t=21,159s] step=580 | MISSION=NORMAL_C | USV: 6/10 (avail=3 int=3 lock=0 frz=0) | UAV: air=10 rtb=0 chg=0 loiter=0 | TRACKS: vis=0 lost=1 engaged=0 | TOP: black_usv1(x106,624) | KILL=19 | ACTIONS=16 | INTENT: focus=2 ratio=0.20
      [RELEASE] white_usv4->black_usv1(目标失效)
      [RELEASE] white_usv1->black_usv1(目标失效)
      [RELEASE] white_usv6->black_usv1(目标失效)
[t=21,425s] step=590 | MISSION=GLOBAL_R | USV: 6/10 (avail=6 int=0 lock=0 frz=0) | UAV: air=10 rtb=0 chg=0 loiter=0 | TRACKS: vis=0 lost=0 engaged=0 | TOP:  | KILL=19 | ACTIONS=16 | INTENT: focus=2 ratio=0.20
      [DETECT] black_usv1
      [ASSIGN] white_usv4->black_usv1
      [ASSIGN] white_usv1->black_usv1
      [ASSIGN] white_usv6->black_usv1
[t=21,694s] step=600 | MISSION=NORMAL_C | USV: 6/10 (avail=3 int=3 lock=0 frz=0) | UAV: air=10 rtb=0 chg=0 loiter=0 | TRACKS: vis=1 lost=0 engaged=0 | TOP: black_usv1(x104,359) | KILL=19 | ACTIONS=16 | INTENT: focus=2 ratio=0.20
      [RELEASE] white_usv4->black_usv1(目标失效)
      [RELEASE] white_usv1->black_usv1(目标失效)
      [RELEASE] white_usv6->black_usv1(目标失效)
[t=21,968s] step=610 | MISSION=NORMAL_C | USV: 6/10 (avail=3 int=3 lock=0 frz=0) | UAV: air=10 rtb=0 chg=0 loiter=0 | TRACKS: vis=0 lost=0 engaged=0 | TOP:  | KILL=19 | ACTIONS=16 | INTENT: focus=2 ratio=0.20
[t=22,247s] step=620 | MISSION=GLOBAL_R | USV: 6/10 (avail=6 int=0 lock=0 frz=0) | UAV: air=10 rtb=0 chg=0 loiter=0 | TRACKS: vis=0 lost=0 engaged=0 | TOP:  | KILL=19 | ACTIONS=16 | INTENT: focus=2 ratio=0.20
      [DETECT] black_usv1
      [ASSIGN] white_usv4->black_usv1
      [ASSIGN] white_usv1->black_usv1
      [ASSIGN] white_usv6->black_usv1
[t=22,524s] step=630 | MISSION=NORMAL_C | USV: 6/10 (avail=6 int=0 lock=0 frz=0) | UAV: air=10 rtb=0 chg=0 loiter=0 | TRACKS: vis=1 lost=0 engaged=0 | TOP: black_usv1(x100,848) | KILL=19 | ACTIONS=16 | INTENT: focus=2 ratio=0.20
      [UAV RTB] white_uav10(电量2468<2199+300)
[t=22,803s] step=640 | MISSION=NORMAL_C | USV: 6/10 (avail=3 int=3 lock=0 frz=0) | UAV: air=9 rtb=1 chg=0 loiter=0 | TRACKS: vis=0 lost=1 engaged=0 | TOP: black_usv1(x99,665) | KILL=19 | ACTIONS=16 | INTENT: focus=2 ratio=0.20
      [RELEASE] white_usv4->black_usv1(目标失效)
      [RELEASE] white_usv1->black_usv1(目标失效)
      [RELEASE] white_usv6->black_usv1(目标失效)
[t=23,078s] step=650 | MISSION=GLOBAL_R | USV: 6/10 (avail=6 int=0 lock=0 frz=0) | UAV: air=9 rtb=1 chg=0 loiter=0 | TRACKS: vis=0 lost=0 engaged=0 | TOP:  | KILL=19 | ACTIONS=16 | INTENT: focus=2 ratio=0.20
[t=23,362s] step=660 | MISSION=GLOBAL_R | USV: 6/10 (avail=6 int=0 lock=0 frz=0) | UAV: air=9 rtb=1 chg=0 loiter=0 | TRACKS: vis=0 lost=0 engaged=0 | TOP:  | KILL=19 | ACTIONS=16 | INTENT: focus=2 ratio=0.20
      [DETECT] black_usv1
      [ASSIGN] white_usv4->black_usv1(机会锁定)
      [ASSIGN] white_usv1->black_usv1
      [ASSIGN] white_usv6->black_usv1
[t=23,636s] step=670 | MISSION=NORMAL_C | USV: 6/10 (avail=3 int=0 lock=3 frz=0) | UAV: air=9 rtb=1 chg=0 loiter=0 | TRACKS: vis=1 lost=0 engaged=1 | TOP: black_usv1(x96,142) | KILL=19 | ACTIONS=16 | INTENT: focus=2 ratio=0.20
      [UAV RTB] white_uav2(电量1324<1046+300)
      [UAV RTB] white_uav5(电量1303<1026+300)
      [UAV RTB] white_uav3(电量1246<971+300)
      [UAV RTB] white_uav6(电量1058<1097+300)
      [UAV RTB] white_uav9(电量1059<831+300)
      [UAV RTB] white_uav7(电量1062<980+300)
      [UAV RTB] white_uav4(电量1064<1041+300)

========================================================================
对局结果: Result.Victory — 敌方所有单位被击毁
  击杀蓝舰: 20 | 命中: 40 | 我方USV损失: 4 | UAV损失: 0 | 突破: 0
[META] result=Result.Victory victory_time=23959 first_detection=1846 first_lock=7384 first_kill=8272 enemy_kills=20 friendly_usv_losses=4 friendly_uav_losses=0 black_breakthrough=0 reacquire_attempts=212 reacquire_success=212 sensor_assisted_locks=92 low_conf_commitments=0 global_reacquire_entries=8 global_reacquire_success=8 coverage_collapse_events=1 active_clusters_max=1 coverage_quality_final=0.33 commander_source=default_intent commander_calls=0 commander_changes=0 commander_no_change=0 commander_parse_failures=0 commander_api_failures=0 commander_policy_failures=0 commander_avg_latency=0.0
Done
