========================================================================
HYBRID AGENT V5 — Variable-Cardinality Hierarchical Maritime Agent
  启用UAV: True | LLM_ENABLED: False
========================================================================
对局 60 开始
      [UAV RELAUNCH] white_uav2
      [UAV RELAUNCH] white_uav5
      [UAV RELAUNCH] white_uav8
      [UAV RELAUNCH] white_uav9
      [UAV RELAUNCH] white_uav6
      [UAV RELAUNCH] white_uav3
      [UAV RELAUNCH] white_uav7
      [UAV RELAUNCH] white_uav4
      [UAV RELAUNCH] white_uav1
      [UAV RELAUNCH] white_uav10
[t=253s] step=10 | MISSION=NORMAL_C | USV: 10/10 (avail=10 int=0 lock=0 frz=0) | UAV: air=10 rtb=0 chg=0 loiter=0 | TRACKS: vis=0 lost=0 engaged=0 | TOP:  | KILL=0 | ACTIONS=20 | INTENT: focus=2 ratio=0.20
  [INTENT APPLIED]
    ThreatAllocator: focus 2 emergency 3 reserve_ratio 0.20 reserve_usvs None bias breakthrough_eta
    UAVManager: mode search_and_reacquire uav_priority []
[t=541s] step=20 | MISSION=NORMAL_C | USV: 10/10 (avail=10 int=0 lock=0 frz=0) | UAV: air=10 rtb=0 chg=0 loiter=0 | TRACKS: vis=0 lost=0 engaged=0 | TOP:  | KILL=0 | ACTIONS=20 | INTENT: focus=2 ratio=0.20
[t=819s] step=30 | MISSION=NORMAL_C | USV: 10/10 (avail=10 int=0 lock=0 frz=0) | UAV: air=10 rtb=0 chg=0 loiter=0 | TRACKS: vis=0 lost=0 engaged=0 | TOP:  | KILL=0 | ACTIONS=20 | INTENT: focus=2 ratio=0.20
[t=1,117s] step=40 | MISSION=NORMAL_C | USV: 10/10 (avail=10 int=0 lock=0 frz=0) | UAV: air=10 rtb=0 chg=0 loiter=0 | TRACKS: vis=0 lost=0 engaged=0 | TOP:  | KILL=0 | ACTIONS=20 | INTENT: focus=2 ratio=0.20
[t=1,408s] step=50 | MISSION=NORMAL_C | USV: 10/10 (avail=10 int=0 lock=0 frz=0) | UAV: air=10 rtb=0 chg=0 loiter=0 | TRACKS: vis=0 lost=0 engaged=0 | TOP:  | KILL=0 | ACTIONS=20 | INTENT: focus=2 ratio=0.20
[t=1,703s] step=60 | MISSION=NORMAL_C | USV: 10/10 (avail=10 int=0 lock=0 frz=0) | UAV: air=10 rtb=0 chg=0 loiter=0 | TRACKS: vis=0 lost=0 engaged=0 | TOP:  | KILL=0 | ACTIONS=20 | INTENT: focus=2 ratio=0.20
      [DETECT] black_usv11
      [DETECT] black_usv9
      [DETECT] black_usv14
      [DETECT] black_usv10
      [DETECT] black_usv7
      [DETECT] black_usv12
      [DETECT] black_usv8
      [DETECT] black_usv13
      [ASSIGN] white_usv4->black_usv8
      [ASSIGN] white_usv7->black_usv13
      [ASSIGN] white_usv9->black_usv14
      [ASSIGN] white_usv10->black_usv7
      [ASSIGN] white_usv8->black_usv12
      [ASSIGN] white_usv1->black_usv9
      [ASSIGN] white_usv5->black_usv11
      [ASSIGN] white_usv2->black_usv10
      [DETECT] black_usv17
      [DETECT] black_usv15
      [DETECT] black_usv6
      [DETECT] black_usv16
      [ASSIGN] white_usv3->black_usv15
      [ASSIGN] white_usv6->black_usv17
      [DETECT] black_usv4
      [DETECT] black_usv5
      [DETECT] black_usv18
      [DETECT] black_usv3
      [DETECT] black_usv2
      [DETECT] black_usv19
      [DETECT] black_usv20
      [DETECT] black_usv1
[t=1,994s] step=70 | MISSION=NORMAL_C | USV: 10/10 (avail=0 int=10 lock=0 frz=0) | UAV: air=10 rtb=0 chg=0 loiter=0 | TRACKS: vis=20 lost=0 engaged=0 | TOP: black_usv4(x241,985) black_usv6(x242,195) black_usv18(x242,281) | KILL=0 | ACTIONS=20 | INTENT: focus=2 ratio=0.20
[t=2,290s] step=80 | MISSION=NORMAL_C | USV: 10/10 (avail=0 int=10 lock=0 frz=0) | UAV: air=10 rtb=0 chg=0 loiter=0 | TRACKS: vis=20 lost=0 engaged=0 | TOP: black_usv4(x239,345) black_usv6(x239,591) black_usv18(x239,690) | KILL=0 | ACTIONS=20 | INTENT: focus=2 ratio=0.20
[t=2,571s] step=90 | MISSION=NORMAL_C | USV: 10/10 (avail=0 int=10 lock=0 frz=0) | UAV: air=10 rtb=0 chg=0 loiter=0 | TRACKS: vis=19 lost=1 engaged=0 | TOP: black_usv6(x237,118) black_usv18(x237,231) black_usv3(x238,612) | KILL=0 | ACTIONS=20 | INTENT: focus=2 ratio=0.20
[t=2,865s] step=100 | MISSION=NORMAL_C | USV: 10/10 (avail=0 int=10 lock=0 frz=0) | UAV: air=10 rtb=0 chg=0 loiter=0 | TRACKS: vis=19 lost=0 engaged=0 | TOP: black_usv6(x234,531) black_usv18(x234,657) black_usv3(x236,210) | KILL=0 | ACTIONS=20 | INTENT: focus=2 ratio=0.20
[t=3,154s] step=110 | MISSION=NORMAL_C | USV: 10/10 (avail=0 int=10 lock=0 frz=0) | UAV: air=10 rtb=0 chg=0 loiter=0 | TRACKS: vis=17 lost=2 engaged=0 | TOP: black_usv6(x231,987) black_usv18(x232,128) black_usv3(x233,848) | KILL=0 | ACTIONS=20 | INTENT: focus=2 ratio=0.20
[t=3,461s] step=120 | MISSION=NORMAL_C | USV: 10/10 (avail=0 int=10 lock=0 frz=0) | UAV: air=10 rtb=0 chg=0 loiter=0 | TRACKS: vis=16 lost=3 engaged=0 | TOP: black_usv6(x229,286) black_usv3(x231,340) black_usv19(x231,906) | KILL=0 | ACTIONS=20 | INTENT: focus=2 ratio=0.20
      [DETECT] black_usv1
[t=3,760s] step=130 | MISSION=NORMAL_C | USV: 10/10 (avail=0 int=10 lock=0 frz=0) | UAV: air=10 rtb=0 chg=0 loiter=0 | TRACKS: vis=17 lost=3 engaged=0 | TOP: black_usv6(x226,655) black_usv3(x228,897) black_usv19(x229,515) | KILL=0 | ACTIONS=20 | INTENT: focus=2 ratio=0.20
[t=4,048s] step=140 | MISSION=NORMAL_C | USV: 10/10 (avail=0 int=10 lock=0 frz=0) | UAV: air=10 rtb=0 chg=0 loiter=0 | TRACKS: vis=17 lost=3 engaged=0 | TOP: black_usv6(x224,120) black_usv3(x226,544) black_usv19(x227,212) | KILL=0 | ACTIONS=20 | INTENT: focus=2 ratio=0.20
[t=4,361s] step=150 | MISSION=NORMAL_C | USV: 10/10 (avail=0 int=10 lock=0 frz=0) | UAV: air=10 rtb=0 chg=0 loiter=0 | TRACKS: vis=16 lost=2 engaged=0 | TOP: black_usv6(x221,366) black_usv3(x223,987) black_usv19(x224,709) | KILL=0 | ACTIONS=20 | INTENT: focus=2 ratio=0.20
[t=4,667s] step=160 | MISSION=NORMAL_C | USV: 10/10 (avail=0 int=10 lock=0 frz=0) | UAV: air=10 rtb=0 chg=0 loiter=0 | TRACKS: vis=18 lost=0 engaged=0 | TOP: black_usv6(x218,673) black_usv3(x221,487) black_usv19(x222,262) | KILL=0 | ACTIONS=20 | INTENT: focus=2 ratio=0.20
[t=4,970s] step=170 | MISSION=NORMAL_C | USV: 10/10 (avail=0 int=10 lock=0 frz=0) | UAV: air=10 rtb=0 chg=0 loiter=0 | TRACKS: vis=16 lost=2 engaged=0 | TOP: black_usv6(x216,007) black_usv3(x219,011) black_usv19(x219,839) | KILL=0 | ACTIONS=20 | INTENT: focus=2 ratio=0.20
[t=5,279s] step=180 | MISSION=NORMAL_C | USV: 10/10 (avail=0 int=10 lock=0 frz=0) | UAV: air=10 rtb=0 chg=0 loiter=0 | TRACKS: vis=17 lost=1 engaged=0 | TOP: black_usv6(x213,287) black_usv3(x216,486) black_usv19(x217,368) | KILL=0 | ACTIONS=20 | INTENT: focus=2 ratio=0.20
[t=5,590s] step=190 | MISSION=NORMAL_C | USV: 10/10 (avail=0 int=10 lock=0 frz=0) | UAV: air=10 rtb=0 chg=0 loiter=0 | TRACKS: vis=17 lost=1 engaged=0 | TOP: black_usv6(x210,551) black_usv3(x213,945) black_usv19(x214,881) | KILL=0 | ACTIONS=20 | INTENT: focus=2 ratio=0.20
[t=5,897s] step=200 | MISSION=NORMAL_C | USV: 10/10 (avail=0 int=10 lock=0 frz=0) | UAV: air=10 rtb=0 chg=0 loiter=0 | TRACKS: vis=5 lost=13 engaged=0 | TOP: black_usv3(x211,437) black_usv19(x212,426) black_usv20(x216,556) | KILL=0 | ACTIONS=20 | INTENT: focus=2 ratio=0.20
      [DETECT] black_usv19
      [DETECT] black_usv20
[t=6,201s] step=210 | MISSION=NORMAL_C | USV: 10/10 (avail=0 int=10 lock=0 frz=0) | UAV: air=10 rtb=0 chg=0 loiter=0 | TRACKS: vis=17 lost=1 engaged=0 | TOP: black_usv3(x208,953) black_usv19(x209,994) black_usv20(x214,345) | KILL=0 | ACTIONS=20 | INTENT: focus=2 ratio=0.20
      [DETECT] black_usv2
[t=6,494s] step=220 | MISSION=NORMAL_C | USV: 10/10 (avail=0 int=10 lock=0 frz=0) | UAV: air=10 rtb=0 chg=0 loiter=0 | TRACKS: vis=13 lost=6 engaged=0 | TOP: black_usv2(x210,670) black_usv3(x206,118) black_usv20(x212,214) | KILL=0 | ACTIONS=20 | INTENT: focus=2 ratio=0.20
[t=6,791s] step=230 | MISSION=NORMAL_C | USV: 10/10 (avail=0 int=10 lock=0 frz=0) | UAV: air=10 rtb=0 chg=0 loiter=0 | TRACKS: vis=12 lost=6 engaged=0 | TOP: black_usv3(x203,148) black_usv19(x204,649) black_usv20(x209,241) | KILL=0 | ACTIONS=20 | INTENT: focus=2 ratio=0.20
[t=7,097s] step=240 | MISSION=NORMAL_C | USV: 10/10 (avail=0 int=10 lock=0 frz=0) | UAV: air=10 rtb=0 chg=0 loiter=0 | TRACKS: vis=17 lost=1 engaged=0 | TOP: black_usv3(x200,088) black_usv19(x201,589) black_usv20(x206,181) | KILL=0 | ACTIONS=20 | INTENT: focus=2 ratio=0.20
      [DETECT] black_usv3
      [ASSIGN] white_usv2->black_usv8(机会锁定)
[t=7,398s] step=250 | MISSION=NORMAL_C | USV: 10/10 (avail=0 int=9 lock=1 frz=0) | UAV: air=10 rtb=0 chg=0 loiter=0 | TRACKS: vis=17 lost=1 engaged=1 | TOP: black_usv3(x197,078) black_usv16(x191,088) black_usv19(x198,936) | KILL=0 | ACTIONS=20 | INTENT: focus=2 ratio=0.20
      [ASSIGN] white_usv1->black_usv10(机会锁定)
      [ASSIGN] white_usv5->black_usv9(机会锁定)
      [ASSIGN] white_usv8->black_usv13(机会锁定)
      [ASSIGN] white_usv9->black_usv17(机会锁定)
      [ASSIGN] white_usv10->black_usv8(机会锁定)
      [ASSIGN] white_usv3->black_usv13(机会锁定)
      [ASSIGN] white_usv4->black_usv11(机会锁定)
      [ASSIGN] white_usv2->black_usv9(机会锁定)
[t=7,716s] step=260 | MISSION=NORMAL_C | USV: 10/10 (avail=0 int=1 lock=9 frz=0) | UAV: air=10 rtb=0 chg=0 loiter=0 | TRACKS: vis=17 lost=1 engaged=6 | TOP: black_usv3(x193,898) black_usv12(x189,033) black_usv16(x188,039) | KILL=0 | ACTIONS=20 | INTENT: focus=2 ratio=0.20
      [ASSIGN] white_usv7->black_usv12(机会锁定)
      [ASSIGN] white_usv1->black_usv8(机会锁定)
      [ASSIGN] white_usv5->black_usv10(机会锁定)
      [ASSIGN] white_usv8->black_usv16(机会锁定)
      [ASSIGN] white_usv9->black_usv15(机会锁定)
      [ASSIGN] white_usv6->black_usv14(机会锁定)
      [ASSIGN] white_usv10->black_usv10(机会锁定)
      [ASSIGN] white_usv1->black_usv10(机会锁定)
      [ASSIGN] white_usv3->black_usv17(机会锁定)
      [ASSIGN] white_usv3->black_usv13(机会锁定)
      [ASSIGN] white_usv4->black_usv8(机会锁定)
      [ASSIGN] white_usv4->black_usv11(机会锁定)
      [ASSIGN] white_usv2->black_usv11(机会锁定)
      [ASSIGN] white_usv3->black_usv11(机会锁定)
[t=8,044s] step=270 | MISSION=NORMAL_C | USV: 10/10 (avail=0 int=3 lock=7 frz=0) | UAV: air=10 rtb=0 chg=0 loiter=0 | TRACKS: vis=16 lost=2 engaged=5 | TOP: black_usv11(x183,386) black_usv7(x184,575) black_usv17(x185,664) | KILL=4 | ACTIONS=20 | INTENT: focus=2 ratio=0.20
      [ASSIGN] white_usv7->black_usv13(机会锁定)
      [ASSIGN] white_usv3->black_usv13(机会锁定)
      [ASSIGN] white_usv7->black_usv12(机会锁定)
      [ASSIGN] white_usv5->black_usv9(机会锁定)
      [ASSIGN] white_usv3->black_usv12(机会锁定)
      [ASSIGN] white_usv8->black_usv13(机会锁定)
      [ASSIGN] white_usv5->black_usv13(机会锁定)
      [ASSIGN] white_usv9->black_usv16(机会锁定)
      [ASSIGN] white_usv8->black_usv16(机会锁定)
      [ASSIGN] white_usv5->black_usv9(机会锁定)
      [ASSIGN] white_usv5->black_usv8(机会锁定)
      [ASSIGN] white_usv5->black_usv9(机会锁定)
      [ASSIGN] white_usv6->black_usv15(机会锁定)
      [ASSIGN] white_usv10->black_usv8(机会锁定)
      [ASSIGN] white_usv1->black_usv8(机会锁定)
      [ASSIGN] white_usv5->black_usv8(机会锁定)
      [ASSIGN] white_usv10->black_usv10(机会锁定)
      [ASSIGN] white_usv1->black_usv10(机会锁定)
      [ASSIGN] white_usv5->black_usv10(机会锁定)
      [DETECT] black_usv19
      [KILL] black_usv8
      [ASSIGN] white_usv10->black_usv9(机会锁定)
      [ASSIGN] white_usv1->black_usv9(机会锁定)
      [ASSIGN] white_usv5->black_usv9(机会锁定)
      [DETECT] black_usv20
      [ASSIGN] white_usv4->black_usv10(机会锁定)
      [ASSIGN] white_usv10->black_usv10(机会锁定)
      [ASSIGN] white_usv1->black_usv10(机会锁定)
      [ASSIGN] white_usv5->black_usv10(机会锁定)
      [ASSIGN] white_usv2->black_usv10(机会锁定)
[t=8,376s] step=280 | MISSION=NORMAL_C | USV: 10/10 (avail=0 int=5 lock=5 frz=0) | UAV: air=10 rtb=0 chg=0 loiter=0 | TRACKS: vis=17 lost=0 engaged=3 | TOP: black_usv19(x190,344) black_usv20(x195,467) black_usv13(x185,305) | KILL=5 | ACTIONS=20 | INTENT: focus=2 ratio=0.20
      [KILL] black_usv9
      [KILL] black_usv13
      [ASSIGN] white_usv4->black_usv11(机会锁定)
      [ASSIGN] white_usv10->black_usv11(机会锁定)
      [ASSIGN] white_usv1->black_usv11(机会锁定)
      [ASSIGN] white_usv5->black_usv11(机会锁定)
      [ASSIGN] white_usv2->black_usv11(机会锁定)
      [KILL] black_usv17
      [ASSIGN] white_usv7->black_usv10(机会锁定)
      [ASSIGN] white_usv7->black_usv12(机会锁定)
      [ASSIGN] white_usv9->black_usv15(机会锁定)
      [ASSIGN] white_usv9->black_usv16(机会锁定)
      [ASSIGN] white_usv9->black_usv15(机会锁定)
      [ASSIGN] white_usv9->black_usv16(机会锁定)
      [ASSIGN] white_usv9->black_usv15(机会锁定)
      [KILL] black_usv10
      [ASSIGN] white_usv9->black_usv16(机会锁定)
      [ASSIGN] white_usv4->black_usv7(机会锁定)
      [ASSIGN] white_usv9->black_usv14(机会锁定)
      [ASSIGN] white_usv1->black_usv7(机会锁定)
      [ASSIGN] white_usv2->black_usv7(机会锁定)
[t=8,738s] step=290 | MISSION=NORMAL_C | USV: 7/10 (avail=0 int=5 lock=2 frz=0) | UAV: air=10 rtb=0 chg=0 loiter=0 | TRACKS: vis=12 lost=1 engaged=1 | TOP: black_usv20(x191,847) black_usv19(x186,779) black_usv3(x185,184) | KILL=8 | ACTIONS=17 | INTENT: focus=2 ratio=0.20
      [ASSIGN] white_usv7->black_usv11(机会锁定)
      [ASSIGN] white_usv3->black_usv16(机会锁定)
      [ASSIGN] white_usv7->black_usv12(机会锁定)
      [ASSIGN] white_usv3->black_usv12(机会锁定)
      [ASSIGN] white_usv7->black_usv16(机会锁定)
      [ASSIGN] white_usv3->black_usv11(机会锁定)
      [ASSIGN] white_usv7->black_usv12(机会锁定)
      [ASSIGN] white_usv3->black_usv12(机会锁定)
      [ASSIGN] white_usv7->black_usv16(机会锁定)
      [ASSIGN] white_usv3->black_usv11(机会锁定)
      [ASSIGN] white_usv7->black_usv12(机会锁定)
      [ASSIGN] white_usv3->black_usv12(机会锁定)
      [DETECT] black_usv2
      [DETECT] black_usv1
      [ASSIGN] white_usv7->black_usv16(机会锁定)
      [ASSIGN] white_usv7->black_usv15(机会锁定)
      [ASSIGN] white_usv4->black_usv11(机会锁定)
      [ASSIGN] white_usv7->black_usv14(机会锁定)
      [ASSIGN] white_usv1->black_usv11(机会锁定)
      [ASSIGN] white_usv2->black_usv11(机会锁定)
      [KILL] black_usv16
      [ASSIGN] white_usv4->black_usv7(机会锁定)
      [ASSIGN] white_usv7->black_usv15(机会锁定)
      [ASSIGN] white_usv1->black_usv7(机会锁定)
      [ASSIGN] white_usv2->black_usv7(机会锁定)
[t=9,105s] step=300 | MISSION=NORMAL_C | USV: 6/10 (avail=0 int=6 lock=0 frz=0) | UAV: air=10 rtb=0 chg=0 loiter=0 | TRACKS: vis=13 lost=1 engaged=0 | TOP: black_usv2(x186,742) black_usv20(x188,188) black_usv1(x192,482) | KILL=11 | ACTIONS=16 | INTENT: focus=2 ratio=0.20
      [ASSIGN] white_usv4->black_usv11(机会锁定)
      [ASSIGN] white_usv7->black_usv14(机会锁定)
      [ASSIGN] white_usv1->black_usv11(机会锁定)
      [ASSIGN] white_usv2->black_usv11(机会锁定)
      [KILL] black_usv15
      [ASSIGN] white_usv4->black_usv7(机会锁定)
      [ASSIGN] white_usv7->black_usv12(机会锁定)
      [ASSIGN] white_usv1->black_usv7(机会锁定)
      [ASSIGN] white_usv2->black_usv7(机会锁定)
      [ASSIGN] white_usv4->black_usv11(机会锁定)
      [ASSIGN] white_usv7->black_usv14(机会锁定)
      [ASSIGN] white_usv1->black_usv11(机会锁定)
      [ASSIGN] white_usv2->black_usv11(机会锁定)
      [ASSIGN] white_usv4->black_usv7(机会锁定)
      [ASSIGN] white_usv7->black_usv12(机会锁定)
      [ASSIGN] white_usv1->black_usv7(机会锁定)
      [ASSIGN] white_usv2->black_usv7(机会锁定)
      [ASSIGN] white_usv4->black_usv11(机会锁定)
      [ASSIGN] white_usv7->black_usv14(机会锁定)
      [ASSIGN] white_usv1->black_usv11(机会锁定)
      [ASSIGN] white_usv2->black_usv11(机会锁定)
      [KILL] black_usv11
      [RELEASE] white_usv4->black_usv11(目标失效)
      [ASSIGN] white_usv7->black_usv12(机会锁定)
      [RELEASE] white_usv10->black_usv11(目标失效)
      [ASSIGN] white_usv10->black_usv7(机会锁定)
      [RELEASE] white_usv1->black_usv11(目标失效)
      [RELEASE] white_usv2->black_usv11(目标失效)
      [KILL] black_usv12
      [ASSIGN] white_usv4->black_usv20
      [RELEASE] white_usv7->black_usv12(目标失效)
      [ASSIGN] white_usv7->black_usv14(机会锁定)
      [ASSIGN] white_usv1->black_usv1
      [ASSIGN] white_usv2->black_usv7(机会锁定)
      [RELEASE] white_usv3->black_usv12(目标失效)
      [ASSIGN] white_usv3->black_usv14(机会锁定)
      [ASSIGN] white_usv1->black_usv7(机会锁定)
[t=9,529s] step=310 | MISSION=NORMAL_C | USV: 6/10 (avail=0 int=6 lock=0 frz=0) | UAV: air=10 rtb=0 chg=0 loiter=0 | TRACKS: vis=9 lost=2 engaged=0 | TOP: black_usv2(x182,502) black_usv1(x188,242) black_usv4(x172,209) | KILL=11 | ACTIONS=16 | INTENT: focus=2 ratio=0.20
      [ASSIGN] white_usv7->black_usv18(机会锁定)
      [KILL] black_usv14
      [KILL] black_usv7
      [RELEASE] white_usv10->black_usv7(目标失效)
      [RELEASE] white_usv1->black_usv7(目标失效)
      [ASSIGN] white_usv1->black_usv5(机会锁定)
      [RELEASE] white_usv2->black_usv7(目标失效)
      [RELEASE] white_usv3->black_usv14(目标失效)
      [ASSIGN] white_usv10->black_usv4
      [ASSIGN] white_usv2->black_usv2
      [ASSIGN] white_usv3->black_usv6
      [ASSIGN] white_usv2->black_usv5(机会锁定)
[t=9,929s] step=320 | MISSION=NORMAL_C | USV: 6/10 (avail=0 int=2 lock=4 frz=0) | UAV: air=10 rtb=0 chg=0 loiter=0 | TRACKS: vis=6 lost=3 engaged=3 | TOP: black_usv2(x179,822) black_usv1(x186,204) black_usv3(x173,762) | KILL=11 | ACTIONS=16 | INTENT: focus=2 ratio=0.20
      [ASSIGN] white_usv1->black_usv4(机会锁定)
      [ASSIGN] white_usv10->black_usv5(机会锁定)
      [ASSIGN] white_usv10->black_usv4(机会锁定)
      [ASSIGN] white_usv2->black_usv4(机会锁定)
      [ASSIGN] white_usv10->black_usv5(机会锁定)
      [ASSIGN] white_usv1->black_usv5(机会锁定)
      [ASSIGN] white_usv2->black_usv5(机会锁定)
[t=10,351s] step=330 | MISSION=NORMAL_C | USV: 6/10 (avail=0 int=6 lock=0 frz=0) | UAV: air=10 rtb=0 chg=0 loiter=0 | TRACKS: vis=7 lost=0 engaged=0 | TOP: black_usv5(x169,435) black_usv3(x169,542) black_usv19(x170,964) | KILL=14 | ACTIONS=16 | INTENT: focus=2 ratio=0.20
      [ASSIGN] white_usv10->black_usv4(机会锁定)
      [ASSIGN] white_usv1->black_usv4(机会锁定)
      [ASSIGN] white_usv2->black_usv4(机会锁定)
      [ASSIGN] white_usv10->black_usv5(机会锁定)
      [ASSIGN] white_usv1->black_usv5(机会锁定)
      [ASSIGN] white_usv2->black_usv5(机会锁定)
      [ASSIGN] white_usv10->black_usv4(机会锁定)
      [ASSIGN] white_usv1->black_usv4(机会锁定)
      [ASSIGN] white_usv2->black_usv4(机会锁定)
      [ASSIGN] white_usv10->black_usv5(机会锁定)
      [ASSIGN] white_usv1->black_usv5(机会锁定)
      [ASSIGN] white_usv2->black_usv5(机会锁定)
      [ASSIGN] white_usv10->black_usv4(机会锁定)
      [ASSIGN] white_usv1->black_usv4(机会锁定)
      [ASSIGN] white_usv2->black_usv4(机会锁定)
      [KILL] black_usv5
      [ASSIGN] white_usv7->black_usv19(机会锁定)
      [ASSIGN] white_usv10->black_usv6(机会锁定)
      [ASSIGN] white_usv1->black_usv6(机会锁定)
      [ASSIGN] white_usv2->black_usv6(机会锁定)
      [ASSIGN] white_usv10->black_usv4(机会锁定)
      [ASSIGN] white_usv2->black_usv4(机会锁定)
      [ASSIGN] white_usv10->black_usv6(机会锁定)
      [ASSIGN] white_usv2->black_usv6(机会锁定)
      [KILL] black_usv4
[t=10,760s] step=340 | MISSION=NORMAL_C | USV: 6/10 (avail=0 int=2 lock=4 frz=0) | UAV: air=10 rtb=0 chg=0 loiter=0 | TRACKS: vis=4 lost=1 engaged=2 | TOP: black_usv3(x165,454) black_usv18(x172,242) black_usv19(x166,955) | KILL=14 | ACTIONS=16 | INTENT: focus=2 ratio=0.20
      [KILL] black_usv18
[t=11,195s] step=350 | MISSION=NORMAL_C | USV: 6/10 (avail=0 int=5 lock=1 frz=0) | UAV: air=10 rtb=0 chg=0 loiter=0 | TRACKS: vis=3 lost=0 engaged=1 | TOP: black_usv19(x162,721) black_usv20(x168,332) black_usv6(x159,680) | KILL=15 | ACTIONS=16 | INTENT: focus=2 ratio=0.20
      [ASSIGN] white_usv4->black_usv19(机会锁定)
      [KILL] black_usv6
      [RELEASE] white_usv10->black_usv6(目标失效)
      [RELEASE] white_usv1->black_usv6(目标失效)
      [RELEASE] white_usv2->black_usv6(目标失效)
      [RELEASE] white_usv3->black_usv6(目标失效)
[t=11,654s] step=360 | MISSION=NORMAL_C | USV: 6/10 (avail=0 int=6 lock=0 frz=0) | UAV: air=10 rtb=0 chg=0 loiter=0 | TRACKS: vis=2 lost=0 engaged=0 | TOP: black_usv20(x163,747) black_usv19(x161,621) | KILL=16 | ACTIONS=16 | INTENT: focus=2 ratio=0.20
      [ASSIGN] white_usv10->black_usv20
      [ASSIGN] white_usv1->black_usv20
      [ASSIGN] white_usv2->black_usv20
      [ASSIGN] white_usv3->black_usv19
[t=12,104s] step=370 | MISSION=NORMAL_C | USV: 6/10 (avail=0 int=6 lock=0 frz=0) | UAV: air=10 rtb=0 chg=0 loiter=0 | TRACKS: vis=2 lost=0 engaged=0 | TOP: black_usv19(x161,621) black_usv20(x160,417) | KILL=16 | ACTIONS=16 | INTENT: focus=2 ratio=0.20
      [KILL] black_usv19
      [RELEASE] white_usv4->black_usv19(目标失效)
      [RELEASE] white_usv7->black_usv19(目标失效)
      [RELEASE] white_usv3->black_usv19(目标失效)
[t=12,564s] step=380 | MISSION=NORMAL_C | USV: 6/10 (avail=3 int=3 lock=0 frz=0) | UAV: air=10 rtb=0 chg=0 loiter=0 | TRACKS: vis=1 lost=0 engaged=0 | TOP: black_usv20(x157,633) | KILL=16 | ACTIONS=16 | INTENT: focus=2 ratio=0.20
[t=13,023s] step=390 | MISSION=NORMAL_C | USV: 6/10 (avail=3 int=3 lock=0 frz=0) | UAV: air=10 rtb=0 chg=0 loiter=0 | TRACKS: vis=0 lost=1 engaged=0 | TOP: black_usv20(x154,856) | KILL=16 | ACTIONS=16 | INTENT: focus=2 ratio=0.20
[t=13,480s] step=400 | MISSION=NORMAL_C | USV: 6/10 (avail=3 int=3 lock=0 frz=0) | UAV: air=10 rtb=0 chg=0 loiter=0 | TRACKS: vis=1 lost=0 engaged=0 | TOP: black_usv20(x152,091) | KILL=16 | ACTIONS=16 | INTENT: focus=2 ratio=0.20
[t=13,940s] step=410 | MISSION=NORMAL_C | USV: 6/10 (avail=3 int=3 lock=0 frz=0) | UAV: air=10 rtb=0 chg=0 loiter=0 | TRACKS: vis=0 lost=1 engaged=0 | TOP: black_usv20(x149,308) | KILL=16 | ACTIONS=16 | INTENT: focus=2 ratio=0.20
[t=14,399s] step=420 | MISSION=NORMAL_C | USV: 6/10 (avail=3 int=3 lock=0 frz=0) | UAV: air=10 rtb=0 chg=0 loiter=0 | TRACKS: vis=1 lost=0 engaged=0 | TOP: black_usv20(x146,531) | KILL=16 | ACTIONS=16 | INTENT: focus=2 ratio=0.20
[t=14,858s] step=430 | MISSION=NORMAL_C | USV: 6/10 (avail=3 int=3 lock=0 frz=0) | UAV: air=10 rtb=0 chg=0 loiter=0 | TRACKS: vis=1 lost=0 engaged=0 | TOP: black_usv20(x143,754) | KILL=16 | ACTIONS=16 | INTENT: focus=2 ratio=0.20
      [RELEASE] white_usv10->black_usv20(目标失效)
      [RELEASE] white_usv1->black_usv20(目标失效)
      [RELEASE] white_usv2->black_usv20(目标失效)
[t=15,311s] step=440 | MISSION=NORMAL_C | USV: 6/10 (avail=3 int=3 lock=0 frz=0) | UAV: air=10 rtb=0 chg=0 loiter=0 | TRACKS: vis=0 lost=0 engaged=0 | TOP:  | KILL=16 | ACTIONS=16 | INTENT: focus=2 ratio=0.20
      [DETECT] black_usv3
      [ASSIGN] white_usv10->black_usv3
      [ASSIGN] white_usv2->black_usv3
      [ASSIGN] white_usv3->black_usv3
[t=15,774s] step=450 | MISSION=NORMAL_C | USV: 6/10 (avail=3 int=3 lock=0 frz=0) | UAV: air=10 rtb=0 chg=0 loiter=0 | TRACKS: vis=0 lost=1 engaged=0 | TOP: black_usv3(x134,590) | KILL=16 | ACTIONS=16 | INTENT: focus=2 ratio=0.20
      [RELEASE] white_usv10->black_usv3(目标失效)
      [RELEASE] white_usv2->black_usv3(目标失效)
      [RELEASE] white_usv3->black_usv3(目标失效)
[t=16,238s] step=460 | MISSION=GLOBAL_R | USV: 6/10 (avail=6 int=0 lock=0 frz=0) | UAV: air=10 rtb=0 chg=0 loiter=0 | TRACKS: vis=0 lost=0 engaged=0 | TOP:  | KILL=16 | ACTIONS=16 | INTENT: focus=2 ratio=0.20
      [DETECT] black_usv3
      [ASSIGN] white_usv10->black_usv3
      [ASSIGN] white_usv2->black_usv3
      [ASSIGN] white_usv3->black_usv3
[t=16,709s] step=470 | MISSION=NORMAL_C | USV: 6/10 (avail=3 int=3 lock=0 frz=0) | UAV: air=10 rtb=0 chg=0 loiter=0 | TRACKS: vis=0 lost=1 engaged=0 | TOP: black_usv3(x129,784) | KILL=16 | ACTIONS=16 | INTENT: focus=2 ratio=0.20
[t=17,176s] step=480 | MISSION=NORMAL_C | USV: 6/10 (avail=3 int=3 lock=0 frz=0) | UAV: air=10 rtb=0 chg=0 loiter=0 | TRACKS: vis=0 lost=1 engaged=0 | TOP: black_usv3(x125,255) | KILL=16 | ACTIONS=16 | INTENT: focus=2 ratio=0.20
      [RELEASE] white_usv10->black_usv3(目标失效)
      [RELEASE] white_usv2->black_usv3(目标失效)
      [RELEASE] white_usv3->black_usv3(目标失效)
      [DETECT] black_usv3
      [ASSIGN] white_usv10->black_usv3
      [ASSIGN] white_usv2->black_usv3
      [ASSIGN] white_usv3->black_usv3
[t=17,642s] step=490 | MISSION=NORMAL_C | USV: 6/10 (avail=3 int=3 lock=0 frz=0) | UAV: air=10 rtb=0 chg=0 loiter=0 | TRACKS: vis=1 lost=0 engaged=0 | TOP: black_usv3(x123,532) | KILL=16 | ACTIONS=16 | INTENT: focus=2 ratio=0.20
[t=18,108s] step=500 | MISSION=NORMAL_C | USV: 6/10 (avail=3 int=2 lock=1 frz=0) | UAV: air=10 rtb=0 chg=0 loiter=0 | TRACKS: vis=1 lost=0 engaged=1 | TOP: black_usv3(x121,203) | KILL=16 | ACTIONS=16 | INTENT: focus=2 ratio=0.20
[t=18,590s] step=510 | MISSION=NORMAL_C | USV: 6/10 (avail=3 int=3 lock=0 frz=0) | UAV: air=10 rtb=0 chg=0 loiter=0 | TRACKS: vis=1 lost=0 engaged=0 | TOP: black_usv3(x121,203) | KILL=17 | ACTIONS=16 | INTENT: focus=2 ratio=0.20
      [KILL] black_usv3
      [RELEASE] white_usv10->black_usv3(目标失效)
      [RELEASE] white_usv2->black_usv3(目标失效)
      [RELEASE] white_usv3->black_usv3(目标失效)
[t=19,106s] step=520 | MISSION=GLOBAL_R | USV: 6/10 (avail=6 int=0 lock=0 frz=0) | UAV: air=10 rtb=0 chg=0 loiter=0 | TRACKS: vis=0 lost=0 engaged=0 | TOP:  | KILL=17 | ACTIONS=16 | INTENT: focus=2 ratio=0.20
      [DETECT] black_usv1
      [ASSIGN] white_usv10->black_usv1
      [ASSIGN] white_usv2->black_usv1
      [ASSIGN] white_usv3->black_usv1
      [DETECT] black_usv2
      [ASSIGN] white_usv4->black_usv2
      [ASSIGN] white_usv7->black_usv2
      [ASSIGN] white_usv1->black_usv2
[t=19,603s] step=530 | MISSION=NORMAL_C | USV: 6/10 (avail=0 int=6 lock=0 frz=0) | UAV: air=10 rtb=0 chg=0 loiter=0 | TRACKS: vis=0 lost=2 engaged=0 | TOP: black_usv2(x97,858) black_usv1(x126,236) | KILL=17 | ACTIONS=16 | INTENT: focus=2 ratio=0.20
      [RELEASE] white_usv10->black_usv1(目标失效)
      [RELEASE] white_usv2->black_usv1(目标失效)
      [RELEASE] white_usv3->black_usv1(目标失效)
      [RELEASE] white_usv4->black_usv2(目标失效)
      [RELEASE] white_usv7->black_usv2(目标失效)
      [RELEASE] white_usv1->black_usv2(目标失效)
      [DETECT] black_usv1
      [ASSIGN] white_usv10->black_usv1
      [ASSIGN] white_usv2->black_usv1
      [ASSIGN] white_usv3->black_usv1
[t=20,111s] step=540 | MISSION=NORMAL_C | USV: 6/10 (avail=3 int=3 lock=0 frz=0) | UAV: air=10 rtb=0 chg=0 loiter=0 | TRACKS: vis=0 lost=1 engaged=0 | TOP: black_usv1(x122,723) | KILL=17 | ACTIONS=16 | INTENT: focus=2 ratio=0.20
      [RELEASE] white_usv10->black_usv1(目标失效)
      [RELEASE] white_usv2->black_usv1(目标失效)
      [RELEASE] white_usv3->black_usv1(目标失效)
[t=20,395s] step=550 | MISSION=GLOBAL_R | USV: 6/10 (avail=6 int=0 lock=0 frz=0) | UAV: air=10 rtb=0 chg=0 loiter=0 | TRACKS: vis=0 lost=0 engaged=0 | TOP:  | KILL=17 | ACTIONS=16 | INTENT: focus=2 ratio=0.20
      [DETECT] black_usv2
      [ASSIGN] white_usv10->black_usv2
      [ASSIGN] white_usv2->black_usv2
      [ASSIGN] white_usv3->black_usv2
[t=20,670s] step=560 | MISSION=NORMAL_C | USV: 6/10 (avail=6 int=0 lock=0 frz=0) | UAV: air=10 rtb=0 chg=0 loiter=0 | TRACKS: vis=1 lost=0 engaged=0 | TOP: black_usv2(x93,099) | KILL=17 | ACTIONS=16 | INTENT: focus=2 ratio=0.20
[t=20,952s] step=570 | MISSION=NORMAL_C | USV: 6/10 (avail=3 int=3 lock=0 frz=0) | UAV: air=10 rtb=0 chg=0 loiter=0 | TRACKS: vis=0 lost=1 engaged=0 | TOP: black_usv2(x91,842) | KILL=17 | ACTIONS=16 | INTENT: focus=2 ratio=0.20
      [RELEASE] white_usv10->black_usv2(目标失效)
      [RELEASE] white_usv2->black_usv2(目标失效)
      [RELEASE] white_usv3->black_usv2(目标失效)
[t=21,233s] step=580 | MISSION=GLOBAL_R | USV: 6/10 (avail=6 int=0 lock=0 frz=0) | UAV: air=10 rtb=0 chg=0 loiter=0 | TRACKS: vis=0 lost=0 engaged=0 | TOP:  | KILL=17 | ACTIONS=16 | INTENT: focus=2 ratio=0.20
      [DETECT] black_usv2
      [ASSIGN] white_usv10->black_usv2
      [ASSIGN] white_usv2->black_usv2
      [ASSIGN] white_usv3->black_usv2
[t=21,517s] step=590 | MISSION=NORMAL_C | USV: 6/10 (avail=6 int=0 lock=0 frz=0) | UAV: air=10 rtb=0 chg=0 loiter=0 | TRACKS: vis=1 lost=0 engaged=0 | TOP: black_usv2(x89,321) | KILL=17 | ACTIONS=16 | INTENT: focus=2 ratio=0.20
[t=21,805s] step=600 | MISSION=NORMAL_C | USV: 6/10 (avail=3 int=3 lock=0 frz=0) | UAV: air=10 rtb=0 chg=0 loiter=0 | TRACKS: vis=0 lost=1 engaged=0 | TOP: black_usv2(x88,037) | KILL=17 | ACTIONS=16 | INTENT: focus=2 ratio=0.20
      [RELEASE] white_usv10->black_usv2(目标失效)
      [RELEASE] white_usv2->black_usv2(目标失效)
      [RELEASE] white_usv3->black_usv2(目标失效)
      [DETECT] black_usv2
      [ASSIGN] white_usv10->black_usv2
      [ASSIGN] white_usv2->black_usv2
      [ASSIGN] white_usv3->black_usv2
[t=22,091s] step=610 | MISSION=NORMAL_C | USV: 6/10 (avail=3 int=3 lock=0 frz=0) | UAV: air=10 rtb=0 chg=0 loiter=0 | TRACKS: vis=0 lost=1 engaged=0 | TOP: black_usv2(x85,029) | KILL=17 | ACTIONS=16 | INTENT: focus=2 ratio=0.20
      [UAV RTB] white_uav10(电量2730<2478+300)
[t=22,376s] step=620 | MISSION=NORMAL_C | USV: 6/10 (avail=3 int=3 lock=0 frz=0) | UAV: air=9 rtb=1 chg=0 loiter=0 | TRACKS: vis=0 lost=1 engaged=0 | TOP: black_usv2(x82,170) | KILL=17 | ACTIONS=16 | INTENT: focus=2 ratio=0.20
[t=22,665s] step=630 | MISSION=NORMAL_C | USV: 6/10 (avail=3 int=3 lock=0 frz=0) | UAV: air=9 rtb=1 chg=0 loiter=0 | TRACKS: vis=0 lost=1 engaged=0 | TOP: black_usv2(x79,287) | KILL=17 | ACTIONS=16 | INTENT: focus=2 ratio=0.20
      [RELEASE] white_usv10->black_usv2(目标失效)
      [RELEASE] white_usv2->black_usv2(目标失效)
      [RELEASE] white_usv3->black_usv2(目标失效)
[t=22,952s] step=640 | MISSION=GLOBAL_R | USV: 6/10 (avail=6 int=0 lock=0 frz=0) | UAV: air=9 rtb=1 chg=0 loiter=0 | TRACKS: vis=0 lost=0 engaged=0 | TOP:  | KILL=17 | ACTIONS=16 | INTENT: focus=2 ratio=0.20
[t=23,238s] step=650 | MISSION=GLOBAL_R | USV: 6/10 (avail=6 int=0 lock=0 frz=0) | UAV: air=9 rtb=1 chg=0 loiter=0 | TRACKS: vis=0 lost=0 engaged=0 | TOP:  | KILL=17 | ACTIONS=16 | INTENT: focus=2 ratio=0.20
[t=23,520s] step=660 | MISSION=GLOBAL_R | USV: 6/10 (avail=6 int=0 lock=0 frz=0) | UAV: air=9 rtb=1 chg=0 loiter=0 | TRACKS: vis=0 lost=0 engaged=0 | TOP:  | KILL=17 | ACTIONS=16 | INTENT: focus=2 ratio=0.20
[t=23,810s] step=670 | MISSION=GLOBAL_R | USV: 6/10 (avail=6 int=0 lock=0 frz=0) | UAV: air=9 rtb=1 chg=0 loiter=0 | TRACKS: vis=0 lost=0 engaged=0 | TOP:  | KILL=17 | ACTIONS=16 | INTENT: focus=2 ratio=0.20
      [UAV RTB] white_uav2(电量1004<745+300)
      [UAV RTB] white_uav9(电量948<695+300)
      [UAV RTB] white_uav3(电量925<632+300)
[t=24,092s] step=680 | MISSION=GLOBAL_R | USV: 6/10 (avail=6 int=0 lock=0 frz=0) | UAV: air=6 rtb=4 chg=0 loiter=0 | TRACKS: vis=0 lost=0 engaged=0 | TOP:  | KILL=17 | ACTIONS=16 | INTENT: focus=2 ratio=0.20
      [UAV RTB] white_uav6(电量898<611+300)
      [UAV RTB] white_uav4(电量901<613+300)
      [UAV RTB] white_uav5(电量867<567+300)
      [UAV RTB] white_uav8(电量840<545+300)
      [UAV RTB] white_uav7(电量784<510+300)
      [UAV RTB] white_uav1(电量725<438+300)
[t=24,386s] step=690 | MISSION=GLOBAL_R | USV: 6/10 (avail=6 int=0 lock=0 frz=0) | UAV: air=0 rtb=10 chg=0 loiter=0 | TRACKS: vis=0 lost=0 engaged=0 | TOP:  | KILL=17 | ACTIONS=16 | INTENT: focus=2 ratio=0.20
      [UAV LAND] white_uav8->white_usv1
[t=24,654s] step=700 | MISSION=GLOBAL_R | USV: 6/10 (avail=6 int=0 lock=0 frz=0) | UAV: air=0 rtb=9 chg=1 loiter=0 | TRACKS: vis=0 lost=0 engaged=0 | TOP:  | KILL=17 | ACTIONS=16 | INTENT: focus=2 ratio=0.20
      [DETECT] black_usv2
      [ASSIGN] white_usv10->black_usv2
      [ASSIGN] white_usv2->black_usv2
      [ASSIGN] white_usv3->black_usv2
      [UAV RTB] white_uav8(电量302<11+300)
      [UAV LAND] white_uav8->white_usv1
      [UAV LAND] white_uav5->white_usv3
      [UAV RTB] white_uav8(电量274<18+300)
      [UAV LAND] white_uav8->white_usv1
      [UAV LAND] white_uav6->white_usv3
      [UAV LAND] white_uav3->white_usv3
      [UAV LAND] white_uav4->white_usv3
      [UAV LAND] white_uav1->white_usv3
      [UAV LAND] white_uav2->white_usv3
      [UAV RTB] white_uav5(电量242<18+300)
      [UAV LAND] white_uav5->white_usv3
      [UAV RTB] white_uav8(电量243<8+300)
      [UAV LAND] white_uav8->white_usv1
      [UAV RTB] white_uav6(电量244<6+300)
      [UAV LAND] white_uav6->white_usv3
      [UAV RTB] white_uav3(电量245<10+300)
      [UAV LAND] white_uav3->white_usv3
      [UAV LAND] white_uav7->white_usv3
      [UAV RTB] white_uav4(电量247<7+300)
      [UAV LAND] white_uav4->white_usv3
      [UAV RTB] white_uav1(电量248<2+300)
      [UAV LAND] white_uav1->white_usv3
      [UAV RTB] white_uav2(电量207<7+300)
      [UAV LAND] white_uav2->white_usv3
      [UAV RTB] white_uav5(电量208<7+300)
      [UAV LAND] white_uav5->white_usv3
      [UAV RTB] white_uav8(电量209<2+300)
      [UAV LAND] white_uav8->white_usv1
      [UAV LAND] white_uav9->white_usv10
      [UAV RTB] white_uav6(电量210<5+300)
      [UAV LAND] white_uav6->white_usv3
      [UAV RTB] white_uav3(电量211<0+300)
      [UAV LAND] white_uav3->white_usv3
      [UAV RTB] white_uav7(电量212<27+300)
      [UAV RTB] white_uav4(电量213<2+300)
      [UAV LAND] white_uav4->white_usv3
      [UAV RTB] white_uav1(电量214<13+300)
      [UAV LAND] white_uav1->white_usv3
      [UAV LAND] white_uav10->white_usv3
      [UAV RTB] white_uav2(电量168<4+300)
      [UAV LAND] white_uav2->white_usv3
      [UAV RTB] white_uav5(电量169<4+300)
      [UAV LAND] white_uav5->white_usv3
      [UAV RTB] white_uav8(电量170<7+300)
      [UAV LAND] white_uav8->white_usv1
      [UAV RTB] white_uav9(电量170<14+300)
      [UAV LAND] white_uav9->white_usv2
      [UAV RTB] white_uav6(电量171<3+300)
      [UAV LAND] white_uav6->white_usv3
      [UAV RTB] white_uav3(电量172<3+300)
      [UAV LAND] white_uav3->white_usv3
      [UAV LAND] white_uav7->white_usv3
      [UAV RTB] white_uav4(电量174<7+300)
      [UAV LAND] white_uav4->white_usv3
      [UAV RTB] white_uav1(电量175<1+300)
      [UAV LAND] white_uav1->white_usv3
      [UAV RTB] white_uav10(电量176<16+300)
      [UAV LAND] white_uav10->white_usv3
      [UAV RTB] white_uav2(电量135<5+300)
      [UAV LAND] white_uav2->white_usv3
      [UAV RTB] white_uav5(电量136<3+300)
      [UAV LAND] white_uav5->white_usv3
      [UAV RTB] white_uav8(电量137<14+300)
      [UAV LAND] white_uav8->white_usv1
      [UAV RTB] white_uav9(电量137<6+300)
      [UAV LAND] white_uav9->white_usv10
      [UAV RTB] white_uav6(电量138<8+300)
      [UAV LAND] white_uav6->white_usv3
      [UAV RTB] white_uav3(电量139<14+300)
      [UAV LAND] white_uav3->white_usv3
      [UAV RTB] white_uav7(电量140<9+300)
      [UAV LAND] white_uav7->white_usv3
      [UAV RTB] white_uav4(电量141<5+300)
      [UAV LAND] white_uav4->white_usv3
      [UAV RTB] white_uav1(电量142<0+300)
      [UAV LAND] white_uav1->white_usv3
      [UAV RTB] white_uav10(电量143<5+300)
      [UAV LAND] white_uav10->white_usv3
      [UAV RTB] white_uav2(电量102<9+300)
      [UAV LAND] white_uav2->white_usv3
      [UAV RTB] white_uav5(电量103<7+300)
      [UAV LAND] white_uav5->white_usv3
      [UAV RTB] white_uav8(电量104<4+300)
      [UAV LAND] white_uav8->white_usv1
      [UAV RTB] white_uav9(电量104<3+300)
      [UAV LAND] white_uav9->white_usv10
      [UAV RTB] white_uav6(电量105<2+300)
      [UAV LAND] white_uav6->white_usv3
      [UAV RTB] white_uav3(电量106<4+300)
      [UAV LAND] white_uav3->white_usv3
      [UAV RTB] white_uav7(电量107<3+300)
      [UAV LAND] white_uav7->white_usv3
      [UAV RTB] white_uav4(电量108<2+300)
      [UAV LAND] white_uav4->white_usv3
      [UAV RTB] white_uav1(电量109<14+300)
      [UAV LAND] white_uav1->white_usv3
      [UAV RTB] white_uav10(电量110<2+300)
      [UAV LAND] white_uav10->white_usv3
      [UAV RTB] white_uav2(电量67<2+300)
      [UAV LAND] white_uav2->white_usv3
      [UAV RTB] white_uav5(电量68<3+300)
      [UAV LAND] white_uav5->white_usv3
      [UAV RTB] white_uav8(电量69<11+300)
      [UAV LAND] white_uav8->white_usv1
      [UAV RTB] white_uav9(电量69<7+300)
      [UAV LAND] white_uav9->white_usv10
      [UAV RTB] white_uav6(电量70<3+300)
      [UAV LAND] white_uav6->white_usv3
      [UAV RTB] white_uav3(电量71<8+300)
      [UAV LAND] white_uav3->white_usv3
      [UAV RTB] white_uav7(电量72<5+300)
      [UAV LAND] white_uav7->white_usv3
      [UAV RTB] white_uav4(电量73<10+300)
      [UAV LAND] white_uav4->white_usv3
      [UAV RTB] white_uav1(电量74<3+300)
      [UAV LAND] white_uav1->white_usv3
      [UAV RTB] white_uav10(电量75<15+300)
      [UAV LAND] white_uav10->white_usv3
      [UAV RTB] white_uav2(电量35<8+300)
      [UAV LAND] white_uav2->white_usv3
      [UAV RTB] white_uav5(电量36<4+300)
      [UAV LAND] white_uav5->white_usv3
      [UAV RTB] white_uav8(电量37<17+300)
      [UAV LAND] white_uav8->white_usv1
      [UAV RTB] white_uav9(电量37<1+300)
      [UAV LAND] white_uav9->white_usv10
      [UAV RTB] white_uav6(电量38<10+300)
      [UAV LAND] white_uav6->white_usv3
      [UAV RTB] white_uav3(电量39<18+300)
      [UAV LAND] white_uav3->white_usv3
      [UAV RTB] white_uav7(电量40<16+300)
      [UAV LAND] white_uav7->white_usv3
      [UAV RTB] white_uav4(电量41<3+300)
      [UAV LAND] white_uav4->white_usv3
      [UAV RTB] white_uav1(电量42<2+300)
      [UAV LAND] white_uav1->white_usv3
      [UAV RTB] white_uav10(电量43<6+300)
      [UAV LAND] white_uav10->white_usv3
[t=24,978s] step=710 | MISSION=NORMAL_C | USV: 6/10 (avail=3 int=3 lock=0 frz=0) | UAV: air=0 rtb=0 chg=10 loiter=0 | TRACKS: vis=1 lost=0 engaged=0 | TOP: black_usv2(x69,076) | KILL=17 | ACTIONS=16 | INTENT: focus=2 ratio=0.20
[t=25,200s] step=720 | MISSION=NORMAL_C | USV: 6/10 (avail=3 int=3 lock=0 frz=0) | UAV: air=0 rtb=0 chg=0 loiter=0 | TRACKS: vis=1 lost=0 engaged=0 | TOP: black_usv2(x67,218) | KILL=17 | ACTIONS=6 | INTENT: focus=2 ratio=0.20
[t=25,409s] step=730 | MISSION=NORMAL_C | USV: 6/10 (avail=3 int=3 lock=0 frz=0) | UAV: air=0 rtb=0 chg=0 loiter=0 | TRACKS: vis=1 lost=0 engaged=0 | TOP: black_usv2(x66,821) | KILL=17 | ACTIONS=6 | INTENT: focus=2 ratio=0.20
[t=25,623s] step=740 | MISSION=NORMAL_C | USV: 6/10 (avail=3 int=2 lock=1 frz=0) | UAV: air=0 rtb=0 chg=0 loiter=0 | TRACKS: vis=1 lost=0 engaged=1 | TOP: black_usv2(x66,574) | KILL=17 | ACTIONS=6 | INTENT: focus=2 ratio=0.20
[t=25,844s] step=750 | MISSION=NORMAL_C | USV: 6/10 (avail=3 int=0 lock=3 frz=0) | UAV: air=0 rtb=0 chg=0 loiter=0 | TRACKS: vis=1 lost=0 engaged=1 | TOP: black_usv2(x66,459) | KILL=17 | ACTIONS=6 | INTENT: focus=2 ratio=0.20
[t=26,058s] step=760 | MISSION=NORMAL_C | USV: 6/10 (avail=3 int=3 lock=0 frz=0) | UAV: air=0 rtb=0 chg=0 loiter=0 | TRACKS: vis=1 lost=0 engaged=0 | TOP: black_usv2(x66,453) | KILL=18 | ACTIONS=6 | INTENT: focus=2 ratio=0.20
[t=26,310s] step=770 | MISSION=NORMAL_C | USV: 6/10 (avail=3 int=3 lock=0 frz=0) | UAV: air=0 rtb=0 chg=0 loiter=0 | TRACKS: vis=1 lost=0 engaged=0 | TOP: black_usv2(x66,453) | KILL=18 | ACTIONS=6 | INTENT: focus=2 ratio=0.20
[t=26,543s] step=780 | MISSION=NORMAL_C | USV: 6/10 (avail=3 int=3 lock=0 frz=0) | UAV: air=0 rtb=0 chg=0 loiter=0 | TRACKS: vis=1 lost=0 engaged=0 | TOP: black_usv2(x66,453) | KILL=18 | ACTIONS=6 | INTENT: focus=2 ratio=0.20
      [KILL] black_usv2
      [RELEASE] white_usv10->black_usv2(目标失效)
      [RELEASE] white_usv2->black_usv2(目标失效)
      [RELEASE] white_usv3->black_usv2(目标失效)
[t=26,761s] step=790 | MISSION=GLOBAL_R | USV: 5/10 (avail=5 int=0 lock=0 frz=0) | UAV: air=0 rtb=0 chg=0 loiter=0 | TRACKS: vis=0 lost=0 engaged=0 | TOP:  | KILL=18 | ACTIONS=5 | INTENT: focus=2 ratio=0.20
[t=26,967s] step=800 | MISSION=GLOBAL_R | USV: 5/10 (avail=5 int=0 lock=0 frz=0) | UAV: air=0 rtb=0 chg=0 loiter=0 | TRACKS: vis=0 lost=0 engaged=0 | TOP:  | KILL=18 | ACTIONS=5 | INTENT: focus=2 ratio=0.20
[t=27,175s] step=810 | MISSION=GLOBAL_R | USV: 5/10 (avail=5 int=0 lock=0 frz=0) | UAV: air=0 rtb=0 chg=0 loiter=0 | TRACKS: vis=0 lost=0 engaged=0 | TOP:  | KILL=18 | ACTIONS=5 | INTENT: focus=2 ratio=0.20
[t=27,377s] step=820 | MISSION=GLOBAL_R | USV: 5/10 (avail=5 int=0 lock=0 frz=0) | UAV: air=0 rtb=0 chg=0 loiter=0 | TRACKS: vis=0 lost=0 engaged=0 | TOP:  | KILL=18 | ACTIONS=5 | INTENT: focus=2 ratio=0.20
[t=27,587s] step=830 | MISSION=GLOBAL_R | USV: 5/10 (avail=5 int=0 lock=0 frz=0) | UAV: air=0 rtb=0 chg=0 loiter=0 | TRACKS: vis=0 lost=0 engaged=0 | TOP:  | KILL=18 | ACTIONS=5 | INTENT: focus=2 ratio=0.20
[t=27,795s] step=840 | MISSION=GLOBAL_R | USV: 5/10 (avail=5 int=0 lock=0 frz=0) | UAV: air=0 rtb=0 chg=0 loiter=0 | TRACKS: vis=0 lost=0 engaged=0 | TOP:  | KILL=18 | ACTIONS=5 | INTENT: focus=2 ratio=0.20
[t=28,005s] step=850 | MISSION=GLOBAL_R | USV: 5/10 (avail=5 int=0 lock=0 frz=0) | UAV: air=0 rtb=0 chg=0 loiter=0 | TRACKS: vis=0 lost=0 engaged=0 | TOP:  | KILL=18 | ACTIONS=5 | INTENT: focus=2 ratio=0.20
[t=28,221s] step=860 | MISSION=GLOBAL_R | USV: 5/10 (avail=5 int=0 lock=0 frz=0) | UAV: air=0 rtb=0 chg=0 loiter=0 | TRACKS: vis=0 lost=0 engaged=0 | TOP:  | KILL=18 | ACTIONS=5 | INTENT: focus=2 ratio=0.20
[t=28,433s] step=870 | MISSION=GLOBAL_R | USV: 5/10 (avail=5 int=0 lock=0 frz=0) | UAV: air=0 rtb=0 chg=0 loiter=0 | TRACKS: vis=0 lost=0 engaged=0 | TOP:  | KILL=18 | ACTIONS=5 | INTENT: focus=2 ratio=0.20
[t=28,645s] step=880 | MISSION=GLOBAL_R | USV: 5/10 (avail=5 int=0 lock=0 frz=0) | UAV: air=0 rtb=0 chg=0 loiter=0 | TRACKS: vis=0 lost=0 engaged=0 | TOP:  | KILL=18 | ACTIONS=5 | INTENT: focus=2 ratio=0.20
[t=28,862s] step=890 | MISSION=GLOBAL_R | USV: 5/10 (avail=5 int=0 lock=0 frz=0) | UAV: air=0 rtb=0 chg=0 loiter=0 | TRACKS: vis=0 lost=0 engaged=0 | TOP:  | KILL=18 | ACTIONS=5 | INTENT: focus=2 ratio=0.20
[t=29,080s] step=900 | MISSION=GLOBAL_R | USV: 5/10 (avail=5 int=0 lock=0 frz=0) | UAV: air=0 rtb=0 chg=0 loiter=0 | TRACKS: vis=0 lost=0 engaged=0 | TOP:  | KILL=18 | ACTIONS=5 | INTENT: focus=2 ratio=0.20
[t=29,292s] step=910 | MISSION=GLOBAL_R | USV: 5/10 (avail=5 int=0 lock=0 frz=0) | UAV: air=0 rtb=0 chg=0 loiter=0 | TRACKS: vis=0 lost=0 engaged=0 | TOP:  | KILL=18 | ACTIONS=5 | INTENT: focus=2 ratio=0.20
[t=29,493s] step=920 | MISSION=GLOBAL_R | USV: 5/10 (avail=5 int=0 lock=0 frz=0) | UAV: air=0 rtb=0 chg=0 loiter=0 | TRACKS: vis=0 lost=0 engaged=0 | TOP:  | KILL=18 | ACTIONS=5 | INTENT: focus=2 ratio=0.20
[t=29,695s] step=930 | MISSION=GLOBAL_R | USV: 5/10 (avail=5 int=0 lock=0 frz=0) | UAV: air=0 rtb=0 chg=0 loiter=0 | TRACKS: vis=0 lost=0 engaged=0 | TOP:  | KILL=18 | ACTIONS=5 | INTENT: focus=2 ratio=0.20
[t=29,899s] step=940 | MISSION=GLOBAL_R | USV: 5/10 (avail=5 int=0 lock=0 frz=0) | UAV: air=0 rtb=0 chg=0 loiter=0 | TRACKS: vis=0 lost=0 engaged=0 | TOP:  | KILL=18 | ACTIONS=5 | INTENT: focus=2 ratio=0.20
[t=30,120s] step=950 | MISSION=GLOBAL_R | USV: 5/10 (avail=5 int=0 lock=0 frz=0) | UAV: air=0 rtb=0 chg=0 loiter=0 | TRACKS: vis=0 lost=0 engaged=0 | TOP:  | KILL=18 | ACTIONS=5 | INTENT: focus=2 ratio=0.20
[t=30,336s] step=960 | MISSION=GLOBAL_R | USV: 5/10 (avail=5 int=0 lock=0 frz=0) | UAV: air=0 rtb=0 chg=0 loiter=0 | TRACKS: vis=0 lost=0 engaged=0 | TOP:  | KILL=18 | ACTIONS=5 | INTENT: focus=2 ratio=0.20
[t=30,552s] step=970 | MISSION=GLOBAL_R | USV: 5/10 (avail=5 int=0 lock=0 frz=0) | UAV: air=0 rtb=0 chg=0 loiter=0 | TRACKS: vis=0 lost=0 engaged=0 | TOP:  | KILL=18 | ACTIONS=5 | INTENT: focus=2 ratio=0.20
[t=30,764s] step=980 | MISSION=GLOBAL_R | USV: 5/10 (avail=5 int=0 lock=0 frz=0) | UAV: air=0 rtb=0 chg=0 loiter=0 | TRACKS: vis=0 lost=0 engaged=0 | TOP:  | KILL=18 | ACTIONS=5 | INTENT: focus=2 ratio=0.20
[t=30,977s] step=990 | MISSION=GLOBAL_R | USV: 5/10 (avail=5 int=0 lock=0 frz=0) | UAV: air=0 rtb=0 chg=0 loiter=0 | TRACKS: vis=0 lost=0 engaged=0 | TOP:  | KILL=18 | ACTIONS=5 | INTENT: focus=2 ratio=0.20
[t=31,193s] step=1000 | MISSION=GLOBAL_R | USV: 5/10 (avail=5 int=0 lock=0 frz=0) | UAV: air=0 rtb=0 chg=0 loiter=0 | TRACKS: vis=0 lost=0 engaged=0 | TOP:  | KILL=18 | ACTIONS=5 | INTENT: focus=2 ratio=0.20
[t=31,408s] step=1010 | MISSION=GLOBAL_R | USV: 5/10 (avail=5 int=0 lock=0 frz=0) | UAV: air=0 rtb=0 chg=0 loiter=0 | TRACKS: vis=0 lost=0 engaged=0 | TOP:  | KILL=18 | ACTIONS=5 | INTENT: focus=2 ratio=0.20
[t=31,617s] step=1020 | MISSION=GLOBAL_R | USV: 5/10 (avail=5 int=0 lock=0 frz=0) | UAV: air=0 rtb=0 chg=0 loiter=0 | TRACKS: vis=0 lost=0 engaged=0 | TOP:  | KILL=18 | ACTIONS=5 | INTENT: focus=2 ratio=0.20
[t=31,835s] step=1030 | MISSION=GLOBAL_R | USV: 5/10 (avail=5 int=0 lock=0 frz=0) | UAV: air=0 rtb=0 chg=0 loiter=0 | TRACKS: vis=0 lost=0 engaged=0 | TOP:  | KILL=18 | ACTIONS=5 | INTENT: focus=2 ratio=0.20
[t=32,049s] step=1040 | MISSION=GLOBAL_R | USV: 5/10 (avail=5 int=0 lock=0 frz=0) | UAV: air=0 rtb=0 chg=0 loiter=0 | TRACKS: vis=0 lost=0 engaged=0 | TOP:  | KILL=18 | ACTIONS=5 | INTENT: focus=2 ratio=0.20
[t=32,265s] step=1050 | MISSION=GLOBAL_R | USV: 5/10 (avail=5 int=0 lock=0 frz=0) | UAV: air=0 rtb=0 chg=0 loiter=0 | TRACKS: vis=0 lost=0 engaged=0 | TOP:  | KILL=18 | ACTIONS=5 | INTENT: focus=2 ratio=0.20
[t=32,475s] step=1060 | MISSION=GLOBAL_R | USV: 5/10 (avail=5 int=0 lock=0 frz=0) | UAV: air=0 rtb=0 chg=0 loiter=0 | TRACKS: vis=0 lost=0 engaged=0 | TOP:  | KILL=18 | ACTIONS=5 | INTENT: focus=2 ratio=0.20
[t=32,681s] step=1070 | MISSION=GLOBAL_R | USV: 5/10 (avail=5 int=0 lock=0 frz=0) | UAV: air=0 rtb=0 chg=0 loiter=0 | TRACKS: vis=0 lost=0 engaged=0 | TOP:  | KILL=18 | ACTIONS=5 | INTENT: focus=2 ratio=0.20
[t=32,893s] step=1080 | MISSION=GLOBAL_R | USV: 5/10 (avail=5 int=0 lock=0 frz=0) | UAV: air=0 rtb=0 chg=0 loiter=0 | TRACKS: vis=0 lost=0 engaged=0 | TOP:  | KILL=18 | ACTIONS=5 | INTENT: focus=2 ratio=0.20
[t=33,102s] step=1090 | MISSION=GLOBAL_R | USV: 5/10 (avail=5 int=0 lock=0 frz=0) | UAV: air=0 rtb=0 chg=0 loiter=0 | TRACKS: vis=0 lost=0 engaged=0 | TOP:  | KILL=18 | ACTIONS=5 | INTENT: focus=2 ratio=0.20
[t=33,318s] step=1100 | MISSION=GLOBAL_R | USV: 5/10 (avail=5 int=0 lock=0 frz=0) | UAV: air=0 rtb=0 chg=0 loiter=0 | TRACKS: vis=0 lost=0 engaged=0 | TOP:  | KILL=18 | ACTIONS=5 | INTENT: focus=2 ratio=0.20
[t=33,538s] step=1110 | MISSION=GLOBAL_R | USV: 5/10 (avail=5 int=0 lock=0 frz=0) | UAV: air=0 rtb=0 chg=0 loiter=0 | TRACKS: vis=0 lost=0 engaged=0 | TOP:  | KILL=18 | ACTIONS=5 | INTENT: focus=2 ratio=0.20
[t=33,763s] step=1120 | MISSION=GLOBAL_R | USV: 5/10 (avail=5 int=0 lock=0 frz=0) | UAV: air=0 rtb=0 chg=0 loiter=0 | TRACKS: vis=0 lost=0 engaged=0 | TOP:  | KILL=18 | ACTIONS=5 | INTENT: focus=2 ratio=0.20
[t=33,981s] step=1130 | MISSION=GLOBAL_R | USV: 5/10 (avail=5 int=0 lock=0 frz=0) | UAV: air=0 rtb=0 chg=0 loiter=0 | TRACKS: vis=0 lost=0 engaged=0 | TOP:  | KILL=18 | ACTIONS=5 | INTENT: focus=2 ratio=0.20
[t=34,200s] step=1140 | MISSION=GLOBAL_R | USV: 5/10 (avail=5 int=0 lock=0 frz=0) | UAV: air=0 rtb=0 chg=0 loiter=0 | TRACKS: vis=0 lost=0 engaged=0 | TOP:  | KILL=18 | ACTIONS=5 | INTENT: focus=2 ratio=0.20
[t=34,424s] step=1150 | MISSION=GLOBAL_R | USV: 5/10 (avail=5 int=0 lock=0 frz=0) | UAV: air=0 rtb=0 chg=0 loiter=0 | TRACKS: vis=0 lost=0 engaged=0 | TOP:  | KILL=18 | ACTIONS=5 | INTENT: focus=2 ratio=0.20
[t=34,643s] step=1160 | MISSION=GLOBAL_R | USV: 5/10 (avail=5 int=0 lock=0 frz=0) | UAV: air=0 rtb=0 chg=0 loiter=0 | TRACKS: vis=0 lost=0 engaged=0 | TOP:  | KILL=18 | ACTIONS=5 | INTENT: focus=2 ratio=0.20
[t=34,863s] step=1170 | MISSION=GLOBAL_R | USV: 5/10 (avail=5 int=0 lock=0 frz=0) | UAV: air=0 rtb=0 chg=0 loiter=0 | TRACKS: vis=0 lost=0 engaged=0 | TOP:  | KILL=18 | ACTIONS=5 | INTENT: focus=2 ratio=0.20
[t=35,088s] step=1180 | MISSION=GLOBAL_R | USV: 5/10 (avail=5 int=0 lock=0 frz=0) | UAV: air=0 rtb=0 chg=0 loiter=0 | TRACKS: vis=0 lost=0 engaged=0 | TOP:  | KILL=18 | ACTIONS=5 | INTENT: focus=2 ratio=0.20
[t=35,312s] step=1190 | MISSION=GLOBAL_R | USV: 5/10 (avail=5 int=0 lock=0 frz=0) | UAV: air=0 rtb=0 chg=0 loiter=0 | TRACKS: vis=0 lost=0 engaged=0 | TOP:  | KILL=18 | ACTIONS=5 | INTENT: focus=2 ratio=0.20
[t=35,529s] step=1200 | MISSION=GLOBAL_R | USV: 5/10 (avail=5 int=0 lock=0 frz=0) | UAV: air=0 rtb=0 chg=0 loiter=0 | TRACKS: vis=0 lost=0 engaged=0 | TOP:  | KILL=18 | ACTIONS=5 | INTENT: focus=2 ratio=0.20
[t=35,752s] step=1210 | MISSION=GLOBAL_R | USV: 5/10 (avail=5 int=0 lock=0 frz=0) | UAV: air=0 rtb=0 chg=0 loiter=0 | TRACKS: vis=0 lost=0 engaged=0 | TOP:  | KILL=18 | ACTIONS=5 | INTENT: focus=2 ratio=0.20
[t=35,977s] step=1220 | MISSION=GLOBAL_R | USV: 5/10 (avail=5 int=0 lock=0 frz=0) | UAV: air=0 rtb=0 chg=0 loiter=0 | TRACKS: vis=0 lost=0 engaged=0 | TOP:  | KILL=18 | ACTIONS=5 | INTENT: focus=2 ratio=0.20
[t=36,194s] step=1230 | MISSION=GLOBAL_R | USV: 5/10 (avail=5 int=0 lock=0 frz=0) | UAV: air=0 rtb=0 chg=0 loiter=0 | TRACKS: vis=0 lost=0 engaged=0 | TOP:  | KILL=18 | ACTIONS=5 | INTENT: focus=2 ratio=0.20
[t=36,415s] step=1240 | MISSION=GLOBAL_R | USV: 5/10 (avail=5 int=0 lock=0 frz=0) | UAV: air=0 rtb=0 chg=0 loiter=0 | TRACKS: vis=0 lost=0 engaged=0 | TOP:  | KILL=18 | ACTIONS=5 | INTENT: focus=2 ratio=0.20
[t=36,641s] step=1250 | MISSION=GLOBAL_R | USV: 5/10 (avail=5 int=0 lock=0 frz=0) | UAV: air=0 rtb=0 chg=0 loiter=0 | TRACKS: vis=0 lost=0 engaged=0 | TOP:  | KILL=18 | ACTIONS=5 | INTENT: focus=2 ratio=0.20
[t=36,865s] step=1260 | MISSION=GLOBAL_R | USV: 5/10 (avail=5 int=0 lock=0 frz=0) | UAV: air=0 rtb=0 chg=0 loiter=0 | TRACKS: vis=0 lost=0 engaged=0 | TOP:  | KILL=18 | ACTIONS=5 | INTENT: focus=2 ratio=0.20
[t=37,082s] step=1270 | MISSION=GLOBAL_R | USV: 5/10 (avail=5 int=0 lock=0 frz=0) | UAV: air=0 rtb=0 chg=0 loiter=0 | TRACKS: vis=0 lost=0 engaged=0 | TOP:  | KILL=18 | ACTIONS=5 | INTENT: focus=2 ratio=0.20
[t=37,308s] step=1280 | MISSION=GLOBAL_R | USV: 5/10 (avail=5 int=0 lock=0 frz=0) | UAV: air=0 rtb=0 chg=0 loiter=0 | TRACKS: vis=0 lost=0 engaged=0 | TOP:  | KILL=18 | ACTIONS=5 | INTENT: focus=2 ratio=0.20
[t=37,534s] step=1290 | MISSION=GLOBAL_R | USV: 5/10 (avail=5 int=0 lock=0 frz=0) | UAV: air=0 rtb=0 chg=0 loiter=0 | TRACKS: vis=0 lost=0 engaged=0 | TOP:  | KILL=18 | ACTIONS=5 | INTENT: focus=2 ratio=0.20
[t=37,752s] step=1300 | MISSION=GLOBAL_R | USV: 5/10 (avail=5 int=0 lock=0 frz=0) | UAV: air=0 rtb=0 chg=0 loiter=0 | TRACKS: vis=0 lost=0 engaged=0 | TOP:  | KILL=18 | ACTIONS=5 | INTENT: focus=2 ratio=0.20
[t=37,964s] step=1310 | MISSION=GLOBAL_R | USV: 5/10 (avail=5 int=0 lock=0 frz=0) | UAV: air=0 rtb=0 chg=0 loiter=0 | TRACKS: vis=0 lost=0 engaged=0 | TOP:  | KILL=18 | ACTIONS=5 | INTENT: focus=2 ratio=0.20
[t=38,183s] step=1320 | MISSION=GLOBAL_R | USV: 5/10 (avail=5 int=0 lock=0 frz=0) | UAV: air=0 rtb=0 chg=0 loiter=0 | TRACKS: vis=0 lost=0 engaged=0 | TOP:  | KILL=18 | ACTIONS=5 | INTENT: focus=2 ratio=0.20
[t=38,400s] step=1330 | MISSION=GLOBAL_R | USV: 5/10 (avail=5 int=0 lock=0 frz=0) | UAV: air=0 rtb=0 chg=0 loiter=0 | TRACKS: vis=0 lost=0 engaged=0 | TOP:  | KILL=18 | ACTIONS=5 | INTENT: focus=2 ratio=0.20
[t=38,620s] step=1340 | MISSION=GLOBAL_R | USV: 5/10 (avail=5 int=0 lock=0 frz=0) | UAV: air=0 rtb=0 chg=0 loiter=0 | TRACKS: vis=0 lost=0 engaged=0 | TOP:  | KILL=18 | ACTIONS=5 | INTENT: focus=2 ratio=0.20
[t=38,845s] step=1350 | MISSION=GLOBAL_R | USV: 5/10 (avail=5 int=0 lock=0 frz=0) | UAV: air=0 rtb=0 chg=0 loiter=0 | TRACKS: vis=0 lost=0 engaged=0 | TOP:  | KILL=18 | ACTIONS=5 | INTENT: focus=2 ratio=0.20
[t=39,070s] step=1360 | MISSION=TERMINAL | USV: 5/10 (avail=5 int=0 lock=0 frz=0) | UAV: air=0 rtb=0 chg=0 loiter=0 | TRACKS: vis=0 lost=0 engaged=0 | TOP:  | KILL=19 | ACTIONS=5 | INTENT: focus=2 ratio=0.20

========================================================================
对局结果: Result.Victory — 敌方所有单位被击毁
  击杀蓝舰: 20 | 命中: 36 | 我方USV损失: 5 | UAV损失: 10 | 突破: 2
[META] result=Result.Victory victory_time=39070 first_detection=1853 first_lock=7398 first_kill=8345 enemy_kills=20 friendly_usv_losses=5 friendly_uav_losses=10 black_breakthrough=2 reacquire_attempts=294 reacquire_success=292 sensor_assisted_locks=89 low_conf_commitments=0 global_reacquire_entries=9 global_reacquire_success=8 coverage_collapse_events=89 active_clusters_max=1 coverage_quality_final=0.13 commander_source=default_intent commander_calls=0 commander_changes=0 commander_no_change=0 commander_parse_failures=0 commander_api_failures=0 commander_policy_failures=0 commander_avg_latency=0.0
Done
