========================================================================
HYBRID AGENT V5 — Variable-Cardinality Hierarchical Maritime Agent
  启用UAV: True | LLM_ENABLED: False
========================================================================
对局 58 开始
      [UAV RELAUNCH] white_uav3
      [UAV RELAUNCH] white_uav6
      [UAV RELAUNCH] white_uav9
      [UAV RELAUNCH] white_uav7
      [UAV RELAUNCH] white_uav4
      [UAV RELAUNCH] white_uav10
      [UAV RELAUNCH] white_uav8
      [UAV RELAUNCH] white_uav5
      [UAV RELAUNCH] white_uav2
      [UAV RELAUNCH] white_uav1
[t=253s] step=10 | MISSION=NORMAL_C | USV: 10/10 (avail=10 int=0 lock=0 frz=0) | UAV: air=10 rtb=0 chg=0 loiter=0 | TRACKS: vis=0 lost=0 engaged=0 | TOP:  | KILL=0 | ACTIONS=20 | INTENT: focus=2 ratio=0.20
  [INTENT APPLIED]
    ThreatAllocator: focus 2 emergency 3 reserve_ratio 0.20 reserve_usvs None bias breakthrough_eta
    UAVManager: mode search_and_reacquire uav_priority []
[t=531s] step=20 | MISSION=NORMAL_C | USV: 10/10 (avail=10 int=0 lock=0 frz=0) | UAV: air=10 rtb=0 chg=0 loiter=0 | TRACKS: vis=0 lost=0 engaged=0 | TOP:  | KILL=0 | ACTIONS=20 | INTENT: focus=2 ratio=0.20
[t=808s] step=30 | MISSION=NORMAL_C | USV: 10/10 (avail=10 int=0 lock=0 frz=0) | UAV: air=10 rtb=0 chg=0 loiter=0 | TRACKS: vis=0 lost=0 engaged=0 | TOP:  | KILL=0 | ACTIONS=20 | INTENT: focus=2 ratio=0.20
[t=1,076s] step=40 | MISSION=NORMAL_C | USV: 10/10 (avail=10 int=0 lock=0 frz=0) | UAV: air=10 rtb=0 chg=0 loiter=0 | TRACKS: vis=0 lost=0 engaged=0 | TOP:  | KILL=0 | ACTIONS=20 | INTENT: focus=2 ratio=0.20
[t=1,282s] step=50 | MISSION=NORMAL_C | USV: 10/10 (avail=10 int=0 lock=0 frz=0) | UAV: air=10 rtb=0 chg=0 loiter=0 | TRACKS: vis=0 lost=0 engaged=0 | TOP:  | KILL=0 | ACTIONS=20 | INTENT: focus=2 ratio=0.20
[t=1,534s] step=60 | MISSION=NORMAL_C | USV: 10/10 (avail=10 int=0 lock=0 frz=0) | UAV: air=10 rtb=0 chg=0 loiter=0 | TRACKS: vis=0 lost=0 engaged=0 | TOP:  | KILL=0 | ACTIONS=20 | INTENT: focus=2 ratio=0.20
[t=1,831s] step=70 | MISSION=NORMAL_C | USV: 10/10 (avail=10 int=0 lock=0 frz=0) | UAV: air=10 rtb=0 chg=0 loiter=0 | TRACKS: vis=0 lost=0 engaged=0 | TOP:  | KILL=0 | ACTIONS=20 | INTENT: focus=2 ratio=0.20
      [DETECT] black_usv11
      [DETECT] black_usv15
      [DETECT] black_usv9
      [DETECT] black_usv14
      [DETECT] black_usv7
      [DETECT] black_usv10
      [DETECT] black_usv12
      [DETECT] black_usv8
      [DETECT] black_usv13
      [ASSIGN] white_usv4->black_usv8
      [ASSIGN] white_usv7->black_usv13
      [ASSIGN] white_usv1->black_usv7
      [ASSIGN] white_usv2->black_usv14
      [ASSIGN] white_usv5->black_usv10
      [ASSIGN] white_usv8->black_usv12
      [ASSIGN] white_usv3->black_usv9
      [ASSIGN] white_usv6->black_usv11
      [DETECT] black_usv17
      [DETECT] black_usv4
      [DETECT] black_usv6
      [DETECT] black_usv16
      [DETECT] black_usv5
      [ASSIGN] white_usv9->black_usv17
      [ASSIGN] white_usv10->black_usv15
      [DETECT] black_usv3
      [DETECT] black_usv18
      [DETECT] black_usv19
      [DETECT] black_usv20
      [DETECT] black_usv2
      [DETECT] black_usv1
[t=2,133s] step=80 | MISSION=NORMAL_C | USV: 10/10 (avail=0 int=10 lock=0 frz=0) | UAV: air=10 rtb=0 chg=0 loiter=0 | TRACKS: vis=20 lost=0 engaged=0 | TOP: black_usv4(x240,745) black_usv6(x240,972) black_usv18(x241,064) | KILL=0 | ACTIONS=20 | INTENT: focus=2 ratio=0.20
[t=2,434s] step=90 | MISSION=NORMAL_C | USV: 10/10 (avail=0 int=10 lock=0 frz=0) | UAV: air=10 rtb=0 chg=0 loiter=0 | TRACKS: vis=20 lost=0 engaged=0 | TOP: black_usv4(x238,061) black_usv6(x238,323) black_usv18(x238,430) | KILL=0 | ACTIONS=20 | INTENT: focus=2 ratio=0.20
[t=2,727s] step=100 | MISSION=NORMAL_C | USV: 10/10 (avail=0 int=10 lock=0 frz=0) | UAV: air=10 rtb=0 chg=0 loiter=0 | TRACKS: vis=19 lost=1 engaged=0 | TOP: black_usv6(x235,745) black_usv18(x235,865) black_usv3(x237,337) | KILL=0 | ACTIONS=20 | INTENT: focus=2 ratio=0.20
[t=3,022s] step=110 | MISSION=NORMAL_C | USV: 10/10 (avail=0 int=10 lock=0 frz=0) | UAV: air=10 rtb=0 chg=0 loiter=0 | TRACKS: vis=16 lost=3 engaged=0 | TOP: black_usv6(x233,149) black_usv18(x233,283) black_usv3(x234,927) | KILL=0 | ACTIONS=20 | INTENT: focus=2 ratio=0.20
[t=3,322s] step=120 | MISSION=NORMAL_C | USV: 10/10 (avail=0 int=10 lock=0 frz=0) | UAV: air=10 rtb=0 chg=0 loiter=0 | TRACKS: vis=18 lost=1 engaged=0 | TOP: black_usv6(x230,509) black_usv18(x230,658) black_usv3(x232,476) | KILL=0 | ACTIONS=20 | INTENT: focus=2 ratio=0.20
[t=3,620s] step=130 | MISSION=NORMAL_C | USV: 10/10 (avail=0 int=10 lock=0 frz=0) | UAV: air=10 rtb=0 chg=0 loiter=0 | TRACKS: vis=19 lost=0 engaged=0 | TOP: black_usv6(x227,887) black_usv18(x228,049) black_usv3(x230,041) | KILL=0 | ACTIONS=20 | INTENT: focus=2 ratio=0.20
      [DETECT] black_usv1
[t=3,915s] step=140 | MISSION=NORMAL_C | USV: 10/10 (avail=0 int=10 lock=0 frz=0) | UAV: air=10 rtb=0 chg=0 loiter=0 | TRACKS: vis=17 lost=3 engaged=0 | TOP: black_usv6(x225,291) black_usv18(x225,467) black_usv3(x227,631) | KILL=0 | ACTIONS=20 | INTENT: focus=2 ratio=0.20
[t=4,215s] step=150 | MISSION=NORMAL_C | USV: 10/10 (avail=0 int=10 lock=0 frz=0) | UAV: air=10 rtb=0 chg=0 loiter=0 | TRACKS: vis=17 lost=1 engaged=0 | TOP: black_usv6(x222,651) black_usv18(x222,842) black_usv3(x225,180) | KILL=0 | ACTIONS=20 | INTENT: focus=2 ratio=0.20
[t=4,525s] step=160 | MISSION=NORMAL_C | USV: 10/10 (avail=0 int=10 lock=0 frz=0) | UAV: air=10 rtb=0 chg=0 loiter=0 | TRACKS: vis=17 lost=0 engaged=0 | TOP: black_usv6(x219,923) black_usv18(x220,128) black_usv3(x222,647) | KILL=0 | ACTIONS=20 | INTENT: focus=2 ratio=0.20
[t=4,835s] step=170 | MISSION=NORMAL_C | USV: 10/10 (avail=0 int=10 lock=0 frz=0) | UAV: air=10 rtb=0 chg=0 loiter=0 | TRACKS: vis=17 lost=0 engaged=0 | TOP: black_usv3(x220,114) black_usv6(x216,952) black_usv18(x217,163) | KILL=0 | ACTIONS=20 | INTENT: focus=2 ratio=0.20
[t=5,142s] step=180 | MISSION=NORMAL_C | USV: 10/10 (avail=0 int=10 lock=0 frz=0) | UAV: air=10 rtb=0 chg=0 loiter=0 | TRACKS: vis=17 lost=0 engaged=0 | TOP: black_usv3(x217,606) black_usv6(x213,950) black_usv18(x214,203) | KILL=0 | ACTIONS=20 | INTENT: focus=2 ratio=0.20
      [DETECT] black_usv2
[t=5,434s] step=190 | MISSION=NORMAL_C | USV: 10/10 (avail=0 int=10 lock=0 frz=0) | UAV: air=10 rtb=0 chg=0 loiter=0 | TRACKS: vis=18 lost=0 engaged=0 | TOP: black_usv2(x218,870) black_usv3(x215,017) black_usv18(x211,664) | KILL=0 | ACTIONS=20 | INTENT: focus=2 ratio=0.20
[t=5,741s] step=200 | MISSION=NORMAL_C | USV: 10/10 (avail=0 int=10 lock=0 frz=0) | UAV: air=10 rtb=0 chg=0 loiter=0 | TRACKS: vis=17 lost=1 engaged=0 | TOP: black_usv2(x215,807) black_usv3(x211,948) black_usv18(x208,994) | KILL=0 | ACTIONS=20 | INTENT: focus=2 ratio=0.20
      [DETECT] black_usv1
[t=6,047s] step=210 | MISSION=NORMAL_C | USV: 10/10 (avail=0 int=10 lock=0 frz=0) | UAV: air=10 rtb=0 chg=0 loiter=0 | TRACKS: vis=14 lost=4 engaged=0 | TOP: black_usv2(x212,747) black_usv1(x216,356) black_usv3(x208,888) | KILL=0 | ACTIONS=20 | INTENT: focus=2 ratio=0.20
[t=6,351s] step=220 | MISSION=NORMAL_C | USV: 10/10 (avail=0 int=10 lock=0 frz=0) | UAV: air=10 rtb=0 chg=0 loiter=0 | TRACKS: vis=17 lost=1 engaged=0 | TOP: black_usv2(x210,085) black_usv1(x213,794) black_usv3(x206,118) | KILL=0 | ACTIONS=20 | INTENT: focus=2 ratio=0.20
[t=6,655s] step=230 | MISSION=NORMAL_C | USV: 10/10 (avail=0 int=10 lock=0 frz=0) | UAV: air=10 rtb=0 chg=0 loiter=0 | TRACKS: vis=18 lost=0 engaged=0 | TOP: black_usv2(x207,879) black_usv1(x211,805) black_usv3(x203,674) | KILL=0 | ACTIONS=20 | INTENT: focus=2 ratio=0.20
[t=6,959s] step=240 | MISSION=NORMAL_C | USV: 10/10 (avail=0 int=10 lock=0 frz=0) | UAV: air=10 rtb=0 chg=0 loiter=0 | TRACKS: vis=17 lost=1 engaged=0 | TOP: black_usv2(x205,673) black_usv1(x209,815) black_usv3(x201,230) | KILL=0 | ACTIONS=20 | INTENT: focus=2 ratio=0.20
[t=7,261s] step=250 | MISSION=NORMAL_C | USV: 10/10 (avail=0 int=10 lock=0 frz=0) | UAV: air=10 rtb=0 chg=0 loiter=0 | TRACKS: vis=17 lost=1 engaged=0 | TOP: black_usv2(x203,476) black_usv1(x207,835) black_usv3(x198,797) | KILL=0 | ACTIONS=20 | INTENT: focus=2 ratio=0.20
      [ASSIGN] white_usv5->black_usv8(机会锁定)
      [ASSIGN] white_usv3->black_usv8(机会锁定)
      [DETECT] black_usv20
      [DETECT] black_usv19
      [ASSIGN] white_usv6->black_usv13(机会锁定)
      [ASSIGN] white_usv8->black_usv13(机会锁定)
      [ASSIGN] white_usv10->black_usv17(机会锁定)
      [ASSIGN] white_usv1->black_usv10(机会锁定)
      [ASSIGN] white_usv2->black_usv13(机会锁定)
[t=7,570s] step=260 | MISSION=NORMAL_C | USV: 10/10 (avail=0 int=0 lock=10 frz=0) | UAV: air=10 rtb=0 chg=0 loiter=0 | TRACKS: vis=15 lost=5 engaged=4 | TOP: black_usv19(x195,417) black_usv20(x200,052) black_usv2(x201,239) | KILL=0 | ACTIONS=20 | INTENT: focus=2 ratio=0.20
      [ASSIGN] white_usv4->black_usv9(机会锁定)
      [ASSIGN] white_usv5->black_usv11(机会锁定)
      [ASSIGN] white_usv3->black_usv11(机会锁定)
      [ASSIGN] white_usv7->black_usv12(机会锁定)
      [ASSIGN] white_usv6->black_usv8(机会锁定)
      [ASSIGN] white_usv2->black_usv10(机会锁定)
      [ASSIGN] white_usv8->black_usv12(机会锁定)
      [ASSIGN] white_usv6->black_usv10(机会锁定)
      [ASSIGN] white_usv9->black_usv15(机会锁定)
      [ASSIGN] white_usv10->black_usv15(机会锁定)
      [ASSIGN] white_usv1->black_usv7(机会锁定)
[t=7,883s] step=270 | MISSION=NORMAL_C | USV: 10/10 (avail=0 int=0 lock=10 frz=0) | UAV: air=10 rtb=0 chg=0 loiter=0 | TRACKS: vis=16 lost=2 engaged=6 | TOP: black_usv2(x198,967) black_usv8(x183,886) black_usv13(x184,391) | KILL=3 | ACTIONS=20 | INTENT: focus=2 ratio=0.20
      [ASSIGN] white_usv4->black_usv8(机会锁定)
      [ASSIGN] white_usv4->black_usv9(机会锁定)
      [ASSIGN] white_usv5->black_usv9(机会锁定)
      [ASSIGN] white_usv3->black_usv9(机会锁定)
      [ASSIGN] white_usv7->black_usv13(机会锁定)
      [ASSIGN] white_usv7->black_usv11(机会锁定)
      [ASSIGN] white_usv2->black_usv11(机会锁定)
      [ASSIGN] white_usv8->black_usv11(机会锁定)
      [ASSIGN] white_usv6->black_usv11(机会锁定)
      [ASSIGN] white_usv9->black_usv16(机会锁定)
      [ASSIGN] white_usv10->black_usv16(机会锁定)
      [ASSIGN] white_usv7->black_usv13(机会锁定)
      [ASSIGN] white_usv1->black_usv6(机会锁定)
      [ASSIGN] white_usv2->black_usv13(机会锁定)
      [ASSIGN] white_usv8->black_usv12(机会锁定)
      [ASSIGN] white_usv6->black_usv13(机会锁定)
      [DETECT] black_usv1
      [ASSIGN] white_usv7->black_usv11(机会锁定)
      [ASSIGN] white_usv2->black_usv11(机会锁定)
      [ASSIGN] white_usv8->black_usv11(机会锁定)
      [ASSIGN] white_usv6->black_usv11(机会锁定)
      [DETECT] black_usv19
      [ASSIGN] white_usv7->black_usv13(机会锁定)
      [ASSIGN] white_usv2->black_usv13(机会锁定)
      [ASSIGN] white_usv8->black_usv12(机会锁定)
      [ASSIGN] white_usv6->black_usv13(机会锁定)
[t=8,238s] step=280 | MISSION=NORMAL_C | USV: 10/10 (avail=0 int=4 lock=6 frz=0) | UAV: air=10 rtb=0 chg=0 loiter=0 | TRACKS: vis=19 lost=0 engaged=3 | TOP: black_usv19(x188,997) black_usv1(x201,447) black_usv2(x196,391) | KILL=7 | ACTIONS=20 | INTENT: focus=2 ratio=0.20
      [ASSIGN] white_usv7->black_usv11(机会锁定)
      [ASSIGN] white_usv2->black_usv11(机会锁定)
      [ASSIGN] white_usv6->black_usv11(机会锁定)
      [KILL] black_usv8
      [ASSIGN] white_usv7->black_usv13(机会锁定)
      [ASSIGN] white_usv2->black_usv13(机会锁定)
      [ASSIGN] white_usv8->black_usv13(机会锁定)
      [ASSIGN] white_usv6->black_usv13(机会锁定)
      [ASSIGN] white_usv7->black_usv11(机会锁定)
      [ASSIGN] white_usv2->black_usv12(机会锁定)
      [ASSIGN] white_usv8->black_usv12(机会锁定)
      [ASSIGN] white_usv6->black_usv11(机会锁定)
      [KILL] black_usv13
      [KILL] black_usv17
      [ASSIGN] white_usv4->black_usv10(机会锁定)
      [ASSIGN] white_usv2->black_usv10(机会锁定)
      [ASSIGN] white_usv5->black_usv10(机会锁定)
      [ASSIGN] white_usv3->black_usv7(机会锁定)
      [ASSIGN] white_usv6->black_usv10(机会锁定)
      [ASSIGN] white_usv4->black_usv9(机会锁定)
      [ASSIGN] white_usv7->black_usv9(机会锁定)
      [ASSIGN] white_usv2->black_usv9(机会锁定)
      [ASSIGN] white_usv5->black_usv9(机会锁定)
      [ASSIGN] white_usv3->black_usv9(机会锁定)
      [ASSIGN] white_usv6->black_usv9(机会锁定)
      [ASSIGN] white_usv4->black_usv11(机会锁定)
      [ASSIGN] white_usv7->black_usv11(机会锁定)
      [ASSIGN] white_usv2->black_usv11(机会锁定)
      [ASSIGN] white_usv5->black_usv11(机会锁定)
      [ASSIGN] white_usv3->black_usv7(机会锁定)
      [ASSIGN] white_usv6->black_usv11(机会锁定)
      [ASSIGN] white_usv9->black_usv14(机会锁定)
      [ASSIGN] white_usv10->black_usv14(机会锁定)
      [ASSIGN] white_usv4->black_usv9(机会锁定)
      [ASSIGN] white_usv7->black_usv9(机会锁定)
      [ASSIGN] white_usv2->black_usv9(机会锁定)
      [ASSIGN] white_usv5->black_usv9(机会锁定)
      [ASSIGN] white_usv3->black_usv9(机会锁定)
      [ASSIGN] white_usv6->black_usv9(机会锁定)
      [ASSIGN] white_usv9->black_usv16(机会锁定)
      [ASSIGN] white_usv10->black_usv16(机会锁定)
      [ASSIGN] white_usv4->black_usv7(机会锁定)
      [ASSIGN] white_usv1->black_usv7(机会锁定)
      [ASSIGN] white_usv2->black_usv11(机会锁定)
      [ASSIGN] white_usv5->black_usv11(机会锁定)
      [ASSIGN] white_usv3->black_usv7(机会锁定)
      [ASSIGN] white_usv6->black_usv11(机会锁定)
      [ASSIGN] white_usv9->black_usv14(机会锁定)
      [ASSIGN] white_usv10->black_usv14(机会锁定)
      [ASSIGN] white_usv2->black_usv12(机会锁定)
      [ASSIGN] white_usv5->black_usv10(机会锁定)
      [ASSIGN] white_usv3->black_usv10(机会锁定)
      [ASSIGN] white_usv6->black_usv10(机会锁定)
      [ASSIGN] white_usv9->black_usv16(机会锁定)
      [ASSIGN] white_usv10->black_usv16(机会锁定)
      [ASSIGN] white_usv5->black_usv11(机会锁定)
      [ASSIGN] white_usv8->black_usv14(机会锁定)
      [ASSIGN] white_usv3->black_usv11(机会锁定)
      [ASSIGN] white_usv6->black_usv11(机会锁定)
      [ASSIGN] white_usv9->black_usv14(机会锁定)
      [ASSIGN] white_usv10->black_usv14(机会锁定)
[t=8,550s] step=290 | MISSION=NORMAL_C | USV: 10/10 (avail=0 int=8 lock=2 frz=0) | UAV: air=10 rtb=0 chg=0 loiter=0 | TRACKS: vis=12 lost=4 engaged=1 | TOP: black_usv19(x186,650) black_usv1(x198,932) black_usv2(x194,127) | KILL=9 | ACTIONS=20 | INTENT: focus=2 ratio=0.20
      [ASSIGN] white_usv5->black_usv9(机会锁定)
      [ASSIGN] white_usv8->black_usv12(机会锁定)
      [ASSIGN] white_usv3->black_usv10(机会锁定)
      [ASSIGN] white_usv6->black_usv10(机会锁定)
      [ASSIGN] white_usv9->black_usv16(机会锁定)
      [ASSIGN] white_usv10->black_usv16(机会锁定)
      [ASSIGN] white_usv7->black_usv11(机会锁定)
      [ASSIGN] white_usv8->black_usv14(机会锁定)
      [ASSIGN] white_usv3->black_usv9(机会锁定)
      [ASSIGN] white_usv6->black_usv11(机会锁定)
      [ASSIGN] white_usv9->black_usv14(机会锁定)
      [ASSIGN] white_usv10->black_usv14(机会锁定)
      [DETECT] black_usv19
      [ASSIGN] white_usv7->black_usv9(机会锁定)
      [KILL] black_usv11
      [ASSIGN] white_usv7->black_usv10(机会锁定)
      [ASSIGN] white_usv3->black_usv7(机会锁定)
      [KILL] black_usv12
      [ASSIGN] white_usv7->black_usv9(机会锁定)
      [RELEASE] white_usv2->black_usv12(目标失效)
      [ASSIGN] white_usv2->black_usv14(机会锁定)
      [KILL] black_usv15
      [KILL] black_usv10
      [ASSIGN] white_usv4->black_usv9(机会锁定)
      [ASSIGN] white_usv1->black_usv6(机会锁定)
      [ASSIGN] white_usv3->black_usv9(机会锁定)
      [ASSIGN] white_usv4->black_usv7(机会锁定)
      [ASSIGN] white_usv7->black_usv7(机会锁定)
      [ASSIGN] white_usv5->black_usv7(机会锁定)
      [ASSIGN] white_usv3->black_usv7(机会锁定)
[t=8,875s] step=300 | MISSION=NORMAL_C | USV: 9/10 (avail=0 int=4 lock=5 frz=0) | UAV: air=10 rtb=0 chg=0 loiter=0 | TRACKS: vis=10 lost=1 engaged=2 | TOP: black_usv19(x183,507) black_usv2(x190,830) black_usv5(x178,402) | KILL=10 | ACTIONS=19 | INTENT: focus=2 ratio=0.20
      [DETECT] black_usv20
      [ASSIGN] white_usv4->black_usv9(机会锁定)
      [ASSIGN] white_usv7->black_usv9(机会锁定)
      [ASSIGN] white_usv5->black_usv9(机会锁定)
      [ASSIGN] white_usv3->black_usv9(机会锁定)
      [ASSIGN] white_usv4->black_usv7(机会锁定)
      [ASSIGN] white_usv7->black_usv7(机会锁定)
      [ASSIGN] white_usv5->black_usv7(机会锁定)
      [ASSIGN] white_usv3->black_usv7(机会锁定)
      [KILL] black_usv9
      [ASSIGN] white_usv7->black_usv14(机会锁定)
      [ASSIGN] white_usv3->black_usv6(机会锁定)
      [ASSIGN] white_usv7->black_usv7(机会锁定)
      [DETECT] black_usv1
      [KILL] black_usv16
      [ASSIGN] white_usv7->black_usv14(机会锁定)
      [ASSIGN] white_usv5->black_usv6(机会锁定)
      [ASSIGN] white_usv7->black_usv7(机会锁定)
      [ASSIGN] white_usv1->black_usv5(机会锁定)
[t=9,248s] step=310 | MISSION=NORMAL_C | USV: 7/10 (avail=0 int=4 lock=3 frz=0) | UAV: air=10 rtb=0 chg=0 loiter=0 | TRACKS: vis=11 lost=0 engaged=2 | TOP: black_usv19(x179,786) black_usv20(x183,575) black_usv1(x192,989) | KILL=11 | ACTIONS=17 | INTENT: focus=2 ratio=0.20
      [ASSIGN] white_usv5->black_usv5(机会锁定)
      [ASSIGN] white_usv3->black_usv5(机会锁定)
      [ASSIGN] white_usv4->black_usv6(机会锁定)
      [ASSIGN] white_usv7->black_usv6(机会锁定)
      [ASSIGN] white_usv4->black_usv7(机会锁定)
      [ASSIGN] white_usv7->black_usv7(机会锁定)
      [KILL] black_usv7
      [RELEASE] white_usv4->black_usv7(目标失效)
      [ASSIGN] white_usv4->black_usv6(机会锁定)
      [RELEASE] white_usv7->black_usv7(目标失效)
      [ASSIGN] white_usv7->black_usv6(机会锁定)
      [ASSIGN] white_usv1->black_usv4(机会锁定)
      [KILL] black_usv14
      [RELEASE] white_usv2->black_usv14(目标失效)
      [RELEASE] white_usv8->black_usv14(目标失效)
      [ASSIGN] white_usv2->black_usv1
      [ASSIGN] white_usv8->black_usv19
      [ASSIGN] white_usv5->black_usv4(机会锁定)
      [ASSIGN] white_usv3->black_usv4(机会锁定)
[t=9,657s] step=320 | MISSION=NORMAL_C | USV: 7/10 (avail=0 int=6 lock=1 frz=0) | UAV: air=10 rtb=0 chg=0 loiter=0 | TRACKS: vis=9 lost=0 engaged=1 | TOP: black_usv18(x171,239) black_usv19(x175,696) black_usv3(x178,354) | KILL=12 | ACTIONS=17 | INTENT: focus=2 ratio=0.20
      [ASSIGN] white_usv4->black_usv5(机会锁定)
      [ASSIGN] white_usv7->black_usv5(机会锁定)
      [ASSIGN] white_usv5->black_usv6(机会锁定)
      [ASSIGN] white_usv1->black_usv6(机会锁定)
      [ASSIGN] white_usv1->black_usv4(机会锁定)
      [ASSIGN] white_usv5->black_usv4(机会锁定)
      [KILL] black_usv6
      [ASSIGN] white_usv8->black_usv18(机会锁定)
      [ASSIGN] white_usv3->black_usv5(机会锁定)
      [ASSIGN] white_usv3->black_usv4(机会锁定)
[t=10,033s] step=330 | MISSION=NORMAL_C | USV: 7/10 (avail=0 int=4 lock=3 frz=0) | UAV: air=10 rtb=0 chg=0 loiter=0 | TRACKS: vis=8 lost=0 engaged=2 | TOP: black_usv19(x171,936) black_usv3(x175,203) black_usv20(x177,247) | KILL=13 | ACTIONS=17 | INTENT: focus=2 ratio=0.20
      [ASSIGN] white_usv1->black_usv5(机会锁定)
      [ASSIGN] white_usv5->black_usv5(机会锁定)
      [ASSIGN] white_usv3->black_usv5(机会锁定)
      [ASSIGN] white_usv1->black_usv4(机会锁定)
      [ASSIGN] white_usv3->black_usv4(机会锁定)
      [ASSIGN] white_usv2->black_usv5(机会锁定)
[t=10,400s] step=340 | MISSION=NORMAL_C | USV: 4/10 (avail=0 int=3 lock=1 frz=0) | UAV: air=10 rtb=0 chg=0 loiter=0 | TRACKS: vis=8 lost=0 engaged=1 | TOP: black_usv19(x168,266) black_usv4(x169,036) black_usv3(x171,744) | KILL=14 | ACTIONS=14 | INTENT: focus=2 ratio=0.20
      [KILL] black_usv5
      [RELEASE] white_usv4->black_usv5(目标失效)
      [ASSIGN] white_usv4->black_usv4(机会锁定)
      [RELEASE] white_usv7->black_usv5(目标失效)
      [RELEASE] white_usv2->black_usv5(目标失效)
      [ASSIGN] white_usv7->black_usv19
      [ASSIGN] white_usv2->black_usv3
      [ASSIGN] white_usv2->black_usv4(机会锁定)
      [KILL] black_usv4
      [RELEASE] white_usv4->black_usv4(目标失效)
      [RELEASE] white_usv2->black_usv4(目标失效)
      [ASSIGN] white_usv4->black_usv3
      [ASSIGN] white_usv2->black_usv20
[t=10,855s] step=350 | MISSION=NORMAL_C | USV: 4/10 (avail=2 int=2 lock=0 frz=0) | UAV: air=10 rtb=0 chg=0 loiter=0 | TRACKS: vis=6 lost=0 engaged=0 | TOP: black_usv19(x163,862) black_usv2(x174,682) black_usv1(x181,857) | KILL=15 | ACTIONS=14 | INTENT: focus=2 ratio=0.20
      [KILL] black_usv18
      [RELEASE] white_usv8->black_usv18(目标失效)
      [ASSIGN] white_usv8->black_usv19(机会锁定)
[t=11,296s] step=360 | MISSION=NORMAL_C | USV: 4/10 (avail=0 int=3 lock=1 frz=0) | UAV: air=10 rtb=0 chg=0 loiter=0 | TRACKS: vis=5 lost=0 engaged=1 | TOP: black_usv2(x170,278) black_usv1(x177,814) black_usv19(x159,468) | KILL=15 | ACTIONS=14 | INTENT: focus=2 ratio=0.20
      [RELEASE] white_usv2->black_usv20(目标失效)
      [ASSIGN] white_usv2->black_usv2
[t=11,744s] step=370 | MISSION=NORMAL_C | USV: 4/10 (avail=0 int=2 lock=2 frz=0) | UAV: air=10 rtb=0 chg=0 loiter=0 | TRACKS: vis=4 lost=0 engaged=2 | TOP: black_usv19(x156,717) black_usv3(x158,658) black_usv1(x174,622) | KILL=15 | ACTIONS=14 | INTENT: focus=2 ratio=0.20
[t=12,186s] step=380 | MISSION=NORMAL_C | USV: 4/10 (avail=0 int=3 lock=1 frz=0) | UAV: air=10 rtb=0 chg=0 loiter=0 | TRACKS: vis=4 lost=0 engaged=1 | TOP: black_usv3(x157,258) black_usv1(x171,204) black_usv19(x156,147) | KILL=16 | ACTIONS=14 | INTENT: focus=2 ratio=0.20
      [KILL] black_usv19
      [RELEASE] white_usv7->black_usv19(目标失效)
      [RELEASE] white_usv8->black_usv19(目标失效)
      [ASSIGN] white_usv7->black_usv1
      [ASSIGN] white_usv8->black_usv3
[t=12,673s] step=390 | MISSION=NORMAL_C | USV: 4/10 (avail=0 int=4 lock=0 frz=0) | UAV: air=10 rtb=0 chg=0 loiter=0 | TRACKS: vis=3 lost=0 engaged=0 | TOP: black_usv1(x166,467) black_usv2(x158,453) black_usv3(x157,178) | KILL=17 | ACTIONS=14 | INTENT: focus=2 ratio=0.20
      [KILL] black_usv3
      [RELEASE] white_usv4->black_usv3(目标失效)
      [RELEASE] white_usv8->black_usv3(目标失效)
      [ASSIGN] white_usv4->black_usv2
      [ASSIGN] white_usv8->black_usv1
[t=13,168s] step=400 | MISSION=NORMAL_C | USV: 4/10 (avail=0 int=4 lock=0 frz=0) | UAV: air=10 rtb=0 chg=0 loiter=0 | TRACKS: vis=0 lost=2 engaged=0 | TOP: black_usv2(x153,835) black_usv1(x161,520) | KILL=17 | ACTIONS=14 | INTENT: focus=2 ratio=0.20
[t=13,652s] step=410 | MISSION=NORMAL_C | USV: 4/10 (avail=0 int=4 lock=0 frz=0) | UAV: air=10 rtb=0 chg=0 loiter=0 | TRACKS: vis=1 lost=1 engaged=0 | TOP: black_usv2(x149,165) black_usv1(x157,913) | KILL=17 | ACTIONS=14 | INTENT: focus=2 ratio=0.20
      [RELEASE] white_usv4->black_usv2(目标失效)
      [RELEASE] white_usv2->black_usv2(目标失效)
      [DETECT] black_usv2
      [ASSIGN] white_usv4->black_usv2(机会锁定)
      [ASSIGN] white_usv2->black_usv2
      [RELEASE] white_usv7->black_usv1(目标失效)
      [RELEASE] white_usv8->black_usv1(目标失效)
      [ASSIGN] white_usv7->black_usv2
[t=14,125s] step=420 | MISSION=NORMAL_C | USV: 4/10 (avail=1 int=2 lock=1 frz=0) | UAV: air=10 rtb=0 chg=0 loiter=0 | TRACKS: vis=1 lost=0 engaged=1 | TOP: black_usv2(x145,120) | KILL=17 | ACTIONS=14 | INTENT: focus=2 ratio=0.20
[t=14,620s] step=430 | MISSION=NORMAL_C | USV: 4/10 (avail=1 int=1 lock=2 frz=0) | UAV: air=10 rtb=0 chg=0 loiter=0 | TRACKS: vis=1 lost=0 engaged=1 | TOP: black_usv2(x143,614) | KILL=17 | ACTIONS=14 | INTENT: focus=2 ratio=0.20
[t=15,136s] step=440 | MISSION=NORMAL_C | USV: 4/10 (avail=1 int=3 lock=0 frz=0) | UAV: air=10 rtb=0 chg=0 loiter=0 | TRACKS: vis=1 lost=0 engaged=0 | TOP: black_usv2(x141,882) | KILL=18 | ACTIONS=14 | INTENT: focus=2 ratio=0.20
      [DETECT] black_usv1
      [ASSIGN] white_usv8->black_usv1
      [KILL] black_usv2
      [RELEASE] white_usv4->black_usv2(目标失效)
      [RELEASE] white_usv7->black_usv2(目标失效)
      [RELEASE] white_usv2->black_usv2(目标失效)
      [ASSIGN] white_usv4->black_usv1
      [ASSIGN] white_usv2->black_usv1
[t=15,635s] step=450 | MISSION=NORMAL_C | USV: 4/10 (avail=1 int=3 lock=0 frz=0) | UAV: air=10 rtb=0 chg=0 loiter=0 | TRACKS: vis=1 lost=0 engaged=0 | TOP: black_usv1(x142,069) | KILL=18 | ACTIONS=14 | INTENT: focus=2 ratio=0.20
[t=16,169s] step=460 | MISSION=NORMAL_C | USV: 4/10 (avail=1 int=3 lock=0 frz=0) | UAV: air=10 rtb=0 chg=0 loiter=0 | TRACKS: vis=1 lost=0 engaged=0 | TOP: black_usv1(x138,274) | KILL=18 | ACTIONS=14 | INTENT: focus=2 ratio=0.20
[t=16,707s] step=470 | MISSION=NORMAL_C | USV: 4/10 (avail=1 int=2 lock=1 frz=0) | UAV: air=10 rtb=0 chg=0 loiter=0 | TRACKS: vis=1 lost=0 engaged=1 | TOP: black_usv1(x135,103) | KILL=18 | ACTIONS=14 | INTENT: focus=2 ratio=0.20
[t=17,268s] step=480 | MISSION=NORMAL_C | USV: 4/10 (avail=1 int=3 lock=0 frz=0) | UAV: air=10 rtb=0 chg=0 loiter=0 | TRACKS: vis=1 lost=0 engaged=0 | TOP: black_usv1(x133,143) | KILL=19 | ACTIONS=14 | INTENT: focus=2 ratio=0.20
      [KILL] black_usv1
      [RELEASE] white_usv4->black_usv1(目标失效)
      [RELEASE] white_usv2->black_usv1(目标失效)
      [RELEASE] white_usv8->black_usv1(目标失效)
[t=17,880s] step=490 | MISSION=NORMAL_C | USV: 4/10 (avail=4 int=0 lock=0 frz=0) | UAV: air=10 rtb=0 chg=0 loiter=0 | TRACKS: vis=0 lost=0 engaged=0 | TOP:  | KILL=19 | ACTIONS=14 | INTENT: focus=2 ratio=0.20
[t=18,318s] step=500 | MISSION=GLOBAL_R | USV: 4/10 (avail=4 int=0 lock=0 frz=0) | UAV: air=10 rtb=0 chg=0 loiter=0 | TRACKS: vis=0 lost=0 engaged=0 | TOP:  | KILL=19 | ACTIONS=14 | INTENT: focus=2 ratio=0.20
[t=18,553s] step=510 | MISSION=GLOBAL_R | USV: 4/10 (avail=4 int=0 lock=0 frz=0) | UAV: air=10 rtb=0 chg=0 loiter=0 | TRACKS: vis=0 lost=0 engaged=0 | TOP:  | KILL=19 | ACTIONS=14 | INTENT: focus=2 ratio=0.20
[t=18,789s] step=520 | MISSION=GLOBAL_R | USV: 4/10 (avail=4 int=0 lock=0 frz=0) | UAV: air=10 rtb=0 chg=0 loiter=0 | TRACKS: vis=0 lost=0 engaged=0 | TOP:  | KILL=19 | ACTIONS=14 | INTENT: focus=2 ratio=0.20
[t=19,031s] step=530 | MISSION=GLOBAL_R | USV: 4/10 (avail=4 int=0 lock=0 frz=0) | UAV: air=10 rtb=0 chg=0 loiter=0 | TRACKS: vis=0 lost=0 engaged=0 | TOP:  | KILL=19 | ACTIONS=14 | INTENT: focus=2 ratio=0.20
[t=19,273s] step=540 | MISSION=GLOBAL_R | USV: 4/10 (avail=4 int=0 lock=0 frz=0) | UAV: air=10 rtb=0 chg=0 loiter=0 | TRACKS: vis=0 lost=0 engaged=0 | TOP:  | KILL=19 | ACTIONS=14 | INTENT: focus=2 ratio=0.20
[t=19,513s] step=550 | MISSION=GLOBAL_R | USV: 4/10 (avail=4 int=0 lock=0 frz=0) | UAV: air=10 rtb=0 chg=0 loiter=0 | TRACKS: vis=0 lost=0 engaged=0 | TOP:  | KILL=19 | ACTIONS=14 | INTENT: focus=2 ratio=0.20
[t=19,753s] step=560 | MISSION=GLOBAL_R | USV: 4/10 (avail=4 int=0 lock=0 frz=0) | UAV: air=10 rtb=0 chg=0 loiter=0 | TRACKS: vis=0 lost=0 engaged=0 | TOP:  | KILL=19 | ACTIONS=14 | INTENT: focus=2 ratio=0.20
[t=19,988s] step=570 | MISSION=GLOBAL_R | USV: 4/10 (avail=4 int=0 lock=0 frz=0) | UAV: air=10 rtb=0 chg=0 loiter=0 | TRACKS: vis=0 lost=0 engaged=0 | TOP:  | KILL=19 | ACTIONS=14 | INTENT: focus=2 ratio=0.20
      [DETECT] black_usv20
      [ASSIGN] white_usv7->black_usv20
      [ASSIGN] white_usv2->black_usv20
      [ASSIGN] white_usv8->black_usv20
[t=20,227s] step=580 | MISSION=NORMAL_C | USV: 4/10 (avail=1 int=3 lock=0 frz=0) | UAV: air=10 rtb=0 chg=0 loiter=0 | TRACKS: vis=0 lost=1 engaged=0 | TOP: black_usv20(x100,650) | KILL=19 | ACTIONS=14 | INTENT: focus=2 ratio=0.20
      [RELEASE] white_usv7->black_usv20(目标失效)
      [RELEASE] white_usv2->black_usv20(目标失效)
      [RELEASE] white_usv8->black_usv20(目标失效)
[t=20,483s] step=590 | MISSION=NORMAL_C | USV: 4/10 (avail=4 int=0 lock=0 frz=0) | UAV: air=10 rtb=0 chg=0 loiter=0 | TRACKS: vis=0 lost=0 engaged=0 | TOP:  | KILL=19 | ACTIONS=14 | INTENT: focus=2 ratio=0.20
      [DETECT] black_usv20
      [ASSIGN] white_usv7->black_usv20
      [ASSIGN] white_usv2->black_usv20
      [ASSIGN] white_usv8->black_usv20
[t=20,743s] step=600 | MISSION=NORMAL_C | USV: 4/10 (avail=1 int=3 lock=0 frz=0) | UAV: air=10 rtb=0 chg=0 loiter=0 | TRACKS: vis=0 lost=1 engaged=0 | TOP: black_usv20(x98,337) | KILL=19 | ACTIONS=14 | INTENT: focus=2 ratio=0.20
[t=20,997s] step=610 | MISSION=NORMAL_C | USV: 4/10 (avail=1 int=3 lock=0 frz=0) | UAV: air=10 rtb=0 chg=0 loiter=0 | TRACKS: vis=0 lost=1 engaged=0 | TOP: black_usv20(x97,200) | KILL=19 | ACTIONS=14 | INTENT: focus=2 ratio=0.20
      [RELEASE] white_usv7->black_usv20(目标失效)
      [RELEASE] white_usv2->black_usv20(目标失效)
      [RELEASE] white_usv8->black_usv20(目标失效)
[t=21,253s] step=620 | MISSION=GLOBAL_R | USV: 4/10 (avail=4 int=0 lock=0 frz=0) | UAV: air=10 rtb=0 chg=0 loiter=0 | TRACKS: vis=0 lost=0 engaged=0 | TOP:  | KILL=19 | ACTIONS=14 | INTENT: focus=2 ratio=0.20
      [DETECT] black_usv20
      [ASSIGN] white_usv7->black_usv20
      [ASSIGN] white_usv2->black_usv20
      [ASSIGN] white_usv8->black_usv20
[t=21,505s] step=630 | MISSION=NORMAL_C | USV: 4/10 (avail=1 int=3 lock=0 frz=0) | UAV: air=10 rtb=0 chg=0 loiter=0 | TRACKS: vis=0 lost=1 engaged=0 | TOP: black_usv20(x94,924) | KILL=19 | ACTIONS=14 | INTENT: focus=2 ratio=0.20
      [RELEASE] white_usv7->black_usv20(目标失效)
      [RELEASE] white_usv2->black_usv20(目标失效)
      [RELEASE] white_usv8->black_usv20(目标失效)
[t=21,756s] step=640 | MISSION=GLOBAL_R | USV: 4/10 (avail=4 int=0 lock=0 frz=0) | UAV: air=10 rtb=0 chg=0 loiter=0 | TRACKS: vis=0 lost=0 engaged=0 | TOP:  | KILL=19 | ACTIONS=14 | INTENT: focus=2 ratio=0.20
[t=22,007s] step=650 | MISSION=GLOBAL_R | USV: 4/10 (avail=4 int=0 lock=0 frz=0) | UAV: air=10 rtb=0 chg=0 loiter=0 | TRACKS: vis=0 lost=0 engaged=0 | TOP:  | KILL=19 | ACTIONS=14 | INTENT: focus=2 ratio=0.20
      [DETECT] black_usv20
      [ASSIGN] white_usv7->black_usv20
      [ASSIGN] white_usv2->black_usv20
      [ASSIGN] white_usv8->black_usv20
[t=22,262s] step=660 | MISSION=NORMAL_C | USV: 4/10 (avail=1 int=3 lock=0 frz=0) | UAV: air=10 rtb=0 chg=0 loiter=0 | TRACKS: vis=0 lost=1 engaged=0 | TOP: black_usv20(x91,538) | KILL=19 | ACTIONS=14 | INTENT: focus=2 ratio=0.20
      [RELEASE] white_usv7->black_usv20(目标失效)
      [RELEASE] white_usv2->black_usv20(目标失效)
      [RELEASE] white_usv8->black_usv20(目标失效)
      [UAV RTB] white_uav10(电量2652<2352+300)
[t=22,517s] step=670 | MISSION=GLOBAL_R | USV: 4/10 (avail=4 int=0 lock=0 frz=0) | UAV: air=9 rtb=1 chg=0 loiter=0 | TRACKS: vis=0 lost=0 engaged=0 | TOP:  | KILL=19 | ACTIONS=14 | INTENT: focus=2 ratio=0.20
      [DETECT] black_usv20
      [ASSIGN] white_usv7->black_usv20
      [ASSIGN] white_usv2->black_usv20
      [ASSIGN] white_usv8->black_usv20
[t=22,782s] step=680 | MISSION=NORMAL_C | USV: 4/10 (avail=1 int=3 lock=0 frz=0) | UAV: air=9 rtb=1 chg=0 loiter=0 | TRACKS: vis=1 lost=0 engaged=0 | TOP: black_usv20(x89,043) | KILL=19 | ACTIONS=14 | INTENT: focus=2 ratio=0.20
[t=23,045s] step=690 | MISSION=NORMAL_C | USV: 4/10 (avail=1 int=3 lock=0 frz=0) | UAV: air=9 rtb=1 chg=0 loiter=0 | TRACKS: vis=1 lost=0 engaged=0 | TOP: black_usv20(x86,409) | KILL=19 | ACTIONS=14 | INTENT: focus=2 ratio=0.20
[t=23,310s] step=700 | MISSION=NORMAL_C | USV: 4/10 (avail=1 int=3 lock=0 frz=0) | UAV: air=9 rtb=1 chg=0 loiter=0 | TRACKS: vis=0 lost=1 engaged=0 | TOP: black_usv20(x83,769) | KILL=19 | ACTIONS=14 | INTENT: focus=2 ratio=0.20
      [UAV RTB] white_uav1(电量1661<1380+300)
      [UAV RTB] white_uav2(电量1560<1266+300)
      [UAV RTB] white_uav6(电量1527<1245+300)
      [UAV RTB] white_uav7(电量1497<1214+300)
      [UAV RTB] white_uav4(电量1499<1202+300)
      [UAV RTB] white_uav5(电量1502<1256+300)
[t=23,569s] step=710 | MISSION=NORMAL_C | USV: 4/10 (avail=1 int=3 lock=0 frz=0) | UAV: air=3 rtb=7 chg=0 loiter=0 | TRACKS: vis=0 lost=1 engaged=0 | TOP: black_usv20(x83,665) | KILL=19 | ACTIONS=14 | INTENT: focus=2 ratio=0.20
      [UAV RTB] white_uav8(电量1424<1128+300)
[t=23,832s] step=720 | MISSION=NORMAL_C | USV: 4/10 (avail=1 int=2 lock=1 frz=0) | UAV: air=2 rtb=8 chg=0 loiter=0 | TRACKS: vis=1 lost=0 engaged=1 | TOP: black_usv20(x81,811) | KILL=19 | ACTIONS=14 | INTENT: focus=2 ratio=0.20
      [UAV RTB] white_uav3(电量996<707+300)
[t=24,097s] step=730 | MISSION=NORMAL_C | USV: 4/10 (avail=1 int=2 lock=1 frz=0) | UAV: air=1 rtb=9 chg=0 loiter=0 | TRACKS: vis=1 lost=0 engaged=1 | TOP: black_usv20(x81,109) | KILL=19 | ACTIONS=14 | INTENT: focus=2 ratio=0.20
      [UAV RTB] white_uav9(电量863<563+300)

========================================================================
对局结果: Result.Victory — 敌方所有单位被击毁
  击杀蓝舰: 20 | 命中: 40 | 我方USV损失: 6 | UAV损失: 0 | 突破: 0
[META] result=Result.Victory victory_time=24446 first_detection=1862 first_lock=7382 first_kill=8313 enemy_kills=20 friendly_usv_losses=6 friendly_uav_losses=0 black_breakthrough=0 reacquire_attempts=209 reacquire_success=209 sensor_assisted_locks=90 low_conf_commitments=0 global_reacquire_entries=5 global_reacquire_success=5 coverage_collapse_events=5 active_clusters_max=1 coverage_quality_final=0.27 commander_source=default_intent commander_calls=0 commander_changes=0 commander_no_change=0 commander_parse_failures=0 commander_api_failures=0 commander_policy_failures=0 commander_avg_latency=0.0
Done
