========================================================================
HYBRID AGENT V5 — Variable-Cardinality Hierarchical Maritime Agent
  启用UAV: True | LLM_ENABLED: False
========================================================================
对局 41 开始
      [UAV RELAUNCH] white_uav2
      [UAV RELAUNCH] white_uav3
      [UAV RELAUNCH] white_uav5
      [UAV RELAUNCH] white_uav10
      [UAV RELAUNCH] white_uav9
      [UAV RELAUNCH] white_uav1
      [UAV RELAUNCH] white_uav8
      [UAV RELAUNCH] white_uav4
      [UAV RELAUNCH] white_uav7
      [UAV RELAUNCH] white_uav6
[t=262s] step=10 | MISSION=NORMAL_C | USV: 10/10 (avail=10 int=0 lock=0 frz=0) | UAV: air=10 rtb=0 chg=0 loiter=0 | TRACKS: vis=0 lost=0 engaged=0 | TOP:  | KILL=0 | ACTIONS=20 | INTENT: focus=2 ratio=0.20
  [INTENT APPLIED]
    ThreatAllocator: focus 2 emergency 3 reserve_ratio 0.20 reserve_usvs None bias breakthrough_eta
    UAVManager: mode search_and_reacquire uav_priority []
[t=547s] step=20 | MISSION=NORMAL_C | USV: 10/10 (avail=10 int=0 lock=0 frz=0) | UAV: air=10 rtb=0 chg=0 loiter=0 | TRACKS: vis=0 lost=0 engaged=0 | TOP:  | KILL=0 | ACTIONS=20 | INTENT: focus=2 ratio=0.20
[t=835s] step=30 | MISSION=NORMAL_C | USV: 10/10 (avail=10 int=0 lock=0 frz=0) | UAV: air=10 rtb=0 chg=0 loiter=0 | TRACKS: vis=0 lost=0 engaged=0 | TOP:  | KILL=0 | ACTIONS=20 | INTENT: focus=2 ratio=0.20
[t=1,122s] step=40 | MISSION=NORMAL_C | USV: 10/10 (avail=10 int=0 lock=0 frz=0) | UAV: air=10 rtb=0 chg=0 loiter=0 | TRACKS: vis=0 lost=0 engaged=0 | TOP:  | KILL=0 | ACTIONS=20 | INTENT: focus=2 ratio=0.20
[t=1,409s] step=50 | MISSION=NORMAL_C | USV: 10/10 (avail=10 int=0 lock=0 frz=0) | UAV: air=10 rtb=0 chg=0 loiter=0 | TRACKS: vis=0 lost=0 engaged=0 | TOP:  | KILL=0 | ACTIONS=20 | INTENT: focus=2 ratio=0.20
[t=1,703s] step=60 | MISSION=NORMAL_C | USV: 10/10 (avail=10 int=0 lock=0 frz=0) | UAV: air=10 rtb=0 chg=0 loiter=0 | TRACKS: vis=0 lost=0 engaged=0 | TOP:  | KILL=0 | ACTIONS=20 | INTENT: focus=2 ratio=0.20
      [DETECT] black_usv13
      [DETECT] black_usv12
      [DETECT] black_usv11
      [DETECT] black_usv8
      [DETECT] black_usv9
      [DETECT] black_usv14
      [DETECT] black_usv10
      [ASSIGN] white_usv4->black_usv8
      [ASSIGN] white_usv6->black_usv11
      [ASSIGN] white_usv8->black_usv12
      [ASSIGN] white_usv9->black_usv14
      [ASSIGN] white_usv10->black_usv13
      [ASSIGN] white_usv1->black_usv9
      [ASSIGN] white_usv7->black_usv13
      [ASSIGN] white_usv5->black_usv10
      [DETECT] black_usv15
      [DETECT] black_usv17
      [DETECT] black_usv4
      [DETECT] black_usv7
      [DETECT] black_usv6
      [DETECT] black_usv16
      [ASSIGN] white_usv2->black_usv17
      [ASSIGN] white_usv3->black_usv7
      [DETECT] black_usv5
      [DETECT] black_usv3
      [DETECT] black_usv18
      [DETECT] black_usv20
      [DETECT] black_usv2
      [DETECT] black_usv19
[t=2,004s] step=70 | MISSION=NORMAL_C | USV: 10/10 (avail=0 int=10 lock=0 frz=0) | UAV: air=10 rtb=0 chg=0 loiter=0 | TRACKS: vis=18 lost=1 engaged=0 | TOP: black_usv15(x241,156) black_usv4(x241,896) black_usv6(x242,107) | KILL=0 | ACTIONS=20 | INTENT: focus=2 ratio=0.20
[t=2,301s] step=80 | MISSION=NORMAL_C | USV: 10/10 (avail=0 int=10 lock=0 frz=0) | UAV: air=10 rtb=0 chg=0 loiter=0 | TRACKS: vis=19 lost=0 engaged=0 | TOP: black_usv15(x238,385) black_usv4(x239,247) black_usv6(x239,494) | KILL=0 | ACTIONS=20 | INTENT: focus=2 ratio=0.20
[t=2,592s] step=90 | MISSION=NORMAL_C | USV: 10/10 (avail=0 int=10 lock=0 frz=0) | UAV: air=10 rtb=0 chg=0 loiter=0 | TRACKS: vis=18 lost=1 engaged=0 | TOP: black_usv15(x235,663) black_usv6(x236,925) black_usv18(x237,039) | KILL=0 | ACTIONS=20 | INTENT: focus=2 ratio=0.20
[t=2,878s] step=100 | MISSION=NORMAL_C | USV: 10/10 (avail=0 int=10 lock=0 frz=0) | UAV: air=10 rtb=0 chg=0 loiter=0 | TRACKS: vis=16 lost=2 engaged=0 | TOP: black_usv15(x233,004) black_usv6(x234,416) black_usv18(x234,544) | KILL=0 | ACTIONS=20 | INTENT: focus=2 ratio=0.20
[t=3,174s] step=110 | MISSION=NORMAL_C | USV: 10/10 (avail=0 int=10 lock=0 frz=0) | UAV: air=10 rtb=0 chg=0 loiter=0 | TRACKS: vis=15 lost=3 engaged=0 | TOP: black_usv3(x233,685) black_usv5(x234,054) black_usv15(x230,215) | KILL=0 | ACTIONS=20 | INTENT: focus=2 ratio=0.20
[t=3,455s] step=120 | MISSION=NORMAL_C | USV: 10/10 (avail=0 int=10 lock=0 frz=0) | UAV: air=10 rtb=0 chg=0 loiter=0 | TRACKS: vis=17 lost=0 engaged=0 | TOP: black_usv15(x227,405) black_usv6(x228,729) black_usv18(x228,830) | KILL=0 | ACTIONS=20 | INTENT: focus=2 ratio=0.20
[t=3,747s] step=130 | MISSION=NORMAL_C | USV: 10/10 (avail=0 int=10 lock=0 frz=0) | UAV: air=10 rtb=0 chg=0 loiter=0 | TRACKS: vis=17 lost=0 engaged=0 | TOP: black_usv15(x224,660) black_usv16(x225,540) black_usv6(x226,127) | KILL=0 | ACTIONS=20 | INTENT: focus=2 ratio=0.20
[t=3,989s] step=140 | MISSION=NORMAL_C | USV: 10/10 (avail=0 int=10 lock=0 frz=0) | UAV: air=10 rtb=0 chg=0 loiter=0 | TRACKS: vis=16 lost=1 engaged=0 | TOP: black_usv16(x223,366) black_usv6(x224,016) black_usv5(x226,768) | KILL=0 | ACTIONS=20 | INTENT: focus=2 ratio=0.20
[t=4,292s] step=150 | MISSION=NORMAL_C | USV: 10/10 (avail=0 int=10 lock=0 frz=0) | UAV: air=10 rtb=0 chg=0 loiter=0 | TRACKS: vis=14 lost=3 engaged=0 | TOP: black_usv16(x220,644) black_usv6(x221,373) black_usv5(x224,055) | KILL=0 | ACTIONS=20 | INTENT: focus=2 ratio=0.20
      [DETECT] black_usv3
[t=4,579s] step=160 | MISSION=NORMAL_C | USV: 10/10 (avail=0 int=10 lock=0 frz=0) | UAV: air=10 rtb=0 chg=0 loiter=0 | TRACKS: vis=16 lost=0 engaged=0 | TOP: black_usv3(x222,206) black_usv16(x218,059) black_usv6(x218,863) | KILL=0 | ACTIONS=20 | INTENT: focus=2 ratio=0.20
      [DETECT] black_usv2
[t=4,876s] step=170 | MISSION=NORMAL_C | USV: 10/10 (avail=0 int=10 lock=0 frz=0) | UAV: air=10 rtb=0 chg=0 loiter=0 | TRACKS: vis=6 lost=11 engaged=0 | TOP: black_usv3(x219,779) black_usv2(x223,296) black_usv5(x218,825) | KILL=0 | ACTIONS=20 | INTENT: focus=2 ratio=0.20
      [DETECT] black_usv1
      [DETECT] black_usv19
      [DETECT] black_usv20
[t=5,169s] step=180 | MISSION=NORMAL_C | USV: 10/10 (avail=0 int=10 lock=0 frz=0) | UAV: air=10 rtb=0 chg=0 loiter=0 | TRACKS: vis=13 lost=7 engaged=0 | TOP: black_usv1(x223,723) black_usv19(x217,260) black_usv3(x216,898) | KILL=0 | ACTIONS=20 | INTENT: focus=2 ratio=0.20
[t=5,437s] step=190 | MISSION=NORMAL_C | USV: 10/10 (avail=0 int=10 lock=0 frz=0) | UAV: air=10 rtb=0 chg=0 loiter=0 | TRACKS: vis=19 lost=1 engaged=0 | TOP: black_usv19(x215,143) black_usv20(x218,567) black_usv1(x221,840) | KILL=0 | ACTIONS=20 | INTENT: focus=2 ratio=0.20
[t=5,747s] step=200 | MISSION=NORMAL_C | USV: 10/10 (avail=0 int=10 lock=0 frz=0) | UAV: air=10 rtb=0 chg=0 loiter=0 | TRACKS: vis=15 lost=4 engaged=0 | TOP: black_usv19(x212,694) black_usv1(x219,894) black_usv3(x212,350) | KILL=0 | ACTIONS=20 | INTENT: focus=2 ratio=0.20
[t=6,055s] step=210 | MISSION=NORMAL_C | USV: 10/10 (avail=0 int=10 lock=0 frz=0) | UAV: air=10 rtb=0 chg=0 loiter=0 | TRACKS: vis=17 lost=2 engaged=0 | TOP: black_usv19(x210,262) black_usv1(x217,581) black_usv16(x203,918) | KILL=0 | ACTIONS=20 | INTENT: focus=2 ratio=0.20
[t=6,353s] step=220 | MISSION=NORMAL_C | USV: 10/10 (avail=0 int=10 lock=0 frz=0) | UAV: air=10 rtb=0 chg=0 loiter=0 | TRACKS: vis=19 lost=0 engaged=0 | TOP: black_usv19(x207,908) black_usv1(x214,601) black_usv16(x200,938) | KILL=0 | ACTIONS=20 | INTENT: focus=2 ratio=0.20
[t=6,650s] step=230 | MISSION=NORMAL_C | USV: 10/10 (avail=0 int=10 lock=0 frz=0) | UAV: air=10 rtb=0 chg=0 loiter=0 | TRACKS: vis=17 lost=2 engaged=0 | TOP: black_usv19(x205,562) black_usv1(x211,631) black_usv6(x198,466) | KILL=0 | ACTIONS=20 | INTENT: focus=2 ratio=0.20
      [DETECT] black_usv20
[t=6,948s] step=240 | MISSION=NORMAL_C | USV: 10/10 (avail=0 int=10 lock=0 frz=0) | UAV: air=10 rtb=0 chg=0 loiter=0 | TRACKS: vis=19 lost=1 engaged=0 | TOP: black_usv19(x203,208) black_usv20(x207,750) black_usv1(x208,651) | KILL=0 | ACTIONS=20 | INTENT: focus=2 ratio=0.20
[t=7,255s] step=250 | MISSION=NORMAL_C | USV: 10/10 (avail=0 int=10 lock=0 frz=0) | UAV: air=10 rtb=0 chg=0 loiter=0 | TRACKS: vis=17 lost=3 engaged=0 | TOP: black_usv19(x200,783) black_usv20(x205,552) black_usv1(x205,581) | KILL=0 | ACTIONS=20 | INTENT: focus=2 ratio=0.20
      [ASSIGN] white_usv5->black_usv8(机会锁定)
      [ASSIGN] white_usv1->black_usv8(机会锁定)
      [ASSIGN] white_usv3->black_usv8(机会锁定)
      [ASSIGN] white_usv6->black_usv9(机会锁定)
      [ASSIGN] white_usv9->black_usv13(机会锁定)
[t=7,563s] step=260 | MISSION=NORMAL_C | USV: 10/10 (avail=0 int=1 lock=9 frz=0) | UAV: air=10 rtb=0 chg=0 loiter=0 | TRACKS: vis=17 lost=3 engaged=4 | TOP: black_usv19(x198,350) black_usv20(x203,347) black_usv10(x186,183) | KILL=0 | ACTIONS=20 | INTENT: focus=2 ratio=0.20
      [ASSIGN] white_usv4->black_usv10(机会锁定)
      [ASSIGN] white_usv5->black_usv7(机会锁定)
      [ASSIGN] white_usv1->black_usv11(机会锁定)
      [ASSIGN] white_usv2->black_usv13(机会锁定)
      [ASSIGN] white_usv3->black_usv11(机会锁定)
      [ASSIGN] white_usv6->black_usv8(机会锁定)
      [ASSIGN] white_usv6->black_usv9(机会锁定)
      [ASSIGN] white_usv8->black_usv9(机会锁定)
      [ASSIGN] white_usv7->black_usv9(机会锁定)
      [ASSIGN] white_usv9->black_usv14(机会锁定)
      [ASSIGN] white_usv10->black_usv14(机会锁定)
[t=7,879s] step=270 | MISSION=NORMAL_C | USV: 10/10 (avail=0 int=1 lock=9 frz=0) | UAV: air=10 rtb=0 chg=0 loiter=0 | TRACKS: vis=17 lost=3 engaged=5 | TOP: black_usv19(x195,854) black_usv20(x201,085) black_usv8(x183,840) | KILL=2 | ACTIONS=20 | INTENT: focus=2 ratio=0.20
      [ASSIGN] white_usv2->black_usv12(机会锁定)
      [ASSIGN] white_usv4->black_usv8(机会锁定)
      [ASSIGN] white_usv4->black_usv10(机会锁定)
      [ASSIGN] white_usv5->black_usv10(机会锁定)
      [ASSIGN] white_usv1->black_usv7(机会锁定)
      [ASSIGN] white_usv3->black_usv7(机会锁定)
      [DETECT] black_usv20
      [ASSIGN] white_usv6->black_usv11(机会锁定)
      [ASSIGN] white_usv8->black_usv13(机会锁定)
      [ASSIGN] white_usv7->black_usv13(机会锁定)
      [ASSIGN] white_usv8->black_usv9(机会锁定)
      [ASSIGN] white_usv9->black_usv16(机会锁定)
      [ASSIGN] white_usv10->black_usv16(机会锁定)
      [ASSIGN] white_usv7->black_usv9(机会锁定)
      [ASSIGN] white_usv8->black_usv13(机会锁定)
      [ASSIGN] white_usv7->black_usv13(机会锁定)
[t=8,211s] step=280 | MISSION=NORMAL_C | USV: 9/10 (avail=0 int=2 lock=7 frz=0) | UAV: air=10 rtb=0 chg=0 loiter=0 | TRACKS: vis=19 lost=1 engaged=5 | TOP: black_usv19(x192,512) black_usv20(x197,962) black_usv8(x183,840) | KILL=3 | ACTIONS=19 | INTENT: focus=2 ratio=0.20
      [ASSIGN] white_usv8->black_usv9(机会锁定)
      [ASSIGN] white_usv7->black_usv9(机会锁定)
      [ASSIGN] white_usv2->black_usv14(机会锁定)
      [ASSIGN] white_usv8->black_usv12(机会锁定)
      [ASSIGN] white_usv7->black_usv13(机会锁定)
      [KILL] black_usv8
      [ASSIGN] white_usv8->black_usv9(机会锁定)
      [ASSIGN] white_usv7->black_usv9(机会锁定)
      [ASSIGN] white_usv4->black_usv7(机会锁定)
      [ASSIGN] white_usv8->black_usv12(机会锁定)
      [ASSIGN] white_usv7->black_usv13(机会锁定)
      [ASSIGN] white_usv8->black_usv9(机会锁定)
      [ASSIGN] white_usv7->black_usv9(机会锁定)
      [KILL] black_usv13
      [ASSIGN] white_usv8->black_usv12(机会锁定)
      [ASSIGN] white_usv7->black_usv12(机会锁定)
      [ASSIGN] white_usv6->black_usv9(机会锁定)
      [ASSIGN] white_usv7->black_usv14(机会锁定)
      [ASSIGN] white_usv6->black_usv10(机会锁定)
      [ASSIGN] white_usv9->black_usv15(机会锁定)
      [ASSIGN] white_usv10->black_usv15(机会锁定)
      [ASSIGN] white_usv6->black_usv9(机会锁定)
      [ASSIGN] white_usv6->black_usv10(机会锁定)
      [ASSIGN] white_usv2->black_usv16(机会锁定)
[t=8,576s] step=290 | MISSION=NORMAL_C | USV: 7/10 (avail=0 int=3 lock=4 frz=0) | UAV: air=10 rtb=0 chg=0 loiter=0 | TRACKS: vis=17 lost=1 engaged=3 | TOP: black_usv20(x195,200) black_usv10(x181,540) black_usv17(x182,298) | KILL=6 | ACTIONS=17 | INTENT: focus=2 ratio=0.20
      [ASSIGN] white_usv6->black_usv9(机会锁定)
      [ASSIGN] white_usv8->black_usv9(机会锁定)
      [ASSIGN] white_usv6->black_usv10(机会锁定)
      [ASSIGN] white_usv8->black_usv12(机会锁定)
      [ASSIGN] white_usv4->black_usv9(机会锁定)
      [ASSIGN] white_usv6->black_usv9(机会锁定)
      [ASSIGN] white_usv8->black_usv9(机会锁定)
      [ASSIGN] white_usv4->black_usv7(机会锁定)
      [ASSIGN] white_usv6->black_usv10(机会锁定)
      [ASSIGN] white_usv8->black_usv12(机会锁定)
      [KILL] black_usv9
      [ASSIGN] white_usv6->black_usv11(机会锁定)
      [ASSIGN] white_usv8->black_usv11(机会锁定)
      [ASSIGN] white_usv6->black_usv10(机会锁定)
      [ASSIGN] white_usv8->black_usv12(机会锁定)
      [ASSIGN] white_usv8->black_usv11(机会锁定)
      [KILL] black_usv12
      [ASSIGN] white_usv8->black_usv14(机会锁定)
      [ASSIGN] white_usv9->black_usv17(机会锁定)
      [ASSIGN] white_usv10->black_usv17(机会锁定)
      [ASSIGN] white_usv8->black_usv11(机会锁定)
      [ASSIGN] white_usv7->black_usv15(机会锁定)
      [ASSIGN] white_usv8->black_usv14(机会锁定)
      [ASSIGN] white_usv7->black_usv14(机会锁定)
      [ASSIGN] white_usv2->black_usv14(机会锁定)
[t=8,918s] step=300 | MISSION=NORMAL_C | USV: 7/10 (avail=0 int=4 lock=3 frz=0) | UAV: air=10 rtb=0 chg=0 loiter=0 | TRACKS: vis=16 lost=0 engaged=2 | TOP: black_usv20(x192,296) black_usv6(x176,157) black_usv4(x177,558) | KILL=8 | ACTIONS=16 | INTENT: focus=2 ratio=0.20
      [ASSIGN] white_usv8->black_usv11(机会锁定)
      [ASSIGN] white_usv7->black_usv16(机会锁定)
      [ASSIGN] white_usv2->black_usv16(机会锁定)
      [KILL] black_usv10
      [RELEASE] white_usv6->black_usv10(目标失效)
      [ASSIGN] white_usv6->black_usv7(机会锁定)
      [ASSIGN] white_usv8->black_usv14(机会锁定)
      [ASSIGN] white_usv8->black_usv11(机会锁定)
      [ASSIGN] white_usv4->black_usv6(机会锁定)
      [ASSIGN] white_usv8->black_usv14(机会锁定)
      [KILL] black_usv11
      [ASSIGN] white_usv8->black_usv15(机会锁定)
      [ASSIGN] white_usv8->black_usv14(机会锁定)
      [ASSIGN] white_usv8->black_usv15(机会锁定)
      [ASSIGN] white_usv8->black_usv14(机会锁定)
      [ASSIGN] white_usv8->black_usv15(机会锁定)
      [ASSIGN] white_usv8->black_usv14(机会锁定)
[t=9,259s] step=310 | MISSION=NORMAL_C | USV: 4/10 (avail=0 int=1 lock=3 frz=0) | UAV: air=10 rtb=0 chg=0 loiter=0 | TRACKS: vis=14 lost=0 engaged=3 | TOP: black_usv17(x176,487) black_usv18(x180,265) black_usv14(x181,611) | KILL=9 | ACTIONS=14 | INTENT: focus=2 ratio=0.20
      [ASSIGN] white_usv8->black_usv15(机会锁定)
      [ASSIGN] white_usv7->black_usv15(机会锁定)
      [ASSIGN] white_usv8->black_usv14(机会锁定)
      [ASSIGN] white_usv7->black_usv14(机会锁定)
      [ASSIGN] white_usv8->black_usv16(机会锁定)
      [ASSIGN] white_usv7->black_usv16(机会锁定)
      [ASSIGN] white_usv4->black_usv7(机会锁定)
      [ASSIGN] white_usv8->black_usv14(机会锁定)
      [ASSIGN] white_usv7->black_usv14(机会锁定)
      [KILL] black_usv14
      [ASSIGN] white_usv4->black_usv6(机会锁定)
      [ASSIGN] white_usv6->black_usv6(机会锁定)
      [RELEASE] white_usv8->black_usv14(目标失效)
      [ASSIGN] white_usv8->black_usv16(机会锁定)
      [RELEASE] white_usv7->black_usv14(目标失效)
      [ASSIGN] white_usv7->black_usv16(机会锁定)
      [KILL] black_usv15
      [ASSIGN] white_usv8->black_usv7(机会锁定)
[t=9,609s] step=320 | MISSION=NORMAL_C | USV: 3/10 (avail=0 int=2 lock=1 frz=0) | UAV: air=10 rtb=0 chg=0 loiter=0 | TRACKS: vis=12 lost=0 engaged=1 | TOP: black_usv4(x171,053) black_usv17(x176,487) black_usv18(x176,964) | KILL=11 | ACTIONS=13 | INTENT: focus=2 ratio=0.20
      [ASSIGN] white_usv6->black_usv7(机会锁定)
      [KILL] black_usv17
      [ASSIGN] white_usv6->black_usv6(机会锁定)
      [ASSIGN] white_usv8->black_usv6(机会锁定)
      [ASSIGN] white_usv6->black_usv7(机会锁定)
      [ASSIGN] white_usv8->black_usv7(机会锁定)
      [ASSIGN] white_usv6->black_usv6(机会锁定)
      [ASSIGN] white_usv8->black_usv6(机会锁定)
      [KILL] black_usv16
      [ASSIGN] white_usv6->black_usv7(机会锁定)
      [ASSIGN] white_usv8->black_usv7(机会锁定)
      [RELEASE] white_usv7->black_usv16(目标失效)
      [KILL] black_usv7
      [RELEASE] white_usv6->black_usv7(目标失效)
      [ASSIGN] white_usv6->black_usv6(机会锁定)
      [RELEASE] white_usv8->black_usv7(目标失效)
      [ASSIGN] white_usv8->black_usv6(机会锁定)
      [ASSIGN] white_usv7->black_usv4
      [ASSIGN] white_usv6->black_usv4(机会锁定)
[t=9,997s] step=330 | MISSION=NORMAL_C | USV: 3/10 (avail=0 int=3 lock=0 frz=0) | UAV: air=10 rtb=0 chg=0 loiter=0 | TRACKS: vis=8 lost=1 engaged=0 | TOP: black_usv5(x171,786) black_usv18(x173,086) black_usv19(x175,730) | KILL=12 | ACTIONS=13 | INTENT: focus=2 ratio=0.20
      [ASSIGN] white_usv6->black_usv6(机会锁定)
      [KILL] black_usv6
      [RELEASE] white_usv6->black_usv6(目标失效)
      [ASSIGN] white_usv6->black_usv4(机会锁定)
      [RELEASE] white_usv8->black_usv6(目标失效)
[t=10,386s] step=340 | MISSION=NORMAL_C | USV: 3/10 (avail=0 int=3 lock=0 frz=0) | UAV: air=10 rtb=0 chg=0 loiter=0 | TRACKS: vis=8 lost=0 engaged=0 | TOP: black_usv5(x167,931) black_usv18(x169,200) black_usv19(x172,860) | KILL=12 | ACTIONS=13 | INTENT: focus=2 ratio=0.20
      [ASSIGN] white_usv8->black_usv5
[t=10,778s] step=350 | MISSION=NORMAL_C | USV: 3/10 (avail=0 int=2 lock=1 frz=0) | UAV: air=10 rtb=0 chg=0 loiter=0 | TRACKS: vis=8 lost=0 engaged=1 | TOP: black_usv18(x165,288) black_usv19(x169,303) black_usv3(x170,251) | KILL=12 | ACTIONS=13 | INTENT: focus=2 ratio=0.20
      [ASSIGN] white_usv8->black_usv4(机会锁定)
[t=11,190s] step=360 | MISSION=NORMAL_C | USV: 3/10 (avail=0 int=3 lock=0 frz=0) | UAV: air=10 rtb=0 chg=0 loiter=0 | TRACKS: vis=8 lost=0 engaged=0 | TOP: black_usv5(x159,963) black_usv18(x161,173) black_usv19(x165,596) | KILL=13 | ACTIONS=13 | INTENT: focus=2 ratio=0.20
      [ASSIGN] white_usv8->black_usv5(机会锁定)
      [ASSIGN] white_usv7->black_usv5(机会锁定)
[t=11,607s] step=370 | MISSION=NORMAL_C | USV: 3/10 (avail=0 int=1 lock=2 frz=0) | UAV: air=10 rtb=0 chg=0 loiter=0 | TRACKS: vis=6 lost=2 engaged=1 | TOP: black_usv20(x169,445) black_usv19(x162,167) black_usv3(x164,880) | KILL=13 | ACTIONS=13 | INTENT: focus=2 ratio=0.20
      [KILL] black_usv4
      [RELEASE] white_usv6->black_usv4(目标失效)
      [ASSIGN] white_usv6->black_usv20
[t=12,028s] step=380 | MISSION=NORMAL_C | USV: 3/10 (avail=0 int=3 lock=0 frz=0) | UAV: air=10 rtb=0 chg=0 loiter=0 | TRACKS: vis=7 lost=0 engaged=0 | TOP: black_usv18(x155,845) black_usv19(x158,423) black_usv3(x161,677) | KILL=14 | ACTIONS=13 | INTENT: focus=2 ratio=0.20
      [KILL] black_usv5
      [RELEASE] white_usv8->black_usv5(目标失效)
      [RELEASE] white_usv7->black_usv5(目标失效)
      [ASSIGN] white_usv8->black_usv19
      [ASSIGN] white_usv7->black_usv18
[t=12,464s] step=390 | MISSION=NORMAL_C | USV: 3/10 (avail=0 int=3 lock=0 frz=0) | UAV: air=10 rtb=0 chg=0 loiter=0 | TRACKS: vis=5 lost=1 engaged=0 | TOP: black_usv3(x157,343) black_usv2(x166,913) black_usv1(x175,988) | KILL=14 | ACTIONS=13 | INTENT: focus=2 ratio=0.20
[t=12,884s] step=400 | MISSION=NORMAL_C | USV: 3/10 (avail=0 int=3 lock=0 frz=0) | UAV: air=10 rtb=0 chg=0 loiter=0 | TRACKS: vis=5 lost=0 engaged=0 | TOP: black_usv3(x153,143) black_usv2(x162,713) black_usv18(x147,354) | KILL=14 | ACTIONS=13 | INTENT: focus=2 ratio=0.20
      [ASSIGN] white_usv6->black_usv18(机会锁定)
[t=13,307s] step=410 | MISSION=NORMAL_C | USV: 3/10 (avail=0 int=2 lock=1 frz=0) | UAV: air=10 rtb=0 chg=0 loiter=0 | TRACKS: vis=5 lost=0 engaged=1 | TOP: black_usv3(x148,913) black_usv20(x154,427) black_usv2(x158,483) | KILL=14 | ACTIONS=13 | INTENT: focus=2 ratio=0.20
[t=13,730s] step=420 | MISSION=NORMAL_C | USV: 3/10 (avail=0 int=2 lock=1 frz=0) | UAV: air=10 rtb=0 chg=0 loiter=0 | TRACKS: vis=5 lost=0 engaged=1 | TOP: black_usv3(x144,683) black_usv2(x154,253) black_usv20(x151,187) | KILL=14 | ACTIONS=13 | INTENT: focus=2 ratio=0.20
[t=14,185s] step=430 | MISSION=NORMAL_C | USV: 3/10 (avail=0 int=3 lock=0 frz=0) | UAV: air=10 rtb=0 chg=0 loiter=0 | TRACKS: vis=5 lost=0 engaged=0 | TOP: black_usv3(x140,133) black_usv2(x149,703) black_usv20(x147,647) | KILL=15 | ACTIONS=13 | INTENT: focus=2 ratio=0.20
      [ASSIGN] white_usv6->black_usv19(机会锁定)
      [KILL] black_usv18
      [RELEASE] white_usv7->black_usv18(目标失效)
      [ASSIGN] white_usv7->black_usv3
[t=14,645s] step=440 | MISSION=NORMAL_C | USV: 3/10 (avail=0 int=3 lock=0 frz=0) | UAV: air=10 rtb=0 chg=0 loiter=0 | TRACKS: vis=4 lost=0 engaged=0 | TOP: black_usv2(x145,261) black_usv20(x145,124) black_usv3(x135,541) | KILL=15 | ACTIONS=13 | INTENT: focus=2 ratio=0.20
[t=15,096s] step=450 | MISSION=NORMAL_C | USV: 3/10 (avail=0 int=2 lock=1 frz=0) | UAV: air=10 rtb=0 chg=0 loiter=0 | TRACKS: vis=4 lost=0 engaged=1 | TOP: black_usv2(x141,901) black_usv20(x142,651) black_usv3(x131,089) | KILL=15 | ACTIONS=13 | INTENT: focus=2 ratio=0.20
      [ASSIGN] white_usv6->black_usv20(机会锁定)
[t=15,543s] step=460 | MISSION=NORMAL_C | USV: 3/10 (avail=0 int=3 lock=0 frz=0) | UAV: air=10 rtb=0 chg=0 loiter=0 | TRACKS: vis=4 lost=0 engaged=0 | TOP: black_usv2(x138,026) black_usv20(x139,303) black_usv3(x126,745) | KILL=16 | ACTIONS=13 | INTENT: focus=2 ratio=0.20
      [ASSIGN] white_usv6->black_usv19(机会锁定)
      [ASSIGN] white_usv6->black_usv20(机会锁定)
      [KILL] black_usv19
      [RELEASE] white_usv8->black_usv19(目标失效)
      [ASSIGN] white_usv8->black_usv2
[t=16,015s] step=470 | MISSION=NORMAL_C | USV: 3/10 (avail=1 int=1 lock=1 frz=0) | UAV: air=10 rtb=0 chg=0 loiter=0 | TRACKS: vis=2 lost=1 engaged=1 | TOP: black_usv2(x133,426) black_usv20(x137,701) black_usv3(x125,050) | KILL=16 | ACTIONS=13 | INTENT: focus=2 ratio=0.20
      [RELEASE] white_usv8->black_usv2(目标失效)
      [ASSIGN] white_usv8->black_usv3
[t=16,479s] step=480 | MISSION=NORMAL_C | USV: 3/10 (avail=0 int=3 lock=0 frz=0) | UAV: air=10 rtb=0 chg=0 loiter=0 | TRACKS: vis=1 lost=1 engaged=0 | TOP: black_usv20(x137,323) black_usv3(x123,383) | KILL=17 | ACTIONS=13 | INTENT: focus=2 ratio=0.20
      [RELEASE] white_usv8->black_usv3(目标失效)
      [RELEASE] white_usv7->black_usv3(目标失效)
      [ASSIGN] white_usv8->black_usv20
      [ASSIGN] white_usv7->black_usv20
      [DETECT] black_usv3
      [KILL] black_usv20
      [RELEASE] white_usv6->black_usv20(目标失效)
      [RELEASE] white_usv8->black_usv20(目标失效)
      [RELEASE] white_usv7->black_usv20(目标失效)
      [ASSIGN] white_usv6->black_usv3
      [ASSIGN] white_usv8->black_usv3
      [ASSIGN] white_usv7->black_usv3
[t=16,969s] step=490 | MISSION=NORMAL_C | USV: 3/10 (avail=0 int=3 lock=0 frz=0) | UAV: air=10 rtb=0 chg=0 loiter=0 | TRACKS: vis=1 lost=0 engaged=0 | TOP: black_usv3(x121,623) | KILL=17 | ACTIONS=13 | INTENT: focus=2 ratio=0.20
      [RELEASE] white_usv6->black_usv3(目标失效)
      [RELEASE] white_usv8->black_usv3(目标失效)
      [RELEASE] white_usv7->black_usv3(目标失效)
[t=17,490s] step=500 | MISSION=NORMAL_C | USV: 3/10 (avail=3 int=0 lock=0 frz=0) | UAV: air=10 rtb=0 chg=0 loiter=0 | TRACKS: vis=0 lost=0 engaged=0 | TOP:  | KILL=17 | ACTIONS=13 | INTENT: focus=2 ratio=0.20
      [DETECT] black_usv3
      [ASSIGN] white_usv6->black_usv3
      [ASSIGN] white_usv8->black_usv3
      [ASSIGN] white_usv7->black_usv3(机会锁定)
[t=18,010s] step=510 | MISSION=NORMAL_C | USV: 3/10 (avail=0 int=2 lock=1 frz=0) | UAV: air=10 rtb=0 chg=0 loiter=0 | TRACKS: vis=1 lost=0 engaged=1 | TOP: black_usv3(x117,884) | KILL=17 | ACTIONS=13 | INTENT: focus=2 ratio=0.20
[t=18,516s] step=520 | MISSION=NORMAL_C | USV: 3/10 (avail=0 int=2 lock=1 frz=0) | UAV: air=10 rtb=0 chg=0 loiter=0 | TRACKS: vis=1 lost=0 engaged=1 | TOP: black_usv3(x116,066) | KILL=17 | ACTIONS=13 | INTENT: focus=2 ratio=0.20
[t=19,059s] step=530 | MISSION=NORMAL_C | USV: 3/10 (avail=0 int=3 lock=0 frz=0) | UAV: air=10 rtb=0 chg=0 loiter=0 | TRACKS: vis=1 lost=0 engaged=0 | TOP: black_usv3(x115,416) | KILL=18 | ACTIONS=13 | INTENT: focus=2 ratio=0.20
[t=19,421s] step=540 | MISSION=NORMAL_C | USV: 3/10 (avail=0 int=3 lock=0 frz=0) | UAV: air=10 rtb=0 chg=0 loiter=0 | TRACKS: vis=1 lost=0 engaged=0 | TOP: black_usv3(x115,416) | KILL=18 | ACTIONS=13 | INTENT: focus=2 ratio=0.20
      [KILL] black_usv3
      [RELEASE] white_usv6->black_usv3(目标失效)
      [RELEASE] white_usv8->black_usv3(目标失效)
      [RELEASE] white_usv7->black_usv3(目标失效)
[t=19,680s] step=550 | MISSION=NORMAL_C | USV: 3/10 (avail=3 int=0 lock=0 frz=0) | UAV: air=10 rtb=0 chg=0 loiter=0 | TRACKS: vis=0 lost=0 engaged=0 | TOP:  | KILL=18 | ACTIONS=13 | INTENT: focus=2 ratio=0.20
      [DETECT] black_usv2
      [ASSIGN] white_usv6->black_usv2
      [ASSIGN] white_usv8->black_usv2
      [ASSIGN] white_usv7->black_usv2
[t=19,928s] step=560 | MISSION=NORMAL_C | USV: 3/10 (avail=0 int=3 lock=0 frz=0) | UAV: air=10 rtb=0 chg=0 loiter=0 | TRACKS: vis=1 lost=0 engaged=0 | TOP: black_usv2(x109,552) | KILL=18 | ACTIONS=13 | INTENT: focus=2 ratio=0.20
[t=20,178s] step=570 | MISSION=NORMAL_C | USV: 3/10 (avail=0 int=3 lock=0 frz=0) | UAV: air=10 rtb=0 chg=0 loiter=0 | TRACKS: vis=0 lost=1 engaged=0 | TOP: black_usv2(x108,875) | KILL=18 | ACTIONS=13 | INTENT: focus=2 ratio=0.20
      [RELEASE] white_usv6->black_usv2(目标失效)
      [RELEASE] white_usv8->black_usv2(目标失效)
      [RELEASE] white_usv7->black_usv2(目标失效)
      [DETECT] black_usv2
      [ASSIGN] white_usv6->black_usv2
      [ASSIGN] white_usv8->black_usv2
      [ASSIGN] white_usv7->black_usv2(机会锁定)
[t=20,416s] step=580 | MISSION=NORMAL_C | USV: 3/10 (avail=0 int=2 lock=1 frz=0) | UAV: air=10 rtb=0 chg=0 loiter=0 | TRACKS: vis=1 lost=0 engaged=1 | TOP: black_usv2(x108,232) | KILL=18 | ACTIONS=13 | INTENT: focus=2 ratio=0.20
[t=20,656s] step=590 | MISSION=NORMAL_C | USV: 3/10 (avail=0 int=3 lock=0 frz=0) | UAV: air=10 rtb=0 chg=0 loiter=0 | TRACKS: vis=1 lost=0 engaged=0 | TOP: black_usv2(x107,584) | KILL=18 | ACTIONS=13 | INTENT: focus=2 ratio=0.20
[t=20,896s] step=600 | MISSION=NORMAL_C | USV: 3/10 (avail=0 int=1 lock=2 frz=0) | UAV: air=10 rtb=0 chg=0 loiter=0 | TRACKS: vis=1 lost=0 engaged=1 | TOP: black_usv2(x107,584) | KILL=18 | ACTIONS=13 | INTENT: focus=2 ratio=0.20
[t=21,162s] step=610 | MISSION=NORMAL_C | USV: 3/10 (avail=0 int=3 lock=0 frz=0) | UAV: air=10 rtb=0 chg=0 loiter=0 | TRACKS: vis=1 lost=0 engaged=0 | TOP: black_usv2(x107,552) | KILL=19 | ACTIONS=13 | INTENT: focus=2 ratio=0.20
[t=21,434s] step=620 | MISSION=NORMAL_C | USV: 3/10 (avail=0 int=3 lock=0 frz=0) | UAV: air=10 rtb=0 chg=0 loiter=0 | TRACKS: vis=1 lost=0 engaged=0 | TOP: black_usv2(x107,552) | KILL=19 | ACTIONS=13 | INTENT: focus=2 ratio=0.20
      [KILL] black_usv2
      [RELEASE] white_usv6->black_usv2(目标失效)
      [RELEASE] white_usv8->black_usv2(目标失效)
      [RELEASE] white_usv7->black_usv2(目标失效)
[t=21,696s] step=630 | MISSION=GLOBAL_R | USV: 3/10 (avail=3 int=0 lock=0 frz=0) | UAV: air=10 rtb=0 chg=0 loiter=0 | TRACKS: vis=0 lost=0 engaged=0 | TOP:  | KILL=19 | ACTIONS=13 | INTENT: focus=2 ratio=0.20
[t=21,945s] step=640 | MISSION=GLOBAL_R | USV: 3/10 (avail=3 int=0 lock=0 frz=0) | UAV: air=10 rtb=0 chg=0 loiter=0 | TRACKS: vis=0 lost=0 engaged=0 | TOP:  | KILL=19 | ACTIONS=13 | INTENT: focus=2 ratio=0.20
[t=22,205s] step=650 | MISSION=GLOBAL_R | USV: 3/10 (avail=3 int=0 lock=0 frz=0) | UAV: air=10 rtb=0 chg=0 loiter=0 | TRACKS: vis=0 lost=0 engaged=0 | TOP:  | KILL=19 | ACTIONS=13 | INTENT: focus=2 ratio=0.20
[t=22,462s] step=660 | MISSION=GLOBAL_R | USV: 3/10 (avail=3 int=0 lock=0 frz=0) | UAV: air=10 rtb=0 chg=0 loiter=0 | TRACKS: vis=0 lost=0 engaged=0 | TOP:  | KILL=19 | ACTIONS=13 | INTENT: focus=2 ratio=0.20
[t=22,722s] step=670 | MISSION=GLOBAL_R | USV: 3/10 (avail=3 int=0 lock=0 frz=0) | UAV: air=10 rtb=0 chg=0 loiter=0 | TRACKS: vis=0 lost=0 engaged=0 | TOP:  | KILL=19 | ACTIONS=13 | INTENT: focus=2 ratio=0.20
      [UAV RTB] white_uav10(电量2030<1741+300)
[t=22,985s] step=680 | MISSION=GLOBAL_R | USV: 3/10 (avail=3 int=0 lock=0 frz=0) | UAV: air=9 rtb=1 chg=0 loiter=0 | TRACKS: vis=0 lost=0 engaged=0 | TOP:  | KILL=19 | ACTIONS=13 | INTENT: focus=2 ratio=0.20
      [DETECT] black_usv1
      [ASSIGN] white_usv6->black_usv1
      [ASSIGN] white_usv8->black_usv1
      [ASSIGN] white_usv7->black_usv1
[t=23,243s] step=690 | MISSION=NORMAL_C | USV: 3/10 (avail=0 int=3 lock=0 frz=0) | UAV: air=9 rtb=1 chg=0 loiter=0 | TRACKS: vis=1 lost=0 engaged=0 | TOP: black_usv1(x105,533) | KILL=19 | ACTIONS=13 | INTENT: focus=2 ratio=0.20
[t=23,501s] step=700 | MISSION=NORMAL_C | USV: 3/10 (avail=0 int=3 lock=0 frz=0) | UAV: air=9 rtb=1 chg=0 loiter=0 | TRACKS: vis=1 lost=0 engaged=0 | TOP: black_usv1(x103,314) | KILL=19 | ACTIONS=13 | INTENT: focus=2 ratio=0.20
      [UAV RTB] white_uav1(电量1438<1177+300)
[t=23,761s] step=710 | MISSION=NORMAL_C | USV: 3/10 (avail=0 int=3 lock=0 frz=0) | UAV: air=8 rtb=2 chg=0 loiter=0 | TRACKS: vis=0 lost=1 engaged=0 | TOP: black_usv1(x101,933) | KILL=19 | ACTIONS=13 | INTENT: focus=2 ratio=0.20
      [UAV RTB] white_uav8(电量1127<841+300)
      [UAV RTB] white_uav4(电量1128<843+300)
      [UAV RTB] white_uav9(电量1048<793+300)
      [UAV RTB] white_uav3(电量995<695+300)
      [UAV RTB] white_uav7(电量1001<723+300)
[t=24,019s] step=720 | MISSION=NORMAL_C | USV: 3/10 (avail=0 int=3 lock=0 frz=0) | UAV: air=3 rtb=7 chg=0 loiter=0 | TRACKS: vis=0 lost=1 engaged=0 | TOP: black_usv1(x100,553) | KILL=19 | ACTIONS=13 | INTENT: focus=2 ratio=0.20
      [UAV RTB] white_uav5(电量941<661+300)
      [UAV RTB] white_uav6(电量947<673+300)
[t=24,286s] step=730 | MISSION=NORMAL_C | USV: 3/10 (avail=0 int=3 lock=0 frz=0) | UAV: air=1 rtb=9 chg=0 loiter=0 | TRACKS: vis=0 lost=1 engaged=0 | TOP: black_usv1(x97,883) | KILL=19 | ACTIONS=13 | INTENT: focus=2 ratio=0.20
      [UAV RTB] white_uav2(电量672<372+300)
      [RELEASE] white_usv6->black_usv1(目标失效)
      [RELEASE] white_usv8->black_usv1(目标失效)
      [RELEASE] white_usv7->black_usv1(目标失效)
      [UAV LAND] white_uav10->white_usv8
[t=24,544s] step=740 | MISSION=GLOBAL_R | USV: 3/10 (avail=3 int=0 lock=0 frz=0) | UAV: air=0 rtb=9 chg=1 loiter=0 | TRACKS: vis=0 lost=0 engaged=0 | TOP:  | KILL=19 | ACTIONS=12 | INTENT: focus=2 ratio=0.20
      [UAV LAND] white_uav2->white_usv8
      [UAV LAND] white_uav5->white_usv8
      [UAV RTB] white_uav10(电量323<44+300)
      [UAV RTB] white_uav2(电量296<12+300)
      [UAV LAND] white_uav2->white_usv8
      [UAV LAND] white_uav3->white_usv6
      [UAV RTB] white_uav5(电量297<11+300)
      [UAV LAND] white_uav5->white_usv8
      [UAV LAND] white_uav7->white_usv8
      [UAV LAND] white_uav6->white_usv8
      [UAV RTB] white_uav2(电量267<3+300)
      [UAV LAND] white_uav2->white_usv8
      [UAV RTB] white_uav3(电量267<10+300)
      [UAV LAND] white_uav3->white_usv6
      [UAV RTB] white_uav5(电量268<2+300)
      [UAV LAND] white_uav5->white_usv8
      [UAV LAND] white_uav10->white_usv8
      [UAV LAND] white_uav8->white_usv6
      [UAV LAND] white_uav4->white_usv6
      [UAV RTB] white_uav7(电量273<21+300)
      [UAV RTB] white_uav6(电量274<13+300)
      [UAV LAND] white_uav6->white_usv8
      [UAV RTB] white_uav2(电量236<10+300)
      [UAV LAND] white_uav2->white_usv8
      [UAV RTB] white_uav3(电量236<6+300)
      [UAV LAND] white_uav3->white_usv6
      [UAV RTB] white_uav5(电量237<7+300)
      [UAV LAND] white_uav5->white_usv8
      [UAV RTB] white_uav10(电量237<7+300)
      [UAV LAND] white_uav10->white_usv8
      [UAV LAND] white_uav9->white_usv6
      [UAV RTB] white_uav8(电量240<5+300)
      [UAV LAND] white_uav8->white_usv6
      [UAV RTB] white_uav4(电量241<19+300)
      [UAV LAND] white_uav4->white_usv6
      [UAV LAND] white_uav7->white_usv8
      [UAV RTB] white_uav6(电量243<3+300)
      [UAV LAND] white_uav6->white_usv8
      [UAV RTB] white_uav2(电量202<5+300)
      [UAV LAND] white_uav2->white_usv8
      [UAV RTB] white_uav3(电量202<12+300)
      [UAV LAND] white_uav3->white_usv6
      [UAV RTB] white_uav5(电量203<4+300)
      [UAV LAND] white_uav5->white_usv8
      [UAV RTB] white_uav10(电量203<11+300)
      [UAV LAND] white_uav10->white_usv8
      [UAV RTB] white_uav9(电量204<10+300)
      [UAV LAND] white_uav9->white_usv6
      [UAV RTB] white_uav8(电量206<4+300)
      [UAV LAND] white_uav8->white_usv6
      [UAV RTB] white_uav4(电量207<5+300)
      [UAV LAND] white_uav4->white_usv6
      [UAV RTB] white_uav7(电量208<12+300)
      [UAV LAND] white_uav7->white_usv8
      [UAV RTB] white_uav6(电量209<8+300)
      [UAV LAND] white_uav6->white_usv8
[t=24,812s] step=750 | MISSION=GLOBAL_R | USV: 3/10 (avail=3 int=0 lock=0 frz=0) | UAV: air=0 rtb=1 chg=9 loiter=0 | TRACKS: vis=0 lost=0 engaged=0 | TOP:  | KILL=19 | ACTIONS=13 | INTENT: focus=2 ratio=0.20
      [DETECT] black_usv1
      [ASSIGN] white_usv6->black_usv1
      [ASSIGN] white_usv8->black_usv1
      [ASSIGN] white_usv7->black_usv1
      [UAV RTB] white_uav2(电量170<1+300)
      [UAV LAND] white_uav2->white_usv8
      [UAV RTB] white_uav3(电量170<6+300)
      [UAV LAND] white_uav3->white_usv6
      [UAV RTB] white_uav5(电量171<2+300)
      [UAV LAND] white_uav5->white_usv8
      [UAV RTB] white_uav10(电量171<15+300)
      [UAV LAND] white_uav10->white_usv8
      [UAV RTB] white_uav9(电量172<8+300)
      [UAV LAND] white_uav9->white_usv6
      [UAV RTB] white_uav8(电量174<5+300)
      [UAV LAND] white_uav8->white_usv6
      [UAV RTB] white_uav4(电量175<4+300)
      [UAV LAND] white_uav4->white_usv6
      [UAV RTB] white_uav7(电量176<3+300)
      [UAV LAND] white_uav7->white_usv8
      [UAV RTB] white_uav6(电量177<2+300)
      [UAV LAND] white_uav6->white_usv8
      [UAV RTB] white_uav2(电量137<10+300)
      [UAV LAND] white_uav2->white_usv8
      [UAV RTB] white_uav3(电量137<3+300)
      [UAV LAND] white_uav3->white_usv6
      [UAV RTB] white_uav5(电量138<8+300)
      [UAV LAND] white_uav5->white_usv8
      [UAV RTB] white_uav10(电量138<5+300)
      [UAV LAND] white_uav10->white_usv8
      [UAV RTB] white_uav9(电量139<14+300)
      [UAV LAND] white_uav9->white_usv6
      [UAV RTB] white_uav8(电量141<4+300)
      [UAV LAND] white_uav8->white_usv6
      [UAV RTB] white_uav4(电量142<2+300)
      [UAV LAND] white_uav4->white_usv6
      [UAV RTB] white_uav7(电量143<2+300)
      [UAV LAND] white_uav7->white_usv8
      [UAV RTB] white_uav6(电量144<6+300)
      [UAV LAND] white_uav6->white_usv8
      [UAV RTB] white_uav2(电量104<12+300)
      [UAV LAND] white_uav2->white_usv8
      [UAV RTB] white_uav3(电量104<5+300)
      [UAV LAND] white_uav3->white_usv6
      [UAV RTB] white_uav5(电量105<11+300)
      [UAV LAND] white_uav5->white_usv8
      [UAV RTB] white_uav10(电量105<3+300)
      [UAV LAND] white_uav10->white_usv8
      [UAV RTB] white_uav9(电量106<4+300)
      [UAV LAND] white_uav9->white_usv6
      [UAV RTB] white_uav8(电量108<3+300)
      [UAV LAND] white_uav8->white_usv6
      [UAV RTB] white_uav4(电量109<13+300)
      [UAV LAND] white_uav4->white_usv6
      [UAV RTB] white_uav7(电量110<10+300)
      [UAV LAND] white_uav7->white_usv8
      [UAV RTB] white_uav6(电量111<10+300)
      [UAV LAND] white_uav6->white_usv8
      [UAV RTB] white_uav2(电量71<2+300)
      [UAV LAND] white_uav2->white_usv8
      [UAV RTB] white_uav3(电量71<6+300)
      [UAV LAND] white_uav3->white_usv6
      [UAV RTB] white_uav5(电量72<2+300)
      [UAV LAND] white_uav5->white_usv8
      [UAV RTB] white_uav10(电量72<5+300)
      [UAV LAND] white_uav10->white_usv8
      [UAV RTB] white_uav9(电量73<4+300)
      [UAV LAND] white_uav9->white_usv6
      [UAV LAND] white_uav1->white_usv6
      [UAV RTB] white_uav8(电量75<5+300)
      [UAV LAND] white_uav8->white_usv6
      [UAV RTB] white_uav4(电量76<3+300)
      [UAV LAND] white_uav4->white_usv6
      [UAV RTB] white_uav7(电量77<2+300)
      [UAV LAND] white_uav7->white_usv8
      [UAV RTB] white_uav6(电量78<0+300)
      [UAV LAND] white_uav6->white_usv8
      [UAV RTB] white_uav2(电量35<13+300)
      [UAV LAND] white_uav2->white_usv8
      [UAV RTB] white_uav3(电量35<3+300)
      [UAV LAND] white_uav3->white_usv6
      [UAV RTB] white_uav5(电量36<11+300)
      [UAV LAND] white_uav5->white_usv8
      [UAV RTB] white_uav10(电量36<3+300)
      [UAV LAND] white_uav10->white_usv8
      [UAV RTB] white_uav9(电量37<8+300)
      [UAV LAND] white_uav9->white_usv6
      [UAV RTB] white_uav1(电量38<0+300)
      [UAV LAND] white_uav1->white_usv6
      [UAV RTB] white_uav8(电量39<3+300)
      [UAV LAND] white_uav8->white_usv6
      [UAV RTB] white_uav4(电量40<4+300)
      [UAV LAND] white_uav4->white_usv6
      [UAV RTB] white_uav7(电量41<1+300)
      [UAV LAND] white_uav7->white_usv8
      [UAV RTB] white_uav6(电量42<4+300)
      [UAV LAND] white_uav6->white_usv8
      [UAV RTB] white_uav2(电量3<13+300)
      [UAV RTB] white_uav3(电量3<6+300)
      [UAV RTB] white_uav5(电量4<15+300)
      [UAV RTB] white_uav10(电量4<4+300)
      [UAV RTB] white_uav9(电量5<1+300)
      [UAV RTB] white_uav1(电量6<9+300)
      [UAV RTB] white_uav8(电量7<3+300)
      [UAV RTB] white_uav4(电量8<16+300)
      [UAV RTB] white_uav7(电量9<13+300)
      [UAV LAND] white_uav7->white_usv8
      [UAV RTB] white_uav6(电量10<11+300)
      [UAV LAND] white_uav6->white_usv8
[t=25,087s] step=760 | MISSION=NORMAL_C | USV: 3/10 (avail=0 int=3 lock=0 frz=0) | UAV: air=0 rtb=0 chg=0 loiter=0 | TRACKS: vis=1 lost=0 engaged=0 | TOP: black_usv1(x94,971) | KILL=19 | ACTIONS=3 | INTENT: focus=2 ratio=0.20
[t=25,275s] step=770 | MISSION=NORMAL_C | USV: 3/10 (avail=0 int=3 lock=0 frz=0) | UAV: air=0 rtb=0 chg=0 loiter=0 | TRACKS: vis=1 lost=0 engaged=0 | TOP: black_usv1(x94,714) | KILL=19 | ACTIONS=3 | INTENT: focus=2 ratio=0.20
[t=25,466s] step=780 | MISSION=NORMAL_C | USV: 3/10 (avail=0 int=2 lock=1 frz=0) | UAV: air=0 rtb=0 chg=0 loiter=0 | TRACKS: vis=1 lost=0 engaged=1 | TOP: black_usv1(x94,453) | KILL=19 | ACTIONS=3 | INTENT: focus=2 ratio=0.20
[t=25,654s] step=790 | MISSION=NORMAL_C | USV: 3/10 (avail=0 int=1 lock=2 frz=0) | UAV: air=0 rtb=0 chg=0 loiter=0 | TRACKS: vis=1 lost=0 engaged=1 | TOP: black_usv1(x94,258) | KILL=19 | ACTIONS=3 | INTENT: focus=2 ratio=0.20
[t=25,843s] step=800 | MISSION=NORMAL_C | USV: 3/10 (avail=0 int=1 lock=2 frz=0) | UAV: air=0 rtb=0 chg=0 loiter=0 | TRACKS: vis=1 lost=0 engaged=1 | TOP: black_usv1(x94,258) | KILL=19 | ACTIONS=3 | INTENT: focus=2 ratio=0.20

========================================================================
对局结果: Result.Victory — 敌方所有单位被击毁
  击杀蓝舰: 20 | 命中: 40 | 我方USV损失: 7 | UAV损失: 10 | 突破: 0
[META] result=Result.Victory victory_time=26034 first_detection=1854 first_lock=7408 first_kill=8320 enemy_kills=20 friendly_usv_losses=7 friendly_uav_losses=10 black_breakthrough=0 reacquire_attempts=226 reacquire_success=226 sensor_assisted_locks=117 low_conf_commitments=0 global_reacquire_entries=5 global_reacquire_success=5 coverage_collapse_events=58 active_clusters_max=1 coverage_quality_final=0.07 commander_source=default_intent commander_calls=0 commander_changes=0 commander_no_change=0 commander_parse_failures=0 commander_api_failures=0 commander_policy_failures=0 commander_avg_latency=0.0
Done
