========================================================================
HYBRID AGENT V5 — Variable-Cardinality Hierarchical Maritime Agent
  启用UAV: True | LLM_ENABLED: False
========================================================================
对局 57 开始
      [UAV RELAUNCH] white_uav4
      [UAV RELAUNCH] white_uav8
      [UAV RELAUNCH] white_uav2
      [UAV RELAUNCH] white_uav5
      [UAV RELAUNCH] white_uav9
      [UAV RELAUNCH] white_uav6
      [UAV RELAUNCH] white_uav7
      [UAV RELAUNCH] white_uav10
      [UAV RELAUNCH] white_uav1
      [UAV RELAUNCH] white_uav3
[t=264s] step=10 | MISSION=NORMAL_C | USV: 10/10 (avail=10 int=0 lock=0 frz=0) | UAV: air=10 rtb=0 chg=0 loiter=0 | TRACKS: vis=0 lost=0 engaged=0 | TOP:  | KILL=0 | ACTIONS=20 | INTENT: focus=2 ratio=0.20
  [INTENT APPLIED]
    ThreatAllocator: focus 2 emergency 3 reserve_ratio 0.20 reserve_usvs None bias breakthrough_eta
    UAVManager: mode search_and_reacquire uav_priority []
[t=551s] step=20 | MISSION=NORMAL_C | USV: 10/10 (avail=10 int=0 lock=0 frz=0) | UAV: air=10 rtb=0 chg=0 loiter=0 | TRACKS: vis=0 lost=0 engaged=0 | TOP:  | KILL=0 | ACTIONS=20 | INTENT: focus=2 ratio=0.20
[t=839s] step=30 | MISSION=NORMAL_C | USV: 10/10 (avail=10 int=0 lock=0 frz=0) | UAV: air=10 rtb=0 chg=0 loiter=0 | TRACKS: vis=0 lost=0 engaged=0 | TOP:  | KILL=0 | ACTIONS=20 | INTENT: focus=2 ratio=0.20
[t=1,126s] step=40 | MISSION=NORMAL_C | USV: 10/10 (avail=10 int=0 lock=0 frz=0) | UAV: air=10 rtb=0 chg=0 loiter=0 | TRACKS: vis=0 lost=0 engaged=0 | TOP:  | KILL=0 | ACTIONS=20 | INTENT: focus=2 ratio=0.20
[t=1,416s] step=50 | MISSION=NORMAL_C | USV: 10/10 (avail=10 int=0 lock=0 frz=0) | UAV: air=10 rtb=0 chg=0 loiter=0 | TRACKS: vis=0 lost=0 engaged=0 | TOP:  | KILL=0 | ACTIONS=20 | INTENT: focus=2 ratio=0.20
[t=1,707s] step=60 | MISSION=NORMAL_C | USV: 10/10 (avail=10 int=0 lock=0 frz=0) | UAV: air=10 rtb=0 chg=0 loiter=0 | TRACKS: vis=0 lost=0 engaged=0 | TOP:  | KILL=0 | ACTIONS=20 | INTENT: focus=2 ratio=0.20
      [DETECT] black_usv11
      [DETECT] black_usv9
      [DETECT] black_usv14
      [DETECT] black_usv10
      [DETECT] black_usv7
      [DETECT] black_usv12
      [DETECT] black_usv8
      [DETECT] black_usv13
      [ASSIGN] white_usv5->black_usv8
      [ASSIGN] white_usv7->black_usv13
      [ASSIGN] white_usv8->black_usv12
      [ASSIGN] white_usv6->black_usv11
      [ASSIGN] white_usv1->black_usv7
      [ASSIGN] white_usv3->black_usv10
      [ASSIGN] white_usv2->black_usv9
      [ASSIGN] white_usv9->black_usv14
      [DETECT] black_usv15
      [DETECT] black_usv17
      [DETECT] black_usv4
      [DETECT] black_usv6
      [DETECT] black_usv16
      [ASSIGN] white_usv4->black_usv15
      [ASSIGN] white_usv10->black_usv17
      [DETECT] black_usv5
      [DETECT] black_usv3
      [DETECT] black_usv18
      [DETECT] black_usv19
      [DETECT] black_usv20
      [DETECT] black_usv2
      [DETECT] black_usv1
[t=2,009s] step=70 | MISSION=NORMAL_C | USV: 10/10 (avail=0 int=10 lock=0 frz=0) | UAV: air=10 rtb=0 chg=0 loiter=0 | TRACKS: vis=19 lost=1 engaged=0 | TOP: black_usv4(x241,851) black_usv6(x242,063) black_usv18(x242,149) | KILL=0 | ACTIONS=20 | INTENT: focus=2 ratio=0.20
[t=2,313s] step=80 | MISSION=NORMAL_C | USV: 10/10 (avail=0 int=10 lock=0 frz=0) | UAV: air=10 rtb=0 chg=0 loiter=0 | TRACKS: vis=18 lost=2 engaged=0 | TOP: black_usv4(x239,140) black_usv6(x239,388) black_usv18(x239,489) | KILL=0 | ACTIONS=20 | INTENT: focus=2 ratio=0.20
[t=2,614s] step=90 | MISSION=NORMAL_C | USV: 10/10 (avail=0 int=10 lock=0 frz=0) | UAV: air=10 rtb=0 chg=0 loiter=0 | TRACKS: vis=19 lost=1 engaged=0 | TOP: black_usv6(x236,739) black_usv18(x236,854) black_usv3(x238,260) | KILL=0 | ACTIONS=20 | INTENT: focus=2 ratio=0.20
[t=2,914s] step=100 | MISSION=NORMAL_C | USV: 10/10 (avail=0 int=10 lock=0 frz=0) | UAV: air=10 rtb=0 chg=0 loiter=0 | TRACKS: vis=19 lost=0 engaged=0 | TOP: black_usv6(x234,099) black_usv18(x234,229) black_usv3(x235,809) | KILL=0 | ACTIONS=20 | INTENT: focus=2 ratio=0.20
      [DETECT] black_usv1
[t=3,213s] step=110 | MISSION=NORMAL_C | USV: 10/10 (avail=0 int=10 lock=0 frz=0) | UAV: air=10 rtb=0 chg=0 loiter=0 | TRACKS: vis=20 lost=0 engaged=0 | TOP: black_usv6(x231,468) black_usv18(x231,612) black_usv3(x233,366) | KILL=0 | ACTIONS=20 | INTENT: focus=2 ratio=0.20
[t=3,499s] step=120 | MISSION=NORMAL_C | USV: 10/10 (avail=0 int=10 lock=0 frz=0) | UAV: air=10 rtb=0 chg=0 loiter=0 | TRACKS: vis=18 lost=2 engaged=0 | TOP: black_usv6(x228,951) black_usv18(x229,108) black_usv3(x231,030) | KILL=0 | ACTIONS=20 | INTENT: focus=2 ratio=0.20
      [DETECT] black_usv1
[t=3,762s] step=130 | MISSION=NORMAL_C | USV: 10/10 (avail=0 int=10 lock=0 frz=0) | UAV: air=10 rtb=0 chg=0 loiter=0 | TRACKS: vis=19 lost=1 engaged=0 | TOP: black_usv6(x226,637) black_usv18(x226,806) black_usv3(x228,881) | KILL=0 | ACTIONS=20 | INTENT: focus=2 ratio=0.20
[t=4,049s] step=140 | MISSION=NORMAL_C | USV: 10/10 (avail=0 int=10 lock=0 frz=0) | UAV: air=10 rtb=0 chg=0 loiter=0 | TRACKS: vis=16 lost=4 engaged=0 | TOP: black_usv6(x224,111) black_usv18(x224,294) black_usv3(x226,536) | KILL=0 | ACTIONS=20 | INTENT: focus=2 ratio=0.20
[t=4,346s] step=150 | MISSION=NORMAL_C | USV: 10/10 (avail=0 int=10 lock=0 frz=0) | UAV: air=10 rtb=0 chg=0 loiter=0 | TRACKS: vis=20 lost=0 engaged=0 | TOP: black_usv6(x221,498) black_usv18(x221,695) black_usv3(x224,109) | KILL=0 | ACTIONS=20 | INTENT: focus=2 ratio=0.20
[t=4,638s] step=160 | MISSION=NORMAL_C | USV: 10/10 (avail=0 int=10 lock=0 frz=0) | UAV: air=10 rtb=0 chg=0 loiter=0 | TRACKS: vis=20 lost=0 engaged=0 | TOP: black_usv6(x218,928) black_usv3(x221,724) black_usv19(x222,494) | KILL=0 | ACTIONS=20 | INTENT: focus=2 ratio=0.20
[t=4,937s] step=170 | MISSION=NORMAL_C | USV: 10/10 (avail=0 int=10 lock=0 frz=0) | UAV: air=10 rtb=0 chg=0 loiter=0 | TRACKS: vis=20 lost=0 engaged=0 | TOP: black_usv6(x216,297) black_usv3(x219,281) black_usv19(x220,103) | KILL=0 | ACTIONS=20 | INTENT: focus=2 ratio=0.20
[t=5,232s] step=180 | MISSION=NORMAL_C | USV: 10/10 (avail=0 int=10 lock=0 frz=0) | UAV: air=10 rtb=0 chg=0 loiter=0 | TRACKS: vis=16 lost=4 engaged=0 | TOP: black_usv6(x213,701) black_usv3(x216,870) black_usv19(x217,743) | KILL=0 | ACTIONS=20 | INTENT: focus=2 ratio=0.20
[t=5,533s] step=190 | MISSION=NORMAL_C | USV: 10/10 (avail=0 int=10 lock=0 frz=0) | UAV: air=10 rtb=0 chg=0 loiter=0 | TRACKS: vis=18 lost=0 engaged=0 | TOP: black_usv6(x211,052) black_usv3(x214,411) black_usv2(x218,422) | KILL=0 | ACTIONS=20 | INTENT: focus=2 ratio=0.20
[t=5,838s] step=200 | MISSION=NORMAL_C | USV: 10/10 (avail=0 int=10 lock=0 frz=0) | UAV: air=10 rtb=0 chg=0 loiter=0 | TRACKS: vis=18 lost=0 engaged=0 | TOP: black_usv6(x208,368) black_usv3(x211,919) black_usv2(x216,159) | KILL=0 | ACTIONS=20 | INTENT: focus=2 ratio=0.20
[t=6,141s] step=210 | MISSION=NORMAL_C | USV: 10/10 (avail=0 int=10 lock=0 frz=0) | UAV: air=10 rtb=0 chg=0 loiter=0 | TRACKS: vis=18 lost=0 engaged=0 | TOP: black_usv3(x209,444) black_usv6(x205,374) black_usv2(x213,911) | KILL=0 | ACTIONS=20 | INTENT: focus=2 ratio=0.20
      [DETECT] black_usv19
      [DETECT] black_usv20
[t=6,448s] step=220 | MISSION=NORMAL_C | USV: 10/10 (avail=0 int=10 lock=0 frz=0) | UAV: air=10 rtb=0 chg=0 loiter=0 | TRACKS: vis=17 lost=3 engaged=0 | TOP: black_usv19(x208,019) black_usv2(x211,634) black_usv20(x212,549) | KILL=0 | ACTIONS=20 | INTENT: focus=2 ratio=0.20
      [DETECT] black_usv2
      [DETECT] black_usv1
[t=6,760s] step=230 | MISSION=NORMAL_C | USV: 10/10 (avail=0 int=10 lock=0 frz=0) | UAV: air=10 rtb=0 chg=0 loiter=0 | TRACKS: vis=19 lost=1 engaged=0 | TOP: black_usv19(x205,524) black_usv2(x209,319) black_usv20(x210,280) | KILL=0 | ACTIONS=20 | INTENT: focus=2 ratio=0.20
[t=7,074s] step=240 | MISSION=NORMAL_C | USV: 10/10 (avail=0 int=10 lock=0 frz=0) | UAV: air=10 rtb=0 chg=0 loiter=0 | TRACKS: vis=18 lost=2 engaged=0 | TOP: black_usv19(x203,013) black_usv2(x206,989) black_usv20(x207,996) | KILL=0 | ACTIONS=20 | INTENT: focus=2 ratio=0.20
      [ASSIGN] white_usv7->black_usv11(机会锁定)
      [ASSIGN] white_usv8->black_usv13(机会锁定)
      [ASSIGN] white_usv3->black_usv8(机会锁定)
      [ASSIGN] white_usv2->black_usv8(机会锁定)
[t=7,395s] step=250 | MISSION=NORMAL_C | USV: 10/10 (avail=0 int=8 lock=2 frz=0) | UAV: air=10 rtb=0 chg=0 loiter=0 | TRACKS: vis=15 lost=4 engaged=1 | TOP: black_usv13(x186,867) black_usv2(x204,608) black_usv20(x205,662) | KILL=0 | ACTIONS=20 | INTENT: focus=2 ratio=0.20
      [ASSIGN] white_usv9->black_usv13(机会锁定)
      [ASSIGN] white_usv1->black_usv8(机会锁定)
      [ASSIGN] white_usv4->black_usv13(机会锁定)
      [ASSIGN] white_usv10->black_usv13(机会锁定)
      [ASSIGN] white_usv6->black_usv9(机会锁定)
      [ASSIGN] white_usv5->black_usv10(机会锁定)
      [ASSIGN] white_usv8->black_usv11(机会锁定)
      [ASSIGN] white_usv1->black_usv10(机会锁定)
      [ASSIGN] white_usv3->black_usv10(机会锁定)
      [ASSIGN] white_usv2->black_usv10(机会锁定)
[t=7,712s] step=260 | MISSION=NORMAL_C | USV: 10/10 (avail=0 int=6 lock=4 frz=0) | UAV: air=10 rtb=0 chg=0 loiter=0 | TRACKS: vis=16 lost=0 engaged=2 | TOP: black_usv12(x189,617) black_usv7(x189,178) black_usv11(x183,298) | KILL=2 | ACTIONS=20 | INTENT: focus=2 ratio=0.20
      [ASSIGN] white_usv8->black_usv12(机会锁定)
      [ASSIGN] white_usv9->black_usv17(机会锁定)
      [ASSIGN] white_usv4->black_usv11(机会锁定)
      [ASSIGN] white_usv10->black_usv15(机会锁定)
      [ASSIGN] white_usv7->black_usv13(机会锁定)
      [ASSIGN] white_usv4->black_usv13(机会锁定)
      [ASSIGN] white_usv7->black_usv11(机会锁定)
      [ASSIGN] white_usv4->black_usv11(机会锁定)
      [ASSIGN] white_usv7->black_usv13(机会锁定)
      [ASSIGN] white_usv4->black_usv13(机会锁定)
      [ASSIGN] white_usv7->black_usv11(机会锁定)
      [ASSIGN] white_usv4->black_usv11(机会锁定)
      [ASSIGN] white_usv7->black_usv13(机会锁定)
      [ASSIGN] white_usv4->black_usv13(机会锁定)
      [ASSIGN] white_usv5->black_usv8(机会锁定)
      [ASSIGN] white_usv6->black_usv11(机会锁定)
      [ASSIGN] white_usv5->black_usv9(机会锁定)
      [ASSIGN] white_usv6->black_usv9(机会锁定)
      [ASSIGN] white_usv1->black_usv9(机会锁定)
      [ASSIGN] white_usv3->black_usv9(机会锁定)
      [ASSIGN] white_usv2->black_usv9(机会锁定)
[t=8,041s] step=270 | MISSION=NORMAL_C | USV: 10/10 (avail=0 int=7 lock=3 frz=0) | UAV: air=10 rtb=0 chg=0 loiter=0 | TRACKS: vis=15 lost=1 engaged=3 | TOP: black_usv7(x186,699) black_usv9(x181,315) black_usv11(x183,298) | KILL=4 | ACTIONS=20 | INTENT: focus=2 ratio=0.20
      [DETECT] black_usv20
      [DETECT] black_usv19
      [ASSIGN] white_usv8->black_usv11(机会锁定)
      [ASSIGN] white_usv8->black_usv12(机会锁定)
      [ASSIGN] white_usv9->black_usv12(机会锁定)
      [ASSIGN] white_usv7->black_usv11(机会锁定)
      [ASSIGN] white_usv10->black_usv17(机会锁定)
      [ASSIGN] white_usv7->black_usv13(机会锁定)
      [ASSIGN] white_usv7->black_usv11(机会锁定)
      [ASSIGN] white_usv7->black_usv13(机会锁定)
      [KILL] black_usv11
      [KILL] black_usv8
      [ASSIGN] white_usv6->black_usv13(机会锁定)
      [ASSIGN] white_usv1->black_usv10(机会锁定)
      [ASSIGN] white_usv2->black_usv10(机会锁定)
      [KILL] black_usv13
      [RELEASE] white_usv7->black_usv13(目标失效)
      [ASSIGN] white_usv7->black_usv9(机会锁定)
      [RELEASE] white_usv6->black_usv13(目标失效)
      [ASSIGN] white_usv6->black_usv9(机会锁定)
      [ASSIGN] white_usv1->black_usv9(机会锁定)
      [ASSIGN] white_usv2->black_usv9(机会锁定)
      [RELEASE] white_usv4->black_usv13(目标失效)
      [ASSIGN] white_usv4->black_usv12(机会锁定)
[t=8,403s] step=280 | MISSION=NORMAL_C | USV: 8/10 (avail=0 int=5 lock=3 frz=0) | UAV: air=10 rtb=0 chg=0 loiter=0 | TRACKS: vis=14 lost=1 engaged=2 | TOP: black_usv19(x190,242) black_usv20(x195,990) black_usv9(x180,715) | KILL=5 | ACTIONS=18 | INTENT: focus=2 ratio=0.20
      [ASSIGN] white_usv7->black_usv12(机会锁定)
      [ASSIGN] white_usv8->black_usv16(机会锁定)
      [ASSIGN] white_usv1->black_usv7(机会锁定)
      [ASSIGN] white_usv2->black_usv10(机会锁定)
      [ASSIGN] white_usv9->black_usv16(机会锁定)
      [ASSIGN] white_usv7->black_usv9(机会锁定)
      [ASSIGN] white_usv2->black_usv9(机会锁定)
      [ASSIGN] white_usv10->black_usv14(机会锁定)
      [ASSIGN] white_usv7->black_usv12(机会锁定)
      [ASSIGN] white_usv2->black_usv10(机会锁定)
      [ASSIGN] white_usv7->black_usv17(机会锁定)
      [ASSIGN] white_usv2->black_usv9(机会锁定)
      [ASSIGN] white_usv4->black_usv17(机会锁定)
      [ASSIGN] white_usv2->black_usv10(机会锁定)
      [KILL] black_usv10
      [RELEASE] white_usv2->black_usv10(目标失效)
      [ASSIGN] white_usv2->black_usv9(机会锁定)
      [ASSIGN] white_usv2->black_usv7(机会锁定)
      [ASSIGN] white_usv8->black_usv12(机会锁定)
      [ASSIGN] white_usv1->black_usv5(机会锁定)
      [ASSIGN] white_usv9->black_usv15(机会锁定)
[t=8,776s] step=290 | MISSION=NORMAL_C | USV: 8/10 (avail=0 int=4 lock=4 frz=0) | UAV: air=10 rtb=0 chg=0 loiter=0 | TRACKS: vis=13 lost=1 engaged=3 | TOP: black_usv19(x186,595) black_usv12(x185,427) black_usv15(x182,276) | KILL=7 | ACTIONS=18 | INTENT: focus=2 ratio=0.20
      [DETECT] black_usv2
      [ASSIGN] white_usv8->black_usv16(机会锁定)
      [ASSIGN] white_usv10->black_usv16(机会锁定)
      [ASSIGN] white_usv8->black_usv12(机会锁定)
      [ASSIGN] white_usv10->black_usv14(机会锁定)
      [ASSIGN] white_usv7->black_usv16(机会锁定)
      [ASSIGN] white_usv8->black_usv16(机会锁定)
      [ASSIGN] white_usv4->black_usv16(机会锁定)
      [ASSIGN] white_usv7->black_usv12(机会锁定)
      [ASSIGN] white_usv8->black_usv12(机会锁定)
      [ASSIGN] white_usv4->black_usv12(机会锁定)
      [KILL] black_usv9
      [ASSIGN] white_usv7->black_usv16(机会锁定)
      [ASSIGN] white_usv8->black_usv16(机会锁定)
      [RELEASE] white_usv6->black_usv9(目标失效)
      [ASSIGN] white_usv4->black_usv16(机会锁定)
      [ASSIGN] white_usv7->black_usv12(机会锁定)
      [ASSIGN] white_usv8->black_usv12(机会锁定)
      [ASSIGN] white_usv6->black_usv2
      [ASSIGN] white_usv2->black_usv6(机会锁定)
      [ASSIGN] white_usv4->black_usv12(机会锁定)
      [KILL] black_usv12
      [RELEASE] white_usv7->black_usv12(目标失效)
      [ASSIGN] white_usv7->black_usv16(机会锁定)
      [RELEASE] white_usv8->black_usv12(目标失效)
      [ASSIGN] white_usv8->black_usv16(机会锁定)
      [RELEASE] white_usv4->black_usv12(目标失效)
      [ASSIGN] white_usv4->black_usv16(机会锁定)
      [ASSIGN] white_usv7->black_usv17(机会锁定)
      [ASSIGN] white_usv8->black_usv17(机会锁定)
      [ASSIGN] white_usv4->black_usv17(机会锁定)
      [ASSIGN] white_usv7->black_usv16(机会锁定)
      [ASSIGN] white_usv8->black_usv16(机会锁定)
      [ASSIGN] white_usv1->black_usv7(机会锁定)
      [ASSIGN] white_usv9->black_usv16(机会锁定)
      [ASSIGN] white_usv4->black_usv16(机会锁定)
      [ASSIGN] white_usv7->black_usv15(机会锁定)
      [ASSIGN] white_usv8->black_usv15(机会锁定)
      [ASSIGN] white_usv9->black_usv15(机会锁定)
      [ASSIGN] white_usv4->black_usv15(机会锁定)
[t=9,153s] step=300 | MISSION=NORMAL_C | USV: 8/10 (avail=0 int=5 lock=3 frz=0) | UAV: air=10 rtb=0 chg=0 loiter=0 | TRACKS: vis=12 lost=1 engaged=3 | TOP: black_usv19(x182,888) black_usv5(x178,312) black_usv15(x178,512) | KILL=8 | ACTIONS=18 | INTENT: focus=2 ratio=0.20
      [ASSIGN] white_usv10->black_usv16(机会锁定)
      [ASSIGN] white_usv10->black_usv14(机会锁定)
      [ASSIGN] white_usv10->black_usv16(机会锁定)
      [ASSIGN] white_usv10->black_usv14(机会锁定)
      [ASSIGN] white_usv10->black_usv16(机会锁定)
      [ASSIGN] white_usv2->black_usv5(机会锁定)
      [ASSIGN] white_usv10->black_usv14(机会锁定)
      [KILL] black_usv16
      [ASSIGN] white_usv10->black_usv17(机会锁定)
      [ASSIGN] white_usv10->black_usv14(机会锁定)
      [ASSIGN] white_usv1->black_usv6(机会锁定)
      [ASSIGN] white_usv10->black_usv17(机会锁定)
      [ASSIGN] white_usv9->black_usv14(机会锁定)
      [ASSIGN] white_usv4->black_usv14(机会锁定)
      [ASSIGN] white_usv10->black_usv14(机会锁定)
[t=9,490s] step=310 | MISSION=NORMAL_C | USV: 5/10 (avail=0 int=4 lock=1 frz=0) | UAV: air=10 rtb=0 chg=0 loiter=0 | TRACKS: vis=11 lost=1 engaged=1 | TOP: black_usv19(x179,518) black_usv18(x176,568) black_usv14(x179,892) | KILL=11 | ACTIONS=15 | INTENT: focus=2 ratio=0.20
      [KILL] black_usv17
      [ASSIGN] white_usv9->black_usv15(机会锁定)
      [ASSIGN] white_usv4->black_usv15(机会锁定)
      [ASSIGN] white_usv10->black_usv15(机会锁定)
      [ASSIGN] white_usv6->black_usv7(机会锁定)
      [ASSIGN] white_usv9->black_usv14(机会锁定)
      [ASSIGN] white_usv4->black_usv14(机会锁定)
      [ASSIGN] white_usv9->black_usv15(机会锁定)
      [ASSIGN] white_usv4->black_usv15(机会锁定)
      [ASSIGN] white_usv4->black_usv14(机会锁定)
      [KILL] black_usv14
      [ASSIGN] white_usv6->black_usv5(机会锁定)
      [ASSIGN] white_usv1->black_usv5(机会锁定)
      [RELEASE] white_usv4->black_usv14(目标失效)
      [ASSIGN] white_usv4->black_usv15(机会锁定)
      [ASSIGN] white_usv6->black_usv7(机会锁定)
      [ASSIGN] white_usv1->black_usv7(机会锁定)
      [ASSIGN] white_usv6->black_usv5(机会锁定)
      [ASSIGN] white_usv1->black_usv5(机会锁定)
[t=9,879s] step=320 | MISSION=NORMAL_C | USV: 5/10 (avail=0 int=5 lock=0 frz=0) | UAV: air=10 rtb=0 chg=0 loiter=0 | TRACKS: vis=9 lost=1 engaged=0 | TOP: black_usv19(x175,634) black_usv4(x171,700) black_usv18(x172,740) | KILL=13 | ACTIONS=15 | INTENT: focus=2 ratio=0.20
      [ASSIGN] white_usv6->black_usv7(机会锁定)
      [ASSIGN] white_usv1->black_usv7(机会锁定)
      [ASSIGN] white_usv6->black_usv5(机会锁定)
      [ASSIGN] white_usv1->black_usv5(机会锁定)
      [DETECT] black_usv1
      [ASSIGN] white_usv6->black_usv7(机会锁定)
      [ASSIGN] white_usv1->black_usv7(机会锁定)
      [KILL] black_usv7
      [RELEASE] white_usv6->black_usv7(目标失效)
      [ASSIGN] white_usv6->black_usv5(机会锁定)
      [RELEASE] white_usv1->black_usv7(目标失效)
      [ASSIGN] white_usv1->black_usv4(机会锁定)
      [ASSIGN] white_usv4->black_usv18(机会锁定)
      [KILL] black_usv15
      [ASSIGN] white_usv6->black_usv6(机会锁定)
      [RELEASE] white_usv9->black_usv15(目标失效)
      [RELEASE] white_usv10->black_usv15(目标失效)
      [ASSIGN] white_usv6->black_usv5(机会锁定)
      [ASSIGN] white_usv9->black_usv1
      [ASSIGN] white_usv10->black_usv19
      [ASSIGN] white_usv6->black_usv6(机会锁定)
      [ASSIGN] white_usv10->black_usv18(机会锁定)
      [ASSIGN] white_usv6->black_usv5(机会锁定)
      [ASSIGN] white_usv6->black_usv6(机会锁定)
      [KILL] black_usv5
[t=10,303s] step=330 | MISSION=NORMAL_C | USV: 5/10 (avail=0 int=2 lock=3 frz=0) | UAV: air=10 rtb=0 chg=0 loiter=0 | TRACKS: vis=7 lost=1 engaged=2 | TOP: black_usv19(x171,441) black_usv3(x179,293) black_usv2(x184,314) | KILL=13 | ACTIONS=15 | INTENT: focus=2 ratio=0.20
      [KILL] black_usv6
      [RELEASE] white_usv6->black_usv6(目标失效)
      [ASSIGN] white_usv6->black_usv4(机会锁定)
[t=10,707s] step=340 | MISSION=NORMAL_C | USV: 5/10 (avail=0 int=4 lock=1 frz=0) | UAV: air=10 rtb=0 chg=0 loiter=0 | TRACKS: vis=6 lost=1 engaged=1 | TOP: black_usv19(x167,460) black_usv3(x175,963) black_usv2(x181,549) | KILL=14 | ACTIONS=15 | INTENT: focus=2 ratio=0.20
      [RELEASE] white_usv9->black_usv1(目标失效)
      [ASSIGN] white_usv9->black_usv19
      [DETECT] black_usv1
      [ASSIGN] white_usv9->black_usv18(机会锁定)
[t=11,150s] step=350 | MISSION=NORMAL_C | USV: 5/10 (avail=0 int=3 lock=2 frz=0) | UAV: air=10 rtb=0 chg=0 loiter=0 | TRACKS: vis=6 lost=1 engaged=1 | TOP: black_usv3(x171,675) black_usv1(x186,052) black_usv2(x177,505) | KILL=14 | ACTIONS=15 | INTENT: focus=2 ratio=0.20
      [KILL] black_usv4
      [RELEASE] white_usv6->black_usv4(目标失效)
      [RELEASE] white_usv1->black_usv4(目标失效)
      [ASSIGN] white_usv6->black_usv20
      [ASSIGN] white_usv1->black_usv19
      [ASSIGN] white_usv10->black_usv19(机会锁定)
[t=11,615s] step=360 | MISSION=NORMAL_C | USV: 5/10 (avail=0 int=4 lock=1 frz=0) | UAV: air=10 rtb=0 chg=0 loiter=0 | TRACKS: vis=6 lost=0 engaged=1 | TOP: black_usv3(x167,078) black_usv2(x173,346) black_usv1(x182,238) | KILL=15 | ACTIONS=15 | INTENT: focus=2 ratio=0.20
      [ASSIGN] white_usv10->black_usv18(机会锁定)
      [KILL] black_usv18
      [RELEASE] white_usv9->black_usv18(目标失效)
      [ASSIGN] white_usv9->black_usv19(机会锁定)
      [RELEASE] white_usv4->black_usv18(目标失效)
      [RELEASE] white_usv10->black_usv18(目标失效)
      [ASSIGN] white_usv10->black_usv19(机会锁定)
      [ASSIGN] white_usv4->black_usv3
[t=12,073s] step=370 | MISSION=NORMAL_C | USV: 5/10 (avail=0 int=3 lock=2 frz=0) | UAV: air=10 rtb=0 chg=0 loiter=0 | TRACKS: vis=2 lost=3 engaged=1 | TOP: black_usv2(x169,512) black_usv1(x179,547) black_usv20(x162,830) | KILL=15 | ACTIONS=15 | INTENT: focus=2 ratio=0.20
[t=12,525s] step=380 | MISSION=NORMAL_C | USV: 5/10 (avail=0 int=5 lock=0 frz=0) | UAV: air=10 rtb=0 chg=0 loiter=0 | TRACKS: vis=4 lost=0 engaged=0 | TOP: black_usv2(x165,115) black_usv20(x159,047) black_usv3(x159,055) | KILL=16 | ACTIONS=15 | INTENT: focus=2 ratio=0.20
      [KILL] black_usv19
      [RELEASE] white_usv1->black_usv19(目标失效)
      [RELEASE] white_usv9->black_usv19(目标失效)
      [RELEASE] white_usv10->black_usv19(目标失效)
      [ASSIGN] white_usv1->black_usv2
      [ASSIGN] white_usv9->black_usv2
      [ASSIGN] white_usv10->black_usv20
[t=12,999s] step=390 | MISSION=NORMAL_C | USV: 5/10 (avail=0 int=5 lock=0 frz=0) | UAV: air=10 rtb=0 chg=0 loiter=0 | TRACKS: vis=1 lost=2 engaged=0 | TOP: black_usv3(x156,754) black_usv2(x160,439) black_usv20(x156,127) | KILL=16 | ACTIONS=15 | INTENT: focus=2 ratio=0.20
[t=13,465s] step=400 | MISSION=NORMAL_C | USV: 5/10 (avail=0 int=4 lock=1 frz=0) | UAV: air=10 rtb=0 chg=0 loiter=0 | TRACKS: vis=2 lost=1 engaged=1 | TOP: black_usv3(x153,503) black_usv20(x153,256) black_usv2(x155,811) | KILL=16 | ACTIONS=15 | INTENT: focus=2 ratio=0.20
      [RELEASE] white_usv1->black_usv2(目标失效)
      [RELEASE] white_usv9->black_usv2(目标失效)
      [ASSIGN] white_usv1->black_usv3
      [ASSIGN] white_usv9->black_usv20
[t=13,926s] step=410 | MISSION=NORMAL_C | USV: 5/10 (avail=0 int=4 lock=1 frz=0) | UAV: air=10 rtb=0 chg=0 loiter=0 | TRACKS: vis=1 lost=1 engaged=1 | TOP: black_usv20(x151,839) black_usv3(x152,130) | KILL=16 | ACTIONS=15 | INTENT: focus=2 ratio=0.20
[t=14,429s] step=420 | MISSION=NORMAL_C | USV: 5/10 (avail=0 int=5 lock=0 frz=0) | UAV: air=10 rtb=0 chg=0 loiter=0 | TRACKS: vis=2 lost=0 engaged=0 | TOP: black_usv20(x151,414) black_usv3(x150,631) | KILL=17 | ACTIONS=15 | INTENT: focus=2 ratio=0.20
      [KILL] black_usv20
      [RELEASE] white_usv6->black_usv20(目标失效)
      [RELEASE] white_usv9->black_usv20(目标失效)
      [RELEASE] white_usv10->black_usv20(目标失效)
      [ASSIGN] white_usv6->black_usv3
[t=14,951s] step=430 | MISSION=NORMAL_C | USV: 5/10 (avail=2 int=3 lock=0 frz=0) | UAV: air=10 rtb=0 chg=0 loiter=0 | TRACKS: vis=1 lost=0 engaged=0 | TOP: black_usv3(x149,678) | KILL=18 | ACTIONS=15 | INTENT: focus=2 ratio=0.20
      [KILL] black_usv3
      [RELEASE] white_usv6->black_usv3(目标失效)
      [RELEASE] white_usv1->black_usv3(目标失效)
      [RELEASE] white_usv4->black_usv3(目标失效)
[t=15,496s] step=440 | MISSION=GLOBAL_R | USV: 5/10 (avail=5 int=0 lock=0 frz=0) | UAV: air=10 rtb=0 chg=0 loiter=0 | TRACKS: vis=0 lost=0 engaged=0 | TOP:  | KILL=18 | ACTIONS=15 | INTENT: focus=2 ratio=0.20
      [DETECT] black_usv2
      [ASSIGN] white_usv6->black_usv2
      [ASSIGN] white_usv1->black_usv2
      [ASSIGN] white_usv4->black_usv2
[t=16,040s] step=450 | MISSION=NORMAL_C | USV: 5/10 (avail=2 int=3 lock=0 frz=0) | UAV: air=10 rtb=0 chg=0 loiter=0 | TRACKS: vis=1 lost=0 engaged=0 | TOP: black_usv2(x139,280) | KILL=18 | ACTIONS=15 | INTENT: focus=2 ratio=0.20
[t=16,565s] step=460 | MISSION=NORMAL_C | USV: 5/10 (avail=2 int=1 lock=2 frz=0) | UAV: air=10 rtb=0 chg=0 loiter=0 | TRACKS: vis=1 lost=0 engaged=1 | TOP: black_usv2(x137,188) | KILL=18 | ACTIONS=15 | INTENT: focus=2 ratio=0.20
[t=17,113s] step=470 | MISSION=NORMAL_C | USV: 5/10 (avail=2 int=3 lock=0 frz=0) | UAV: air=10 rtb=0 chg=0 loiter=0 | TRACKS: vis=1 lost=0 engaged=0 | TOP: black_usv2(x136,320) | KILL=19 | ACTIONS=15 | INTENT: focus=2 ratio=0.20
      [KILL] black_usv2
      [RELEASE] white_usv6->black_usv2(目标失效)
      [RELEASE] white_usv1->black_usv2(目标失效)
      [RELEASE] white_usv4->black_usv2(目标失效)
[t=17,671s] step=480 | MISSION=GLOBAL_R | USV: 5/10 (avail=5 int=0 lock=0 frz=0) | UAV: air=10 rtb=0 chg=0 loiter=0 | TRACKS: vis=0 lost=0 engaged=0 | TOP:  | KILL=19 | ACTIONS=15 | INTENT: focus=2 ratio=0.20
      [DETECT] black_usv1
      [ASSIGN] white_usv6->black_usv1
      [ASSIGN] white_usv1->black_usv1
      [ASSIGN] white_usv4->black_usv1
[t=18,278s] step=490 | MISSION=NORMAL_C | USV: 5/10 (avail=5 int=0 lock=0 frz=0) | UAV: air=10 rtb=0 chg=0 loiter=0 | TRACKS: vis=1 lost=0 engaged=0 | TOP: black_usv1(x131,774) | KILL=19 | ACTIONS=15 | INTENT: focus=2 ratio=0.20
[t=18,554s] step=500 | MISSION=NORMAL_C | USV: 5/10 (avail=2 int=3 lock=0 frz=0) | UAV: air=10 rtb=0 chg=0 loiter=0 | TRACKS: vis=0 lost=1 engaged=0 | TOP: black_usv1(x129,476) | KILL=19 | ACTIONS=15 | INTENT: focus=2 ratio=0.20
[t=18,810s] step=510 | MISSION=NORMAL_C | USV: 5/10 (avail=2 int=3 lock=0 frz=0) | UAV: air=10 rtb=0 chg=0 loiter=0 | TRACKS: vis=0 lost=1 engaged=0 | TOP: black_usv1(x128,423) | KILL=19 | ACTIONS=15 | INTENT: focus=2 ratio=0.20
[t=19,076s] step=520 | MISSION=NORMAL_C | USV: 5/10 (avail=2 int=2 lock=1 frz=0) | UAV: air=10 rtb=0 chg=0 loiter=0 | TRACKS: vis=1 lost=0 engaged=1 | TOP: black_usv1(x127,559) | KILL=19 | ACTIONS=15 | INTENT: focus=2 ratio=0.20
[t=19,337s] step=530 | MISSION=NORMAL_C | USV: 5/10 (avail=2 int=2 lock=1 frz=0) | UAV: air=10 rtb=0 chg=0 loiter=0 | TRACKS: vis=1 lost=0 engaged=1 | TOP: black_usv1(x126,964) | KILL=19 | ACTIONS=15 | INTENT: focus=2 ratio=0.20

========================================================================
对局结果: Result.Victory — 敌方所有单位被击毁
  击杀蓝舰: 20 | 命中: 40 | 我方USV损失: 5 | UAV损失: 0 | 突破: 0
[META] result=Result.Victory victory_time=19548 first_detection=1858 first_lock=7395 first_kill=8295 enemy_kills=20 friendly_usv_losses=5 friendly_uav_losses=0 black_breakthrough=0 reacquire_attempts=249 reacquire_success=249 sensor_assisted_locks=79 low_conf_commitments=0 global_reacquire_entries=2 global_reacquire_success=2 coverage_collapse_events=1 active_clusters_max=1 coverage_quality_final=0.34 commander_source=default_intent commander_calls=0 commander_changes=0 commander_no_change=0 commander_parse_failures=0 commander_api_failures=0 commander_policy_failures=0 commander_avg_latency=0.0
Done
