========================================================================
HYBRID AGENT V5 — Variable-Cardinality Hierarchical Maritime Agent
  启用UAV: True | LLM_ENABLED: False
========================================================================
对局 69 开始
      [UAV RELAUNCH] white_uav3
      [UAV RELAUNCH] white_uav8
      [UAV RELAUNCH] white_uav10
      [UAV RELAUNCH] white_uav14
      [UAV RELAUNCH] white_uav12
      [UAV RELAUNCH] white_uav13
      [UAV RELAUNCH] white_uav2
      [UAV RELAUNCH] white_uav1
      [UAV RELAUNCH] white_uav6
      [UAV RELAUNCH] white_uav7
      [UAV RELAUNCH] white_uav11
      [UAV RELAUNCH] white_uav15
      [UAV RELAUNCH] white_uav4
      [UAV RELAUNCH] white_uav5
      [UAV RELAUNCH] white_uav9
[t=282s] step=10 | MISSION=NORMAL_C | USV: 15/15 (avail=15 int=0 lock=0 frz=0) | UAV: air=15 rtb=0 chg=0 loiter=0 | TRACKS: vis=0 lost=0 engaged=0 | TOP:  | KILL=0 | ACTIONS=30 | INTENT: focus=2 ratio=0.20
  [INTENT APPLIED]
    ThreatAllocator: focus 2 emergency 3 reserve_ratio 0.20 reserve_usvs None bias breakthrough_eta
    UAVManager: mode search_and_reacquire uav_priority []
[t=602s] step=20 | MISSION=NORMAL_C | USV: 15/15 (avail=15 int=0 lock=0 frz=0) | UAV: air=15 rtb=0 chg=0 loiter=0 | TRACKS: vis=0 lost=0 engaged=0 | TOP:  | KILL=0 | ACTIONS=30 | INTENT: focus=2 ratio=0.20
[t=920s] step=30 | MISSION=NORMAL_C | USV: 15/15 (avail=15 int=0 lock=0 frz=0) | UAV: air=15 rtb=0 chg=0 loiter=0 | TRACKS: vis=0 lost=0 engaged=0 | TOP:  | KILL=0 | ACTIONS=30 | INTENT: focus=2 ratio=0.20
[t=1,218s] step=40 | MISSION=NORMAL_C | USV: 15/15 (avail=15 int=0 lock=0 frz=0) | UAV: air=15 rtb=0 chg=0 loiter=0 | TRACKS: vis=0 lost=0 engaged=0 | TOP:  | KILL=0 | ACTIONS=30 | INTENT: focus=2 ratio=0.20
[t=1,449s] step=50 | MISSION=NORMAL_C | USV: 15/15 (avail=15 int=0 lock=0 frz=0) | UAV: air=15 rtb=0 chg=0 loiter=0 | TRACKS: vis=0 lost=0 engaged=0 | TOP:  | KILL=0 | ACTIONS=30 | INTENT: focus=2 ratio=0.20
[t=1,739s] step=60 | MISSION=NORMAL_C | USV: 15/15 (avail=15 int=0 lock=0 frz=0) | UAV: air=15 rtb=0 chg=0 loiter=0 | TRACKS: vis=0 lost=0 engaged=0 | TOP:  | KILL=0 | ACTIONS=30 | INTENT: focus=2 ratio=0.20
      [DETECT] black_usv16
      [DETECT] black_usv17
      [DETECT] black_usv19
      [DETECT] black_usv15
      [DETECT] black_usv18
      [ASSIGN] white_usv3->black_usv17
      [ASSIGN] white_usv9->black_usv18
      [ASSIGN] white_usv11->black_usv19
      [ASSIGN] white_usv7->black_usv15
      [ASSIGN] white_usv8->black_usv16
      [ASSIGN] white_usv14->black_usv16
      [ASSIGN] white_usv12->black_usv18
      [ASSIGN] white_usv13->black_usv19
      [ASSIGN] white_usv1->black_usv18
      [ASSIGN] white_usv4->black_usv15
      [ASSIGN] white_usv5->black_usv16
      [ASSIGN] white_usv10->black_usv17
      [DETECT] black_usv20
      [DETECT] black_usv21
      [DETECT] black_usv14
      [DETECT] black_usv12
      [DETECT] black_usv22
      [DETECT] black_usv23
      [DETECT] black_usv13
      [ASSIGN] white_usv15->black_usv21
      [ASSIGN] white_usv2->black_usv22
      [DETECT] black_usv8
      [DETECT] black_usv24
      [DETECT] black_usv26
      [DETECT] black_usv11
      [DETECT] black_usv10
      [DETECT] black_usv25
      [ASSIGN] white_usv6->black_usv20
      [DETECT] black_usv9
      [DETECT] black_usv7
      [DETECT] black_usv27
      [DETECT] black_usv4
      [DETECT] black_usv28
      [DETECT] black_usv29
      [DETECT] black_usv6
[t=1,906s] step=70 | MISSION=NORMAL_C | USV: 15/15 (avail=0 int=15 lock=0 frz=0) | UAV: air=15 rtb=0 chg=0 loiter=0 | TRACKS: vis=25 lost=0 engaged=0 | TOP: black_usv12(x241,394) black_usv14(x241,476) black_usv25(x241,605) | KILL=0 | ACTIONS=30 | INTENT: focus=2 ratio=0.20
      [DETECT] black_usv5
      [DETECT] black_usv30
      [DETECT] black_usv3
      [DETECT] black_usv2
      [DETECT] black_usv1
[t=2,121s] step=80 | MISSION=NORMAL_C | USV: 15/15 (avail=0 int=15 lock=0 frz=0) | UAV: air=15 rtb=0 chg=0 loiter=0 | TRACKS: vis=29 lost=1 engaged=0 | TOP: black_usv12(x239,303) black_usv14(x239,396) black_usv25(x239,541) | KILL=0 | ACTIONS=30 | INTENT: focus=2 ratio=0.20
[t=2,429s] step=90 | MISSION=NORMAL_C | USV: 15/15 (avail=0 int=15 lock=0 frz=0) | UAV: air=15 rtb=0 chg=0 loiter=0 | TRACKS: vis=28 lost=2 engaged=0 | TOP: black_usv12(x236,309) black_usv14(x236,416) black_usv25(x236,584) | KILL=0 | ACTIONS=30 | INTENT: focus=2 ratio=0.20
[t=2,733s] step=100 | MISSION=NORMAL_C | USV: 15/15 (avail=0 int=15 lock=0 frz=0) | UAV: air=15 rtb=0 chg=0 loiter=0 | TRACKS: vis=27 lost=2 engaged=0 | TOP: black_usv12(x233,353) black_usv14(x233,475) black_usv25(x233,666) | KILL=0 | ACTIONS=30 | INTENT: focus=2 ratio=0.20
[t=3,049s] step=110 | MISSION=NORMAL_C | USV: 15/15 (avail=0 int=15 lock=0 frz=0) | UAV: air=15 rtb=0 chg=0 loiter=0 | TRACKS: vis=27 lost=1 engaged=0 | TOP: black_usv12(x230,280) black_usv14(x230,418) black_usv25(x230,633) | KILL=0 | ACTIONS=30 | INTENT: focus=2 ratio=0.20
[t=3,390s] step=120 | MISSION=NORMAL_C | USV: 15/15 (avail=0 int=15 lock=0 frz=0) | UAV: air=15 rtb=0 chg=0 loiter=0 | TRACKS: vis=27 lost=0 engaged=0 | TOP: black_usv12(x226,965) black_usv14(x227,119) black_usv25(x227,359) | KILL=0 | ACTIONS=30 | INTENT: focus=2 ratio=0.20
      [DETECT] black_usv3
[t=3,724s] step=130 | MISSION=NORMAL_C | USV: 15/15 (avail=0 int=15 lock=0 frz=0) | UAV: air=15 rtb=0 chg=0 loiter=0 | TRACKS: vis=28 lost=0 engaged=0 | TOP: black_usv12(x223,718) black_usv14(x223,888) black_usv25(x224,153) | KILL=0 | ACTIONS=30 | INTENT: focus=2 ratio=0.20
      [DETECT] black_usv2
      [DETECT] black_usv1
[t=4,060s] step=140 | MISSION=NORMAL_C | USV: 15/15 (avail=0 int=15 lock=0 frz=0) | UAV: air=15 rtb=0 chg=0 loiter=0 | TRACKS: vis=30 lost=0 engaged=0 | TOP: black_usv12(x220,414) black_usv14(x220,619) black_usv25(x220,863) | KILL=0 | ACTIONS=30 | INTENT: focus=2 ratio=0.20
[t=4,390s] step=150 | MISSION=NORMAL_C | USV: 15/15 (avail=0 int=15 lock=0 frz=0) | UAV: air=15 rtb=0 chg=0 loiter=0 | TRACKS: vis=21 lost=9 engaged=0 | TOP: black_usv25(x217,632) black_usv11(x218,313) black_usv29(x222,877) | KILL=0 | ACTIONS=30 | INTENT: focus=2 ratio=0.20
[t=4,724s] step=160 | MISSION=NORMAL_C | USV: 15/15 (avail=0 int=15 lock=0 frz=0) | UAV: air=15 rtb=0 chg=0 loiter=0 | TRACKS: vis=28 lost=1 engaged=0 | TOP: black_usv25(x214,329) black_usv11(x214,996) black_usv29(x220,070) | KILL=0 | ACTIONS=30 | INTENT: focus=2 ratio=0.20
[t=5,058s] step=170 | MISSION=NORMAL_C | USV: 15/15 (avail=0 int=15 lock=0 frz=0) | UAV: air=15 rtb=0 chg=0 loiter=0 | TRACKS: vis=29 lost=0 engaged=0 | TOP: black_usv29(x217,276) black_usv25(x211,227) black_usv10(x213,214) | KILL=0 | ACTIONS=30 | INTENT: focus=2 ratio=0.20
[t=5,376s] step=180 | MISSION=NORMAL_C | USV: 15/15 (avail=0 int=15 lock=0 frz=0) | UAV: air=15 rtb=0 chg=0 loiter=0 | TRACKS: vis=27 lost=2 engaged=0 | TOP: black_usv25(x208,296) black_usv10(x210,201) black_usv28(x212,494) | KILL=0 | ACTIONS=30 | INTENT: focus=2 ratio=0.20
[t=5,706s] step=190 | MISSION=NORMAL_C | USV: 15/15 (avail=0 int=15 lock=0 frz=0) | UAV: air=15 rtb=0 chg=0 loiter=0 | TRACKS: vis=29 lost=0 engaged=0 | TOP: black_usv25(x205,250) black_usv10(x207,069) black_usv28(x209,245) | KILL=0 | ACTIONS=30 | INTENT: focus=2 ratio=0.20
[t=6,047s] step=200 | MISSION=NORMAL_C | USV: 15/15 (avail=0 int=15 lock=0 frz=0) | UAV: air=15 rtb=0 chg=0 loiter=0 | TRACKS: vis=27 lost=2 engaged=0 | TOP: black_usv10(x203,755) black_usv27(x204,481) black_usv28(x205,841) | KILL=0 | ACTIONS=30 | INTENT: focus=2 ratio=0.20
[t=6,384s] step=210 | MISSION=NORMAL_C | USV: 15/15 (avail=0 int=15 lock=0 frz=0) | UAV: air=15 rtb=0 chg=0 loiter=0 | TRACKS: vis=28 lost=0 engaged=0 | TOP: black_usv10(x200,393) black_usv14(x197,516) black_usv11(x199,344) | KILL=0 | ACTIONS=30 | INTENT: focus=2 ratio=0.20
[t=6,711s] step=220 | MISSION=NORMAL_C | USV: 15/15 (avail=0 int=15 lock=0 frz=0) | UAV: air=15 rtb=0 chg=0 loiter=0 | TRACKS: vis=27 lost=1 engaged=0 | TOP: black_usv25(x195,437) black_usv12(x194,184) black_usv13(x195,880) | KILL=0 | ACTIONS=30 | INTENT: focus=2 ratio=0.20
[t=7,017s] step=230 | MISSION=NORMAL_C | USV: 15/15 (avail=0 int=15 lock=0 frz=0) | UAV: air=15 rtb=0 chg=0 loiter=0 | TRACKS: vis=27 lost=0 engaged=0 | TOP: black_usv25(x192,526) black_usv12(x191,139) black_usv14(x191,720) | KILL=0 | ACTIONS=30 | INTENT: focus=2 ratio=0.20
[t=7,244s] step=240 | MISSION=NORMAL_C | USV: 15/15 (avail=0 int=15 lock=0 frz=0) | UAV: air=15 rtb=0 chg=0 loiter=0 | TRACKS: vis=27 lost=0 engaged=0 | TOP: black_usv25(x190,355) black_usv12(x188,906) black_usv13(x190,663) | KILL=0 | ACTIONS=30 | INTENT: focus=2 ratio=0.20
      [ASSIGN] white_usv9->black_usv17(机会锁定)
      [ASSIGN] white_usv7->black_usv17(机会锁定)
      [ASSIGN] white_usv8->black_usv17(机会锁定)
      [ASSIGN] white_usv5->black_usv17(机会锁定)
      [ASSIGN] white_usv3->black_usv15(机会锁定)
      [ASSIGN] white_usv11->black_usv21(机会锁定)
      [ASSIGN] white_usv4->black_usv12(机会锁定)
      [ASSIGN] white_usv14->black_usv21(机会锁定)
      [ASSIGN] white_usv12->black_usv21(机会锁定)
      [ASSIGN] white_usv13->black_usv21(机会锁定)
      [ASSIGN] white_usv1->black_usv15(机会锁定)
      [ASSIGN] white_usv6->black_usv21(机会锁定)
      [ASSIGN] white_usv15->black_usv25(机会锁定)
      [ASSIGN] white_usv2->black_usv17(机会锁定)
[t=7,583s] step=250 | MISSION=NORMAL_C | USV: 15/15 (avail=0 int=0 lock=15 frz=0) | UAV: air=15 rtb=0 chg=0 loiter=0 | TRACKS: vis=26 lost=1 engaged=5 | TOP: black_usv16(x185,949) black_usv14(x186,706) black_usv18(x186,872) | KILL=0 | ACTIONS=30 | INTENT: focus=2 ratio=0.20
      [ASSIGN] white_usv9->black_usv16(机会锁定)
      [ASSIGN] white_usv7->black_usv16(机会锁定)
      [ASSIGN] white_usv8->black_usv16(机会锁定)
      [ASSIGN] white_usv5->black_usv16(机会锁定)
      [ASSIGN] white_usv10->black_usv16(机会锁定)
      [ASSIGN] white_usv2->black_usv16(机会锁定)
      [ASSIGN] white_usv3->black_usv17(机会锁定)
      [ASSIGN] white_usv11->black_usv17(机会锁定)
      [ASSIGN] white_usv4->black_usv17(机会锁定)
      [ASSIGN] white_usv3->black_usv12(机会锁定)
      [ASSIGN] white_usv11->black_usv22(机会锁定)
      [ASSIGN] white_usv14->black_usv19(机会锁定)
      [ASSIGN] white_usv12->black_usv19(机会锁定)
      [ASSIGN] white_usv13->black_usv22(机会锁定)
      [ASSIGN] white_usv1->black_usv12(机会锁定)
      [ASSIGN] white_usv4->black_usv12(机会锁定)
      [ASSIGN] white_usv6->black_usv19(机会锁定)
      [ASSIGN] white_usv15->black_usv21(机会锁定)
      [ASSIGN] white_usv15->black_usv25(机会锁定)
[t=7,934s] step=260 | MISSION=NORMAL_C | USV: 15/15 (avail=0 int=0 lock=15 frz=0) | UAV: air=15 rtb=0 chg=0 loiter=0 | TRACKS: vis=23 lost=4 engaged=5 | TOP: black_usv14(x183,236) black_usv18(x183,365) black_usv13(x183,834) | KILL=3 | ACTIONS=30 | INTENT: focus=2 ratio=0.20
      [ASSIGN] white_usv9->black_usv18(机会锁定)
      [ASSIGN] white_usv7->black_usv18(机会锁定)
      [ASSIGN] white_usv8->black_usv18(机会锁定)
      [ASSIGN] white_usv5->black_usv18(机会锁定)
      [ASSIGN] white_usv10->black_usv18(机会锁定)
      [ASSIGN] white_usv2->black_usv18(机会锁定)
      [ASSIGN] white_usv3->black_usv16(机会锁定)
      [ASSIGN] white_usv11->black_usv20(机会锁定)
      [ASSIGN] white_usv14->black_usv20(机会锁定)
      [ASSIGN] white_usv12->black_usv16(机会锁定)
      [ASSIGN] white_usv13->black_usv23(机会锁定)
      [ASSIGN] white_usv1->black_usv14(机会锁定)
      [ASSIGN] white_usv4->black_usv16(机会锁定)
      [ASSIGN] white_usv6->black_usv16(机会锁定)
      [ASSIGN] white_usv3->black_usv12(机会锁定)
      [ASSIGN] white_usv12->black_usv19(机会锁定)
      [ASSIGN] white_usv4->black_usv12(机会锁定)
      [ASSIGN] white_usv6->black_usv19(机会锁定)
      [ASSIGN] white_usv3->black_usv16(机会锁定)
      [ASSIGN] white_usv12->black_usv16(机会锁定)
      [ASSIGN] white_usv4->black_usv13(机会锁定)
      [ASSIGN] white_usv15->black_usv22(机会锁定)
      [ASSIGN] white_usv6->black_usv16(机会锁定)
      [ASSIGN] white_usv3->black_usv12(机会锁定)
      [ASSIGN] white_usv12->black_usv19(机会锁定)
      [ASSIGN] white_usv15->black_usv25(机会锁定)
      [ASSIGN] white_usv6->black_usv19(机会锁定)
      [ASSIGN] white_usv3->black_usv16(机会锁定)
      [ASSIGN] white_usv12->black_usv16(机会锁定)
      [ASSIGN] white_usv6->black_usv16(机会锁定)
      [KILL] black_usv17
      [ASSIGN] white_usv3->black_usv12(机会锁定)
      [ASSIGN] white_usv12->black_usv19(机会锁定)
      [ASSIGN] white_usv6->black_usv19(机会锁定)
[t=8,314s] step=270 | MISSION=NORMAL_C | USV: 15/15 (avail=0 int=3 lock=12 frz=0) | UAV: air=15 rtb=0 chg=0 loiter=0 | TRACKS: vis=25 lost=0 engaged=6 | TOP: black_usv12(x180,465) black_usv11(x180,700) black_usv19(x182,568) | KILL=7 | ACTIONS=30 | INTENT: focus=2 ratio=0.20
      [KILL] black_usv15
      [KILL] black_usv21
      [ASSIGN] white_usv3->black_usv16(机会锁定)
      [ASSIGN] white_usv9->black_usv16(机会锁定)
      [ASSIGN] white_usv7->black_usv16(机会锁定)
      [ASSIGN] white_usv8->black_usv16(机会锁定)
      [ASSIGN] white_usv12->black_usv22(机会锁定)
      [ASSIGN] white_usv5->black_usv16(机会锁定)
      [ASSIGN] white_usv10->black_usv16(机会锁定)
      [ASSIGN] white_usv2->black_usv16(机会锁定)
      [ASSIGN] white_usv6->black_usv16(机会锁定)
      [ASSIGN] white_usv3->black_usv18(机会锁定)
      [ASSIGN] white_usv9->black_usv18(机会锁定)
      [ASSIGN] white_usv7->black_usv18(机会锁定)
      [ASSIGN] white_usv8->black_usv18(机会锁定)
      [ASSIGN] white_usv12->black_usv18(机会锁定)
      [ASSIGN] white_usv5->black_usv18(机会锁定)
      [ASSIGN] white_usv10->black_usv18(机会锁定)
      [ASSIGN] white_usv2->black_usv18(机会锁定)
      [ASSIGN] white_usv6->black_usv18(机会锁定)
      [ASSIGN] white_usv3->black_usv14(机会锁定)
      [ASSIGN] white_usv9->black_usv16(机会锁定)
      [ASSIGN] white_usv11->black_usv22(机会锁定)
      [ASSIGN] white_usv7->black_usv16(机会锁定)
      [ASSIGN] white_usv8->black_usv16(机会锁定)
      [ASSIGN] white_usv14->black_usv22(机会锁定)
      [ASSIGN] white_usv12->black_usv23(机会锁定)
      [ASSIGN] white_usv13->black_usv22(机会锁定)
      [ASSIGN] white_usv1->black_usv11(机会锁定)
      [ASSIGN] white_usv5->black_usv16(机会锁定)
      [ASSIGN] white_usv10->black_usv16(机会锁定)
      [ASSIGN] white_usv2->black_usv16(机会锁定)
      [ASSIGN] white_usv6->black_usv16(机会锁定)
      [ASSIGN] white_usv9->black_usv18(机会锁定)
      [ASSIGN] white_usv11->black_usv20(机会锁定)
      [ASSIGN] white_usv7->black_usv18(机会锁定)
      [ASSIGN] white_usv8->black_usv18(机会锁定)
      [ASSIGN] white_usv14->black_usv20(机会锁定)
      [ASSIGN] white_usv13->black_usv20(机会锁定)
      [ASSIGN] white_usv5->black_usv18(机会锁定)
      [ASSIGN] white_usv10->black_usv18(机会锁定)
      [ASSIGN] white_usv2->black_usv18(机会锁定)
      [ASSIGN] white_usv6->black_usv20(机会锁定)
      [ASSIGN] white_usv9->black_usv16(机会锁定)
      [ASSIGN] white_usv7->black_usv16(机会锁定)
      [ASSIGN] white_usv8->black_usv16(机会锁定)
      [ASSIGN] white_usv4->black_usv12(机会锁定)
      [ASSIGN] white_usv5->black_usv16(机会锁定)
      [ASSIGN] white_usv10->black_usv16(机会锁定)
      [ASSIGN] white_usv2->black_usv20(机会锁定)
      [ASSIGN] white_usv9->black_usv18(机会锁定)
      [ASSIGN] white_usv7->black_usv13(机会锁定)
      [ASSIGN] white_usv8->black_usv18(机会锁定)
      [ASSIGN] white_usv4->black_usv13(机会锁定)
      [ASSIGN] white_usv5->black_usv13(机会锁定)
      [ASSIGN] white_usv10->black_usv18(机会锁定)
      [ASSIGN] white_usv15->black_usv22(机会锁定)
      [ASSIGN] white_usv2->black_usv18(机会锁定)
      [DETECT] black_usv28
      [ASSIGN] white_usv9->black_usv16(机会锁定)
      [ASSIGN] white_usv8->black_usv13(机会锁定)
      [ASSIGN] white_usv10->black_usv16(机会锁定)
      [ASSIGN] white_usv15->black_usv25(机会锁定)
      [KILL] black_usv16
      [RELEASE] white_usv9->black_usv16(目标失效)
      [ASSIGN] white_usv9->black_usv19(机会锁定)
      [ASSIGN] white_usv8->black_usv18(机会锁定)
      [RELEASE] white_usv10->black_usv16(目标失效)
      [ASSIGN] white_usv10->black_usv19(机会锁定)
      [ASSIGN] white_usv15->black_usv22(机会锁定)
      [ASSIGN] white_usv9->black_usv12(机会锁定)
      [ASSIGN] white_usv10->black_usv12(机会锁定)
      [ASSIGN] white_usv15->black_usv25(机会锁定)
      [KILL] black_usv19
      [KILL] black_usv12
      [KILL] black_usv22
      [RELEASE] white_usv9->black_usv12(目标失效)
      [ASSIGN] white_usv9->black_usv10(机会锁定)
      [RELEASE] white_usv10->black_usv12(目标失效)
      [ASSIGN] white_usv10->black_usv10(机会锁定)
      [ASSIGN] white_usv15->black_usv23(机会锁定)
[t=8,739s] step=280 | MISSION=NORMAL_C | USV: 14/15 (avail=0 int=5 lock=9 frz=0) | UAV: air=15 rtb=0 chg=0 loiter=0 | TRACKS: vis=19 lost=1 engaged=5 | TOP: black_usv28(x185,608) black_usv10(x178,087) black_usv8(x178,449) | KILL=9 | ACTIONS=29 | INTENT: focus=2 ratio=0.20
      [DETECT] black_usv29
      [DETECT] black_usv27
      [ASSIGN] white_usv3->black_usv11(机会锁定)
      [ASSIGN] white_usv12->black_usv25(机会锁定)
      [ASSIGN] white_usv15->black_usv25(机会锁定)
      [ASSIGN] white_usv11->black_usv23(机会锁定)
      [ASSIGN] white_usv14->black_usv23(机会锁定)
      [ASSIGN] white_usv12->black_usv23(机会锁定)
      [ASSIGN] white_usv13->black_usv23(机会锁定)
      [ASSIGN] white_usv15->black_usv23(机会锁定)
      [ASSIGN] white_usv11->black_usv20(机会锁定)
      [ASSIGN] white_usv8->black_usv20(机会锁定)
      [ASSIGN] white_usv14->black_usv20(机会锁定)
      [ASSIGN] white_usv12->black_usv20(机会锁定)
      [ASSIGN] white_usv13->black_usv20(机会锁定)
      [ASSIGN] white_usv2->black_usv20(机会锁定)
      [ASSIGN] white_usv11->black_usv18(机会锁定)
      [ASSIGN] white_usv7->black_usv18(机会锁定)
      [ASSIGN] white_usv8->black_usv18(机会锁定)
      [ASSIGN] white_usv14->black_usv18(机会锁定)
      [ASSIGN] white_usv12->black_usv18(机会锁定)
      [ASSIGN] white_usv13->black_usv18(机会锁定)
      [ASSIGN] white_usv4->black_usv14(机会锁定)
      [ASSIGN] white_usv5->black_usv18(机会锁定)
      [ASSIGN] white_usv2->black_usv18(机会锁定)
      [KILL] black_usv18
      [RELEASE] white_usv11->black_usv18(目标失效)
      [ASSIGN] white_usv11->black_usv20(机会锁定)
      [RELEASE] white_usv7->black_usv18(目标失效)
      [ASSIGN] white_usv7->black_usv13(机会锁定)
      [RELEASE] white_usv8->black_usv18(目标失效)
      [ASSIGN] white_usv8->black_usv13(机会锁定)
      [RELEASE] white_usv14->black_usv18(目标失效)
      [ASSIGN] white_usv14->black_usv20(机会锁定)
      [RELEASE] white_usv12->black_usv18(目标失效)
      [ASSIGN] white_usv12->black_usv20(机会锁定)
      [RELEASE] white_usv13->black_usv18(目标失效)
      [ASSIGN] white_usv13->black_usv20(机会锁定)
      [ASSIGN] white_usv4->black_usv13(机会锁定)
      [RELEASE] white_usv5->black_usv18(目标失效)
      [ASSIGN] white_usv5->black_usv13(机会锁定)
      [RELEASE] white_usv2->black_usv18(目标失效)
      [ASSIGN] white_usv2->black_usv13(机会锁定)
      [ASSIGN] white_usv11->black_usv25(机会锁定)
      [ASSIGN] white_usv7->black_usv14(机会锁定)
      [ASSIGN] white_usv8->black_usv14(机会锁定)
      [ASSIGN] white_usv14->black_usv23(机会锁定)
      [ASSIGN] white_usv12->black_usv25(机会锁定)
      [ASSIGN] white_usv13->black_usv23(机会锁定)
      [ASSIGN] white_usv4->black_usv14(机会锁定)
      [ASSIGN] white_usv5->black_usv14(机会锁定)
      [ASSIGN] white_usv2->black_usv14(机会锁定)
      [ASSIGN] white_usv11->black_usv20(机会锁定)
      [ASSIGN] white_usv7->black_usv13(机会锁定)
      [ASSIGN] white_usv8->black_usv13(机会锁定)
      [ASSIGN] white_usv14->black_usv20(机会锁定)
      [ASSIGN] white_usv12->black_usv20(机会锁定)
      [ASSIGN] white_usv13->black_usv20(机会锁定)
      [ASSIGN] white_usv4->black_usv13(机会锁定)
      [ASSIGN] white_usv5->black_usv13(机会锁定)
      [ASSIGN] white_usv15->black_usv20(机会锁定)
      [ASSIGN] white_usv2->black_usv13(机会锁定)
      [ASSIGN] white_usv11->black_usv23(机会锁定)
      [ASSIGN] white_usv8->black_usv14(机会锁定)
      [ASSIGN] white_usv12->black_usv23(机会锁定)
      [ASSIGN] white_usv13->black_usv23(机会锁定)
      [ASSIGN] white_usv4->black_usv11(机会锁定)
      [ASSIGN] white_usv15->black_usv23(机会锁定)
      [ASSIGN] white_usv2->black_usv14(机会锁定)
      [ASSIGN] white_usv3->black_usv10(机会锁定)
      [ASSIGN] white_usv11->black_usv25(机会锁定)
      [ASSIGN] white_usv8->black_usv10(机会锁定)
      [ASSIGN] white_usv12->black_usv25(机会锁定)
      [ASSIGN] white_usv13->black_usv20(机会锁定)
      [ASSIGN] white_usv1->black_usv10(机会锁定)
      [ASSIGN] white_usv4->black_usv13(机会锁定)
      [ASSIGN] white_usv15->black_usv25(机会锁定)
      [ASSIGN] white_usv2->black_usv10(机会锁定)
      [ASSIGN] white_usv11->black_usv23(机会锁定)
      [ASSIGN] white_usv8->black_usv11(机会锁定)
      [ASSIGN] white_usv12->black_usv23(机会锁定)
      [ASSIGN] white_usv1->black_usv11(机会锁定)
      [ASSIGN] white_usv15->black_usv23(机会锁定)
      [ASSIGN] white_usv2->black_usv11(机会锁定)
[t=9,129s] step=290 | MISSION=NORMAL_C | USV: 11/15 (avail=0 int=11 lock=0 frz=0) | UAV: air=15 rtb=0 chg=0 loiter=0 | TRACKS: vis=16 lost=5 engaged=0 | TOP: black_usv29(x179,556) black_usv27(x183,308) black_usv8(x174,549) | KILL=15 | ACTIONS=26 | INTENT: focus=2 ratio=0.20
      [ASSIGN] white_usv11->black_usv25(机会锁定)
      [ASSIGN] white_usv8->black_usv14(机会锁定)
      [ASSIGN] white_usv12->black_usv25(机会锁定)
      [ASSIGN] white_usv1->black_usv14(机会锁定)
      [ASSIGN] white_usv15->black_usv25(机会锁定)
      [ASSIGN] white_usv2->black_usv14(机会锁定)
      [KILL] black_usv25
      [RELEASE] white_usv11->black_usv25(目标失效)
      [ASSIGN] white_usv11->black_usv23(机会锁定)
      [ASSIGN] white_usv8->black_usv11(机会锁定)
      [RELEASE] white_usv12->black_usv25(目标失效)
      [ASSIGN] white_usv12->black_usv23(机会锁定)
      [ASSIGN] white_usv1->black_usv11(机会锁定)
      [RELEASE] white_usv15->black_usv25(目标失效)
      [ASSIGN] white_usv15->black_usv23(机会锁定)
      [ASSIGN] white_usv2->black_usv11(机会锁定)
      [ASSIGN] white_usv11->black_usv14(机会锁定)
      [ASSIGN] white_usv8->black_usv14(机会锁定)
      [ASSIGN] white_usv12->black_usv14(机会锁定)
      [ASSIGN] white_usv1->black_usv14(机会锁定)
      [ASSIGN] white_usv15->black_usv20(机会锁定)
      [ASSIGN] white_usv2->black_usv14(机会锁定)
      [ASSIGN] white_usv11->black_usv23(机会锁定)
      [ASSIGN] white_usv8->black_usv11(机会锁定)
      [ASSIGN] white_usv14->black_usv23(机会锁定)
      [ASSIGN] white_usv12->black_usv23(机会锁定)
      [ASSIGN] white_usv13->black_usv23(机会锁定)
      [ASSIGN] white_usv1->black_usv11(机会锁定)
      [ASSIGN] white_usv15->black_usv23(机会锁定)
      [ASSIGN] white_usv2->black_usv11(机会锁定)
      [ASSIGN] white_usv11->black_usv20(机会锁定)
      [ASSIGN] white_usv8->black_usv20(机会锁定)
      [ASSIGN] white_usv14->black_usv20(机会锁定)
      [ASSIGN] white_usv12->black_usv20(机会锁定)
      [ASSIGN] white_usv13->black_usv20(机会锁定)
      [ASSIGN] white_usv1->black_usv13(机会锁定)
      [ASSIGN] white_usv15->black_usv20(机会锁定)
      [ASSIGN] white_usv2->black_usv20(机会锁定)
      [DETECT] black_usv30
      [ASSIGN] white_usv11->black_usv23(机会锁定)
      [ASSIGN] white_usv7->black_usv11(机会锁定)
      [ASSIGN] white_usv8->black_usv11(机会锁定)
      [ASSIGN] white_usv14->black_usv23(机会锁定)
      [ASSIGN] white_usv12->black_usv23(机会锁定)
      [ASSIGN] white_usv13->black_usv23(机会锁定)
      [ASSIGN] white_usv15->black_usv23(机会锁定)
      [ASSIGN] white_usv2->black_usv11(机会锁定)
      [KILL] black_usv20
      [KILL] black_usv14
      [KILL] black_usv23
      [RELEASE] white_usv11->black_usv23(目标失效)
      [ASSIGN] white_usv11->black_usv24(机会锁定)
      [ASSIGN] white_usv7->black_usv13(机会锁定)
      [ASSIGN] white_usv8->black_usv10(机会锁定)
      [RELEASE] white_usv14->black_usv23(目标失效)
      [ASSIGN] white_usv14->black_usv13(机会锁定)
      [RELEASE] white_usv12->black_usv23(目标失效)
      [ASSIGN] white_usv12->black_usv24(机会锁定)
      [RELEASE] white_usv13->black_usv23(目标失效)
      [RELEASE] white_usv15->black_usv23(目标失效)
      [ASSIGN] white_usv15->black_usv24(机会锁定)
      [ASSIGN] white_usv2->black_usv10(机会锁定)
      [ASSIGN] white_usv7->black_usv11(机会锁定)
      [ASSIGN] white_usv8->black_usv11(机会锁定)
      [ASSIGN] white_usv13->black_usv30
      [ASSIGN] white_usv4->black_usv11(机会锁定)
      [ASSIGN] white_usv5->black_usv11(机会锁定)
      [ASSIGN] white_usv2->black_usv11(机会锁定)
      [KILL] black_usv13
      [ASSIGN] white_usv7->black_usv10(机会锁定)
      [ASSIGN] white_usv8->black_usv10(机会锁定)
      [RELEASE] white_usv14->black_usv13(目标失效)
      [RELEASE] white_usv1->black_usv13(目标失效)
      [ASSIGN] white_usv2->black_usv10(机会锁定)
      [ASSIGN] white_usv7->black_usv8(机会锁定)
      [ASSIGN] white_usv8->black_usv8(机会锁定)
      [ASSIGN] white_usv14->black_usv11(机会锁定)
      [ASSIGN] white_usv1->black_usv8
      [ASSIGN] white_usv4->black_usv8(机会锁定)
      [ASSIGN] white_usv2->black_usv8(机会锁定)
[t=9,562s] step=300 | MISSION=NORMAL_C | USV: 11/15 (avail=2 int=6 lock=3 frz=0) | UAV: air=15 rtb=0 chg=0 loiter=0 | TRACKS: vis=17 lost=0 engaged=1 | TOP: black_usv29(x176,885) black_usv4(x177,551) black_usv5(x177,656) | KILL=15 | ACTIONS=26 | INTENT: focus=2 ratio=0.20
      [ASSIGN] white_usv5->black_usv10(机会锁定)
      [ASSIGN] white_usv1->black_usv11(机会锁定)
      [ASSIGN] white_usv5->black_usv11(机会锁定)
      [KILL] black_usv10
      [ASSIGN] white_usv13->black_usv24(机会锁定)
      [KILL] black_usv11
      [RELEASE] white_usv14->black_usv11(目标失效)
      [RELEASE] white_usv1->black_usv11(目标失效)
      [ASSIGN] white_usv1->black_usv8(机会锁定)
      [RELEASE] white_usv5->black_usv11(目标失效)
      [ASSIGN] white_usv5->black_usv8(机会锁定)
      [ASSIGN] white_usv14->black_usv30
      [ASSIGN] white_usv14->black_usv24(机会锁定)
      [ASSIGN] white_usv12->black_usv26(机会锁定)
      [ASSIGN] white_usv13->black_usv26(机会锁定)
[t=10,008s] step=310 | MISSION=NORMAL_C | USV: 11/15 (avail=0 int=10 lock=1 frz=0) | UAV: air=15 rtb=0 chg=0 loiter=0 | TRACKS: vis=15 lost=0 engaged=1 | TOP: black_usv30(x176,900) black_usv29(x172,425) black_usv4(x173,136) | KILL=17 | ACTIONS=26 | INTENT: focus=2 ratio=0.20
      [ASSIGN] white_usv11->black_usv8(机会锁定)
      [ASSIGN] white_usv12->black_usv24(机会锁定)
      [ASSIGN] white_usv14->black_usv26(机会锁定)
      [ASSIGN] white_usv12->black_usv26(机会锁定)
      [ASSIGN] white_usv15->black_usv26(机会锁定)
      [KILL] black_usv24
[t=10,444s] step=320 | MISSION=NORMAL_C | USV: 11/15 (avail=0 int=7 lock=4 frz=0) | UAV: air=15 rtb=0 chg=0 loiter=0 | TRACKS: vis=14 lost=0 engaged=1 | TOP: black_usv30(x172,882) black_usv4(x168,796) black_usv28(x169,001) | KILL=17 | ACTIONS=26 | INTENT: focus=2 ratio=0.20
      [KILL] black_usv8
      [RELEASE] white_usv11->black_usv8(目标失效)
      [RELEASE] white_usv7->black_usv8(目标失效)
      [RELEASE] white_usv8->black_usv8(目标失效)
      [RELEASE] white_usv1->black_usv8(目标失效)
      [ASSIGN] white_usv1->black_usv5(机会锁定)
      [RELEASE] white_usv4->black_usv8(目标失效)
      [ASSIGN] white_usv4->black_usv6(机会锁定)
      [RELEASE] white_usv5->black_usv8(目标失效)
      [RELEASE] white_usv2->black_usv8(目标失效)
      [ASSIGN] white_usv11->black_usv3
      [ASSIGN] white_usv7->black_usv4
      [ASSIGN] white_usv8->black_usv28
      [ASSIGN] white_usv5->black_usv7
      [ASSIGN] white_usv2->black_usv30
      [ASSIGN] white_usv15->black_usv27(机会锁定)
      [ASSIGN] white_usv12->black_usv27(机会锁定)
      [ASSIGN] white_usv13->black_usv27(机会锁定)
      [ASSIGN] white_usv1->black_usv9(机会锁定)
      [ASSIGN] white_usv4->black_usv9(机会锁定)
[t=10,876s] step=330 | MISSION=NORMAL_C | USV: 11/15 (avail=0 int=8 lock=3 frz=0) | UAV: air=15 rtb=0 chg=0 loiter=0 | TRACKS: vis=13 lost=0 engaged=1 | TOP: black_usv9(x167,218) black_usv2(x168,266) black_usv1(x172,223) | KILL=18 | ACTIONS=26 | INTENT: focus=2 ratio=0.20
      [ASSIGN] white_usv15->black_usv26(机会锁定)
      [ASSIGN] white_usv12->black_usv28(机会锁定)
      [ASSIGN] white_usv13->black_usv28(机会锁定)
      [ASSIGN] white_usv15->black_usv28(机会锁定)
      [ASSIGN] white_usv7->black_usv5(机会锁定)
      [ASSIGN] white_usv11->black_usv6(机会锁定)
      [ASSIGN] white_usv5->black_usv5(机会锁定)
      [ASSIGN] white_usv8->black_usv26(机会锁定)
      [ASSIGN] white_usv1->black_usv7(机会锁定)
      [ASSIGN] white_usv4->black_usv7(机会锁定)
      [ASSIGN] white_usv2->black_usv26(机会锁定)
      [KILL] black_usv26
      [RELEASE] white_usv8->black_usv26(目标失效)
      [RELEASE] white_usv14->black_usv26(目标失效)
      [RELEASE] white_usv2->black_usv26(目标失效)
      [ASSIGN] white_usv8->black_usv4
      [ASSIGN] white_usv14->black_usv27(机会锁定)
      [ASSIGN] white_usv2->black_usv3
[t=11,306s] step=340 | MISSION=NORMAL_C | USV: 11/15 (avail=3 int=0 lock=8 frz=0) | UAV: air=15 rtb=0 chg=0 loiter=0 | TRACKS: vis=12 lost=0 engaged=4 | TOP: black_usv9(x164,018) black_usv1(x167,923) black_usv27(x165,329) | KILL=18 | ACTIONS=26 | INTENT: focus=2 ratio=0.20
      [ASSIGN] white_usv12->black_usv27(机会锁定)
      [ASSIGN] white_usv13->black_usv27(机会锁定)
      [ASSIGN] white_usv15->black_usv27(机会锁定)
      [ASSIGN] white_usv7->black_usv9(机会锁定)
      [ASSIGN] white_usv11->black_usv7(机会锁定)
      [ASSIGN] white_usv11->black_usv6(机会锁定)
      [ASSIGN] white_usv11->black_usv7(机会锁定)
      [ASSIGN] white_usv11->black_usv6(机会锁定)
      [ASSIGN] white_usv14->black_usv28(机会锁定)
      [ASSIGN] white_usv13->black_usv28(机会锁定)
      [ASSIGN] white_usv11->black_usv7(机会锁定)
      [ASSIGN] white_usv14->black_usv27(机会锁定)
[t=11,691s] step=350 | MISSION=NORMAL_C | USV: 6/15 (avail=0 int=4 lock=2 frz=0) | UAV: air=15 rtb=0 chg=0 loiter=0 | TRACKS: vis=12 lost=0 engaged=2 | TOP: black_usv29(x157,298) black_usv7(x159,650) black_usv2(x160,116) | KILL=22 | ACTIONS=21 | INTENT: focus=2 ratio=0.20
      [ASSIGN] white_usv11->black_usv6(机会锁定)
      [ASSIGN] white_usv7->black_usv7(机会锁定)
      [ASSIGN] white_usv7->black_usv9(机会锁定)
      [ASSIGN] white_usv5->black_usv9(机会锁定)
      [ASSIGN] white_usv7->black_usv5(机会锁定)
      [ASSIGN] white_usv5->black_usv5(机会锁定)
      [ASSIGN] white_usv7->black_usv7(机会锁定)
      [ASSIGN] white_usv5->black_usv7(机会锁定)
      [ASSIGN] white_usv11->black_usv5(机会锁定)
      [ASSIGN] white_usv7->black_usv5(机会锁定)
      [ASSIGN] white_usv5->black_usv5(机会锁定)
      [KILL] black_usv28
      [ASSIGN] white_usv11->black_usv6(机会锁定)
      [ASSIGN] white_usv7->black_usv6(机会锁定)
      [ASSIGN] white_usv5->black_usv6(机会锁定)
      [ASSIGN] white_usv11->black_usv5(机会锁定)
      [ASSIGN] white_usv7->black_usv5(机会锁定)
      [ASSIGN] white_usv5->black_usv5(机会锁定)
      [ASSIGN] white_usv11->black_usv6(机会锁定)
      [ASSIGN] white_usv7->black_usv6(机会锁定)
      [ASSIGN] white_usv5->black_usv6(机会锁定)
      [KILL] black_usv6
      [RELEASE] white_usv11->black_usv6(目标失效)
      [ASSIGN] white_usv11->black_usv5(机会锁定)
      [RELEASE] white_usv7->black_usv6(目标失效)
      [ASSIGN] white_usv7->black_usv5(机会锁定)
      [RELEASE] white_usv5->black_usv6(目标失效)
      [ASSIGN] white_usv5->black_usv5(机会锁定)
[t=12,124s] step=360 | MISSION=NORMAL_C | USV: 6/15 (avail=0 int=6 lock=0 frz=0) | UAV: air=15 rtb=0 chg=0 loiter=0 | TRACKS: vis=10 lost=0 engaged=0 | TOP: black_usv29(x153,027) black_usv5(x158,658) black_usv7(x159,650) | KILL=24 | ACTIONS=21 | INTENT: focus=2 ratio=0.20
      [KILL] black_usv7
      [ASSIGN] white_usv11->black_usv9(机会锁定)
      [ASSIGN] white_usv7->black_usv9(机会锁定)
      [ASSIGN] white_usv11->black_usv5(机会锁定)
      [ASSIGN] white_usv11->black_usv4(机会锁定)
      [ASSIGN] white_usv5->black_usv4(机会锁定)
      [KILL] black_usv27
      [RELEASE] white_usv14->black_usv27(目标失效)
      [ASSIGN] white_usv14->black_usv2
      [KILL] black_usv9
      [KILL] black_usv5
      [ASSIGN] white_usv11->black_usv3(机会锁定)
[t=12,575s] step=370 | MISSION=NORMAL_C | USV: 5/15 (avail=0 int=4 lock=1 frz=0) | UAV: air=15 rtb=0 chg=0 loiter=0 | TRACKS: vis=6 lost=0 engaged=1 | TOP: black_usv29(x148,809) black_usv1(x155,361) black_usv30(x154,562) | KILL=24 | ACTIONS=20 | INTENT: focus=2 ratio=0.20
      [ASSIGN] white_usv11->black_usv4(机会锁定)
      [ASSIGN] white_usv2->black_usv4(机会锁定)
[t=13,063s] step=380 | MISSION=NORMAL_C | USV: 5/15 (avail=0 int=5 lock=0 frz=0) | UAV: air=15 rtb=0 chg=0 loiter=0 | TRACKS: vis=6 lost=0 engaged=0 | TOP: black_usv3(x143,851) black_usv29(x144,006) black_usv30(x149,695) | KILL=25 | ACTIONS=20 | INTENT: focus=2 ratio=0.20
      [KILL] black_usv4
      [RELEASE] white_usv11->black_usv4(目标失效)
      [RELEASE] white_usv8->black_usv4(目标失效)
      [ASSIGN] white_usv8->black_usv3(机会锁定)
      [RELEASE] white_usv5->black_usv4(目标失效)
      [RELEASE] white_usv2->black_usv4(目标失效)
      [ASSIGN] white_usv11->black_usv30
      [ASSIGN] white_usv5->black_usv29
      [ASSIGN] white_usv2->black_usv1
      [ASSIGN] white_usv2->black_usv3(机会锁定)
[t=13,540s] step=390 | MISSION=NORMAL_C | USV: 5/15 (avail=0 int=4 lock=1 frz=0) | UAV: air=15 rtb=0 chg=0 loiter=0 | TRACKS: vis=5 lost=0 engaged=1 | TOP: black_usv1(x149,799) black_usv29(x139,236) black_usv30(x144,928) | KILL=25 | ACTIONS=20 | INTENT: focus=2 ratio=0.20
      [ASSIGN] white_usv2->black_usv2(机会锁定)
[t=14,028s] step=400 | MISSION=NORMAL_C | USV: 5/15 (avail=0 int=4 lock=1 frz=0) | UAV: air=15 rtb=0 chg=0 loiter=0 | TRACKS: vis=5 lost=0 engaged=1 | TOP: black_usv1(x147,555) black_usv3(x139,161) black_usv29(x134,935) | KILL=26 | ACTIONS=20 | INTENT: focus=2 ratio=0.20
      [KILL] black_usv3
      [RELEASE] white_usv8->black_usv3(目标失效)
      [ASSIGN] white_usv8->black_usv1
[t=14,554s] step=410 | MISSION=NORMAL_C | USV: 5/15 (avail=0 int=4 lock=1 frz=0) | UAV: air=15 rtb=0 chg=0 loiter=0 | TRACKS: vis=4 lost=0 engaged=1 | TOP: black_usv29(x131,454) black_usv30(x137,561) black_usv1(x145,136) | KILL=26 | ACTIONS=20 | INTENT: focus=2 ratio=0.20
      [ASSIGN] white_usv8->black_usv2(机会锁定)
[t=15,111s] step=420 | MISSION=NORMAL_C | USV: 5/15 (avail=0 int=5 lock=0 frz=0) | UAV: air=15 rtb=0 chg=0 loiter=0 | TRACKS: vis=4 lost=0 engaged=0 | TOP: black_usv1(x142,574) black_usv29(x127,768) black_usv30(x134,276) | KILL=27 | ACTIONS=20 | INTENT: focus=2 ratio=0.20
      [KILL] black_usv2
      [RELEASE] white_usv8->black_usv2(目标失效)
      [RELEASE] white_usv14->black_usv2(目标失效)
      [RELEASE] white_usv2->black_usv2(目标失效)
      [ASSIGN] white_usv8->black_usv30
      [ASSIGN] white_usv14->black_usv29
      [ASSIGN] white_usv2->black_usv1
      [RELEASE] white_usv11->black_usv30(目标失效)
      [RELEASE] white_usv8->black_usv30(目标失效)
      [ASSIGN] white_usv11->black_usv29
      [ASSIGN] white_usv8->black_usv1
      [DETECT] black_usv30
[t=15,640s] step=430 | MISSION=NORMAL_C | USV: 5/15 (avail=0 int=3 lock=2 frz=0) | UAV: air=15 rtb=0 chg=0 loiter=0 | TRACKS: vis=3 lost=0 engaged=2 | TOP: black_usv30(x131,155) black_usv29(x124,176) black_usv1(x139,996) | KILL=27 | ACTIONS=20 | INTENT: focus=2 ratio=0.20
[t=16,169s] step=440 | MISSION=NORMAL_C | USV: 5/15 (avail=0 int=2 lock=3 frz=0) | UAV: air=15 rtb=0 chg=0 loiter=0 | TRACKS: vis=3 lost=0 engaged=2 | TOP: black_usv30(x127,416) black_usv29(x118,886) black_usv1(x137,716) | KILL=27 | ACTIONS=20 | INTENT: focus=2 ratio=0.20
[t=16,712s] step=450 | MISSION=NORMAL_C | USV: 5/15 (avail=0 int=5 lock=0 frz=0) | UAV: air=15 rtb=0 chg=0 loiter=0 | TRACKS: vis=3 lost=0 engaged=0 | TOP: black_usv30(x122,353) black_usv29(x117,276) black_usv1(x134,976) | KILL=29 | ACTIONS=20 | INTENT: focus=2 ratio=0.20
      [KILL] black_usv29
      [RELEASE] white_usv11->black_usv29(目标失效)
      [RELEASE] white_usv14->black_usv29(目标失效)
      [RELEASE] white_usv5->black_usv29(目标失效)
      [ASSIGN] white_usv11->black_usv30
      [ASSIGN] white_usv14->black_usv30
      [ASSIGN] white_usv5->black_usv30
      [KILL] black_usv1
      [RELEASE] white_usv8->black_usv1(目标失效)
      [RELEASE] white_usv2->black_usv1(目标失效)
[t=17,300s] step=460 | MISSION=NORMAL_C | USV: 5/15 (avail=2 int=3 lock=0 frz=0) | UAV: air=15 rtb=0 chg=0 loiter=0 | TRACKS: vis=1 lost=0 engaged=0 | TOP: black_usv30(x120,088) | KILL=29 | ACTIONS=20 | INTENT: focus=2 ratio=0.20
[t=17,904s] step=470 | MISSION=NORMAL_C | USV: 5/15 (avail=2 int=3 lock=0 frz=0) | UAV: air=15 rtb=0 chg=0 loiter=0 | TRACKS: vis=0 lost=1 engaged=0 | TOP: black_usv30(x116,612) | KILL=29 | ACTIONS=20 | INTENT: focus=2 ratio=0.20
[t=18,486s] step=480 | MISSION=NORMAL_C | USV: 5/15 (avail=2 int=3 lock=0 frz=0) | UAV: air=15 rtb=0 chg=0 loiter=0 | TRACKS: vis=1 lost=0 engaged=0 | TOP: black_usv30(x112,530) | KILL=29 | ACTIONS=20 | INTENT: focus=2 ratio=0.20

========================================================================
对局结果: Result.Victory — 敌方所有单位被击毁
  击杀蓝舰: 30 | 命中: 60 | 我方USV损失: 10 | UAV损失: 0 | 突破: 0
[META] result=Result.Victory victory_time=19240 first_detection=1842 first_lock=7410 first_kill=8314 enemy_kills=30 friendly_usv_losses=10 friendly_uav_losses=0 black_breakthrough=0 reacquire_attempts=201 reacquire_success=201 sensor_assisted_locks=104 low_conf_commitments=0 global_reacquire_entries=0 global_reacquire_success=0 coverage_collapse_events=1 active_clusters_max=1 coverage_quality_final=0.29 commander_source=default_intent commander_calls=0 commander_changes=0 commander_no_change=0 commander_parse_failures=0 commander_api_failures=0 commander_policy_failures=0 commander_avg_latency=0.0
Done
