========================================================================
HYBRID AGENT V5 — Variable-Cardinality Hierarchical Maritime Agent
  启用UAV: True | LLM_ENABLED: False
========================================================================
对局 88 开始
      [UAV RELAUNCH] white_uav2
      [UAV RELAUNCH] white_uav11
      [UAV RELAUNCH] white_uav4
      [UAV RELAUNCH] white_uav6
      [UAV RELAUNCH] white_uav7
      [UAV RELAUNCH] white_uav9
      [UAV RELAUNCH] white_uav12
      [UAV RELAUNCH] white_uav15
      [UAV RELAUNCH] white_uav3
      [UAV RELAUNCH] white_uav1
      [UAV RELAUNCH] white_uav5
      [UAV RELAUNCH] white_uav8
      [UAV RELAUNCH] white_uav13
      [UAV RELAUNCH] white_uav14
      [UAV RELAUNCH] white_uav10
[t=274s] step=10 | MISSION=NORMAL_C | USV: 15/15 (avail=15 int=0 lock=0 frz=0) | UAV: air=15 rtb=0 chg=0 loiter=0 | TRACKS: vis=0 lost=0 engaged=0 | TOP:  | KILL=0 | ACTIONS=30 | INTENT: focus=2 ratio=0.20
  [INTENT APPLIED]
    ThreatAllocator: focus 2 emergency 3 reserve_ratio 0.20 reserve_usvs None bias breakthrough_eta
    UAVManager: mode search_and_reacquire uav_priority []
[t=590s] step=20 | MISSION=NORMAL_C | USV: 15/15 (avail=15 int=0 lock=0 frz=0) | UAV: air=15 rtb=0 chg=0 loiter=0 | TRACKS: vis=0 lost=0 engaged=0 | TOP:  | KILL=0 | ACTIONS=30 | INTENT: focus=2 ratio=0.20
[t=906s] step=30 | MISSION=NORMAL_C | USV: 15/15 (avail=15 int=0 lock=0 frz=0) | UAV: air=15 rtb=0 chg=0 loiter=0 | TRACKS: vis=0 lost=0 engaged=0 | TOP:  | KILL=0 | ACTIONS=30 | INTENT: focus=2 ratio=0.20
[t=1,240s] step=40 | MISSION=NORMAL_C | USV: 15/15 (avail=15 int=0 lock=0 frz=0) | UAV: air=15 rtb=0 chg=0 loiter=0 | TRACKS: vis=0 lost=0 engaged=0 | TOP:  | KILL=0 | ACTIONS=30 | INTENT: focus=2 ratio=0.20
[t=1,553s] step=50 | MISSION=NORMAL_C | USV: 15/15 (avail=15 int=0 lock=0 frz=0) | UAV: air=15 rtb=0 chg=0 loiter=0 | TRACKS: vis=0 lost=0 engaged=0 | TOP:  | KILL=0 | ACTIONS=30 | INTENT: focus=2 ratio=0.20
[t=1,744s] step=60 | MISSION=NORMAL_C | USV: 15/15 (avail=15 int=0 lock=0 frz=0) | UAV: air=15 rtb=0 chg=0 loiter=0 | TRACKS: vis=0 lost=0 engaged=0 | TOP:  | KILL=0 | ACTIONS=30 | INTENT: focus=2 ratio=0.20
      [DETECT] black_usv16
      [ASSIGN] white_usv9->black_usv16
      [ASSIGN] white_usv7->black_usv16
      [ASSIGN] white_usv8->black_usv16
      [DETECT] black_usv20
      [DETECT] black_usv11
      [DETECT] black_usv15
      [DETECT] black_usv17
      [DETECT] black_usv21
      [DETECT] black_usv14
      [DETECT] black_usv12
      [DETECT] black_usv22
      [DETECT] black_usv23
      [DETECT] black_usv25
      [DETECT] black_usv19
      [DETECT] black_usv13
      [DETECT] black_usv18
      [ASSIGN] white_usv4->black_usv20
      [ASSIGN] white_usv5->black_usv17
      [ASSIGN] white_usv15->black_usv22
      [ASSIGN] white_usv13->black_usv19
      [ASSIGN] white_usv3->black_usv12
      [ASSIGN] white_usv6->black_usv15
      [ASSIGN] white_usv10->black_usv18
      [ASSIGN] white_usv12->black_usv21
      [ASSIGN] white_usv1->black_usv25
      [ASSIGN] white_usv2->black_usv14
      [DETECT] black_usv8
      [DETECT] black_usv24
      [DETECT] black_usv26
      [DETECT] black_usv9
      [DETECT] black_usv7
      [DETECT] black_usv10
      [ASSIGN] white_usv11->black_usv11
      [ASSIGN] white_usv14->black_usv23
      [DETECT] black_usv4
      [DETECT] black_usv28
      [DETECT] black_usv29
      [DETECT] black_usv27
      [DETECT] black_usv6
      [DETECT] black_usv5
      [DETECT] black_usv30
      [DETECT] black_usv3
      [DETECT] black_usv2
      [DETECT] black_usv1
[t=1,946s] step=70 | MISSION=NORMAL_C | USV: 15/15 (avail=0 int=15 lock=0 frz=0) | UAV: air=15 rtb=0 chg=0 loiter=0 | TRACKS: vis=30 lost=0 engaged=0 | TOP: black_usv13(x241,687) black_usv26(x241,857) black_usv24(x241,979) | KILL=0 | ACTIONS=30 | INTENT: focus=2 ratio=0.20
[t=2,182s] step=80 | MISSION=NORMAL_C | USV: 15/15 (avail=0 int=15 lock=0 frz=0) | UAV: air=15 rtb=0 chg=0 loiter=0 | TRACKS: vis=30 lost=0 engaged=0 | TOP: black_usv13(x239,485) black_usv26(x239,677) black_usv24(x239,816) | KILL=0 | ACTIONS=30 | INTENT: focus=2 ratio=0.20
[t=2,518s] step=90 | MISSION=NORMAL_C | USV: 15/15 (avail=0 int=15 lock=0 frz=0) | UAV: air=15 rtb=0 chg=0 loiter=0 | TRACKS: vis=30 lost=0 engaged=0 | TOP: black_usv13(x236,349) black_usv26(x236,574) black_usv24(x236,737) | KILL=0 | ACTIONS=30 | INTENT: focus=2 ratio=0.20
[t=2,857s] step=100 | MISSION=NORMAL_C | USV: 15/15 (avail=0 int=15 lock=0 frz=0) | UAV: air=15 rtb=0 chg=0 loiter=0 | TRACKS: vis=29 lost=0 engaged=0 | TOP: black_usv13(x233,185) black_usv26(x233,444) black_usv24(x233,630) | KILL=0 | ACTIONS=30 | INTENT: focus=2 ratio=0.20
[t=3,188s] step=110 | MISSION=NORMAL_C | USV: 15/15 (avail=0 int=15 lock=0 frz=0) | UAV: air=15 rtb=0 chg=0 loiter=0 | TRACKS: vis=29 lost=0 engaged=0 | TOP: black_usv13(x230,096) black_usv26(x230,387) black_usv24(x230,596) | KILL=0 | ACTIONS=30 | INTENT: focus=2 ratio=0.20
[t=3,515s] step=120 | MISSION=NORMAL_C | USV: 15/15 (avail=0 int=15 lock=0 frz=0) | UAV: air=15 rtb=0 chg=0 loiter=0 | TRACKS: vis=28 lost=0 engaged=0 | TOP: black_usv13(x227,045) black_usv26(x227,367) black_usv24(x227,599) | KILL=0 | ACTIONS=30 | INTENT: focus=2 ratio=0.20
[t=3,850s] step=130 | MISSION=NORMAL_C | USV: 15/15 (avail=0 int=15 lock=0 frz=0) | UAV: air=15 rtb=0 chg=0 loiter=0 | TRACKS: vis=28 lost=0 engaged=0 | TOP: black_usv13(x223,909) black_usv26(x224,265) black_usv24(x224,521) | KILL=0 | ACTIONS=30 | INTENT: focus=2 ratio=0.20
      [DETECT] black_usv2
      [DETECT] black_usv1
[t=4,180s] step=140 | MISSION=NORMAL_C | USV: 15/15 (avail=0 int=15 lock=0 frz=0) | UAV: air=15 rtb=0 chg=0 loiter=0 | TRACKS: vis=27 lost=3 engaged=0 | TOP: black_usv2(x228,526) black_usv1(x230,191) black_usv29(x224,636) | KILL=0 | ACTIONS=30 | INTENT: focus=2 ratio=0.20
[t=4,515s] step=150 | MISSION=NORMAL_C | USV: 15/15 (avail=0 int=15 lock=0 frz=0) | UAV: air=15 rtb=0 chg=0 loiter=0 | TRACKS: vis=30 lost=0 engaged=0 | TOP: black_usv2(x225,271) black_usv29(x221,829) black_usv30(x223,876) | KILL=0 | ACTIONS=30 | INTENT: focus=2 ratio=0.20
[t=4,844s] step=160 | MISSION=NORMAL_C | USV: 15/15 (avail=0 int=15 lock=0 frz=0) | UAV: air=15 rtb=0 chg=0 loiter=0 | TRACKS: vis=29 lost=1 engaged=0 | TOP: black_usv2(x222,114) black_usv29(x219,073) black_usv13(x214,101) | KILL=0 | ACTIONS=30 | INTENT: focus=2 ratio=0.20
[t=5,170s] step=170 | MISSION=NORMAL_C | USV: 15/15 (avail=0 int=15 lock=0 frz=0) | UAV: air=15 rtb=0 chg=0 loiter=0 | TRACKS: vis=25 lost=4 engaged=0 | TOP: black_usv2(x218,864) black_usv29(x216,341) black_usv13(x210,841) | KILL=0 | ACTIONS=30 | INTENT: focus=2 ratio=0.20
[t=5,496s] step=180 | MISSION=NORMAL_C | USV: 15/15 (avail=0 int=15 lock=0 frz=0) | UAV: air=15 rtb=0 chg=0 loiter=0 | TRACKS: vis=28 lost=1 engaged=0 | TOP: black_usv2(x215,644) black_usv29(x213,610) black_usv26(x207,942) | KILL=0 | ACTIONS=30 | INTENT: focus=2 ratio=0.20
[t=5,825s] step=190 | MISSION=NORMAL_C | USV: 15/15 (avail=0 int=15 lock=0 frz=0) | UAV: air=15 rtb=0 chg=0 loiter=0 | TRACKS: vis=28 lost=0 engaged=0 | TOP: black_usv2(x212,370) black_usv26(x204,661) black_usv24(x204,923) | KILL=0 | ACTIONS=30 | INTENT: focus=2 ratio=0.20
[t=6,156s] step=200 | MISSION=NORMAL_C | USV: 15/15 (avail=0 int=15 lock=0 frz=0) | UAV: air=15 rtb=0 chg=0 loiter=0 | TRACKS: vis=28 lost=0 engaged=0 | TOP: black_usv2(x209,060) black_usv26(x201,351) black_usv24(x201,613) | KILL=0 | ACTIONS=30 | INTENT: focus=2 ratio=0.20
[t=6,468s] step=210 | MISSION=NORMAL_C | USV: 15/15 (avail=0 int=15 lock=0 frz=0) | UAV: air=15 rtb=0 chg=0 loiter=0 | TRACKS: vis=26 lost=2 engaged=0 | TOP: black_usv2(x205,940) black_usv26(x198,231) black_usv24(x198,493) | KILL=0 | ACTIONS=30 | INTENT: focus=2 ratio=0.20
[t=6,823s] step=220 | MISSION=NORMAL_C | USV: 15/15 (avail=0 int=15 lock=0 frz=0) | UAV: air=15 rtb=0 chg=0 loiter=0 | TRACKS: vis=25 lost=3 engaged=0 | TOP: black_usv10(x195,663) black_usv7(x197,501) black_usv6(x199,014) | KILL=0 | ACTIONS=30 | INTENT: focus=2 ratio=0.20
[t=7,158s] step=230 | MISSION=NORMAL_C | USV: 15/15 (avail=0 int=15 lock=0 frz=0) | UAV: air=15 rtb=0 chg=0 loiter=0 | TRACKS: vis=27 lost=1 engaged=0 | TOP: black_usv7(x194,157) black_usv4(x195,558) black_usv6(x195,666) | KILL=0 | ACTIONS=30 | INTENT: focus=2 ratio=0.20
      [ASSIGN] white_usv3->black_usv13(机会锁定)
      [ASSIGN] white_usv7->black_usv17(机会锁定)
      [ASSIGN] white_usv2->black_usv12(机会锁定)
      [ASSIGN] white_usv9->black_usv17(机会锁定)
      [ASSIGN] white_usv6->black_usv12(机会锁定)
      [ASSIGN] white_usv8->black_usv17(机会锁定)
      [ASSIGN] white_usv4->black_usv21(机会锁定)
      [ASSIGN] white_usv15->black_usv25(机会锁定)
      [ASSIGN] white_usv10->black_usv21(机会锁定)
      [ASSIGN] white_usv12->black_usv23(机会锁定)
      [ASSIGN] white_usv11->black_usv17(机会锁定)
      [ASSIGN] white_usv14->black_usv25(机会锁定)
[t=7,516s] step=240 | MISSION=NORMAL_C | USV: 15/15 (avail=0 int=8 lock=7 frz=0) | UAV: air=15 rtb=0 chg=0 loiter=0 | TRACKS: vis=26 lost=1 engaged=3 | TOP: black_usv7(x190,589) black_usv4(x191,978) black_usv6(x192,086) | KILL=0 | ACTIONS=30 | INTENT: focus=2 ratio=0.20
      [ASSIGN] white_usv13->black_usv22(机会锁定)
      [ASSIGN] white_usv1->black_usv21(机会锁定)
      [DETECT] black_usv28
      [ASSIGN] white_usv5->black_usv16(机会锁定)
      [ASSIGN] white_usv3->black_usv11(机会锁定)
      [ASSIGN] white_usv7->black_usv16(机会锁定)
      [ASSIGN] white_usv2->black_usv11(机会锁定)
      [ASSIGN] white_usv9->black_usv18(机会锁定)
      [ASSIGN] white_usv6->black_usv13(机会锁定)
      [ASSIGN] white_usv8->black_usv18(机会锁定)
      [ASSIGN] white_usv11->black_usv18(机会锁定)
      [ASSIGN] white_usv4->black_usv17(机会锁定)
      [ASSIGN] white_usv15->black_usv20(机会锁定)
      [ASSIGN] white_usv10->black_usv17(机会锁定)
      [ASSIGN] white_usv12->black_usv20(机会锁定)
      [ASSIGN] white_usv1->black_usv20(机会锁定)
      [ASSIGN] white_usv14->black_usv23(机会锁定)
      [ASSIGN] white_usv4->black_usv21(机会锁定)
      [ASSIGN] white_usv15->black_usv25(机会锁定)
      [ASSIGN] white_usv10->black_usv21(机会锁定)
      [ASSIGN] white_usv12->black_usv25(机会锁定)
      [ASSIGN] white_usv1->black_usv21(机会锁定)
      [ASSIGN] white_usv14->black_usv25(机会锁定)
[t=7,869s] step=250 | MISSION=NORMAL_C | USV: 15/15 (avail=0 int=6 lock=9 frz=0) | UAV: air=15 rtb=0 chg=0 loiter=0 | TRACKS: vis=25 lost=3 engaged=5 | TOP: black_usv7(x187,059) black_usv6(x188,625) black_usv25(x186,172) | KILL=3 | ACTIONS=30 | INTENT: focus=2 ratio=0.20
      [ASSIGN] white_usv4->black_usv17(机会锁定)
      [ASSIGN] white_usv15->black_usv23(机会锁定)
      [ASSIGN] white_usv13->black_usv23(机会锁定)
      [ASSIGN] white_usv10->black_usv17(机会锁定)
      [ASSIGN] white_usv12->black_usv23(机会锁定)
      [ASSIGN] white_usv1->black_usv23(机会锁定)
      [ASSIGN] white_usv14->black_usv23(机会锁定)
      [ASSIGN] white_usv4->black_usv21(机会锁定)
      [ASSIGN] white_usv10->black_usv21(机会锁定)
      [ASSIGN] white_usv4->black_usv17(机会锁定)
      [ASSIGN] white_usv10->black_usv20(机会锁定)
      [ASSIGN] white_usv4->black_usv21(机会锁定)
      [ASSIGN] white_usv4->black_usv17(机会锁定)
      [ASSIGN] white_usv4->black_usv21(机会锁定)
      [ASSIGN] white_usv5->black_usv14(机会锁定)
      [ASSIGN] white_usv3->black_usv14(机会锁定)
      [ASSIGN] white_usv7->black_usv19(机会锁定)
      [ASSIGN] white_usv2->black_usv14(机会锁定)
      [ASSIGN] white_usv4->black_usv16(机会锁定)
      [ASSIGN] white_usv9->black_usv16(机会锁定)
      [ASSIGN] white_usv6->black_usv11(机会锁定)
      [ASSIGN] white_usv8->black_usv16(机会锁定)
      [ASSIGN] white_usv11->black_usv16(机会锁定)
      [ASSIGN] white_usv4->black_usv18(机会锁定)
      [ASSIGN] white_usv9->black_usv18(机会锁定)
      [ASSIGN] white_usv6->black_usv15(机会锁定)
      [ASSIGN] white_usv8->black_usv18(机会锁定)
      [ASSIGN] white_usv11->black_usv18(机会锁定)
      [DETECT] black_usv29
      [ASSIGN] white_usv4->black_usv16(机会锁定)
      [ASSIGN] white_usv9->black_usv16(机会锁定)
      [ASSIGN] white_usv6->black_usv11(机会锁定)
      [ASSIGN] white_usv8->black_usv16(机会锁定)
      [ASSIGN] white_usv11->black_usv16(机会锁定)
      [ASSIGN] white_usv9->black_usv18(机会锁定)
      [ASSIGN] white_usv15->black_usv25(机会锁定)
      [ASSIGN] white_usv13->black_usv22(机会锁定)
      [ASSIGN] white_usv6->black_usv15(机会锁定)
      [ASSIGN] white_usv8->black_usv18(机会锁定)
      [ASSIGN] white_usv12->black_usv22(机会锁定)
      [ASSIGN] white_usv1->black_usv22(机会锁定)
      [ASSIGN] white_usv11->black_usv15(机会锁定)
      [ASSIGN] white_usv14->black_usv25(机会锁定)
[t=8,258s] step=260 | MISSION=NORMAL_C | USV: 15/15 (avail=0 int=10 lock=5 frz=0) | UAV: air=15 rtb=0 chg=0 loiter=0 | TRACKS: vis=28 lost=0 engaged=3 | TOP: black_usv29(x188,839) black_usv28(x188,630) black_usv25(x186,172) | KILL=8 | ACTIONS=30 | INTENT: focus=2 ratio=0.20
      [ASSIGN] white_usv4->black_usv20(机会锁定)
      [ASSIGN] white_usv9->black_usv21(机会锁定)
      [ASSIGN] white_usv15->black_usv23(机会锁定)
      [ASSIGN] white_usv8->black_usv17(机会锁定)
      [ASSIGN] white_usv14->black_usv23(机会锁定)
      [ASSIGN] white_usv9->black_usv16(机会锁定)
      [ASSIGN] white_usv15->black_usv25(机会锁定)
      [ASSIGN] white_usv8->black_usv16(机会锁定)
      [ASSIGN] white_usv14->black_usv25(机会锁定)
      [KILL] black_usv17
      [ASSIGN] white_usv9->black_usv18(机会锁定)
      [ASSIGN] white_usv15->black_usv23(机会锁定)
      [ASSIGN] white_usv8->black_usv18(机会锁定)
      [ASSIGN] white_usv14->black_usv23(机会锁定)
      [ASSIGN] white_usv5->black_usv12(机会锁定)
      [ASSIGN] white_usv9->black_usv16(机会锁定)
      [ASSIGN] white_usv15->black_usv25(机会锁定)
      [ASSIGN] white_usv3->black_usv10(机会锁定)
      [ASSIGN] white_usv8->black_usv16(机会锁定)
      [ASSIGN] white_usv2->black_usv10(机会锁定)
      [ASSIGN] white_usv14->black_usv25(机会锁定)
      [ASSIGN] white_usv9->black_usv18(机会锁定)
      [ASSIGN] white_usv15->black_usv23(机会锁定)
      [ASSIGN] white_usv7->black_usv14(机会锁定)
      [ASSIGN] white_usv8->black_usv19(机会锁定)
      [ASSIGN] white_usv2->black_usv14(机会锁定)
      [ASSIGN] white_usv14->black_usv23(机会锁定)
      [DETECT] black_usv1
      [KILL] black_usv21
      [KILL] black_usv25
      [ASSIGN] white_usv9->black_usv16(机会锁定)
      [ASSIGN] white_usv15->black_usv20(机会锁定)
      [ASSIGN] white_usv7->black_usv16(机会锁定)
      [ASSIGN] white_usv2->black_usv8(机会锁定)
      [ASSIGN] white_usv14->black_usv24(机会锁定)
      [ASSIGN] white_usv9->black_usv18(机会锁定)
      [ASSIGN] white_usv15->black_usv23(机会锁定)
      [ASSIGN] white_usv7->black_usv18(机会锁定)
      [ASSIGN] white_usv9->black_usv16(机会锁定)
      [ASSIGN] white_usv13->black_usv16(机会锁定)
      [ASSIGN] white_usv7->black_usv16(机会锁定)
      [ASSIGN] white_usv12->black_usv16(机会锁定)
      [ASSIGN] white_usv1->black_usv16(机会锁定)
      [ASSIGN] white_usv4->black_usv22(机会锁定)
      [ASSIGN] white_usv15->black_usv22(机会锁定)
      [ASSIGN] white_usv13->black_usv22(机会锁定)
      [ASSIGN] white_usv7->black_usv22(机会锁定)
      [ASSIGN] white_usv12->black_usv22(机会锁定)
      [ASSIGN] white_usv1->black_usv22(机会锁定)
      [ASSIGN] white_usv11->black_usv14(机会锁定)
      [ASSIGN] white_usv4->black_usv20(机会锁定)
      [ASSIGN] white_usv13->black_usv20(机会锁定)
      [ASSIGN] white_usv7->black_usv15(机会锁定)
      [ASSIGN] white_usv12->black_usv20(机会锁定)
      [ASSIGN] white_usv1->black_usv20(机会锁定)
      [ASSIGN] white_usv11->black_usv15(机会锁定)
[t=8,640s] step=270 | MISSION=NORMAL_C | USV: 12/15 (avail=0 int=7 lock=5 frz=0) | UAV: air=15 rtb=0 chg=0 loiter=0 | TRACKS: vis=24 lost=2 engaged=5 | TOP: black_usv28(x184,810) black_usv1(x192,424) black_usv29(x185,034) | KILL=12 | ACTIONS=27 | INTENT: focus=2 ratio=0.20
      [ASSIGN] white_usv4->black_usv16(机会锁定)
      [ASSIGN] white_usv13->black_usv23(机会锁定)
      [ASSIGN] white_usv7->black_usv16(机会锁定)
      [ASSIGN] white_usv12->black_usv23(机会锁定)
      [ASSIGN] white_usv1->black_usv16(机会锁定)
      [ASSIGN] white_usv11->black_usv14(机会锁定)
      [KILL] black_usv16
      [KILL] black_usv11
      [RELEASE] white_usv4->black_usv16(目标失效)
      [ASSIGN] white_usv4->black_usv20(机会锁定)
      [ASSIGN] white_usv13->black_usv20(机会锁定)
      [RELEASE] white_usv7->black_usv16(目标失效)
      [ASSIGN] white_usv7->black_usv15(机会锁定)
      [ASSIGN] white_usv12->black_usv20(机会锁定)
      [RELEASE] white_usv1->black_usv16(目标失效)
      [ASSIGN] white_usv1->black_usv20(机会锁定)
      [ASSIGN] white_usv11->black_usv15(机会锁定)
      [KILL] black_usv13
      [KILL] black_usv18
      [ASSIGN] white_usv4->black_usv14(机会锁定)
      [ASSIGN] white_usv5->black_usv14(机会锁定)
      [ASSIGN] white_usv15->black_usv23(机会锁定)
      [ASSIGN] white_usv13->black_usv22(机会锁定)
      [ASSIGN] white_usv3->black_usv14(机会锁定)
      [ASSIGN] white_usv7->black_usv14(机会锁定)
      [ASSIGN] white_usv12->black_usv23(机会锁定)
      [ASSIGN] white_usv1->black_usv22(机会锁定)
      [ASSIGN] white_usv11->black_usv14(机会锁定)
      [ASSIGN] white_usv4->black_usv12(机会锁定)
      [ASSIGN] white_usv5->black_usv12(机会锁定)
      [ASSIGN] white_usv15->black_usv20(机会锁定)
      [ASSIGN] white_usv13->black_usv20(机会锁定)
      [ASSIGN] white_usv3->black_usv10(机会锁定)
      [ASSIGN] white_usv7->black_usv12(机会锁定)
      [ASSIGN] white_usv12->black_usv20(机会锁定)
      [ASSIGN] white_usv1->black_usv20(机会锁定)
      [ASSIGN] white_usv11->black_usv12(机会锁定)
      [ASSIGN] white_usv4->black_usv22(机会锁定)
      [ASSIGN] white_usv5->black_usv15(机会锁定)
      [ASSIGN] white_usv15->black_usv22(机会锁定)
      [ASSIGN] white_usv13->black_usv22(机会锁定)
      [ASSIGN] white_usv7->black_usv15(机会锁定)
      [ASSIGN] white_usv12->black_usv22(机会锁定)
      [ASSIGN] white_usv1->black_usv22(机会锁定)
      [ASSIGN] white_usv2->black_usv15(机会锁定)
      [ASSIGN] white_usv11->black_usv15(机会锁定)
      [ASSIGN] white_usv14->black_usv23(机会锁定)
      [KILL] black_usv23
      [ASSIGN] white_usv4->black_usv12(机会锁定)
      [ASSIGN] white_usv5->black_usv12(机会锁定)
      [ASSIGN] white_usv15->black_usv20(机会锁定)
      [ASSIGN] white_usv7->black_usv12(机会锁定)
      [ASSIGN] white_usv8->black_usv12(机会锁定)
      [ASSIGN] white_usv2->black_usv8(机会锁定)
      [ASSIGN] white_usv11->black_usv12(机会锁定)
      [ASSIGN] white_usv4->black_usv19(机会锁定)
      [ASSIGN] white_usv5->black_usv19(机会锁定)
      [ASSIGN] white_usv15->black_usv24(机会锁定)
      [ASSIGN] white_usv7->black_usv19(机会锁定)
      [ASSIGN] white_usv8->black_usv19(机会锁定)
      [ASSIGN] white_usv2->black_usv15(机会锁定)
      [ASSIGN] white_usv11->black_usv15(机会锁定)
      [ASSIGN] white_usv4->black_usv12(机会锁定)
      [ASSIGN] white_usv5->black_usv12(机会锁定)
      [ASSIGN] white_usv7->black_usv12(机会锁定)
      [ASSIGN] white_usv8->black_usv12(机会锁定)
      [ASSIGN] white_usv2->black_usv8(机会锁定)
      [ASSIGN] white_usv11->black_usv12(机会锁定)
      [KILL] black_usv20
      [ASSIGN] white_usv4->black_usv19(机会锁定)
      [ASSIGN] white_usv5->black_usv19(机会锁定)
      [ASSIGN] white_usv8->black_usv19(机会锁定)
      [ASSIGN] white_usv5->black_usv15(机会锁定)
      [ASSIGN] white_usv8->black_usv15(机会锁定)
[t=8,981s] step=280 | MISSION=NORMAL_C | USV: 10/15 (avail=0 int=7 lock=3 frz=0) | UAV: air=15 rtb=0 chg=0 loiter=0 | TRACKS: vis=18 lost=2 engaged=3 | TOP: black_usv28(x181,400) black_usv29(x181,624) black_usv9(x176,731) | KILL=14 | ACTIONS=25 | INTENT: focus=2 ratio=0.20
      [ASSIGN] white_usv5->black_usv12(机会锁定)
      [ASSIGN] white_usv8->black_usv14(机会锁定)
      [KILL] black_usv14
      [ASSIGN] white_usv13->black_usv19(机会锁定)
      [RELEASE] white_usv8->black_usv14(目标失效)
      [ASSIGN] white_usv8->black_usv15(机会锁定)
      [ASSIGN] white_usv1->black_usv19(机会锁定)
      [ASSIGN] white_usv4->black_usv22(机会锁定)
      [ASSIGN] white_usv13->black_usv22(机会锁定)
      [ASSIGN] white_usv8->black_usv22(机会锁定)
      [ASSIGN] white_usv1->black_usv22(机会锁定)
      [ASSIGN] white_usv11->black_usv8(机会锁定)
      [ASSIGN] white_usv4->black_usv19(机会锁定)
      [ASSIGN] white_usv13->black_usv19(机会锁定)
      [ASSIGN] white_usv3->black_usv9(机会锁定)
      [ASSIGN] white_usv8->black_usv19(机会锁定)
      [ASSIGN] white_usv12->black_usv19(机会锁定)
      [ASSIGN] white_usv1->black_usv19(机会锁定)
      [KILL] black_usv22
      [ASSIGN] white_usv4->black_usv15(机会锁定)
      [KILL] black_usv15
      [RELEASE] white_usv4->black_usv15(目标失效)
      [ASSIGN] white_usv4->black_usv10(机会锁定)
      [ASSIGN] white_usv15->black_usv26(机会锁定)
      [ASSIGN] white_usv1->black_usv12(机会锁定)
      [ASSIGN] white_usv5->black_usv10(机会锁定)
      [ASSIGN] white_usv13->black_usv12(机会锁定)
      [ASSIGN] white_usv8->black_usv12(机会锁定)
      [ASSIGN] white_usv2->black_usv7(机会锁定)
      [ASSIGN] white_usv4->black_usv19(机会锁定)
      [ASSIGN] white_usv5->black_usv8(机会锁定)
      [ASSIGN] white_usv13->black_usv19(机会锁定)
      [ASSIGN] white_usv8->black_usv19(机会锁定)
      [ASSIGN] white_usv1->black_usv19(机会锁定)
      [KILL] black_usv12
      [ASSIGN] white_usv4->black_usv10(机会锁定)
      [ASSIGN] white_usv8->black_usv8(机会锁定)
      [ASSIGN] white_usv12->black_usv24(机会锁定)
[t=9,422s] step=290 | MISSION=NORMAL_C | USV: 10/15 (avail=0 int=4 lock=6 frz=0) | UAV: air=15 rtb=0 chg=0 loiter=0 | TRACKS: vis=16 lost=0 engaged=4 | TOP: black_usv28(x177,018) black_usv29(x177,252) black_usv6(x174,087) | KILL=15 | ACTIONS=25 | INTENT: focus=2 ratio=0.20
      [ASSIGN] white_usv4->black_usv9(机会锁定)
      [ASSIGN] white_usv11->black_usv9(机会锁定)
      [KILL] black_usv19
      [RELEASE] white_usv13->black_usv19(目标失效)
      [ASSIGN] white_usv3->black_usv10(机会锁定)
      [RELEASE] white_usv1->black_usv19(目标失效)
      [ASSIGN] white_usv13->black_usv24(机会锁定)
      [ASSIGN] white_usv3->black_usv7(机会锁定)
      [ASSIGN] white_usv1->black_usv6
      [ASSIGN] white_usv1->black_usv10(机会锁定)
      [ASSIGN] white_usv2->black_usv10(机会锁定)
      [ASSIGN] white_usv5->black_usv7(机会锁定)
      [ASSIGN] white_usv8->black_usv7(机会锁定)
      [ASSIGN] white_usv2->black_usv7(机会锁定)
      [ASSIGN] white_usv1->black_usv8(机会锁定)
      [ASSIGN] white_usv12->black_usv26(机会锁定)
      [ASSIGN] white_usv1->black_usv10(机会锁定)
      [DETECT] black_usv30
      [KILL] black_usv10
      [ASSIGN] white_usv4->black_usv8(机会锁定)
      [RELEASE] white_usv1->black_usv10(目标失效)
      [ASSIGN] white_usv1->black_usv8(机会锁定)
      [ASSIGN] white_usv11->black_usv8(机会锁定)
      [ASSIGN] white_usv4->black_usv9(机会锁定)
      [ASSIGN] white_usv1->black_usv9(机会锁定)
      [ASSIGN] white_usv11->black_usv9(机会锁定)
[t=9,833s] step=300 | MISSION=NORMAL_C | USV: 9/15 (avail=0 int=3 lock=6 frz=0) | UAV: air=15 rtb=0 chg=0 loiter=0 | TRACKS: vis=15 lost=0 engaged=3 | TOP: black_usv30(x178,915) black_usv6(x170,029) black_usv4(x170,160) | KILL=17 | ACTIONS=24 | INTENT: focus=2 ratio=0.20
      [ASSIGN] white_usv4->black_usv8(机会锁定)
      [ASSIGN] white_usv5->black_usv8(机会锁定)
      [ASSIGN] white_usv3->black_usv8(机会锁定)
      [ASSIGN] white_usv8->black_usv8(机会锁定)
      [ASSIGN] white_usv1->black_usv8(机会锁定)
      [ASSIGN] white_usv2->black_usv8(机会锁定)
      [ASSIGN] white_usv11->black_usv8(机会锁定)
      [ASSIGN] white_usv4->black_usv9(机会锁定)
      [ASSIGN] white_usv5->black_usv9(机会锁定)
      [ASSIGN] white_usv3->black_usv7(机会锁定)
      [ASSIGN] white_usv8->black_usv9(机会锁定)
      [ASSIGN] white_usv1->black_usv9(机会锁定)
      [ASSIGN] white_usv2->black_usv7(机会锁定)
      [ASSIGN] white_usv11->black_usv9(机会锁定)
      [ASSIGN] white_usv4->black_usv8(机会锁定)
      [ASSIGN] white_usv5->black_usv8(机会锁定)
      [ASSIGN] white_usv3->black_usv8(机会锁定)
      [ASSIGN] white_usv8->black_usv8(机会锁定)
      [ASSIGN] white_usv1->black_usv8(机会锁定)
      [ASSIGN] white_usv2->black_usv8(机会锁定)
      [ASSIGN] white_usv11->black_usv8(机会锁定)
      [ASSIGN] white_usv4->black_usv9(机会锁定)
      [ASSIGN] white_usv5->black_usv9(机会锁定)
      [ASSIGN] white_usv3->black_usv7(机会锁定)
      [ASSIGN] white_usv8->black_usv9(机会锁定)
      [ASSIGN] white_usv1->black_usv9(机会锁定)
      [ASSIGN] white_usv2->black_usv7(机会锁定)
      [ASSIGN] white_usv11->black_usv9(机会锁定)
      [ASSIGN] white_usv4->black_usv8(机会锁定)
      [ASSIGN] white_usv5->black_usv8(机会锁定)
      [ASSIGN] white_usv3->black_usv8(机会锁定)
      [ASSIGN] white_usv8->black_usv8(机会锁定)
      [ASSIGN] white_usv12->black_usv24(机会锁定)
      [ASSIGN] white_usv1->black_usv8(机会锁定)
      [ASSIGN] white_usv2->black_usv8(机会锁定)
      [ASSIGN] white_usv11->black_usv8(机会锁定)
      [KILL] black_usv9
      [ASSIGN] white_usv5->black_usv7(机会锁定)
      [ASSIGN] white_usv3->black_usv7(机会锁定)
      [ASSIGN] white_usv8->black_usv7(机会锁定)
      [ASSIGN] white_usv12->black_usv26(机会锁定)
      [ASSIGN] white_usv1->black_usv7(机会锁定)
      [ASSIGN] white_usv2->black_usv7(机会锁定)
      [ASSIGN] white_usv5->black_usv6(机会锁定)
      [ASSIGN] white_usv3->black_usv8(机会锁定)
      [ASSIGN] white_usv8->black_usv6(机会锁定)
      [ASSIGN] white_usv12->black_usv24(机会锁定)
      [ASSIGN] white_usv1->black_usv6(机会锁定)
      [ASSIGN] white_usv2->black_usv6(机会锁定)
      [ASSIGN] white_usv12->black_usv26(机会锁定)
      [KILL] black_usv7
      [ASSIGN] white_usv12->black_usv24(机会锁定)
      [KILL] black_usv8
      [RELEASE] white_usv4->black_usv8(目标失效)
      [RELEASE] white_usv3->black_usv8(目标失效)
      [ASSIGN] white_usv12->black_usv26(机会锁定)
      [RELEASE] white_usv11->black_usv8(目标失效)
[t=10,281s] step=310 | MISSION=NORMAL_C | USV: 9/15 (avail=0 int=5 lock=4 frz=0) | UAV: air=15 rtb=0 chg=0 loiter=0 | TRACKS: vis=12 lost=0 engaged=1 | TOP: black_usv30(x174,927) black_usv4(x165,974) black_usv27(x167,658) | KILL=20 | ACTIONS=24 | INTENT: focus=2 ratio=0.20
      [ASSIGN] white_usv4->black_usv30
      [ASSIGN] white_usv3->black_usv4
      [ASSIGN] white_usv12->black_usv24(机会锁定)
      [ASSIGN] white_usv11->black_usv27
      [ASSIGN] white_usv3->black_usv6(机会锁定)
      [KILL] black_usv24
      [RELEASE] white_usv13->black_usv24(目标失效)
      [ASSIGN] white_usv13->black_usv26(机会锁定)
      [RELEASE] white_usv12->black_usv24(目标失效)
      [KILL] black_usv26
      [RELEASE] white_usv13->black_usv26(目标失效)
      [ASSIGN] white_usv12->black_usv28
      [ASSIGN] white_usv13->black_usv29
      [ASSIGN] white_usv5->black_usv4(机会锁定)
      [ASSIGN] white_usv1->black_usv4(机会锁定)
[t=10,737s] step=320 | MISSION=NORMAL_C | USV: 8/15 (avail=0 int=6 lock=2 frz=0) | UAV: air=15 rtb=0 chg=0 loiter=0 | TRACKS: vis=10 lost=0 engaged=1 | TOP: black_usv5(x167,624) black_usv3(x170,311) black_usv2(x175,327) | KILL=21 | ACTIONS=23 | INTENT: focus=2 ratio=0.20
      [ASSIGN] white_usv13->black_usv27(机会锁定)
      [ASSIGN] white_usv12->black_usv27(机会锁定)
      [ASSIGN] white_usv5->black_usv6(机会锁定)
      [ASSIGN] white_usv5->black_usv4(机会锁定)
      [ASSIGN] white_usv3->black_usv4(机会锁定)
      [ASSIGN] white_usv4->black_usv27(机会锁定)
      [KILL] black_usv6
      [RELEASE] white_usv8->black_usv6(目标失效)
      [ASSIGN] white_usv13->black_usv28(机会锁定)
      [ASSIGN] white_usv8->black_usv29
[t=11,152s] step=330 | MISSION=NORMAL_C | USV: 8/15 (avail=1 int=2 lock=5 frz=0) | UAV: air=15 rtb=0 chg=0 loiter=0 | TRACKS: vis=8 lost=1 engaged=2 | TOP: black_usv5(x163,477) black_usv28(x160,176) black_usv3(x166,212) | KILL=21 | ACTIONS=23 | INTENT: focus=2 ratio=0.20
      [ASSIGN] white_usv4->black_usv28(机会锁定)
      [ASSIGN] white_usv12->black_usv28(机会锁定)
      [ASSIGN] white_usv5->black_usv5(机会锁定)
      [ASSIGN] white_usv13->black_usv27(机会锁定)
      [ASSIGN] white_usv4->black_usv27(机会锁定)
      [ASSIGN] white_usv12->black_usv27(机会锁定)
[t=11,618s] step=340 | MISSION=NORMAL_C | USV: 8/15 (avail=0 int=7 lock=1 frz=0) | UAV: air=15 rtb=0 chg=0 loiter=0 | TRACKS: vis=9 lost=0 engaged=1 | TOP: black_usv3(x161,552) black_usv30(x162,217) black_usv2(x166,721) | KILL=24 | ACTIONS=23 | INTENT: focus=2 ratio=0.20
      [ASSIGN] white_usv4->black_usv28(机会锁定)
      [ASSIGN] white_usv13->black_usv28(机会锁定)
      [ASSIGN] white_usv12->black_usv28(机会锁定)
      [ASSIGN] white_usv4->black_usv27(机会锁定)
      [ASSIGN] white_usv13->black_usv27(机会锁定)
      [ASSIGN] white_usv12->black_usv27(机会锁定)
      [ASSIGN] white_usv4->black_usv28(机会锁定)
      [ASSIGN] white_usv13->black_usv28(机会锁定)
      [ASSIGN] white_usv12->black_usv28(机会锁定)
      [ASSIGN] white_usv11->black_usv28(机会锁定)
      [KILL] black_usv27
      [ASSIGN] white_usv4->black_usv29(机会锁定)
      [KILL] black_usv4
      [RELEASE] white_usv3->black_usv4(目标失效)
      [ASSIGN] white_usv12->black_usv29(机会锁定)
      [RELEASE] white_usv1->black_usv4(目标失效)
      [ASSIGN] white_usv3->black_usv3
      [ASSIGN] white_usv1->black_usv2
[t=12,112s] step=350 | MISSION=NORMAL_C | USV: 8/15 (avail=0 int=5 lock=3 frz=0) | UAV: air=15 rtb=0 chg=0 loiter=0 | TRACKS: vis=7 lost=0 engaged=2 | TOP: black_usv1(x166,131) black_usv30(x157,729) black_usv5(x156,723) | KILL=24 | ACTIONS=23 | INTENT: focus=2 ratio=0.20
      [KILL] black_usv28
      [RELEASE] white_usv13->black_usv28(目标失效)
      [ASSIGN] white_usv3->black_usv5(机会锁定)
      [RELEASE] white_usv11->black_usv28(目标失效)
      [ASSIGN] white_usv13->black_usv3
      [ASSIGN] white_usv11->black_usv30
      [ASSIGN] white_usv1->black_usv5(机会锁定)
      [ASSIGN] white_usv11->black_usv29(机会锁定)
      [ASSIGN] white_usv5->black_usv3(机会锁定)
[t=12,620s] step=360 | MISSION=NORMAL_C | USV: 8/15 (avail=0 int=4 lock=4 frz=0) | UAV: air=15 rtb=0 chg=0 loiter=0 | TRACKS: vis=6 lost=0 engaged=2 | TOP: black_usv30(x152,750) black_usv2(x156,783) black_usv1(x161,693) | KILL=25 | ACTIONS=23 | INTENT: focus=2 ratio=0.20
      [KILL] black_usv5
      [RELEASE] white_usv3->black_usv5(目标失效)
      [ASSIGN] white_usv3->black_usv3(机会锁定)
      [RELEASE] white_usv1->black_usv5(目标失效)
      [ASSIGN] white_usv1->black_usv30
[t=13,108s] step=370 | MISSION=NORMAL_C | USV: 8/15 (avail=0 int=6 lock=2 frz=0) | UAV: air=15 rtb=0 chg=0 loiter=0 | TRACKS: vis=5 lost=0 engaged=1 | TOP: black_usv2(x151,903) black_usv1(x158,170) black_usv30(x148,844) | KILL=26 | ACTIONS=23 | INTENT: focus=2 ratio=0.20
      [ASSIGN] white_usv4->black_usv30(机会锁定)
      [KILL] black_usv29
      [RELEASE] white_usv8->black_usv29(目标失效)
      [RELEASE] white_usv12->black_usv29(目标失效)
      [RELEASE] white_usv11->black_usv29(目标失效)
      [ASSIGN] white_usv8->black_usv2
      [ASSIGN] white_usv12->black_usv2
      [ASSIGN] white_usv11->black_usv1
      [ASSIGN] white_usv5->black_usv2(机会锁定)
[t=13,663s] step=380 | MISSION=NORMAL_C | USV: 8/15 (avail=0 int=6 lock=2 frz=0) | UAV: air=15 rtb=0 chg=0 loiter=0 | TRACKS: vis=4 lost=0 engaged=2 | TOP: black_usv30(x143,493) black_usv2(x146,353) black_usv1(x156,045) | KILL=27 | ACTIONS=23 | INTENT: focus=2 ratio=0.20
      [KILL] black_usv3
      [RELEASE] white_usv13->black_usv3(目标失效)
      [RELEASE] white_usv3->black_usv3(目标失效)
      [ASSIGN] white_usv13->black_usv30
      [ASSIGN] white_usv3->black_usv1
      [RELEASE] white_usv3->black_usv1(目标失效)
      [RELEASE] white_usv11->black_usv1(目标失效)
[t=14,190s] step=390 | MISSION=NORMAL_C | USV: 8/15 (avail=0 int=7 lock=1 frz=0) | UAV: air=15 rtb=0 chg=0 loiter=0 | TRACKS: vis=2 lost=0 engaged=1 | TOP: black_usv30(x141,233) black_usv2(x141,333) | KILL=27 | ACTIONS=23 | INTENT: focus=2 ratio=0.20
[t=14,727s] step=400 | MISSION=NORMAL_C | USV: 8/15 (avail=2 int=6 lock=0 frz=0) | UAV: air=15 rtb=0 chg=0 loiter=0 | TRACKS: vis=2 lost=0 engaged=0 | TOP: black_usv30(x140,623) black_usv2(x141,053) | KILL=29 | ACTIONS=23 | INTENT: focus=2 ratio=0.20
      [KILL] black_usv30
      [RELEASE] white_usv4->black_usv30(目标失效)
      [RELEASE] white_usv13->black_usv30(目标失效)
      [RELEASE] white_usv1->black_usv30(目标失效)
      [KILL] black_usv2
      [RELEASE] white_usv5->black_usv2(目标失效)
      [RELEASE] white_usv8->black_usv2(目标失效)
      [RELEASE] white_usv12->black_usv2(目标失效)
[t=15,312s] step=410 | MISSION=GLOBAL_R | USV: 8/15 (avail=8 int=0 lock=0 frz=0) | UAV: air=15 rtb=0 chg=0 loiter=0 | TRACKS: vis=0 lost=0 engaged=0 | TOP:  | KILL=29 | ACTIONS=23 | INTENT: focus=2 ratio=0.20
[t=15,884s] step=420 | MISSION=GLOBAL_R | USV: 8/15 (avail=8 int=0 lock=0 frz=0) | UAV: air=15 rtb=0 chg=0 loiter=0 | TRACKS: vis=0 lost=0 engaged=0 | TOP:  | KILL=29 | ACTIONS=23 | INTENT: focus=2 ratio=0.20
      [DETECT] black_usv1
      [ASSIGN] white_usv5->black_usv1
      [ASSIGN] white_usv3->black_usv1
      [ASSIGN] white_usv8->black_usv1
[t=16,451s] step=430 | MISSION=NORMAL_C | USV: 8/15 (avail=5 int=2 lock=1 frz=0) | UAV: air=15 rtb=0 chg=0 loiter=0 | TRACKS: vis=1 lost=0 engaged=1 | TOP: black_usv1(x136,821) | KILL=29 | ACTIONS=23 | INTENT: focus=2 ratio=0.20

========================================================================
对局结果: Result.Victory — 敌方所有单位被击毁
  击杀蓝舰: 30 | 命中: 60 | 我方USV损失: 7 | UAV损失: 0 | 突破: 0
[META] result=Result.Victory victory_time=17292 first_detection=1840 first_lock=7476 first_kill=8385 enemy_kills=30 friendly_usv_losses=7 friendly_uav_losses=0 black_breakthrough=0 reacquire_attempts=139 reacquire_success=139 sensor_assisted_locks=110 low_conf_commitments=0 global_reacquire_entries=1 global_reacquire_success=1 coverage_collapse_events=1 active_clusters_max=1 coverage_quality_final=0.33 commander_source=default_intent commander_calls=0 commander_changes=0 commander_no_change=0 commander_parse_failures=0 commander_api_failures=0 commander_policy_failures=0 commander_avg_latency=0.0
Done
