========================================================================
HYBRID AGENT V5 — Variable-Cardinality Hierarchical Maritime Agent
  启用UAV: True | LLM_ENABLED: False
========================================================================
对局 90 开始
      [UAV RELAUNCH] white_uav1
      [UAV RELAUNCH] white_uav7
      [UAV RELAUNCH] white_uav3
      [UAV RELAUNCH] white_uav5
      [UAV RELAUNCH] white_uav9
      [UAV RELAUNCH] white_uav10
      [UAV RELAUNCH] white_uav12
      [UAV RELAUNCH] white_uav13
      [UAV RELAUNCH] white_uav15
      [UAV RELAUNCH] white_uav2
      [UAV RELAUNCH] white_uav4
      [UAV RELAUNCH] white_uav6
      [UAV RELAUNCH] white_uav8
      [UAV RELAUNCH] white_uav11
      [UAV RELAUNCH] white_uav14
[t=295s] step=10 | MISSION=NORMAL_C | USV: 15/15 (avail=15 int=0 lock=0 frz=0) | UAV: air=15 rtb=0 chg=0 loiter=0 | TRACKS: vis=0 lost=0 engaged=0 | TOP:  | KILL=0 | ACTIONS=30 | INTENT: focus=2 ratio=0.20
  [INTENT APPLIED]
    ThreatAllocator: focus 2 emergency 3 reserve_ratio 0.20 reserve_usvs None bias breakthrough_eta
    UAVManager: mode search_and_reacquire uav_priority []
[t=637s] step=20 | MISSION=NORMAL_C | USV: 15/15 (avail=15 int=0 lock=0 frz=0) | UAV: air=15 rtb=0 chg=0 loiter=0 | TRACKS: vis=0 lost=0 engaged=0 | TOP:  | KILL=0 | ACTIONS=30 | INTENT: focus=2 ratio=0.20
[t=979s] step=30 | MISSION=NORMAL_C | USV: 15/15 (avail=15 int=0 lock=0 frz=0) | UAV: air=15 rtb=0 chg=0 loiter=0 | TRACKS: vis=0 lost=0 engaged=0 | TOP:  | KILL=0 | ACTIONS=30 | INTENT: focus=2 ratio=0.20
[t=1,320s] step=40 | MISSION=NORMAL_C | USV: 15/15 (avail=15 int=0 lock=0 frz=0) | UAV: air=15 rtb=0 chg=0 loiter=0 | TRACKS: vis=0 lost=0 engaged=0 | TOP:  | KILL=0 | ACTIONS=30 | INTENT: focus=2 ratio=0.20
[t=1,658s] step=50 | MISSION=NORMAL_C | USV: 15/15 (avail=15 int=0 lock=0 frz=0) | UAV: air=15 rtb=0 chg=0 loiter=0 | TRACKS: vis=0 lost=0 engaged=0 | TOP:  | KILL=0 | ACTIONS=30 | INTENT: focus=2 ratio=0.20
      [DETECT] black_usv20
      [DETECT] black_usv11
      [DETECT] black_usv15
      [DETECT] black_usv17
      [DETECT] black_usv21
      [DETECT] black_usv14
      [DETECT] black_usv12
      [DETECT] black_usv22
      [DETECT] black_usv16
      [DETECT] black_usv23
      [DETECT] black_usv25
      [DETECT] black_usv19
      [DETECT] black_usv13
      [DETECT] black_usv18
      [ASSIGN] white_usv1->black_usv23
      [ASSIGN] white_usv5->black_usv17
      [ASSIGN] white_usv4->black_usv12
      [ASSIGN] white_usv6->black_usv15
      [ASSIGN] white_usv7->black_usv19
      [ASSIGN] white_usv2->black_usv25
      [ASSIGN] white_usv11->black_usv21
      [ASSIGN] white_usv14->black_usv20
      [ASSIGN] white_usv13->black_usv22
      [ASSIGN] white_usv3->black_usv14
      [ASSIGN] white_usv8->black_usv16
      [ASSIGN] white_usv9->black_usv18
      [DETECT] black_usv8
      [DETECT] black_usv24
      [DETECT] black_usv26
      [DETECT] black_usv9
      [DETECT] black_usv10
      [DETECT] black_usv7
      [DETECT] black_usv27
      [ASSIGN] white_usv10->black_usv11
      [ASSIGN] white_usv15->black_usv13
      [DETECT] black_usv4
      [DETECT] black_usv28
      [DETECT] black_usv5
      [DETECT] black_usv30
      [DETECT] black_usv3
      [DETECT] black_usv29
      [DETECT] black_usv6
      [ASSIGN] white_usv12->black_usv26
      [DETECT] black_usv2
      [DETECT] black_usv1
[t=1,986s] step=60 | MISSION=NORMAL_C | USV: 15/15 (avail=0 int=15 lock=0 frz=0) | UAV: air=15 rtb=0 chg=0 loiter=0 | TRACKS: vis=30 lost=0 engaged=0 | TOP: black_usv24(x241,613) black_usv8(x241,793) black_usv10(x241,926) | KILL=0 | ACTIONS=30 | INTENT: focus=2 ratio=0.20
[t=2,304s] step=70 | MISSION=NORMAL_C | USV: 15/15 (avail=0 int=15 lock=0 frz=0) | UAV: air=15 rtb=0 chg=0 loiter=0 | TRACKS: vis=30 lost=0 engaged=0 | TOP: black_usv24(x238,698) black_usv8(x238,912) black_usv10(x239,068) | KILL=0 | ACTIONS=30 | INTENT: focus=2 ratio=0.20
[t=2,620s] step=80 | MISSION=NORMAL_C | USV: 15/15 (avail=0 int=15 lock=0 frz=0) | UAV: air=15 rtb=0 chg=0 loiter=0 | TRACKS: vis=29 lost=1 engaged=0 | TOP: black_usv24(x235,802) black_usv8(x236,048) black_usv10(x236,227) | KILL=0 | ACTIONS=30 | INTENT: focus=2 ratio=0.20
[t=2,940s] step=90 | MISSION=NORMAL_C | USV: 15/15 (avail=0 int=15 lock=0 frz=0) | UAV: air=15 rtb=0 chg=0 loiter=0 | TRACKS: vis=28 lost=1 engaged=0 | TOP: black_usv24(x232,869) black_usv8(x233,147) black_usv10(x233,350) | KILL=0 | ACTIONS=30 | INTENT: focus=2 ratio=0.20
[t=3,242s] step=100 | MISSION=NORMAL_C | USV: 15/15 (avail=0 int=15 lock=0 frz=0) | UAV: air=15 rtb=0 chg=0 loiter=0 | TRACKS: vis=25 lost=4 engaged=0 | TOP: black_usv24(x230,101) black_usv8(x230,410) black_usv10(x230,635) | KILL=0 | ACTIONS=30 | INTENT: focus=2 ratio=0.20
[t=3,548s] step=110 | MISSION=NORMAL_C | USV: 15/15 (avail=0 int=15 lock=0 frz=0) | UAV: air=15 rtb=0 chg=0 loiter=0 | TRACKS: vis=28 lost=0 engaged=0 | TOP: black_usv24(x227,297) black_usv8(x227,637) black_usv10(x227,885) | KILL=0 | ACTIONS=30 | INTENT: focus=2 ratio=0.20
[t=3,890s] step=120 | MISSION=NORMAL_C | USV: 15/15 (avail=0 int=15 lock=0 frz=0) | UAV: air=15 rtb=0 chg=0 loiter=0 | TRACKS: vis=28 lost=0 engaged=0 | TOP: black_usv24(x224,162) black_usv8(x224,537) black_usv10(x224,810) | KILL=0 | ACTIONS=30 | INTENT: focus=2 ratio=0.20
[t=4,238s] step=130 | MISSION=NORMAL_C | USV: 15/15 (avail=0 int=15 lock=0 frz=0) | UAV: air=15 rtb=0 chg=0 loiter=0 | TRACKS: vis=28 lost=0 engaged=0 | TOP: black_usv24(x220,973) black_usv8(x221,383) black_usv10(x221,682) | KILL=0 | ACTIONS=30 | INTENT: focus=2 ratio=0.20
[t=4,573s] step=140 | MISSION=NORMAL_C | USV: 15/15 (avail=0 int=15 lock=0 frz=0) | UAV: air=15 rtb=0 chg=0 loiter=0 | TRACKS: vis=27 lost=1 engaged=0 | TOP: black_usv24(x217,902) black_usv8(x218,346) black_usv10(x218,670) | KILL=0 | ACTIONS=30 | INTENT: focus=2 ratio=0.20
[t=4,924s] step=150 | MISSION=NORMAL_C | USV: 15/15 (avail=0 int=15 lock=0 frz=0) | UAV: air=15 rtb=0 chg=0 loiter=0 | TRACKS: vis=25 lost=2 engaged=0 | TOP: black_usv29(x218,402) black_usv30(x220,643) black_usv24(x214,392) | KILL=0 | ACTIONS=30 | INTENT: focus=2 ratio=0.20
[t=5,263s] step=160 | MISSION=NORMAL_C | USV: 15/15 (avail=0 int=15 lock=0 frz=0) | UAV: air=15 rtb=0 chg=0 loiter=0 | TRACKS: vis=25 lost=1 engaged=0 | TOP: black_usv29(x215,562) black_usv30(x217,963) black_usv24(x211,002) | KILL=0 | ACTIONS=30 | INTENT: focus=2 ratio=0.20
      [DETECT] black_usv5
      [DETECT] black_usv3
[t=5,613s] step=170 | MISSION=NORMAL_C | USV: 15/15 (avail=0 int=15 lock=0 frz=0) | UAV: air=15 rtb=0 chg=0 loiter=0 | TRACKS: vis=26 lost=1 engaged=0 | TOP: black_usv29(x212,629) black_usv8(x207,957) black_usv10(x208,277) | KILL=0 | ACTIONS=30 | INTENT: focus=2 ratio=0.20
      [DETECT] black_usv2
[t=5,958s] step=180 | MISSION=NORMAL_C | USV: 15/15 (avail=0 int=15 lock=0 frz=0) | UAV: air=15 rtb=0 chg=0 loiter=0 | TRACKS: vis=23 lost=5 engaged=0 | TOP: black_usv2(x215,377) black_usv29(x209,739) black_usv8(x204,507) | KILL=0 | ACTIONS=30 | INTENT: focus=2 ratio=0.20
      [DETECT] black_usv1
[t=6,304s] step=190 | MISSION=NORMAL_C | USV: 15/15 (avail=0 int=15 lock=0 frz=0) | UAV: air=15 rtb=0 chg=0 loiter=0 | TRACKS: vis=28 lost=1 engaged=0 | TOP: black_usv2(x211,926) black_usv1(x214,363) black_usv29(x206,840) | KILL=0 | ACTIONS=30 | INTENT: focus=2 ratio=0.20
[t=6,646s] step=200 | MISSION=NORMAL_C | USV: 15/15 (avail=0 int=15 lock=0 frz=0) | UAV: air=15 rtb=0 chg=0 loiter=0 | TRACKS: vis=27 lost=1 engaged=0 | TOP: black_usv2(x208,506) black_usv1(x210,943) black_usv10(x198,141) | KILL=0 | ACTIONS=30 | INTENT: focus=2 ratio=0.20
[t=6,991s] step=210 | MISSION=NORMAL_C | USV: 15/15 (avail=0 int=15 lock=0 frz=0) | UAV: air=15 rtb=0 chg=0 loiter=0 | TRACKS: vis=27 lost=1 engaged=0 | TOP: black_usv4(x198,024) black_usv10(x194,725) black_usv7(x196,452) | KILL=0 | ACTIONS=30 | INTENT: focus=2 ratio=0.20
[t=7,321s] step=220 | MISSION=NORMAL_C | USV: 15/15 (avail=0 int=15 lock=0 frz=0) | UAV: air=15 rtb=0 chg=0 loiter=0 | TRACKS: vis=27 lost=0 engaged=0 | TOP: black_usv10(x191,425) black_usv4(x194,724) black_usv7(x193,273) | KILL=0 | ACTIONS=30 | INTENT: focus=2 ratio=0.20
      [ASSIGN] white_usv5->black_usv15(机会锁定)
      [ASSIGN] white_usv14->black_usv22(机会锁定)
      [ASSIGN] white_usv7->black_usv21(机会锁定)
      [ASSIGN] white_usv11->black_usv20(机会锁定)
      [ASSIGN] white_usv3->black_usv12(机会锁定)
      [ASSIGN] white_usv8->black_usv17(机会锁定)
      [ASSIGN] white_usv9->black_usv15(机会锁定)
      [ASSIGN] white_usv10->black_usv15(机会锁定)
      [ASSIGN] white_usv12->black_usv25(机会锁定)
      [ASSIGN] white_usv15->black_usv15(机会锁定)
      [ASSIGN] white_usv1->black_usv21(机会锁定)
      [ASSIGN] white_usv2->black_usv20(机会锁定)
[t=7,667s] step=230 | MISSION=NORMAL_C | USV: 15/15 (avail=0 int=0 lock=15 frz=0) | UAV: air=15 rtb=0 chg=0 loiter=0 | TRACKS: vis=26 lost=1 engaged=7 | TOP: black_usv10(x187,967) black_usv7(x189,862) black_usv4(x191,264) | KILL=0 | ACTIONS=30 | INTENT: focus=2 ratio=0.20
      [ASSIGN] white_usv5->black_usv16(机会锁定)
      [ASSIGN] white_usv4->black_usv14(机会锁定)
      [ASSIGN] white_usv6->black_usv16(机会锁定)
      [ASSIGN] white_usv9->black_usv16(机会锁定)
      [ASSIGN] white_usv10->black_usv14(机会锁定)
      [ASSIGN] white_usv15->black_usv16(机会锁定)
      [ASSIGN] white_usv7->black_usv19(机会锁定)
      [ASSIGN] white_usv11->black_usv19(机会锁定)
      [ASSIGN] white_usv14->black_usv23(机会锁定)
      [ASSIGN] white_usv13->black_usv23(机会锁定)
      [DETECT] black_usv29
      [DETECT] black_usv27
      [ASSIGN] white_usv3->black_usv15(机会锁定)
      [ASSIGN] white_usv8->black_usv15(机会锁定)
      [ASSIGN] white_usv3->black_usv12(机会锁定)
      [ASSIGN] white_usv8->black_usv17(机会锁定)
      [ASSIGN] white_usv12->black_usv22(机会锁定)
      [ASSIGN] white_usv3->black_usv13(机会锁定)
      [ASSIGN] white_usv1->black_usv18(机会锁定)
      [ASSIGN] white_usv2->black_usv25(机会锁定)
      [ASSIGN] white_usv5->black_usv15(机会锁定)
      [ASSIGN] white_usv4->black_usv11(机会锁定)
      [ASSIGN] white_usv6->black_usv15(机会锁定)
      [ASSIGN] white_usv9->black_usv15(机会锁定)
      [ASSIGN] white_usv10->black_usv15(机会锁定)
      [ASSIGN] white_usv15->black_usv15(机会锁定)
[t=8,024s] step=240 | MISSION=NORMAL_C | USV: 15/15 (avail=0 int=6 lock=9 frz=0) | UAV: air=15 rtb=0 chg=0 loiter=0 | TRACKS: vis=22 lost=6 engaged=7 | TOP: black_usv10(x184,401) black_usv7(x186,292) black_usv4(x187,694) | KILL=6 | ACTIONS=30 | INTENT: focus=2 ratio=0.20
      [DETECT] black_usv28
      [ASSIGN] white_usv5->black_usv16(机会锁定)
      [ASSIGN] white_usv6->black_usv16(机会锁定)
      [ASSIGN] white_usv7->black_usv16(机会锁定)
      [ASSIGN] white_usv11->black_usv20(机会锁定)
      [ASSIGN] white_usv14->black_usv20(机会锁定)
      [ASSIGN] white_usv13->black_usv20(机会锁定)
      [ASSIGN] white_usv9->black_usv16(机会锁定)
      [ASSIGN] white_usv10->black_usv14(机会锁定)
      [ASSIGN] white_usv15->black_usv16(机会锁定)
      [ASSIGN] white_usv5->black_usv19(机会锁定)
      [ASSIGN] white_usv6->black_usv19(机会锁定)
      [ASSIGN] white_usv7->black_usv19(机会锁定)
      [ASSIGN] white_usv11->black_usv19(机会锁定)
      [ASSIGN] white_usv14->black_usv23(机会锁定)
      [ASSIGN] white_usv13->black_usv23(机会锁定)
      [ASSIGN] white_usv9->black_usv19(机会锁定)
      [ASSIGN] white_usv10->black_usv15(机会锁定)
      [ASSIGN] white_usv15->black_usv19(机会锁定)
      [ASSIGN] white_usv5->black_usv16(机会锁定)
      [ASSIGN] white_usv6->black_usv16(机会锁定)
      [ASSIGN] white_usv7->black_usv16(机会锁定)
      [ASSIGN] white_usv11->black_usv20(机会锁定)
      [ASSIGN] white_usv14->black_usv20(机会锁定)
      [ASSIGN] white_usv13->black_usv20(机会锁定)
      [ASSIGN] white_usv8->black_usv16(机会锁定)
      [ASSIGN] white_usv9->black_usv16(机会锁定)
      [ASSIGN] white_usv10->black_usv16(机会锁定)
      [ASSIGN] white_usv15->black_usv16(机会锁定)
      [ASSIGN] white_usv12->black_usv20(机会锁定)
      [ASSIGN] white_usv5->black_usv17(机会锁定)
      [ASSIGN] white_usv6->black_usv14(机会锁定)
      [ASSIGN] white_usv7->black_usv19(机会锁定)
      [ASSIGN] white_usv11->black_usv22(机会锁定)
      [ASSIGN] white_usv14->black_usv23(机会锁定)
      [ASSIGN] white_usv13->black_usv23(机会锁定)
      [ASSIGN] white_usv8->black_usv19(机会锁定)
      [ASSIGN] white_usv9->black_usv19(机会锁定)
      [ASSIGN] white_usv10->black_usv14(机会锁定)
      [ASSIGN] white_usv15->black_usv19(机会锁定)
      [ASSIGN] white_usv12->black_usv23(机会锁定)
      [ASSIGN] white_usv5->black_usv16(机会锁定)
      [ASSIGN] white_usv6->black_usv16(机会锁定)
      [ASSIGN] white_usv7->black_usv16(机会锁定)
      [ASSIGN] white_usv11->black_usv20(机会锁定)
      [ASSIGN] white_usv14->black_usv20(机会锁定)
      [ASSIGN] white_usv13->black_usv20(机会锁定)
      [ASSIGN] white_usv8->black_usv16(机会锁定)
      [ASSIGN] white_usv9->black_usv16(机会锁定)
      [ASSIGN] white_usv10->black_usv13(机会锁定)
      [ASSIGN] white_usv15->black_usv16(机会锁定)
      [ASSIGN] white_usv12->black_usv20(机会锁定)
      [DETECT] black_usv30
      [ASSIGN] white_usv1->black_usv19(机会锁定)
      [ASSIGN] white_usv5->black_usv17(机会锁定)
      [ASSIGN] white_usv6->black_usv18(机会锁定)
      [ASSIGN] white_usv7->black_usv19(机会锁定)
      [ASSIGN] white_usv2->black_usv22(机会锁定)
      [ASSIGN] white_usv11->black_usv22(机会锁定)
      [ASSIGN] white_usv14->black_usv22(机会锁定)
      [ASSIGN] white_usv13->black_usv23(机会锁定)
      [ASSIGN] white_usv8->black_usv19(机会锁定)
      [ASSIGN] white_usv9->black_usv19(机会锁定)
      [ASSIGN] white_usv15->black_usv19(机会锁定)
      [KILL] black_usv15
      [KILL] black_usv12
      [ASSIGN] white_usv1->black_usv20(机会锁定)
      [ASSIGN] white_usv5->black_usv16(机会锁定)
      [ASSIGN] white_usv4->black_usv14(机会锁定)
      [ASSIGN] white_usv7->black_usv16(机会锁定)
      [ASSIGN] white_usv2->black_usv20(机会锁定)
      [ASSIGN] white_usv11->black_usv20(机会锁定)
      [ASSIGN] white_usv14->black_usv23(机会锁定)
      [ASSIGN] white_usv8->black_usv16(机会锁定)
      [ASSIGN] white_usv9->black_usv18(机会锁定)
      [ASSIGN] white_usv15->black_usv16(机会锁定)
      [KILL] black_usv20
      [KILL] black_usv21
      [RELEASE] white_usv1->black_usv20(目标失效)
      [ASSIGN] white_usv1->black_usv19(机会锁定)
      [ASSIGN] white_usv5->black_usv17(机会锁定)
      [ASSIGN] white_usv4->black_usv11(机会锁定)
      [ASSIGN] white_usv7->black_usv19(机会锁定)
      [RELEASE] white_usv2->black_usv20(目标失效)
      [ASSIGN] white_usv2->black_usv22(机会锁定)
      [RELEASE] white_usv11->black_usv20(目标失效)
      [ASSIGN] white_usv11->black_usv22(机会锁定)
      [ASSIGN] white_usv14->black_usv22(机会锁定)
      [ASSIGN] white_usv13->black_usv22(机会锁定)
      [ASSIGN] white_usv8->black_usv19(机会锁定)
      [ASSIGN] white_usv15->black_usv18(机会锁定)
      [ASSIGN] white_usv1->black_usv23(机会锁定)
      [ASSIGN] white_usv5->black_usv16(机会锁定)
      [ASSIGN] white_usv7->black_usv16(机会锁定)
      [ASSIGN] white_usv2->black_usv23(机会锁定)
      [ASSIGN] white_usv11->black_usv23(机会锁定)
      [ASSIGN] white_usv13->black_usv23(机会锁定)
      [ASSIGN] white_usv8->black_usv16(机会锁定)
      [ASSIGN] white_usv1->black_usv19(机会锁定)
      [ASSIGN] white_usv5->black_usv17(机会锁定)
      [ASSIGN] white_usv7->black_usv19(机会锁定)
      [ASSIGN] white_usv2->black_usv19(机会锁定)
      [ASSIGN] white_usv11->black_usv22(机会锁定)
      [ASSIGN] white_usv8->black_usv19(机会锁定)
[t=8,423s] step=250 | MISSION=NORMAL_C | USV: 13/15 (avail=0 int=10 lock=3 frz=0) | UAV: air=15 rtb=0 chg=0 loiter=0 | TRACKS: vis=20 lost=2 engaged=3 | TOP: black_usv25(x182,167) black_usv10(x180,441) black_usv30(x191,545) | KILL=11 | ACTIONS=28 | INTENT: focus=2 ratio=0.20
      [ASSIGN] white_usv1->black_usv16(机会锁定)
      [ASSIGN] white_usv5->black_usv16(机会锁定)
      [ASSIGN] white_usv7->black_usv16(机会锁定)
      [ASSIGN] white_usv2->black_usv25(机会锁定)
      [ASSIGN] white_usv11->black_usv23(机会锁定)
      [ASSIGN] white_usv8->black_usv16(机会锁定)
      [DETECT] black_usv5
      [ASSIGN] white_usv1->black_usv19(机会锁定)
      [ASSIGN] white_usv7->black_usv19(机会锁定)
      [ASSIGN] white_usv2->black_usv19(机会锁定)
      [ASSIGN] white_usv11->black_usv22(机会锁定)
      [ASSIGN] white_usv13->black_usv22(机会锁定)
      [ASSIGN] white_usv8->black_usv19(机会锁定)
      [ASSIGN] white_usv1->black_usv23(机会锁定)
      [ASSIGN] white_usv2->black_usv23(机会锁定)
      [ASSIGN] white_usv14->black_usv23(机会锁定)
      [ASSIGN] white_usv13->black_usv23(机会锁定)
      [ASSIGN] white_usv1->black_usv22(机会锁定)
      [ASSIGN] white_usv2->black_usv25(机会锁定)
      [ASSIGN] white_usv14->black_usv25(机会锁定)
      [ASSIGN] white_usv13->black_usv25(机会锁定)
      [ASSIGN] white_usv10->black_usv14(机会锁定)
      [KILL] black_usv14
      [KILL] black_usv16
      [ASSIGN] white_usv1->black_usv19(机会锁定)
      [ASSIGN] white_usv6->black_usv13(机会锁定)
      [ASSIGN] white_usv2->black_usv19(机会锁定)
      [ASSIGN] white_usv11->black_usv23(机会锁定)
      [ASSIGN] white_usv14->black_usv23(机会锁定)
      [ASSIGN] white_usv13->black_usv23(机会锁定)
      [ASSIGN] white_usv9->black_usv19(机会锁定)
      [RELEASE] white_usv10->black_usv14(目标失效)
      [ASSIGN] white_usv10->black_usv13(机会锁定)
      [ASSIGN] white_usv15->black_usv19(机会锁定)
      [ASSIGN] white_usv1->black_usv22(机会锁定)
      [ASSIGN] white_usv6->black_usv18(机会锁定)
      [ASSIGN] white_usv2->black_usv22(机会锁定)
      [ASSIGN] white_usv11->black_usv22(机会锁定)
      [ASSIGN] white_usv14->black_usv22(机会锁定)
      [ASSIGN] white_usv13->black_usv22(机会锁定)
      [ASSIGN] white_usv9->black_usv18(机会锁定)
      [ASSIGN] white_usv10->black_usv18(机会锁定)
      [ASSIGN] white_usv15->black_usv18(机会锁定)
      [KILL] black_usv23
      [KILL] black_usv19
      [ASSIGN] white_usv4->black_usv10(机会锁定)
      [ASSIGN] white_usv6->black_usv13(机会锁定)
      [ASSIGN] white_usv2->black_usv18(机会锁定)
      [ASSIGN] white_usv14->black_usv25(机会锁定)
      [ASSIGN] white_usv13->black_usv25(机会锁定)
      [ASSIGN] white_usv9->black_usv17(机会锁定)
      [ASSIGN] white_usv10->black_usv13(机会锁定)
      [ASSIGN] white_usv15->black_usv17(机会锁定)
      [DETECT] black_usv30
      [ASSIGN] white_usv6->black_usv11(机会锁定)
      [ASSIGN] white_usv14->black_usv22(机会锁定)
      [ASSIGN] white_usv13->black_usv22(机会锁定)
      [ASSIGN] white_usv9->black_usv11(机会锁定)
      [ASSIGN] white_usv10->black_usv11(机会锁定)
      [ASSIGN] white_usv15->black_usv11(机会锁定)
      [KILL] black_usv17
      [KILL] black_usv22
      [RELEASE] white_usv1->black_usv22(目标失效)
      [ASSIGN] white_usv6->black_usv13(机会锁定)
      [RELEASE] white_usv11->black_usv22(目标失效)
      [ASSIGN] white_usv11->black_usv25(机会锁定)
      [RELEASE] white_usv14->black_usv22(目标失效)
      [ASSIGN] white_usv14->black_usv25(机会锁定)
      [RELEASE] white_usv13->black_usv22(目标失效)
      [ASSIGN] white_usv13->black_usv25(机会锁定)
      [ASSIGN] white_usv9->black_usv13(机会锁定)
      [ASSIGN] white_usv10->black_usv13(机会锁定)
      [ASSIGN] white_usv15->black_usv13(机会锁定)
      [ASSIGN] white_usv1->black_usv30
      [ASSIGN] white_usv6->black_usv11(机会锁定)
      [ASSIGN] white_usv11->black_usv18(机会锁定)
      [ASSIGN] white_usv14->black_usv18(机会锁定)
      [ASSIGN] white_usv9->black_usv11(机会锁定)
      [ASSIGN] white_usv10->black_usv11(机会锁定)
      [ASSIGN] white_usv15->black_usv11(机会锁定)
[t=8,821s] step=260 | MISSION=NORMAL_C | USV: 10/15 (avail=1 int=8 lock=1 frz=0) | UAV: air=15 rtb=0 chg=0 loiter=0 | TRACKS: vis=15 lost=2 engaged=1 | TOP: black_usv29(x185,054) black_usv28(x186,968) black_usv5(x186,898) | KILL=14 | ACTIONS=25 | INTENT: focus=2 ratio=0.20
      [ASSIGN] white_usv6->black_usv13(机会锁定)
      [ASSIGN] white_usv11->black_usv25(机会锁定)
      [ASSIGN] white_usv14->black_usv25(机会锁定)
      [ASSIGN] white_usv9->black_usv13(机会锁定)
      [ASSIGN] white_usv10->black_usv13(机会锁定)
      [ASSIGN] white_usv15->black_usv13(机会锁定)
      [KILL] black_usv25
      [ASSIGN] white_usv6->black_usv11(机会锁定)
      [RELEASE] white_usv11->black_usv25(目标失效)
      [ASSIGN] white_usv11->black_usv18(机会锁定)
      [RELEASE] white_usv14->black_usv25(目标失效)
      [ASSIGN] white_usv14->black_usv18(机会锁定)
      [RELEASE] white_usv13->black_usv25(目标失效)
      [ASSIGN] white_usv9->black_usv11(机会锁定)
      [ASSIGN] white_usv10->black_usv11(机会锁定)
      [ASSIGN] white_usv15->black_usv11(机会锁定)
      [ASSIGN] white_usv6->black_usv13(机会锁定)
      [ASSIGN] white_usv13->black_usv28
      [ASSIGN] white_usv9->black_usv13(机会锁定)
      [ASSIGN] white_usv10->black_usv13(机会锁定)
      [ASSIGN] white_usv15->black_usv13(机会锁定)
      [DETECT] black_usv3
      [DETECT] black_usv5
      [ASSIGN] white_usv6->black_usv11(机会锁定)
      [ASSIGN] white_usv13->black_usv24(机会锁定)
      [ASSIGN] white_usv9->black_usv11(机会锁定)
      [ASSIGN] white_usv10->black_usv11(机会锁定)
      [ASSIGN] white_usv15->black_usv11(机会锁定)
      [ASSIGN] white_usv4->black_usv8(机会锁定)
      [ASSIGN] white_usv6->black_usv13(机会锁定)
      [ASSIGN] white_usv14->black_usv24(机会锁定)
      [ASSIGN] white_usv9->black_usv13(机会锁定)
      [ASSIGN] white_usv10->black_usv13(机会锁定)
      [ASSIGN] white_usv15->black_usv13(机会锁定)
      [ASSIGN] white_usv6->black_usv11(机会锁定)
      [ASSIGN] white_usv9->black_usv11(机会锁定)
      [ASSIGN] white_usv15->black_usv11(机会锁定)
      [ASSIGN] white_usv6->black_usv13(机会锁定)
      [ASSIGN] white_usv9->black_usv13(机会锁定)
      [ASSIGN] white_usv15->black_usv13(机会锁定)
      [ASSIGN] white_usv6->black_usv11(机会锁定)
      [ASSIGN] white_usv9->black_usv11(机会锁定)
      [ASSIGN] white_usv15->black_usv11(机会锁定)
      [KILL] black_usv13
      [ASSIGN] white_usv6->black_usv10(机会锁定)
      [ASSIGN] white_usv9->black_usv10(机会锁定)
      [ASSIGN] white_usv15->black_usv10(机会锁定)
      [KILL] black_usv18
      [RELEASE] white_usv2->black_usv18(目标失效)
      [RELEASE] white_usv11->black_usv18(目标失效)
      [ASSIGN] white_usv11->black_usv24(机会锁定)
[t=9,225s] step=270 | MISSION=NORMAL_C | USV: 9/15 (avail=0 int=3 lock=6 frz=0) | UAV: air=15 rtb=0 chg=0 loiter=0 | TRACKS: vis=15 lost=0 engaged=3 | TOP: black_usv5(x182,898) black_usv3(x183,588) black_usv7(x176,089) | KILL=14 | ACTIONS=24 | INTENT: focus=2 ratio=0.20
      [ASSIGN] white_usv2->black_usv11(机会锁定)
      [KILL] black_usv11
      [ASSIGN] white_usv1->black_usv24(机会锁定)
      [RELEASE] white_usv2->black_usv11(目标失效)
      [ASSIGN] white_usv2->black_usv5
      [ASSIGN] white_usv4->black_usv9(机会锁定)
      [ASSIGN] white_usv2->black_usv10(机会锁定)
      [ASSIGN] white_usv9->black_usv8(机会锁定)
      [ASSIGN] white_usv15->black_usv8(机会锁定)
      [ASSIGN] white_usv11->black_usv26(机会锁定)
      [ASSIGN] white_usv11->black_usv24(机会锁定)
[t=9,561s] step=280 | MISSION=NORMAL_C | USV: 8/15 (avail=0 int=2 lock=6 frz=0) | UAV: air=15 rtb=0 chg=0 loiter=0 | TRACKS: vis=14 lost=0 engaged=3 | TOP: black_usv5(x180,111) black_usv3(x180,940) black_usv30(x182,513) | KILL=15 | ACTIONS=23 | INTENT: focus=2 ratio=0.20
      [ASSIGN] white_usv1->black_usv26(机会锁定)
      [ASSIGN] white_usv14->black_usv26(机会锁定)
      [ASSIGN] white_usv13->black_usv26(机会锁定)
      [ASSIGN] white_usv4->black_usv7(机会锁定)
      [ASSIGN] white_usv14->black_usv24(机会锁定)
      [ASSIGN] white_usv13->black_usv24(机会锁定)
      [DETECT] black_usv2
      [ASSIGN] white_usv11->black_usv26(机会锁定)
      [ASSIGN] white_usv2->black_usv9(机会锁定)
      [ASSIGN] white_usv9->black_usv10(机会锁定)
      [ASSIGN] white_usv15->black_usv10(机会锁定)
      [ASSIGN] white_usv9->black_usv8(机会锁定)
      [ASSIGN] white_usv15->black_usv8(机会锁定)
      [ASSIGN] white_usv9->black_usv10(机会锁定)
      [ASSIGN] white_usv15->black_usv10(机会锁定)
      [KILL] black_usv24
      [RELEASE] white_usv14->black_usv24(目标失效)
      [RELEASE] white_usv13->black_usv24(目标失效)
      [ASSIGN] white_usv9->black_usv8(机会锁定)
      [ASSIGN] white_usv15->black_usv8(机会锁定)
[t=9,967s] step=290 | MISSION=NORMAL_C | USV: 7/15 (avail=0 int=5 lock=2 frz=0) | UAV: air=15 rtb=0 chg=0 loiter=0 | TRACKS: vis=14 lost=0 engaged=2 | TOP: black_usv5(x176,745) black_usv3(x177,741) black_usv30(x179,249) | KILL=17 | ACTIONS=22 | INTENT: focus=2 ratio=0.20
      [DETECT] black_usv1
      [ASSIGN] white_usv14->black_usv10
      [ASSIGN] white_usv13->black_usv5
      [ASSIGN] white_usv9->black_usv10(机会锁定)
      [ASSIGN] white_usv15->black_usv7(机会锁定)
      [ASSIGN] white_usv1->black_usv27(机会锁定)
      [ASSIGN] white_usv9->black_usv8(机会锁定)
      [ASSIGN] white_usv9->black_usv10(机会锁定)
      [KILL] black_usv10
      [ASSIGN] white_usv2->black_usv8(机会锁定)
      [RELEASE] white_usv14->black_usv10(目标失效)
      [RELEASE] white_usv9->black_usv10(目标失效)
      [ASSIGN] white_usv9->black_usv8(机会锁定)
      [ASSIGN] white_usv2->black_usv9(机会锁定)
      [ASSIGN] white_usv14->black_usv3
      [ASSIGN] white_usv2->black_usv8(机会锁定)
      [ASSIGN] white_usv2->black_usv9(机会锁定)
      [ASSIGN] white_usv2->black_usv8(机会锁定)
      [ASSIGN] white_usv2->black_usv9(机会锁定)
      [ASSIGN] white_usv15->black_usv9(机会锁定)
      [ASSIGN] white_usv1->black_usv28(机会锁定)
      [ASSIGN] white_usv2->black_usv8(机会锁定)
      [ASSIGN] white_usv11->black_usv28(机会锁定)
      [ASSIGN] white_usv15->black_usv7(机会锁定)
[t=10,370s] step=300 | MISSION=NORMAL_C | USV: 7/15 (avail=0 int=7 lock=0 frz=0) | UAV: air=15 rtb=0 chg=0 loiter=0 | TRACKS: vis=12 lost=1 engaged=0 | TOP: black_usv2(x179,968) black_usv28(x171,708) black_usv29(x170,587) | KILL=19 | ACTIONS=22 | INTENT: focus=2 ratio=0.20
      [ASSIGN] white_usv2->black_usv9(机会锁定)
      [KILL] black_usv8
      [RELEASE] white_usv9->black_usv8(目标失效)
      [ASSIGN] white_usv9->black_usv2
      [ASSIGN] white_usv9->black_usv9(机会锁定)
      [KILL] black_usv26
      [ASSIGN] white_usv1->black_usv27(机会锁定)
      [ASSIGN] white_usv2->black_usv7(机会锁定)
      [ASSIGN] white_usv11->black_usv27(机会锁定)
      [KILL] black_usv9
      [RELEASE] white_usv9->black_usv9(目标失效)
      [ASSIGN] white_usv9->black_usv7(机会锁定)
[t=10,776s] step=310 | MISSION=NORMAL_C | USV: 7/15 (avail=0 int=5 lock=2 frz=0) | UAV: air=15 rtb=0 chg=0 loiter=0 | TRACKS: vis=10 lost=0 engaged=1 | TOP: black_usv2(x177,610) black_usv29(x166,817) black_usv28(x168,570) | KILL=20 | ACTIONS=22 | INTENT: focus=2 ratio=0.20
      [ASSIGN] white_usv15->black_usv6(机会锁定)
      [ASSIGN] white_usv14->black_usv7(机会锁定)
[t=11,221s] step=320 | MISSION=NORMAL_C | USV: 5/15 (avail=0 int=4 lock=1 frz=0) | UAV: air=15 rtb=0 chg=0 loiter=0 | TRACKS: vis=9 lost=1 engaged=1 | TOP: black_usv2(x175,025) black_usv29(x162,375) black_usv28(x166,230) | KILL=21 | ACTIONS=20 | INTENT: focus=2 ratio=0.20
      [ASSIGN] white_usv13->black_usv7(机会锁定)
      [KILL] black_usv7
      [RELEASE] white_usv2->black_usv7(目标失效)
      [ASSIGN] white_usv2->black_usv6(机会锁定)
      [RELEASE] white_usv14->black_usv7(目标失效)
      [RELEASE] white_usv13->black_usv7(目标失效)
      [RELEASE] white_usv9->black_usv7(目标失效)
      [ASSIGN] white_usv9->black_usv6(机会锁定)
      [ASSIGN] white_usv14->black_usv2
      [ASSIGN] white_usv13->black_usv27
      [DETECT] black_usv1
[t=11,639s] step=330 | MISSION=NORMAL_C | USV: 5/15 (avail=0 int=5 lock=0 frz=0) | UAV: air=15 rtb=0 chg=0 loiter=0 | TRACKS: vis=10 lost=0 engaged=0 | TOP: black_usv1(x178,865) black_usv29(x159,107) black_usv5(x161,174) | KILL=22 | ACTIONS=20 | INTENT: focus=2 ratio=0.20
      [KILL] black_usv27
      [RELEASE] white_usv13->black_usv27(目标失效)
      [ASSIGN] white_usv13->black_usv1
      [ASSIGN] white_usv14->black_usv6(机会锁定)
      [ASSIGN] white_usv9->black_usv4(机会锁定)
      [ASSIGN] white_usv15->black_usv4(机会锁定)
[t=12,061s] step=340 | MISSION=NORMAL_C | USV: 5/15 (avail=0 int=3 lock=2 frz=0) | UAV: air=15 rtb=0 chg=0 loiter=0 | TRACKS: vis=9 lost=0 engaged=1 | TOP: black_usv2(x170,146) black_usv5(x156,958) black_usv28(x159,634) | KILL=22 | ACTIONS=20 | INTENT: focus=2 ratio=0.20
      [KILL] black_usv6
      [RELEASE] white_usv2->black_usv6(目标失效)
      [RELEASE] white_usv14->black_usv6(目标失效)
      [ASSIGN] white_usv9->black_usv5(机会锁定)
      [ASSIGN] white_usv2->black_usv28
      [ASSIGN] white_usv14->black_usv2
      [ASSIGN] white_usv9->black_usv4(机会锁定)
      [RELEASE] white_usv13->black_usv1(目标失效)
      [ASSIGN] white_usv14->black_usv4(机会锁定)
      [ASSIGN] white_usv13->black_usv5
      [DETECT] black_usv1
[t=12,479s] step=350 | MISSION=NORMAL_C | USV: 5/15 (avail=0 int=2 lock=3 frz=0) | UAV: air=15 rtb=0 chg=0 loiter=0 | TRACKS: vis=8 lost=0 engaged=1 | TOP: black_usv1(x174,601) black_usv2(x167,718) black_usv29(x151,980) | KILL=22 | ACTIONS=20 | INTENT: focus=2 ratio=0.20
      [ASSIGN] white_usv9->black_usv5(机会锁定)
      [DETECT] black_usv1
[t=12,933s] step=360 | MISSION=NORMAL_C | USV: 5/15 (avail=0 int=4 lock=1 frz=0) | UAV: air=15 rtb=0 chg=0 loiter=0 | TRACKS: vis=8 lost=0 engaged=1 | TOP: black_usv29(x147,766) black_usv3(x154,350) black_usv2(x164,997) | KILL=23 | ACTIONS=20 | INTENT: focus=2 ratio=0.20
      [ASSIGN] white_usv9->black_usv4(机会锁定)
      [ASSIGN] white_usv14->black_usv5(机会锁定)
      [ASSIGN] white_usv9->black_usv5(机会锁定)
      [ASSIGN] white_usv13->black_usv4(机会锁定)
      [KILL] black_usv4
      [RELEASE] white_usv13->black_usv4(目标失效)
      [RELEASE] white_usv15->black_usv4(目标失效)
      [ASSIGN] white_usv13->black_usv29
      [ASSIGN] white_usv15->black_usv3
[t=13,375s] step=370 | MISSION=NORMAL_C | USV: 5/15 (avail=0 int=5 lock=0 frz=0) | UAV: air=15 rtb=0 chg=0 loiter=0 | TRACKS: vis=7 lost=0 engaged=0 | TOP: black_usv2(x161,658) black_usv1(x168,965) black_usv30(x152,393) | KILL=24 | ACTIONS=20 | INTENT: focus=2 ratio=0.20
      [ASSIGN] white_usv15->black_usv5(机会锁定)
[t=13,846s] step=380 | MISSION=NORMAL_C | USV: 5/15 (avail=0 int=5 lock=0 frz=0) | UAV: air=15 rtb=0 chg=0 loiter=0 | TRACKS: vis=7 lost=0 engaged=0 | TOP: black_usv30(x148,393) black_usv2(x157,221) black_usv1(x164,498) | KILL=24 | ACTIONS=20 | INTENT: focus=2 ratio=0.20
      [ASSIGN] white_usv9->black_usv3(机会锁定)
      [KILL] black_usv5
      [RELEASE] white_usv14->black_usv5(目标失效)
      [RELEASE] white_usv15->black_usv5(目标失效)
      [ASSIGN] white_usv14->black_usv30
      [ASSIGN] white_usv15->black_usv2
      [ASSIGN] white_usv15->black_usv3(机会锁定)
[t=14,299s] step=390 | MISSION=NORMAL_C | USV: 5/15 (avail=0 int=4 lock=1 frz=0) | UAV: air=15 rtb=0 chg=0 loiter=0 | TRACKS: vis=6 lost=0 engaged=1 | TOP: black_usv1(x160,055) black_usv2(x153,209) black_usv29(x135,318) | KILL=24 | ACTIONS=20 | INTENT: focus=2 ratio=0.20
[t=14,767s] step=400 | MISSION=NORMAL_C | USV: 5/15 (avail=0 int=5 lock=0 frz=0) | UAV: air=15 rtb=0 chg=0 loiter=0 | TRACKS: vis=6 lost=0 engaged=0 | TOP: black_usv2(x148,838) black_usv1(x155,425) black_usv29(x130,879) | KILL=25 | ACTIONS=20 | INTENT: focus=2 ratio=0.20
      [KILL] black_usv3
      [RELEASE] white_usv9->black_usv3(目标失效)
      [RELEASE] white_usv15->black_usv3(目标失效)
[t=15,251s] step=410 | MISSION=NORMAL_C | USV: 5/15 (avail=0 int=4 lock=1 frz=0) | UAV: air=15 rtb=0 chg=0 loiter=0 | TRACKS: vis=4 lost=1 engaged=1 | TOP: black_usv2(x146,366) black_usv1(x153,096) black_usv30(x136,514) | KILL=25 | ACTIONS=20 | INTENT: focus=2 ratio=0.20
      [ASSIGN] white_usv9->black_usv2
      [ASSIGN] white_usv15->black_usv1
      [RELEASE] white_usv14->black_usv30(目标失效)
      [ASSIGN] white_usv14->black_usv2
[t=15,750s] step=420 | MISSION=NORMAL_C | USV: 5/15 (avail=0 int=4 lock=1 frz=0) | UAV: air=15 rtb=0 chg=0 loiter=0 | TRACKS: vis=4 lost=0 engaged=1 | TOP: black_usv29(x126,428) black_usv28(x133,746) black_usv1(x151,032) | KILL=26 | ACTIONS=20 | INTENT: focus=2 ratio=0.20
      [KILL] black_usv28
      [RELEASE] white_usv2->black_usv28(目标失效)
      [ASSIGN] white_usv2->black_usv29
[t=16,257s] step=430 | MISSION=NORMAL_C | USV: 5/15 (avail=0 int=5 lock=0 frz=0) | UAV: air=15 rtb=0 chg=0 loiter=0 | TRACKS: vis=2 lost=1 engaged=0 | TOP: black_usv1(x148,766) black_usv29(x121,869) black_usv2(x142,923) | KILL=27 | ACTIONS=20 | INTENT: focus=2 ratio=0.20
      [ASSIGN] white_usv15->black_usv2(机会锁定)
      [RELEASE] white_usv2->black_usv29(目标失效)
      [RELEASE] white_usv13->black_usv29(目标失效)
      [ASSIGN] white_usv2->black_usv1
      [ASSIGN] white_usv13->black_usv1
      [DETECT] black_usv29
      [ASSIGN] white_usv2->black_usv29(机会锁定)
[t=16,767s] step=440 | MISSION=NORMAL_C | USV: 5/15 (avail=0 int=5 lock=0 frz=0) | UAV: air=15 rtb=0 chg=0 loiter=0 | TRACKS: vis=2 lost=1 engaged=0 | TOP: black_usv29(x117,539) black_usv1(x144,226) black_usv2(x142,923) | KILL=27 | ACTIONS=20 | INTENT: focus=2 ratio=0.20
      [KILL] black_usv2
      [RELEASE] white_usv14->black_usv2(目标失效)
      [RELEASE] white_usv9->black_usv2(目标失效)
      [RELEASE] white_usv15->black_usv2(目标失效)
      [ASSIGN] white_usv14->black_usv29
      [ASSIGN] white_usv9->black_usv29
      [ASSIGN] white_usv15->black_usv1
[t=17,272s] step=450 | MISSION=NORMAL_C | USV: 5/15 (avail=0 int=4 lock=1 frz=0) | UAV: air=15 rtb=0 chg=0 loiter=0 | TRACKS: vis=1 lost=1 engaged=1 | TOP: black_usv29(x112,621) black_usv1(x139,366) | KILL=27 | ACTIONS=20 | INTENT: focus=2 ratio=0.20
      [RELEASE] white_usv13->black_usv1(目标失效)
      [RELEASE] white_usv15->black_usv1(目标失效)
[t=17,822s] step=460 | MISSION=NORMAL_C | USV: 5/15 (avail=2 int=3 lock=0 frz=0) | UAV: air=15 rtb=0 chg=0 loiter=0 | TRACKS: vis=1 lost=0 engaged=0 | TOP: black_usv29(x111,803) | KILL=28 | ACTIONS=20 | INTENT: focus=2 ratio=0.20
      [KILL] black_usv29
      [RELEASE] white_usv2->black_usv29(目标失效)
      [RELEASE] white_usv14->black_usv29(目标失效)
      [RELEASE] white_usv9->black_usv29(目标失效)
[t=18,396s] step=470 | MISSION=NORMAL_C | USV: 5/15 (avail=5 int=0 lock=0 frz=0) | UAV: air=15 rtb=0 chg=0 loiter=0 | TRACKS: vis=0 lost=0 engaged=0 | TOP:  | KILL=28 | ACTIONS=20 | INTENT: focus=2 ratio=0.20
[t=18,952s] step=480 | MISSION=GLOBAL_R | USV: 5/15 (avail=5 int=0 lock=0 frz=0) | UAV: air=15 rtb=0 chg=0 loiter=0 | TRACKS: vis=0 lost=0 engaged=0 | TOP:  | KILL=28 | ACTIONS=20 | INTENT: focus=2 ratio=0.20
      [DETECT] black_usv1
      [ASSIGN] white_usv14->black_usv1
      [ASSIGN] white_usv9->black_usv1
      [ASSIGN] white_usv15->black_usv1
[t=19,508s] step=490 | MISSION=NORMAL_C | USV: 5/15 (avail=2 int=3 lock=0 frz=0) | UAV: air=15 rtb=0 chg=0 loiter=0 | TRACKS: vis=0 lost=1 engaged=0 | TOP: black_usv1(x117,766) | KILL=28 | ACTIONS=20 | INTENT: focus=2 ratio=0.20
      [RELEASE] white_usv14->black_usv1(目标失效)
      [RELEASE] white_usv9->black_usv1(目标失效)
      [RELEASE] white_usv15->black_usv1(目标失效)
      [DETECT] black_usv1
      [ASSIGN] white_usv14->black_usv1
      [ASSIGN] white_usv9->black_usv1
      [ASSIGN] white_usv15->black_usv1
[t=20,061s] step=500 | MISSION=NORMAL_C | USV: 5/15 (avail=2 int=3 lock=0 frz=0) | UAV: air=15 rtb=0 chg=0 loiter=0 | TRACKS: vis=0 lost=1 engaged=0 | TOP: black_usv1(x113,359) | KILL=28 | ACTIONS=20 | INTENT: focus=2 ratio=0.20
      [RELEASE] white_usv14->black_usv1(目标失效)
      [RELEASE] white_usv9->black_usv1(目标失效)
      [RELEASE] white_usv15->black_usv1(目标失效)
[t=20,614s] step=510 | MISSION=GLOBAL_R | USV: 5/15 (avail=5 int=0 lock=0 frz=0) | UAV: air=15 rtb=0 chg=0 loiter=0 | TRACKS: vis=0 lost=0 engaged=0 | TOP:  | KILL=28 | ACTIONS=20 | INTENT: focus=2 ratio=0.20
      [DETECT] black_usv1
      [ASSIGN] white_usv14->black_usv1
      [ASSIGN] white_usv9->black_usv1
      [ASSIGN] white_usv15->black_usv1
[t=21,191s] step=520 | MISSION=NORMAL_C | USV: 5/15 (avail=2 int=3 lock=0 frz=0) | UAV: air=15 rtb=0 chg=0 loiter=0 | TRACKS: vis=0 lost=1 engaged=0 | TOP: black_usv1(x103,280) | KILL=28 | ACTIONS=20 | INTENT: focus=2 ratio=0.20
      [RELEASE] white_usv14->black_usv1(目标失效)
      [RELEASE] white_usv9->black_usv1(目标失效)
      [RELEASE] white_usv15->black_usv1(目标失效)
[t=21,772s] step=530 | MISSION=GLOBAL_R | USV: 5/15 (avail=5 int=0 lock=0 frz=0) | UAV: air=15 rtb=0 chg=0 loiter=0 | TRACKS: vis=0 lost=0 engaged=0 | TOP:  | KILL=28 | ACTIONS=20 | INTENT: focus=2 ratio=0.20
      [DETECT] black_usv1
      [ASSIGN] white_usv14->black_usv1
      [ASSIGN] white_usv9->black_usv1
      [ASSIGN] white_usv15->black_usv1(机会锁定)
      [UAV RTB] white_uav15(电量2912<2635+300)
[t=22,324s] step=540 | MISSION=NORMAL_C | USV: 5/15 (avail=2 int=3 lock=0 frz=0) | UAV: air=14 rtb=1 chg=0 loiter=0 | TRACKS: vis=1 lost=0 engaged=0 | TOP: black_usv1(x93,156) | KILL=28 | ACTIONS=20 | INTENT: focus=2 ratio=0.20
      [UAV RTB] white_uav13(电量2638<2418+300)
      [UAV RTB] white_uav14(电量2412<2144+300)
[t=22,909s] step=550 | MISSION=NORMAL_C | USV: 5/15 (avail=2 int=3 lock=0 frz=0) | UAV: air=12 rtb=3 chg=0 loiter=0 | TRACKS: vis=1 lost=0 engaged=0 | TOP: black_usv1(x92,887) | KILL=29 | ACTIONS=20 | INTENT: focus=2 ratio=0.20
      [KILL] black_usv1
      [RELEASE] white_usv14->black_usv1(目标失效)
      [RELEASE] white_usv9->black_usv1(目标失效)
      [RELEASE] white_usv15->black_usv1(目标失效)
[t=23,528s] step=560 | MISSION=GLOBAL_R | USV: 5/15 (avail=5 int=0 lock=0 frz=0) | UAV: air=12 rtb=3 chg=0 loiter=0 | TRACKS: vis=0 lost=0 engaged=0 | TOP:  | KILL=29 | ACTIONS=20 | INTENT: focus=2 ratio=0.20
      [UAV RTB] white_uav5(电量1365<1116+300)
      [UAV RTB] white_uav6(电量1249<965+300)
      [UAV RTB] white_uav1(电量1185<885+300)
      [UAV RTB] white_uav2(电量959<662+300)
      [UAV RTB] white_uav4(电量959<685+300)
[t=24,119s] step=570 | MISSION=GLOBAL_R | USV: 5/15 (avail=5 int=0 lock=0 frz=0) | UAV: air=7 rtb=8 chg=0 loiter=0 | TRACKS: vis=0 lost=0 engaged=0 | TOP:  | KILL=29 | ACTIONS=20 | INTENT: focus=2 ratio=0.20
      [UAV RTB] white_uav3(电量775<487+300)
      [UAV RTB] white_uav11(电量663<390+300)
      [UAV RTB] white_uav10(电量599<306+300)
      [UAV RTB] white_uav12(电量600<319+300)
      [UAV RTB] white_uav9(电量480<191+300)
      [UAV RTB] white_uav8(电量427<134+300)
      [UAV RTB] white_uav7(电量360<93+300)
      [UAV LAND] white_uav15->white_usv15
[t=24,717s] step=580 | MISSION=GLOBAL_R | USV: 5/15 (avail=5 int=0 lock=0 frz=0) | UAV: air=0 rtb=14 chg=1 loiter=0 | TRACKS: vis=0 lost=0 engaged=0 | TOP:  | KILL=29 | ACTIONS=20 | INTENT: focus=2 ratio=0.20
      [DETECT] black_usv30
      [ASSIGN] white_usv2->black_usv30
      [ASSIGN] white_usv14->black_usv30
      [ASSIGN] white_usv13->black_usv30
      [UAV LAND] white_uav7->white_usv9
      [UAV LAND] white_uav9->white_usv2
      [UAV LAND] white_uav13->white_usv15
      [UAV RTB] white_uav15(电量243<32+300)
      [UAV LAND] white_uav8->white_usv2
      [UAV RTB] white_uav7(电量167<14+300)
      [UAV LAND] white_uav7->white_usv9
      [UAV LAND] white_uav3->white_usv13
      [UAV RTB] white_uav9(电量169<4+300)
      [UAV LAND] white_uav9->white_usv2
      [UAV LAND] white_uav12->white_usv13
      [UAV RTB] white_uav13(电量172<22+300)
      [UAV RTB] white_uav8(电量175<35+300)
      [UAV RTB] white_uav7(电量105<3+300)
      [UAV LAND] white_uav7->white_usv9
      [UAV RTB] white_uav3(电量106<2+300)
      [UAV LAND] white_uav3->white_usv13
      [UAV RTB] white_uav9(电量107<15+300)
      [UAV LAND] white_uav9->white_usv2
      [UAV RTB] white_uav12(电量109<34+300)
      [UAV LAND] white_uav13->white_usv15
      [UAV LAND] white_uav2->white_usv13
      [UAV LAND] white_uav4->white_usv13
      [UAV LAND] white_uav6->white_usv13
      [UAV LAND] white_uav8->white_usv2
      [UAV LAND] white_uav1->white_usv13
      [UAV RTB] white_uav7(电量33<20+300)
      [UAV LAND] white_uav7->white_usv9
      [UAV RTB] white_uav3(电量34<10+300)
      [UAV LAND] white_uav3->white_usv13
      [UAV LAND] white_uav5->white_usv13
      [UAV RTB] white_uav9(电量35<6+300)
      [UAV LAND] white_uav9->white_usv2
      [UAV RTB] white_uav13(电量38<34+300)
      [UAV LAND] white_uav15->white_usv15
      [UAV RTB] white_uav2(电量39<33+300)
      [UAV RTB] white_uav4(电量39<16+300)
      [UAV LAND] white_uav4->white_usv13
      [UAV RTB] white_uav6(电量40<16+300)
      [UAV LAND] white_uav6->white_usv13
      [UAV RTB] white_uav8(电量41<74+300)
[t=25,705s] step=590 | MISSION=NORMAL_C | USV: 5/15 (avail=2 int=3 lock=0 frz=0) | UAV: air=0 rtb=0 chg=0 loiter=0 | TRACKS: vis=1 lost=0 engaged=0 | TOP: black_usv30(x72,329) | KILL=29 | ACTIONS=5 | INTENT: focus=2 ratio=0.20
[t=26,912s] step=600 | MISSION=NORMAL_C | USV: 5/15 (avail=2 int=2 lock=1 frz=0) | UAV: air=0 rtb=0 chg=0 loiter=0 | TRACKS: vis=1 lost=0 engaged=1 | TOP: black_usv30(x71,253) | KILL=29 | ACTIONS=5 | INTENT: focus=2 ratio=0.20

========================================================================
对局结果: Result.Victory — 敌方所有单位被击毁
  击杀蓝舰: 30 | 命中: 60 | 我方USV损失: 10 | UAV损失: 15 | 突破: 0
[META] result=Result.Victory victory_time=27179 first_detection=1857 first_lock=7426 first_kill=8338 enemy_kills=30 friendly_usv_losses=10 friendly_uav_losses=15 black_breakthrough=0 reacquire_attempts=214 reacquire_success=214 sensor_assisted_locks=116 low_conf_commitments=0 global_reacquire_entries=5 global_reacquire_success=5 coverage_collapse_events=22 active_clusters_max=1 coverage_quality_final=0.15 commander_source=default_intent commander_calls=0 commander_changes=0 commander_no_change=0 commander_parse_failures=0 commander_api_failures=0 commander_policy_failures=0 commander_avg_latency=0.0
Done
