========================================================================
HYBRID AGENT V5 — Variable-Cardinality Hierarchical Maritime Agent
  启用UAV: True | LLM_ENABLED: False
========================================================================
对局 82 开始
      [UAV RELAUNCH] white_uav15
      [UAV RELAUNCH] white_uav3
      [UAV RELAUNCH] white_uav7
      [UAV RELAUNCH] white_uav8
      [UAV RELAUNCH] white_uav9
      [UAV RELAUNCH] white_uav11
      [UAV RELAUNCH] white_uav12
      [UAV RELAUNCH] white_uav14
      [UAV RELAUNCH] white_uav2
      [UAV RELAUNCH] white_uav6
      [UAV RELAUNCH] white_uav10
      [UAV RELAUNCH] white_uav1
      [UAV RELAUNCH] white_uav4
      [UAV RELAUNCH] white_uav5
      [UAV RELAUNCH] white_uav13
[t=285s] step=10 | MISSION=NORMAL_C | USV: 15/15 (avail=15 int=0 lock=0 frz=0) | UAV: air=15 rtb=0 chg=0 loiter=0 | TRACKS: vis=0 lost=0 engaged=0 | TOP:  | KILL=0 | ACTIONS=30 | INTENT: focus=2 ratio=0.20
  [INTENT APPLIED]
    ThreatAllocator: focus 2 emergency 3 reserve_ratio 0.20 reserve_usvs None bias breakthrough_eta
    UAVManager: mode search_and_reacquire uav_priority []
[t=612s] step=20 | MISSION=NORMAL_C | USV: 15/15 (avail=15 int=0 lock=0 frz=0) | UAV: air=15 rtb=0 chg=0 loiter=0 | TRACKS: vis=0 lost=0 engaged=0 | TOP:  | KILL=0 | ACTIONS=30 | INTENT: focus=2 ratio=0.20
[t=930s] step=30 | MISSION=NORMAL_C | USV: 15/15 (avail=15 int=0 lock=0 frz=0) | UAV: air=15 rtb=0 chg=0 loiter=0 | TRACKS: vis=0 lost=0 engaged=0 | TOP:  | KILL=0 | ACTIONS=30 | INTENT: focus=2 ratio=0.20
[t=1,262s] step=40 | MISSION=NORMAL_C | USV: 15/15 (avail=15 int=0 lock=0 frz=0) | UAV: air=15 rtb=0 chg=0 loiter=0 | TRACKS: vis=0 lost=0 engaged=0 | TOP:  | KILL=0 | ACTIONS=30 | INTENT: focus=2 ratio=0.20
[t=1,582s] step=50 | MISSION=NORMAL_C | USV: 15/15 (avail=15 int=0 lock=0 frz=0) | UAV: air=15 rtb=0 chg=0 loiter=0 | TRACKS: vis=0 lost=0 engaged=0 | TOP:  | KILL=0 | ACTIONS=30 | INTENT: focus=2 ratio=0.20
      [DETECT] black_usv20
      [DETECT] black_usv15
      [DETECT] black_usv17
      [DETECT] black_usv21
      [DETECT] black_usv14
      [DETECT] black_usv22
      [DETECT] black_usv16
      [DETECT] black_usv19
      [DETECT] black_usv18
      [ASSIGN] white_usv3->black_usv18
      [ASSIGN] white_usv7->black_usv15
      [ASSIGN] white_usv9->black_usv18
      [ASSIGN] white_usv11->black_usv21
      [ASSIGN] white_usv12->black_usv19
      [ASSIGN] white_usv1->black_usv21
      [ASSIGN] white_usv8->black_usv16
      [ASSIGN] white_usv15->black_usv20
      [ASSIGN] white_usv5->black_usv14
      [ASSIGN] white_usv4->black_usv16
      [ASSIGN] white_usv6->black_usv17
      [ASSIGN] white_usv14->black_usv22
      [DETECT] black_usv24
      [DETECT] black_usv8
      [DETECT] black_usv26
      [DETECT] black_usv11
      [DETECT] black_usv9
      [DETECT] black_usv10
      [DETECT] black_usv7
      [DETECT] black_usv12
      [DETECT] black_usv23
      [DETECT] black_usv25
      [DETECT] black_usv13
      [ASSIGN] white_usv2->black_usv12
      [ASSIGN] white_usv10->black_usv25
      [DETECT] black_usv4
      [DETECT] black_usv28
      [DETECT] black_usv5
      [DETECT] black_usv30
      [DETECT] black_usv3
      [DETECT] black_usv29
      [DETECT] black_usv27
      [DETECT] black_usv6
      [ASSIGN] white_usv13->black_usv23
[t=1,921s] step=60 | MISSION=NORMAL_C | USV: 15/15 (avail=1 int=14 lock=0 frz=0) | UAV: air=15 rtb=0 chg=0 loiter=0 | TRACKS: vis=28 lost=0 engaged=0 | TOP: black_usv11(x241,809) black_usv13(x241,921) black_usv26(x242,088) | KILL=0 | ACTIONS=30 | INTENT: focus=2 ratio=0.20
      [DETECT] black_usv2
[t=2,255s] step=70 | MISSION=NORMAL_C | USV: 15/15 (avail=0 int=15 lock=0 frz=0) | UAV: air=15 rtb=0 chg=0 loiter=0 | TRACKS: vis=28 lost=1 engaged=0 | TOP: black_usv11(x238,670) black_usv13(x238,804) black_usv26(x239,003) | KILL=0 | ACTIONS=30 | INTENT: focus=2 ratio=0.20
      [DETECT] black_usv1
[t=2,560s] step=80 | MISSION=NORMAL_C | USV: 15/15 (avail=0 int=15 lock=0 frz=0) | UAV: air=15 rtb=0 chg=0 loiter=0 | TRACKS: vis=30 lost=0 engaged=0 | TOP: black_usv11(x235,804) black_usv13(x235,957) black_usv26(x236,187) | KILL=0 | ACTIONS=30 | INTENT: focus=2 ratio=0.20
[t=2,858s] step=90 | MISSION=NORMAL_C | USV: 15/15 (avail=0 int=15 lock=0 frz=0) | UAV: air=15 rtb=0 chg=0 loiter=0 | TRACKS: vis=29 lost=1 engaged=0 | TOP: black_usv11(x233,003) black_usv13(x233,176) black_usv26(x233,434) | KILL=0 | ACTIONS=30 | INTENT: focus=2 ratio=0.20
[t=3,173s] step=100 | MISSION=NORMAL_C | USV: 15/15 (avail=0 int=15 lock=0 frz=0) | UAV: air=15 rtb=0 chg=0 loiter=0 | TRACKS: vis=24 lost=6 engaged=0 | TOP: black_usv11(x229,902) black_usv26(x230,525) black_usv24(x230,734) | KILL=0 | ACTIONS=30 | INTENT: focus=2 ratio=0.20
[t=3,491s] step=110 | MISSION=NORMAL_C | USV: 15/15 (avail=0 int=15 lock=0 frz=0) | UAV: air=15 rtb=0 chg=0 loiter=0 | TRACKS: vis=27 lost=2 engaged=0 | TOP: black_usv26(x227,589) black_usv24(x227,819) black_usv27(x229,009) | KILL=0 | ACTIONS=30 | INTENT: focus=2 ratio=0.20
[t=3,811s] step=120 | MISSION=NORMAL_C | USV: 15/15 (avail=0 int=15 lock=0 frz=0) | UAV: air=15 rtb=0 chg=0 loiter=0 | TRACKS: vis=28 lost=1 engaged=0 | TOP: black_usv26(x224,633) black_usv24(x224,886) black_usv27(x226,192) | KILL=0 | ACTIONS=30 | INTENT: focus=2 ratio=0.20
[t=4,129s] step=130 | MISSION=NORMAL_C | USV: 15/15 (avail=0 int=15 lock=0 frz=0) | UAV: air=15 rtb=0 chg=0 loiter=0 | TRACKS: vis=29 lost=0 engaged=0 | TOP: black_usv26(x221,696) black_usv24(x221,972) black_usv27(x223,392) | KILL=0 | ACTIONS=30 | INTENT: focus=2 ratio=0.20
[t=4,449s] step=140 | MISSION=NORMAL_C | USV: 15/15 (avail=0 int=15 lock=0 frz=0) | UAV: air=15 rtb=0 chg=0 loiter=0 | TRACKS: vis=27 lost=2 engaged=0 | TOP: black_usv26(x218,741) black_usv24(x219,039) black_usv27(x220,575) | KILL=0 | ACTIONS=30 | INTENT: focus=2 ratio=0.20
[t=4,774s] step=150 | MISSION=NORMAL_C | USV: 15/15 (avail=0 int=15 lock=0 frz=0) | UAV: air=15 rtb=0 chg=0 loiter=0 | TRACKS: vis=27 lost=0 engaged=0 | TOP: black_usv26(x215,740) black_usv24(x216,060) black_usv27(x217,713) | KILL=0 | ACTIONS=30 | INTENT: focus=2 ratio=0.20
[t=5,105s] step=160 | MISSION=NORMAL_C | USV: 15/15 (avail=0 int=15 lock=0 frz=0) | UAV: air=15 rtb=0 chg=0 loiter=0 | TRACKS: vis=25 lost=1 engaged=0 | TOP: black_usv26(x212,574) black_usv24(x212,933) black_usv4(x215,259) | KILL=0 | ACTIONS=30 | INTENT: focus=2 ratio=0.20
[t=5,432s] step=170 | MISSION=NORMAL_C | USV: 15/15 (avail=0 int=15 lock=0 frz=0) | UAV: air=15 rtb=0 chg=0 loiter=0 | TRACKS: vis=26 lost=0 engaged=0 | TOP: black_usv26(x209,304) black_usv24(x209,663) black_usv4(x212,013) | KILL=0 | ACTIONS=30 | INTENT: focus=2 ratio=0.20
[t=5,757s] step=180 | MISSION=NORMAL_C | USV: 15/15 (avail=0 int=15 lock=0 frz=0) | UAV: air=15 rtb=0 chg=0 loiter=0 | TRACKS: vis=26 lost=0 engaged=0 | TOP: black_usv4(x208,781) black_usv3(x210,360) black_usv25(x204,374) | KILL=0 | ACTIONS=30 | INTENT: focus=2 ratio=0.20
      [DETECT] black_usv27
[t=6,094s] step=190 | MISSION=NORMAL_C | USV: 15/15 (avail=0 int=15 lock=0 frz=0) | UAV: air=15 rtb=0 chg=0 loiter=0 | TRACKS: vis=27 lost=0 engaged=0 | TOP: black_usv4(x205,415) black_usv3(x206,997) black_usv27(x205,521) | KILL=0 | ACTIONS=30 | INTENT: focus=2 ratio=0.20
[t=6,427s] step=200 | MISSION=NORMAL_C | USV: 15/15 (avail=0 int=15 lock=0 frz=0) | UAV: air=15 rtb=0 chg=0 loiter=0 | TRACKS: vis=26 lost=1 engaged=0 | TOP: black_usv4(x202,085) black_usv3(x203,671) black_usv27(x203,297) | KILL=0 | ACTIONS=30 | INTENT: focus=2 ratio=0.20
[t=6,767s] step=210 | MISSION=NORMAL_C | USV: 15/15 (avail=0 int=15 lock=0 frz=0) | UAV: air=15 rtb=0 chg=0 loiter=0 | TRACKS: vis=26 lost=1 engaged=0 | TOP: black_usv4(x198,685) black_usv3(x200,271) black_usv27(x201,027) | KILL=0 | ACTIONS=30 | INTENT: focus=2 ratio=0.20
[t=7,095s] step=220 | MISSION=NORMAL_C | USV: 15/15 (avail=0 int=15 lock=0 frz=0) | UAV: air=15 rtb=0 chg=0 loiter=0 | TRACKS: vis=27 lost=0 engaged=0 | TOP: black_usv4(x195,410) black_usv3(x196,991) black_usv27(x198,837) | KILL=0 | ACTIONS=30 | INTENT: focus=2 ratio=0.20
[t=7,425s] step=230 | MISSION=NORMAL_C | USV: 15/15 (avail=0 int=15 lock=0 frz=0) | UAV: air=15 rtb=0 chg=0 loiter=0 | TRACKS: vis=26 lost=1 engaged=0 | TOP: black_usv4(x192,119) black_usv3(x193,691) black_usv27(x196,633) | KILL=0 | ACTIONS=30 | INTENT: focus=2 ratio=0.20
      [ASSIGN] white_usv9->black_usv21(机会锁定)
      [ASSIGN] white_usv8->black_usv21(机会锁定)
      [ASSIGN] white_usv6->black_usv21(机会锁定)
      [ASSIGN] white_usv3->black_usv21(机会锁定)
      [ASSIGN] white_usv7->black_usv21(机会锁定)
      [ASSIGN] white_usv12->black_usv21(机会锁定)
      [ASSIGN] white_usv4->black_usv21(机会锁定)
      [ASSIGN] white_usv2->black_usv11(机会锁定)
      [ASSIGN] white_usv5->black_usv15(机会锁定)
      [ASSIGN] white_usv14->black_usv20(机会锁定)
      [ASSIGN] white_usv13->black_usv20(机会锁定)
      [ASSIGN] white_usv10->black_usv22(机会锁定)
[t=7,777s] step=240 | MISSION=NORMAL_C | USV: 15/15 (avail=0 int=0 lock=15 frz=0) | UAV: air=15 rtb=0 chg=0 loiter=0 | TRACKS: vis=27 lost=0 engaged=5 | TOP: black_usv4(x188,608) black_usv27(x194,282) black_usv13(x188,348) | KILL=0 | ACTIONS=30 | INTENT: focus=2 ratio=0.20
      [ASSIGN] white_usv3->black_usv19(机会锁定)
      [ASSIGN] white_usv7->black_usv19(机会锁定)
      [ASSIGN] white_usv9->black_usv19(机会锁定)
      [ASSIGN] white_usv11->black_usv19(机会锁定)
      [ASSIGN] white_usv12->black_usv19(机会锁定)
      [ASSIGN] white_usv1->black_usv19(机会锁定)
      [ASSIGN] white_usv8->black_usv19(机会锁定)
      [ASSIGN] white_usv4->black_usv19(机会锁定)
      [ASSIGN] white_usv6->black_usv19(机会锁定)
      [ASSIGN] white_usv15->black_usv23(机会锁定)
      [ASSIGN] white_usv2->black_usv13(机会锁定)
      [ASSIGN] white_usv5->black_usv12(机会锁定)
      [ASSIGN] white_usv14->black_usv22(机会锁定)
      [ASSIGN] white_usv13->black_usv25(机会锁定)
      [ASSIGN] white_usv10->black_usv20(机会锁定)
      [DETECT] black_usv29
      [DETECT] black_usv28
[t=8,126s] step=250 | MISSION=NORMAL_C | USV: 15/15 (avail=0 int=1 lock=14 frz=0) | UAV: air=15 rtb=0 chg=0 loiter=0 | TRACKS: vis=27 lost=2 engaged=6 | TOP: black_usv4(x185,122) black_usv28(x194,101) black_usv27(x191,311) | KILL=2 | ACTIONS=30 | INTENT: focus=2 ratio=0.20
      [ASSIGN] white_usv3->black_usv17(机会锁定)
      [ASSIGN] white_usv7->black_usv17(机会锁定)
      [ASSIGN] white_usv9->black_usv21(机会锁定)
      [ASSIGN] white_usv11->black_usv21(机会锁定)
      [ASSIGN] white_usv12->black_usv21(机会锁定)
      [ASSIGN] white_usv1->black_usv21(机会锁定)
      [ASSIGN] white_usv8->black_usv21(机会锁定)
      [ASSIGN] white_usv4->black_usv17(机会锁定)
      [ASSIGN] white_usv6->black_usv17(机会锁定)
      [ASSIGN] white_usv9->black_usv19(机会锁定)
      [ASSIGN] white_usv11->black_usv19(机会锁定)
      [ASSIGN] white_usv12->black_usv19(机会锁定)
      [ASSIGN] white_usv1->black_usv19(机会锁定)
      [ASSIGN] white_usv8->black_usv19(机会锁定)
      [ASSIGN] white_usv9->black_usv21(机会锁定)
      [ASSIGN] white_usv11->black_usv21(机会锁定)
      [ASSIGN] white_usv12->black_usv21(机会锁定)
      [ASSIGN] white_usv1->black_usv21(机会锁定)
      [ASSIGN] white_usv8->black_usv16(机会锁定)
      [ASSIGN] white_usv15->black_usv21(机会锁定)
      [ASSIGN] white_usv2->black_usv8(机会锁定)
      [ASSIGN] white_usv9->black_usv19(机会锁定)
      [ASSIGN] white_usv11->black_usv19(机会锁定)
      [ASSIGN] white_usv12->black_usv19(机会锁定)
      [ASSIGN] white_usv1->black_usv19(机会锁定)
      [ASSIGN] white_usv15->black_usv23(机会锁定)
      [ASSIGN] white_usv5->black_usv13(机会锁定)
      [ASSIGN] white_usv14->black_usv23(机会锁定)
      [ASSIGN] white_usv13->black_usv23(机会锁定)
      [ASSIGN] white_usv9->black_usv21(机会锁定)
      [ASSIGN] white_usv11->black_usv21(机会锁定)
      [ASSIGN] white_usv12->black_usv21(机会锁定)
      [ASSIGN] white_usv1->black_usv21(机会锁定)
      [ASSIGN] white_usv13->black_usv22(机会锁定)
      [ASSIGN] white_usv9->black_usv19(机会锁定)
      [ASSIGN] white_usv11->black_usv19(机会锁定)
      [ASSIGN] white_usv12->black_usv19(机会锁定)
      [ASSIGN] white_usv1->black_usv19(机会锁定)
      [ASSIGN] white_usv13->black_usv25(机会锁定)
      [ASSIGN] white_usv9->black_usv18(机会锁定)
      [ASSIGN] white_usv11->black_usv21(机会锁定)
      [ASSIGN] white_usv12->black_usv21(机会锁定)
      [ASSIGN] white_usv1->black_usv18(机会锁定)
      [KILL] black_usv21
      [ASSIGN] white_usv9->black_usv16(机会锁定)
      [RELEASE] white_usv11->black_usv21(目标失效)
      [ASSIGN] white_usv11->black_usv19(机会锁定)
      [RELEASE] white_usv12->black_usv21(目标失效)
      [ASSIGN] white_usv12->black_usv19(机会锁定)
      [ASSIGN] white_usv10->black_usv22(机会锁定)
      [ASSIGN] white_usv3->black_usv14(机会锁定)
      [ASSIGN] white_usv7->black_usv14(机会锁定)
      [ASSIGN] white_usv12->black_usv15(机会锁定)
      [ASSIGN] white_usv4->black_usv14(机会锁定)
      [ASSIGN] white_usv6->black_usv14(机会锁定)
      [ASSIGN] white_usv10->black_usv20(机会锁定)
      [KILL] black_usv20
      [RELEASE] white_usv10->black_usv20(目标失效)
      [ASSIGN] white_usv10->black_usv22(机会锁定)
[t=8,518s] step=260 | MISSION=NORMAL_C | USV: 15/15 (avail=0 int=2 lock=13 frz=0) | UAV: air=15 rtb=0 chg=0 loiter=0 | TRACKS: vis=27 lost=0 engaged=8 | TOP: black_usv17(x182,425) black_usv9(x182,029) black_usv12(x183,660) | KILL=5 | ACTIONS=30 | INTENT: focus=2 ratio=0.20
      [ASSIGN] white_usv11->black_usv17(机会锁定)
      [ASSIGN] white_usv8->black_usv17(机会锁定)
      [ASSIGN] white_usv2->black_usv9(机会锁定)
      [ASSIGN] white_usv11->black_usv19(机会锁定)
      [ASSIGN] white_usv8->black_usv19(机会锁定)
      [ASSIGN] white_usv15->black_usv24(机会锁定)
      [ASSIGN] white_usv5->black_usv8(机会锁定)
      [ASSIGN] white_usv14->black_usv24(机会锁定)
      [ASSIGN] white_usv10->black_usv24(机会锁定)
      [ASSIGN] white_usv11->black_usv17(机会锁定)
      [ASSIGN] white_usv8->black_usv17(机会锁定)
      [ASSIGN] white_usv11->black_usv19(机会锁定)
      [ASSIGN] white_usv1->black_usv19(机会锁定)
      [ASSIGN] white_usv8->black_usv19(机会锁定)
      [ASSIGN] white_usv13->black_usv22(机会锁定)
      [KILL] black_usv19
      [ASSIGN] white_usv9->black_usv18(机会锁定)
      [RELEASE] white_usv11->black_usv19(目标失效)
      [ASSIGN] white_usv11->black_usv18(机会锁定)
      [RELEASE] white_usv1->black_usv19(目标失效)
      [ASSIGN] white_usv1->black_usv18(机会锁定)
      [RELEASE] white_usv8->black_usv19(目标失效)
      [ASSIGN] white_usv8->black_usv18(机会锁定)
      [ASSIGN] white_usv13->black_usv23(机会锁定)
      [ASSIGN] white_usv3->black_usv16(机会锁定)
      [ASSIGN] white_usv7->black_usv16(机会锁定)
      [ASSIGN] white_usv4->black_usv16(机会锁定)
      [ASSIGN] white_usv6->black_usv16(机会锁定)
      [ASSIGN] white_usv13->black_usv22(机会锁定)
      [ASSIGN] white_usv13->black_usv23(机会锁定)
      [KILL] black_usv22
      [ASSIGN] white_usv13->black_usv25(机会锁定)
      [ASSIGN] white_usv2->black_usv14(机会锁定)
      [ASSIGN] white_usv13->black_usv23(机会锁定)
[t=8,925s] step=270 | MISSION=NORMAL_C | USV: 14/15 (avail=0 int=2 lock=12 frz=0) | UAV: air=15 rtb=0 chg=0 loiter=0 | TRACKS: vis=25 lost=0 engaged=4 | TOP: black_usv4(x178,632) black_usv7(x179,018) black_usv10(x179,402) | KILL=10 | ACTIONS=29 | INTENT: focus=2 ratio=0.20
      [ASSIGN] white_usv15->black_usv25(机会锁定)
      [ASSIGN] white_usv5->black_usv12(机会锁定)
      [ASSIGN] white_usv14->black_usv25(机会锁定)
      [ASSIGN] white_usv2->black_usv9(机会锁定)
      [ASSIGN] white_usv10->black_usv25(机会锁定)
      [ASSIGN] white_usv13->black_usv25(机会锁定)
      [ASSIGN] white_usv15->black_usv23(机会锁定)
      [ASSIGN] white_usv14->black_usv23(机会锁定)
      [ASSIGN] white_usv10->black_usv23(机会锁定)
      [ASSIGN] white_usv13->black_usv23(机会锁定)
      [ASSIGN] white_usv15->black_usv24(机会锁定)
      [ASSIGN] white_usv14->black_usv24(机会锁定)
      [ASSIGN] white_usv10->black_usv24(机会锁定)
      [ASSIGN] white_usv13->black_usv24(机会锁定)
      [KILL] black_usv17
      [ASSIGN] white_usv9->black_usv11(机会锁定)
      [ASSIGN] white_usv11->black_usv15(机会锁定)
      [ASSIGN] white_usv1->black_usv11(机会锁定)
      [ASSIGN] white_usv8->black_usv11(机会锁定)
      [ASSIGN] white_usv15->black_usv23(机会锁定)
      [ASSIGN] white_usv14->black_usv23(机会锁定)
      [ASSIGN] white_usv10->black_usv23(机会锁定)
      [ASSIGN] white_usv13->black_usv23(机会锁定)
      [ASSIGN] white_usv3->black_usv12(机会锁定)
      [ASSIGN] white_usv7->black_usv12(机会锁定)
      [ASSIGN] white_usv11->black_usv18(机会锁定)
      [ASSIGN] white_usv15->black_usv24(机会锁定)
      [ASSIGN] white_usv4->black_usv12(机会锁定)
      [ASSIGN] white_usv14->black_usv24(机会锁定)
      [ASSIGN] white_usv10->black_usv24(机会锁定)
      [ASSIGN] white_usv11->black_usv16(机会锁定)
      [ASSIGN] white_usv15->black_usv25(机会锁定)
      [ASSIGN] white_usv14->black_usv25(机会锁定)
      [ASSIGN] white_usv10->black_usv25(机会锁定)
      [DETECT] black_usv30
      [ASSIGN] white_usv11->black_usv18(机会锁定)
      [ASSIGN] white_usv15->black_usv24(机会锁定)
      [ASSIGN] white_usv14->black_usv24(机会锁定)
      [ASSIGN] white_usv10->black_usv24(机会锁定)
      [KILL] black_usv23
      [KILL] black_usv13
      [ASSIGN] white_usv11->black_usv16(机会锁定)
      [ASSIGN] white_usv15->black_usv25(机会锁定)
      [RELEASE] white_usv13->black_usv23(目标失效)
      [ASSIGN] white_usv11->black_usv18(机会锁定)
      [ASSIGN] white_usv15->black_usv24(机会锁定)
      [ASSIGN] white_usv13->black_usv30
      [ASSIGN] white_usv3->black_usv16(机会锁定)
      [ASSIGN] white_usv7->black_usv16(机会锁定)
      [ASSIGN] white_usv11->black_usv16(机会锁定)
      [ASSIGN] white_usv4->black_usv16(机会锁定)
      [ASSIGN] white_usv2->black_usv10(机会锁定)
      [ASSIGN] white_usv13->black_usv24(机会锁定)
[t=9,300s] step=280 | MISSION=NORMAL_C | USV: 12/15 (avail=0 int=9 lock=3 frz=0) | UAV: air=15 rtb=0 chg=0 loiter=0 | TRACKS: vis=23 lost=0 engaged=1 | TOP: black_usv4(x174,882) black_usv7(x175,268) black_usv10(x175,652) | KILL=16 | ACTIONS=27 | INTENT: focus=2 ratio=0.20
      [KILL] black_usv25
      [ASSIGN] white_usv3->black_usv12(机会锁定)
      [ASSIGN] white_usv7->black_usv12(机会锁定)
      [ASSIGN] white_usv11->black_usv18(机会锁定)
      [ASSIGN] white_usv4->black_usv12(机会锁定)
      [ASSIGN] white_usv3->black_usv16(机会锁定)
      [ASSIGN] white_usv7->black_usv16(机会锁定)
      [ASSIGN] white_usv11->black_usv16(机会锁定)
      [ASSIGN] white_usv4->black_usv16(机会锁定)
      [KILL] black_usv15
      [KILL] black_usv14
      [ASSIGN] white_usv3->black_usv12(机会锁定)
      [ASSIGN] white_usv7->black_usv12(机会锁定)
      [ASSIGN] white_usv9->black_usv12(机会锁定)
      [ASSIGN] white_usv1->black_usv12(机会锁定)
      [ASSIGN] white_usv8->black_usv12(机会锁定)
      [ASSIGN] white_usv4->black_usv12(机会锁定)
      [ASSIGN] white_usv3->black_usv11(机会锁定)
      [ASSIGN] white_usv7->black_usv11(机会锁定)
      [ASSIGN] white_usv9->black_usv11(机会锁定)
      [ASSIGN] white_usv1->black_usv11(机会锁定)
      [ASSIGN] white_usv8->black_usv11(机会锁定)
      [ASSIGN] white_usv4->black_usv11(机会锁定)
      [ASSIGN] white_usv3->black_usv12(机会锁定)
      [ASSIGN] white_usv7->black_usv12(机会锁定)
      [ASSIGN] white_usv9->black_usv12(机会锁定)
      [ASSIGN] white_usv1->black_usv12(机会锁定)
      [ASSIGN] white_usv8->black_usv12(机会锁定)
      [ASSIGN] white_usv4->black_usv12(机会锁定)
      [ASSIGN] white_usv13->black_usv26(机会锁定)
      [KILL] black_usv24
      [KILL] black_usv8
      [ASSIGN] white_usv3->black_usv11(机会锁定)
      [ASSIGN] white_usv7->black_usv11(机会锁定)
      [ASSIGN] white_usv9->black_usv11(机会锁定)
      [ASSIGN] white_usv1->black_usv11(机会锁定)
      [ASSIGN] white_usv8->black_usv11(机会锁定)
      [RELEASE] white_usv15->black_usv24(目标失效)
      [ASSIGN] white_usv15->black_usv26(机会锁定)
      [ASSIGN] white_usv4->black_usv11(机会锁定)
      [RELEASE] white_usv14->black_usv24(目标失效)
      [RELEASE] white_usv10->black_usv24(目标失效)
      [ASSIGN] white_usv10->black_usv26(机会锁定)
      [ASSIGN] white_usv3->black_usv12(机会锁定)
      [ASSIGN] white_usv7->black_usv12(机会锁定)
      [ASSIGN] white_usv9->black_usv12(机会锁定)
      [ASSIGN] white_usv11->black_usv18(机会锁定)
      [ASSIGN] white_usv1->black_usv12(机会锁定)
      [ASSIGN] white_usv8->black_usv12(机会锁定)
      [ASSIGN] white_usv4->black_usv12(机会锁定)
      [ASSIGN] white_usv14->black_usv26(机会锁定)
      [ASSIGN] white_usv3->black_usv11(机会锁定)
      [ASSIGN] white_usv7->black_usv11(机会锁定)
      [ASSIGN] white_usv9->black_usv11(机会锁定)
      [ASSIGN] white_usv11->black_usv16(机会锁定)
      [ASSIGN] white_usv1->black_usv11(机会锁定)
      [ASSIGN] white_usv8->black_usv11(机会锁定)
      [ASSIGN] white_usv4->black_usv11(机会锁定)
      [ASSIGN] white_usv2->black_usv11(机会锁定)
      [KILL] black_usv18
      [ASSIGN] white_usv9->black_usv12(机会锁定)
      [ASSIGN] white_usv1->black_usv16(机会锁定)
      [ASSIGN] white_usv8->black_usv16(机会锁定)
      [ASSIGN] white_usv2->black_usv10(机会锁定)
      [ASSIGN] white_usv9->black_usv9(机会锁定)
      [ASSIGN] white_usv11->black_usv12(机会锁定)
      [ASSIGN] white_usv1->black_usv11(机会锁定)
      [ASSIGN] white_usv8->black_usv11(机会锁定)
      [ASSIGN] white_usv2->black_usv7(机会锁定)
[t=9,723s] step=290 | MISSION=NORMAL_C | USV: 12/15 (avail=0 int=8 lock=4 frz=0) | UAV: air=15 rtb=0 chg=0 loiter=0 | TRACKS: vis=17 lost=0 engaged=1 | TOP: black_usv30(x182,166) black_usv27(x176,868) black_usv9(x177,350) | KILL=17 | ACTIONS=27 | INTENT: focus=2 ratio=0.20
      [KILL] black_usv16
      [ASSIGN] white_usv9->black_usv10(机会锁定)
      [ASSIGN] white_usv2->black_usv10(机会锁定)
      [ASSIGN] white_usv3->black_usv12(机会锁定)
      [ASSIGN] white_usv7->black_usv12(机会锁定)
      [ASSIGN] white_usv3->black_usv10(机会锁定)
      [ASSIGN] white_usv7->black_usv11(机会锁定)
      [ASSIGN] white_usv11->black_usv11(机会锁定)
      [KILL] black_usv9
      [KILL] black_usv12
      [ASSIGN] white_usv7->black_usv10(机会锁定)
      [KILL] black_usv11
      [ASSIGN] white_usv3->black_usv7(机会锁定)
      [ASSIGN] white_usv7->black_usv7(机会锁定)
      [ASSIGN] white_usv9->black_usv7(机会锁定)
      [RELEASE] white_usv11->black_usv11(目标失效)
      [ASSIGN] white_usv11->black_usv10(机会锁定)
      [RELEASE] white_usv1->black_usv11(目标失效)
      [ASSIGN] white_usv1->black_usv10(机会锁定)
      [RELEASE] white_usv8->black_usv11(目标失效)
      [ASSIGN] white_usv8->black_usv10(机会锁定)
      [RELEASE] white_usv4->black_usv11(目标失效)
      [ASSIGN] white_usv4->black_usv7(机会锁定)
      [ASSIGN] white_usv2->black_usv7(机会锁定)
[t=10,178s] step=300 | MISSION=NORMAL_C | USV: 12/15 (avail=0 int=7 lock=5 frz=0) | UAV: air=15 rtb=0 chg=0 loiter=0 | TRACKS: vis=13 lost=0 engaged=1 | TOP: black_usv4(x168,220) black_usv6(x171,158) black_usv27(x172,451) | KILL=19 | ACTIONS=27 | INTENT: focus=2 ratio=0.20
      [ASSIGN] white_usv3->black_usv10(机会锁定)
      [ASSIGN] white_usv7->black_usv10(机会锁定)
      [ASSIGN] white_usv9->black_usv10(机会锁定)
      [ASSIGN] white_usv4->black_usv10(机会锁定)
      [ASSIGN] white_usv2->black_usv4(机会锁定)
      [ASSIGN] white_usv3->black_usv7(机会锁定)
      [ASSIGN] white_usv7->black_usv7(机会锁定)
      [ASSIGN] white_usv9->black_usv7(机会锁定)
      [ASSIGN] white_usv11->black_usv7(机会锁定)
      [ASSIGN] white_usv1->black_usv7(机会锁定)
      [ASSIGN] white_usv8->black_usv7(机会锁定)
      [ASSIGN] white_usv4->black_usv7(机会锁定)
      [KILL] black_usv26
      [ASSIGN] white_usv3->black_usv10(机会锁定)
      [ASSIGN] white_usv7->black_usv10(机会锁定)
      [ASSIGN] white_usv9->black_usv10(机会锁定)
      [ASSIGN] white_usv11->black_usv10(机会锁定)
      [ASSIGN] white_usv1->black_usv10(机会锁定)
      [ASSIGN] white_usv8->black_usv10(机会锁定)
      [RELEASE] white_usv15->black_usv26(目标失效)
      [ASSIGN] white_usv15->black_usv27(机会锁定)
      [ASSIGN] white_usv4->black_usv10(机会锁定)
      [RELEASE] white_usv14->black_usv26(目标失效)
      [RELEASE] white_usv10->black_usv26(目标失效)
      [RELEASE] white_usv13->black_usv26(目标失效)
      [ASSIGN] white_usv3->black_usv7(机会锁定)
      [ASSIGN] white_usv7->black_usv7(机会锁定)
      [ASSIGN] white_usv9->black_usv7(机会锁定)
      [ASSIGN] white_usv11->black_usv7(机会锁定)
      [ASSIGN] white_usv1->black_usv7(机会锁定)
      [ASSIGN] white_usv8->black_usv7(机会锁定)
      [ASSIGN] white_usv4->black_usv7(机会锁定)
      [ASSIGN] white_usv14->black_usv6
      [ASSIGN] white_usv10->black_usv29
      [ASSIGN] white_usv13->black_usv28
      [ASSIGN] white_usv3->black_usv10(机会锁定)
      [ASSIGN] white_usv7->black_usv10(机会锁定)
      [ASSIGN] white_usv9->black_usv10(机会锁定)
      [ASSIGN] white_usv11->black_usv10(机会锁定)
      [ASSIGN] white_usv1->black_usv10(机会锁定)
      [ASSIGN] white_usv8->black_usv10(机会锁定)
      [ASSIGN] white_usv4->black_usv10(机会锁定)
      [ASSIGN] white_usv10->black_usv27(机会锁定)
[t=10,609s] step=310 | MISSION=NORMAL_C | USV: 12/15 (avail=0 int=10 lock=2 frz=0) | UAV: air=15 rtb=0 chg=0 loiter=0 | TRACKS: vis=12 lost=0 engaged=2 | TOP: black_usv10(x171,492) black_usv30(x174,475) black_usv5(x168,650) | KILL=20 | ACTIONS=27 | INTENT: focus=2 ratio=0.20
      [ASSIGN] white_usv3->black_usv7(机会锁定)
      [ASSIGN] white_usv7->black_usv7(机会锁定)
      [ASSIGN] white_usv9->black_usv7(机会锁定)
      [ASSIGN] white_usv11->black_usv7(机会锁定)
      [ASSIGN] white_usv1->black_usv7(机会锁定)
      [ASSIGN] white_usv8->black_usv7(机会锁定)
      [ASSIGN] white_usv4->black_usv7(机会锁定)
      [ASSIGN] white_usv13->black_usv27(机会锁定)
      [KILL] black_usv10
      [ASSIGN] white_usv3->black_usv4(机会锁定)
      [ASSIGN] white_usv7->black_usv4(机会锁定)
      [ASSIGN] white_usv1->black_usv4(机会锁定)
      [ASSIGN] white_usv8->black_usv4(机会锁定)
      [ASSIGN] white_usv2->black_usv6(机会锁定)
      [KILL] black_usv7
      [ASSIGN] white_usv3->black_usv6(机会锁定)
      [ASSIGN] white_usv7->black_usv6(机会锁定)
      [RELEASE] white_usv9->black_usv7(目标失效)
      [RELEASE] white_usv11->black_usv7(目标失效)
      [ASSIGN] white_usv11->black_usv4(机会锁定)
      [ASSIGN] white_usv1->black_usv6(机会锁定)
      [ASSIGN] white_usv8->black_usv6(机会锁定)
      [RELEASE] white_usv4->black_usv7(目标失效)
      [ASSIGN] white_usv9->black_usv29
      [ASSIGN] white_usv4->black_usv5
      [ASSIGN] white_usv2->black_usv4(机会锁定)
[t=11,099s] step=320 | MISSION=NORMAL_C | USV: 12/15 (avail=2 int=6 lock=4 frz=0) | UAV: air=15 rtb=0 chg=0 loiter=0 | TRACKS: vis=10 lost=0 engaged=1 | TOP: black_usv3(x165,698) black_usv28(x165,832) black_usv30(x169,779) | KILL=22 | ACTIONS=27 | INTENT: focus=2 ratio=0.20
      [ASSIGN] white_usv4->black_usv4(机会锁定)
      [KILL] black_usv4
      [RELEASE] white_usv11->black_usv4(目标失效)
      [ASSIGN] white_usv11->black_usv6(机会锁定)
      [RELEASE] white_usv4->black_usv4(目标失效)
      [ASSIGN] white_usv4->black_usv6(机会锁定)
      [RELEASE] white_usv2->black_usv4(目标失效)
      [ASSIGN] white_usv2->black_usv6(机会锁定)
      [KILL] black_usv27
      [ASSIGN] white_usv8->black_usv5(机会锁定)
      [RELEASE] white_usv15->black_usv27(目标失效)
      [RELEASE] white_usv10->black_usv27(目标失效)
      [RELEASE] white_usv13->black_usv27(目标失效)
[t=11,574s] step=330 | MISSION=NORMAL_C | USV: 12/15 (avail=0 int=12 lock=0 frz=0) | UAV: air=15 rtb=0 chg=0 loiter=0 | TRACKS: vis=8 lost=0 engaged=0 | TOP: black_usv5(x159,786) black_usv3(x160,948) black_usv28(x161,147) | KILL=23 | ACTIONS=27 | INTENT: focus=2 ratio=0.20
      [ASSIGN] white_usv1->black_usv5(机会锁定)
      [ASSIGN] white_usv15->black_usv2
      [ASSIGN] white_usv10->black_usv28
      [ASSIGN] white_usv13->black_usv3
      [KILL] black_usv6
      [RELEASE] white_usv3->black_usv6(目标失效)
      [RELEASE] white_usv7->black_usv6(目标失效)
      [RELEASE] white_usv11->black_usv6(目标失效)
      [RELEASE] white_usv4->black_usv6(目标失效)
      [RELEASE] white_usv14->black_usv6(目标失效)
      [RELEASE] white_usv2->black_usv6(目标失效)
      [ASSIGN] white_usv3->black_usv28
      [ASSIGN] white_usv7->black_usv29
      [ASSIGN] white_usv11->black_usv2
      [ASSIGN] white_usv4->black_usv5(机会锁定)
      [ASSIGN] white_usv14->black_usv30
      [ASSIGN] white_usv2->black_usv3
      [ASSIGN] white_usv2->black_usv5(机会锁定)
      [ASSIGN] white_usv8->black_usv3(机会锁定)
      [ASSIGN] white_usv1->black_usv3(机会锁定)
[t=12,010s] step=340 | MISSION=NORMAL_C | USV: 12/15 (avail=0 int=10 lock=2 frz=0) | UAV: air=15 rtb=0 chg=0 loiter=0 | TRACKS: vis=7 lost=0 engaged=2 | TOP: black_usv1(x166,758) black_usv30(x163,328) black_usv3(x156,588) | KILL=24 | ACTIONS=27 | INTENT: focus=2 ratio=0.20
      [ASSIGN] white_usv8->black_usv5(机会锁定)
      [ASSIGN] white_usv8->black_usv3(机会锁定)
      [ASSIGN] white_usv4->black_usv3(机会锁定)
      [ASSIGN] white_usv2->black_usv3(机会锁定)
      [ASSIGN] white_usv11->black_usv5(机会锁定)
      [ASSIGN] white_usv1->black_usv5(机会锁定)
      [ASSIGN] white_usv8->black_usv5(机会锁定)
      [ASSIGN] white_usv4->black_usv5(机会锁定)
      [ASSIGN] white_usv2->black_usv5(机会锁定)
      [ASSIGN] white_usv1->black_usv3(机会锁定)
      [ASSIGN] white_usv8->black_usv3(机会锁定)
      [ASSIGN] white_usv4->black_usv3(机会锁定)
      [ASSIGN] white_usv2->black_usv3(机会锁定)
      [ASSIGN] white_usv1->black_usv5(机会锁定)
      [ASSIGN] white_usv8->black_usv5(机会锁定)
      [ASSIGN] white_usv4->black_usv5(机会锁定)
      [ASSIGN] white_usv2->black_usv5(机会锁定)
      [KILL] black_usv5
      [RELEASE] white_usv11->black_usv5(目标失效)
      [RELEASE] white_usv1->black_usv5(目标失效)
      [ASSIGN] white_usv1->black_usv3(机会锁定)
      [RELEASE] white_usv8->black_usv5(目标失效)
      [ASSIGN] white_usv8->black_usv3(机会锁定)
      [RELEASE] white_usv4->black_usv5(目标失效)
      [ASSIGN] white_usv4->black_usv3(机会锁定)
      [RELEASE] white_usv2->black_usv5(目标失效)
      [ASSIGN] white_usv2->black_usv3(机会锁定)
[t=12,538s] step=350 | MISSION=NORMAL_C | USV: 12/15 (avail=0 int=12 lock=0 frz=0) | UAV: air=15 rtb=0 chg=0 loiter=0 | TRACKS: vis=6 lost=0 engaged=0 | TOP: black_usv1(x162,438) black_usv3(x154,348) black_usv30(x158,102) | KILL=26 | ACTIONS=27 | INTENT: focus=2 ratio=0.20
      [ASSIGN] white_usv11->black_usv1
      [ASSIGN] white_usv11->black_usv3(机会锁定)
      [ASSIGN] white_usv4->black_usv2(机会锁定)
      [ASSIGN] white_usv2->black_usv2(机会锁定)
      [KILL] black_usv3
      [RELEASE] white_usv11->black_usv3(目标失效)
      [RELEASE] white_usv1->black_usv3(目标失效)
      [RELEASE] white_usv8->black_usv3(目标失效)
      [RELEASE] white_usv13->black_usv3(目标失效)
      [ASSIGN] white_usv11->black_usv1
      [ASSIGN] white_usv1->black_usv29
      [ASSIGN] white_usv8->black_usv1
      [ASSIGN] white_usv13->black_usv30
      [ASSIGN] white_usv9->black_usv28(机会锁定)
      [ASSIGN] white_usv10->black_usv29(机会锁定)
[t=13,070s] step=360 | MISSION=NORMAL_C | USV: 12/15 (avail=0 int=12 lock=0 frz=0) | UAV: air=15 rtb=0 chg=0 loiter=0 | TRACKS: vis=5 lost=0 engaged=0 | TOP: black_usv29(x144,728) black_usv30(x152,782) black_usv2(x153,760) | KILL=26 | ACTIONS=27 | INTENT: focus=2 ratio=0.20
      [KILL] black_usv28
      [RELEASE] white_usv3->black_usv28(目标失效)
      [RELEASE] white_usv9->black_usv28(目标失效)
      [ASSIGN] white_usv3->black_usv1
      [ASSIGN] white_usv9->black_usv30
      [ASSIGN] white_usv8->black_usv2(机会锁定)
      [ASSIGN] white_usv11->black_usv2(机会锁定)
      [RELEASE] white_usv9->black_usv30(目标失效)
      [ASSIGN] white_usv9->black_usv29(机会锁定)
      [RELEASE] white_usv14->black_usv30(目标失效)
      [RELEASE] white_usv13->black_usv30(目标失效)
[t=13,637s] step=370 | MISSION=NORMAL_C | USV: 12/15 (avail=0 int=11 lock=1 frz=0) | UAV: air=15 rtb=0 chg=0 loiter=0 | TRACKS: vis=2 lost=1 engaged=1 | TOP: black_usv29(x142,504) black_usv1(x153,756) black_usv2(x153,440) | KILL=27 | ACTIONS=27 | INTENT: focus=2 ratio=0.20
      [RELEASE] white_usv3->black_usv1(目标失效)
      [DETECT] black_usv1
      [ASSIGN] white_usv3->black_usv1
      [ASSIGN] white_usv11->black_usv1(机会锁定)
      [ASSIGN] white_usv8->black_usv1(机会锁定)
      [ASSIGN] white_usv14->black_usv1
      [ASSIGN] white_usv2->black_usv1(机会锁定)
      [ASSIGN] white_usv13->black_usv1
      [KILL] black_usv2
      [RELEASE] white_usv15->black_usv2(目标失效)
      [RELEASE] white_usv4->black_usv2(目标失效)
[t=14,178s] step=380 | MISSION=NORMAL_C | USV: 12/15 (avail=2 int=10 lock=0 frz=0) | UAV: air=15 rtb=0 chg=0 loiter=0 | TRACKS: vis=2 lost=0 engaged=0 | TOP: black_usv1(x147,720) black_usv29(x142,184) | KILL=29 | ACTIONS=27 | INTENT: focus=2 ratio=0.20
      [KILL] black_usv29
      [RELEASE] white_usv7->black_usv29(目标失效)
      [RELEASE] white_usv9->black_usv29(目标失效)
      [RELEASE] white_usv1->black_usv29(目标失效)
      [RELEASE] white_usv10->black_usv29(目标失效)
[t=14,770s] step=390 | MISSION=NORMAL_C | USV: 12/15 (avail=6 int=6 lock=0 frz=0) | UAV: air=14 rtb=0 chg=0 loiter=0 | TRACKS: vis=1 lost=0 engaged=0 | TOP: black_usv1(x147,720) | KILL=29 | ACTIONS=26 | INTENT: focus=2 ratio=0.20
      [KILL] black_usv1
      [RELEASE] white_usv3->black_usv1(目标失效)
      [RELEASE] white_usv11->black_usv1(目标失效)
      [RELEASE] white_usv8->black_usv1(目标失效)
      [RELEASE] white_usv14->black_usv1(目标失效)
      [RELEASE] white_usv2->black_usv1(目标失效)
      [RELEASE] white_usv13->black_usv1(目标失效)
[t=15,351s] step=400 | MISSION=GLOBAL_R | USV: 12/15 (avail=12 int=0 lock=0 frz=0) | UAV: air=14 rtb=0 chg=0 loiter=0 | TRACKS: vis=0 lost=0 engaged=0 | TOP:  | KILL=29 | ACTIONS=26 | INTENT: focus=2 ratio=0.20
      [DETECT] black_usv30
      [ASSIGN] white_usv7->black_usv30
      [ASSIGN] white_usv9->black_usv30(机会锁定)
      [ASSIGN] white_usv10->black_usv30
[t=15,931s] step=410 | MISSION=NORMAL_C | USV: 12/15 (avail=9 int=2 lock=1 frz=0) | UAV: air=14 rtb=0 chg=0 loiter=0 | TRACKS: vis=1 lost=0 engaged=1 | TOP: black_usv30(x132,217) | KILL=29 | ACTIONS=26 | INTENT: focus=2 ratio=0.20

========================================================================
对局结果: Result.Victory — 敌方所有单位被击毁
  击杀蓝舰: 30 | 命中: 60 | 我方USV损失: 3 | UAV损失: 1 | 突破: 0
[META] result=Result.Victory victory_time=16607 first_detection=1848 first_lock=7564 first_kill=8443 enemy_kills=30 friendly_usv_losses=3 friendly_uav_losses=1 black_breakthrough=0 reacquire_attempts=202 reacquire_success=202 sensor_assisted_locks=103 low_conf_commitments=0 global_reacquire_entries=1 global_reacquire_success=1 coverage_collapse_events=1 active_clusters_max=1 coverage_quality_final=0.33 commander_source=default_intent commander_calls=0 commander_changes=0 commander_no_change=0 commander_parse_failures=0 commander_api_failures=0 commander_policy_failures=0 commander_avg_latency=0.0
Done
