========================================================================
HYBRID AGENT V5 — Variable-Cardinality Hierarchical Maritime Agent
  启用UAV: True | LLM_ENABLED: False
========================================================================
对局 68 开始
      [UAV RELAUNCH] white_uav3
      [UAV RELAUNCH] white_uav2
      [UAV RELAUNCH] white_uav5
      [UAV RELAUNCH] white_uav8
      [UAV RELAUNCH] white_uav11
      [UAV RELAUNCH] white_uav14
      [UAV RELAUNCH] white_uav1
      [UAV RELAUNCH] white_uav4
      [UAV RELAUNCH] white_uav7
      [UAV RELAUNCH] white_uav10
      [UAV RELAUNCH] white_uav13
      [UAV RELAUNCH] white_uav6
      [UAV RELAUNCH] white_uav9
      [UAV RELAUNCH] white_uav12
      [UAV RELAUNCH] white_uav15
[t=294s] step=10 | MISSION=NORMAL_C | USV: 15/15 (avail=15 int=0 lock=0 frz=0) | UAV: air=15 rtb=0 chg=0 loiter=0 | TRACKS: vis=0 lost=0 engaged=0 | TOP:  | KILL=0 | ACTIONS=30 | INTENT: focus=2 ratio=0.20
  [INTENT APPLIED]
    ThreatAllocator: focus 2 emergency 3 reserve_ratio 0.20 reserve_usvs None bias breakthrough_eta
    UAVManager: mode search_and_reacquire uav_priority []
[t=634s] step=20 | MISSION=NORMAL_C | USV: 15/15 (avail=15 int=0 lock=0 frz=0) | UAV: air=15 rtb=0 chg=0 loiter=0 | TRACKS: vis=0 lost=0 engaged=0 | TOP:  | KILL=0 | ACTIONS=30 | INTENT: focus=2 ratio=0.20
[t=947s] step=30 | MISSION=NORMAL_C | USV: 15/15 (avail=15 int=0 lock=0 frz=0) | UAV: air=15 rtb=0 chg=0 loiter=0 | TRACKS: vis=0 lost=0 engaged=0 | TOP:  | KILL=0 | ACTIONS=30 | INTENT: focus=2 ratio=0.20
[t=1,272s] step=40 | MISSION=NORMAL_C | USV: 15/15 (avail=15 int=0 lock=0 frz=0) | UAV: air=15 rtb=0 chg=0 loiter=0 | TRACKS: vis=0 lost=0 engaged=0 | TOP:  | KILL=0 | ACTIONS=30 | INTENT: focus=2 ratio=0.20
[t=1,587s] step=50 | MISSION=NORMAL_C | USV: 15/15 (avail=15 int=0 lock=0 frz=0) | UAV: air=15 rtb=0 chg=0 loiter=0 | TRACKS: vis=0 lost=0 engaged=0 | TOP:  | KILL=0 | ACTIONS=30 | INTENT: focus=2 ratio=0.20
      [DETECT] black_usv17
      [DETECT] black_usv16
      [DETECT] black_usv18
      [DETECT] black_usv15
      [ASSIGN] white_usv5->black_usv15
      [ASSIGN] white_usv3->black_usv16
      [ASSIGN] white_usv8->black_usv16
      [ASSIGN] white_usv9->black_usv18
      [ASSIGN] white_usv12->black_usv18
      [ASSIGN] white_usv15->black_usv17
      [ASSIGN] white_usv11->black_usv16
      [ASSIGN] white_usv14->black_usv18
      [ASSIGN] white_usv1->black_usv15
      [ASSIGN] white_usv4->black_usv17
      [ASSIGN] white_usv7->black_usv15
      [ASSIGN] white_usv10->black_usv17
      [DETECT] black_usv8
      [DETECT] black_usv24
      [DETECT] black_usv26
      [DETECT] black_usv20
      [DETECT] black_usv11
      [DETECT] black_usv21
      [DETECT] black_usv14
      [DETECT] black_usv10
      [DETECT] black_usv12
      [DETECT] black_usv22
      [DETECT] black_usv23
      [DETECT] black_usv25
      [DETECT] black_usv19
      [DETECT] black_usv13
      [ASSIGN] white_usv13->black_usv21
      [ASSIGN] white_usv2->black_usv19
      [DETECT] black_usv4
      [DETECT] black_usv28
      [DETECT] black_usv9
      [DETECT] black_usv7
      [DETECT] black_usv27
      [DETECT] black_usv6
      [ASSIGN] white_usv6->black_usv22
[t=1,905s] step=60 | MISSION=NORMAL_C | USV: 15/15 (avail=1 int=14 lock=0 frz=0) | UAV: air=15 rtb=0 chg=0 loiter=0 | TRACKS: vis=24 lost=0 engaged=0 | TOP: black_usv20(x241,297) black_usv12(x241,403) black_usv14(x241,486) | KILL=0 | ACTIONS=30 | INTENT: focus=2 ratio=0.20
      [DETECT] black_usv5
      [DETECT] black_usv30
      [DETECT] black_usv3
      [DETECT] black_usv2
      [DETECT] black_usv29
      [DETECT] black_usv1
[t=2,178s] step=70 | MISSION=NORMAL_C | USV: 15/15 (avail=0 int=15 lock=0 frz=0) | UAV: air=15 rtb=0 chg=0 loiter=0 | TRACKS: vis=30 lost=0 engaged=0 | TOP: black_usv20(x238,626) black_usv12(x238,749) black_usv14(x238,845) | KILL=0 | ACTIONS=30 | INTENT: focus=2 ratio=0.20
[t=2,494s] step=80 | MISSION=NORMAL_C | USV: 15/15 (avail=0 int=15 lock=0 frz=0) | UAV: air=15 rtb=0 chg=0 loiter=0 | TRACKS: vis=30 lost=0 engaged=0 | TOP: black_usv20(x235,534) black_usv12(x235,677) black_usv14(x235,788) | KILL=0 | ACTIONS=30 | INTENT: focus=2 ratio=0.20
[t=2,812s] step=90 | MISSION=NORMAL_C | USV: 15/15 (avail=0 int=15 lock=0 frz=0) | UAV: air=15 rtb=0 chg=0 loiter=0 | TRACKS: vis=30 lost=0 engaged=0 | TOP: black_usv20(x232,422) black_usv12(x232,585) black_usv14(x232,711) | KILL=0 | ACTIONS=30 | INTENT: focus=2 ratio=0.20
[t=3,141s] step=100 | MISSION=NORMAL_C | USV: 15/15 (avail=0 int=15 lock=0 frz=0) | UAV: air=15 rtb=0 chg=0 loiter=0 | TRACKS: vis=30 lost=0 engaged=0 | TOP: black_usv20(x229,203) black_usv12(x229,386) black_usv14(x229,528) | KILL=0 | ACTIONS=30 | INTENT: focus=2 ratio=0.20
[t=3,465s] step=110 | MISSION=NORMAL_C | USV: 15/15 (avail=0 int=15 lock=0 frz=0) | UAV: air=15 rtb=0 chg=0 loiter=0 | TRACKS: vis=30 lost=0 engaged=0 | TOP: black_usv20(x226,026) black_usv12(x226,229) black_usv14(x226,387) | KILL=0 | ACTIONS=30 | INTENT: focus=2 ratio=0.20
[t=3,811s] step=120 | MISSION=NORMAL_C | USV: 15/15 (avail=0 int=15 lock=0 frz=0) | UAV: air=15 rtb=0 chg=0 loiter=0 | TRACKS: vis=30 lost=0 engaged=0 | TOP: black_usv20(x222,647) black_usv12(x222,872) black_usv14(x223,046) | KILL=0 | ACTIONS=30 | INTENT: focus=2 ratio=0.20
[t=4,147s] step=130 | MISSION=NORMAL_C | USV: 15/15 (avail=0 int=15 lock=0 frz=0) | UAV: air=15 rtb=0 chg=0 loiter=0 | TRACKS: vis=29 lost=1 engaged=0 | TOP: black_usv20(x219,359) black_usv12(x219,605) black_usv14(x219,796) | KILL=0 | ACTIONS=30 | INTENT: focus=2 ratio=0.20
[t=4,482s] step=140 | MISSION=NORMAL_C | USV: 15/15 (avail=0 int=15 lock=0 frz=0) | UAV: air=15 rtb=0 chg=0 loiter=0 | TRACKS: vis=30 lost=0 engaged=0 | TOP: black_usv20(x216,081) black_usv12(x216,348) black_usv14(x216,555) | KILL=0 | ACTIONS=30 | INTENT: focus=2 ratio=0.20
[t=4,817s] step=150 | MISSION=NORMAL_C | USV: 15/15 (avail=0 int=15 lock=0 frz=0) | UAV: air=15 rtb=0 chg=0 loiter=0 | TRACKS: vis=29 lost=1 engaged=0 | TOP: black_usv20(x212,803) black_usv12(x213,091) black_usv14(x213,314) | KILL=0 | ACTIONS=30 | INTENT: focus=2 ratio=0.20
[t=5,153s] step=160 | MISSION=NORMAL_C | USV: 15/15 (avail=0 int=15 lock=0 frz=0) | UAV: air=15 rtb=0 chg=0 loiter=0 | TRACKS: vis=29 lost=0 engaged=0 | TOP: black_usv20(x209,516) black_usv12(x209,824) black_usv14(x210,063) | KILL=0 | ACTIONS=30 | INTENT: focus=2 ratio=0.20
[t=5,478s] step=170 | MISSION=NORMAL_C | USV: 15/15 (avail=0 int=15 lock=0 frz=0) | UAV: air=15 rtb=0 chg=0 loiter=0 | TRACKS: vis=29 lost=0 engaged=0 | TOP: black_usv20(x206,267) black_usv12(x206,646) black_usv14(x206,898) | KILL=0 | ACTIONS=30 | INTENT: focus=2 ratio=0.20
[t=5,820s] step=180 | MISSION=NORMAL_C | USV: 15/15 (avail=0 int=15 lock=0 frz=0) | UAV: air=15 rtb=0 chg=0 loiter=0 | TRACKS: vis=28 lost=1 engaged=0 | TOP: black_usv20(x202,847) black_usv12(x203,226) black_usv14(x203,478) | KILL=0 | ACTIONS=30 | INTENT: focus=2 ratio=0.20
[t=6,170s] step=190 | MISSION=NORMAL_C | USV: 15/15 (avail=0 int=15 lock=0 frz=0) | UAV: air=15 rtb=0 chg=0 loiter=0 | TRACKS: vis=27 lost=1 engaged=0 | TOP: black_usv25(x200,460) black_usv14(x199,979) black_usv12(x199,730) | KILL=0 | ACTIONS=30 | INTENT: focus=2 ratio=0.20
[t=6,504s] step=200 | MISSION=NORMAL_C | USV: 15/15 (avail=0 int=15 lock=0 frz=0) | UAV: air=15 rtb=0 chg=0 loiter=0 | TRACKS: vis=27 lost=1 engaged=0 | TOP: black_usv12(x196,390) black_usv14(x196,639) black_usv29(x205,164) | KILL=0 | ACTIONS=30 | INTENT: focus=2 ratio=0.20
      [DETECT] black_usv2
[t=6,826s] step=210 | MISSION=NORMAL_C | USV: 15/15 (avail=0 int=15 lock=0 frz=0) | UAV: air=15 rtb=0 chg=0 loiter=0 | TRACKS: vis=25 lost=3 engaged=0 | TOP: black_usv12(x193,165) black_usv14(x193,414) black_usv2(x208,768) | KILL=0 | ACTIONS=30 | INTENT: focus=2 ratio=0.20
      [DETECT] black_usv30
[t=7,146s] step=220 | MISSION=NORMAL_C | USV: 15/15 (avail=0 int=15 lock=0 frz=0) | UAV: air=15 rtb=0 chg=0 loiter=0 | TRACKS: vis=28 lost=1 engaged=0 | TOP: black_usv12(x189,995) black_usv14(x190,219) black_usv2(x205,568) | KILL=0 | ACTIONS=30 | INTENT: focus=2 ratio=0.20
      [ASSIGN] white_usv3->black_usv15(机会锁定)
      [ASSIGN] white_usv8->black_usv17(机会锁定)
      [ASSIGN] white_usv4->black_usv15(机会锁定)
      [ASSIGN] white_usv9->black_usv16(机会锁定)
      [ASSIGN] white_usv10->black_usv16(机会锁定)
      [ASSIGN] white_usv12->black_usv21(机会锁定)
      [ASSIGN] white_usv14->black_usv21(机会锁定)
      [ASSIGN] white_usv2->black_usv15(机会锁定)
      [ASSIGN] white_usv15->black_usv21(机会锁定)
      [ASSIGN] white_usv6->black_usv21(机会锁定)
[t=7,486s] step=230 | MISSION=NORMAL_C | USV: 15/15 (avail=0 int=2 lock=13 frz=0) | UAV: air=15 rtb=0 chg=0 loiter=0 | TRACKS: vis=27 lost=2 engaged=4 | TOP: black_usv14(x186,819) black_usv2(x202,170) black_usv29(x196,936) | KILL=0 | ACTIONS=30 | INTENT: focus=2 ratio=0.20
      [ASSIGN] white_usv5->black_usv14(机会锁定)
      [ASSIGN] white_usv3->black_usv18(机会锁定)
      [ASSIGN] white_usv8->black_usv18(机会锁定)
      [ASSIGN] white_usv4->black_usv18(机会锁定)
      [ASSIGN] white_usv7->black_usv18(机会锁定)
      [ASSIGN] white_usv9->black_usv17(机会锁定)
      [ASSIGN] white_usv11->black_usv17(机会锁定)
      [ASSIGN] white_usv1->black_usv12(机会锁定)
      [ASSIGN] white_usv10->black_usv17(机会锁定)
      [ASSIGN] white_usv2->black_usv17(机会锁定)
      [ASSIGN] white_usv12->black_usv16(机会锁定)
      [ASSIGN] white_usv15->black_usv16(机会锁定)
      [ASSIGN] white_usv14->black_usv22(机会锁定)
      [ASSIGN] white_usv13->black_usv22(机会锁定)
      [ASSIGN] white_usv6->black_usv22(机会锁定)
[t=7,830s] step=240 | MISSION=NORMAL_C | USV: 15/15 (avail=0 int=0 lock=15 frz=0) | UAV: air=15 rtb=0 chg=0 loiter=0 | TRACKS: vis=26 lost=3 engaged=6 | TOP: black_usv15(x183,523) black_usv2(x198,731) black_usv8(x186,985) | KILL=2 | ACTIONS=30 | INTENT: focus=2 ratio=0.20
      [ASSIGN] white_usv5->black_usv15(机会锁定)
      [ASSIGN] white_usv5->black_usv14(机会锁定)
      [ASSIGN] white_usv3->black_usv14(机会锁定)
      [ASSIGN] white_usv8->black_usv19(机会锁定)
      [ASSIGN] white_usv4->black_usv14(机会锁定)
      [ASSIGN] white_usv7->black_usv14(机会锁定)
      [ASSIGN] white_usv9->black_usv18(机会锁定)
      [ASSIGN] white_usv11->black_usv18(机会锁定)
      [ASSIGN] white_usv10->black_usv18(机会锁定)
      [ASSIGN] white_usv2->black_usv18(机会锁定)
      [ASSIGN] white_usv9->black_usv17(机会锁定)
      [ASSIGN] white_usv12->black_usv20(机会锁定)
      [ASSIGN] white_usv11->black_usv17(机会锁定)
      [ASSIGN] white_usv1->black_usv15(机会锁定)
      [ASSIGN] white_usv10->black_usv17(机会锁定)
      [ASSIGN] white_usv2->black_usv17(机会锁定)
      [ASSIGN] white_usv9->black_usv18(机会锁定)
      [ASSIGN] white_usv15->black_usv18(机会锁定)
      [ASSIGN] white_usv11->black_usv18(机会锁定)
      [ASSIGN] white_usv14->black_usv21(机会锁定)
      [ASSIGN] white_usv1->black_usv12(机会锁定)
      [ASSIGN] white_usv10->black_usv18(机会锁定)
      [ASSIGN] white_usv13->black_usv25(机会锁定)
      [ASSIGN] white_usv2->black_usv18(机会锁定)
      [ASSIGN] white_usv6->black_usv21(机会锁定)
      [DETECT] black_usv1
      [ASSIGN] white_usv9->black_usv16(机会锁定)
      [ASSIGN] white_usv15->black_usv22(机会锁定)
      [ASSIGN] white_usv11->black_usv16(机会锁定)
      [ASSIGN] white_usv14->black_usv22(机会锁定)
      [ASSIGN] white_usv10->black_usv16(机会锁定)
      [ASSIGN] white_usv2->black_usv16(机会锁定)
      [ASSIGN] white_usv6->black_usv22(机会锁定)
[t=8,184s] step=250 | MISSION=NORMAL_C | USV: 15/15 (avail=0 int=7 lock=8 frz=0) | UAV: air=15 rtb=0 chg=0 loiter=0 | TRACKS: vis=29 lost=1 engaged=5 | TOP: black_usv15(x183,523) black_usv2(x195,191) black_usv1(x197,952) | KILL=6 | ACTIONS=30 | INTENT: focus=2 ratio=0.20
      [ASSIGN] white_usv9->black_usv18(机会锁定)
      [ASSIGN] white_usv15->black_usv18(机会锁定)
      [ASSIGN] white_usv11->black_usv18(机会锁定)
      [ASSIGN] white_usv14->black_usv21(机会锁定)
      [ASSIGN] white_usv10->black_usv18(机会锁定)
      [ASSIGN] white_usv2->black_usv18(机会锁定)
      [ASSIGN] white_usv6->black_usv23(机会锁定)
      [ASSIGN] white_usv9->black_usv16(机会锁定)
      [ASSIGN] white_usv15->black_usv22(机会锁定)
      [ASSIGN] white_usv11->black_usv22(机会锁定)
      [ASSIGN] white_usv14->black_usv22(机会锁定)
      [ASSIGN] white_usv10->black_usv16(机会锁定)
      [ASSIGN] white_usv2->black_usv16(机会锁定)
      [ASSIGN] white_usv9->black_usv18(机会锁定)
      [ASSIGN] white_usv15->black_usv18(机会锁定)
      [ASSIGN] white_usv11->black_usv18(机会锁定)
      [ASSIGN] white_usv14->black_usv18(机会锁定)
      [ASSIGN] white_usv10->black_usv18(机会锁定)
      [ASSIGN] white_usv2->black_usv18(机会锁定)
      [KILL] black_usv15
      [ASSIGN] white_usv5->black_usv13(机会锁定)
      [ASSIGN] white_usv3->black_usv13(机会锁定)
      [ASSIGN] white_usv8->black_usv16(机会锁定)
      [ASSIGN] white_usv9->black_usv16(机会锁定)
      [ASSIGN] white_usv15->black_usv22(机会锁定)
      [ASSIGN] white_usv11->black_usv22(机会锁定)
      [ASSIGN] white_usv14->black_usv22(机会锁定)
      [ASSIGN] white_usv4->black_usv13(机会锁定)
      [ASSIGN] white_usv7->black_usv16(机会锁定)
      [ASSIGN] white_usv10->black_usv16(机会锁定)
      [ASSIGN] white_usv2->black_usv16(机会锁定)
      [KILL] black_usv21
      [ASSIGN] white_usv8->black_usv19(机会锁定)
      [ASSIGN] white_usv9->black_usv19(机会锁定)
      [ASSIGN] white_usv15->black_usv19(机会锁定)
      [ASSIGN] white_usv11->black_usv19(机会锁定)
      [ASSIGN] white_usv14->black_usv19(机会锁定)
      [ASSIGN] white_usv7->black_usv19(机会锁定)
      [ASSIGN] white_usv10->black_usv19(机会锁定)
      [ASSIGN] white_usv2->black_usv19(机会锁定)
      [ASSIGN] white_usv12->black_usv22(机会锁定)
      [ASSIGN] white_usv12->black_usv20(机会锁定)
      [ASSIGN] white_usv1->black_usv11(机会锁定)
      [ASSIGN] white_usv13->black_usv20(机会锁定)
      [ASSIGN] white_usv6->black_usv22(机会锁定)
      [ASSIGN] white_usv6->black_usv23(机会锁定)
[t=8,598s] step=260 | MISSION=NORMAL_C | USV: 14/15 (avail=0 int=1 lock=13 frz=0) | UAV: air=15 rtb=0 chg=0 loiter=0 | TRACKS: vis=24 lost=2 engaged=4 | TOP: black_usv14(x181,319) black_usv1(x193,812) black_usv4(x183,840) | KILL=7 | ACTIONS=29 | INTENT: focus=2 ratio=0.20
      [KILL] black_usv18
      [KILL] black_usv17
      [ASSIGN] white_usv5->black_usv12(机会锁定)
      [ASSIGN] white_usv3->black_usv12(机会锁定)
      [KILL] black_usv16
      [ASSIGN] white_usv8->black_usv14(机会锁定)
      [KILL] black_usv22
      [ASSIGN] white_usv8->black_usv13(机会锁定)
      [ASSIGN] white_usv15->black_usv25(机会锁定)
      [ASSIGN] white_usv11->black_usv13(机会锁定)
      [ASSIGN] white_usv14->black_usv25(机会锁定)
      [ASSIGN] white_usv10->black_usv13(机会锁定)
      [ASSIGN] white_usv2->black_usv13(机会锁定)
      [ASSIGN] white_usv8->black_usv19(机会锁定)
      [ASSIGN] white_usv11->black_usv19(机会锁定)
      [ASSIGN] white_usv10->black_usv19(机会锁定)
      [ASSIGN] white_usv2->black_usv19(机会锁定)
      [ASSIGN] white_usv8->black_usv13(机会锁定)
      [ASSIGN] white_usv12->black_usv23(机会锁定)
      [ASSIGN] white_usv11->black_usv23(机会锁定)
      [ASSIGN] white_usv1->black_usv13(机会锁定)
      [ASSIGN] white_usv10->black_usv13(机会锁定)
      [ASSIGN] white_usv13->black_usv24(机会锁定)
      [ASSIGN] white_usv2->black_usv13(机会锁定)
      [ASSIGN] white_usv8->black_usv19(机会锁定)
      [ASSIGN] white_usv1->black_usv11(机会锁定)
      [ASSIGN] white_usv10->black_usv19(机会锁定)
      [ASSIGN] white_usv2->black_usv19(机会锁定)
      [ASSIGN] white_usv8->black_usv20(机会锁定)
      [ASSIGN] white_usv10->black_usv20(机会锁定)
      [ASSIGN] white_usv2->black_usv20(机会锁定)
      [ASSIGN] white_usv8->black_usv19(机会锁定)
      [ASSIGN] white_usv12->black_usv19(机会锁定)
      [ASSIGN] white_usv11->black_usv19(机会锁定)
      [ASSIGN] white_usv10->black_usv19(机会锁定)
      [ASSIGN] white_usv2->black_usv19(机会锁定)
      [ASSIGN] white_usv6->black_usv19(机会锁定)
      [KILL] black_usv14
      [ASSIGN] white_usv5->black_usv13(机会锁定)
      [ASSIGN] white_usv3->black_usv13(机会锁定)
      [ASSIGN] white_usv8->black_usv20(机会锁定)
      [ASSIGN] white_usv12->black_usv20(机会锁定)
      [ASSIGN] white_usv11->black_usv20(机会锁定)
      [ASSIGN] white_usv10->black_usv20(机会锁定)
      [ASSIGN] white_usv2->black_usv20(机会锁定)
      [ASSIGN] white_usv6->black_usv20(机会锁定)
[t=8,991s] step=270 | MISSION=NORMAL_C | USV: 12/15 (avail=0 int=8 lock=4 frz=0) | UAV: air=15 rtb=0 chg=0 loiter=0 | TRACKS: vis=20 lost=0 engaged=3 | TOP: black_usv4(x179,949) black_usv6(x180,915) black_usv2(x189,433) | KILL=12 | ACTIONS=27 | INTENT: focus=2 ratio=0.20
      [ASSIGN] white_usv5->black_usv12(机会锁定)
      [ASSIGN] white_usv3->black_usv12(机会锁定)
      [ASSIGN] white_usv8->black_usv19(机会锁定)
      [ASSIGN] white_usv12->black_usv19(机会锁定)
      [ASSIGN] white_usv11->black_usv19(机会锁定)
      [ASSIGN] white_usv10->black_usv19(机会锁定)
      [ASSIGN] white_usv2->black_usv12(机会锁定)
      [ASSIGN] white_usv6->black_usv23(机会锁定)
      [ASSIGN] white_usv5->black_usv13(机会锁定)
      [ASSIGN] white_usv3->black_usv13(机会锁定)
      [ASSIGN] white_usv8->black_usv20(机会锁定)
      [ASSIGN] white_usv12->black_usv20(机会锁定)
      [ASSIGN] white_usv15->black_usv20(机会锁定)
      [ASSIGN] white_usv11->black_usv20(机会锁定)
      [ASSIGN] white_usv14->black_usv20(机会锁定)
      [ASSIGN] white_usv6->black_usv20(机会锁定)
      [ASSIGN] white_usv5->black_usv10(机会锁定)
      [ASSIGN] white_usv3->black_usv12(机会锁定)
      [ASSIGN] white_usv8->black_usv23(机会锁定)
      [ASSIGN] white_usv12->black_usv25(机会锁定)
      [ASSIGN] white_usv15->black_usv25(机会锁定)
      [ASSIGN] white_usv11->black_usv23(机会锁定)
      [ASSIGN] white_usv14->black_usv25(机会锁定)
      [ASSIGN] white_usv6->black_usv25(机会锁定)
      [ASSIGN] white_usv3->black_usv11(机会锁定)
      [ASSIGN] white_usv8->black_usv20(机会锁定)
      [ASSIGN] white_usv12->black_usv20(机会锁定)
      [ASSIGN] white_usv15->black_usv20(机会锁定)
      [ASSIGN] white_usv11->black_usv20(机会锁定)
      [ASSIGN] white_usv14->black_usv20(机会锁定)
      [ASSIGN] white_usv13->black_usv26(机会锁定)
      [ASSIGN] white_usv6->black_usv20(机会锁定)
      [ASSIGN] white_usv3->black_usv12(机会锁定)
      [ASSIGN] white_usv8->black_usv13(机会锁定)
      [ASSIGN] white_usv12->black_usv23(机会锁定)
      [ASSIGN] white_usv15->black_usv25(机会锁定)
      [ASSIGN] white_usv11->black_usv23(机会锁定)
      [ASSIGN] white_usv14->black_usv25(机会锁定)
      [ASSIGN] white_usv1->black_usv13(机会锁定)
      [ASSIGN] white_usv6->black_usv25(机会锁定)
      [ASSIGN] white_usv12->black_usv20(机会锁定)
      [ASSIGN] white_usv15->black_usv20(机会锁定)
      [ASSIGN] white_usv11->black_usv20(机会锁定)
      [ASSIGN] white_usv14->black_usv20(机会锁定)
      [ASSIGN] white_usv1->black_usv11(机会锁定)
      [ASSIGN] white_usv10->black_usv20(机会锁定)
      [ASSIGN] white_usv6->black_usv20(机会锁定)
      [DETECT] black_usv29
      [KILL] black_usv13
      [ASSIGN] white_usv12->black_usv23(机会锁定)
      [ASSIGN] white_usv15->black_usv25(机会锁定)
      [ASSIGN] white_usv11->black_usv19(机会锁定)
      [ASSIGN] white_usv14->black_usv19(机会锁定)
      [ASSIGN] white_usv1->black_usv8(机会锁定)
      [ASSIGN] white_usv10->black_usv19(机会锁定)
      [ASSIGN] white_usv6->black_usv25(机会锁定)
      [ASSIGN] white_usv12->black_usv20(机会锁定)
      [ASSIGN] white_usv15->black_usv20(机会锁定)
      [ASSIGN] white_usv11->black_usv20(机会锁定)
      [ASSIGN] white_usv14->black_usv20(机会锁定)
      [ASSIGN] white_usv1->black_usv11(机会锁定)
      [ASSIGN] white_usv10->black_usv20(机会锁定)
      [ASSIGN] white_usv6->black_usv20(机会锁定)
      [KILL] black_usv19
      [ASSIGN] white_usv12->black_usv23(机会锁定)
      [ASSIGN] white_usv15->black_usv25(机会锁定)
      [ASSIGN] white_usv11->black_usv23(机会锁定)
      [ASSIGN] white_usv14->black_usv25(机会锁定)
      [ASSIGN] white_usv1->black_usv8(机会锁定)
      [ASSIGN] white_usv10->black_usv23(机会锁定)
      [ASSIGN] white_usv2->black_usv11(机会锁定)
      [ASSIGN] white_usv6->black_usv25(机会锁定)
      [ASSIGN] white_usv12->black_usv20(机会锁定)
      [ASSIGN] white_usv15->black_usv20(机会锁定)
      [ASSIGN] white_usv11->black_usv20(机会锁定)
      [ASSIGN] white_usv14->black_usv20(机会锁定)
      [ASSIGN] white_usv1->black_usv12(机会锁定)
      [ASSIGN] white_usv10->black_usv20(机会锁定)
      [ASSIGN] white_usv2->black_usv12(机会锁定)
      [ASSIGN] white_usv6->black_usv20(机会锁定)
[t=9,372s] step=280 | MISSION=NORMAL_C | USV: 11/15 (avail=0 int=9 lock=2 frz=0) | UAV: air=15 rtb=0 chg=0 loiter=0 | TRACKS: vis=18 lost=1 engaged=2 | TOP: black_usv4(x176,160) black_usv29(x182,346) black_usv2(x187,121) | KILL=14 | ACTIONS=26 | INTENT: focus=2 ratio=0.20
      [ASSIGN] white_usv3->black_usv11(机会锁定)
      [ASSIGN] white_usv12->black_usv23(机会锁定)
      [ASSIGN] white_usv15->black_usv25(机会锁定)
      [ASSIGN] white_usv11->black_usv23(机会锁定)
      [ASSIGN] white_usv1->black_usv11(机会锁定)
      [ASSIGN] white_usv10->black_usv11(机会锁定)
      [ASSIGN] white_usv2->black_usv11(机会锁定)
      [ASSIGN] white_usv6->black_usv25(机会锁定)
      [KILL] black_usv20
      [ASSIGN] white_usv5->black_usv12(机会锁定)
      [ASSIGN] white_usv3->black_usv12(机会锁定)
      [ASSIGN] white_usv12->black_usv24(机会锁定)
      [ASSIGN] white_usv15->black_usv24(机会锁定)
      [ASSIGN] white_usv11->black_usv24(机会锁定)
      [RELEASE] white_usv14->black_usv20(目标失效)
      [ASSIGN] white_usv1->black_usv12(机会锁定)
      [ASSIGN] white_usv10->black_usv12(机会锁定)
      [ASSIGN] white_usv2->black_usv12(机会锁定)
      [ASSIGN] white_usv6->black_usv24(机会锁定)
      [ASSIGN] white_usv5->black_usv10(机会锁定)
      [ASSIGN] white_usv3->black_usv10(机会锁定)
      [ASSIGN] white_usv14->black_usv29
      [ASSIGN] white_usv1->black_usv10(机会锁定)
      [ASSIGN] white_usv10->black_usv11(机会锁定)
      [ASSIGN] white_usv13->black_usv25(机会锁定)
      [ASSIGN] white_usv2->black_usv10(机会锁定)
      [ASSIGN] white_usv10->black_usv12(机会锁定)
      [ASSIGN] white_usv13->black_usv26(机会锁定)
      [KILL] black_usv23
      [ASSIGN] white_usv10->black_usv11(机会锁定)
      [KILL] black_usv12
      [ASSIGN] white_usv10->black_usv25(机会锁定)
      [ASSIGN] white_usv14->black_usv25(机会锁定)
      [ASSIGN] white_usv10->black_usv11(机会锁定)
      [KILL] black_usv25
      [RELEASE] white_usv14->black_usv25(目标失效)
      [ASSIGN] white_usv14->black_usv26(机会锁定)
      [ASSIGN] white_usv10->black_usv8(机会锁定)
[t=9,754s] step=290 | MISSION=NORMAL_C | USV: 8/15 (avail=0 int=0 lock=8 frz=0) | UAV: air=15 rtb=0 chg=0 loiter=0 | TRACKS: vis=10 lost=4 engaged=4 | TOP: black_usv29(x179,828) black_usv4(x172,612) black_usv9(x172,403) | KILL=14 | ACTIONS=23 | INTENT: focus=2 ratio=0.20
      [KILL] black_usv11
      [ASSIGN] white_usv5->black_usv8(机会锁定)
      [ASSIGN] white_usv3->black_usv8(机会锁定)
      [ASSIGN] white_usv1->black_usv9(机会锁定)
      [ASSIGN] white_usv2->black_usv8(机会锁定)
      [ASSIGN] white_usv13->black_usv24(机会锁定)
      [DETECT] black_usv30
      [ASSIGN] white_usv13->black_usv26(机会锁定)
      [DETECT] black_usv3
      [ASSIGN] white_usv14->black_usv24(机会锁定)
      [ASSIGN] white_usv10->black_usv10(机会锁定)
      [ASSIGN] white_usv13->black_usv24(机会锁定)
      [ASSIGN] white_usv14->black_usv26(机会锁定)
      [ASSIGN] white_usv10->black_usv7(机会锁定)
      [ASSIGN] white_usv13->black_usv26(机会锁定)
      [ASSIGN] white_usv14->black_usv24(机会锁定)
      [ASSIGN] white_usv13->black_usv24(机会锁定)
      [ASSIGN] white_usv5->black_usv10(机会锁定)
      [ASSIGN] white_usv3->black_usv10(机会锁定)
      [ASSIGN] white_usv14->black_usv26(机会锁定)
      [ASSIGN] white_usv1->black_usv10(机会锁定)
      [ASSIGN] white_usv13->black_usv26(机会锁定)
      [ASSIGN] white_usv2->black_usv10(机会锁定)
[t=10,150s] step=300 | MISSION=NORMAL_C | USV: 7/15 (avail=0 int=6 lock=1 frz=0) | UAV: air=15 rtb=0 chg=0 loiter=0 | TRACKS: vis=14 lost=0 engaged=1 | TOP: black_usv30(x178,523) black_usv3(x177,193) black_usv29(x176,103) | KILL=18 | ACTIONS=22 | INTENT: focus=2 ratio=0.20
      [ASSIGN] white_usv5->black_usv8(机会锁定)
      [ASSIGN] white_usv3->black_usv8(机会锁定)
      [ASSIGN] white_usv14->black_usv24(机会锁定)
      [ASSIGN] white_usv1->black_usv8(机会锁定)
      [ASSIGN] white_usv13->black_usv24(机会锁定)
      [ASSIGN] white_usv2->black_usv8(机会锁定)
      [ASSIGN] white_usv5->black_usv10(机会锁定)
      [ASSIGN] white_usv3->black_usv10(机会锁定)
      [ASSIGN] white_usv14->black_usv26(机会锁定)
      [ASSIGN] white_usv1->black_usv10(机会锁定)
      [ASSIGN] white_usv13->black_usv26(机会锁定)
      [ASSIGN] white_usv2->black_usv10(机会锁定)
      [ASSIGN] white_usv5->black_usv8(机会锁定)
      [ASSIGN] white_usv3->black_usv8(机会锁定)
      [ASSIGN] white_usv14->black_usv24(机会锁定)
      [ASSIGN] white_usv1->black_usv8(机会锁定)
      [ASSIGN] white_usv13->black_usv24(机会锁定)
      [ASSIGN] white_usv2->black_usv8(机会锁定)
      [ASSIGN] white_usv5->black_usv10(机会锁定)
      [ASSIGN] white_usv3->black_usv10(机会锁定)
      [ASSIGN] white_usv14->black_usv26(机会锁定)
      [ASSIGN] white_usv1->black_usv10(机会锁定)
      [ASSIGN] white_usv13->black_usv26(机会锁定)
      [ASSIGN] white_usv2->black_usv10(机会锁定)
      [ASSIGN] white_usv5->black_usv8(机会锁定)
      [ASSIGN] white_usv3->black_usv8(机会锁定)
      [ASSIGN] white_usv14->black_usv24(机会锁定)
      [ASSIGN] white_usv1->black_usv8(机会锁定)
      [ASSIGN] white_usv13->black_usv24(机会锁定)
      [ASSIGN] white_usv2->black_usv8(机会锁定)
      [KILL] black_usv24
      [ASSIGN] white_usv5->black_usv10(机会锁定)
      [ASSIGN] white_usv3->black_usv10(机会锁定)
      [RELEASE] white_usv14->black_usv24(目标失效)
      [ASSIGN] white_usv14->black_usv26(机会锁定)
      [ASSIGN] white_usv1->black_usv10(机会锁定)
      [ASSIGN] white_usv10->black_usv10(机会锁定)
      [RELEASE] white_usv13->black_usv24(目标失效)
      [ASSIGN] white_usv13->black_usv26(机会锁定)
      [ASSIGN] white_usv2->black_usv10(机会锁定)
      [KILL] black_usv10
      [RELEASE] white_usv5->black_usv10(目标失效)
      [ASSIGN] white_usv5->black_usv8(机会锁定)
      [RELEASE] white_usv3->black_usv10(目标失效)
      [ASSIGN] white_usv3->black_usv8(机会锁定)
      [ASSIGN] white_usv14->black_usv27(机会锁定)
      [RELEASE] white_usv1->black_usv10(目标失效)
      [ASSIGN] white_usv1->black_usv8(机会锁定)
      [RELEASE] white_usv10->black_usv10(目标失效)
      [ASSIGN] white_usv10->black_usv8(机会锁定)
      [ASSIGN] white_usv13->black_usv27(机会锁定)
      [RELEASE] white_usv2->black_usv10(目标失效)
      [ASSIGN] white_usv2->black_usv8(机会锁定)
      [KILL] black_usv26
      [ASSIGN] white_usv5->black_usv7(机会锁定)
      [ASSIGN] white_usv3->black_usv7(机会锁定)
      [ASSIGN] white_usv1->black_usv7(机会锁定)
      [ASSIGN] white_usv10->black_usv7(机会锁定)
      [ASSIGN] white_usv2->black_usv7(机会锁定)
[t=10,570s] step=310 | MISSION=NORMAL_C | USV: 7/15 (avail=0 int=0 lock=7 frz=0) | UAV: air=15 rtb=0 chg=0 loiter=0 | TRACKS: vis=11 lost=0 engaged=2 | TOP: black_usv3(x173,882) black_usv30(x175,260) black_usv4(x164,481) | KILL=18 | ACTIONS=22 | INTENT: focus=2 ratio=0.20
      [KILL] black_usv8
      [ASSIGN] white_usv1->black_usv9(机会锁定)
      [ASSIGN] white_usv10->black_usv9(机会锁定)
[t=10,935s] step=320 | MISSION=NORMAL_C | USV: 4/15 (avail=0 int=2 lock=2 frz=0) | UAV: air=15 rtb=0 chg=0 loiter=0 | TRACKS: vis=8 lost=2 engaged=1 | TOP: black_usv3(x171,005) black_usv30(x172,581) black_usv4(x160,946) | KILL=20 | ACTIONS=19 | INTENT: focus=2 ratio=0.20
      [ASSIGN] white_usv1->black_usv7(机会锁定)
      [ASSIGN] white_usv10->black_usv7(机会锁定)
      [ASSIGN] white_usv1->black_usv9(机会锁定)
      [ASSIGN] white_usv10->black_usv9(机会锁定)
      [ASSIGN] white_usv14->black_usv28(机会锁定)
      [ASSIGN] white_usv1->black_usv7(机会锁定)
      [ASSIGN] white_usv10->black_usv7(机会锁定)
      [ASSIGN] white_usv1->black_usv9(机会锁定)
      [ASSIGN] white_usv10->black_usv9(机会锁定)
      [KILL] black_usv27
      [ASSIGN] white_usv1->black_usv7(机会锁定)
      [ASSIGN] white_usv10->black_usv7(机会锁定)
      [RELEASE] white_usv13->black_usv27(目标失效)
      [ASSIGN] white_usv13->black_usv28(机会锁定)
[t=11,376s] step=330 | MISSION=NORMAL_C | USV: 4/15 (avail=0 int=3 lock=1 frz=0) | UAV: air=15 rtb=0 chg=0 loiter=0 | TRACKS: vis=8 lost=1 engaged=1 | TOP: black_usv3(x167,528) black_usv30(x169,345) black_usv4(x156,688) | KILL=21 | ACTIONS=19 | INTENT: focus=2 ratio=0.20
      [ASSIGN] white_usv1->black_usv9(机会锁定)
      [ASSIGN] white_usv10->black_usv9(机会锁定)
      [KILL] black_usv7
      [ASSIGN] white_usv1->black_usv6(机会锁定)
      [ASSIGN] white_usv1->black_usv9(机会锁定)
[t=11,780s] step=340 | MISSION=NORMAL_C | USV: 4/15 (avail=0 int=2 lock=2 frz=0) | UAV: air=15 rtb=0 chg=0 loiter=0 | TRACKS: vis=8 lost=0 engaged=1 | TOP: black_usv3(x164,343) black_usv30(x165,882) black_usv4(x152,648) | KILL=21 | ACTIONS=19 | INTENT: focus=2 ratio=0.20
      [KILL] black_usv9
      [RELEASE] white_usv1->black_usv9(目标失效)
      [ASSIGN] white_usv1->black_usv6(机会锁定)
      [RELEASE] white_usv10->black_usv9(目标失效)
      [ASSIGN] white_usv10->black_usv3
      [ASSIGN] white_usv10->black_usv6(机会锁定)
[t=12,216s] step=350 | MISSION=NORMAL_C | USV: 4/15 (avail=0 int=2 lock=2 frz=0) | UAV: air=15 rtb=0 chg=0 loiter=0 | TRACKS: vis=7 lost=0 engaged=1 | TOP: black_usv3(x160,667) black_usv5(x156,862) black_usv29(x157,647) | KILL=22 | ACTIONS=19 | INTENT: focus=2 ratio=0.20
      [KILL] black_usv28
      [RELEASE] white_usv14->black_usv28(目标失效)
      [RELEASE] white_usv13->black_usv28(目标失效)
      [DETECT] black_usv1
      [ASSIGN] white_usv14->black_usv3
      [ASSIGN] white_usv13->black_usv4
[t=12,656s] step=360 | MISSION=NORMAL_C | USV: 4/15 (avail=0 int=4 lock=0 frz=0) | UAV: air=15 rtb=0 chg=0 loiter=0 | TRACKS: vis=6 lost=1 engaged=0 | TOP: black_usv1(x172,227) black_usv5(x152,463) black_usv29(x153,248) | KILL=23 | ACTIONS=19 | INTENT: focus=2 ratio=0.20
      [DETECT] black_usv2
      [KILL] black_usv6
      [RELEASE] white_usv1->black_usv6(目标失效)
      [RELEASE] white_usv10->black_usv6(目标失效)
      [ASSIGN] white_usv1->black_usv2
      [ASSIGN] white_usv10->black_usv5
[t=13,092s] step=370 | MISSION=NORMAL_C | USV: 4/15 (avail=0 int=4 lock=0 frz=0) | UAV: air=15 rtb=0 chg=0 loiter=0 | TRACKS: vis=7 lost=0 engaged=0 | TOP: black_usv1(x169,282) black_usv29(x148,892) black_usv30(x154,553) | KILL=23 | ACTIONS=19 | INTENT: focus=2 ratio=0.20
      [ASSIGN] white_usv1->black_usv4(机会锁定)
      [ASSIGN] white_usv10->black_usv4(机会锁定)
[t=13,539s] step=380 | MISSION=NORMAL_C | USV: 4/15 (avail=0 int=3 lock=1 frz=0) | UAV: air=15 rtb=0 chg=0 loiter=0 | TRACKS: vis=5 lost=2 engaged=1 | TOP: black_usv2(x158,458) black_usv1(x164,812) black_usv5(x143,633) | KILL=23 | ACTIONS=19 | INTENT: focus=2 ratio=0.20
[t=14,008s] step=390 | MISSION=NORMAL_C | USV: 4/15 (avail=0 int=4 lock=0 frz=0) | UAV: air=15 rtb=0 chg=0 loiter=0 | TRACKS: vis=5 lost=1 engaged=0 | TOP: black_usv5(x138,943) black_usv29(x139,739) black_usv30(x147,744) | KILL=24 | ACTIONS=19 | INTENT: focus=2 ratio=0.20
      [KILL] black_usv4
      [RELEASE] white_usv1->black_usv4(目标失效)
      [RELEASE] white_usv10->black_usv4(目标失效)
      [RELEASE] white_usv13->black_usv4(目标失效)
      [ASSIGN] white_usv1->black_usv5
      [ASSIGN] white_usv10->black_usv30
      [ASSIGN] white_usv13->black_usv29
      [DETECT] black_usv1
[t=14,460s] step=400 | MISSION=NORMAL_C | USV: 4/15 (avail=0 int=4 lock=0 frz=0) | UAV: air=15 rtb=0 chg=0 loiter=0 | TRACKS: vis=6 lost=0 engaged=0 | TOP: black_usv1(x159,345) black_usv2(x151,981) black_usv5(x134,423) | KILL=24 | ACTIONS=19 | INTENT: focus=2 ratio=0.20
[t=14,913s] step=410 | MISSION=NORMAL_C | USV: 4/15 (avail=0 int=3 lock=1 frz=0) | UAV: air=15 rtb=0 chg=0 loiter=0 | TRACKS: vis=3 lost=3 engaged=1 | TOP: black_usv1(x156,805) black_usv5(x129,895) black_usv2(x147,696) | KILL=24 | ACTIONS=19 | INTENT: focus=2 ratio=0.20
[t=15,398s] step=420 | MISSION=NORMAL_C | USV: 4/15 (avail=0 int=3 lock=1 frz=0) | UAV: air=15 rtb=0 chg=0 loiter=0 | TRACKS: vis=6 lost=0 engaged=1 | TOP: black_usv1(x154,086) black_usv2(x143,553) black_usv5(x128,063) | KILL=24 | ACTIONS=19 | INTENT: focus=2 ratio=0.20
      [ASSIGN] white_usv14->black_usv5(机会锁定)
[t=15,888s] step=430 | MISSION=NORMAL_C | USV: 4/15 (avail=0 int=4 lock=0 frz=0) | UAV: air=15 rtb=0 chg=0 loiter=0 | TRACKS: vis=5 lost=1 engaged=0 | TOP: black_usv1(x151,338) black_usv3(x127,281) black_usv2(x141,012) | KILL=25 | ACTIONS=19 | INTENT: focus=2 ratio=0.20
      [KILL] black_usv5
      [RELEASE] white_usv14->black_usv5(目标失效)
      [RELEASE] white_usv1->black_usv5(目标失效)
      [ASSIGN] white_usv14->black_usv1
      [ASSIGN] white_usv1->black_usv3
[t=16,389s] step=440 | MISSION=NORMAL_C | USV: 4/15 (avail=0 int=4 lock=0 frz=0) | UAV: air=15 rtb=0 chg=0 loiter=0 | TRACKS: vis=3 lost=2 engaged=0 | TOP: black_usv2(x138,817) black_usv1(x148,529) black_usv30(x125,956) | KILL=25 | ACTIONS=19 | INTENT: focus=2 ratio=0.20
[t=16,877s] step=450 | MISSION=NORMAL_C | USV: 4/15 (avail=0 int=4 lock=0 frz=0) | UAV: air=15 rtb=0 chg=0 loiter=0 | TRACKS: vis=3 lost=2 engaged=0 | TOP: black_usv2(x136,319) black_usv1(x144,918) black_usv29(x118,528) | KILL=25 | ACTIONS=19 | INTENT: focus=2 ratio=0.20
      [RELEASE] white_usv10->black_usv30(目标失效)
      [ASSIGN] white_usv10->black_usv2
[t=17,382s] step=460 | MISSION=NORMAL_C | USV: 4/15 (avail=0 int=2 lock=2 frz=0) | UAV: air=15 rtb=0 chg=0 loiter=0 | TRACKS: vis=4 lost=0 engaged=2 | TOP: black_usv3(x114,535) black_usv29(x116,122) black_usv2(x132,755) | KILL=25 | ACTIONS=19 | INTENT: focus=2 ratio=0.20
      [ASSIGN] white_usv14->black_usv3(机会锁定)
[t=17,885s] step=470 | MISSION=NORMAL_C | USV: 4/15 (avail=0 int=2 lock=2 frz=0) | UAV: air=15 rtb=0 chg=0 loiter=0 | TRACKS: vis=4 lost=0 engaged=1 | TOP: black_usv1(x140,797) black_usv3(x111,815) black_usv29(x115,935) | KILL=26 | ACTIONS=19 | INTENT: focus=2 ratio=0.20
      [KILL] black_usv29
      [RELEASE] white_usv13->black_usv29(目标失效)
      [KILL] black_usv3
      [RELEASE] white_usv14->black_usv3(目标失效)
      [RELEASE] white_usv1->black_usv3(目标失效)
      [ASSIGN] white_usv13->black_usv1
      [ASSIGN] white_usv14->black_usv2
      [ASSIGN] white_usv1->black_usv1
[t=18,438s] step=480 | MISSION=NORMAL_C | USV: 4/15 (avail=0 int=4 lock=0 frz=0) | UAV: air=15 rtb=0 chg=0 loiter=0 | TRACKS: vis=2 lost=0 engaged=0 | TOP: black_usv2(x123,477) black_usv1(x138,065) | KILL=27 | ACTIONS=19 | INTENT: focus=2 ratio=0.20
[t=18,981s] step=490 | MISSION=NORMAL_C | USV: 4/15 (avail=0 int=4 lock=0 frz=0) | UAV: air=15 rtb=0 chg=0 loiter=0 | TRACKS: vis=1 lost=1 engaged=0 | TOP: black_usv2(x118,162) black_usv1(x134,114) | KILL=27 | ACTIONS=19 | INTENT: focus=2 ratio=0.20
      [RELEASE] white_usv1->black_usv1(目标失效)
      [ASSIGN] white_usv1->black_usv2(机会锁定)
      [RELEASE] white_usv13->black_usv1(目标失效)
[t=19,508s] step=500 | MISSION=NORMAL_C | USV: 4/15 (avail=1 int=2 lock=1 frz=0) | UAV: air=15 rtb=0 chg=0 loiter=0 | TRACKS: vis=1 lost=0 engaged=1 | TOP: black_usv2(x115,386) | KILL=27 | ACTIONS=19 | INTENT: focus=2 ratio=0.20
[t=20,054s] step=510 | MISSION=NORMAL_C | USV: 4/15 (avail=1 int=3 lock=0 frz=0) | UAV: air=15 rtb=0 chg=0 loiter=0 | TRACKS: vis=1 lost=0 engaged=0 | TOP: black_usv2(x114,680) | KILL=28 | ACTIONS=19 | INTENT: focus=2 ratio=0.20
      [KILL] black_usv2
      [RELEASE] white_usv14->black_usv2(目标失效)
      [RELEASE] white_usv1->black_usv2(目标失效)
      [RELEASE] white_usv10->black_usv2(目标失效)
[t=20,622s] step=520 | MISSION=GLOBAL_R | USV: 4/15 (avail=4 int=0 lock=0 frz=0) | UAV: air=15 rtb=0 chg=0 loiter=0 | TRACKS: vis=0 lost=0 engaged=0 | TOP:  | KILL=28 | ACTIONS=19 | INTENT: focus=2 ratio=0.20
      [DETECT] black_usv1
      [ASSIGN] white_usv14->black_usv1
      [ASSIGN] white_usv1->black_usv1
      [ASSIGN] white_usv10->black_usv1
      [RELEASE] white_usv14->black_usv1(目标失效)
      [RELEASE] white_usv1->black_usv1(目标失效)
      [RELEASE] white_usv10->black_usv1(目标失效)
[t=21,191s] step=530 | MISSION=NORMAL_C | USV: 4/15 (avail=1 int=3 lock=0 frz=0) | UAV: air=15 rtb=0 chg=0 loiter=0 | TRACKS: vis=0 lost=0 engaged=0 | TOP:  | KILL=28 | ACTIONS=19 | INTENT: focus=2 ratio=0.20
      [DETECT] black_usv1
      [ASSIGN] white_usv14->black_usv1
      [ASSIGN] white_usv1->black_usv1
      [ASSIGN] white_usv10->black_usv1
[t=21,752s] step=540 | MISSION=NORMAL_C | USV: 4/15 (avail=1 int=2 lock=1 frz=0) | UAV: air=15 rtb=0 chg=0 loiter=0 | TRACKS: vis=1 lost=0 engaged=1 | TOP: black_usv1(x110,631) | KILL=28 | ACTIONS=19 | INTENT: focus=2 ratio=0.20
[t=22,347s] step=550 | MISSION=NORMAL_C | USV: 4/15 (avail=1 int=3 lock=0 frz=0) | UAV: air=15 rtb=0 chg=0 loiter=0 | TRACKS: vis=1 lost=0 engaged=0 | TOP: black_usv1(x109,930) | KILL=29 | ACTIONS=19 | INTENT: focus=2 ratio=0.20
      [KILL] black_usv1
      [RELEASE] white_usv14->black_usv1(目标失效)
      [RELEASE] white_usv1->black_usv1(目标失效)
      [RELEASE] white_usv10->black_usv1(目标失效)
[t=22,961s] step=560 | MISSION=GLOBAL_R | USV: 4/15 (avail=4 int=0 lock=0 frz=0) | UAV: air=15 rtb=0 chg=0 loiter=0 | TRACKS: vis=0 lost=0 engaged=0 | TOP:  | KILL=29 | ACTIONS=19 | INTENT: focus=2 ratio=0.20
      [UAV RTB] white_uav13(电量1819<1560+300)
      [UAV RTB] white_uav15(电量1693<1409+300)
      [UAV RTB] white_uav14(电量1570<1279+300)
[t=23,568s] step=570 | MISSION=GLOBAL_R | USV: 4/15 (avail=4 int=0 lock=0 frz=0) | UAV: air=12 rtb=3 chg=0 loiter=0 | TRACKS: vis=0 lost=0 engaged=0 | TOP:  | KILL=29 | ACTIONS=19 | INTENT: focus=2 ratio=0.20
      [UAV RTB] white_uav2(电量826<607+300)
      [UAV RTB] white_uav8(电量828<585+300)
      [UAV RTB] white_uav11(电量829<589+300)
[t=24,189s] step=580 | MISSION=GLOBAL_R | USV: 4/15 (avail=4 int=0 lock=0 frz=0) | UAV: air=9 rtb=6 chg=0 loiter=0 | TRACKS: vis=0 lost=0 engaged=0 | TOP:  | KILL=29 | ACTIONS=19 | INTENT: focus=2 ratio=0.20
      [UAV RTB] white_uav7(电量774<526+300)
      [UAV RTB] white_uav9(电量715<417+300)
      [UAV RTB] white_uav1(电量581<288+300)
      [UAV RTB] white_uav10(电量582<321+300)
      [UAV RTB] white_uav12(电量584<311+300)
      [UAV RTB] white_uav5(电量517<250+300)
      [UAV RTB] white_uav4(电量520<277+300)
      [UAV RTB] white_uav3(电量455<184+300)
      [UAV RTB] white_uav6(电量462<176+300)
      [UAV LAND] white_uav8->white_usv13
      [UAV LAND] white_uav14->white_usv1
      [UAV LAND] white_uav3->white_usv1
      [UAV LAND] white_uav5->white_usv14
      [UAV RTB] white_uav8(电量217<44+300)
      [UAV LAND] white_uav11->white_usv10
      [UAV RTB] white_uav14(电量218<17+300)
      [UAV LAND] white_uav14->white_usv1
      [UAV LAND] white_uav4->white_usv10
      [UAV LAND] white_uav13->white_usv1
      [UAV LAND] white_uav6->white_usv10
      [UAV LAND] white_uav12->white_usv10
      [UAV LAND] white_uav15->white_usv14
[t=24,800s] step=590 | MISSION=GLOBAL_R | USV: 4/15 (avail=4 int=0 lock=0 frz=0) | UAV: air=0 rtb=6 chg=9 loiter=0 | TRACKS: vis=0 lost=0 engaged=0 | TOP:  | KILL=29 | ACTIONS=19 | INTENT: focus=2 ratio=0.20
      [UAV RTB] white_uav3(电量136<14+300)
      [UAV LAND] white_uav3->white_usv14
      [UAV RTB] white_uav5(电量138<15+300)
      [UAV LAND] white_uav5->white_usv14
      [UAV LAND] white_uav8->white_usv13
      [UAV RTB] white_uav11(电量140<19+300)
      [UAV LAND] white_uav11->white_usv10
      [UAV RTB] white_uav14(电量140<16+300)
      [UAV LAND] white_uav14->white_usv1
      [UAV RTB] white_uav4(电量141<22+300)
      [UAV RTB] white_uav13(电量142<24+300)
      [UAV RTB] white_uav6(电量143<41+300)
      [UAV LAND] white_uav9->white_usv13
      [UAV RTB] white_uav12(电量144<48+300)
      [UAV RTB] white_uav15(电量145<58+300)
      [UAV RTB] white_uav3(电量58<10+300)
      [UAV LAND] white_uav3->white_usv14
      [UAV RTB] white_uav5(电量60<24+300)
      [UAV RTB] white_uav8(电量61<6+300)
      [UAV LAND] white_uav8->white_usv13
      [UAV RTB] white_uav11(电量62<18+300)
      [UAV LAND] white_uav11->white_usv10
      [UAV RTB] white_uav14(电量62<16+300)
      [UAV LAND] white_uav14->white_usv1
      [UAV LAND] white_uav13->white_usv1
      [UAV LAND] white_uav6->white_usv10
      [UAV RTB] white_uav9(电量65<20+300)
      [UAV LAND] white_uav9->white_usv13
      [UAV LAND] white_uav12->white_usv10
      [UAV LAND] white_uav15->white_usv14
[t=26,040s] step=600 | MISSION=GLOBAL_R | USV: 4/15 (avail=4 int=0 lock=0 frz=0) | UAV: air=0 rtb=0 chg=0 loiter=0 | TRACKS: vis=0 lost=0 engaged=0 | TOP:  | KILL=29 | ACTIONS=4 | INTENT: focus=2 ratio=0.20
[t=27,435s] step=610 | MISSION=GLOBAL_R | USV: 4/15 (avail=4 int=0 lock=0 frz=0) | UAV: air=0 rtb=0 chg=0 loiter=0 | TRACKS: vis=0 lost=0 engaged=0 | TOP:  | KILL=29 | ACTIONS=4 | INTENT: focus=2 ratio=0.20
[t=28,886s] step=620 | MISSION=GLOBAL_R | USV: 4/15 (avail=4 int=0 lock=0 frz=0) | UAV: air=0 rtb=0 chg=0 loiter=0 | TRACKS: vis=0 lost=0 engaged=0 | TOP:  | KILL=29 | ACTIONS=4 | INTENT: focus=2 ratio=0.20
[t=30,281s] step=630 | MISSION=GLOBAL_R | USV: 4/15 (avail=4 int=0 lock=0 frz=0) | UAV: air=0 rtb=0 chg=0 loiter=0 | TRACKS: vis=0 lost=0 engaged=0 | TOP:  | KILL=29 | ACTIONS=4 | INTENT: focus=2 ratio=0.20
[t=31,657s] step=640 | MISSION=GLOBAL_R | USV: 4/15 (avail=4 int=0 lock=0 frz=0) | UAV: air=0 rtb=0 chg=0 loiter=0 | TRACKS: vis=0 lost=0 engaged=0 | TOP:  | KILL=29 | ACTIONS=4 | INTENT: focus=2 ratio=0.20
[t=33,014s] step=650 | MISSION=GLOBAL_R | USV: 4/15 (avail=4 int=0 lock=0 frz=0) | UAV: air=0 rtb=0 chg=0 loiter=0 | TRACKS: vis=0 lost=0 engaged=0 | TOP:  | KILL=29 | ACTIONS=4 | INTENT: focus=2 ratio=0.20
[t=34,405s] step=660 | MISSION=GLOBAL_R | USV: 4/15 (avail=4 int=0 lock=0 frz=0) | UAV: air=0 rtb=0 chg=0 loiter=0 | TRACKS: vis=0 lost=0 engaged=0 | TOP:  | KILL=29 | ACTIONS=4 | INTENT: focus=2 ratio=0.20
[t=35,788s] step=670 | MISSION=GLOBAL_R | USV: 4/15 (avail=4 int=0 lock=0 frz=0) | UAV: air=0 rtb=0 chg=0 loiter=0 | TRACKS: vis=0 lost=0 engaged=0 | TOP:  | KILL=29 | ACTIONS=4 | INTENT: focus=2 ratio=0.20
[t=36,651s] step=680 | MISSION=GLOBAL_R | USV: 4/15 (avail=4 int=0 lock=0 frz=0) | UAV: air=0 rtb=0 chg=0 loiter=0 | TRACKS: vis=0 lost=0 engaged=0 | TOP:  | KILL=29 | ACTIONS=4 | INTENT: focus=2 ratio=0.20
[t=36,876s] step=690 | MISSION=GLOBAL_R | USV: 4/15 (avail=4 int=0 lock=0 frz=0) | UAV: air=0 rtb=0 chg=0 loiter=0 | TRACKS: vis=0 lost=0 engaged=0 | TOP:  | KILL=29 | ACTIONS=4 | INTENT: focus=2 ratio=0.20
[t=37,095s] step=700 | MISSION=GLOBAL_R | USV: 4/15 (avail=4 int=0 lock=0 frz=0) | UAV: air=0 rtb=0 chg=0 loiter=0 | TRACKS: vis=0 lost=0 engaged=0 | TOP:  | KILL=29 | ACTIONS=4 | INTENT: focus=2 ratio=0.20
[t=37,320s] step=710 | MISSION=GLOBAL_R | USV: 4/15 (avail=4 int=0 lock=0 frz=0) | UAV: air=0 rtb=0 chg=0 loiter=0 | TRACKS: vis=0 lost=0 engaged=0 | TOP:  | KILL=29 | ACTIONS=4 | INTENT: focus=2 ratio=0.20

========================================================================
对局结果: Result.Victory — 敌方所有单位被击毁
  击杀蓝舰: 30 | 命中: 58 | 我方USV损失: 11 | UAV损失: 15 | 突破: 1
[META] result=Result.Victory victory_time=37758 first_detection=1841 first_lock=7414 first_kill=8354 enemy_kills=30 friendly_usv_losses=11 friendly_uav_losses=15 black_breakthrough=1 reacquire_attempts=211 reacquire_success=210 sensor_assisted_locks=92 low_conf_commitments=0 global_reacquire_entries=2 global_reacquire_success=1 coverage_collapse_events=1 active_clusters_max=1 coverage_quality_final=0.18 commander_source=default_intent commander_calls=0 commander_changes=0 commander_no_change=0 commander_parse_failures=0 commander_api_failures=0 commander_policy_failures=0 commander_avg_latency=0.0
Done
