========================================================================
HYBRID AGENT V5 — Variable-Cardinality Hierarchical Maritime Agent
  启用UAV: True | LLM_ENABLED: False
========================================================================
对局 89 开始
      [UAV RELAUNCH] white_uav1
      [UAV RELAUNCH] white_uav7
      [UAV RELAUNCH] white_uav12
      [UAV RELAUNCH] white_uav2
      [UAV RELAUNCH] white_uav15
      [UAV RELAUNCH] white_uav5
      [UAV RELAUNCH] white_uav6
      [UAV RELAUNCH] white_uav8
      [UAV RELAUNCH] white_uav11
      [UAV RELAUNCH] white_uav13
      [UAV RELAUNCH] white_uav3
      [UAV RELAUNCH] white_uav4
      [UAV RELAUNCH] white_uav9
      [UAV RELAUNCH] white_uav10
      [UAV RELAUNCH] white_uav14
[t=298s] step=10 | MISSION=NORMAL_C | USV: 15/15 (avail=15 int=0 lock=0 frz=0) | UAV: air=15 rtb=0 chg=0 loiter=0 | TRACKS: vis=0 lost=0 engaged=0 | TOP:  | KILL=0 | ACTIONS=30 | INTENT: focus=2 ratio=0.20
  [INTENT APPLIED]
    ThreatAllocator: focus 2 emergency 3 reserve_ratio 0.20 reserve_usvs None bias breakthrough_eta
    UAVManager: mode search_and_reacquire uav_priority []
[t=632s] step=20 | MISSION=NORMAL_C | USV: 15/15 (avail=15 int=0 lock=0 frz=0) | UAV: air=15 rtb=0 chg=0 loiter=0 | TRACKS: vis=0 lost=0 engaged=0 | TOP:  | KILL=0 | ACTIONS=30 | INTENT: focus=2 ratio=0.20
[t=942s] step=30 | MISSION=NORMAL_C | USV: 15/15 (avail=15 int=0 lock=0 frz=0) | UAV: air=15 rtb=0 chg=0 loiter=0 | TRACKS: vis=0 lost=0 engaged=0 | TOP:  | KILL=0 | ACTIONS=30 | INTENT: focus=2 ratio=0.20
[t=1,272s] step=40 | MISSION=NORMAL_C | USV: 15/15 (avail=15 int=0 lock=0 frz=0) | UAV: air=15 rtb=0 chg=0 loiter=0 | TRACKS: vis=0 lost=0 engaged=0 | TOP:  | KILL=0 | ACTIONS=30 | INTENT: focus=2 ratio=0.20
[t=1,594s] step=50 | MISSION=NORMAL_C | USV: 15/15 (avail=15 int=0 lock=0 frz=0) | UAV: air=15 rtb=0 chg=0 loiter=0 | TRACKS: vis=0 lost=0 engaged=0 | TOP:  | KILL=0 | ACTIONS=30 | INTENT: focus=2 ratio=0.20
      [DETECT] black_usv20
      [DETECT] black_usv17
      [DETECT] black_usv15
      [DETECT] black_usv21
      [DETECT] black_usv22
      [DETECT] black_usv16
      [DETECT] black_usv19
      [DETECT] black_usv18
      [ASSIGN] white_usv3->black_usv18
      [ASSIGN] white_usv7->black_usv15
      [ASSIGN] white_usv8->black_usv16
      [ASSIGN] white_usv5->black_usv17
      [ASSIGN] white_usv9->black_usv18
      [ASSIGN] white_usv11->black_usv21
      [ASSIGN] white_usv14->black_usv20
      [ASSIGN] white_usv1->black_usv19
      [ASSIGN] white_usv10->black_usv19
      [ASSIGN] white_usv13->black_usv22
      [ASSIGN] white_usv4->black_usv16
      [ASSIGN] white_usv2->black_usv21
      [DETECT] black_usv24
      [DETECT] black_usv8
      [DETECT] black_usv26
      [DETECT] black_usv11
      [DETECT] black_usv9
      [DETECT] black_usv14
      [DETECT] black_usv10
      [DETECT] black_usv12
      [DETECT] black_usv23
      [DETECT] black_usv25
      [DETECT] black_usv13
      [ASSIGN] white_usv6->black_usv12
      [ASSIGN] white_usv15->black_usv14
      [DETECT] black_usv4
      [DETECT] black_usv28
      [DETECT] black_usv29
      [DETECT] black_usv7
      [DETECT] black_usv27
      [DETECT] black_usv6
      [ASSIGN] white_usv12->black_usv25
[t=1,910s] step=60 | MISSION=NORMAL_C | USV: 15/15 (avail=1 int=14 lock=0 frz=0) | UAV: air=15 rtb=0 chg=0 loiter=0 | TRACKS: vis=25 lost=0 engaged=0 | TOP: black_usv23(x241,662) black_usv11(x241,912) black_usv13(x242,023) | KILL=0 | ACTIONS=30 | INTENT: focus=2 ratio=0.20
      [DETECT] black_usv5
      [DETECT] black_usv30
      [DETECT] black_usv3
[t=2,245s] step=70 | MISSION=NORMAL_C | USV: 15/15 (avail=0 int=15 lock=0 frz=0) | UAV: air=15 rtb=0 chg=0 loiter=0 | TRACKS: vis=27 lost=1 engaged=0 | TOP: black_usv23(x238,465) black_usv11(x238,764) black_usv13(x238,897) | KILL=0 | ACTIONS=30 | INTENT: focus=2 ratio=0.20
[t=2,563s] step=80 | MISSION=NORMAL_C | USV: 15/15 (avail=0 int=15 lock=0 frz=0) | UAV: air=15 rtb=0 chg=0 loiter=0 | TRACKS: vis=25 lost=3 engaged=0 | TOP: black_usv23(x235,430) black_usv11(x235,776) black_usv13(x235,929) | KILL=0 | ACTIONS=30 | INTENT: focus=2 ratio=0.20
[t=2,888s] step=90 | MISSION=NORMAL_C | USV: 15/15 (avail=0 int=15 lock=0 frz=0) | UAV: air=15 rtb=0 chg=0 loiter=0 | TRACKS: vis=23 lost=2 engaged=0 | TOP: black_usv23(x232,329) black_usv11(x232,722) black_usv13(x232,896) | KILL=0 | ACTIONS=30 | INTENT: focus=2 ratio=0.20
[t=3,201s] step=100 | MISSION=NORMAL_C | USV: 15/15 (avail=0 int=15 lock=0 frz=0) | UAV: air=15 rtb=0 chg=0 loiter=0 | TRACKS: vis=23 lost=1 engaged=0 | TOP: black_usv23(x229,342) black_usv11(x229,780) black_usv13(x229,975) | KILL=0 | ACTIONS=30 | INTENT: focus=2 ratio=0.20
[t=3,523s] step=110 | MISSION=NORMAL_C | USV: 15/15 (avail=0 int=15 lock=0 frz=0) | UAV: air=15 rtb=0 chg=0 loiter=0 | TRACKS: vis=24 lost=0 engaged=0 | TOP: black_usv23(x226,269) black_usv11(x226,754) black_usv13(x226,970) | KILL=0 | ACTIONS=30 | INTENT: focus=2 ratio=0.20
      [DETECT] black_usv6
      [DETECT] black_usv4
[t=3,847s] step=120 | MISSION=NORMAL_C | USV: 15/15 (avail=0 int=15 lock=0 frz=0) | UAV: air=15 rtb=0 chg=0 loiter=0 | TRACKS: vis=23 lost=3 engaged=0 | TOP: black_usv23(x223,177) black_usv11(x223,710) black_usv13(x223,946) | KILL=0 | ACTIONS=30 | INTENT: focus=2 ratio=0.20
      [DETECT] black_usv5
      [DETECT] black_usv3
      [DETECT] black_usv2
      [DETECT] black_usv1
[t=4,174s] step=130 | MISSION=NORMAL_C | USV: 15/15 (avail=0 int=15 lock=0 frz=0) | UAV: air=15 rtb=0 chg=0 loiter=0 | TRACKS: vis=29 lost=1 engaged=0 | TOP: black_usv23(x220,005) black_usv11(x220,534) black_usv29(x224,686) | KILL=0 | ACTIONS=30 | INTENT: focus=2 ratio=0.20
[t=4,496s] step=140 | MISSION=NORMAL_C | USV: 15/15 (avail=0 int=15 lock=0 frz=0) | UAV: air=15 rtb=0 chg=0 loiter=0 | TRACKS: vis=29 lost=0 engaged=0 | TOP: black_usv11(x217,314) black_usv23(x216,898) black_usv13(x217,561) | KILL=0 | ACTIONS=30 | INTENT: focus=2 ratio=0.20
[t=4,827s] step=150 | MISSION=NORMAL_C | USV: 15/15 (avail=0 int=15 lock=0 frz=0) | UAV: air=15 rtb=0 chg=0 loiter=0 | TRACKS: vis=22 lost=7 engaged=0 | TOP: black_usv11(x214,004) black_usv13(x214,251) black_usv8(x215,273) | KILL=0 | ACTIONS=30 | INTENT: focus=2 ratio=0.20
      [DETECT] black_usv30
[t=5,149s] step=160 | MISSION=NORMAL_C | USV: 15/15 (avail=0 int=15 lock=0 frz=0) | UAV: air=15 rtb=0 chg=0 loiter=0 | TRACKS: vis=26 lost=4 engaged=0 | TOP: black_usv11(x210,784) black_usv13(x211,031) black_usv30(x218,379) | KILL=0 | ACTIONS=30 | INTENT: focus=2 ratio=0.20
      [DETECT] black_usv30
[t=5,480s] step=170 | MISSION=NORMAL_C | USV: 15/15 (avail=0 int=15 lock=0 frz=0) | UAV: air=15 rtb=0 chg=0 loiter=0 | TRACKS: vis=26 lost=4 engaged=0 | TOP: black_usv11(x207,474) black_usv13(x207,721) black_usv8(x208,743) | KILL=0 | ACTIONS=30 | INTENT: focus=2 ratio=0.20
[t=5,815s] step=180 | MISSION=NORMAL_C | USV: 15/15 (avail=0 int=15 lock=0 frz=0) | UAV: air=15 rtb=0 chg=0 loiter=0 | TRACKS: vis=30 lost=0 engaged=0 | TOP: black_usv11(x204,124) black_usv8(x205,393) black_usv10(x205,674) | KILL=0 | ACTIONS=30 | INTENT: focus=2 ratio=0.20
[t=6,156s] step=190 | MISSION=NORMAL_C | USV: 15/15 (avail=0 int=15 lock=0 frz=0) | UAV: air=15 rtb=0 chg=0 loiter=0 | TRACKS: vis=27 lost=3 engaged=0 | TOP: black_usv30(x210,464) black_usv11(x201,024) black_usv10(x202,652) | KILL=0 | ACTIONS=30 | INTENT: focus=2 ratio=0.20
[t=6,488s] step=200 | MISSION=NORMAL_C | USV: 15/15 (avail=0 int=15 lock=0 frz=0) | UAV: air=15 rtb=0 chg=0 loiter=0 | TRACKS: vis=30 lost=0 engaged=0 | TOP: black_usv30(x207,855) black_usv11(x198,363) black_usv13(x198,248) | KILL=0 | ACTIONS=30 | INTENT: focus=2 ratio=0.20
[t=6,830s] step=210 | MISSION=NORMAL_C | USV: 15/15 (avail=0 int=15 lock=0 frz=0) | UAV: air=15 rtb=0 chg=0 loiter=0 | TRACKS: vis=27 lost=3 engaged=0 | TOP: black_usv30(x205,167) black_usv11(x194,943) black_usv13(x194,866) | KILL=0 | ACTIONS=30 | INTENT: focus=2 ratio=0.20
[t=7,177s] step=220 | MISSION=NORMAL_C | USV: 15/15 (avail=0 int=15 lock=0 frz=0) | UAV: air=15 rtb=0 chg=0 loiter=0 | TRACKS: vis=27 lost=3 engaged=0 | TOP: black_usv30(x202,440) black_usv11(x191,473) black_usv13(x191,432) | KILL=0 | ACTIONS=30 | INTENT: focus=2 ratio=0.20
      [ASSIGN] white_usv9->black_usv21(机会锁定)
      [ASSIGN] white_usv10->black_usv21(机会锁定)
      [ASSIGN] white_usv3->black_usv12(机会锁定)
      [ASSIGN] white_usv7->black_usv12(机会锁定)
      [ASSIGN] white_usv8->black_usv21(机会锁定)
      [ASSIGN] white_usv5->black_usv13(机会锁定)
      [ASSIGN] white_usv4->black_usv13(机会锁定)
[t=7,539s] step=230 | MISSION=NORMAL_C | USV: 15/15 (avail=0 int=6 lock=9 frz=0) | UAV: air=15 rtb=0 chg=0 loiter=0 | TRACKS: vis=28 lost=2 engaged=3 | TOP: black_usv30(x199,594) black_usv11(x187,853) black_usv17(x189,383) | KILL=0 | ACTIONS=30 | INTENT: focus=2 ratio=0.20
      [ASSIGN] white_usv1->black_usv12(机会锁定)
      [ASSIGN] white_usv13->black_usv20(机会锁定)
      [ASSIGN] white_usv15->black_usv21(机会锁定)
      [ASSIGN] white_usv12->black_usv22(机会锁定)
      [ASSIGN] white_usv9->black_usv19(机会锁定)
      [ASSIGN] white_usv10->black_usv19(机会锁定)
      [ASSIGN] white_usv6->black_usv11(机会锁定)
      [ASSIGN] white_usv3->black_usv17(机会锁定)
      [ASSIGN] white_usv7->black_usv17(机会锁定)
      [ASSIGN] white_usv8->black_usv17(机会锁定)
      [ASSIGN] white_usv5->black_usv17(机会锁定)
      [ASSIGN] white_usv11->black_usv19(机会锁定)
      [ASSIGN] white_usv1->black_usv17(机会锁定)
      [ASSIGN] white_usv4->black_usv17(机会锁定)
      [ASSIGN] white_usv2->black_usv16(机会锁定)
      [ASSIGN] white_usv15->black_usv16(机会锁定)
[t=7,901s] step=240 | MISSION=NORMAL_C | USV: 15/15 (avail=0 int=0 lock=15 frz=0) | UAV: air=15 rtb=0 chg=0 loiter=0 | TRACKS: vis=29 lost=0 engaged=6 | TOP: black_usv21(x184,927) black_usv12(x185,032) black_usv13(x185,112) | KILL=3 | ACTIONS=30 | INTENT: focus=2 ratio=0.20
      [ASSIGN] white_usv14->black_usv21(机会锁定)
      [ASSIGN] white_usv13->black_usv21(机会锁定)
      [ASSIGN] white_usv12->black_usv23(机会锁定)
      [ASSIGN] white_usv14->black_usv20(机会锁定)
      [ASSIGN] white_usv13->black_usv20(机会锁定)
      [ASSIGN] white_usv12->black_usv22(机会锁定)
      [DETECT] black_usv30
      [ASSIGN] white_usv9->black_usv21(机会锁定)
      [ASSIGN] white_usv10->black_usv21(机会锁定)
      [ASSIGN] white_usv6->black_usv14(机会锁定)
      [ASSIGN] white_usv3->black_usv15(机会锁定)
      [ASSIGN] white_usv7->black_usv18(机会锁定)
      [ASSIGN] white_usv8->black_usv18(机会锁定)
      [ASSIGN] white_usv5->black_usv18(机会锁定)
      [ASSIGN] white_usv9->black_usv18(机会锁定)
      [ASSIGN] white_usv11->black_usv18(机会锁定)
      [ASSIGN] white_usv1->black_usv18(机会锁定)
      [ASSIGN] white_usv10->black_usv18(机会锁定)
      [ASSIGN] white_usv4->black_usv15(机会锁定)
      [ASSIGN] white_usv2->black_usv19(机会锁定)
      [ASSIGN] white_usv15->black_usv19(机会锁定)
[t=8,266s] step=250 | MISSION=NORMAL_C | USV: 15/15 (avail=0 int=0 lock=15 frz=0) | UAV: air=15 rtb=0 chg=0 loiter=0 | TRACKS: vis=21 lost=9 engaged=6 | TOP: black_usv30(x193,075) black_usv11(x180,583) black_usv21(x184,927) | KILL=5 | ACTIONS=30 | INTENT: focus=2 ratio=0.20
      [ASSIGN] white_usv14->black_usv21(机会锁定)
      [ASSIGN] white_usv13->black_usv23(机会锁定)
      [ASSIGN] white_usv12->black_usv23(机会锁定)
      [ASSIGN] white_usv14->black_usv20(机会锁定)
      [ASSIGN] white_usv14->black_usv21(机会锁定)
      [KILL] black_usv12
      [ASSIGN] white_usv14->black_usv20(机会锁定)
      [DETECT] black_usv30
      [KILL] black_usv21
      [KILL] black_usv13
      [ASSIGN] white_usv3->black_usv11(机会锁定)
      [ASSIGN] white_usv7->black_usv11(机会锁定)
      [ASSIGN] white_usv8->black_usv17(机会锁定)
      [ASSIGN] white_usv5->black_usv11(机会锁定)
      [ASSIGN] white_usv9->black_usv16(机会锁定)
      [ASSIGN] white_usv11->black_usv16(机会锁定)
      [ASSIGN] white_usv14->black_usv22(机会锁定)
      [ASSIGN] white_usv1->black_usv11(机会锁定)
      [ASSIGN] white_usv10->black_usv16(机会锁定)
      [ASSIGN] white_usv6->black_usv11(机会锁定)
      [ASSIGN] white_usv8->black_usv18(机会锁定)
      [ASSIGN] white_usv9->black_usv18(机会锁定)
      [ASSIGN] white_usv11->black_usv18(机会锁定)
      [ASSIGN] white_usv14->black_usv20(机会锁定)
      [ASSIGN] white_usv10->black_usv18(机会锁定)
      [ASSIGN] white_usv4->black_usv18(机会锁定)
      [ASSIGN] white_usv8->black_usv15(机会锁定)
      [ASSIGN] white_usv9->black_usv15(机会锁定)
      [ASSIGN] white_usv11->black_usv16(机会锁定)
      [ASSIGN] white_usv14->black_usv22(机会锁定)
      [ASSIGN] white_usv10->black_usv16(机会锁定)
      [ASSIGN] white_usv4->black_usv14(机会锁定)
      [ASSIGN] white_usv2->black_usv15(机会锁定)
      [ASSIGN] white_usv15->black_usv15(机会锁定)
      [ASSIGN] white_usv8->black_usv18(机会锁定)
      [ASSIGN] white_usv9->black_usv18(机会锁定)
      [ASSIGN] white_usv11->black_usv19(机会锁定)
      [ASSIGN] white_usv14->black_usv20(机会锁定)
      [ASSIGN] white_usv10->black_usv19(机会锁定)
      [ASSIGN] white_usv4->black_usv18(机会锁定)
      [ASSIGN] white_usv2->black_usv18(机会锁定)
      [ASSIGN] white_usv15->black_usv18(机会锁定)
      [DETECT] black_usv1
      [ASSIGN] white_usv8->black_usv15(机会锁定)
      [ASSIGN] white_usv9->black_usv15(机会锁定)
      [ASSIGN] white_usv11->black_usv16(机会锁定)
      [ASSIGN] white_usv14->black_usv23(机会锁定)
      [ASSIGN] white_usv10->black_usv16(机会锁定)
      [ASSIGN] white_usv13->black_usv22(机会锁定)
      [ASSIGN] white_usv4->black_usv14(机会锁定)
      [ASSIGN] white_usv2->black_usv15(机会锁定)
      [ASSIGN] white_usv15->black_usv16(机会锁定)
      [ASSIGN] white_usv8->black_usv18(机会锁定)
      [ASSIGN] white_usv9->black_usv18(机会锁定)
      [ASSIGN] white_usv11->black_usv19(机会锁定)
      [ASSIGN] white_usv10->black_usv19(机会锁定)
      [ASSIGN] white_usv13->black_usv20(机会锁定)
      [ASSIGN] white_usv2->black_usv18(机会锁定)
      [ASSIGN] white_usv15->black_usv18(机会锁定)
      [ASSIGN] white_usv12->black_usv25(机会锁定)
[t=8,677s] step=260 | MISSION=NORMAL_C | USV: 15/15 (avail=0 int=9 lock=6 frz=0) | UAV: air=15 rtb=0 chg=0 loiter=0 | TRACKS: vis=26 lost=1 engaged=2 | TOP: black_usv30(x189,499) black_usv1(x196,702) black_usv8(x178,280) | KILL=11 | ACTIONS=30 | INTENT: focus=2 ratio=0.20
      [ASSIGN] white_usv8->black_usv19(机会锁定)
      [ASSIGN] white_usv9->black_usv15(机会锁定)
      [ASSIGN] white_usv11->black_usv20(机会锁定)
      [ASSIGN] white_usv10->black_usv16(机会锁定)
      [ASSIGN] white_usv13->black_usv22(机会锁定)
      [ASSIGN] white_usv2->black_usv15(机会锁定)
      [ASSIGN] white_usv15->black_usv16(机会锁定)
      [ASSIGN] white_usv8->black_usv18(机会锁定)
      [ASSIGN] white_usv9->black_usv18(机会锁定)
      [ASSIGN] white_usv11->black_usv18(机会锁定)
      [ASSIGN] white_usv10->black_usv18(机会锁定)
      [ASSIGN] white_usv13->black_usv24(机会锁定)
      [ASSIGN] white_usv2->black_usv18(机会锁定)
      [ASSIGN] white_usv15->black_usv18(机会锁定)
      [KILL] black_usv17
      [ASSIGN] white_usv3->black_usv15(机会锁定)
      [ASSIGN] white_usv7->black_usv15(机会锁定)
      [ASSIGN] white_usv8->black_usv11(机会锁定)
      [ASSIGN] white_usv5->black_usv15(机会锁定)
      [ASSIGN] white_usv9->black_usv19(机会锁定)
      [ASSIGN] white_usv11->black_usv19(机会锁定)
      [ASSIGN] white_usv14->black_usv20(机会锁定)
      [ASSIGN] white_usv1->black_usv15(机会锁定)
      [ASSIGN] white_usv10->black_usv19(机会锁定)
      [ASSIGN] white_usv2->black_usv19(机会锁定)
      [ASSIGN] white_usv6->black_usv15(机会锁定)
      [ASSIGN] white_usv15->black_usv19(机会锁定)
      [KILL] black_usv16
      [ASSIGN] white_usv3->black_usv18(机会锁定)
      [ASSIGN] white_usv7->black_usv18(机会锁定)
      [ASSIGN] white_usv5->black_usv18(机会锁定)
      [ASSIGN] white_usv9->black_usv18(机会锁定)
      [ASSIGN] white_usv14->black_usv23(机会锁定)
      [ASSIGN] white_usv1->black_usv18(机会锁定)
      [ASSIGN] white_usv10->black_usv18(机会锁定)
      [ASSIGN] white_usv2->black_usv18(机会锁定)
      [ASSIGN] white_usv6->black_usv10(机会锁定)
      [ASSIGN] white_usv15->black_usv18(机会锁定)
      [ASSIGN] white_usv3->black_usv15(机会锁定)
      [ASSIGN] white_usv7->black_usv15(机会锁定)
      [ASSIGN] white_usv5->black_usv15(机会锁定)
      [ASSIGN] white_usv9->black_usv15(机会锁定)
      [ASSIGN] white_usv14->black_usv20(机会锁定)
      [ASSIGN] white_usv1->black_usv15(机会锁定)
      [ASSIGN] white_usv10->black_usv15(机会锁定)
      [ASSIGN] white_usv13->black_usv20(机会锁定)
      [ASSIGN] white_usv2->black_usv15(机会锁定)
      [ASSIGN] white_usv15->black_usv15(机会锁定)
      [ASSIGN] white_usv3->black_usv18(机会锁定)
      [ASSIGN] white_usv7->black_usv18(机会锁定)
      [ASSIGN] white_usv8->black_usv18(机会锁定)
      [ASSIGN] white_usv5->black_usv18(机会锁定)
      [ASSIGN] white_usv9->black_usv18(机会锁定)
      [ASSIGN] white_usv14->black_usv23(机会锁定)
      [ASSIGN] white_usv1->black_usv18(机会锁定)
      [ASSIGN] white_usv10->black_usv18(机会锁定)
      [ASSIGN] white_usv13->black_usv23(机会锁定)
      [ASSIGN] white_usv2->black_usv18(机会锁定)
      [ASSIGN] white_usv15->black_usv18(机会锁定)
      [KILL] black_usv20
      [KILL] black_usv22
      [ASSIGN] white_usv3->black_usv11(机会锁定)
      [ASSIGN] white_usv7->black_usv11(机会锁定)
      [ASSIGN] white_usv8->black_usv11(机会锁定)
      [ASSIGN] white_usv5->black_usv11(机会锁定)
      [ASSIGN] white_usv9->black_usv11(机会锁定)
      [ASSIGN] white_usv14->black_usv24(机会锁定)
      [ASSIGN] white_usv1->black_usv11(机会锁定)
      [ASSIGN] white_usv10->black_usv15(机会锁定)
      [ASSIGN] white_usv13->black_usv24(机会锁定)
      [ASSIGN] white_usv2->black_usv11(机会锁定)
      [ASSIGN] white_usv15->black_usv15(机会锁定)
      [ASSIGN] white_usv3->black_usv14(机会锁定)
      [ASSIGN] white_usv7->black_usv18(机会锁定)
      [ASSIGN] white_usv8->black_usv18(机会锁定)
      [ASSIGN] white_usv5->black_usv18(机会锁定)
      [ASSIGN] white_usv9->black_usv18(机会锁定)
      [ASSIGN] white_usv11->black_usv18(机会锁定)
      [ASSIGN] white_usv1->black_usv18(机会锁定)
      [ASSIGN] white_usv10->black_usv18(机会锁定)
      [ASSIGN] white_usv4->black_usv18(机会锁定)
      [ASSIGN] white_usv2->black_usv14(机会锁定)
      [ASSIGN] white_usv15->black_usv18(机会锁定)
      [ASSIGN] white_usv3->black_usv11(机会锁定)
      [ASSIGN] white_usv7->black_usv11(机会锁定)
      [ASSIGN] white_usv8->black_usv11(机会锁定)
      [ASSIGN] white_usv5->black_usv11(机会锁定)
      [ASSIGN] white_usv11->black_usv19(机会锁定)
      [ASSIGN] white_usv1->black_usv11(机会锁定)
      [ASSIGN] white_usv10->black_usv19(机会锁定)
      [ASSIGN] white_usv4->black_usv11(机会锁定)
      [ASSIGN] white_usv15->black_usv19(机会锁定)
      [ASSIGN] white_usv12->black_usv23(机会锁定)
      [KILL] black_usv15
      [KILL] black_usv18
      [ASSIGN] white_usv3->black_usv14(机会锁定)
      [ASSIGN] white_usv7->black_usv14(机会锁定)
      [ASSIGN] white_usv8->black_usv14(机会锁定)
      [ASSIGN] white_usv5->black_usv14(机会锁定)
      [ASSIGN] white_usv1->black_usv14(机会锁定)
      [ASSIGN] white_usv10->black_usv8(机会锁定)
      [ASSIGN] white_usv4->black_usv8(机会锁定)
      [ASSIGN] white_usv15->black_usv8(机会锁定)
      [ASSIGN] white_usv12->black_usv25(机会锁定)
[t=9,070s] step=270 | MISSION=NORMAL_C | USV: 14/15 (avail=0 int=11 lock=3 frz=0) | UAV: air=15 rtb=0 chg=0 loiter=0 | TRACKS: vis=18 lost=3 engaged=2 | TOP: black_usv1(x194,362) black_usv8(x174,350) black_usv25(x179,529) | KILL=13 | ACTIONS=29 | INTENT: focus=2 ratio=0.20
      [ASSIGN] white_usv3->black_usv11(机会锁定)
      [ASSIGN] white_usv7->black_usv11(机会锁定)
      [ASSIGN] white_usv8->black_usv11(机会锁定)
      [ASSIGN] white_usv5->black_usv11(机会锁定)
      [ASSIGN] white_usv11->black_usv23(机会锁定)
      [ASSIGN] white_usv1->black_usv11(机会锁定)
      [ASSIGN] white_usv4->black_usv11(机会锁定)
      [ASSIGN] white_usv2->black_usv11(机会锁定)
      [ASSIGN] white_usv12->black_usv23(机会锁定)
      [ASSIGN] white_usv8->black_usv14(机会锁定)
      [ASSIGN] white_usv11->black_usv19(机会锁定)
      [ASSIGN] white_usv4->black_usv14(机会锁定)
      [ASSIGN] white_usv2->black_usv14(机会锁定)
      [ASSIGN] white_usv12->black_usv25(机会锁定)
      [KILL] black_usv19
      [ASSIGN] white_usv3->black_usv14(机会锁定)
      [ASSIGN] white_usv7->black_usv14(机会锁定)
      [ASSIGN] white_usv8->black_usv8(机会锁定)
      [RELEASE] white_usv11->black_usv19(目标失效)
      [ASSIGN] white_usv11->black_usv23(机会锁定)
      [ASSIGN] white_usv4->black_usv10(机会锁定)
      [ASSIGN] white_usv6->black_usv8(机会锁定)
      [ASSIGN] white_usv3->black_usv11(机会锁定)
      [ASSIGN] white_usv7->black_usv11(机会锁定)
      [ASSIGN] white_usv2->black_usv11(机会锁定)
      [DETECT] black_usv30
      [KILL] black_usv23
      [ASSIGN] white_usv3->black_usv14(机会锁定)
      [ASSIGN] white_usv7->black_usv14(机会锁定)
      [ASSIGN] white_usv5->black_usv14(机会锁定)
      [RELEASE] white_usv11->black_usv23(目标失效)
      [ASSIGN] white_usv11->black_usv14(机会锁定)
      [ASSIGN] white_usv1->black_usv14(机会锁定)
      [ASSIGN] white_usv2->black_usv14(机会锁定)
      [ASSIGN] white_usv3->black_usv11(机会锁定)
      [ASSIGN] white_usv7->black_usv11(机会锁定)
      [ASSIGN] white_usv5->black_usv11(机会锁定)
      [ASSIGN] white_usv11->black_usv11(机会锁定)
      [ASSIGN] white_usv14->black_usv25(机会锁定)
      [ASSIGN] white_usv1->black_usv11(机会锁定)
      [ASSIGN] white_usv13->black_usv25(机会锁定)
      [ASSIGN] white_usv2->black_usv11(机会锁定)
      [ASSIGN] white_usv3->black_usv14(机会锁定)
      [ASSIGN] white_usv7->black_usv14(机会锁定)
      [ASSIGN] white_usv5->black_usv14(机会锁定)
      [ASSIGN] white_usv11->black_usv14(机会锁定)
      [ASSIGN] white_usv1->black_usv14(机会锁定)
      [ASSIGN] white_usv2->black_usv14(机会锁定)
      [ASSIGN] white_usv3->black_usv11(机会锁定)
      [ASSIGN] white_usv7->black_usv11(机会锁定)
      [ASSIGN] white_usv5->black_usv11(机会锁定)
      [ASSIGN] white_usv11->black_usv11(机会锁定)
      [ASSIGN] white_usv1->black_usv11(机会锁定)
      [ASSIGN] white_usv2->black_usv11(机会锁定)
      [KILL] black_usv11
      [RELEASE] white_usv3->black_usv11(目标失效)
      [ASSIGN] white_usv3->black_usv14(机会锁定)
      [RELEASE] white_usv7->black_usv11(目标失效)
      [ASSIGN] white_usv7->black_usv14(机会锁定)
      [RELEASE] white_usv5->black_usv11(目标失效)
      [ASSIGN] white_usv5->black_usv14(机会锁定)
      [RELEASE] white_usv11->black_usv11(目标失效)
      [ASSIGN] white_usv11->black_usv14(机会锁定)
      [RELEASE] white_usv1->black_usv11(目标失效)
      [ASSIGN] white_usv1->black_usv14(机会锁定)
      [RELEASE] white_usv2->black_usv11(目标失效)
      [ASSIGN] white_usv2->black_usv14(机会锁定)
      [ASSIGN] white_usv3->black_usv10(机会锁定)
      [ASSIGN] white_usv7->black_usv10(机会锁定)
      [ASSIGN] white_usv5->black_usv10(机会锁定)
      [ASSIGN] white_usv11->black_usv25(机会锁定)
      [ASSIGN] white_usv14->black_usv24(机会锁定)
      [ASSIGN] white_usv1->black_usv10(机会锁定)
      [ASSIGN] white_usv13->black_usv24(机会锁定)
      [ASSIGN] white_usv2->black_usv10(机会锁定)
      [ASSIGN] white_usv12->black_usv24(机会锁定)
[t=9,469s] step=280 | MISSION=NORMAL_C | USV: 12/15 (avail=0 int=9 lock=3 frz=0) | UAV: air=15 rtb=0 chg=0 loiter=0 | TRACKS: vis=18 lost=0 engaged=2 | TOP: black_usv30(x182,239) black_usv1(x191,987) black_usv4(x176,247) | KILL=15 | ACTIONS=27 | INTENT: focus=2 ratio=0.20
      [ASSIGN] white_usv3->black_usv14(机会锁定)
      [ASSIGN] white_usv7->black_usv14(机会锁定)
      [ASSIGN] white_usv8->black_usv14(机会锁定)
      [ASSIGN] white_usv5->black_usv14(机会锁定)
      [ASSIGN] white_usv11->black_usv14(机会锁定)
      [ASSIGN] white_usv14->black_usv25(机会锁定)
      [ASSIGN] white_usv1->black_usv14(机会锁定)
      [ASSIGN] white_usv13->black_usv25(机会锁定)
      [ASSIGN] white_usv4->black_usv14(机会锁定)
      [ASSIGN] white_usv2->black_usv14(机会锁定)
      [ASSIGN] white_usv6->black_usv14(机会锁定)
      [ASSIGN] white_usv12->black_usv25(机会锁定)
      [ASSIGN] white_usv3->black_usv10(机会锁定)
      [ASSIGN] white_usv7->black_usv10(机会锁定)
      [ASSIGN] white_usv8->black_usv10(机会锁定)
      [ASSIGN] white_usv5->black_usv10(机会锁定)
      [ASSIGN] white_usv11->black_usv10(机会锁定)
      [ASSIGN] white_usv14->black_usv24(机会锁定)
      [ASSIGN] white_usv1->black_usv10(机会锁定)
      [ASSIGN] white_usv13->black_usv24(机会锁定)
      [ASSIGN] white_usv4->black_usv10(机会锁定)
      [ASSIGN] white_usv2->black_usv10(机会锁定)
      [ASSIGN] white_usv6->black_usv8(机会锁定)
      [ASSIGN] white_usv12->black_usv24(机会锁定)
      [KILL] black_usv14
      [ASSIGN] white_usv3->black_usv8(机会锁定)
      [ASSIGN] white_usv7->black_usv8(机会锁定)
      [ASSIGN] white_usv8->black_usv8(机会锁定)
      [ASSIGN] white_usv5->black_usv8(机会锁定)
      [ASSIGN] white_usv11->black_usv25(机会锁定)
      [ASSIGN] white_usv14->black_usv25(机会锁定)
      [ASSIGN] white_usv1->black_usv8(机会锁定)
      [ASSIGN] white_usv13->black_usv25(机会锁定)
      [ASSIGN] white_usv4->black_usv8(机会锁定)
      [ASSIGN] white_usv2->black_usv8(机会锁定)
      [ASSIGN] white_usv12->black_usv25(机会锁定)
      [ASSIGN] white_usv3->black_usv10(机会锁定)
      [ASSIGN] white_usv7->black_usv10(机会锁定)
      [ASSIGN] white_usv8->black_usv10(机会锁定)
      [ASSIGN] white_usv5->black_usv10(机会锁定)
      [ASSIGN] white_usv11->black_usv10(机会锁定)
      [ASSIGN] white_usv14->black_usv24(机会锁定)
      [ASSIGN] white_usv1->black_usv10(机会锁定)
      [ASSIGN] white_usv13->black_usv24(机会锁定)
      [ASSIGN] white_usv4->black_usv10(机会锁定)
      [ASSIGN] white_usv2->black_usv10(机会锁定)
      [ASSIGN] white_usv6->black_usv10(机会锁定)
      [ASSIGN] white_usv12->black_usv24(机会锁定)
      [ASSIGN] white_usv3->black_usv8(机会锁定)
      [ASSIGN] white_usv7->black_usv8(机会锁定)
      [ASSIGN] white_usv8->black_usv8(机会锁定)
      [ASSIGN] white_usv5->black_usv8(机会锁定)
      [ASSIGN] white_usv11->black_usv25(机会锁定)
      [ASSIGN] white_usv14->black_usv25(机会锁定)
      [ASSIGN] white_usv1->black_usv8(机会锁定)
      [ASSIGN] white_usv13->black_usv25(机会锁定)
      [ASSIGN] white_usv4->black_usv8(机会锁定)
      [ASSIGN] white_usv2->black_usv8(机会锁定)
      [ASSIGN] white_usv6->black_usv8(机会锁定)
      [ASSIGN] white_usv12->black_usv25(机会锁定)
      [ASSIGN] white_usv3->black_usv10(机会锁定)
      [ASSIGN] white_usv7->black_usv10(机会锁定)
      [ASSIGN] white_usv8->black_usv10(机会锁定)
      [ASSIGN] white_usv5->black_usv10(机会锁定)
      [ASSIGN] white_usv11->black_usv10(机会锁定)
      [ASSIGN] white_usv1->black_usv10(机会锁定)
      [ASSIGN] white_usv4->black_usv10(机会锁定)
      [ASSIGN] white_usv2->black_usv10(机会锁定)
      [ASSIGN] white_usv6->black_usv10(机会锁定)
      [ASSIGN] white_usv3->black_usv8(机会锁定)
      [ASSIGN] white_usv7->black_usv8(机会锁定)
      [ASSIGN] white_usv8->black_usv8(机会锁定)
      [ASSIGN] white_usv5->black_usv8(机会锁定)
      [ASSIGN] white_usv11->black_usv8(机会锁定)
      [ASSIGN] white_usv1->black_usv8(机会锁定)
      [ASSIGN] white_usv4->black_usv8(机会锁定)
      [ASSIGN] white_usv2->black_usv8(机会锁定)
      [ASSIGN] white_usv6->black_usv8(机会锁定)
      [ASSIGN] white_usv3->black_usv10(机会锁定)
      [ASSIGN] white_usv7->black_usv10(机会锁定)
      [ASSIGN] white_usv8->black_usv10(机会锁定)
      [ASSIGN] white_usv5->black_usv10(机会锁定)
      [ASSIGN] white_usv11->black_usv10(机会锁定)
      [ASSIGN] white_usv1->black_usv10(机会锁定)
      [ASSIGN] white_usv4->black_usv10(机会锁定)
      [ASSIGN] white_usv2->black_usv10(机会锁定)
      [ASSIGN] white_usv6->black_usv10(机会锁定)
      [ASSIGN] white_usv3->black_usv8(机会锁定)
      [ASSIGN] white_usv7->black_usv8(机会锁定)
      [ASSIGN] white_usv5->black_usv8(机会锁定)
      [ASSIGN] white_usv11->black_usv8(机会锁定)
      [ASSIGN] white_usv1->black_usv8(机会锁定)
      [ASSIGN] white_usv4->black_usv8(机会锁定)
      [ASSIGN] white_usv2->black_usv8(机会锁定)
      [ASSIGN] white_usv6->black_usv8(机会锁定)
      [KILL] black_usv24
      [ASSIGN] white_usv3->black_usv10(机会锁定)
      [ASSIGN] white_usv7->black_usv10(机会锁定)
      [ASSIGN] white_usv5->black_usv10(机会锁定)
      [ASSIGN] white_usv11->black_usv10(机会锁定)
      [ASSIGN] white_usv1->black_usv10(机会锁定)
      [ASSIGN] white_usv4->black_usv10(机会锁定)
      [ASSIGN] white_usv2->black_usv10(机会锁定)
      [ASSIGN] white_usv6->black_usv10(机会锁定)
[t=9,931s] step=290 | MISSION=NORMAL_C | USV: 12/15 (avail=0 int=12 lock=0 frz=0) | UAV: air=15 rtb=0 chg=0 loiter=0 | TRACKS: vis=16 lost=0 engaged=0 | TOP: black_usv30(x177,665) black_usv1(x189,236) black_usv26(x172,024) | KILL=17 | ACTIONS=27 | INTENT: focus=2 ratio=0.20
      [ASSIGN] white_usv3->black_usv8(机会锁定)
      [ASSIGN] white_usv7->black_usv8(机会锁定)
      [ASSIGN] white_usv5->black_usv8(机会锁定)
      [ASSIGN] white_usv11->black_usv8(机会锁定)
      [ASSIGN] white_usv1->black_usv8(机会锁定)
      [ASSIGN] white_usv4->black_usv8(机会锁定)
      [ASSIGN] white_usv2->black_usv8(机会锁定)
      [ASSIGN] white_usv6->black_usv8(机会锁定)
      [ASSIGN] white_usv3->black_usv10(机会锁定)
      [ASSIGN] white_usv7->black_usv10(机会锁定)
      [ASSIGN] white_usv5->black_usv10(机会锁定)
      [ASSIGN] white_usv11->black_usv10(机会锁定)
      [ASSIGN] white_usv1->black_usv10(机会锁定)
      [ASSIGN] white_usv4->black_usv10(机会锁定)
      [ASSIGN] white_usv2->black_usv10(机会锁定)
      [ASSIGN] white_usv6->black_usv5(机会锁定)
      [KILL] black_usv25
      [ASSIGN] white_usv3->black_usv8(机会锁定)
      [ASSIGN] white_usv7->black_usv8(机会锁定)
      [ASSIGN] white_usv8->black_usv8(机会锁定)
      [ASSIGN] white_usv5->black_usv8(机会锁定)
      [ASSIGN] white_usv11->black_usv8(机会锁定)
      [RELEASE] white_usv14->black_usv25(目标失效)
      [ASSIGN] white_usv1->black_usv8(机会锁定)
      [RELEASE] white_usv13->black_usv25(目标失效)
      [ASSIGN] white_usv4->black_usv8(机会锁定)
      [ASSIGN] white_usv2->black_usv8(机会锁定)
      [RELEASE] white_usv12->black_usv25(目标失效)
      [ASSIGN] white_usv12->black_usv26(机会锁定)
      [KILL] black_usv8
      [KILL] black_usv10
      [RELEASE] white_usv3->black_usv8(目标失效)
      [RELEASE] white_usv7->black_usv8(目标失效)
      [RELEASE] white_usv8->black_usv8(目标失效)
      [RELEASE] white_usv5->black_usv8(目标失效)
      [RELEASE] white_usv11->black_usv8(目标失效)
      [ASSIGN] white_usv14->black_usv26(机会锁定)
      [RELEASE] white_usv1->black_usv8(目标失效)
      [ASSIGN] white_usv13->black_usv1
      [RELEASE] white_usv4->black_usv8(目标失效)
      [ASSIGN] white_usv4->black_usv7(机会锁定)
      [RELEASE] white_usv2->black_usv8(目标失效)
      [ASSIGN] white_usv3->black_usv6
      [ASSIGN] white_usv7->black_usv9
      [ASSIGN] white_usv8->black_usv27
      [ASSIGN] white_usv5->black_usv4
      [ASSIGN] white_usv11->black_usv30
      [ASSIGN] white_usv1->black_usv29
      [ASSIGN] white_usv2->black_usv28
      [ASSIGN] white_usv3->black_usv5(机会锁定)
      [ASSIGN] white_usv7->black_usv5(机会锁定)
      [ASSIGN] white_usv5->black_usv5(机会锁定)
      [ASSIGN] white_usv6->black_usv6(机会锁定)
[t=10,373s] step=300 | MISSION=NORMAL_C | USV: 12/15 (avail=0 int=6 lock=6 frz=0) | UAV: air=15 rtb=0 chg=0 loiter=0 | TRACKS: vis=13 lost=0 engaged=3 | TOP: black_usv6(x169,230) black_usv9(x170,346) black_usv4(x167,947) | KILL=17 | ACTIONS=27 | INTENT: focus=2 ratio=0.20
      [ASSIGN] white_usv14->black_usv27(机会锁定)
      [ASSIGN] white_usv4->black_usv9(机会锁定)
      [ASSIGN] white_usv12->black_usv27(机会锁定)
      [ASSIGN] white_usv3->black_usv7(机会锁定)
      [ASSIGN] white_usv7->black_usv7(机会锁定)
      [ASSIGN] white_usv5->black_usv4(机会锁定)
      [ASSIGN] white_usv6->black_usv5(机会锁定)
      [ASSIGN] white_usv6->black_usv6(机会锁定)
      [ASSIGN] white_usv14->black_usv26(机会锁定)
      [ASSIGN] white_usv4->black_usv5(机会锁定)
      [ASSIGN] white_usv12->black_usv26(机会锁定)
[t=10,794s] step=310 | MISSION=NORMAL_C | USV: 12/15 (avail=0 int=8 lock=4 frz=0) | UAV: air=15 rtb=0 chg=0 loiter=0 | TRACKS: vis=13 lost=0 engaged=3 | TOP: black_usv26(x166,404) black_usv3(x171,494) black_usv2(x178,094) | KILL=19 | ACTIONS=27 | INTENT: focus=2 ratio=0.20
      [ASSIGN] white_usv4->black_usv9(机会锁定)
      [ASSIGN] white_usv3->black_usv5(机会锁定)
      [ASSIGN] white_usv7->black_usv5(机会锁定)
      [ASSIGN] white_usv3->black_usv7(机会锁定)
      [ASSIGN] white_usv7->black_usv7(机会锁定)
      [ASSIGN] white_usv5->black_usv7(机会锁定)
      [ASSIGN] white_usv11->black_usv26(机会锁定)
      [ASSIGN] white_usv6->black_usv5(机会锁定)
      [ASSIGN] white_usv11->black_usv27(机会锁定)
      [ASSIGN] white_usv14->black_usv27(机会锁定)
      [ASSIGN] white_usv6->black_usv6(机会锁定)
      [ASSIGN] white_usv12->black_usv27(机会锁定)
      [KILL] black_usv5
      [ASSIGN] white_usv11->black_usv26(机会锁定)
      [ASSIGN] white_usv14->black_usv26(机会锁定)
      [ASSIGN] white_usv12->black_usv26(机会锁定)
      [ASSIGN] white_usv11->black_usv27(机会锁定)
      [ASSIGN] white_usv14->black_usv27(机会锁定)
      [ASSIGN] white_usv12->black_usv27(机会锁定)
[t=11,218s] step=320 | MISSION=NORMAL_C | USV: 11/15 (avail=0 int=7 lock=4 frz=0) | UAV: air=15 rtb=0 chg=0 loiter=0 | TRACKS: vis=12 lost=0 engaged=3 | TOP: black_usv4(x162,681) black_usv30(x166,316) black_usv3(x167,515) | KILL=20 | ACTIONS=26 | INTENT: focus=2 ratio=0.20
      [ASSIGN] white_usv3->black_usv4(机会锁定)
      [ASSIGN] white_usv7->black_usv4(机会锁定)
      [ASSIGN] white_usv8->black_usv26(机会锁定)
      [ASSIGN] white_usv11->black_usv26(机会锁定)
      [ASSIGN] white_usv14->black_usv26(机会锁定)
      [ASSIGN] white_usv12->black_usv26(机会锁定)
      [ASSIGN] white_usv11->black_usv27(机会锁定)
      [ASSIGN] white_usv14->black_usv27(机会锁定)
      [ASSIGN] white_usv12->black_usv27(机会锁定)
      [ASSIGN] white_usv11->black_usv26(机会锁定)
      [ASSIGN] white_usv14->black_usv26(机会锁定)
      [ASSIGN] white_usv12->black_usv26(机会锁定)
      [KILL] black_usv27
      [ASSIGN] white_usv11->black_usv28(机会锁定)
      [ASSIGN] white_usv14->black_usv28(机会锁定)
      [ASSIGN] white_usv12->black_usv28(机会锁定)
      [ASSIGN] white_usv4->black_usv7(机会锁定)
      [ASSIGN] white_usv4->black_usv9(机会锁定)
      [ASSIGN] white_usv7->black_usv7(机会锁定)
      [ASSIGN] white_usv4->black_usv7(机会锁定)
      [ASSIGN] white_usv2->black_usv26(机会锁定)
      [ASSIGN] white_usv7->black_usv9(机会锁定)
      [ASSIGN] white_usv4->black_usv9(机会锁定)
      [ASSIGN] white_usv7->black_usv7(机会锁定)
      [ASSIGN] white_usv1->black_usv26(机会锁定)
      [ASSIGN] white_usv13->black_usv9(机会锁定)
      [ASSIGN] white_usv4->black_usv7(机会锁定)
[t=11,686s] step=330 | MISSION=NORMAL_C | USV: 9/15 (avail=0 int=6 lock=3 frz=0) | UAV: air=15 rtb=0 chg=0 loiter=0 | TRACKS: vis=11 lost=0 engaged=1 | TOP: black_usv4(x159,072) black_usv6(x161,478) black_usv30(x161,678) | KILL=24 | ACTIONS=24 | INTENT: focus=2 ratio=0.20
      [KILL] black_usv26
      [ASSIGN] white_usv7->black_usv6(机会锁定)
      [RELEASE] white_usv8->black_usv26(目标失效)
      [ASSIGN] white_usv8->black_usv28(机会锁定)
      [RELEASE] white_usv1->black_usv26(目标失效)
      [ASSIGN] white_usv4->black_usv6(机会锁定)
      [RELEASE] white_usv2->black_usv26(目标失效)
      [ASSIGN] white_usv1->black_usv4
      [ASSIGN] white_usv4->black_usv7(机会锁定)
      [ASSIGN] white_usv2->black_usv29
      [ASSIGN] white_usv4->black_usv6(机会锁定)
      [KILL] black_usv7
      [ASSIGN] white_usv4->black_usv9(机会锁定)
      [ASSIGN] white_usv11->black_usv29(机会锁定)
      [ASSIGN] white_usv14->black_usv29(机会锁定)
      [ASSIGN] white_usv13->black_usv6(机会锁定)
      [ASSIGN] white_usv4->black_usv6(机会锁定)
      [ASSIGN] white_usv13->black_usv9(机会锁定)
      [ASSIGN] white_usv4->black_usv9(机会锁定)
      [ASSIGN] white_usv2->black_usv28(机会锁定)
      [ASSIGN] white_usv8->black_usv29(机会锁定)
      [ASSIGN] white_usv13->black_usv6(机会锁定)
      [ASSIGN] white_usv4->black_usv6(机会锁定)
      [KILL] black_usv9
      [KILL] black_usv6
      [RELEASE] white_usv13->black_usv6(目标失效)
      [ASSIGN] white_usv13->black_usv4(机会锁定)
      [RELEASE] white_usv4->black_usv6(目标失效)
      [ASSIGN] white_usv4->black_usv4(机会锁定)
      [KILL] black_usv4
      [RELEASE] white_usv1->black_usv4(目标失效)
      [RELEASE] white_usv13->black_usv4(目标失效)
      [RELEASE] white_usv4->black_usv4(目标失效)
[t=12,221s] step=340 | MISSION=NORMAL_C | USV: 8/15 (avail=0 int=5 lock=3 frz=0) | UAV: air=15 rtb=0 chg=0 loiter=0 | TRACKS: vis=6 lost=0 engaged=1 | TOP: black_usv30(x156,336) black_usv2(x164,333) black_usv1(x170,678) | KILL=25 | ACTIONS=23 | INTENT: focus=2 ratio=0.20
      [ASSIGN] white_usv1->black_usv30
      [ASSIGN] white_usv13->black_usv1
      [ASSIGN] white_usv4->black_usv2
      [ASSIGN] white_usv11->black_usv28(机会锁定)
      [ASSIGN] white_usv14->black_usv28(机会锁定)
      [ASSIGN] white_usv11->black_usv29(机会锁定)
      [ASSIGN] white_usv14->black_usv29(机会锁定)
      [KILL] black_usv28
      [ASSIGN] white_usv4->black_usv3(机会锁定)
      [RELEASE] white_usv2->black_usv28(目标失效)
      [RELEASE] white_usv12->black_usv28(目标失效)
      [ASSIGN] white_usv2->black_usv3
      [ASSIGN] white_usv12->black_usv2
[t=12,708s] step=350 | MISSION=NORMAL_C | USV: 8/15 (avail=0 int=7 lock=1 frz=0) | UAV: air=15 rtb=0 chg=0 loiter=0 | TRACKS: vis=5 lost=0 engaged=1 | TOP: black_usv30(x151,480) black_usv2(x159,463) black_usv1(x165,873) | KILL=26 | ACTIONS=23 | INTENT: focus=2 ratio=0.20
      [ASSIGN] white_usv11->black_usv30(机会锁定)
      [ASSIGN] white_usv13->black_usv3(机会锁定)
[t=13,235s] step=360 | MISSION=NORMAL_C | USV: 8/15 (avail=0 int=5 lock=3 frz=0) | UAV: air=15 rtb=0 chg=0 loiter=0 | TRACKS: vis=5 lost=0 engaged=2 | TOP: black_usv1(x161,078) black_usv2(x154,193) black_usv30(x147,694) | KILL=26 | ACTIONS=23 | INTENT: focus=2 ratio=0.20
      [ASSIGN] white_usv11->black_usv29(机会锁定)
      [KILL] black_usv29
      [RELEASE] white_usv8->black_usv29(目标失效)
      [RELEASE] white_usv11->black_usv29(目标失效)
      [ASSIGN] white_usv11->black_usv30(机会锁定)
      [RELEASE] white_usv14->black_usv29(目标失效)
      [ASSIGN] white_usv8->black_usv2
      [ASSIGN] white_usv14->black_usv1
[t=13,761s] step=370 | MISSION=NORMAL_C | USV: 8/15 (avail=0 int=5 lock=3 frz=0) | UAV: air=15 rtb=0 chg=0 loiter=0 | TRACKS: vis=4 lost=0 engaged=2 | TOP: black_usv30(x145,677) black_usv3(x149,646) black_usv1(x156,110) | KILL=26 | ACTIONS=23 | INTENT: focus=2 ratio=0.20
[t=14,296s] step=380 | MISSION=NORMAL_C | USV: 8/15 (avail=0 int=8 lock=0 frz=0) | UAV: air=15 rtb=0 chg=0 loiter=0 | TRACKS: vis=4 lost=0 engaged=0 | TOP: black_usv1(x152,694) black_usv30(x142,998) black_usv3(x149,066) | KILL=28 | ACTIONS=23 | INTENT: focus=2 ratio=0.20
      [KILL] black_usv3
      [RELEASE] white_usv13->black_usv3(目标失效)
      [ASSIGN] white_usv13->black_usv2(机会锁定)
      [RELEASE] white_usv4->black_usv3(目标失效)
      [ASSIGN] white_usv4->black_usv2(机会锁定)
      [RELEASE] white_usv2->black_usv3(目标失效)
      [ASSIGN] white_usv2->black_usv1
      [KILL] black_usv30
      [RELEASE] white_usv11->black_usv30(目标失效)
      [RELEASE] white_usv1->black_usv30(目标失效)
      [ASSIGN] white_usv1->black_usv1
[t=14,835s] step=390 | MISSION=NORMAL_C | USV: 8/15 (avail=1 int=7 lock=0 frz=0) | UAV: air=15 rtb=0 chg=0 loiter=0 | TRACKS: vis=1 lost=1 engaged=0 | TOP: black_usv1(x149,585) black_usv2(x142,628) | KILL=29 | ACTIONS=23 | INTENT: focus=2 ratio=0.20
      [KILL] black_usv2
      [RELEASE] white_usv8->black_usv2(目标失效)
      [RELEASE] white_usv13->black_usv2(目标失效)
      [RELEASE] white_usv4->black_usv2(目标失效)
      [RELEASE] white_usv12->black_usv2(目标失效)
[t=15,449s] step=400 | MISSION=NORMAL_C | USV: 8/15 (avail=1 int=7 lock=0 frz=0) | UAV: air=15 rtb=0 chg=0 loiter=0 | TRACKS: vis=0 lost=1 engaged=0 | TOP: black_usv1(x143,810) | KILL=29 | ACTIONS=23 | INTENT: focus=2 ratio=0.20
      [RELEASE] white_usv14->black_usv1(目标失效)
      [RELEASE] white_usv1->black_usv1(目标失效)
      [RELEASE] white_usv2->black_usv1(目标失效)
[t=16,018s] step=410 | MISSION=GLOBAL_R | USV: 8/15 (avail=8 int=0 lock=0 frz=0) | UAV: air=15 rtb=0 chg=0 loiter=0 | TRACKS: vis=0 lost=0 engaged=0 | TOP:  | KILL=29 | ACTIONS=23 | INTENT: focus=2 ratio=0.20
      [DETECT] black_usv1
      [ASSIGN] white_usv13->black_usv1
      [ASSIGN] white_usv4->black_usv1(机会锁定)
      [ASSIGN] white_usv12->black_usv1
[t=16,591s] step=420 | MISSION=NORMAL_C | USV: 8/15 (avail=5 int=2 lock=1 frz=0) | UAV: air=15 rtb=0 chg=0 loiter=0 | TRACKS: vis=1 lost=0 engaged=1 | TOP: black_usv1(x133,992) | KILL=29 | ACTIONS=23 | INTENT: focus=2 ratio=0.20
[t=17,173s] step=430 | MISSION=NORMAL_C | USV: 8/15 (avail=5 int=2 lock=1 frz=0) | UAV: air=15 rtb=0 chg=0 loiter=0 | TRACKS: vis=1 lost=0 engaged=1 | TOP: black_usv1(x132,144) | KILL=29 | ACTIONS=23 | INTENT: focus=2 ratio=0.20

========================================================================
对局结果: Result.Victory — 敌方所有单位被击毁
  击杀蓝舰: 30 | 命中: 60 | 我方USV损失: 7 | UAV损失: 0 | 突破: 0
[META] result=Result.Victory victory_time=17541 first_detection=1846 first_lock=7497 first_kill=8420 enemy_kills=30 friendly_usv_losses=7 friendly_uav_losses=0 black_breakthrough=0 reacquire_attempts=309 reacquire_success=309 sensor_assisted_locks=98 low_conf_commitments=0 global_reacquire_entries=1 global_reacquire_success=1 coverage_collapse_events=1 active_clusters_max=1 coverage_quality_final=0.30 commander_source=default_intent commander_calls=0 commander_changes=0 commander_no_change=0 commander_parse_failures=0 commander_api_failures=0 commander_policy_failures=0 commander_avg_latency=0.0
Done
