0.0 2026-08-09 17:51:40 INFO StateJump RED.Plane.AEW.wuav1.RadarWithGuider.RadarWithGuider[1]==>WORK
0.0 2026-08-09 17:51:40 INFO StateJump RED.Ship.Ship.w1.RadarWithGuider.RadarWithGuider[1]==>WORK
0.0 2026-08-09 17:51:40 INFO StateJump BLUE.Ship.Ship.b1.RadarWithGuider.RadarWithGuider[1]==>WORK
0.0 2026-08-09 17:51:40 SENSOR Found[active][point] BLUE.Ship.Ship.b1.RadarWithGuider.RadarWithGuider[1] (139000.000,300000.000,0.000) RED.Plane.AEW.wuav1 (134000.000,300000.000,100.000)
0.0 2026-08-09 17:51:40 INFO StateJump RED.Ship.Ship.w1.Locker.Locker[1]==>WORK
0.0 2026-08-09 17:51:40 INFO StateJump BLUE.Ship.Ship.b1.Locker.Locker[1]==>WORK
0.0 2026-08-09 17:51:40 INFO StateJump RED.Plane.AEW.wuav1.UavBattery.UAV_Battery[1]==>WORK
0.0 2026-08-09 17:51:40 INFO StateJump RED.Ship.Ship.w1.Comdev.Comdev[1]==>FREE
0.0 2026-08-09 17:51:40 INFO StateJump RED.Ship.Ship.w1.Comdev.Comdev[1]==>WORK
0.0 2026-08-09 17:51:40 INFO StateJump RED.Ship.Ship.w1.MotorTZB.ShipMotorTZB[1]==>FREE
0.0 2026-08-09 17:51:40 INFO StateJump RED.Ship.Ship.w1.MotorTZB.ShipMotorTZB[1]==>MOVE
0.0 2026-08-09 17:51:40 INFO StateJump RED.Ship.Ship.w1.Intelligence.QB[1]==>FREE
0.0 2026-08-09 17:51:40 INFO StateJump RED.Ship.Ship.w1.Intelligence.QB[1]==>WORK
0.0 2026-08-09 17:51:40 INFO StateJump RED.Plane.AEW.wuav1.MotorTZB.PlaneMotorTZB[1]==>FREE
0.0 2026-08-09 17:51:40 INFO StateJump RED.Plane.AEW.wuav1.MotorTZB.PlaneMotorTZB[1]==>MOVE
0.0 2026-08-09 17:51:40 INFO StateJump RED.Plane.AEW.wuav1.Intelligence.QB[1]==>FREE
0.0 2026-08-09 17:51:40 INFO StateJump RED.Plane.AEW.wuav1.Intelligence.QB[1]==>WORK
0.0 2026-08-09 17:51:40 INFO StateJump BLUE.Ship.Ship.b1.Comdev.Comdev[1]==>FREE
0.0 2026-08-09 17:51:40 INFO StateJump BLUE.Ship.Ship.b1.Comdev.Comdev[1]==>WORK
0.0 2026-08-09 17:51:40 INFO StateJump BLUE.Ship.Ship.b1.MotorTZB.ShipMotorTZB[1]==>FREE
0.0 2026-08-09 17:51:40 INFO StateJump BLUE.Ship.Ship.b1.MotorTZB.ShipMotorTZB[1]==>MOVE
0.0 2026-08-09 17:51:40 INFO StateJump BLUE.Ship.Ship.b1.Intelligence.QB[1]==>FREE
0.0 2026-08-09 17:51:40 INFO StateJump BLUE.Ship.Ship.b1.Intelligence.QB[1]==>WORK
0.0 2026-08-09 17:51:40 INFO StateJump JudgeSystem<139710693712064>==>WORK
2000.0 2026-08-09 17:51:42 INFO StateJump RED.Plane.AEW.wuav1.RadarWithGuider.RadarWithGuider[1]==>FREE
2000.0 2026-08-09 17:51:42 WARNING RED.Plane.AEW.wuav1.RadarWithGuider.RadarWithGuider[1]的状态在执行[WORK]状态动作时变为了[FREE], 建议尽量避免该种情况
4000.0 2026-08-09 17:51:44 SENSOR Lost BLUE.Ship.Ship.b1.RadarWithGuider.RadarWithGuider[1] (139000.000,300000.000,0.000) RED.Plane.AEW.wuav1 (100000.000,300000.000,0.000)
