========================================================================
HYBRID AGENT V5 — Variable-Cardinality Hierarchical Maritime Agent
  启用UAV: True | LLM_ENABLED: False
========================================================================
对局 21 开始
      [UAV RELAUNCH] white_uav1
      [UAV RELAUNCH] white_uav2
      [UAV RELAUNCH] white_uav4
      [UAV RELAUNCH] white_uav5
      [UAV RELAUNCH] white_uav3
[t=169s] step=10 | MISSION=NORMAL_C | USV: 5/5 (avail=5 int=0 lock=0 frz=0) | UAV: air=5 rtb=0 chg=0 loiter=0 | TRACKS: vis=0 lost=0 engaged=0 | TOP:  | KILL=0 | ACTIONS=10 | INTENT: focus=2 ratio=0.20
  [INTENT APPLIED]
    ThreatAllocator: focus 2 emergency 3 reserve_ratio 0.20 reserve_usvs None bias breakthrough_eta
    UAVManager: mode search_and_reacquire uav_priority []
[t=355s] step=20 | MISSION=NORMAL_C | USV: 5/5 (avail=5 int=0 lock=0 frz=0) | UAV: air=5 rtb=0 chg=0 loiter=0 | TRACKS: vis=0 lost=0 engaged=0 | TOP:  | KILL=0 | ACTIONS=10 | INTENT: focus=2 ratio=0.20
[t=538s] step=30 | MISSION=NORMAL_C | USV: 5/5 (avail=5 int=0 lock=0 frz=0) | UAV: air=5 rtb=0 chg=0 loiter=0 | TRACKS: vis=0 lost=0 engaged=0 | TOP:  | KILL=0 | ACTIONS=10 | INTENT: focus=2 ratio=0.20
[t=719s] step=40 | MISSION=NORMAL_C | USV: 5/5 (avail=5 int=0 lock=0 frz=0) | UAV: air=5 rtb=0 chg=0 loiter=0 | TRACKS: vis=0 lost=0 engaged=0 | TOP:  | KILL=0 | ACTIONS=10 | INTENT: focus=2 ratio=0.20
[t=901s] step=50 | MISSION=NORMAL_C | USV: 5/5 (avail=5 int=0 lock=0 frz=0) | UAV: air=5 rtb=0 chg=0 loiter=0 | TRACKS: vis=0 lost=0 engaged=0 | TOP:  | KILL=0 | ACTIONS=10 | INTENT: focus=2 ratio=0.20
[t=1,084s] step=60 | MISSION=NORMAL_C | USV: 5/5 (avail=5 int=0 lock=0 frz=0) | UAV: air=5 rtb=0 chg=0 loiter=0 | TRACKS: vis=0 lost=0 engaged=0 | TOP:  | KILL=0 | ACTIONS=10 | INTENT: focus=2 ratio=0.20
[t=1,266s] step=70 | MISSION=NORMAL_C | USV: 5/5 (avail=5 int=0 lock=0 frz=0) | UAV: air=5 rtb=0 chg=0 loiter=0 | TRACKS: vis=0 lost=0 engaged=0 | TOP:  | KILL=0 | ACTIONS=10 | INTENT: focus=2 ratio=0.20
[t=1,448s] step=80 | MISSION=NORMAL_C | USV: 5/5 (avail=5 int=0 lock=0 frz=0) | UAV: air=5 rtb=0 chg=0 loiter=0 | TRACKS: vis=0 lost=0 engaged=0 | TOP:  | KILL=0 | ACTIONS=10 | INTENT: focus=2 ratio=0.20
[t=1,632s] step=90 | MISSION=NORMAL_C | USV: 5/5 (avail=5 int=0 lock=0 frz=0) | UAV: air=5 rtb=0 chg=0 loiter=0 | TRACKS: vis=0 lost=0 engaged=0 | TOP:  | KILL=0 | ACTIONS=10 | INTENT: focus=2 ratio=0.20
[t=1,814s] step=100 | MISSION=NORMAL_C | USV: 5/5 (avail=5 int=0 lock=0 frz=0) | UAV: air=5 rtb=0 chg=0 loiter=0 | TRACKS: vis=0 lost=0 engaged=0 | TOP:  | KILL=0 | ACTIONS=10 | INTENT: focus=2 ratio=0.20
      [DETECT] black_usv6
      [DETECT] black_usv5
      [DETECT] black_usv7
      [ASSIGN] white_usv5->black_usv6
      [ASSIGN] white_usv3->black_usv6
      [ASSIGN] white_usv4->black_usv7
      [ASSIGN] white_usv2->black_usv5
      [DETECT] black_usv4
      [DETECT] black_usv2
      [DETECT] black_usv8
      [DETECT] black_usv3
      [ASSIGN] white_usv1->black_usv8
      [DETECT] black_usv9
      [DETECT] black_usv1
      [DETECT] black_usv10
[t=2,005s] step=110 | MISSION=NORMAL_C | USV: 5/5 (avail=0 int=5 lock=0 frz=0) | UAV: air=5 rtb=0 chg=0 loiter=0 | TRACKS: vis=10 lost=0 engaged=0 | TOP: black_usv9(x239,958) black_usv10(x239,988) black_usv2(x240,414) | KILL=0 | ACTIONS=10 | INTENT: focus=2 ratio=0.20
[t=2,198s] step=120 | MISSION=NORMAL_C | USV: 5/5 (avail=0 int=5 lock=0 frz=0) | UAV: air=5 rtb=0 chg=0 loiter=0 | TRACKS: vis=10 lost=0 engaged=0 | TOP: black_usv9(x238,030) black_usv10(x238,063) black_usv2(x238,530) | KILL=0 | ACTIONS=10 | INTENT: focus=2 ratio=0.20
[t=2,393s] step=130 | MISSION=NORMAL_C | USV: 5/5 (avail=0 int=5 lock=0 frz=0) | UAV: air=5 rtb=0 chg=0 loiter=0 | TRACKS: vis=10 lost=0 engaged=0 | TOP: black_usv9(x236,086) black_usv10(x236,123) black_usv2(x236,631) | KILL=0 | ACTIONS=10 | INTENT: focus=2 ratio=0.20
[t=2,584s] step=140 | MISSION=NORMAL_C | USV: 5/5 (avail=0 int=5 lock=0 frz=0) | UAV: air=5 rtb=0 chg=0 loiter=0 | TRACKS: vis=10 lost=0 engaged=0 | TOP: black_usv9(x234,183) black_usv10(x234,223) black_usv2(x234,771) | KILL=0 | ACTIONS=10 | INTENT: focus=2 ratio=0.20
[t=2,777s] step=150 | MISSION=NORMAL_C | USV: 5/5 (avail=0 int=5 lock=0 frz=0) | UAV: air=5 rtb=0 chg=0 loiter=0 | TRACKS: vis=10 lost=0 engaged=0 | TOP: black_usv9(x232,251) black_usv10(x232,294) black_usv2(x232,884) | KILL=0 | ACTIONS=10 | INTENT: focus=2 ratio=0.20
[t=2,972s] step=160 | MISSION=NORMAL_C | USV: 5/5 (avail=0 int=5 lock=0 frz=0) | UAV: air=5 rtb=0 chg=0 loiter=0 | TRACKS: vis=10 lost=0 engaged=0 | TOP: black_usv9(x230,306) black_usv10(x230,351) black_usv2(x230,982) | KILL=0 | ACTIONS=10 | INTENT: focus=2 ratio=0.20
[t=3,166s] step=170 | MISSION=NORMAL_C | USV: 5/5 (avail=0 int=5 lock=0 frz=0) | UAV: air=5 rtb=0 chg=0 loiter=0 | TRACKS: vis=10 lost=0 engaged=0 | TOP: black_usv9(x228,373) black_usv10(x228,421) black_usv2(x229,094) | KILL=0 | ACTIONS=10 | INTENT: focus=2 ratio=0.20
[t=3,360s] step=180 | MISSION=NORMAL_C | USV: 5/5 (avail=0 int=5 lock=0 frz=0) | UAV: air=5 rtb=0 chg=0 loiter=0 | TRACKS: vis=10 lost=0 engaged=0 | TOP: black_usv9(x226,430) black_usv10(x226,482) black_usv2(x227,195) | KILL=0 | ACTIONS=10 | INTENT: focus=2 ratio=0.20
[t=3,556s] step=190 | MISSION=NORMAL_C | USV: 5/5 (avail=0 int=5 lock=0 frz=0) | UAV: air=5 rtb=0 chg=0 loiter=0 | TRACKS: vis=10 lost=0 engaged=0 | TOP: black_usv9(x224,469) black_usv10(x224,524) black_usv2(x225,279) | KILL=0 | ACTIONS=10 | INTENT: focus=2 ratio=0.20
[t=3,758s] step=200 | MISSION=NORMAL_C | USV: 5/5 (avail=0 int=5 lock=0 frz=0) | UAV: air=5 rtb=0 chg=0 loiter=0 | TRACKS: vis=10 lost=0 engaged=0 | TOP: black_usv9(x222,459) black_usv10(x222,516) black_usv2(x223,314) | KILL=0 | ACTIONS=10 | INTENT: focus=2 ratio=0.20
[t=3,957s] step=210 | MISSION=NORMAL_C | USV: 5/5 (avail=0 int=5 lock=0 frz=0) | UAV: air=5 rtb=0 chg=0 loiter=0 | TRACKS: vis=10 lost=0 engaged=0 | TOP: black_usv9(x220,468) black_usv10(x220,529) black_usv2(x221,369) | KILL=0 | ACTIONS=10 | INTENT: focus=2 ratio=0.20
[t=4,161s] step=220 | MISSION=NORMAL_C | USV: 5/5 (avail=0 int=5 lock=0 frz=0) | UAV: air=5 rtb=0 chg=0 loiter=0 | TRACKS: vis=10 lost=0 engaged=0 | TOP: black_usv9(x218,435) black_usv10(x218,499) black_usv2(x219,383) | KILL=0 | ACTIONS=10 | INTENT: focus=2 ratio=0.20
[t=4,354s] step=230 | MISSION=NORMAL_C | USV: 5/5 (avail=0 int=5 lock=0 frz=0) | UAV: air=5 rtb=0 chg=0 loiter=0 | TRACKS: vis=10 lost=0 engaged=0 | TOP: black_usv9(x216,509) black_usv10(x216,575) black_usv3(x218,940) | KILL=0 | ACTIONS=10 | INTENT: focus=2 ratio=0.20
[t=4,534s] step=240 | MISSION=NORMAL_C | USV: 5/5 (avail=0 int=5 lock=0 frz=0) | UAV: air=5 rtb=0 chg=0 loiter=0 | TRACKS: vis=10 lost=0 engaged=0 | TOP: black_usv9(x214,716) black_usv10(x214,785) black_usv2(x215,709) | KILL=0 | ACTIONS=10 | INTENT: focus=2 ratio=0.20
[t=4,716s] step=250 | MISSION=NORMAL_C | USV: 5/5 (avail=0 int=5 lock=0 frz=0) | UAV: air=5 rtb=0 chg=0 loiter=0 | TRACKS: vis=10 lost=0 engaged=0 | TOP: black_usv9(x212,899) black_usv10(x212,971) black_usv2(x213,894) | KILL=0 | ACTIONS=10 | INTENT: focus=2 ratio=0.20
[t=4,915s] step=260 | MISSION=NORMAL_C | USV: 5/5 (avail=0 int=5 lock=0 frz=0) | UAV: air=5 rtb=0 chg=0 loiter=0 | TRACKS: vis=10 lost=0 engaged=0 | TOP: black_usv9(x210,912) black_usv10(x210,987) black_usv2(x211,911) | KILL=0 | ACTIONS=10 | INTENT: focus=2 ratio=0.20
[t=5,111s] step=270 | MISSION=NORMAL_C | USV: 5/5 (avail=0 int=5 lock=0 frz=0) | UAV: air=5 rtb=0 chg=0 loiter=0 | TRACKS: vis=10 lost=0 engaged=0 | TOP: black_usv9(x208,948) black_usv10(x209,026) black_usv2(x209,950) | KILL=0 | ACTIONS=10 | INTENT: focus=2 ratio=0.20
[t=5,311s] step=280 | MISSION=NORMAL_C | USV: 5/5 (avail=0 int=5 lock=0 frz=0) | UAV: air=5 rtb=0 chg=0 loiter=0 | TRACKS: vis=10 lost=0 engaged=0 | TOP: black_usv9(x206,955) black_usv10(x207,037) black_usv2(x207,960) | KILL=0 | ACTIONS=10 | INTENT: focus=2 ratio=0.20
[t=5,511s] step=290 | MISSION=NORMAL_C | USV: 5/5 (avail=0 int=5 lock=0 frz=0) | UAV: air=5 rtb=0 chg=0 loiter=0 | TRACKS: vis=10 lost=0 engaged=0 | TOP: black_usv9(x204,958) black_usv10(x205,042) black_usv2(x205,966) | KILL=0 | ACTIONS=10 | INTENT: focus=2 ratio=0.20
[t=5,709s] step=300 | MISSION=NORMAL_C | USV: 5/5 (avail=0 int=5 lock=0 frz=0) | UAV: air=5 rtb=0 chg=0 loiter=0 | TRACKS: vis=10 lost=0 engaged=0 | TOP: black_usv10(x203,068) black_usv2(x203,991) black_usv1(x207,299) | KILL=0 | ACTIONS=10 | INTENT: focus=2 ratio=0.20
[t=5,904s] step=310 | MISSION=NORMAL_C | USV: 5/5 (avail=0 int=5 lock=0 frz=0) | UAV: air=5 rtb=0 chg=0 loiter=0 | TRACKS: vis=10 lost=0 engaged=0 | TOP: black_usv10(x201,120) black_usv2(x202,043) black_usv1(x205,496) | KILL=0 | ACTIONS=10 | INTENT: focus=2 ratio=0.20
[t=6,110s] step=320 | MISSION=NORMAL_C | USV: 5/5 (avail=0 int=5 lock=0 frz=0) | UAV: air=5 rtb=0 chg=0 loiter=0 | TRACKS: vis=10 lost=0 engaged=0 | TOP: black_usv10(x199,067) black_usv2(x199,991) black_usv1(x203,596) | KILL=0 | ACTIONS=10 | INTENT: focus=2 ratio=0.20
[t=6,311s] step=330 | MISSION=NORMAL_C | USV: 5/5 (avail=0 int=5 lock=0 frz=0) | UAV: air=5 rtb=0 chg=0 loiter=0 | TRACKS: vis=10 lost=0 engaged=0 | TOP: black_usv10(x197,068) black_usv2(x197,991) black_usv1(x201,745) | KILL=0 | ACTIONS=10 | INTENT: focus=2 ratio=0.20
[t=6,497s] step=340 | MISSION=NORMAL_C | USV: 5/5 (avail=0 int=5 lock=0 frz=0) | UAV: air=5 rtb=0 chg=0 loiter=0 | TRACKS: vis=10 lost=0 engaged=0 | TOP: black_usv10(x195,213) black_usv2(x196,136) black_usv4(x203,772) | KILL=0 | ACTIONS=10 | INTENT: focus=2 ratio=0.20
[t=6,702s] step=350 | MISSION=NORMAL_C | USV: 5/5 (avail=0 int=5 lock=0 frz=0) | UAV: air=5 rtb=0 chg=0 loiter=0 | TRACKS: vis=10 lost=0 engaged=0 | TOP: black_usv10(x193,174) black_usv2(x194,098) black_usv4(x201,957) | KILL=0 | ACTIONS=10 | INTENT: focus=2 ratio=0.20
[t=6,907s] step=360 | MISSION=NORMAL_C | USV: 5/5 (avail=0 int=5 lock=0 frz=0) | UAV: air=5 rtb=0 chg=0 loiter=0 | TRACKS: vis=10 lost=0 engaged=0 | TOP: black_usv10(x191,127) black_usv2(x192,050) black_usv4(x200,134) | KILL=0 | ACTIONS=10 | INTENT: focus=2 ratio=0.20
[t=7,112s] step=370 | MISSION=NORMAL_C | USV: 5/5 (avail=0 int=5 lock=0 frz=0) | UAV: air=5 rtb=0 chg=0 loiter=0 | TRACKS: vis=10 lost=0 engaged=0 | TOP: black_usv10(x189,082) black_usv2(x190,006) black_usv4(x198,314) | KILL=0 | ACTIONS=10 | INTENT: focus=2 ratio=0.20
[t=7,320s] step=380 | MISSION=NORMAL_C | USV: 5/5 (avail=0 int=5 lock=0 frz=0) | UAV: air=5 rtb=0 chg=0 loiter=0 | TRACKS: vis=10 lost=0 engaged=0 | TOP: black_usv10(x187,009) black_usv2(x187,932) black_usv4(x196,468) | KILL=0 | ACTIONS=10 | INTENT: focus=2 ratio=0.20
      [ASSIGN] white_usv2->black_usv6(机会锁定)
      [ASSIGN] white_usv5->black_usv8(机会锁定)
      [ASSIGN] white_usv1->black_usv6(机会锁定)
[t=7,537s] step=390 | MISSION=NORMAL_C | USV: 5/5 (avail=0 int=0 lock=5 frz=0) | UAV: air=5 rtb=0 chg=0 loiter=0 | TRACKS: vis=10 lost=0 engaged=3 | TOP: black_usv10(x184,846) black_usv2(x185,769) black_usv4(x194,542) | KILL=0 | ACTIONS=10 | INTENT: focus=2 ratio=0.20
      [ASSIGN] white_usv3->black_usv2(机会锁定)
      [ASSIGN] white_usv4->black_usv10(机会锁定)
      [ASSIGN] white_usv2->black_usv3(机会锁定)
      [ASSIGN] white_usv1->black_usv3(机会锁定)
      [ASSIGN] white_usv5->black_usv7(机会锁定)
[t=7,753s] step=400 | MISSION=NORMAL_C | USV: 5/5 (avail=0 int=0 lock=5 frz=0) | UAV: air=5 rtb=0 chg=0 loiter=0 | TRACKS: vis=10 lost=0 engaged=4 | TOP: black_usv8(x182,728) black_usv6(x183,647) black_usv4(x192,621) | KILL=1 | ACTIONS=10 | INTENT: focus=2 ratio=0.20
[t=7,955s] step=410 | MISSION=NORMAL_C | USV: 5/5 (avail=0 int=0 lock=5 frz=0) | UAV: air=5 rtb=0 chg=0 loiter=0 | TRACKS: vis=10 lost=0 engaged=4 | TOP: black_usv8(x180,715) black_usv6(x183,647) black_usv4(x190,726) | KILL=1 | ACTIONS=10 | INTENT: focus=2 ratio=0.20
      [ASSIGN] white_usv3->black_usv8(机会锁定)
      [ASSIGN] white_usv4->black_usv9(机会锁定)
      [ASSIGN] white_usv2->black_usv2(机会锁定)
      [ASSIGN] white_usv1->black_usv2(机会锁定)
      [ASSIGN] white_usv5->black_usv10(机会锁定)
[t=8,155s] step=420 | MISSION=NORMAL_C | USV: 5/5 (avail=0 int=0 lock=5 frz=0) | UAV: air=5 rtb=0 chg=0 loiter=0 | TRACKS: vis=10 lost=0 engaged=4 | TOP: black_usv7(x182,851) black_usv6(x183,647) black_usv4(x188,752) | KILL=2 | ACTIONS=10 | INTENT: focus=2 ratio=0.20
      [KILL] black_usv6
      [ASSIGN] white_usv3->black_usv5(机会锁定)
      [ASSIGN] white_usv4->black_usv8(机会锁定)
      [ASSIGN] white_usv2->black_usv9(机会锁定)
      [ASSIGN] white_usv1->black_usv9(机会锁定)
[t=8,362s] step=430 | MISSION=NORMAL_C | USV: 5/5 (avail=0 int=2 lock=3 frz=0) | UAV: air=5 rtb=0 chg=0 loiter=0 | TRACKS: vis=9 lost=0 engaged=3 | TOP: black_usv7(x182,851) black_usv4(x186,705) black_usv3(x183,421) | KILL=3 | ACTIONS=10 | INTENT: focus=2 ratio=0.20
      [ASSIGN] white_usv5->black_usv7(机会锁定)
      [ASSIGN] white_usv5->black_usv10(机会锁定)
[t=8,557s] step=440 | MISSION=NORMAL_C | USV: 5/5 (avail=0 int=0 lock=5 frz=0) | UAV: air=5 rtb=0 chg=0 loiter=0 | TRACKS: vis=9 lost=0 engaged=4 | TOP: black_usv2(x180,710) black_usv7(x182,851) black_usv4(x184,782) | KILL=3 | ACTIONS=10 | INTENT: focus=2 ratio=0.20
      [ASSIGN] white_usv3->black_usv2(机会锁定)
      [ASSIGN] white_usv3->black_usv3(机会锁定)
      [KILL] black_usv7
      [ASSIGN] white_usv4->black_usv10(机会锁定)
      [ASSIGN] white_usv2->black_usv8(机会锁定)
      [ASSIGN] white_usv1->black_usv8(机会锁定)
      [ASSIGN] white_usv2->black_usv2(机会锁定)
      [ASSIGN] white_usv1->black_usv9(机会锁定)
      [ASSIGN] white_usv5->black_usv8(机会锁定)
      [ASSIGN] white_usv2->black_usv8(机会锁定)
      [ASSIGN] white_usv1->black_usv8(机会锁定)
      [ASSIGN] white_usv5->black_usv9(机会锁定)
      [ASSIGN] white_usv2->black_usv2(机会锁定)
      [ASSIGN] white_usv1->black_usv9(机会锁定)
[t=8,744s] step=450 | MISSION=NORMAL_C | USV: 5/5 (avail=0 int=3 lock=2 frz=0) | UAV: air=5 rtb=0 chg=0 loiter=0 | TRACKS: vis=7 lost=1 engaged=2 | TOP: black_usv2(x180,710) black_usv4(x182,927) black_usv10(x172,812) | KILL=5 | ACTIONS=10 | INTENT: focus=2 ratio=0.20
      [ASSIGN] white_usv5->black_usv8(机会锁定)
      [ASSIGN] white_usv2->black_usv8(机会锁定)
      [ASSIGN] white_usv1->black_usv8(机会锁定)
      [ASSIGN] white_usv5->black_usv9(机会锁定)
      [ASSIGN] white_usv2->black_usv2(机会锁定)
      [ASSIGN] white_usv1->black_usv9(机会锁定)
      [ASSIGN] white_usv5->black_usv8(机会锁定)
      [ASSIGN] white_usv2->black_usv8(机会锁定)
      [ASSIGN] white_usv1->black_usv8(机会锁定)
      [ASSIGN] white_usv5->black_usv9(机会锁定)
      [ASSIGN] white_usv2->black_usv2(机会锁定)
      [ASSIGN] white_usv1->black_usv9(机会锁定)
      [ASSIGN] white_usv5->black_usv8(机会锁定)
      [ASSIGN] white_usv2->black_usv8(机会锁定)
      [ASSIGN] white_usv1->black_usv8(机会锁定)
      [ASSIGN] white_usv5->black_usv9(机会锁定)
      [ASSIGN] white_usv2->black_usv2(机会锁定)
      [ASSIGN] white_usv1->black_usv9(机会锁定)
      [ASSIGN] white_usv5->black_usv8(机会锁定)
      [ASSIGN] white_usv2->black_usv8(机会锁定)
      [ASSIGN] white_usv1->black_usv8(机会锁定)
      [ASSIGN] white_usv5->black_usv9(机会锁定)
      [ASSIGN] white_usv2->black_usv2(机会锁定)
      [ASSIGN] white_usv1->black_usv9(机会锁定)
      [ASSIGN] white_usv5->black_usv8(机会锁定)
      [ASSIGN] white_usv2->black_usv8(机会锁定)
      [ASSIGN] white_usv1->black_usv8(机会锁定)
      [ASSIGN] white_usv5->black_usv10(机会锁定)
      [ASSIGN] white_usv3->black_usv9(机会锁定)
      [ASSIGN] white_usv2->black_usv5(机会锁定)
      [ASSIGN] white_usv1->black_usv2(机会锁定)
[t=8,952s] step=460 | MISSION=NORMAL_C | USV: 5/5 (avail=0 int=4 lock=1 frz=0) | UAV: air=5 rtb=0 chg=0 loiter=0 | TRACKS: vis=8 lost=0 engaged=1 | TOP: black_usv2(x180,710) black_usv4(x180,868) black_usv10(x170,739) | KILL=6 | ACTIONS=10 | INTENT: focus=2 ratio=0.20
      [KILL] black_usv2
      [ASSIGN] white_usv3->black_usv8(机会锁定)
      [ASSIGN] white_usv4->black_usv8(机会锁定)
      [RELEASE] white_usv1->black_usv2(目标失效)
      [ASSIGN] white_usv1->black_usv8(机会锁定)
      [ASSIGN] white_usv3->black_usv3(机会锁定)
      [ASSIGN] white_usv4->black_usv10(机会锁定)
      [ASSIGN] white_usv1->black_usv3(机会锁定)
      [ASSIGN] white_usv3->black_usv8(机会锁定)
      [ASSIGN] white_usv1->black_usv8(机会锁定)
      [ASSIGN] white_usv3->black_usv3(机会锁定)
      [ASSIGN] white_usv1->black_usv3(机会锁定)
      [ASSIGN] white_usv3->black_usv8(机会锁定)
      [ASSIGN] white_usv1->black_usv8(机会锁定)
      [ASSIGN] white_usv3->black_usv3(机会锁定)
      [ASSIGN] white_usv1->black_usv3(机会锁定)
      [ASSIGN] white_usv3->black_usv8(机会锁定)
      [ASSIGN] white_usv1->black_usv8(机会锁定)
      [ASSIGN] white_usv3->black_usv3(机会锁定)
      [ASSIGN] white_usv1->black_usv3(机会锁定)
      [ASSIGN] white_usv3->black_usv8(机会锁定)
      [ASSIGN] white_usv3->black_usv9(机会锁定)
[t=9,157s] step=470 | MISSION=NORMAL_C | USV: 5/5 (avail=0 int=2 lock=3 frz=0) | UAV: air=5 rtb=0 chg=0 loiter=0 | TRACKS: vis=7 lost=0 engaged=2 | TOP: black_usv4(x178,842) black_usv9(x179,227) black_usv8(x176,789) | KILL=6 | ACTIONS=10 | INTENT: focus=2 ratio=0.20
      [ASSIGN] white_usv3->black_usv8(机会锁定)
      [ASSIGN] white_usv3->black_usv9(机会锁定)
      [ASSIGN] white_usv3->black_usv8(机会锁定)
      [ASSIGN] white_usv1->black_usv8(机会锁定)
      [ASSIGN] white_usv3->black_usv3(机会锁定)
      [ASSIGN] white_usv1->black_usv3(机会锁定)
      [KILL] black_usv8
      [ASSIGN] white_usv5->black_usv9(机会锁定)
      [ASSIGN] white_usv3->black_usv9(机会锁定)
      [ASSIGN] white_usv2->black_usv9(机会锁定)
      [ASSIGN] white_usv1->black_usv5(机会锁定)
      [KILL] black_usv9
      [RELEASE] white_usv5->black_usv9(目标失效)
      [ASSIGN] white_usv5->black_usv10(机会锁定)
      [RELEASE] white_usv3->black_usv9(目标失效)
      [ASSIGN] white_usv3->black_usv3(机会锁定)
      [RELEASE] white_usv2->black_usv9(目标失效)
      [ASSIGN] white_usv2->black_usv3(机会锁定)
      [ASSIGN] white_usv3->black_usv5(机会锁定)
      [ASSIGN] white_usv2->black_usv5(机会锁定)
[t=9,380s] step=480 | MISSION=NORMAL_C | USV: 5/5 (avail=0 int=2 lock=3 frz=0) | UAV: air=5 rtb=0 chg=0 loiter=0 | TRACKS: vis=5 lost=0 engaged=1 | TOP: black_usv4(x176,642) black_usv3(x177,778) black_usv1(x191,804) | KILL=7 | ACTIONS=10 | INTENT: focus=2 ratio=0.20
      [KILL] black_usv3
      [KILL] black_usv10
      [RELEASE] white_usv5->black_usv10(目标失效)
      [RELEASE] white_usv4->black_usv10(目标失效)
[t=9,580s] step=490 | MISSION=NORMAL_C | USV: 4/5 (avail=0 int=2 lock=2 frz=0) | UAV: air=5 rtb=0 chg=0 loiter=0 | TRACKS: vis=3 lost=0 engaged=1 | TOP: black_usv4(x174,665) black_usv1(x191,313) black_usv5(x174,845) | KILL=7 | ACTIONS=9 | INTENT: focus=2 ratio=0.20
      [ASSIGN] white_usv5->black_usv1
      [ASSIGN] white_usv4->black_usv4
[t=9,777s] step=500 | MISSION=NORMAL_C | USV: 4/5 (avail=0 int=4 lock=0 frz=0) | UAV: air=5 rtb=0 chg=0 loiter=0 | TRACKS: vis=3 lost=0 engaged=0 | TOP: black_usv4(x172,714) black_usv1(x190,829) black_usv5(x174,836) | KILL=8 | ACTIONS=9 | INTENT: focus=2 ratio=0.20
      [ASSIGN] white_usv5->black_usv5(机会锁定)
[t=9,982s] step=510 | MISSION=NORMAL_C | USV: 4/5 (avail=0 int=3 lock=1 frz=0) | UAV: air=5 rtb=0 chg=0 loiter=0 | TRACKS: vis=2 lost=1 engaged=1 | TOP: black_usv4(x170,686) black_usv1(x190,325) black_usv5(x174,836) | KILL=8 | ACTIONS=9 | INTENT: focus=2 ratio=0.20
      [DETECT] black_usv1
[t=10,193s] step=520 | MISSION=NORMAL_C | USV: 4/5 (avail=0 int=3 lock=1 frz=0) | UAV: air=5 rtb=0 chg=0 loiter=0 | TRACKS: vis=3 lost=0 engaged=1 | TOP: black_usv1(x189,732) black_usv4(x169,077) black_usv5(x174,836) | KILL=8 | ACTIONS=9 | INTENT: focus=2 ratio=0.20
      [KILL] black_usv5
      [RELEASE] white_usv5->black_usv5(目标失效)
      [RELEASE] white_usv2->black_usv5(目标失效)
      [RELEASE] white_usv1->black_usv5(目标失效)
      [ASSIGN] white_usv5->black_usv4
      [ASSIGN] white_usv2->black_usv1
      [ASSIGN] white_usv1->black_usv1
[t=10,390s] step=530 | MISSION=NORMAL_C | USV: 4/5 (avail=0 int=2 lock=2 frz=0) | UAV: air=5 rtb=0 chg=0 loiter=0 | TRACKS: vis=1 lost=1 engaged=1 | TOP: black_usv4(x169,077) black_usv1(x187,764) | KILL=8 | ACTIONS=9 | INTENT: focus=2 ratio=0.20
      [RELEASE] white_usv2->black_usv1(目标失效)
      [RELEASE] white_usv1->black_usv1(目标失效)
      [ASSIGN] white_usv1->black_usv4
[t=10,597s] step=540 | MISSION=NORMAL_C | USV: 4/5 (avail=1 int=3 lock=0 frz=0) | UAV: air=5 rtb=0 chg=0 loiter=0 | TRACKS: vis=1 lost=0 engaged=0 | TOP: black_usv4(x168,939) | KILL=9 | ACTIONS=9 | INTENT: focus=2 ratio=0.20
      [DETECT] black_usv1
      [ASSIGN] white_usv2->black_usv1(机会锁定)
[t=10,803s] step=550 | MISSION=NORMAL_C | USV: 4/5 (avail=0 int=3 lock=1 frz=0) | UAV: air=5 rtb=0 chg=0 loiter=0 | TRACKS: vis=2 lost=0 engaged=1 | TOP: black_usv1(x183,635) black_usv4(x168,939) | KILL=9 | ACTIONS=9 | INTENT: focus=2 ratio=0.20
[t=11,021s] step=560 | MISSION=NORMAL_C | USV: 4/5 (avail=0 int=3 lock=1 frz=0) | UAV: air=5 rtb=0 chg=0 loiter=0 | TRACKS: vis=2 lost=0 engaged=1 | TOP: black_usv1(x182,165) black_usv4(x168,939) | KILL=9 | ACTIONS=9 | INTENT: focus=2 ratio=0.20
      [KILL] black_usv4
      [RELEASE] white_usv5->black_usv4(目标失效)
      [RELEASE] white_usv4->black_usv4(目标失效)
      [RELEASE] white_usv1->black_usv4(目标失效)
      [ASSIGN] white_usv5->black_usv1
      [ASSIGN] white_usv4->black_usv1
[t=11,217s] step=570 | MISSION=NORMAL_C | USV: 4/5 (avail=1 int=2 lock=1 frz=0) | UAV: air=5 rtb=0 chg=0 loiter=0 | TRACKS: vis=1 lost=0 engaged=1 | TOP: black_usv1(x182,165) | KILL=9 | ACTIONS=9 | INTENT: focus=2 ratio=0.20
[t=11,410s] step=580 | MISSION=NORMAL_C | USV: 4/5 (avail=1 int=2 lock=1 frz=0) | UAV: air=5 rtb=0 chg=0 loiter=0 | TRACKS: vis=1 lost=0 engaged=1 | TOP: black_usv1(x180,582) | KILL=9 | ACTIONS=9 | INTENT: focus=2 ratio=0.20
[t=11,672s] step=590 | MISSION=TERMINAL | USV: 4/5 (avail=1 int=3 lock=0 frz=0) | UAV: air=5 rtb=0 chg=0 loiter=0 | TRACKS: vis=1 lost=0 engaged=0 | TOP: black_usv1(x178,848) | KILL=10 | ACTIONS=9 | INTENT: focus=2 ratio=0.20

========================================================================
对局结果: Result.Victory — 敌方所有单位被击毁
  击杀蓝舰: 10 | 命中: 20 | 我方USV损失: 1 | UAV损失: 0 | 突破: 0
[META] result=Result.Victory victory_time=11672 first_detection=1851 first_lock=7364 first_kill=8274 enemy_kills=10 friendly_usv_losses=1 friendly_uav_losses=0 black_breakthrough=0 reacquire_attempts=6 reacquire_success=6 sensor_assisted_locks=56 low_conf_commitments=0 global_reacquire_entries=0 global_reacquire_success=0 coverage_collapse_events=1 active_clusters_max=1 coverage_quality_final=0.21 commander_source=default_intent commander_calls=0 commander_changes=0 commander_no_change=0 commander_parse_failures=0 commander_api_failures=0 commander_policy_failures=0 commander_avg_latency=0.0
Done
