========================================================================
HYBRID AGENT V5 — Variable-Cardinality Hierarchical Maritime Agent
  启用UAV: True | LLM_ENABLED: False
========================================================================
对局 71 开始
      [UAV RELAUNCH] white_uav6
      [UAV RELAUNCH] white_uav8
      [UAV RELAUNCH] white_uav2
      [UAV RELAUNCH] white_uav3
      [UAV RELAUNCH] white_uav5
      [UAV RELAUNCH] white_uav1
      [UAV RELAUNCH] white_uav9
      [UAV RELAUNCH] white_uav7
      [UAV RELAUNCH] white_uav4
      [UAV RELAUNCH] white_uav10
[t=239s] step=10 | MISSION=NORMAL_C | USV: 10/10 (avail=10 int=0 lock=0 frz=0) | UAV: air=10 rtb=0 chg=0 loiter=0 | TRACKS: vis=0 lost=0 engaged=0 | TOP:  | KILL=0 | ACTIONS=20 | INTENT: focus=2 ratio=0.20
  [INTENT APPLIED]
    ThreatAllocator: focus 2 emergency 3 reserve_ratio 0.20 reserve_usvs None bias breakthrough_eta
    UAVManager: mode search_and_reacquire uav_priority []
[t=512s] step=20 | MISSION=NORMAL_C | USV: 10/10 (avail=10 int=0 lock=0 frz=0) | UAV: air=10 rtb=0 chg=0 loiter=0 | TRACKS: vis=0 lost=0 engaged=0 | TOP:  | KILL=0 | ACTIONS=20 | INTENT: focus=2 ratio=0.20
[t=788s] step=30 | MISSION=NORMAL_C | USV: 10/10 (avail=10 int=0 lock=0 frz=0) | UAV: air=10 rtb=0 chg=0 loiter=0 | TRACKS: vis=0 lost=0 engaged=0 | TOP:  | KILL=0 | ACTIONS=20 | INTENT: focus=2 ratio=0.20
[t=1,053s] step=40 | MISSION=NORMAL_C | USV: 10/10 (avail=10 int=0 lock=0 frz=0) | UAV: air=10 rtb=0 chg=0 loiter=0 | TRACKS: vis=0 lost=0 engaged=0 | TOP:  | KILL=0 | ACTIONS=20 | INTENT: focus=2 ratio=0.20
[t=1,324s] step=50 | MISSION=NORMAL_C | USV: 10/10 (avail=10 int=0 lock=0 frz=0) | UAV: air=10 rtb=0 chg=0 loiter=0 | TRACKS: vis=0 lost=0 engaged=0 | TOP:  | KILL=0 | ACTIONS=20 | INTENT: focus=2 ratio=0.20
[t=1,610s] step=60 | MISSION=NORMAL_C | USV: 10/10 (avail=10 int=0 lock=0 frz=0) | UAV: air=10 rtb=0 chg=0 loiter=0 | TRACKS: vis=0 lost=0 engaged=0 | TOP:  | KILL=0 | ACTIONS=20 | INTENT: focus=2 ratio=0.20
[t=1,904s] step=70 | MISSION=NORMAL_C | USV: 10/10 (avail=10 int=0 lock=0 frz=0) | UAV: air=10 rtb=0 chg=0 loiter=0 | TRACKS: vis=0 lost=0 engaged=0 | TOP:  | KILL=0 | ACTIONS=20 | INTENT: focus=2 ratio=0.20
      [DETECT] black_usv6
      [DETECT] black_usv3
      [DETECT] black_usv18
      [DETECT] black_usv2
      [DETECT] black_usv16
      [DETECT] black_usv11
      [DETECT] black_usv12
      [DETECT] black_usv14
      [DETECT] black_usv9
      [DETECT] black_usv17
      [DETECT] black_usv7
      [DETECT] black_usv10
      [DETECT] black_usv8
      [DETECT] black_usv15
      [DETECT] black_usv4
      [DETECT] black_usv13
      [DETECT] black_usv1
      [DETECT] black_usv5
      [ASSIGN] white_usv6->black_usv8
      [ASSIGN] white_usv9->black_usv16
      [ASSIGN] white_usv1->black_usv1
      [ASSIGN] white_usv2->black_usv2
      [ASSIGN] white_usv4->black_usv4
      [ASSIGN] white_usv7->black_usv17
      [ASSIGN] white_usv10->black_usv9
      [ASSIGN] white_usv5->black_usv5
      [DETECT] black_usv20
      [DETECT] black_usv19
      [ASSIGN] white_usv3->black_usv10
      [ASSIGN] white_usv8->black_usv18
[t=2,205s] step=80 | MISSION=NORMAL_C | USV: 10/10 (avail=0 int=10 lock=0 frz=0) | UAV: air=10 rtb=0 chg=0 loiter=0 | TRACKS: vis=20 lost=0 engaged=0 | TOP: black_usv11(x246,808) black_usv6(x246,894) black_usv15(x246,956) | KILL=0 | ACTIONS=20 | INTENT: focus=2 ratio=0.20
[t=2,491s] step=90 | MISSION=NORMAL_C | USV: 10/10 (avail=0 int=10 lock=0 frz=0) | UAV: air=10 rtb=0 chg=0 loiter=0 | TRACKS: vis=20 lost=0 engaged=0 | TOP: black_usv11(x245,098) black_usv6(x245,195) black_usv15(x245,265) | KILL=0 | ACTIONS=20 | INTENT: focus=2 ratio=0.20
[t=2,786s] step=100 | MISSION=NORMAL_C | USV: 10/10 (avail=0 int=10 lock=0 frz=0) | UAV: air=10 rtb=0 chg=0 loiter=0 | TRACKS: vis=20 lost=0 engaged=0 | TOP: black_usv11(x243,334) black_usv6(x243,443) black_usv15(x243,521) | KILL=0 | ACTIONS=20 | INTENT: focus=2 ratio=0.20
[t=3,078s] step=110 | MISSION=NORMAL_C | USV: 10/10 (avail=0 int=10 lock=0 frz=0) | UAV: air=10 rtb=0 chg=0 loiter=0 | TRACKS: vis=20 lost=0 engaged=0 | TOP: black_usv11(x241,589) black_usv6(x241,708) black_usv15(x241,795) | KILL=0 | ACTIONS=20 | INTENT: focus=2 ratio=0.20
[t=3,365s] step=120 | MISSION=NORMAL_C | USV: 10/10 (avail=0 int=10 lock=0 frz=0) | UAV: air=10 rtb=0 chg=0 loiter=0 | TRACKS: vis=20 lost=0 engaged=0 | TOP: black_usv11(x239,873) black_usv6(x240,003) black_usv15(x240,099) | KILL=0 | ACTIONS=20 | INTENT: focus=2 ratio=0.20
[t=3,655s] step=130 | MISSION=NORMAL_C | USV: 10/10 (avail=0 int=10 lock=0 frz=0) | UAV: air=10 rtb=0 chg=0 loiter=0 | TRACKS: vis=19 lost=1 engaged=0 | TOP: black_usv11(x238,139) black_usv6(x238,281) black_usv15(x238,384) | KILL=0 | ACTIONS=20 | INTENT: focus=2 ratio=0.20
[t=3,954s] step=140 | MISSION=NORMAL_C | USV: 10/10 (avail=0 int=10 lock=0 frz=0) | UAV: air=10 rtb=0 chg=0 loiter=0 | TRACKS: vis=20 lost=0 engaged=0 | TOP: black_usv11(x236,351) black_usv6(x236,505) black_usv15(x236,617) | KILL=0 | ACTIONS=20 | INTENT: focus=2 ratio=0.20
[t=4,254s] step=150 | MISSION=NORMAL_C | USV: 10/10 (avail=0 int=10 lock=0 frz=0) | UAV: air=10 rtb=0 chg=0 loiter=0 | TRACKS: vis=20 lost=0 engaged=0 | TOP: black_usv11(x234,558) black_usv6(x234,723) black_usv15(x234,843) | KILL=0 | ACTIONS=20 | INTENT: focus=2 ratio=0.20
[t=4,562s] step=160 | MISSION=NORMAL_C | USV: 10/10 (avail=0 int=10 lock=0 frz=0) | UAV: air=10 rtb=0 chg=0 loiter=0 | TRACKS: vis=20 lost=0 engaged=0 | TOP: black_usv11(x232,716) black_usv6(x232,893) black_usv15(x233,023) | KILL=0 | ACTIONS=20 | INTENT: focus=2 ratio=0.20
[t=4,859s] step=170 | MISSION=NORMAL_C | USV: 10/10 (avail=0 int=10 lock=0 frz=0) | UAV: air=10 rtb=0 chg=0 loiter=0 | TRACKS: vis=20 lost=0 engaged=0 | TOP: black_usv11(x230,941) black_usv6(x231,129) black_usv15(x231,267) | KILL=0 | ACTIONS=20 | INTENT: focus=2 ratio=0.20
[t=5,161s] step=180 | MISSION=NORMAL_C | USV: 10/10 (avail=0 int=10 lock=0 frz=0) | UAV: air=10 rtb=0 chg=0 loiter=0 | TRACKS: vis=20 lost=0 engaged=0 | TOP: black_usv11(x229,135) black_usv6(x229,336) black_usv15(x229,482) | KILL=0 | ACTIONS=20 | INTENT: focus=2 ratio=0.20
[t=5,449s] step=190 | MISSION=NORMAL_C | USV: 10/10 (avail=0 int=10 lock=0 frz=0) | UAV: air=10 rtb=0 chg=0 loiter=0 | TRACKS: vis=20 lost=0 engaged=0 | TOP: black_usv11(x227,413) black_usv6(x227,625) black_usv15(x227,779) | KILL=0 | ACTIONS=20 | INTENT: focus=2 ratio=0.20
[t=5,752s] step=200 | MISSION=NORMAL_C | USV: 10/10 (avail=0 int=10 lock=0 frz=0) | UAV: air=10 rtb=0 chg=0 loiter=0 | TRACKS: vis=20 lost=0 engaged=0 | TOP: black_usv11(x225,602) black_usv6(x225,825) black_usv15(x225,988) | KILL=0 | ACTIONS=20 | INTENT: focus=2 ratio=0.20
[t=6,051s] step=210 | MISSION=NORMAL_C | USV: 10/10 (avail=0 int=10 lock=0 frz=0) | UAV: air=10 rtb=0 chg=0 loiter=0 | TRACKS: vis=20 lost=0 engaged=0 | TOP: black_usv11(x223,814) black_usv6(x224,049) black_usv15(x224,220) | KILL=0 | ACTIONS=20 | INTENT: focus=2 ratio=0.20
[t=6,350s] step=220 | MISSION=NORMAL_C | USV: 10/10 (avail=0 int=10 lock=0 frz=0) | UAV: air=10 rtb=0 chg=0 loiter=0 | TRACKS: vis=20 lost=0 engaged=0 | TOP: black_usv11(x222,027) black_usv6(x222,273) black_usv15(x222,453) | KILL=0 | ACTIONS=20 | INTENT: focus=2 ratio=0.20
[t=6,650s] step=230 | MISSION=NORMAL_C | USV: 10/10 (avail=0 int=10 lock=0 frz=0) | UAV: air=10 rtb=0 chg=0 loiter=0 | TRACKS: vis=19 lost=1 engaged=0 | TOP: black_usv11(x220,233) black_usv6(x220,491) black_usv15(x220,679) | KILL=0 | ACTIONS=20 | INTENT: focus=2 ratio=0.20
[t=6,955s] step=240 | MISSION=NORMAL_C | USV: 10/10 (avail=0 int=10 lock=0 frz=0) | UAV: air=10 rtb=0 chg=0 loiter=0 | TRACKS: vis=20 lost=0 engaged=0 | TOP: black_usv11(x218,410) black_usv6(x218,680) black_usv15(x218,876) | KILL=0 | ACTIONS=20 | INTENT: focus=2 ratio=0.20
[t=7,257s] step=250 | MISSION=NORMAL_C | USV: 10/10 (avail=0 int=10 lock=0 frz=0) | UAV: air=10 rtb=0 chg=0 loiter=0 | TRACKS: vis=19 lost=1 engaged=0 | TOP: black_usv11(x216,604) black_usv6(x216,886) black_usv15(x217,091) | KILL=0 | ACTIONS=20 | INTENT: focus=2 ratio=0.20
[t=7,544s] step=260 | MISSION=NORMAL_C | USV: 10/10 (avail=0 int=10 lock=0 frz=0) | UAV: air=10 rtb=0 chg=0 loiter=0 | TRACKS: vis=20 lost=0 engaged=0 | TOP: black_usv11(x214,888) black_usv6(x215,181) black_usv15(x215,395) | KILL=0 | ACTIONS=20 | INTENT: focus=2 ratio=0.20
[t=7,837s] step=270 | MISSION=NORMAL_C | USV: 10/10 (avail=0 int=10 lock=0 frz=0) | UAV: air=10 rtb=0 chg=0 loiter=0 | TRACKS: vis=20 lost=0 engaged=0 | TOP: black_usv11(x213,136) black_usv6(x213,441) black_usv15(x213,663) | KILL=0 | ACTIONS=20 | INTENT: focus=2 ratio=0.20
[t=8,132s] step=280 | MISSION=NORMAL_C | USV: 10/10 (avail=0 int=10 lock=0 frz=0) | UAV: air=10 rtb=0 chg=0 loiter=0 | TRACKS: vis=19 lost=1 engaged=0 | TOP: black_usv11(x211,373) black_usv6(x211,689) black_usv15(x211,919) | KILL=0 | ACTIONS=20 | INTENT: focus=2 ratio=0.20
[t=8,385s] step=290 | MISSION=NORMAL_C | USV: 10/10 (avail=0 int=10 lock=0 frz=0) | UAV: air=10 rtb=0 chg=0 loiter=0 | TRACKS: vis=19 lost=1 engaged=0 | TOP: black_usv11(x209,860) black_usv6(x210,186) black_usv15(x210,423) | KILL=0 | ACTIONS=20 | INTENT: focus=2 ratio=0.20
      [ASSIGN] white_usv2->black_usv1(机会锁定)
      [ASSIGN] white_usv7->black_usv16(机会锁定)
      [ASSIGN] white_usv4->black_usv2(机会锁定)
      [ASSIGN] white_usv5->black_usv2(机会锁定)
      [ASSIGN] white_usv3->black_usv11(机会锁定)
      [ASSIGN] white_usv10->black_usv17(机会锁定)
[t=8,698s] step=300 | MISSION=NORMAL_C | USV: 10/10 (avail=0 int=0 lock=10 frz=0) | UAV: air=10 rtb=0 chg=0 loiter=0 | TRACKS: vis=19 lost=1 engaged=7 | TOP: black_usv4(x207,047) black_usv5(x207,128) black_usv9(x207,437) | KILL=0 | ACTIONS=20 | INTENT: focus=2 ratio=0.20
      [ASSIGN] white_usv6->black_usv9(机会锁定)
      [ASSIGN] white_usv9->black_usv9(机会锁定)
      [ASSIGN] white_usv1->black_usv4(机会锁定)
      [ASSIGN] white_usv2->black_usv5(机会锁定)
      [ASSIGN] white_usv7->black_usv8(机会锁定)
      [ASSIGN] white_usv4->black_usv1(机会锁定)
      [ASSIGN] white_usv10->black_usv16(机会锁定)
      [ASSIGN] white_usv5->black_usv10(机会锁定)
      [ASSIGN] white_usv3->black_usv10(机会锁定)
      [ASSIGN] white_usv10->black_usv17(机会锁定)
      [ASSIGN] white_usv8->black_usv17(机会锁定)
[t=9,024s] step=310 | MISSION=NORMAL_C | USV: 10/10 (avail=0 int=0 lock=10 frz=0) | UAV: air=10 rtb=0 chg=0 loiter=0 | TRACKS: vis=20 lost=0 engaged=7 | TOP: black_usv16(x206,273) black_usv2(x206,375) black_usv6(x206,390) | KILL=2 | ACTIONS=20 | INTENT: focus=2 ratio=0.20
      [ASSIGN] white_usv6->black_usv15(机会锁定)
      [ASSIGN] white_usv9->black_usv16(机会锁定)
      [ASSIGN] white_usv1->black_usv6(机会锁定)
      [ASSIGN] white_usv9->black_usv9(机会锁定)
      [ASSIGN] white_usv2->black_usv4(机会锁定)
      [ASSIGN] white_usv7->black_usv9(机会锁定)
      [ASSIGN] white_usv4->black_usv5(机会锁定)
      [ASSIGN] white_usv5->black_usv5(机会锁定)
      [ASSIGN] white_usv3->black_usv11(机会锁定)
      [ASSIGN] white_usv10->black_usv16(机会锁定)
      [ASSIGN] white_usv8->black_usv18(机会锁定)
      [ASSIGN] white_usv10->black_usv17(机会锁定)
      [ASSIGN] white_usv10->black_usv16(机会锁定)
      [ASSIGN] white_usv10->black_usv17(机会锁定)
      [ASSIGN] white_usv10->black_usv16(机会锁定)
      [KILL] black_usv16
      [RELEASE] white_usv10->black_usv16(目标失效)
      [ASSIGN] white_usv10->black_usv17(机会锁定)
[t=9,374s] step=320 | MISSION=NORMAL_C | USV: 10/10 (avail=0 int=1 lock=9 frz=0) | UAV: air=10 rtb=0 chg=0 loiter=0 | TRACKS: vis=19 lost=0 engaged=7 | TOP: black_usv10(x204,911) black_usv1(x205,846) black_usv2(x206,375) | KILL=6 | ACTIONS=20 | INTENT: focus=2 ratio=0.20
      [ASSIGN] white_usv6->black_usv8(机会锁定)
      [ASSIGN] white_usv1->black_usv1(机会锁定)
      [ASSIGN] white_usv10->black_usv12(机会锁定)
      [KILL] black_usv2
      [ASSIGN] white_usv6->black_usv15(机会锁定)
      [ASSIGN] white_usv1->black_usv6(机会锁定)
      [ASSIGN] white_usv10->black_usv15(机会锁定)
      [ASSIGN] white_usv9->black_usv12(机会锁定)
      [ASSIGN] white_usv2->black_usv1(机会锁定)
      [ASSIGN] white_usv7->black_usv17(机会锁定)
      [ASSIGN] white_usv2->black_usv4(机会锁定)
      [ASSIGN] white_usv4->black_usv4(机会锁定)
      [ASSIGN] white_usv7->black_usv9(机会锁定)
      [ASSIGN] white_usv5->black_usv10(机会锁定)
      [ASSIGN] white_usv3->black_usv10(机会锁定)
      [ASSIGN] white_usv2->black_usv5(机会锁定)
      [ASSIGN] white_usv4->black_usv5(机会锁定)
      [ASSIGN] white_usv7->black_usv17(机会锁定)
      [ASSIGN] white_usv5->black_usv5(机会锁定)
      [ASSIGN] white_usv3->black_usv11(机会锁定)
      [ASSIGN] white_usv8->black_usv19(机会锁定)
      [ASSIGN] white_usv2->black_usv4(机会锁定)
      [ASSIGN] white_usv4->black_usv4(机会锁定)
      [ASSIGN] white_usv7->black_usv9(机会锁定)
      [ASSIGN] white_usv5->black_usv10(机会锁定)
      [ASSIGN] white_usv3->black_usv10(机会锁定)
      [ASSIGN] white_usv2->black_usv5(机会锁定)
      [ASSIGN] white_usv4->black_usv5(机会锁定)
      [ASSIGN] white_usv7->black_usv17(机会锁定)
      [ASSIGN] white_usv5->black_usv5(机会锁定)
      [ASSIGN] white_usv3->black_usv14(机会锁定)
      [ASSIGN] white_usv2->black_usv4(机会锁定)
      [ASSIGN] white_usv4->black_usv4(机会锁定)
      [ASSIGN] white_usv7->black_usv9(机会锁定)
      [ASSIGN] white_usv5->black_usv10(机会锁定)
      [ASSIGN] white_usv2->black_usv5(机会锁定)
      [ASSIGN] white_usv4->black_usv5(机会锁定)
      [ASSIGN] white_usv7->black_usv17(机会锁定)
      [ASSIGN] white_usv5->black_usv5(机会锁定)
      [KILL] black_usv10
      [KILL] black_usv8
      [KILL] black_usv1
      [ASSIGN] white_usv6->black_usv9(机会锁定)
      [ASSIGN] white_usv1->black_usv4(机会锁定)
      [ASSIGN] white_usv2->black_usv4(机会锁定)
      [ASSIGN] white_usv4->black_usv4(机会锁定)
      [ASSIGN] white_usv7->black_usv9(机会锁定)
      [ASSIGN] white_usv10->black_usv9(机会锁定)
      [ASSIGN] white_usv5->black_usv4(机会锁定)
[t=9,764s] step=330 | MISSION=NORMAL_C | USV: 10/10 (avail=0 int=7 lock=3 frz=0) | UAV: air=10 rtb=0 chg=0 loiter=0 | TRACKS: vis=15 lost=0 engaged=3 | TOP: black_usv4(x204,363) black_usv9(x204,797) black_usv18(x204,604) | KILL=12 | ACTIONS=20 | INTENT: focus=2 ratio=0.20
      [ASSIGN] white_usv6->black_usv15(机会锁定)
      [ASSIGN] white_usv9->black_usv17(机会锁定)
      [ASSIGN] white_usv1->black_usv6(机会锁定)
      [ASSIGN] white_usv2->black_usv5(机会锁定)
      [ASSIGN] white_usv4->black_usv5(机会锁定)
      [ASSIGN] white_usv7->black_usv12(机会锁定)
      [ASSIGN] white_usv10->black_usv15(机会锁定)
      [ASSIGN] white_usv5->black_usv5(机会锁定)
      [KILL] black_usv17
      [RELEASE] white_usv9->black_usv17(目标失效)
      [ASSIGN] white_usv9->black_usv9(机会锁定)
      [ASSIGN] white_usv1->black_usv4(机会锁定)
      [ASSIGN] white_usv5->black_usv4(机会锁定)
      [ASSIGN] white_usv9->black_usv12(机会锁定)
      [ASSIGN] white_usv1->black_usv6(机会锁定)
      [ASSIGN] white_usv5->black_usv6(机会锁定)
      [ASSIGN] white_usv1->black_usv4(机会锁定)
      [ASSIGN] white_usv2->black_usv14(机会锁定)
      [ASSIGN] white_usv4->black_usv4(机会锁定)
      [ASSIGN] white_usv5->black_usv4(机会锁定)
      [ASSIGN] white_usv8->black_usv18(机会锁定)
      [ASSIGN] white_usv1->black_usv6(机会锁定)
      [ASSIGN] white_usv4->black_usv5(机会锁定)
      [ASSIGN] white_usv5->black_usv5(机会锁定)
      [ASSIGN] white_usv8->black_usv19(机会锁定)
      [ASSIGN] white_usv1->black_usv4(机会锁定)
      [ASSIGN] white_usv4->black_usv4(机会锁定)
      [ASSIGN] white_usv5->black_usv4(机会锁定)
      [ASSIGN] white_usv3->black_usv11(机会锁定)
      [ASSIGN] white_usv1->black_usv6(机会锁定)
      [ASSIGN] white_usv4->black_usv5(机会锁定)
      [ASSIGN] white_usv3->black_usv5(机会锁定)
      [KILL] black_usv9
      [KILL] black_usv4
      [ASSIGN] white_usv1->black_usv11(机会锁定)
      [ASSIGN] white_usv4->black_usv11(机会锁定)
      [ASSIGN] white_usv3->black_usv11(机会锁定)
      [KILL] black_usv11
      [KILL] black_usv5
      [ASSIGN] white_usv6->black_usv3(机会锁定)
      [RELEASE] white_usv1->black_usv11(目标失效)
      [ASSIGN] white_usv1->black_usv6(机会锁定)
      [RELEASE] white_usv4->black_usv11(目标失效)
      [ASSIGN] white_usv4->black_usv6(机会锁定)
      [ASSIGN] white_usv10->black_usv3(机会锁定)
      [RELEASE] white_usv3->black_usv11(目标失效)
      [ASSIGN] white_usv3->black_usv14(机会锁定)
      [KILL] black_usv18
      [ASSIGN] white_usv6->black_usv15(机会锁定)
      [ASSIGN] white_usv1->black_usv15(机会锁定)
      [ASSIGN] white_usv4->black_usv15(机会锁定)
[t=10,163s] step=340 | MISSION=NORMAL_C | USV: 9/10 (avail=0 int=3 lock=6 frz=0) | UAV: air=10 rtb=0 chg=0 loiter=0 | TRACKS: vis=9 lost=0 engaged=4 | TOP: black_usv15(x202,064) black_usv20(x203,027) black_usv19(x200,498) | KILL=13 | ACTIONS=19 | INTENT: focus=2 ratio=0.20
      [ASSIGN] white_usv6->black_usv14(机会锁定)
      [ASSIGN] white_usv9->black_usv19(机会锁定)
      [ASSIGN] white_usv1->black_usv6(机会锁定)
      [ASSIGN] white_usv4->black_usv6(机会锁定)
      [ASSIGN] white_usv6->black_usv15(机会锁定)
      [ASSIGN] white_usv1->black_usv15(机会锁定)
      [ASSIGN] white_usv2->black_usv15(机会锁定)
      [ASSIGN] white_usv4->black_usv15(机会锁定)
      [ASSIGN] white_usv7->black_usv15(机会锁定)
      [ASSIGN] white_usv3->black_usv15(机会锁定)
      [ASSIGN] white_usv1->black_usv6(机会锁定)
      [ASSIGN] white_usv2->black_usv14(机会锁定)
      [ASSIGN] white_usv4->black_usv6(机会锁定)
      [ASSIGN] white_usv7->black_usv12(机会锁定)
      [ASSIGN] white_usv3->black_usv14(机会锁定)
      [ASSIGN] white_usv8->black_usv12(机会锁定)
      [ASSIGN] white_usv1->black_usv7(机会锁定)
      [ASSIGN] white_usv2->black_usv15(机会锁定)
      [ASSIGN] white_usv4->black_usv7(机会锁定)
      [ASSIGN] white_usv7->black_usv15(机会锁定)
      [ASSIGN] white_usv3->black_usv15(机会锁定)
      [ASSIGN] white_usv8->black_usv13(机会锁定)
      [KILL] black_usv6
      [ASSIGN] white_usv2->black_usv14(机会锁定)
      [ASSIGN] white_usv7->black_usv12(机会锁定)
      [ASSIGN] white_usv3->black_usv14(机会锁定)
      [ASSIGN] white_usv8->black_usv12(机会锁定)
      [ASSIGN] white_usv2->black_usv15(机会锁定)
      [ASSIGN] white_usv3->black_usv15(机会锁定)
      [ASSIGN] white_usv8->black_usv13(机会锁定)
      [ASSIGN] white_usv2->black_usv14(机会锁定)
      [ASSIGN] white_usv3->black_usv14(机会锁定)
      [ASSIGN] white_usv8->black_usv19(机会锁定)
      [ASSIGN] white_usv10->black_usv13(机会锁定)
      [ASSIGN] white_usv3->black_usv15(机会锁定)
      [ASSIGN] white_usv9->black_usv3(机会锁定)
      [ASSIGN] white_usv3->black_usv3(机会锁定)
[t=10,579s] step=350 | MISSION=NORMAL_C | USV: 9/10 (avail=0 int=3 lock=6 frz=0) | UAV: air=10 rtb=0 chg=0 loiter=0 | TRACKS: vis=7 lost=1 engaged=4 | TOP: black_usv20(x200,570) black_usv19(x199,797) black_usv15(x202,064) | KILL=15 | ACTIONS=19 | INTENT: focus=2 ratio=0.20
      [KILL] black_usv14
      [RELEASE] white_usv2->black_usv14(目标失效)
      [ASSIGN] white_usv2->black_usv20
      [ASSIGN] white_usv1->black_usv15(机会锁定)
      [ASSIGN] white_usv4->black_usv15(机会锁定)
      [KILL] black_usv15
      [RELEASE] white_usv6->black_usv15(目标失效)
      [ASSIGN] white_usv6->black_usv12(机会锁定)
      [RELEASE] white_usv1->black_usv15(目标失效)
      [ASSIGN] white_usv1->black_usv7(机会锁定)
      [RELEASE] white_usv4->black_usv15(目标失效)
      [ASSIGN] white_usv4->black_usv7(机会锁定)
      [KILL] black_usv12
      [RELEASE] white_usv6->black_usv12(目标失效)
      [ASSIGN] white_usv6->black_usv3(机会锁定)
      [ASSIGN] white_usv4->black_usv3(机会锁定)
      [RELEASE] white_usv7->black_usv12(目标失效)
      [ASSIGN] white_usv7->black_usv13(机会锁定)
      [ASSIGN] white_usv9->black_usv19(机会锁定)
      [RELEASE] white_usv2->black_usv20(目标失效)
      [ASSIGN] white_usv9->black_usv13(机会锁定)
      [ASSIGN] white_usv2->black_usv3(机会锁定)
      [ASSIGN] white_usv4->black_usv7(机会锁定)
      [ASSIGN] white_usv3->black_usv7(机会锁定)
      [ASSIGN] white_usv1->black_usv3(机会锁定)
      [ASSIGN] white_usv4->black_usv3(机会锁定)
      [ASSIGN] white_usv3->black_usv3(机会锁定)
      [DETECT] black_usv20
      [ASSIGN] white_usv6->black_usv13(机会锁定)
      [ASSIGN] white_usv1->black_usv7(机会锁定)
      [ASSIGN] white_usv4->black_usv7(机会锁定)
      [ASSIGN] white_usv4->black_usv3(机会锁定)
[t=11,024s] step=360 | MISSION=NORMAL_C | USV: 9/10 (avail=0 int=5 lock=4 frz=0) | UAV: air=10 rtb=0 chg=0 loiter=0 | TRACKS: vis=5 lost=0 engaged=1 | TOP: black_usv20(x197,942) black_usv19(x198,725) black_usv3(x204,441) | KILL=18 | ACTIONS=19 | INTENT: focus=2 ratio=0.20
      [ASSIGN] white_usv4->black_usv7(机会锁定)
      [ASSIGN] white_usv4->black_usv3(机会锁定)
      [ASSIGN] white_usv8->black_usv13(机会锁定)
      [ASSIGN] white_usv6->black_usv7(机会锁定)
      [ASSIGN] white_usv2->black_usv7(机会锁定)
      [ASSIGN] white_usv4->black_usv7(机会锁定)
      [ASSIGN] white_usv7->black_usv19(机会锁定)
      [ASSIGN] white_usv10->black_usv3(机会锁定)
      [ASSIGN] white_usv8->black_usv19(机会锁定)
      [ASSIGN] white_usv6->black_usv13(机会锁定)
      [ASSIGN] white_usv1->black_usv3(机会锁定)
      [ASSIGN] white_usv2->black_usv3(机会锁定)
      [ASSIGN] white_usv4->black_usv3(机会锁定)
      [ASSIGN] white_usv7->black_usv13(机会锁定)
      [ASSIGN] white_usv10->black_usv13(机会锁定)
      [ASSIGN] white_usv8->black_usv13(机会锁定)
      [ASSIGN] white_usv6->black_usv7(机会锁定)
      [ASSIGN] white_usv1->black_usv7(机会锁定)
      [ASSIGN] white_usv2->black_usv7(机会锁定)
      [ASSIGN] white_usv4->black_usv7(机会锁定)
      [ASSIGN] white_usv8->black_usv19(机会锁定)
      [KILL] black_usv7
      [RELEASE] white_usv6->black_usv7(目标失效)
      [ASSIGN] white_usv6->black_usv3(机会锁定)
      [RELEASE] white_usv1->black_usv7(目标失效)
      [ASSIGN] white_usv1->black_usv3(机会锁定)
      [RELEASE] white_usv2->black_usv7(目标失效)
      [ASSIGN] white_usv2->black_usv3(机会锁定)
      [RELEASE] white_usv4->black_usv7(目标失效)
      [ASSIGN] white_usv4->black_usv3(机会锁定)
      [ASSIGN] white_usv10->black_usv3(机会锁定)
      [KILL] black_usv19
      [ASSIGN] white_usv6->black_usv13(机会锁定)
      [ASSIGN] white_usv10->black_usv13(机会锁定)
      [RELEASE] white_usv8->black_usv19(目标失效)
      [ASSIGN] white_usv8->black_usv13(机会锁定)
      [ASSIGN] white_usv6->black_usv3(机会锁定)
      [ASSIGN] white_usv10->black_usv3(机会锁定)
      [ASSIGN] white_usv6->black_usv13(机会锁定)
      [ASSIGN] white_usv10->black_usv13(机会锁定)
      [KILL] black_usv3
      [RELEASE] white_usv1->black_usv3(目标失效)
      [RELEASE] white_usv2->black_usv3(目标失效)
      [RELEASE] white_usv4->black_usv3(目标失效)
      [RELEASE] white_usv3->black_usv3(目标失效)
[t=11,532s] step=370 | MISSION=NORMAL_C | USV: 8/10 (avail=0 int=8 lock=0 frz=0) | UAV: air=10 rtb=0 chg=0 loiter=0 | TRACKS: vis=2 lost=0 engaged=0 | TOP: black_usv20(x194,941) black_usv13(x202,514) | KILL=19 | ACTIONS=18 | INTENT: focus=2 ratio=0.20
      [ASSIGN] white_usv1->black_usv20
      [ASSIGN] white_usv2->black_usv20
      [ASSIGN] white_usv4->black_usv20
      [ASSIGN] white_usv8->black_usv20(机会锁定)
      [ASSIGN] white_usv4->black_usv13(机会锁定)
      [KILL] black_usv13
      [RELEASE] white_usv6->black_usv13(目标失效)
      [RELEASE] white_usv4->black_usv13(目标失效)
      [RELEASE] white_usv7->black_usv13(目标失效)
      [RELEASE] white_usv10->black_usv13(目标失效)
[t=12,024s] step=380 | MISSION=NORMAL_C | USV: 8/10 (avail=5 int=2 lock=1 frz=0) | UAV: air=10 rtb=0 chg=0 loiter=0 | TRACKS: vis=1 lost=0 engaged=1 | TOP: black_usv20(x192,709) | KILL=19 | ACTIONS=18 | INTENT: focus=2 ratio=0.20
[t=12,514s] step=390 | MISSION=NORMAL_C | USV: 8/10 (avail=5 int=2 lock=1 frz=0) | UAV: air=10 rtb=0 chg=0 loiter=0 | TRACKS: vis=1 lost=0 engaged=1 | TOP: black_usv20(x190,919) | KILL=19 | ACTIONS=18 | INTENT: focus=2 ratio=0.20

========================================================================
对局结果: Result.Victory — 敌方所有单位被击毁
  击杀蓝舰: 20 | 命中: 40 | 我方USV损失: 2 | UAV损失: 0 | 突破: 0
[META] result=Result.Victory victory_time=12853 first_detection=1935 first_lock=8482 first_kill=9374 enemy_kills=20 friendly_usv_losses=2 friendly_uav_losses=0 black_breakthrough=0 reacquire_attempts=87 reacquire_success=87 sensor_assisted_locks=62 low_conf_commitments=0 global_reacquire_entries=0 global_reacquire_success=0 coverage_collapse_events=1 active_clusters_max=1 coverage_quality_final=0.29 commander_source=default_intent commander_calls=0 commander_changes=0 commander_no_change=0 commander_parse_failures=0 commander_api_failures=0 commander_policy_failures=0 commander_avg_latency=0.0
Done
