========================================================================
HYBRID AGENT V5 — Variable-Cardinality Hierarchical Maritime Agent
  启用UAV: True | LLM_ENABLED: False
========================================================================
对局 14 开始
      [UAV RELAUNCH] white_uav1
      [UAV RELAUNCH] white_uav7
      [UAV RELAUNCH] white_uav10
      [UAV RELAUNCH] white_uav5
      [UAV RELAUNCH] white_uav8
      [UAV RELAUNCH] white_uav2
      [UAV RELAUNCH] white_uav4
      [UAV RELAUNCH] white_uav6
      [UAV RELAUNCH] white_uav3
      [UAV RELAUNCH] white_uav9
[t=208s] step=10 | MISSION=NORMAL_C | USV: 10/10 (avail=10 int=0 lock=0 frz=0) | UAV: air=10 rtb=0 chg=0 loiter=0 | TRACKS: vis=0 lost=0 engaged=0 | TOP:  | KILL=0 | ACTIONS=20 | INTENT: focus=2 ratio=0.20
  [INTENT APPLIED]
    ThreatAllocator: focus 2 emergency 3 reserve_ratio 0.20 reserve_usvs None bias breakthrough_eta
    UAVManager: mode search_and_reacquire uav_priority []
[t=455s] step=20 | MISSION=NORMAL_C | USV: 10/10 (avail=10 int=0 lock=0 frz=0) | UAV: air=10 rtb=0 chg=0 loiter=0 | TRACKS: vis=0 lost=0 engaged=0 | TOP:  | KILL=0 | ACTIONS=20 | INTENT: focus=2 ratio=0.20
[t=658s] step=30 | MISSION=NORMAL_C | USV: 10/10 (avail=10 int=0 lock=0 frz=0) | UAV: air=10 rtb=0 chg=0 loiter=0 | TRACKS: vis=0 lost=0 engaged=0 | TOP:  | KILL=0 | ACTIONS=20 | INTENT: focus=2 ratio=0.20
[t=902s] step=40 | MISSION=NORMAL_C | USV: 10/10 (avail=10 int=0 lock=0 frz=0) | UAV: air=10 rtb=0 chg=0 loiter=0 | TRACKS: vis=0 lost=0 engaged=0 | TOP:  | KILL=0 | ACTIONS=20 | INTENT: focus=2 ratio=0.20
[t=1,149s] step=50 | MISSION=NORMAL_C | USV: 10/10 (avail=10 int=0 lock=0 frz=0) | UAV: air=10 rtb=0 chg=0 loiter=0 | TRACKS: vis=0 lost=0 engaged=0 | TOP:  | KILL=0 | ACTIONS=20 | INTENT: focus=2 ratio=0.20
[t=1,405s] step=60 | MISSION=NORMAL_C | USV: 10/10 (avail=10 int=0 lock=0 frz=0) | UAV: air=10 rtb=0 chg=0 loiter=0 | TRACKS: vis=0 lost=0 engaged=0 | TOP:  | KILL=0 | ACTIONS=20 | INTENT: focus=2 ratio=0.20
[t=1,657s] step=70 | MISSION=NORMAL_C | USV: 10/10 (avail=10 int=0 lock=0 frz=0) | UAV: air=10 rtb=0 chg=0 loiter=0 | TRACKS: vis=0 lost=0 engaged=0 | TOP:  | KILL=0 | ACTIONS=20 | INTENT: focus=2 ratio=0.20
      [DETECT] black_usv6
      [DETECT] black_usv8
      [DETECT] black_usv16
      [DETECT] black_usv15
      [DETECT] black_usv14
      [DETECT] black_usv4
      [DETECT] black_usv13
      [DETECT] black_usv7
      [ASSIGN] white_usv5->black_usv8
      [ASSIGN] white_usv2->black_usv4
      [ASSIGN] white_usv8->black_usv16
      [ASSIGN] white_usv3->black_usv6
      [ASSIGN] white_usv6->black_usv13
      [ASSIGN] white_usv9->black_usv15
      [ASSIGN] white_usv4->black_usv7
      [ASSIGN] white_usv7->black_usv14
[t=1,922s] step=80 | MISSION=NORMAL_C | USV: 10/10 (avail=10 int=0 lock=0 frz=0) | UAV: air=10 rtb=0 chg=0 loiter=0 | TRACKS: vis=8 lost=0 engaged=0 | TOP: black_usv8(x249,434) black_usv4(x249,435) black_usv14(x249,451) | KILL=0 | ACTIONS=20 | INTENT: focus=2 ratio=0.20
      [DETECT] black_usv3
      [DETECT] black_usv18
      [DETECT] black_usv2
      [DETECT] black_usv12
      [DETECT] black_usv11
      [DETECT] black_usv9
      [DETECT] black_usv19
      [DETECT] black_usv17
      [DETECT] black_usv10
      [DETECT] black_usv5
      [ASSIGN] white_usv10->black_usv10
      [ASSIGN] white_usv1->black_usv2
      [DETECT] black_usv20
      [DETECT] black_usv1
[t=2,178s] step=90 | MISSION=NORMAL_C | USV: 10/10 (avail=0 int=10 lock=0 frz=0) | UAV: air=10 rtb=0 chg=0 loiter=0 | TRACKS: vis=20 lost=0 engaged=0 | TOP: black_usv3(x248,122) black_usv1(x248,260) black_usv12(x248,296) | KILL=0 | ACTIONS=20 | INTENT: focus=2 ratio=0.20
[t=2,401s] step=100 | MISSION=NORMAL_C | USV: 10/10 (avail=0 int=10 lock=0 frz=0) | UAV: air=10 rtb=0 chg=0 loiter=0 | TRACKS: vis=20 lost=0 engaged=0 | TOP: black_usv3(x246,907) black_usv1(x247,059) black_usv12(x247,098) | KILL=0 | ACTIONS=20 | INTENT: focus=2 ratio=0.20
[t=2,643s] step=110 | MISSION=NORMAL_C | USV: 10/10 (avail=0 int=10 lock=0 frz=0) | UAV: air=10 rtb=0 chg=0 loiter=0 | TRACKS: vis=20 lost=0 engaged=0 | TOP: black_usv3(x245,589) black_usv1(x245,756) black_usv12(x245,799) | KILL=0 | ACTIONS=20 | INTENT: focus=2 ratio=0.20
[t=2,897s] step=120 | MISSION=NORMAL_C | USV: 10/10 (avail=0 int=10 lock=0 frz=0) | UAV: air=10 rtb=0 chg=0 loiter=0 | TRACKS: vis=20 lost=0 engaged=0 | TOP: black_usv3(x244,201) black_usv1(x244,384) black_usv12(x244,431) | KILL=0 | ACTIONS=20 | INTENT: focus=2 ratio=0.20
[t=3,156s] step=130 | MISSION=NORMAL_C | USV: 10/10 (avail=0 int=10 lock=0 frz=0) | UAV: air=10 rtb=0 chg=0 loiter=0 | TRACKS: vis=20 lost=0 engaged=0 | TOP: black_usv3(x242,794) black_usv1(x242,993) black_usv12(x243,044) | KILL=0 | ACTIONS=20 | INTENT: focus=2 ratio=0.20
[t=3,416s] step=140 | MISSION=NORMAL_C | USV: 10/10 (avail=0 int=10 lock=0 frz=0) | UAV: air=10 rtb=0 chg=0 loiter=0 | TRACKS: vis=20 lost=0 engaged=0 | TOP: black_usv3(x241,377) black_usv1(x241,592) black_usv12(x241,648) | KILL=0 | ACTIONS=20 | INTENT: focus=2 ratio=0.20
[t=3,678s] step=150 | MISSION=NORMAL_C | USV: 10/10 (avail=0 int=10 lock=0 frz=0) | UAV: air=10 rtb=0 chg=0 loiter=0 | TRACKS: vis=20 lost=0 engaged=0 | TOP: black_usv3(x239,949) black_usv1(x240,181) black_usv12(x240,241) | KILL=0 | ACTIONS=20 | INTENT: focus=2 ratio=0.20
[t=3,932s] step=160 | MISSION=NORMAL_C | USV: 10/10 (avail=0 int=10 lock=0 frz=0) | UAV: air=10 rtb=0 chg=0 loiter=0 | TRACKS: vis=20 lost=0 engaged=0 | TOP: black_usv3(x238,565) black_usv1(x238,813) black_usv12(x238,878) | KILL=0 | ACTIONS=20 | INTENT: focus=2 ratio=0.20
[t=4,204s] step=170 | MISSION=NORMAL_C | USV: 10/10 (avail=0 int=10 lock=0 frz=0) | UAV: air=10 rtb=0 chg=0 loiter=0 | TRACKS: vis=20 lost=0 engaged=0 | TOP: black_usv3(x237,083) black_usv1(x237,349) black_usv12(x237,417) | KILL=0 | ACTIONS=20 | INTENT: focus=2 ratio=0.20
[t=4,469s] step=180 | MISSION=NORMAL_C | USV: 10/10 (avail=0 int=10 lock=0 frz=0) | UAV: air=10 rtb=0 chg=0 loiter=0 | TRACKS: vis=20 lost=0 engaged=0 | TOP: black_usv3(x235,639) black_usv1(x235,921) black_usv12(x235,994) | KILL=0 | ACTIONS=20 | INTENT: focus=2 ratio=0.20
[t=4,721s] step=190 | MISSION=NORMAL_C | USV: 10/10 (avail=0 int=10 lock=0 frz=0) | UAV: air=10 rtb=0 chg=0 loiter=0 | TRACKS: vis=20 lost=0 engaged=0 | TOP: black_usv3(x234,266) black_usv1(x234,564) black_usv12(x234,641) | KILL=0 | ACTIONS=20 | INTENT: focus=2 ratio=0.20
[t=4,991s] step=200 | MISSION=NORMAL_C | USV: 10/10 (avail=0 int=10 lock=0 frz=0) | UAV: air=10 rtb=0 chg=0 loiter=0 | TRACKS: vis=20 lost=0 engaged=0 | TOP: black_usv3(x232,795) black_usv1(x233,110) black_usv12(x233,192) | KILL=0 | ACTIONS=20 | INTENT: focus=2 ratio=0.20
[t=5,252s] step=210 | MISSION=NORMAL_C | USV: 10/10 (avail=0 int=10 lock=0 frz=0) | UAV: air=10 rtb=0 chg=0 loiter=0 | TRACKS: vis=20 lost=0 engaged=0 | TOP: black_usv3(x231,373) black_usv1(x231,704) black_usv12(x231,790) | KILL=0 | ACTIONS=20 | INTENT: focus=2 ratio=0.20
[t=5,520s] step=220 | MISSION=NORMAL_C | USV: 10/10 (avail=0 int=10 lock=0 frz=0) | UAV: air=10 rtb=0 chg=0 loiter=0 | TRACKS: vis=20 lost=0 engaged=0 | TOP: black_usv3(x229,909) black_usv1(x230,258) black_usv12(x230,348) | KILL=0 | ACTIONS=20 | INTENT: focus=2 ratio=0.20
[t=5,781s] step=230 | MISSION=NORMAL_C | USV: 10/10 (avail=0 int=10 lock=0 frz=0) | UAV: air=10 rtb=0 chg=0 loiter=0 | TRACKS: vis=20 lost=0 engaged=0 | TOP: black_usv3(x228,491) black_usv1(x228,855) black_usv12(x228,950) | KILL=0 | ACTIONS=20 | INTENT: focus=2 ratio=0.20
[t=6,051s] step=240 | MISSION=NORMAL_C | USV: 10/10 (avail=0 int=10 lock=0 frz=0) | UAV: air=10 rtb=0 chg=0 loiter=0 | TRACKS: vis=20 lost=0 engaged=0 | TOP: black_usv3(x227,015) black_usv1(x227,396) black_usv12(x227,500) | KILL=0 | ACTIONS=20 | INTENT: focus=2 ratio=0.20
[t=6,322s] step=250 | MISSION=NORMAL_C | USV: 10/10 (avail=0 int=10 lock=0 frz=0) | UAV: air=10 rtb=0 chg=0 loiter=0 | TRACKS: vis=20 lost=0 engaged=0 | TOP: black_usv3(x225,543) black_usv1(x225,942) black_usv12(x226,045) | KILL=0 | ACTIONS=20 | INTENT: focus=2 ratio=0.20
[t=6,592s] step=260 | MISSION=NORMAL_C | USV: 10/10 (avail=0 int=10 lock=0 frz=0) | UAV: air=10 rtb=0 chg=0 loiter=0 | TRACKS: vis=20 lost=0 engaged=0 | TOP: black_usv3(x224,072) black_usv1(x224,488) black_usv12(x224,595) | KILL=0 | ACTIONS=20 | INTENT: focus=2 ratio=0.20
[t=6,851s] step=270 | MISSION=NORMAL_C | USV: 10/10 (avail=0 int=10 lock=0 frz=0) | UAV: air=10 rtb=0 chg=0 loiter=0 | TRACKS: vis=20 lost=0 engaged=0 | TOP: black_usv3(x222,660) black_usv1(x223,093) black_usv12(x223,205) | KILL=0 | ACTIONS=20 | INTENT: focus=2 ratio=0.20
[t=7,128s] step=280 | MISSION=NORMAL_C | USV: 10/10 (avail=0 int=10 lock=0 frz=0) | UAV: air=10 rtb=0 chg=0 loiter=0 | TRACKS: vis=20 lost=0 engaged=0 | TOP: black_usv3(x221,151) black_usv1(x221,601) black_usv12(x221,717) | KILL=0 | ACTIONS=20 | INTENT: focus=2 ratio=0.20
[t=7,399s] step=290 | MISSION=NORMAL_C | USV: 10/10 (avail=0 int=10 lock=0 frz=0) | UAV: air=10 rtb=0 chg=0 loiter=0 | TRACKS: vis=20 lost=0 engaged=0 | TOP: black_usv3(x219,675) black_usv1(x220,141) black_usv12(x220,262) | KILL=0 | ACTIONS=20 | INTENT: focus=2 ratio=0.20
[t=7,669s] step=300 | MISSION=NORMAL_C | USV: 10/10 (avail=0 int=10 lock=0 frz=0) | UAV: air=10 rtb=0 chg=0 loiter=0 | TRACKS: vis=20 lost=0 engaged=0 | TOP: black_usv3(x218,201) black_usv1(x218,684) black_usv12(x218,810) | KILL=0 | ACTIONS=20 | INTENT: focus=2 ratio=0.20
[t=7,949s] step=310 | MISSION=NORMAL_C | USV: 10/10 (avail=0 int=10 lock=0 frz=0) | UAV: air=10 rtb=0 chg=0 loiter=0 | TRACKS: vis=20 lost=0 engaged=0 | TOP: black_usv3(x216,678) black_usv1(x217,179) black_usv12(x217,309) | KILL=0 | ACTIONS=20 | INTENT: focus=2 ratio=0.20
[t=8,259s] step=320 | MISSION=NORMAL_C | USV: 10/10 (avail=0 int=10 lock=0 frz=0) | UAV: air=10 rtb=0 chg=0 loiter=0 | TRACKS: vis=20 lost=0 engaged=0 | TOP: black_usv3(x214,989) black_usv1(x215,510) black_usv12(x215,644) | KILL=0 | ACTIONS=20 | INTENT: focus=2 ratio=0.20
[t=8,518s] step=330 | MISSION=NORMAL_C | USV: 10/10 (avail=0 int=10 lock=0 frz=0) | UAV: air=10 rtb=0 chg=0 loiter=0 | TRACKS: vis=16 lost=4 engaged=0 | TOP: black_usv3(x213,577) black_usv1(x214,115) black_usv12(x214,254) | KILL=0 | ACTIONS=20 | INTENT: focus=2 ratio=0.20
      [ASSIGN] white_usv3->black_usv4(机会锁定)
      [ASSIGN] white_usv2->black_usv6(机会锁定)
      [ASSIGN] white_usv6->black_usv10(机会锁定)
      [ASSIGN] white_usv4->black_usv8(机会锁定)
      [ASSIGN] white_usv9->black_usv14(机会锁定)
      [ASSIGN] white_usv10->black_usv14(机会锁定)
[t=8,828s] step=340 | MISSION=NORMAL_C | USV: 10/10 (avail=0 int=0 lock=10 frz=0) | UAV: air=10 rtb=0 chg=0 loiter=0 | TRACKS: vis=20 lost=0 engaged=7 | TOP: black_usv7(x211,616) black_usv3(x211,888) black_usv1(x212,445) | KILL=0 | ACTIONS=20 | INTENT: focus=2 ratio=0.20
      [ASSIGN] white_usv5->black_usv7(机会锁定)
      [ASSIGN] white_usv3->black_usv3(机会锁定)
      [ASSIGN] white_usv1->black_usv3(机会锁定)
      [ASSIGN] white_usv2->black_usv4(机会锁定)
      [ASSIGN] white_usv8->black_usv11(机会锁定)
      [ASSIGN] white_usv6->black_usv12(机会锁定)
      [ASSIGN] white_usv4->black_usv12(机会锁定)
      [ASSIGN] white_usv7->black_usv18(机会锁定)
      [ASSIGN] white_usv9->black_usv10(机会锁定)
      [ASSIGN] white_usv10->black_usv10(机会锁定)
[t=9,141s] step=350 | MISSION=NORMAL_C | USV: 10/10 (avail=0 int=0 lock=10 frz=0) | UAV: air=10 rtb=0 chg=0 loiter=0 | TRACKS: vis=20 lost=0 engaged=7 | TOP: black_usv2(x210,788) black_usv14(x210,728) black_usv8(x210,870) | KILL=2 | ACTIONS=20 | INTENT: focus=2 ratio=0.20
      [ASSIGN] white_usv5->black_usv13(机会锁定)
      [ASSIGN] white_usv3->black_usv7(机会锁定)
      [ASSIGN] white_usv1->black_usv2(机会锁定)
      [ASSIGN] white_usv2->black_usv6(机会锁定)
      [ASSIGN] white_usv8->black_usv16(机会锁定)
      [ASSIGN] white_usv6->black_usv8(机会锁定)
      [ASSIGN] white_usv4->black_usv8(机会锁定)
      [ASSIGN] white_usv7->black_usv14(机会锁定)
      [ASSIGN] white_usv6->black_usv12(机会锁定)
      [ASSIGN] white_usv9->black_usv18(机会锁定)
      [ASSIGN] white_usv4->black_usv12(机会锁定)
      [ASSIGN] white_usv7->black_usv18(机会锁定)
      [ASSIGN] white_usv10->black_usv18(机会锁定)
      [ASSIGN] white_usv6->black_usv10(机会锁定)
      [ASSIGN] white_usv4->black_usv4(机会锁定)
      [ASSIGN] white_usv6->black_usv12(机会锁定)
      [ASSIGN] white_usv6->black_usv10(机会锁定)
[t=9,478s] step=360 | MISSION=NORMAL_C | USV: 10/10 (avail=0 int=1 lock=9 frz=0) | UAV: air=10 rtb=0 chg=0 loiter=0 | TRACKS: vis=20 lost=0 engaged=7 | TOP: black_usv1(x208,944) black_usv3(x209,376) black_usv20(x209,397) | KILL=4 | ACTIONS=20 | INTENT: focus=2 ratio=0.20
      [ASSIGN] white_usv6->black_usv12(机会锁定)
      [ASSIGN] white_usv6->black_usv10(机会锁定)
      [KILL] black_usv8
      [ASSIGN] white_usv6->black_usv12(机会锁定)
      [ASSIGN] white_usv5->black_usv10(机会锁定)
      [ASSIGN] white_usv6->black_usv10(机会锁定)
      [KILL] black_usv14
      [ASSIGN] white_usv5->black_usv13(机会锁定)
      [ASSIGN] white_usv3->black_usv13(机会锁定)
      [ASSIGN] white_usv6->black_usv13(机会锁定)
      [ASSIGN] white_usv1->black_usv5(机会锁定)
      [ASSIGN] white_usv2->black_usv2(机会锁定)
      [ASSIGN] white_usv8->black_usv11(机会锁定)
      [ASSIGN] white_usv9->black_usv15(机会锁定)
      [ASSIGN] white_usv7->black_usv16(机会锁定)
      [ASSIGN] white_usv10->black_usv15(机会锁定)
      [ASSIGN] white_usv4->black_usv7(机会锁定)
      [ASSIGN] white_usv7->black_usv18(机会锁定)
      [ASSIGN] white_usv4->black_usv4(机会锁定)
      [ASSIGN] white_usv7->black_usv16(机会锁定)
      [ASSIGN] white_usv7->black_usv18(机会锁定)
[t=9,799s] step=370 | MISSION=NORMAL_C | USV: 10/10 (avail=0 int=1 lock=9 frz=0) | UAV: air=10 rtb=0 chg=0 loiter=0 | TRACKS: vis=18 lost=0 engaged=6 | TOP: black_usv1(x207,216) black_usv3(x208,238) black_usv20(x207,684) | KILL=8 | ACTIONS=20 | INTENT: focus=2 ratio=0.20
      [ASSIGN] white_usv7->black_usv16(机会锁定)
      [ASSIGN] white_usv7->black_usv18(机会锁定)
      [ASSIGN] white_usv7->black_usv16(机会锁定)
      [KILL] black_usv12
      [ASSIGN] white_usv7->black_usv19(机会锁定)
      [ASSIGN] white_usv5->black_usv7(机会锁定)
      [ASSIGN] white_usv3->black_usv6(机会锁定)
      [ASSIGN] white_usv6->black_usv7(机会锁定)
      [ASSIGN] white_usv1->black_usv3(机会锁定)
      [KILL] black_usv10
      [ASSIGN] white_usv5->black_usv13(机会锁定)
      [ASSIGN] white_usv2->black_usv5(机会锁定)
      [ASSIGN] white_usv8->black_usv16(机会锁定)
      [ASSIGN] white_usv3->black_usv5(机会锁定)
      [ASSIGN] white_usv6->black_usv13(机会锁定)
      [ASSIGN] white_usv5->black_usv7(机会锁定)
      [ASSIGN] white_usv8->black_usv11(机会锁定)
      [ASSIGN] white_usv6->black_usv7(机会锁定)
      [ASSIGN] white_usv9->black_usv18(机会锁定)
      [ASSIGN] white_usv10->black_usv18(机会锁定)
      [ASSIGN] white_usv5->black_usv15(机会锁定)
      [ASSIGN] white_usv8->black_usv16(机会锁定)
      [ASSIGN] white_usv6->black_usv15(机会锁定)
      [ASSIGN] white_usv9->black_usv15(机会锁定)
      [ASSIGN] white_usv4->black_usv15(机会锁定)
      [ASSIGN] white_usv10->black_usv15(机会锁定)
      [ASSIGN] white_usv5->black_usv13(机会锁定)
      [ASSIGN] white_usv8->black_usv11(机会锁定)
      [ASSIGN] white_usv6->black_usv13(机会锁定)
      [ASSIGN] white_usv9->black_usv13(机会锁定)
      [ASSIGN] white_usv4->black_usv4(机会锁定)
      [ASSIGN] white_usv10->black_usv13(机会锁定)
      [ASSIGN] white_usv5->black_usv15(机会锁定)
      [ASSIGN] white_usv8->black_usv16(机会锁定)
      [ASSIGN] white_usv6->black_usv15(机会锁定)
      [ASSIGN] white_usv9->black_usv15(机会锁定)
      [ASSIGN] white_usv4->black_usv15(机会锁定)
      [ASSIGN] white_usv10->black_usv15(机会锁定)
[t=10,195s] step=380 | MISSION=NORMAL_C | USV: 10/10 (avail=0 int=6 lock=4 frz=0) | UAV: air=10 rtb=0 chg=0 loiter=0 | TRACKS: vis=16 lost=0 engaged=3 | TOP: black_usv1(x205,083) black_usv20(x205,570) black_usv2(x206,779) | KILL=13 | ACTIONS=20 | INTENT: focus=2 ratio=0.20
      [ASSIGN] white_usv5->black_usv13(机会锁定)
      [ASSIGN] white_usv8->black_usv11(机会锁定)
      [ASSIGN] white_usv6->black_usv13(机会锁定)
      [ASSIGN] white_usv9->black_usv13(机会锁定)
      [ASSIGN] white_usv4->black_usv4(机会锁定)
      [ASSIGN] white_usv10->black_usv13(机会锁定)
      [KILL] black_usv7
      [ASSIGN] white_usv5->black_usv15(机会锁定)
      [ASSIGN] white_usv8->black_usv16(机会锁定)
      [ASSIGN] white_usv6->black_usv15(机会锁定)
      [ASSIGN] white_usv9->black_usv16(机会锁定)
      [ASSIGN] white_usv4->black_usv15(机会锁定)
      [ASSIGN] white_usv7->black_usv16(机会锁定)
      [ASSIGN] white_usv10->black_usv15(机会锁定)
      [KILL] black_usv6
      [KILL] black_usv16
      [KILL] black_usv18
      [ASSIGN] white_usv5->black_usv13(机会锁定)
      [ASSIGN] white_usv2->black_usv4(机会锁定)
      [RELEASE] white_usv8->black_usv16(目标失效)
      [ASSIGN] white_usv8->black_usv11(机会锁定)
      [ASSIGN] white_usv6->black_usv13(机会锁定)
      [RELEASE] white_usv9->black_usv16(目标失效)
      [ASSIGN] white_usv9->black_usv19(机会锁定)
      [ASSIGN] white_usv4->black_usv4(机会锁定)
      [RELEASE] white_usv7->black_usv16(目标失效)
      [ASSIGN] white_usv7->black_usv19(机会锁定)
      [ASSIGN] white_usv10->black_usv19(机会锁定)
      [ASSIGN] white_usv1->black_usv2(机会锁定)
      [ASSIGN] white_usv5->black_usv15(机会锁定)
      [ASSIGN] white_usv2->black_usv3(机会锁定)
      [ASSIGN] white_usv8->black_usv17(机会锁定)
      [ASSIGN] white_usv6->black_usv15(机会锁定)
      [ASSIGN] white_usv1->black_usv3(机会锁定)
      [ASSIGN] white_usv5->black_usv13(机会锁定)
      [ASSIGN] white_usv6->black_usv13(机会锁定)
      [ASSIGN] white_usv5->black_usv15(机会锁定)
      [ASSIGN] white_usv6->black_usv15(机会锁定)
      [ASSIGN] white_usv5->black_usv13(机会锁定)
      [ASSIGN] white_usv6->black_usv13(机会锁定)
      [ASSIGN] white_usv5->black_usv15(机会锁定)
      [ASSIGN] white_usv4->black_usv15(机会锁定)
      [ASSIGN] white_usv4->black_usv4(机会锁定)
      [KILL] black_usv13
      [ASSIGN] white_usv4->black_usv15(机会锁定)
[t=10,592s] step=390 | MISSION=NORMAL_C | USV: 7/10 (avail=0 int=1 lock=6 frz=0) | UAV: air=10 rtb=0 chg=0 loiter=0 | TRACKS: vis=11 lost=0 engaged=3 | TOP: black_usv1(x202,945) black_usv20(x203,451) black_usv2(x206,779) | KILL=14 | ACTIONS=17 | INTENT: focus=2 ratio=0.20
      [KILL] black_usv2
      [KILL] black_usv11
      [ASSIGN] white_usv4->black_usv4(机会锁定)
      [KILL] black_usv15
      [ASSIGN] white_usv9->black_usv9(机会锁定)
      [ASSIGN] white_usv4->black_usv9(机会锁定)
      [ASSIGN] white_usv7->black_usv9(机会锁定)
      [ASSIGN] white_usv10->black_usv9(机会锁定)
      [KILL] black_usv4
      [ASSIGN] white_usv2->black_usv5(机会锁定)
      [ASSIGN] white_usv1->black_usv1(机会锁定)
      [ASSIGN] white_usv2->black_usv3(机会锁定)
      [ASSIGN] white_usv2->black_usv5(机会锁定)
      [ASSIGN] white_usv2->black_usv3(机会锁定)
      [ASSIGN] white_usv2->black_usv5(机会锁定)
      [KILL] black_usv5
      [RELEASE] white_usv2->black_usv5(目标失效)
      [ASSIGN] white_usv2->black_usv3(机会锁定)
      [ASSIGN] white_usv2->black_usv19(机会锁定)
      [ASSIGN] white_usv9->black_usv19(机会锁定)
      [ASSIGN] white_usv4->black_usv19(机会锁定)
      [ASSIGN] white_usv7->black_usv19(机会锁定)
      [ASSIGN] white_usv10->black_usv19(机会锁定)
      [ASSIGN] white_usv2->black_usv3(机会锁定)
      [ASSIGN] white_usv9->black_usv9(机会锁定)
      [ASSIGN] white_usv4->black_usv9(机会锁定)
      [ASSIGN] white_usv7->black_usv9(机会锁定)
      [ASSIGN] white_usv10->black_usv9(机会锁定)
      [ASSIGN] white_usv1->black_usv3(机会锁定)
[t=11,056s] step=400 | MISSION=NORMAL_C | USV: 6/10 (avail=0 int=6 lock=0 frz=0) | UAV: air=10 rtb=0 chg=0 loiter=0 | TRACKS: vis=6 lost=0 engaged=0 | TOP: black_usv20(x200,974) black_usv3(x203,443) black_usv17(x204,398) | KILL=17 | ACTIONS=16 | INTENT: focus=2 ratio=0.20
      [ASSIGN] white_usv2->black_usv1(机会锁定)
      [ASSIGN] white_usv9->black_usv19(机会锁定)
      [ASSIGN] white_usv4->black_usv19(机会锁定)
      [ASSIGN] white_usv7->black_usv19(机会锁定)
      [ASSIGN] white_usv10->black_usv19(机会锁定)
      [ASSIGN] white_usv1->black_usv1(机会锁定)
      [ASSIGN] white_usv9->black_usv9(机会锁定)
      [ASSIGN] white_usv4->black_usv3(机会锁定)
      [ASSIGN] white_usv7->black_usv9(机会锁定)
      [ASSIGN] white_usv10->black_usv9(机会锁定)
      [ASSIGN] white_usv9->black_usv19(机会锁定)
      [ASSIGN] white_usv4->black_usv19(机会锁定)
      [ASSIGN] white_usv7->black_usv19(机会锁定)
      [ASSIGN] white_usv10->black_usv19(机会锁定)
      [ASSIGN] white_usv9->black_usv9(机会锁定)
      [ASSIGN] white_usv4->black_usv3(机会锁定)
      [ASSIGN] white_usv7->black_usv9(机会锁定)
      [ASSIGN] white_usv10->black_usv9(机会锁定)
      [KILL] black_usv19
      [ASSIGN] white_usv9->black_usv17(机会锁定)
      [ASSIGN] white_usv7->black_usv17(机会锁定)
      [KILL] black_usv3
      [RELEASE] white_usv4->black_usv3(目标失效)
      [ASSIGN] white_usv4->black_usv20
      [ASSIGN] white_usv2->black_usv9(机会锁定)
      [ASSIGN] white_usv4->black_usv9(机会锁定)
      [ASSIGN] white_usv2->black_usv1(机会锁定)
[t=11,572s] step=410 | MISSION=NORMAL_C | USV: 6/10 (avail=0 int=4 lock=2 frz=0) | UAV: air=10 rtb=0 chg=0 loiter=0 | TRACKS: vis=4 lost=0 engaged=1 | TOP: black_usv20(x198,220) black_usv17(x201,730) black_usv1(x199,977) | KILL=18 | ACTIONS=16 | INTENT: focus=2 ratio=0.20
      [KILL] black_usv9
      [RELEASE] white_usv4->black_usv9(目标失效)
      [RELEASE] white_usv10->black_usv9(目标失效)
      [ASSIGN] white_usv4->black_usv20
      [ASSIGN] white_usv10->black_usv20
      [ASSIGN] white_usv10->black_usv17(机会锁定)
      [ASSIGN] white_usv9->black_usv20(机会锁定)
      [ASSIGN] white_usv7->black_usv20(机会锁定)
      [ASSIGN] white_usv7->black_usv17(机会锁定)
      [KILL] black_usv1
      [RELEASE] white_usv2->black_usv1(目标失效)
      [RELEASE] white_usv1->black_usv1(目标失效)
[t=12,088s] step=420 | MISSION=NORMAL_C | USV: 6/10 (avail=0 int=5 lock=1 frz=0) | UAV: air=10 rtb=0 chg=0 loiter=0 | TRACKS: vis=2 lost=0 engaged=1 | TOP: black_usv20(x195,465) black_usv17(x201,405) | KILL=19 | ACTIONS=16 | INTENT: focus=2 ratio=0.20
      [ASSIGN] white_usv2->black_usv20
      [ASSIGN] white_usv9->black_usv17(机会锁定)
      [ASSIGN] white_usv1->black_usv17
      [ASSIGN] white_usv9->black_usv20(机会锁定)
      [ASSIGN] white_usv7->black_usv20(机会锁定)
      [ASSIGN] white_usv10->black_usv20(机会锁定)
      [KILL] black_usv17
      [RELEASE] white_usv1->black_usv17(目标失效)

========================================================================
对局结果: Result.Victory — 敌方所有单位被击毁
  击杀蓝舰: 20 | 命中: 40 | 我方USV损失: 4 | UAV损失: 0 | 突破: 0
[META] result=Result.Victory victory_time=12907 first_detection=1922 first_lock=8671 first_kill=9568 enemy_kills=20 friendly_usv_losses=4 friendly_uav_losses=0 black_breakthrough=0 reacquire_attempts=29 reacquire_success=29 sensor_assisted_locks=58 low_conf_commitments=0 global_reacquire_entries=0 global_reacquire_success=0 coverage_collapse_events=1 active_clusters_max=1 coverage_quality_final=0.27 commander_source=default_intent commander_calls=0 commander_changes=0 commander_no_change=0 commander_parse_failures=0 commander_api_failures=0 commander_policy_failures=0 commander_avg_latency=0.0
Done
