========================================================================
HYBRID AGENT V5 — Variable-Cardinality Hierarchical Maritime Agent
  启用UAV: True | LLM_ENABLED: False
========================================================================
对局 28 开始
      [UAV RELAUNCH] white_uav1
      [UAV RELAUNCH] white_uav4
      [UAV RELAUNCH] white_uav10
      [UAV RELAUNCH] white_uav7
      [UAV RELAUNCH] white_uav3
      [UAV RELAUNCH] white_uav9
      [UAV RELAUNCH] white_uav5
      [UAV RELAUNCH] white_uav6
      [UAV RELAUNCH] white_uav8
      [UAV RELAUNCH] white_uav2
[t=215s] step=10 | MISSION=NORMAL_C | USV: 10/10 (avail=10 int=0 lock=0 frz=0) | UAV: air=10 rtb=0 chg=0 loiter=0 | TRACKS: vis=0 lost=0 engaged=0 | TOP:  | KILL=0 | ACTIONS=20 | INTENT: focus=2 ratio=0.20
  [INTENT APPLIED]
    ThreatAllocator: focus 2 emergency 3 reserve_ratio 0.20 reserve_usvs None bias breakthrough_eta
    UAVManager: mode search_and_reacquire uav_priority []
[t=488s] step=20 | MISSION=NORMAL_C | USV: 10/10 (avail=10 int=0 lock=0 frz=0) | UAV: air=10 rtb=0 chg=0 loiter=0 | TRACKS: vis=0 lost=0 engaged=0 | TOP:  | KILL=0 | ACTIONS=20 | INTENT: focus=2 ratio=0.20
[t=757s] step=30 | MISSION=NORMAL_C | USV: 10/10 (avail=10 int=0 lock=0 frz=0) | UAV: air=10 rtb=0 chg=0 loiter=0 | TRACKS: vis=0 lost=0 engaged=0 | TOP:  | KILL=0 | ACTIONS=20 | INTENT: focus=2 ratio=0.20
[t=1,005s] step=40 | MISSION=NORMAL_C | USV: 10/10 (avail=10 int=0 lock=0 frz=0) | UAV: air=10 rtb=0 chg=0 loiter=0 | TRACKS: vis=0 lost=0 engaged=0 | TOP:  | KILL=0 | ACTIONS=20 | INTENT: focus=2 ratio=0.20
[t=1,242s] step=50 | MISSION=NORMAL_C | USV: 10/10 (avail=10 int=0 lock=0 frz=0) | UAV: air=10 rtb=0 chg=0 loiter=0 | TRACKS: vis=0 lost=0 engaged=0 | TOP:  | KILL=0 | ACTIONS=20 | INTENT: focus=2 ratio=0.20
[t=1,494s] step=60 | MISSION=NORMAL_C | USV: 10/10 (avail=10 int=0 lock=0 frz=0) | UAV: air=10 rtb=0 chg=0 loiter=0 | TRACKS: vis=0 lost=0 engaged=0 | TOP:  | KILL=0 | ACTIONS=20 | INTENT: focus=2 ratio=0.20
[t=1,731s] step=70 | MISSION=NORMAL_C | USV: 10/10 (avail=10 int=0 lock=0 frz=0) | UAV: air=10 rtb=0 chg=0 loiter=0 | TRACKS: vis=0 lost=0 engaged=0 | TOP:  | KILL=0 | ACTIONS=20 | INTENT: focus=2 ratio=0.20
      [DETECT] black_usv6
      [DETECT] black_usv8
      [DETECT] black_usv11
      [DETECT] black_usv12
      [DETECT] black_usv16
      [DETECT] black_usv15
      [DETECT] black_usv14
      [DETECT] black_usv9
      [DETECT] black_usv13
      [DETECT] black_usv7
      [DETECT] black_usv10
      [ASSIGN] white_usv5->black_usv9
      [ASSIGN] white_usv2->black_usv15
      [ASSIGN] white_usv4->black_usv7
      [ASSIGN] white_usv3->black_usv6
      [ASSIGN] white_usv7->black_usv12
      [ASSIGN] white_usv1->black_usv11
      [ASSIGN] white_usv6->black_usv13
      [ASSIGN] white_usv8->black_usv16
      [DETECT] black_usv3
      [DETECT] black_usv18
      [DETECT] black_usv2
      [DETECT] black_usv19
      [DETECT] black_usv17
      [DETECT] black_usv4
      [DETECT] black_usv5
      [ASSIGN] white_usv9->black_usv10
      [ASSIGN] white_usv10->black_usv19
      [DETECT] black_usv20
      [DETECT] black_usv1
[t=1,985s] step=80 | MISSION=NORMAL_C | USV: 10/10 (avail=0 int=10 lock=0 frz=0) | UAV: air=10 rtb=0 chg=0 loiter=0 | TRACKS: vis=20 lost=0 engaged=0 | TOP: black_usv8(x241,425) black_usv2(x241,615) black_usv18(x241,647) | KILL=0 | ACTIONS=20 | INTENT: focus=2 ratio=0.20
[t=2,214s] step=90 | MISSION=NORMAL_C | USV: 10/10 (avail=0 int=10 lock=0 frz=0) | UAV: air=10 rtb=0 chg=0 loiter=0 | TRACKS: vis=20 lost=0 engaged=0 | TOP: black_usv8(x239,293) black_usv2(x239,505) black_usv18(x239,540) | KILL=0 | ACTIONS=20 | INTENT: focus=2 ratio=0.20
[t=2,478s] step=100 | MISSION=NORMAL_C | USV: 10/10 (avail=0 int=10 lock=0 frz=0) | UAV: air=10 rtb=0 chg=0 loiter=0 | TRACKS: vis=20 lost=0 engaged=0 | TOP: black_usv8(x236,825) black_usv2(x237,062) black_usv18(x237,101) | KILL=0 | ACTIONS=20 | INTENT: focus=2 ratio=0.20
[t=2,718s] step=110 | MISSION=NORMAL_C | USV: 10/10 (avail=0 int=10 lock=0 frz=0) | UAV: air=10 rtb=0 chg=0 loiter=0 | TRACKS: vis=20 lost=0 engaged=0 | TOP: black_usv8(x234,576) black_usv2(x234,837) black_usv18(x234,881) | KILL=0 | ACTIONS=20 | INTENT: focus=2 ratio=0.20
[t=2,960s] step=120 | MISSION=NORMAL_C | USV: 10/10 (avail=0 int=10 lock=0 frz=0) | UAV: air=10 rtb=0 chg=0 loiter=0 | TRACKS: vis=20 lost=0 engaged=0 | TOP: black_usv8(x232,319) black_usv2(x232,602) black_usv18(x232,649) | KILL=0 | ACTIONS=20 | INTENT: focus=2 ratio=0.20
[t=3,188s] step=130 | MISSION=NORMAL_C | USV: 10/10 (avail=0 int=10 lock=0 frz=0) | UAV: air=10 rtb=0 chg=0 loiter=0 | TRACKS: vis=20 lost=0 engaged=0 | TOP: black_usv8(x230,187) black_usv2(x230,492) black_usv18(x230,543) | KILL=0 | ACTIONS=20 | INTENT: focus=2 ratio=0.20
[t=3,447s] step=140 | MISSION=NORMAL_C | USV: 10/10 (avail=0 int=10 lock=0 frz=0) | UAV: air=10 rtb=0 chg=0 loiter=0 | TRACKS: vis=20 lost=0 engaged=0 | TOP: black_usv8(x227,766) black_usv2(x228,096) black_usv18(x228,150) | KILL=0 | ACTIONS=20 | INTENT: focus=2 ratio=0.20
[t=3,736s] step=150 | MISSION=NORMAL_C | USV: 10/10 (avail=0 int=10 lock=0 frz=0) | UAV: air=10 rtb=0 chg=0 loiter=0 | TRACKS: vis=20 lost=0 engaged=0 | TOP: black_usv8(x225,064) black_usv2(x225,422) black_usv18(x225,481) | KILL=0 | ACTIONS=20 | INTENT: focus=2 ratio=0.20
[t=3,978s] step=160 | MISSION=NORMAL_C | USV: 10/10 (avail=0 int=10 lock=0 frz=0) | UAV: air=10 rtb=0 chg=0 loiter=0 | TRACKS: vis=20 lost=0 engaged=0 | TOP: black_usv8(x222,796) black_usv2(x223,177) black_usv18(x223,240) | KILL=0 | ACTIONS=20 | INTENT: focus=2 ratio=0.20
[t=4,221s] step=170 | MISSION=NORMAL_C | USV: 10/10 (avail=0 int=10 lock=0 frz=0) | UAV: air=10 rtb=0 chg=0 loiter=0 | TRACKS: vis=20 lost=0 engaged=0 | TOP: black_usv8(x220,530) black_usv2(x220,934) black_usv18(x221,001) | KILL=0 | ACTIONS=20 | INTENT: focus=2 ratio=0.20
[t=4,465s] step=180 | MISSION=NORMAL_C | USV: 10/10 (avail=0 int=10 lock=0 frz=0) | UAV: air=10 rtb=0 chg=0 loiter=0 | TRACKS: vis=20 lost=0 engaged=0 | TOP: black_usv8(x218,249) black_usv2(x218,676) black_usv18(x218,747) | KILL=0 | ACTIONS=20 | INTENT: focus=2 ratio=0.20
[t=4,717s] step=190 | MISSION=NORMAL_C | USV: 10/10 (avail=0 int=10 lock=0 frz=0) | UAV: air=10 rtb=0 chg=0 loiter=0 | TRACKS: vis=20 lost=0 engaged=0 | TOP: black_usv8(x215,893) black_usv18(x216,419) black_usv1(x216,572) | KILL=0 | ACTIONS=20 | INTENT: focus=2 ratio=0.20
[t=4,969s] step=200 | MISSION=NORMAL_C | USV: 10/10 (avail=0 int=10 lock=0 frz=0) | UAV: air=10 rtb=0 chg=0 loiter=0 | TRACKS: vis=20 lost=0 engaged=0 | TOP: black_usv8(x213,537) black_usv18(x214,091) black_usv1(x214,252) | KILL=0 | ACTIONS=20 | INTENT: focus=2 ratio=0.20
[t=5,246s] step=210 | MISSION=NORMAL_C | USV: 10/10 (avail=0 int=10 lock=0 frz=0) | UAV: air=10 rtb=0 chg=0 loiter=0 | TRACKS: vis=20 lost=0 engaged=0 | TOP: black_usv8(x210,947) black_usv18(x211,532) black_usv1(x211,702) | KILL=0 | ACTIONS=20 | INTENT: focus=2 ratio=0.20
[t=5,497s] step=220 | MISSION=NORMAL_C | USV: 10/10 (avail=0 int=10 lock=0 frz=0) | UAV: air=10 rtb=0 chg=0 loiter=0 | TRACKS: vis=20 lost=0 engaged=0 | TOP: black_usv8(x208,601) black_usv18(x209,213) black_usv1(x209,392) | KILL=0 | ACTIONS=20 | INTENT: focus=2 ratio=0.20
[t=5,751s] step=230 | MISSION=NORMAL_C | USV: 10/10 (avail=0 int=10 lock=0 frz=0) | UAV: air=10 rtb=0 chg=0 loiter=0 | TRACKS: vis=19 lost=1 engaged=0 | TOP: black_usv8(x206,226) black_usv18(x206,866) black_usv1(x207,054) | KILL=0 | ACTIONS=20 | INTENT: focus=2 ratio=0.20
[t=6,012s] step=240 | MISSION=NORMAL_C | USV: 10/10 (avail=0 int=10 lock=0 frz=0) | UAV: air=10 rtb=0 chg=0 loiter=0 | TRACKS: vis=18 lost=2 engaged=0 | TOP: black_usv8(x203,780) black_usv18(x204,448) black_usv1(x204,652) | KILL=0 | ACTIONS=20 | INTENT: focus=2 ratio=0.20
[t=6,294s] step=250 | MISSION=NORMAL_C | USV: 10/10 (avail=0 int=10 lock=0 frz=0) | UAV: air=10 rtb=0 chg=0 loiter=0 | TRACKS: vis=20 lost=0 engaged=0 | TOP: black_usv8(x201,150) black_usv18(x201,849) black_usv1(x202,056) | KILL=0 | ACTIONS=20 | INTENT: focus=2 ratio=0.20
[t=6,568s] step=260 | MISSION=NORMAL_C | USV: 10/10 (avail=0 int=10 lock=0 frz=0) | UAV: air=10 rtb=0 chg=0 loiter=0 | TRACKS: vis=20 lost=0 engaged=0 | TOP: black_usv8(x198,588) black_usv18(x199,315) black_usv1(x199,531) | KILL=0 | ACTIONS=20 | INTENT: focus=2 ratio=0.20
[t=6,853s] step=270 | MISSION=NORMAL_C | USV: 10/10 (avail=0 int=10 lock=0 frz=0) | UAV: air=10 rtb=0 chg=0 loiter=0 | TRACKS: vis=20 lost=0 engaged=0 | TOP: black_usv8(x195,917) black_usv18(x196,684) black_usv1(x196,910) | KILL=0 | ACTIONS=20 | INTENT: focus=2 ratio=0.20
[t=7,093s] step=280 | MISSION=NORMAL_C | USV: 10/10 (avail=0 int=10 lock=0 frz=0) | UAV: air=10 rtb=0 chg=0 loiter=0 | TRACKS: vis=20 lost=0 engaged=0 | TOP: black_usv8(x193,632) black_usv18(x194,466) black_usv1(x194,701) | KILL=0 | ACTIONS=20 | INTENT: focus=2 ratio=0.20
[t=7,381s] step=290 | MISSION=NORMAL_C | USV: 10/10 (avail=0 int=10 lock=0 frz=0) | UAV: air=10 rtb=0 chg=0 loiter=0 | TRACKS: vis=20 lost=0 engaged=0 | TOP: black_usv8(x190,889) black_usv18(x191,806) black_usv1(x192,050) | KILL=0 | ACTIONS=20 | INTENT: focus=2 ratio=0.20
      [ASSIGN] white_usv5->black_usv11(机会锁定)
      [ASSIGN] white_usv7->black_usv16(机会锁定)
      [ASSIGN] white_usv6->black_usv9(机会锁定)
      [ASSIGN] white_usv4->black_usv13(机会锁定)
      [ASSIGN] white_usv9->black_usv12(机会锁定)
      [ASSIGN] white_usv2->black_usv7(机会锁定)
      [ASSIGN] white_usv1->black_usv6(机会锁定)
      [ASSIGN] white_usv10->black_usv18(机会锁定)
[t=7,675s] step=300 | MISSION=NORMAL_C | USV: 10/10 (avail=0 int=0 lock=10 frz=0) | UAV: air=10 rtb=0 chg=0 loiter=0 | TRACKS: vis=18 lost=2 engaged=8 | TOP: black_usv8(x188,090) black_usv1(x189,344) black_usv4(x189,920) | KILL=0 | ACTIONS=20 | INTENT: focus=2 ratio=0.20
      [ASSIGN] white_usv5->black_usv8(机会锁定)
      [ASSIGN] white_usv3->black_usv2(机会锁定)
      [ASSIGN] white_usv7->black_usv8(机会锁定)
      [ASSIGN] white_usv6->black_usv8(机会锁定)
      [ASSIGN] white_usv8->black_usv8(机会锁定)
      [ASSIGN] white_usv4->black_usv11(机会锁定)
      [ASSIGN] white_usv9->black_usv16(机会锁定)
      [ASSIGN] white_usv9->black_usv12(机会锁定)
      [ASSIGN] white_usv2->black_usv13(机会锁定)
      [ASSIGN] white_usv1->black_usv13(机会锁定)
      [ASSIGN] white_usv10->black_usv17(机会锁定)
[t=7,986s] step=310 | MISSION=NORMAL_C | USV: 10/10 (avail=0 int=0 lock=10 frz=0) | UAV: air=10 rtb=0 chg=0 loiter=0 | TRACKS: vis=19 lost=1 engaged=6 | TOP: black_usv16(x185,690) black_usv9(x186,071) black_usv7(x185,589) | KILL=2 | ACTIONS=20 | INTENT: focus=2 ratio=0.20
      [ASSIGN] white_usv5->black_usv7(机会锁定)
      [ASSIGN] white_usv3->black_usv6(机会锁定)
      [ASSIGN] white_usv7->black_usv16(机会锁定)
      [ASSIGN] white_usv6->black_usv7(机会锁定)
      [ASSIGN] white_usv8->black_usv16(机会锁定)
      [ASSIGN] white_usv4->black_usv8(机会锁定)
      [ASSIGN] white_usv3->black_usv2(机会锁定)
      [ASSIGN] white_usv7->black_usv8(机会锁定)
      [ASSIGN] white_usv8->black_usv8(机会锁定)
      [ASSIGN] white_usv4->black_usv11(机会锁定)
      [ASSIGN] white_usv7->black_usv11(机会锁定)
      [ASSIGN] white_usv8->black_usv16(机会锁定)
      [ASSIGN] white_usv9->black_usv11(机会锁定)
      [ASSIGN] white_usv2->black_usv8(机会锁定)
      [ASSIGN] white_usv1->black_usv14(机会锁定)
      [ASSIGN] white_usv8->black_usv12(机会锁定)
      [ASSIGN] white_usv2->black_usv9(机会锁定)
      [ASSIGN] white_usv8->black_usv16(机会锁定)
      [ASSIGN] white_usv8->black_usv12(机会锁定)
      [ASSIGN] white_usv10->black_usv18(机会锁定)
      [ASSIGN] white_usv8->black_usv15(机会锁定)
[t=8,326s] step=320 | MISSION=NORMAL_C | USV: 10/10 (avail=0 int=1 lock=9 frz=0) | UAV: air=10 rtb=0 chg=0 loiter=0 | TRACKS: vis=20 lost=0 engaged=6 | TOP: black_usv8(x184,072) black_usv1(x183,352) black_usv13(x185,182) | KILL=5 | ACTIONS=20 | INTENT: focus=2 ratio=0.20
      [KILL] black_usv6
      [KILL] black_usv16
      [ASSIGN] white_usv5->black_usv8(机会锁定)
      [ASSIGN] white_usv6->black_usv8(机会锁定)
      [ASSIGN] white_usv5->black_usv7(机会锁定)
      [ASSIGN] white_usv6->black_usv7(机会锁定)
      [ASSIGN] white_usv5->black_usv3(机会锁定)
      [ASSIGN] white_usv3->black_usv3(机会锁定)
      [ASSIGN] white_usv6->black_usv8(机会锁定)
      [ASSIGN] white_usv4->black_usv7(机会锁定)
      [ASSIGN] white_usv7->black_usv12(机会锁定)
      [ASSIGN] white_usv6->black_usv7(机会锁定)
      [ASSIGN] white_usv9->black_usv12(机会锁定)
      [ASSIGN] white_usv4->black_usv11(机会锁定)
      [ASSIGN] white_usv7->black_usv8(机会锁定)
      [ASSIGN] white_usv1->black_usv11(机会锁定)
      [ASSIGN] white_usv6->black_usv11(机会锁定)
      [ASSIGN] white_usv9->black_usv8(机会锁定)
      [ASSIGN] white_usv2->black_usv7(机会锁定)
      [ASSIGN] white_usv4->black_usv7(机会锁定)
      [ASSIGN] white_usv7->black_usv12(机会锁定)
      [ASSIGN] white_usv1->black_usv14(机会锁定)
      [ASSIGN] white_usv6->black_usv7(机会锁定)
      [ASSIGN] white_usv9->black_usv12(机会锁定)
      [ASSIGN] white_usv2->black_usv9(机会锁定)
      [ASSIGN] white_usv4->black_usv9(机会锁定)
      [ASSIGN] white_usv7->black_usv9(机会锁定)
      [ASSIGN] white_usv6->black_usv9(机会锁定)
      [ASSIGN] white_usv9->black_usv9(机会锁定)
      [ASSIGN] white_usv2->black_usv11(机会锁定)
      [ASSIGN] white_usv4->black_usv11(机会锁定)
      [ASSIGN] white_usv7->black_usv15(机会锁定)
      [ASSIGN] white_usv6->black_usv11(机会锁定)
      [ASSIGN] white_usv9->black_usv15(机会锁定)
[t=8,685s] step=330 | MISSION=NORMAL_C | USV: 8/10 (avail=0 int=5 lock=3 frz=0) | UAV: air=10 rtb=0 chg=0 loiter=0 | TRACKS: vis=17 lost=1 engaged=2 | TOP: black_usv1(x180,047) black_usv18(x180,450) black_usv4(x180,699) | KILL=9 | ACTIONS=18 | INTENT: focus=2 ratio=0.20
      [KILL] black_usv8
      [ASSIGN] white_usv2->black_usv9(机会锁定)
      [ASSIGN] white_usv4->black_usv9(机会锁定)
      [ASSIGN] white_usv6->black_usv9(机会锁定)
      [ASSIGN] white_usv2->black_usv11(机会锁定)
      [ASSIGN] white_usv4->black_usv11(机会锁定)
      [ASSIGN] white_usv6->black_usv11(机会锁定)
      [KILL] black_usv12
      [ASSIGN] white_usv5->black_usv9(机会锁定)
      [ASSIGN] white_usv2->black_usv9(机会锁定)
      [ASSIGN] white_usv4->black_usv9(机会锁定)
      [ASSIGN] white_usv3->black_usv2(机会锁定)
      [ASSIGN] white_usv6->black_usv9(机会锁定)
      [KILL] black_usv13
      [ASSIGN] white_usv5->black_usv3(机会锁定)
      [ASSIGN] white_usv2->black_usv3(机会锁定)
      [ASSIGN] white_usv4->black_usv3(机会锁定)
      [ASSIGN] white_usv3->black_usv3(机会锁定)
      [ASSIGN] white_usv6->black_usv3(机会锁定)
      [ASSIGN] white_usv5->black_usv9(机会锁定)
      [ASSIGN] white_usv3->black_usv2(机会锁定)
      [ASSIGN] white_usv5->black_usv11(机会锁定)
      [ASSIGN] white_usv3->black_usv14(机会锁定)
      [ASSIGN] white_usv5->black_usv9(机会锁定)
      [ASSIGN] white_usv3->black_usv2(机会锁定)
      [ASSIGN] white_usv1->black_usv2(机会锁定)
      [ASSIGN] white_usv6->black_usv9(机会锁定)
      [ASSIGN] white_usv5->black_usv11(机会锁定)
      [ASSIGN] white_usv3->black_usv14(机会锁定)
      [ASSIGN] white_usv1->black_usv14(机会锁定)
      [ASSIGN] white_usv6->black_usv3(机会锁定)
      [KILL] black_usv7
      [ASSIGN] white_usv5->black_usv9(机会锁定)
      [ASSIGN] white_usv3->black_usv2(机会锁定)
      [ASSIGN] white_usv7->black_usv9(机会锁定)
      [ASSIGN] white_usv1->black_usv9(机会锁定)
      [ASSIGN] white_usv6->black_usv9(机会锁定)
      [ASSIGN] white_usv9->black_usv9(机会锁定)
      [ASSIGN] white_usv5->black_usv11(机会锁定)
      [ASSIGN] white_usv2->black_usv11(机会锁定)
      [ASSIGN] white_usv3->black_usv14(机会锁定)
      [ASSIGN] white_usv7->black_usv15(机会锁定)
      [ASSIGN] white_usv1->black_usv14(机会锁定)
      [ASSIGN] white_usv6->black_usv11(机会锁定)
      [ASSIGN] white_usv9->black_usv15(机会锁定)
[t=9,080s] step=340 | MISSION=NORMAL_C | USV: 8/10 (avail=0 int=8 lock=0 frz=0) | UAV: air=10 rtb=0 chg=0 loiter=0 | TRACKS: vis=13 lost=1 engaged=0 | TOP: black_usv1(x176,411) black_usv4(x177,093) black_usv18(x178,889) | KILL=12 | ACTIONS=18 | INTENT: focus=2 ratio=0.20
      [KILL] black_usv11
      [KILL] black_usv2
      [RELEASE] white_usv5->black_usv11(目标失效)
      [ASSIGN] white_usv5->black_usv9(机会锁定)
      [RELEASE] white_usv2->black_usv11(目标失效)
      [ASSIGN] white_usv2->black_usv9(机会锁定)
      [ASSIGN] white_usv4->black_usv9(机会锁定)
      [ASSIGN] white_usv7->black_usv9(机会锁定)
      [ASSIGN] white_usv1->black_usv9(机会锁定)
      [RELEASE] white_usv6->black_usv11(目标失效)
      [ASSIGN] white_usv6->black_usv9(机会锁定)
      [ASSIGN] white_usv9->black_usv9(机会锁定)
      [ASSIGN] white_usv5->black_usv3(机会锁定)
      [ASSIGN] white_usv2->black_usv3(机会锁定)
      [ASSIGN] white_usv4->black_usv3(机会锁定)
      [ASSIGN] white_usv7->black_usv15(机会锁定)
      [ASSIGN] white_usv1->black_usv3(机会锁定)
      [ASSIGN] white_usv6->black_usv3(机会锁定)
      [ASSIGN] white_usv9->black_usv15(机会锁定)
      [KILL] black_usv9
      [ASSIGN] white_usv5->black_usv10(机会锁定)
      [ASSIGN] white_usv2->black_usv14(机会锁定)
      [ASSIGN] white_usv4->black_usv14(机会锁定)
      [ASSIGN] white_usv7->black_usv18(机会锁定)
      [ASSIGN] white_usv1->black_usv14(机会锁定)
      [ASSIGN] white_usv6->black_usv14(机会锁定)
      [ASSIGN] white_usv2->black_usv3(机会锁定)
      [ASSIGN] white_usv4->black_usv3(机会锁定)
      [ASSIGN] white_usv3->black_usv3(机会锁定)
      [ASSIGN] white_usv1->black_usv3(机会锁定)
      [ASSIGN] white_usv6->black_usv3(机会锁定)
      [ASSIGN] white_usv2->black_usv14(机会锁定)
      [ASSIGN] white_usv4->black_usv14(机会锁定)
      [ASSIGN] white_usv3->black_usv14(机会锁定)
      [ASSIGN] white_usv6->black_usv14(机会锁定)
      [ASSIGN] white_usv2->black_usv3(机会锁定)
      [ASSIGN] white_usv4->black_usv3(机会锁定)
      [ASSIGN] white_usv3->black_usv4(机会锁定)
      [ASSIGN] white_usv6->black_usv3(机会锁定)
      [ASSIGN] white_usv2->black_usv14(机会锁定)
      [ASSIGN] white_usv4->black_usv14(机会锁定)
      [ASSIGN] white_usv6->black_usv14(机会锁定)
      [KILL] black_usv3
      [RELEASE] white_usv1->black_usv3(目标失效)
      [ASSIGN] white_usv6->black_usv15(机会锁定)
      [ASSIGN] white_usv1->black_usv1
      [ASSIGN] white_usv6->black_usv14(机会锁定)
      [ASSIGN] white_usv6->black_usv15(机会锁定)
[t=9,491s] step=350 | MISSION=NORMAL_C | USV: 8/10 (avail=0 int=5 lock=3 frz=0) | UAV: air=10 rtb=0 chg=0 loiter=0 | TRACKS: vis=10 lost=0 engaged=3 | TOP: black_usv5(x174,491) black_usv17(x177,071) black_usv4(x173,340) | KILL=12 | ACTIONS=18 | INTENT: focus=2 ratio=0.20
      [ASSIGN] white_usv6->black_usv10(机会锁定)
      [KILL] black_usv14
      [RELEASE] white_usv2->black_usv14(目标失效)
      [ASSIGN] white_usv2->black_usv15(机会锁定)
      [RELEASE] white_usv4->black_usv14(目标失效)
      [ASSIGN] white_usv7->black_usv17(机会锁定)
      [ASSIGN] white_usv2->black_usv10(机会锁定)
      [ASSIGN] white_usv4->black_usv5
      [KILL] black_usv15
      [ASSIGN] white_usv4->black_usv10(机会锁定)
      [RELEASE] white_usv9->black_usv15(目标失效)
      [ASSIGN] white_usv9->black_usv10(机会锁定)
      [ASSIGN] white_usv1->black_usv5(机会锁定)
      [ASSIGN] white_usv9->black_usv18(机会锁定)
      [ASSIGN] white_usv9->black_usv17(机会锁定)
[t=9,912s] step=360 | MISSION=NORMAL_C | USV: 8/10 (avail=0 int=6 lock=2 frz=0) | UAV: air=10 rtb=0 chg=0 loiter=0 | TRACKS: vis=8 lost=0 engaged=2 | TOP: black_usv1(x168,753) black_usv5(x170,698) black_usv4(x171,925) | KILL=15 | ACTIONS=18 | INTENT: focus=2 ratio=0.20
      [ASSIGN] white_usv7->black_usv18(机会锁定)
      [ASSIGN] white_usv9->black_usv18(机会锁定)
      [ASSIGN] white_usv3->black_usv1(机会锁定)
      [ASSIGN] white_usv7->black_usv17(机会锁定)
      [ASSIGN] white_usv9->black_usv17(机会锁定)
      [ASSIGN] white_usv7->black_usv18(机会锁定)
      [ASSIGN] white_usv9->black_usv18(机会锁定)
      [ASSIGN] white_usv7->black_usv17(机会锁定)
      [ASSIGN] white_usv9->black_usv17(机会锁定)
      [ASSIGN] white_usv1->black_usv4(机会锁定)
      [ASSIGN] white_usv9->black_usv18(机会锁定)
      [KILL] black_usv18
      [ASSIGN] white_usv7->black_usv10(机会锁定)
      [ASSIGN] white_usv1->black_usv5(机会锁定)
      [RELEASE] white_usv9->black_usv18(目标失效)
      [ASSIGN] white_usv9->black_usv17(机会锁定)
      [ASSIGN] white_usv1->black_usv4(机会锁定)
      [ASSIGN] white_usv1->black_usv5(机会锁定)
      [ASSIGN] white_usv3->black_usv4(机会锁定)
[t=10,384s] step=370 | MISSION=NORMAL_C | USV: 8/10 (avail=0 int=7 lock=1 frz=0) | UAV: air=10 rtb=0 chg=0 loiter=0 | TRACKS: vis=7 lost=0 engaged=1 | TOP: black_usv4(x171,706) black_usv5(x168,617) black_usv20(x167,234) | KILL=16 | ACTIONS=18 | INTENT: focus=2 ratio=0.20
      [ASSIGN] white_usv3->black_usv1(机会锁定)
      [KILL] black_usv10
      [RELEASE] white_usv5->black_usv10(目标失效)
      [RELEASE] white_usv2->black_usv10(目标失效)
      [RELEASE] white_usv4->black_usv10(目标失效)
      [RELEASE] white_usv7->black_usv10(目标失效)
      [RELEASE] white_usv6->black_usv10(目标失效)
      [KILL] black_usv17
      [ASSIGN] white_usv5->black_usv19
      [ASSIGN] white_usv2->black_usv4
      [ASSIGN] white_usv4->black_usv1
      [ASSIGN] white_usv7->black_usv20
      [ASSIGN] white_usv6->black_usv5
      [RELEASE] white_usv9->black_usv17(目标失效)
      [ASSIGN] white_usv9->black_usv4
      [KILL] black_usv4
      [RELEASE] white_usv2->black_usv4(目标失效)
      [RELEASE] white_usv9->black_usv4(目标失效)
      [ASSIGN] white_usv2->black_usv19
      [ASSIGN] white_usv9->black_usv20
      [ASSIGN] white_usv3->black_usv5(机会锁定)
      [ASSIGN] white_usv3->black_usv1(机会锁定)
[t=10,843s] step=380 | MISSION=NORMAL_C | USV: 8/10 (avail=0 int=8 lock=0 frz=0) | UAV: air=10 rtb=0 chg=0 loiter=0 | TRACKS: vis=4 lost=0 engaged=0 | TOP: black_usv1(x162,954) black_usv5(x167,176) black_usv20(x163,310) | KILL=17 | ACTIONS=18 | INTENT: focus=2 ratio=0.20
      [ASSIGN] white_usv4->black_usv5(机会锁定)
      [KILL] black_usv5
      [RELEASE] white_usv4->black_usv5(目标失效)
      [RELEASE] white_usv1->black_usv5(目标失效)
      [ASSIGN] white_usv1->black_usv1(机会锁定)
      [RELEASE] white_usv6->black_usv5(目标失效)
      [ASSIGN] white_usv4->black_usv20
      [ASSIGN] white_usv6->black_usv1
[t=11,324s] step=390 | MISSION=NORMAL_C | USV: 8/10 (avail=0 int=6 lock=2 frz=0) | UAV: air=10 rtb=0 chg=0 loiter=0 | TRACKS: vis=3 lost=0 engaged=1 | TOP: black_usv1(x159,990) black_usv20(x159,343) black_usv19(x170,063) | KILL=18 | ACTIONS=18 | INTENT: focus=2 ratio=0.20
      [ASSIGN] white_usv5->black_usv20(机会锁定)
      [ASSIGN] white_usv7->black_usv19(机会锁定)
      [ASSIGN] white_usv9->black_usv19(机会锁定)
      [KILL] black_usv1
      [RELEASE] white_usv3->black_usv1(目标失效)
      [RELEASE] white_usv1->black_usv1(目标失效)
      [RELEASE] white_usv6->black_usv1(目标失效)
      [ASSIGN] white_usv3->black_usv20
[t=11,841s] step=400 | MISSION=NORMAL_C | USV: 8/10 (avail=3 int=3 lock=2 frz=0) | UAV: air=10 rtb=0 chg=0 loiter=0 | TRACKS: vis=2 lost=0 engaged=1 | TOP: black_usv19(x165,265) black_usv20(x157,875) | KILL=19 | ACTIONS=18 | INTENT: focus=2 ratio=0.20
      [KILL] black_usv20
      [RELEASE] white_usv5->black_usv20(目标失效)
      [ASSIGN] white_usv5->black_usv19(机会锁定)
      [RELEASE] white_usv4->black_usv20(目标失效)
      [RELEASE] white_usv3->black_usv20(目标失效)

========================================================================
对局结果: Result.Victory — 敌方所有单位被击毁
  击杀蓝舰: 20 | 命中: 40 | 我方USV损失: 2 | UAV损失: 0 | 突破: 0
[META] result=Result.Victory victory_time=12179 first_detection=1861 first_lock=7501 first_kill=8393 enemy_kills=20 friendly_usv_losses=2 friendly_uav_losses=0 black_breakthrough=0 reacquire_attempts=75 reacquire_success=75 sensor_assisted_locks=63 low_conf_commitments=0 global_reacquire_entries=0 global_reacquire_success=0 coverage_collapse_events=1 active_clusters_max=1 coverage_quality_final=0.33 commander_source=default_intent commander_calls=0 commander_changes=0 commander_no_change=0 commander_parse_failures=0 commander_api_failures=0 commander_policy_failures=0 commander_avg_latency=0.0
Done
