========================================================================
HYBRID AGENT V5 — Variable-Cardinality Hierarchical Maritime Agent
  启用UAV: True | LLM_ENABLED: False
========================================================================
对局 15 开始
      [UAV RELAUNCH] white_uav6
      [UAV RELAUNCH] white_uav5
      [UAV RELAUNCH] white_uav8
      [UAV RELAUNCH] white_uav4
      [UAV RELAUNCH] white_uav1
      [UAV RELAUNCH] white_uav2
      [UAV RELAUNCH] white_uav7
      [UAV RELAUNCH] white_uav3
      [UAV RELAUNCH] white_uav9
      [UAV RELAUNCH] white_uav10
[t=217s] step=10 | MISSION=NORMAL_C | USV: 10/10 (avail=10 int=0 lock=0 frz=0) | UAV: air=10 rtb=0 chg=0 loiter=0 | TRACKS: vis=0 lost=0 engaged=0 | TOP:  | KILL=0 | ACTIONS=20 | INTENT: focus=2 ratio=0.20
  [INTENT APPLIED]
    ThreatAllocator: focus 2 emergency 3 reserve_ratio 0.20 reserve_usvs None bias breakthrough_eta
    UAVManager: mode search_and_reacquire uav_priority []
[t=474s] step=20 | MISSION=NORMAL_C | USV: 10/10 (avail=10 int=0 lock=0 frz=0) | UAV: air=10 rtb=0 chg=0 loiter=0 | TRACKS: vis=0 lost=0 engaged=0 | TOP:  | KILL=0 | ACTIONS=20 | INTENT: focus=2 ratio=0.20
[t=717s] step=30 | MISSION=NORMAL_C | USV: 10/10 (avail=10 int=0 lock=0 frz=0) | UAV: air=10 rtb=0 chg=0 loiter=0 | TRACKS: vis=0 lost=0 engaged=0 | TOP:  | KILL=0 | ACTIONS=20 | INTENT: focus=2 ratio=0.20
[t=953s] step=40 | MISSION=NORMAL_C | USV: 10/10 (avail=10 int=0 lock=0 frz=0) | UAV: air=10 rtb=0 chg=0 loiter=0 | TRACKS: vis=0 lost=0 engaged=0 | TOP:  | KILL=0 | ACTIONS=20 | INTENT: focus=2 ratio=0.20
[t=1,188s] step=50 | MISSION=NORMAL_C | USV: 10/10 (avail=10 int=0 lock=0 frz=0) | UAV: air=10 rtb=0 chg=0 loiter=0 | TRACKS: vis=0 lost=0 engaged=0 | TOP:  | KILL=0 | ACTIONS=20 | INTENT: focus=2 ratio=0.20
[t=1,412s] step=60 | MISSION=NORMAL_C | USV: 10/10 (avail=10 int=0 lock=0 frz=0) | UAV: air=10 rtb=0 chg=0 loiter=0 | TRACKS: vis=0 lost=0 engaged=0 | TOP:  | KILL=0 | ACTIONS=20 | INTENT: focus=2 ratio=0.20
[t=1,647s] step=70 | MISSION=NORMAL_C | USV: 10/10 (avail=10 int=0 lock=0 frz=0) | UAV: air=10 rtb=0 chg=0 loiter=0 | TRACKS: vis=0 lost=0 engaged=0 | TOP:  | KILL=0 | ACTIONS=20 | INTENT: focus=2 ratio=0.20
[t=1,885s] step=80 | MISSION=NORMAL_C | USV: 10/10 (avail=10 int=0 lock=0 frz=0) | UAV: air=10 rtb=0 chg=0 loiter=0 | TRACKS: vis=0 lost=0 engaged=0 | TOP:  | KILL=0 | ACTIONS=20 | INTENT: focus=2 ratio=0.20
      [DETECT] black_usv6
      [DETECT] black_usv18
      [DETECT] black_usv2
      [DETECT] black_usv8
      [DETECT] black_usv12
      [DETECT] black_usv11
      [DETECT] black_usv15
      [DETECT] black_usv16
      [DETECT] black_usv14
      [DETECT] black_usv9
      [DETECT] black_usv4
      [DETECT] black_usv13
      [DETECT] black_usv7
      [DETECT] black_usv5
      [DETECT] black_usv10
      [ASSIGN] white_usv2->black_usv2
      [ASSIGN] white_usv9->black_usv16
      [ASSIGN] white_usv4->black_usv10
      [ASSIGN] white_usv3->black_usv8
      [ASSIGN] white_usv5->black_usv9
      [ASSIGN] white_usv8->black_usv12
      [ASSIGN] white_usv10->black_usv14
      [ASSIGN] white_usv1->black_usv18
      [DETECT] black_usv3
      [DETECT] black_usv19
      [DETECT] black_usv17
      [DETECT] black_usv1
      [ASSIGN] white_usv6->black_usv1
      [ASSIGN] white_usv7->black_usv19
      [DETECT] black_usv20
[t=2,132s] step=90 | MISSION=NORMAL_C | USV: 10/10 (avail=0 int=10 lock=0 frz=0) | UAV: air=10 rtb=0 chg=0 loiter=0 | TRACKS: vis=20 lost=0 engaged=0 | TOP: black_usv7(x248,822) black_usv6(x248,860) black_usv13(x248,957) | KILL=0 | ACTIONS=20 | INTENT: focus=2 ratio=0.20
[t=2,367s] step=100 | MISSION=NORMAL_C | USV: 10/10 (avail=0 int=10 lock=0 frz=0) | UAV: air=10 rtb=0 chg=0 loiter=0 | TRACKS: vis=20 lost=0 engaged=0 | TOP: black_usv7(x247,591) black_usv6(x247,633) black_usv13(x247,741) | KILL=0 | ACTIONS=20 | INTENT: focus=2 ratio=0.20
[t=2,618s] step=110 | MISSION=NORMAL_C | USV: 10/10 (avail=0 int=10 lock=0 frz=0) | UAV: air=10 rtb=0 chg=0 loiter=0 | TRACKS: vis=20 lost=0 engaged=0 | TOP: black_usv7(x246,272) black_usv6(x246,319) black_usv13(x246,438) | KILL=0 | ACTIONS=20 | INTENT: focus=2 ratio=0.20
[t=2,835s] step=120 | MISSION=NORMAL_C | USV: 10/10 (avail=0 int=10 lock=0 frz=0) | UAV: air=10 rtb=0 chg=0 loiter=0 | TRACKS: vis=20 lost=0 engaged=0 | TOP: black_usv7(x245,139) black_usv6(x245,190) black_usv13(x245,319) | KILL=0 | ACTIONS=20 | INTENT: focus=2 ratio=0.20
[t=3,096s] step=130 | MISSION=NORMAL_C | USV: 10/10 (avail=0 int=10 lock=0 frz=0) | UAV: air=10 rtb=0 chg=0 loiter=0 | TRACKS: vis=20 lost=0 engaged=0 | TOP: black_usv7(x243,772) black_usv6(x243,827) black_usv13(x243,969) | KILL=0 | ACTIONS=20 | INTENT: focus=2 ratio=0.20
[t=3,365s] step=140 | MISSION=NORMAL_C | USV: 10/10 (avail=0 int=10 lock=0 frz=0) | UAV: air=10 rtb=0 chg=0 loiter=0 | TRACKS: vis=20 lost=0 engaged=0 | TOP: black_usv7(x242,363) black_usv6(x242,423) black_usv13(x242,577) | KILL=0 | ACTIONS=20 | INTENT: focus=2 ratio=0.20
[t=3,628s] step=150 | MISSION=NORMAL_C | USV: 10/10 (avail=0 int=10 lock=0 frz=0) | UAV: air=10 rtb=0 chg=0 loiter=0 | TRACKS: vis=20 lost=0 engaged=0 | TOP: black_usv7(x240,981) black_usv6(x241,046) black_usv13(x241,212) | KILL=0 | ACTIONS=20 | INTENT: focus=2 ratio=0.20
[t=3,890s] step=160 | MISSION=NORMAL_C | USV: 10/10 (avail=0 int=10 lock=0 frz=0) | UAV: air=10 rtb=0 chg=0 loiter=0 | TRACKS: vis=20 lost=0 engaged=0 | TOP: black_usv7(x239,613) black_usv6(x239,682) black_usv13(x239,860) | KILL=0 | ACTIONS=20 | INTENT: focus=2 ratio=0.20
[t=4,160s] step=170 | MISSION=NORMAL_C | USV: 10/10 (avail=0 int=10 lock=0 frz=0) | UAV: air=10 rtb=0 chg=0 loiter=0 | TRACKS: vis=20 lost=0 engaged=0 | TOP: black_usv7(x238,199) black_usv6(x238,273) black_usv13(x238,463) | KILL=0 | ACTIONS=20 | INTENT: focus=2 ratio=0.20
[t=4,391s] step=180 | MISSION=NORMAL_C | USV: 10/10 (avail=0 int=10 lock=0 frz=0) | UAV: air=10 rtb=0 chg=0 loiter=0 | TRACKS: vis=20 lost=0 engaged=0 | TOP: black_usv7(x236,986) black_usv6(x237,064) black_usv13(x237,265) | KILL=0 | ACTIONS=20 | INTENT: focus=2 ratio=0.20
[t=4,616s] step=190 | MISSION=NORMAL_C | USV: 10/10 (avail=0 int=10 lock=0 frz=0) | UAV: air=10 rtb=0 chg=0 loiter=0 | TRACKS: vis=20 lost=0 engaged=0 | TOP: black_usv7(x235,810) black_usv6(x235,892) black_usv13(x236,103) | KILL=0 | ACTIONS=20 | INTENT: focus=2 ratio=0.20
[t=4,893s] step=200 | MISSION=NORMAL_C | USV: 10/10 (avail=0 int=10 lock=0 frz=0) | UAV: air=10 rtb=0 chg=0 loiter=0 | TRACKS: vis=20 lost=0 engaged=0 | TOP: black_usv7(x234,359) black_usv6(x234,446) black_usv13(x234,670) | KILL=0 | ACTIONS=20 | INTENT: focus=2 ratio=0.20
[t=5,160s] step=210 | MISSION=NORMAL_C | USV: 10/10 (avail=0 int=10 lock=0 frz=0) | UAV: air=10 rtb=0 chg=0 loiter=0 | TRACKS: vis=20 lost=0 engaged=0 | TOP: black_usv7(x232,961) black_usv6(x233,053) black_usv13(x233,288) | KILL=0 | ACTIONS=20 | INTENT: focus=2 ratio=0.20
[t=5,425s] step=220 | MISSION=NORMAL_C | USV: 10/10 (avail=0 int=10 lock=0 frz=0) | UAV: air=10 rtb=0 chg=0 loiter=0 | TRACKS: vis=20 lost=0 engaged=0 | TOP: black_usv7(x231,572) black_usv6(x231,669) black_usv13(x231,917) | KILL=0 | ACTIONS=20 | INTENT: focus=2 ratio=0.20
[t=5,699s] step=230 | MISSION=NORMAL_C | USV: 10/10 (avail=0 int=10 lock=0 frz=0) | UAV: air=10 rtb=0 chg=0 loiter=0 | TRACKS: vis=20 lost=0 engaged=0 | TOP: black_usv7(x230,137) black_usv6(x230,239) black_usv13(x230,499) | KILL=0 | ACTIONS=20 | INTENT: focus=2 ratio=0.20
[t=5,975s] step=240 | MISSION=NORMAL_C | USV: 10/10 (avail=0 int=10 lock=0 frz=0) | UAV: air=10 rtb=0 chg=0 loiter=0 | TRACKS: vis=20 lost=0 engaged=0 | TOP: black_usv7(x228,691) black_usv6(x228,798) black_usv13(x229,071) | KILL=0 | ACTIONS=20 | INTENT: focus=2 ratio=0.20
[t=6,229s] step=250 | MISSION=NORMAL_C | USV: 10/10 (avail=0 int=10 lock=0 frz=0) | UAV: air=10 rtb=0 chg=0 loiter=0 | TRACKS: vis=20 lost=0 engaged=0 | TOP: black_usv7(x227,361) black_usv6(x227,472) black_usv13(x227,756) | KILL=0 | ACTIONS=20 | INTENT: focus=2 ratio=0.20
[t=6,510s] step=260 | MISSION=NORMAL_C | USV: 10/10 (avail=0 int=10 lock=0 frz=0) | UAV: air=10 rtb=0 chg=0 loiter=0 | TRACKS: vis=20 lost=0 engaged=0 | TOP: black_usv7(x225,889) black_usv6(x226,005) black_usv13(x226,302) | KILL=0 | ACTIONS=20 | INTENT: focus=2 ratio=0.20
[t=6,797s] step=270 | MISSION=NORMAL_C | USV: 10/10 (avail=0 int=10 lock=0 frz=0) | UAV: air=10 rtb=0 chg=0 loiter=0 | TRACKS: vis=20 lost=0 engaged=0 | TOP: black_usv7(x224,382) black_usv6(x224,503) black_usv13(x224,813) | KILL=0 | ACTIONS=20 | INTENT: focus=2 ratio=0.20
[t=7,056s] step=280 | MISSION=NORMAL_C | USV: 10/10 (avail=0 int=10 lock=0 frz=0) | UAV: air=10 rtb=0 chg=0 loiter=0 | TRACKS: vis=19 lost=1 engaged=0 | TOP: black_usv7(x223,026) black_usv6(x223,152) black_usv13(x223,474) | KILL=0 | ACTIONS=20 | INTENT: focus=2 ratio=0.20
[t=7,313s] step=290 | MISSION=NORMAL_C | USV: 10/10 (avail=0 int=10 lock=0 frz=0) | UAV: air=10 rtb=0 chg=0 loiter=0 | TRACKS: vis=19 lost=1 engaged=0 | TOP: black_usv7(x221,679) black_usv6(x221,809) black_usv13(x222,143) | KILL=0 | ACTIONS=20 | INTENT: focus=2 ratio=0.20
[t=7,563s] step=300 | MISSION=NORMAL_C | USV: 10/10 (avail=0 int=10 lock=0 frz=0) | UAV: air=10 rtb=0 chg=0 loiter=0 | TRACKS: vis=20 lost=0 engaged=0 | TOP: black_usv7(x220,371) black_usv6(x220,506) black_usv13(x220,851) | KILL=0 | ACTIONS=20 | INTENT: focus=2 ratio=0.20
[t=7,804s] step=310 | MISSION=NORMAL_C | USV: 10/10 (avail=0 int=10 lock=0 frz=0) | UAV: air=10 rtb=0 chg=0 loiter=0 | TRACKS: vis=20 lost=0 engaged=0 | TOP: black_usv7(x219,110) black_usv6(x219,249) black_usv13(x219,605) | KILL=0 | ACTIONS=20 | INTENT: focus=2 ratio=0.20
[t=8,080s] step=320 | MISSION=NORMAL_C | USV: 10/10 (avail=0 int=10 lock=0 frz=0) | UAV: air=10 rtb=0 chg=0 loiter=0 | TRACKS: vis=20 lost=0 engaged=0 | TOP: black_usv7(x217,665) black_usv6(x217,809) black_usv13(x218,178) | KILL=0 | ACTIONS=20 | INTENT: focus=2 ratio=0.20
[t=8,337s] step=330 | MISSION=NORMAL_C | USV: 10/10 (avail=0 int=10 lock=0 frz=0) | UAV: air=10 rtb=0 chg=0 loiter=0 | TRACKS: vis=20 lost=0 engaged=0 | TOP: black_usv7(x216,319) black_usv6(x216,467) black_usv13(x216,848) | KILL=0 | ACTIONS=20 | INTENT: focus=2 ratio=0.20
[t=8,625s] step=340 | MISSION=NORMAL_C | USV: 10/10 (avail=0 int=10 lock=0 frz=0) | UAV: air=10 rtb=0 chg=0 loiter=0 | TRACKS: vis=20 lost=0 engaged=0 | TOP: black_usv7(x214,810) black_usv6(x214,964) black_usv13(x215,357) | KILL=0 | ACTIONS=20 | INTENT: focus=2 ratio=0.20
      [ASSIGN] white_usv2->black_usv1(机会锁定)
      [ASSIGN] white_usv4->black_usv9(机会锁定)
      [ASSIGN] white_usv3->black_usv9(机会锁定)
      [ASSIGN] white_usv8->black_usv14(机会锁定)
      [ASSIGN] white_usv7->black_usv16(机会锁定)
      [ASSIGN] white_usv10->black_usv18(机会锁定)
      [ASSIGN] white_usv6->black_usv2(机会锁定)
      [ASSIGN] white_usv1->black_usv12(机会锁定)
[t=8,921s] step=350 | MISSION=NORMAL_C | USV: 10/10 (avail=0 int=0 lock=10 frz=0) | UAV: air=10 rtb=0 chg=0 loiter=0 | TRACKS: vis=20 lost=0 engaged=7 | TOP: black_usv10(x212,705) black_usv19(x212,849) black_usv8(x213,144) | KILL=0 | ACTIONS=20 | INTENT: focus=2 ratio=0.20
      [ASSIGN] white_usv2->black_usv6(机会锁定)
      [ASSIGN] white_usv9->black_usv13(机会锁定)
      [ASSIGN] white_usv4->black_usv10(机会锁定)
      [ASSIGN] white_usv3->black_usv10(机会锁定)
      [ASSIGN] white_usv5->black_usv10(机会锁定)
      [ASSIGN] white_usv8->black_usv8(机会锁定)
      [ASSIGN] white_usv7->black_usv19(机会锁定)
      [ASSIGN] white_usv10->black_usv14(机会锁定)
      [ASSIGN] white_usv6->black_usv7(机会锁定)
[t=9,205s] step=360 | MISSION=NORMAL_C | USV: 10/10 (avail=0 int=0 lock=10 frz=0) | UAV: air=10 rtb=0 chg=0 loiter=0 | TRACKS: vis=20 lost=0 engaged=8 | TOP: black_usv1(x211,284) black_usv9(x212,103) black_usv2(x211,943) | KILL=1 | ACTIONS=20 | INTENT: focus=2 ratio=0.20
      [ASSIGN] white_usv1->black_usv15(机会锁定)
      [ASSIGN] white_usv2->black_usv1(机会锁定)
      [ASSIGN] white_usv9->black_usv16(机会锁定)
      [ASSIGN] white_usv4->black_usv12(机会锁定)
      [ASSIGN] white_usv3->black_usv5(机会锁定)
      [ASSIGN] white_usv5->black_usv12(机会锁定)
      [ASSIGN] white_usv8->black_usv10(机会锁定)
      [ASSIGN] white_usv7->black_usv13(机会锁定)
      [ASSIGN] white_usv8->black_usv8(机会锁定)
      [ASSIGN] white_usv10->black_usv18(机会锁定)
      [ASSIGN] white_usv6->black_usv6(机会锁定)
[t=9,521s] step=370 | MISSION=NORMAL_C | USV: 10/10 (avail=0 int=0 lock=10 frz=0) | UAV: air=10 rtb=0 chg=0 loiter=0 | TRACKS: vis=20 lost=0 engaged=9 | TOP: black_usv10(x210,463) black_usv19(x210,429) black_usv7(x210,552) | KILL=3 | ACTIONS=20 | INTENT: focus=2 ratio=0.20
      [ASSIGN] white_usv1->black_usv10(机会锁定)
      [ASSIGN] white_usv1->black_usv15(机会锁定)
      [KILL] black_usv9
      [ASSIGN] white_usv2->black_usv2(机会锁定)
      [ASSIGN] white_usv9->black_usv19(机会锁定)
      [ASSIGN] white_usv4->black_usv10(机会锁定)
      [ASSIGN] white_usv3->black_usv10(机会锁定)
      [ASSIGN] white_usv5->black_usv10(机会锁定)
      [ASSIGN] white_usv4->black_usv5(机会锁定)
      [ASSIGN] white_usv3->black_usv5(机会锁定)
      [ASSIGN] white_usv5->black_usv5(机会锁定)
      [ASSIGN] white_usv7->black_usv16(机会锁定)
      [ASSIGN] white_usv8->black_usv12(机会锁定)
      [ASSIGN] white_usv7->black_usv13(机会锁定)
      [ASSIGN] white_usv8->black_usv8(机会锁定)
      [ASSIGN] white_usv10->black_usv8(机会锁定)
      [ASSIGN] white_usv6->black_usv1(机会锁定)
      [ASSIGN] white_usv7->black_usv16(机会锁定)
      [ASSIGN] white_usv7->black_usv18(机会锁定)
      [ASSIGN] white_usv7->black_usv16(机会锁定)
[t=9,876s] step=380 | MISSION=NORMAL_C | USV: 10/10 (avail=0 int=1 lock=9 frz=0) | UAV: air=10 rtb=0 chg=0 loiter=0 | TRACKS: vis=19 lost=0 engaged=6 | TOP: black_usv3(x208,973) black_usv7(x209,834) black_usv6(x210,005) | KILL=7 | ACTIONS=20 | INTENT: focus=2 ratio=0.20
      [ASSIGN] white_usv7->black_usv18(机会锁定)
      [ASSIGN] white_usv1->black_usv12(机会锁定)
      [ASSIGN] white_usv7->black_usv16(机会锁定)
      [KILL] black_usv10
      [ASSIGN] white_usv1->black_usv15(机会锁定)
      [ASSIGN] white_usv7->black_usv18(机会锁定)
      [ASSIGN] white_usv2->black_usv6(机会锁定)
      [ASSIGN] white_usv9->black_usv16(机会锁定)
      [ASSIGN] white_usv1->black_usv12(机会锁定)
      [ASSIGN] white_usv7->black_usv16(机会锁定)
      [KILL] black_usv14
      [ASSIGN] white_usv9->black_usv19(机会锁定)
      [ASSIGN] white_usv4->black_usv15(机会锁定)
      [ASSIGN] white_usv3->black_usv7(机会锁定)
      [ASSIGN] white_usv5->black_usv15(机会锁定)
      [ASSIGN] white_usv1->black_usv15(机会锁定)
      [ASSIGN] white_usv7->black_usv19(机会锁定)
      [ASSIGN] white_usv4->black_usv5(机会锁定)
      [ASSIGN] white_usv5->black_usv5(机会锁定)
      [ASSIGN] white_usv1->black_usv12(机会锁定)
      [ASSIGN] white_usv4->black_usv15(机会锁定)
      [ASSIGN] white_usv5->black_usv15(机会锁定)
      [ASSIGN] white_usv8->black_usv15(机会锁定)
      [ASSIGN] white_usv10->black_usv18(机会锁定)
      [ASSIGN] white_usv1->black_usv15(机会锁定)
      [ASSIGN] white_usv6->black_usv2(机会锁定)
      [ASSIGN] white_usv4->black_usv8(机会锁定)
      [ASSIGN] white_usv5->black_usv8(机会锁定)
      [ASSIGN] white_usv8->black_usv8(机会锁定)
      [ASSIGN] white_usv10->black_usv8(机会锁定)
      [ASSIGN] white_usv1->black_usv8(机会锁定)
      [ASSIGN] white_usv6->black_usv1(机会锁定)
      [ASSIGN] white_usv4->black_usv5(机会锁定)
      [ASSIGN] white_usv5->black_usv5(机会锁定)
      [ASSIGN] white_usv8->black_usv12(机会锁定)
      [ASSIGN] white_usv10->black_usv18(机会锁定)
      [ASSIGN] white_usv1->black_usv12(机会锁定)
      [ASSIGN] white_usv6->black_usv2(机会锁定)
      [ASSIGN] white_usv4->black_usv8(机会锁定)
      [ASSIGN] white_usv5->black_usv8(机会锁定)
      [ASSIGN] white_usv8->black_usv8(机会锁定)
      [ASSIGN] white_usv10->black_usv8(机会锁定)
      [ASSIGN] white_usv1->black_usv8(机会锁定)
      [ASSIGN] white_usv6->black_usv1(机会锁定)
[t=10,275s] step=390 | MISSION=NORMAL_C | USV: 10/10 (avail=0 int=6 lock=4 frz=0) | UAV: air=10 rtb=0 chg=0 loiter=0 | TRACKS: vis=17 lost=0 engaged=3 | TOP: black_usv3(x206,912) black_usv1(x208,030) black_usv8(x208,444) | KILL=12 | ACTIONS=20 | INTENT: focus=2 ratio=0.20
      [KILL] black_usv12
      [KILL] black_usv16
      [ASSIGN] white_usv4->black_usv5(机会锁定)
      [ASSIGN] white_usv5->black_usv5(机会锁定)
      [ASSIGN] white_usv8->black_usv15(机会锁定)
      [ASSIGN] white_usv10->black_usv18(机会锁定)
      [ASSIGN] white_usv1->black_usv15(机会锁定)
      [ASSIGN] white_usv6->black_usv2(机会锁定)
      [KILL] black_usv13
      [ASSIGN] white_usv2->black_usv1(机会锁定)
      [ASSIGN] white_usv4->black_usv8(机会锁定)
      [ASSIGN] white_usv5->black_usv8(机会锁定)
      [ASSIGN] white_usv8->black_usv8(机会锁定)
      [ASSIGN] white_usv10->black_usv8(机会锁定)
      [ASSIGN] white_usv1->black_usv8(机会锁定)
      [ASSIGN] white_usv6->black_usv1(机会锁定)
      [KILL] black_usv18
      [ASSIGN] white_usv2->black_usv6(机会锁定)
      [ASSIGN] white_usv9->black_usv11(机会锁定)
      [ASSIGN] white_usv3->black_usv5(机会锁定)
      [ASSIGN] white_usv10->black_usv11(机会锁定)
      [ASSIGN] white_usv6->black_usv6(机会锁定)
      [ASSIGN] white_usv7->black_usv11(机会锁定)
      [ASSIGN] white_usv3->black_usv7(机会锁定)
      [ASSIGN] white_usv3->black_usv5(机会锁定)
      [ASSIGN] white_usv10->black_usv19(机会锁定)
      [ASSIGN] white_usv3->black_usv7(机会锁定)
      [ASSIGN] white_usv4->black_usv5(机会锁定)
      [ASSIGN] white_usv3->black_usv5(机会锁定)
      [ASSIGN] white_usv5->black_usv5(机会锁定)
      [KILL] black_usv15
      [ASSIGN] white_usv4->black_usv7(机会锁定)
      [ASSIGN] white_usv3->black_usv7(机会锁定)
      [ASSIGN] white_usv5->black_usv7(机会锁定)
      [KILL] black_usv2
      [ASSIGN] white_usv4->black_usv5(机会锁定)
      [ASSIGN] white_usv3->black_usv5(机会锁定)
      [ASSIGN] white_usv5->black_usv5(机会锁定)
      [KILL] black_usv5
      [RELEASE] white_usv4->black_usv5(目标失效)
      [ASSIGN] white_usv4->black_usv7(机会锁定)
      [RELEASE] white_usv3->black_usv5(目标失效)
      [ASSIGN] white_usv3->black_usv7(机会锁定)
      [RELEASE] white_usv5->black_usv5(目标失效)
      [ASSIGN] white_usv5->black_usv7(机会锁定)
[t=10,676s] step=400 | MISSION=NORMAL_C | USV: 8/10 (avail=0 int=5 lock=3 frz=0) | UAV: air=10 rtb=0 chg=0 loiter=0 | TRACKS: vis=10 lost=0 engaged=2 | TOP: black_usv3(x204,841) black_usv7(x207,162) black_usv4(x206,201) | KILL=14 | ACTIONS=18 | INTENT: focus=2 ratio=0.20
      [ASSIGN] white_usv2->black_usv3(机会锁定)
      [ASSIGN] white_usv9->black_usv17(机会锁定)
      [ASSIGN] white_usv4->black_usv8(机会锁定)
      [ASSIGN] white_usv3->black_usv8(机会锁定)
      [ASSIGN] white_usv5->black_usv8(机会锁定)
      [KILL] black_usv8
      [KILL] black_usv1
      [RELEASE] white_usv4->black_usv8(目标失效)
      [ASSIGN] white_usv4->black_usv7(机会锁定)
      [RELEASE] white_usv3->black_usv8(目标失效)
      [RELEASE] white_usv5->black_usv8(目标失效)
      [ASSIGN] white_usv5->black_usv7(机会锁定)
      [RELEASE] white_usv8->black_usv8(目标失效)
      [ASSIGN] white_usv8->black_usv11(机会锁定)
      [ASSIGN] white_usv10->black_usv11(机会锁定)
      [ASSIGN] white_usv7->black_usv20(机会锁定)
      [ASSIGN] white_usv4->black_usv6(机会锁定)
      [ASSIGN] white_usv3->black_usv6
      [ASSIGN] white_usv5->black_usv6(机会锁定)
      [ASSIGN] white_usv4->black_usv7(机会锁定)
      [ASSIGN] white_usv5->black_usv7(机会锁定)
      [ASSIGN] white_usv4->black_usv6(机会锁定)
      [ASSIGN] white_usv5->black_usv6(机会锁定)
      [ASSIGN] white_usv4->black_usv7(机会锁定)
      [ASSIGN] white_usv3->black_usv7(机会锁定)
      [ASSIGN] white_usv5->black_usv7(机会锁定)
      [ASSIGN] white_usv4->black_usv6(机会锁定)
      [ASSIGN] white_usv3->black_usv6(机会锁定)
      [ASSIGN] white_usv5->black_usv6(机会锁定)
      [KILL] black_usv7
      [KILL] black_usv19
      [ASSIGN] white_usv4->black_usv11(机会锁定)
      [ASSIGN] white_usv5->black_usv11(机会锁定)
      [ASSIGN] white_usv2->black_usv4(机会锁定)
      [ASSIGN] white_usv4->black_usv6(机会锁定)
      [ASSIGN] white_usv5->black_usv6(机会锁定)
      [ASSIGN] white_usv10->black_usv17(机会锁定)
      [ASSIGN] white_usv7->black_usv17(机会锁定)
[t=11,131s] step=410 | MISSION=NORMAL_C | USV: 8/10 (avail=0 int=6 lock=2 frz=0) | UAV: air=10 rtb=0 chg=0 loiter=0 | TRACKS: vis=6 lost=0 engaged=2 | TOP: black_usv3(x202,981) black_usv4(x203,908) black_usv17(x205,900) | KILL=16 | ACTIONS=18 | INTENT: focus=2 ratio=0.20
      [ASSIGN] white_usv4->black_usv11(机会锁定)
      [ASSIGN] white_usv5->black_usv11(机会锁定)
      [ASSIGN] white_usv10->black_usv11(机会锁定)
      [ASSIGN] white_usv4->black_usv6(机会锁定)
      [ASSIGN] white_usv3->black_usv3(机会锁定)
      [ASSIGN] white_usv5->black_usv6(机会锁定)
      [KILL] black_usv6
      [RELEASE] white_usv4->black_usv6(目标失效)
      [ASSIGN] white_usv4->black_usv11(机会锁定)
      [RELEASE] white_usv5->black_usv6(目标失效)
      [ASSIGN] white_usv5->black_usv11(机会锁定)
      [ASSIGN] white_usv2->black_usv3(机会锁定)
      [ASSIGN] white_usv9->black_usv20(机会锁定)
      [ASSIGN] white_usv7->black_usv20(机会锁定)
      [ASSIGN] white_usv7->black_usv17(机会锁定)
      [ASSIGN] white_usv3->black_usv4(机会锁定)
      [ASSIGN] white_usv7->black_usv20(机会锁定)
[t=11,613s] step=420 | MISSION=NORMAL_C | USV: 8/10 (avail=0 int=4 lock=4 frz=0) | UAV: air=10 rtb=0 chg=0 loiter=0 | TRACKS: vis=5 lost=0 engaged=3 | TOP: black_usv17(x205,616) black_usv3(x201,556) black_usv4(x202,563) | KILL=17 | ACTIONS=18 | INTENT: focus=2 ratio=0.20
      [KILL] black_usv11
      [ASSIGN] white_usv9->black_usv17(机会锁定)
      [RELEASE] white_usv4->black_usv11(目标失效)
      [ASSIGN] white_usv4->black_usv20(机会锁定)
      [RELEASE] white_usv5->black_usv11(目标失效)
      [ASSIGN] white_usv5->black_usv20(机会锁定)
      [RELEASE] white_usv8->black_usv11(目标失效)
      [RELEASE] white_usv10->black_usv11(目标失效)
      [ASSIGN] white_usv10->black_usv20(机会锁定)
      [ASSIGN] white_usv7->black_usv17(机会锁定)
      [ASSIGN] white_usv4->black_usv17(机会锁定)
      [ASSIGN] white_usv5->black_usv17(机会锁定)
      [ASSIGN] white_usv8->black_usv4
      [ASSIGN] white_usv10->black_usv17(机会锁定)
      [ASSIGN] white_usv9->black_usv20(机会锁定)
      [ASSIGN] white_usv4->black_usv20(机会锁定)
      [ASSIGN] white_usv3->black_usv3(机会锁定)
      [ASSIGN] white_usv5->black_usv20(机会锁定)
      [ASSIGN] white_usv10->black_usv20(机会锁定)
      [ASSIGN] white_usv7->black_usv20(机会锁定)

========================================================================
对局结果: Result.Victory — 敌方所有单位被击毁
  击杀蓝舰: 20 | 命中: 40 | 我方USV损失: 2 | UAV损失: 0 | 突破: 0
[META] result=Result.Victory victory_time=11891 first_detection=1938 first_lock=8745 first_kill=9651 enemy_kills=20 friendly_usv_losses=2 friendly_uav_losses=0 black_breakthrough=0 reacquire_attempts=26 reacquire_success=26 sensor_assisted_locks=51 low_conf_commitments=0 global_reacquire_entries=0 global_reacquire_success=0 coverage_collapse_events=1 active_clusters_max=1 coverage_quality_final=0.24 commander_source=default_intent commander_calls=0 commander_changes=0 commander_no_change=0 commander_parse_failures=0 commander_api_failures=0 commander_policy_failures=0 commander_avg_latency=0.0
Done
