========================================================================
HYBRID AGENT V5 — Variable-Cardinality Hierarchical Maritime Agent
  启用UAV: True | LLM_ENABLED: False
========================================================================
对局 59 开始
      [UAV RELAUNCH] white_uav1
      [UAV RELAUNCH] white_uav3
      [UAV RELAUNCH] white_uav4
      [UAV RELAUNCH] white_uav9
      [UAV RELAUNCH] white_uav7
      [UAV RELAUNCH] white_uav5
      [UAV RELAUNCH] white_uav6
      [UAV RELAUNCH] white_uav8
      [UAV RELAUNCH] white_uav2
      [UAV RELAUNCH] white_uav10
[t=237s] step=10 | MISSION=NORMAL_C | USV: 10/10 (avail=10 int=0 lock=0 frz=0) | UAV: air=10 rtb=0 chg=0 loiter=0 | TRACKS: vis=0 lost=0 engaged=0 | TOP:  | KILL=0 | ACTIONS=20 | INTENT: focus=2 ratio=0.20
  [INTENT APPLIED]
    ThreatAllocator: focus 2 emergency 3 reserve_ratio 0.20 reserve_usvs None bias breakthrough_eta
    UAVManager: mode search_and_reacquire uav_priority []
[t=518s] step=20 | MISSION=NORMAL_C | USV: 10/10 (avail=10 int=0 lock=0 frz=0) | UAV: air=10 rtb=0 chg=0 loiter=0 | TRACKS: vis=0 lost=0 engaged=0 | TOP:  | KILL=0 | ACTIONS=20 | INTENT: focus=2 ratio=0.20
[t=792s] step=30 | MISSION=NORMAL_C | USV: 10/10 (avail=10 int=0 lock=0 frz=0) | UAV: air=10 rtb=0 chg=0 loiter=0 | TRACKS: vis=0 lost=0 engaged=0 | TOP:  | KILL=0 | ACTIONS=20 | INTENT: focus=2 ratio=0.20
[t=1,069s] step=40 | MISSION=NORMAL_C | USV: 10/10 (avail=10 int=0 lock=0 frz=0) | UAV: air=10 rtb=0 chg=0 loiter=0 | TRACKS: vis=0 lost=0 engaged=0 | TOP:  | KILL=0 | ACTIONS=20 | INTENT: focus=2 ratio=0.20
[t=1,347s] step=50 | MISSION=NORMAL_C | USV: 10/10 (avail=10 int=0 lock=0 frz=0) | UAV: air=10 rtb=0 chg=0 loiter=0 | TRACKS: vis=0 lost=0 engaged=0 | TOP:  | KILL=0 | ACTIONS=20 | INTENT: focus=2 ratio=0.20
[t=1,622s] step=60 | MISSION=NORMAL_C | USV: 10/10 (avail=10 int=0 lock=0 frz=0) | UAV: air=10 rtb=0 chg=0 loiter=0 | TRACKS: vis=0 lost=0 engaged=0 | TOP:  | KILL=0 | ACTIONS=20 | INTENT: focus=2 ratio=0.20
[t=1,901s] step=70 | MISSION=NORMAL_C | USV: 10/10 (avail=10 int=0 lock=0 frz=0) | UAV: air=10 rtb=0 chg=0 loiter=0 | TRACKS: vis=0 lost=0 engaged=0 | TOP:  | KILL=0 | ACTIONS=20 | INTENT: focus=2 ratio=0.20
      [DETECT] black_usv6
      [DETECT] black_usv3
      [DETECT] black_usv18
      [DETECT] black_usv2
      [DETECT] black_usv8
      [DETECT] black_usv16
      [DETECT] black_usv11
      [DETECT] black_usv14
      [DETECT] black_usv9
      [DETECT] black_usv4
      [DETECT] black_usv19
      [DETECT] black_usv13
      [DETECT] black_usv5
      [DETECT] black_usv10
      [ASSIGN] white_usv1->black_usv6
      [ASSIGN] white_usv4->black_usv9
      [ASSIGN] white_usv7->black_usv13
      [ASSIGN] white_usv2->black_usv4
      [ASSIGN] white_usv5->black_usv10
      [ASSIGN] white_usv10->black_usv16
      [ASSIGN] white_usv3->black_usv3
      [ASSIGN] white_usv9->black_usv18
      [DETECT] black_usv12
      [DETECT] black_usv17
      [DETECT] black_usv7
      [DETECT] black_usv20
      [DETECT] black_usv15
      [DETECT] black_usv1
      [ASSIGN] white_usv6->black_usv1
      [ASSIGN] white_usv8->black_usv20
[t=2,185s] step=80 | MISSION=NORMAL_C | USV: 10/10 (avail=0 int=10 lock=0 frz=0) | UAV: air=10 rtb=0 chg=0 loiter=0 | TRACKS: vis=20 lost=0 engaged=0 | TOP: black_usv8(x247,168) black_usv14(x247,240) black_usv5(x247,317) | KILL=0 | ACTIONS=20 | INTENT: focus=2 ratio=0.20
[t=2,481s] step=90 | MISSION=NORMAL_C | USV: 10/10 (avail=0 int=10 lock=0 frz=0) | UAV: air=10 rtb=0 chg=0 loiter=0 | TRACKS: vis=20 lost=0 engaged=0 | TOP: black_usv8(x245,432) black_usv14(x245,513) black_usv5(x245,601) | KILL=0 | ACTIONS=20 | INTENT: focus=2 ratio=0.20
[t=2,779s] step=100 | MISSION=NORMAL_C | USV: 10/10 (avail=0 int=10 lock=0 frz=0) | UAV: air=10 rtb=0 chg=0 loiter=0 | TRACKS: vis=20 lost=0 engaged=0 | TOP: black_usv8(x243,684) black_usv14(x243,775) black_usv5(x243,874) | KILL=0 | ACTIONS=20 | INTENT: focus=2 ratio=0.20
[t=3,073s] step=110 | MISSION=NORMAL_C | USV: 10/10 (avail=0 int=10 lock=0 frz=0) | UAV: air=10 rtb=0 chg=0 loiter=0 | TRACKS: vis=20 lost=0 engaged=0 | TOP: black_usv8(x241,960) black_usv14(x242,060) black_usv5(x242,169) | KILL=0 | ACTIONS=20 | INTENT: focus=2 ratio=0.20
[t=3,370s] step=120 | MISSION=NORMAL_C | USV: 10/10 (avail=0 int=10 lock=0 frz=0) | UAV: air=10 rtb=0 chg=0 loiter=0 | TRACKS: vis=20 lost=0 engaged=0 | TOP: black_usv8(x240,218) black_usv14(x240,327) black_usv5(x240,447) | KILL=0 | ACTIONS=20 | INTENT: focus=2 ratio=0.20
[t=3,662s] step=130 | MISSION=NORMAL_C | USV: 10/10 (avail=0 int=10 lock=0 frz=0) | UAV: air=10 rtb=0 chg=0 loiter=0 | TRACKS: vis=20 lost=0 engaged=0 | TOP: black_usv8(x238,505) black_usv14(x238,624) black_usv5(x238,754) | KILL=0 | ACTIONS=20 | INTENT: focus=2 ratio=0.20
[t=3,960s] step=140 | MISSION=NORMAL_C | USV: 10/10 (avail=0 int=10 lock=0 frz=0) | UAV: air=10 rtb=0 chg=0 loiter=0 | TRACKS: vis=20 lost=0 engaged=0 | TOP: black_usv8(x236,752) black_usv14(x236,880) black_usv5(x237,021) | KILL=0 | ACTIONS=20 | INTENT: focus=2 ratio=0.20
[t=4,251s] step=150 | MISSION=NORMAL_C | USV: 10/10 (avail=0 int=10 lock=0 frz=0) | UAV: air=10 rtb=0 chg=0 loiter=0 | TRACKS: vis=20 lost=0 engaged=0 | TOP: black_usv8(x235,050) black_usv14(x235,188) black_usv5(x235,339) | KILL=0 | ACTIONS=20 | INTENT: focus=2 ratio=0.20
[t=4,551s] step=160 | MISSION=NORMAL_C | USV: 10/10 (avail=0 int=10 lock=0 frz=0) | UAV: air=10 rtb=0 chg=0 loiter=0 | TRACKS: vis=20 lost=0 engaged=0 | TOP: black_usv8(x233,290) black_usv14(x233,438) black_usv5(x233,600) | KILL=0 | ACTIONS=20 | INTENT: focus=2 ratio=0.20
[t=4,853s] step=170 | MISSION=NORMAL_C | USV: 10/10 (avail=0 int=10 lock=0 frz=0) | UAV: air=10 rtb=0 chg=0 loiter=0 | TRACKS: vis=20 lost=0 engaged=0 | TOP: black_usv8(x231,519) black_usv14(x231,677) black_usv5(x231,849) | KILL=0 | ACTIONS=20 | INTENT: focus=2 ratio=0.20
[t=5,142s] step=180 | MISSION=NORMAL_C | USV: 10/10 (avail=0 int=10 lock=0 frz=0) | UAV: air=10 rtb=0 chg=0 loiter=0 | TRACKS: vis=20 lost=0 engaged=0 | TOP: black_usv8(x229,824) black_usv14(x229,991) black_usv5(x230,174) | KILL=0 | ACTIONS=20 | INTENT: focus=2 ratio=0.20
[t=5,418s] step=190 | MISSION=NORMAL_C | USV: 10/10 (avail=0 int=10 lock=0 frz=0) | UAV: air=10 rtb=0 chg=0 loiter=0 | TRACKS: vis=20 lost=0 engaged=0 | TOP: black_usv8(x228,205) black_usv14(x228,381) black_usv5(x228,574) | KILL=0 | ACTIONS=20 | INTENT: focus=2 ratio=0.20
[t=5,712s] step=200 | MISSION=NORMAL_C | USV: 10/10 (avail=0 int=10 lock=0 frz=0) | UAV: air=10 rtb=0 chg=0 loiter=0 | TRACKS: vis=20 lost=0 engaged=0 | TOP: black_usv8(x226,480) black_usv14(x226,666) black_usv5(x226,869) | KILL=0 | ACTIONS=20 | INTENT: focus=2 ratio=0.20
[t=6,007s] step=210 | MISSION=NORMAL_C | USV: 10/10 (avail=0 int=10 lock=0 frz=0) | UAV: air=10 rtb=0 chg=0 loiter=0 | TRACKS: vis=20 lost=0 engaged=0 | TOP: black_usv8(x224,750) black_usv14(x224,945) black_usv5(x225,159) | KILL=0 | ACTIONS=20 | INTENT: focus=2 ratio=0.20
[t=6,297s] step=220 | MISSION=NORMAL_C | USV: 10/10 (avail=0 int=10 lock=0 frz=0) | UAV: air=10 rtb=0 chg=0 loiter=0 | TRACKS: vis=20 lost=0 engaged=0 | TOP: black_usv8(x223,049) black_usv14(x223,254) black_usv5(x223,477) | KILL=0 | ACTIONS=20 | INTENT: focus=2 ratio=0.20
[t=6,584s] step=230 | MISSION=NORMAL_C | USV: 10/10 (avail=0 int=10 lock=0 frz=0) | UAV: air=10 rtb=0 chg=0 loiter=0 | TRACKS: vis=20 lost=0 engaged=0 | TOP: black_usv8(x221,360) black_usv14(x221,574) black_usv2(x222,065) | KILL=0 | ACTIONS=20 | INTENT: focus=2 ratio=0.20
[t=6,889s] step=240 | MISSION=NORMAL_C | USV: 10/10 (avail=0 int=10 lock=0 frz=0) | UAV: air=10 rtb=0 chg=0 loiter=0 | TRACKS: vis=19 lost=1 engaged=0 | TOP: black_usv8(x219,573) black_usv14(x219,797) black_usv2(x220,310) | KILL=0 | ACTIONS=20 | INTENT: focus=2 ratio=0.20
[t=7,186s] step=250 | MISSION=NORMAL_C | USV: 10/10 (avail=0 int=10 lock=0 frz=0) | UAV: air=10 rtb=0 chg=0 loiter=0 | TRACKS: vis=20 lost=0 engaged=0 | TOP: black_usv8(x217,834) black_usv14(x218,068) black_usv2(x218,603) | KILL=0 | ACTIONS=20 | INTENT: focus=2 ratio=0.20
[t=7,484s] step=260 | MISSION=NORMAL_C | USV: 10/10 (avail=0 int=10 lock=0 frz=0) | UAV: air=10 rtb=0 chg=0 loiter=0 | TRACKS: vis=20 lost=0 engaged=0 | TOP: black_usv8(x216,086) black_usv14(x216,330) black_usv2(x216,887) | KILL=0 | ACTIONS=20 | INTENT: focus=2 ratio=0.20
[t=7,788s] step=270 | MISSION=NORMAL_C | USV: 10/10 (avail=0 int=10 lock=0 frz=0) | UAV: air=10 rtb=0 chg=0 loiter=0 | TRACKS: vis=19 lost=1 engaged=0 | TOP: black_usv8(x214,303) black_usv14(x214,556) black_usv11(x216,563) | KILL=0 | ACTIONS=20 | INTENT: focus=2 ratio=0.20
[t=8,065s] step=280 | MISSION=NORMAL_C | USV: 10/10 (avail=0 int=10 lock=0 frz=0) | UAV: air=10 rtb=0 chg=0 loiter=0 | TRACKS: vis=20 lost=0 engaged=0 | TOP: black_usv8(x212,678) black_usv14(x212,941) black_usv11(x214,867) | KILL=0 | ACTIONS=20 | INTENT: focus=2 ratio=0.20
[t=8,362s] step=290 | MISSION=NORMAL_C | USV: 10/10 (avail=0 int=10 lock=0 frz=0) | UAV: air=10 rtb=0 chg=0 loiter=0 | TRACKS: vis=20 lost=0 engaged=0 | TOP: black_usv8(x210,936) black_usv14(x211,208) black_usv11(x213,049) | KILL=0 | ACTIONS=20 | INTENT: focus=2 ratio=0.20
      [ASSIGN] white_usv7->black_usv10(机会锁定)
      [ASSIGN] white_usv10->black_usv18(机会锁定)
      [ASSIGN] white_usv1->black_usv9(机会锁定)
      [ASSIGN] white_usv6->black_usv9(机会锁定)
      [ASSIGN] white_usv8->black_usv16(机会锁定)
[t=8,681s] step=300 | MISSION=NORMAL_C | USV: 10/10 (avail=0 int=0 lock=10 frz=0) | UAV: air=10 rtb=0 chg=0 loiter=0 | TRACKS: vis=19 lost=1 engaged=6 | TOP: black_usv6(x207,347) black_usv20(x207,357) black_usv13(x207,448) | KILL=0 | ACTIONS=20 | INTENT: focus=2 ratio=0.20
      [ASSIGN] white_usv4->black_usv6(机会锁定)
      [ASSIGN] white_usv2->black_usv6(机会锁定)
      [ASSIGN] white_usv5->black_usv13(机会锁定)
      [ASSIGN] white_usv3->black_usv6(机会锁定)
      [ASSIGN] white_usv9->black_usv20(机会锁定)
      [ASSIGN] white_usv7->black_usv8(机会锁定)
      [ASSIGN] white_usv10->black_usv11(机会锁定)
      [ASSIGN] white_usv1->black_usv3(机会锁定)
      [ASSIGN] white_usv6->black_usv3(机会锁定)
      [ASSIGN] white_usv8->black_usv18(机会锁定)
      [ASSIGN] white_usv8->black_usv16(机会锁定)
[t=8,993s] step=310 | MISSION=NORMAL_C | USV: 10/10 (avail=0 int=0 lock=10 frz=0) | UAV: air=10 rtb=0 chg=0 loiter=0 | TRACKS: vis=20 lost=0 engaged=7 | TOP: black_usv4(x204,759) black_usv9(x205,885) black_usv18(x206,260) | KILL=2 | ACTIONS=20 | INTENT: focus=2 ratio=0.20
      [ASSIGN] white_usv4->black_usv9(机会锁定)
      [ASSIGN] white_usv2->black_usv4(机会锁定)
      [ASSIGN] white_usv5->black_usv10(机会锁定)
      [ASSIGN] white_usv3->black_usv4(机会锁定)
      [ASSIGN] white_usv9->black_usv18(机会锁定)
      [ASSIGN] white_usv1->black_usv6(机会锁定)
      [ASSIGN] white_usv7->black_usv13(机会锁定)
      [ASSIGN] white_usv5->black_usv13(机会锁定)
      [ASSIGN] white_usv10->black_usv20(机会锁定)
      [ASSIGN] white_usv9->black_usv20(机会锁定)
      [ASSIGN] white_usv6->black_usv6(机会锁定)
      [ASSIGN] white_usv1->black_usv3(机会锁定)
      [ASSIGN] white_usv6->black_usv3(机会锁定)
      [ASSIGN] white_usv1->black_usv6(机会锁定)
      [ASSIGN] white_usv6->black_usv6(机会锁定)
      [ASSIGN] white_usv1->black_usv14(机会锁定)
      [ASSIGN] white_usv6->black_usv3(机会锁定)
      [ASSIGN] white_usv8->black_usv18(机会锁定)
      [ASSIGN] white_usv6->black_usv6(机会锁定)
      [ASSIGN] white_usv8->black_usv16(机会锁定)
      [ASSIGN] white_usv6->black_usv3(机会锁定)
      [ASSIGN] white_usv8->black_usv18(机会锁定)
      [ASSIGN] white_usv6->black_usv6(机会锁定)
      [ASSIGN] white_usv8->black_usv16(机会锁定)
[t=9,324s] step=320 | MISSION=NORMAL_C | USV: 9/10 (avail=0 int=2 lock=7 frz=0) | UAV: air=10 rtb=0 chg=0 loiter=0 | TRACKS: vis=19 lost=1 engaged=5 | TOP: black_usv6(x205,079) black_usv2(x206,066) black_usv10(x206,298) | KILL=5 | ACTIONS=19 | INTENT: focus=2 ratio=0.20
      [KILL] black_usv18
      [KILL] black_usv10
      [ASSIGN] white_usv6->black_usv2(机会锁定)
      [ASSIGN] white_usv8->black_usv11(机会锁定)
      [ASSIGN] white_usv4->black_usv6(机会锁定)
      [ASSIGN] white_usv8->black_usv16(机会锁定)
      [ASSIGN] white_usv4->black_usv9(机会锁定)
      [ASSIGN] white_usv4->black_usv6(机会锁定)
      [ASSIGN] white_usv7->black_usv6(机会锁定)
      [ASSIGN] white_usv5->black_usv6(机会锁定)
      [ASSIGN] white_usv10->black_usv11(机会锁定)
      [ASSIGN] white_usv9->black_usv11(机会锁定)
      [ASSIGN] white_usv4->black_usv9(机会锁定)
      [ASSIGN] white_usv7->black_usv13(机会锁定)
      [ASSIGN] white_usv5->black_usv13(机会锁定)
      [ASSIGN] white_usv8->black_usv20(机会锁定)
      [ASSIGN] white_usv1->black_usv4(机会锁定)
      [ASSIGN] white_usv4->black_usv6(机会锁定)
      [ASSIGN] white_usv7->black_usv8(机会锁定)
      [ASSIGN] white_usv5->black_usv6(机会锁定)
      [ASSIGN] white_usv1->black_usv9(机会锁定)
      [ASSIGN] white_usv4->black_usv9(机会锁定)
      [ASSIGN] white_usv5->black_usv13(机会锁定)
      [ASSIGN] white_usv1->black_usv4(机会锁定)
      [ASSIGN] white_usv4->black_usv2(机会锁定)
      [ASSIGN] white_usv5->black_usv2(机会锁定)
      [ASSIGN] white_usv1->black_usv9(机会锁定)
      [KILL] black_usv6
      [ASSIGN] white_usv1->black_usv4(机会锁定)
[t=9,692s] step=330 | MISSION=NORMAL_C | USV: 7/10 (avail=0 int=2 lock=5 frz=0) | UAV: air=10 rtb=0 chg=0 loiter=0 | TRACKS: vis=17 lost=0 engaged=3 | TOP: black_usv4(x202,290) black_usv13(x204,724) black_usv3(x205,861) | KILL=9 | ACTIONS=17 | INTENT: focus=2 ratio=0.20
      [KILL] black_usv3
      [ASSIGN] white_usv1->black_usv9(机会锁定)
      [ASSIGN] white_usv1->black_usv4(机会锁定)
      [ASSIGN] white_usv1->black_usv9(机会锁定)
      [ASSIGN] white_usv10->black_usv16(机会锁定)
      [ASSIGN] white_usv9->black_usv16(机会锁定)
      [KILL] black_usv16
      [ASSIGN] white_usv1->black_usv4(机会锁定)
      [RELEASE] white_usv10->black_usv16(目标失效)
      [ASSIGN] white_usv10->black_usv11(机会锁定)
      [RELEASE] white_usv9->black_usv16(目标失效)
      [ASSIGN] white_usv9->black_usv11(机会锁定)
      [ASSIGN] white_usv7->black_usv13(机会锁定)
      [ASSIGN] white_usv10->black_usv20(机会锁定)
      [ASSIGN] white_usv9->black_usv8(机会锁定)
      [ASSIGN] white_usv7->black_usv19(机会锁定)
      [ASSIGN] white_usv10->black_usv11(机会锁定)
      [ASSIGN] white_usv9->black_usv11(机会锁定)
      [ASSIGN] white_usv1->black_usv14(机会锁定)
      [ASSIGN] white_usv4->black_usv14(机会锁定)
      [ASSIGN] white_usv5->black_usv14(机会锁定)
      [ASSIGN] white_usv10->black_usv8(机会锁定)
      [ASSIGN] white_usv9->black_usv8(机会锁定)
      [ASSIGN] white_usv8->black_usv17(机会锁定)
      [KILL] black_usv9
      [ASSIGN] white_usv10->black_usv20(机会锁定)
      [ASSIGN] white_usv9->black_usv11(机会锁定)
      [KILL] black_usv4
      [ASSIGN] white_usv10->black_usv8(机会锁定)
      [ASSIGN] white_usv9->black_usv8(机会锁定)
      [KILL] black_usv13
      [KILL] black_usv20
      [ASSIGN] white_usv10->black_usv11(机会锁定)
      [ASSIGN] white_usv9->black_usv11(机会锁定)
[t=10,070s] step=340 | MISSION=NORMAL_C | USV: 7/10 (avail=0 int=2 lock=5 frz=0) | UAV: air=10 rtb=0 chg=0 loiter=0 | TRACKS: vis=11 lost=0 engaged=3 | TOP: black_usv2(x203,920) black_usv11(x206,204) black_usv12(x205,210) | KILL=12 | ACTIONS=17 | INTENT: focus=2 ratio=0.20
      [ASSIGN] white_usv9->black_usv8(机会锁定)
      [ASSIGN] white_usv7->black_usv2(机会锁定)
      [ASSIGN] white_usv1->black_usv1(机会锁定)
      [ASSIGN] white_usv4->black_usv19(机会锁定)
      [ASSIGN] white_usv7->black_usv19(机会锁定)
      [ASSIGN] white_usv5->black_usv19(机会锁定)
      [KILL] black_usv2
      [KILL] black_usv11
      [RELEASE] white_usv10->black_usv11(目标失效)
      [ASSIGN] white_usv10->black_usv8(机会锁定)
      [ASSIGN] white_usv10->black_usv17(机会锁定)
[t=10,460s] step=350 | MISSION=NORMAL_C | USV: 7/10 (avail=0 int=2 lock=5 frz=0) | UAV: air=10 rtb=0 chg=0 loiter=0 | TRACKS: vis=9 lost=0 engaged=3 | TOP: black_usv14(x201,869) black_usv12(x203,088) black_usv7(x208,954) | KILL=13 | ACTIONS=17 | INTENT: focus=2 ratio=0.20
      [KILL] black_usv8
      [RELEASE] white_usv9->black_usv8(目标失效)
      [ASSIGN] white_usv9->black_usv19(机会锁定)
      [ASSIGN] white_usv1->black_usv14(机会锁定)
      [ASSIGN] white_usv4->black_usv14(机会锁定)
      [ASSIGN] white_usv7->black_usv14(机会锁定)
      [ASSIGN] white_usv5->black_usv14(机会锁定)
      [ASSIGN] white_usv9->black_usv14(机会锁定)
      [ASSIGN] white_usv1->black_usv1(机会锁定)
      [ASSIGN] white_usv4->black_usv1(机会锁定)
      [ASSIGN] white_usv7->black_usv19(机会锁定)
      [ASSIGN] white_usv5->black_usv19(机会锁定)
      [ASSIGN] white_usv10->black_usv19(机会锁定)
      [ASSIGN] white_usv9->black_usv19(机会锁定)
      [ASSIGN] white_usv7->black_usv14(机会锁定)
      [ASSIGN] white_usv5->black_usv14(机会锁定)
      [ASSIGN] white_usv10->black_usv17(机会锁定)
      [ASSIGN] white_usv9->black_usv14(机会锁定)
      [ASSIGN] white_usv7->black_usv19(机会锁定)
      [ASSIGN] white_usv5->black_usv19(机会锁定)
      [ASSIGN] white_usv10->black_usv19(机会锁定)
      [ASSIGN] white_usv9->black_usv19(机会锁定)
      [ASSIGN] white_usv7->black_usv14(机会锁定)
      [ASSIGN] white_usv5->black_usv14(机会锁定)
      [ASSIGN] white_usv10->black_usv17(机会锁定)
      [ASSIGN] white_usv9->black_usv14(机会锁定)
      [ASSIGN] white_usv7->black_usv19(机会锁定)
      [ASSIGN] white_usv5->black_usv19(机会锁定)
      [ASSIGN] white_usv10->black_usv19(机会锁定)
      [ASSIGN] white_usv9->black_usv19(机会锁定)
      [KILL] black_usv14
      [ASSIGN] white_usv7->black_usv5(机会锁定)
      [ASSIGN] white_usv10->black_usv17(机会锁定)
      [ASSIGN] white_usv9->black_usv17(机会锁定)
[t=10,912s] step=360 | MISSION=NORMAL_C | USV: 7/10 (avail=0 int=5 lock=2 frz=0) | UAV: air=10 rtb=0 chg=0 loiter=0 | TRACKS: vis=7 lost=0 engaged=1 | TOP: black_usv12(x200,630) black_usv7(x206,749) black_usv5(x200,643) | KILL=15 | ACTIONS=17 | INTENT: focus=2 ratio=0.20
      [ASSIGN] white_usv10->black_usv19(机会锁定)
      [ASSIGN] white_usv9->black_usv19(机会锁定)
      [ASSIGN] white_usv1->black_usv12(机会锁定)
      [ASSIGN] white_usv4->black_usv12(机会锁定)
      [ASSIGN] white_usv10->black_usv17(机会锁定)
      [ASSIGN] white_usv9->black_usv17(机会锁定)
      [ASSIGN] white_usv5->black_usv1(机会锁定)
      [ASSIGN] white_usv10->black_usv19(机会锁定)
      [ASSIGN] white_usv9->black_usv1(机会锁定)
      [ASSIGN] white_usv5->black_usv19(机会锁定)
      [ASSIGN] white_usv10->black_usv17(机会锁定)
      [ASSIGN] white_usv9->black_usv19(机会锁定)
      [ASSIGN] white_usv5->black_usv1(机会锁定)
      [ASSIGN] white_usv10->black_usv15(机会锁定)
      [ASSIGN] white_usv9->black_usv1(机会锁定)
      [ASSIGN] white_usv5->black_usv19(机会锁定)
      [ASSIGN] white_usv9->black_usv19(机会锁定)
      [KILL] black_usv19
      [KILL] black_usv17
      [RELEASE] white_usv5->black_usv19(目标失效)
      [ASSIGN] white_usv5->black_usv1(机会锁定)
      [RELEASE] white_usv9->black_usv19(目标失效)
      [ASSIGN] white_usv9->black_usv1(机会锁定)
      [RELEASE] white_usv8->black_usv17(目标失效)
      [ASSIGN] white_usv5->black_usv5(机会锁定)
      [ASSIGN] white_usv9->black_usv5(机会锁定)
      [ASSIGN] white_usv8->black_usv7
      [ASSIGN] white_usv1->black_usv1(机会锁定)
      [ASSIGN] white_usv4->black_usv1(机会锁定)
      [ASSIGN] white_usv1->black_usv12(机会锁定)
      [ASSIGN] white_usv4->black_usv12(机会锁定)
[t=11,367s] step=370 | MISSION=NORMAL_C | USV: 7/10 (avail=0 int=3 lock=4 frz=0) | UAV: air=10 rtb=0 chg=0 loiter=0 | TRACKS: vis=4 lost=1 engaged=2 | TOP: black_usv12(x198,487) black_usv15(x210,070) black_usv7(x204,529) | KILL=16 | ACTIONS=17 | INTENT: focus=2 ratio=0.20
      [KILL] black_usv1
      [ASSIGN] white_usv7->black_usv12(机会锁定)
      [ASSIGN] white_usv5->black_usv12(机会锁定)
      [ASSIGN] white_usv1->black_usv5(机会锁定)
      [ASSIGN] white_usv7->black_usv5(机会锁定)
      [ASSIGN] white_usv5->black_usv5(机会锁定)
      [ASSIGN] white_usv1->black_usv12(机会锁定)
      [ASSIGN] white_usv7->black_usv12(机会锁定)
      [ASSIGN] white_usv5->black_usv12(机会锁定)
      [RELEASE] white_usv8->black_usv7(目标失效)
      [ASSIGN] white_usv1->black_usv5(机会锁定)
      [ASSIGN] white_usv7->black_usv5(机会锁定)
      [ASSIGN] white_usv5->black_usv5(机会锁定)
      [ASSIGN] white_usv8->black_usv15
      [ASSIGN] white_usv1->black_usv12(机会锁定)
      [ASSIGN] white_usv7->black_usv12(机会锁定)
      [ASSIGN] white_usv5->black_usv12(机会锁定)
[t=11,876s] step=380 | MISSION=NORMAL_C | USV: 6/10 (avail=0 int=6 lock=0 frz=0) | UAV: air=10 rtb=0 chg=0 loiter=0 | TRACKS: vis=3 lost=0 engaged=0 | TOP: black_usv12(x198,062) black_usv15(x209,400) black_usv5(x198,449) | KILL=19 | ACTIONS=16 | INTENT: focus=2 ratio=0.20
      [DETECT] black_usv7
      [ASSIGN] white_usv1->black_usv5(机会锁定)
      [ASSIGN] white_usv7->black_usv5(机会锁定)
      [ASSIGN] white_usv5->black_usv5(机会锁定)
      [ASSIGN] white_usv1->black_usv12(机会锁定)
      [ASSIGN] white_usv7->black_usv12(机会锁定)
      [ASSIGN] white_usv5->black_usv12(机会锁定)
      [ASSIGN] white_usv1->black_usv5(机会锁定)
      [ASSIGN] white_usv7->black_usv5(机会锁定)
      [ASSIGN] white_usv5->black_usv5(机会锁定)
      [ASSIGN] white_usv7->black_usv12(机会锁定)
      [ASSIGN] white_usv5->black_usv12(机会锁定)
      [ASSIGN] white_usv7->black_usv5(机会锁定)
      [ASSIGN] white_usv5->black_usv5(机会锁定)
      [KILL] black_usv5
      [RELEASE] white_usv1->black_usv5(目标失效)
      [RELEASE] white_usv7->black_usv5(目标失效)
      [ASSIGN] white_usv7->black_usv12(机会锁定)
      [RELEASE] white_usv5->black_usv5(目标失效)
      [ASSIGN] white_usv5->black_usv12(机会锁定)
      [RELEASE] white_usv9->black_usv5(目标失效)
      [ASSIGN] white_usv1->black_usv7
      [ASSIGN] white_usv9->black_usv7
      [KILL] black_usv12
      [RELEASE] white_usv7->black_usv12(目标失效)
      [RELEASE] white_usv5->black_usv12(目标失效)
      [KILL] black_usv15
      [ASSIGN] white_usv5->black_usv7
      [RELEASE] white_usv10->black_usv15(目标失效)
      [RELEASE] white_usv8->black_usv15(目标失效)
[t=12,474s] step=390 | MISSION=NORMAL_C | USV: 6/10 (avail=3 int=3 lock=0 frz=0) | UAV: air=10 rtb=0 chg=0 loiter=0 | TRACKS: vis=1 lost=0 engaged=0 | TOP: black_usv7(x199,128) | KILL=19 | ACTIONS=16 | INTENT: focus=2 ratio=0.20
      [RELEASE] white_usv1->black_usv7(目标失效)
      [RELEASE] white_usv5->black_usv7(目标失效)
      [RELEASE] white_usv9->black_usv7(目标失效)
[t=13,031s] step=400 | MISSION=GLOBAL_R | USV: 6/10 (avail=6 int=0 lock=0 frz=0) | UAV: air=10 rtb=0 chg=0 loiter=0 | TRACKS: vis=0 lost=0 engaged=0 | TOP:  | KILL=19 | ACTIONS=16 | INTENT: focus=2 ratio=0.20
      [DETECT] black_usv7
      [ASSIGN] white_usv1->black_usv7
      [ASSIGN] white_usv7->black_usv7
      [ASSIGN] white_usv5->black_usv7
      [RELEASE] white_usv1->black_usv7(目标失效)
      [RELEASE] white_usv7->black_usv7(目标失效)
      [RELEASE] white_usv5->black_usv7(目标失效)
[t=13,562s] step=410 | MISSION=GLOBAL_R | USV: 6/10 (avail=6 int=0 lock=0 frz=0) | UAV: air=10 rtb=0 chg=0 loiter=0 | TRACKS: vis=0 lost=0 engaged=0 | TOP:  | KILL=19 | ACTIONS=16 | INTENT: focus=2 ratio=0.20
      [DETECT] black_usv7
      [ASSIGN] white_usv1->black_usv7
      [ASSIGN] white_usv7->black_usv7
      [ASSIGN] white_usv5->black_usv7(机会锁定)
[t=14,109s] step=420 | MISSION=NORMAL_C | USV: 6/10 (avail=3 int=2 lock=1 frz=0) | UAV: air=10 rtb=0 chg=0 loiter=0 | TRACKS: vis=1 lost=0 engaged=1 | TOP: black_usv7(x191,405) | KILL=19 | ACTIONS=16 | INTENT: focus=2 ratio=0.20

========================================================================
对局结果: Result.Victory — 敌方所有单位被击毁
  击杀蓝舰: 20 | 命中: 40 | 我方USV损失: 4 | UAV损失: 0 | 突破: 0
[META] result=Result.Victory victory_time=14226 first_detection=1926 first_lock=8460 first_kill=9359 enemy_kills=20 friendly_usv_losses=4 friendly_uav_losses=0 black_breakthrough=0 reacquire_attempts=76 reacquire_success=76 sensor_assisted_locks=61 low_conf_commitments=0 global_reacquire_entries=2 global_reacquire_success=2 coverage_collapse_events=1 active_clusters_max=1 coverage_quality_final=0.28 commander_source=default_intent commander_calls=0 commander_changes=0 commander_no_change=0 commander_parse_failures=0 commander_api_failures=0 commander_policy_failures=0 commander_avg_latency=0.0
Done
