========================================================================
HYBRID AGENT V5 — Variable-Cardinality Hierarchical Maritime Agent
  启用UAV: True | LLM_ENABLED: False
========================================================================
对局 74 开始
      [UAV RELAUNCH] white_uav7
      [UAV RELAUNCH] white_uav10
      [UAV RELAUNCH] white_uav1
      [UAV RELAUNCH] white_uav6
      [UAV RELAUNCH] white_uav8
      [UAV RELAUNCH] white_uav4
      [UAV RELAUNCH] white_uav5
      [UAV RELAUNCH] white_uav3
      [UAV RELAUNCH] white_uav2
      [UAV RELAUNCH] white_uav9
[t=256s] step=10 | MISSION=NORMAL_C | USV: 10/10 (avail=10 int=0 lock=0 frz=0) | UAV: air=10 rtb=0 chg=0 loiter=0 | TRACKS: vis=0 lost=0 engaged=0 | TOP:  | KILL=0 | ACTIONS=20 | INTENT: focus=2 ratio=0.20
  [INTENT APPLIED]
    ThreatAllocator: focus 2 emergency 3 reserve_ratio 0.20 reserve_usvs None bias breakthrough_eta
    UAVManager: mode search_and_reacquire uav_priority []
[t=537s] step=20 | MISSION=NORMAL_C | USV: 10/10 (avail=10 int=0 lock=0 frz=0) | UAV: air=10 rtb=0 chg=0 loiter=0 | TRACKS: vis=0 lost=0 engaged=0 | TOP:  | KILL=0 | ACTIONS=20 | INTENT: focus=2 ratio=0.20
[t=794s] step=30 | MISSION=NORMAL_C | USV: 10/10 (avail=10 int=0 lock=0 frz=0) | UAV: air=10 rtb=0 chg=0 loiter=0 | TRACKS: vis=0 lost=0 engaged=0 | TOP:  | KILL=0 | ACTIONS=20 | INTENT: focus=2 ratio=0.20
[t=1,027s] step=40 | MISSION=NORMAL_C | USV: 10/10 (avail=10 int=0 lock=0 frz=0) | UAV: air=10 rtb=0 chg=0 loiter=0 | TRACKS: vis=0 lost=0 engaged=0 | TOP:  | KILL=0 | ACTIONS=20 | INTENT: focus=2 ratio=0.20
[t=1,304s] step=50 | MISSION=NORMAL_C | USV: 10/10 (avail=10 int=0 lock=0 frz=0) | UAV: air=10 rtb=0 chg=0 loiter=0 | TRACKS: vis=0 lost=0 engaged=0 | TOP:  | KILL=0 | ACTIONS=20 | INTENT: focus=2 ratio=0.20
[t=1,578s] step=60 | MISSION=NORMAL_C | USV: 10/10 (avail=10 int=0 lock=0 frz=0) | UAV: air=10 rtb=0 chg=0 loiter=0 | TRACKS: vis=0 lost=0 engaged=0 | TOP:  | KILL=0 | ACTIONS=20 | INTENT: focus=2 ratio=0.20
[t=1,862s] step=70 | MISSION=NORMAL_C | USV: 10/10 (avail=10 int=0 lock=0 frz=0) | UAV: air=10 rtb=0 chg=0 loiter=0 | TRACKS: vis=0 lost=0 engaged=0 | TOP:  | KILL=0 | ACTIONS=20 | INTENT: focus=2 ratio=0.20
      [DETECT] black_usv6
      [DETECT] black_usv3
      [DETECT] black_usv15
      [DETECT] black_usv12
      [DETECT] black_usv16
      [DETECT] black_usv8
      [DETECT] black_usv11
      [DETECT] black_usv14
      [DETECT] black_usv9
      [DETECT] black_usv4
      [DETECT] black_usv17
      [DETECT] black_usv13
      [DETECT] black_usv7
      [ASSIGN] white_usv2->black_usv4
      [ASSIGN] white_usv6->black_usv12
      [ASSIGN] white_usv4->black_usv9
      [ASSIGN] white_usv7->black_usv11
      [ASSIGN] white_usv8->black_usv16
      [ASSIGN] white_usv10->black_usv15
      [ASSIGN] white_usv1->black_usv13
      [ASSIGN] white_usv3->black_usv6
      [DETECT] black_usv5
      [DETECT] black_usv18
      [DETECT] black_usv2
      [DETECT] black_usv20
      [DETECT] black_usv10
      [DETECT] black_usv1
      [DETECT] black_usv19
      [ASSIGN] white_usv9->black_usv19
      [ASSIGN] white_usv5->black_usv2
[t=2,146s] step=80 | MISSION=NORMAL_C | USV: 10/10 (avail=0 int=10 lock=0 frz=0) | UAV: air=10 rtb=0 chg=0 loiter=0 | TRACKS: vis=20 lost=0 engaged=0 | TOP: black_usv1(x247,111) black_usv7(x247,170) black_usv3(x247,212) | KILL=0 | ACTIONS=20 | INTENT: focus=2 ratio=0.20
[t=2,409s] step=90 | MISSION=NORMAL_C | USV: 10/10 (avail=0 int=10 lock=0 frz=0) | UAV: air=10 rtb=0 chg=0 loiter=0 | TRACKS: vis=20 lost=0 engaged=0 | TOP: black_usv1(x245,537) black_usv7(x245,603) black_usv3(x245,650) | KILL=0 | ACTIONS=20 | INTENT: focus=2 ratio=0.20
[t=2,687s] step=100 | MISSION=NORMAL_C | USV: 10/10 (avail=0 int=10 lock=0 frz=0) | UAV: air=10 rtb=0 chg=0 loiter=0 | TRACKS: vis=20 lost=0 engaged=0 | TOP: black_usv1(x243,870) black_usv7(x243,944) black_usv3(x243,996) | KILL=0 | ACTIONS=20 | INTENT: focus=2 ratio=0.20
[t=2,985s] step=110 | MISSION=NORMAL_C | USV: 10/10 (avail=0 int=10 lock=0 frz=0) | UAV: air=10 rtb=0 chg=0 loiter=0 | TRACKS: vis=20 lost=0 engaged=0 | TOP: black_usv1(x242,083) black_usv7(x242,165) black_usv3(x242,223) | KILL=0 | ACTIONS=20 | INTENT: focus=2 ratio=0.20
[t=3,283s] step=120 | MISSION=NORMAL_C | USV: 10/10 (avail=0 int=10 lock=0 frz=0) | UAV: air=10 rtb=0 chg=0 loiter=0 | TRACKS: vis=18 lost=2 engaged=0 | TOP: black_usv1(x240,296) black_usv7(x240,386) black_usv3(x240,450) | KILL=0 | ACTIONS=20 | INTENT: focus=2 ratio=0.20
[t=3,577s] step=130 | MISSION=NORMAL_C | USV: 10/10 (avail=0 int=10 lock=0 frz=0) | UAV: air=10 rtb=0 chg=0 loiter=0 | TRACKS: vis=20 lost=0 engaged=0 | TOP: black_usv1(x238,532) black_usv7(x238,630) black_usv3(x238,700) | KILL=0 | ACTIONS=20 | INTENT: focus=2 ratio=0.20
[t=3,876s] step=140 | MISSION=NORMAL_C | USV: 10/10 (avail=0 int=10 lock=0 frz=0) | UAV: air=10 rtb=0 chg=0 loiter=0 | TRACKS: vis=20 lost=0 engaged=0 | TOP: black_usv1(x236,739) black_usv7(x236,845) black_usv3(x236,921) | KILL=0 | ACTIONS=20 | INTENT: focus=2 ratio=0.20
[t=4,179s] step=150 | MISSION=NORMAL_C | USV: 10/10 (avail=0 int=10 lock=0 frz=0) | UAV: air=10 rtb=0 chg=0 loiter=0 | TRACKS: vis=20 lost=0 engaged=0 | TOP: black_usv1(x234,922) black_usv7(x235,037) black_usv3(x235,118) | KILL=0 | ACTIONS=20 | INTENT: focus=2 ratio=0.20
[t=4,478s] step=160 | MISSION=NORMAL_C | USV: 10/10 (avail=0 int=10 lock=0 frz=0) | UAV: air=10 rtb=0 chg=0 loiter=0 | TRACKS: vis=20 lost=0 engaged=0 | TOP: black_usv1(x233,129) black_usv7(x233,252) black_usv3(x233,339) | KILL=0 | ACTIONS=20 | INTENT: focus=2 ratio=0.20
[t=4,779s] step=170 | MISSION=NORMAL_C | USV: 10/10 (avail=0 int=10 lock=0 frz=0) | UAV: air=10 rtb=0 chg=0 loiter=0 | TRACKS: vis=20 lost=0 engaged=0 | TOP: black_usv1(x231,324) black_usv7(x231,455) black_usv3(x231,548) | KILL=0 | ACTIONS=20 | INTENT: focus=2 ratio=0.20
[t=5,084s] step=180 | MISSION=NORMAL_C | USV: 10/10 (avail=0 int=10 lock=0 frz=0) | UAV: air=10 rtb=0 chg=0 loiter=0 | TRACKS: vis=20 lost=0 engaged=0 | TOP: black_usv1(x229,494) black_usv7(x229,634) black_usv3(x229,733) | KILL=0 | ACTIONS=20 | INTENT: focus=2 ratio=0.20
[t=5,387s] step=190 | MISSION=NORMAL_C | USV: 10/10 (avail=0 int=10 lock=0 frz=0) | UAV: air=10 rtb=0 chg=0 loiter=0 | TRACKS: vis=20 lost=0 engaged=0 | TOP: black_usv1(x227,677) black_usv7(x227,825) black_usv3(x227,930) | KILL=0 | ACTIONS=20 | INTENT: focus=2 ratio=0.20
[t=5,680s] step=200 | MISSION=NORMAL_C | USV: 10/10 (avail=0 int=10 lock=0 frz=0) | UAV: air=10 rtb=0 chg=0 loiter=0 | TRACKS: vis=20 lost=0 engaged=0 | TOP: black_usv7(x226,076) black_usv3(x226,186) black_usv20(x226,280) | KILL=0 | ACTIONS=20 | INTENT: focus=2 ratio=0.20
[t=5,974s] step=210 | MISSION=NORMAL_C | USV: 10/10 (avail=0 int=10 lock=0 frz=0) | UAV: air=10 rtb=0 chg=0 loiter=0 | TRACKS: vis=20 lost=0 engaged=0 | TOP: black_usv7(x224,321) black_usv3(x224,437) black_usv20(x224,536) | KILL=0 | ACTIONS=20 | INTENT: focus=2 ratio=0.20
[t=6,283s] step=220 | MISSION=NORMAL_C | USV: 10/10 (avail=0 int=10 lock=0 frz=0) | UAV: air=10 rtb=0 chg=0 loiter=0 | TRACKS: vis=20 lost=0 engaged=0 | TOP: black_usv7(x222,476) black_usv3(x222,598) black_usv20(x222,702) | KILL=0 | ACTIONS=20 | INTENT: focus=2 ratio=0.20
[t=6,584s] step=230 | MISSION=NORMAL_C | USV: 10/10 (avail=0 int=10 lock=0 frz=0) | UAV: air=10 rtb=0 chg=0 loiter=0 | TRACKS: vis=20 lost=0 engaged=0 | TOP: black_usv7(x220,679) black_usv3(x220,807) black_usv20(x220,916) | KILL=0 | ACTIONS=20 | INTENT: focus=2 ratio=0.20
[t=6,890s] step=240 | MISSION=NORMAL_C | USV: 10/10 (avail=0 int=10 lock=0 frz=0) | UAV: air=10 rtb=0 chg=0 loiter=0 | TRACKS: vis=20 lost=0 engaged=0 | TOP: black_usv7(x218,852) black_usv3(x218,986) black_usv20(x219,100) | KILL=0 | ACTIONS=20 | INTENT: focus=2 ratio=0.20
[t=7,204s] step=250 | MISSION=NORMAL_C | USV: 10/10 (avail=0 int=10 lock=0 frz=0) | UAV: air=10 rtb=0 chg=0 loiter=0 | TRACKS: vis=20 lost=0 engaged=0 | TOP: black_usv7(x216,978) black_usv3(x217,118) black_usv20(x217,237) | KILL=0 | ACTIONS=20 | INTENT: focus=2 ratio=0.20
[t=7,525s] step=260 | MISSION=NORMAL_C | USV: 10/10 (avail=0 int=10 lock=0 frz=0) | UAV: air=10 rtb=0 chg=0 loiter=0 | TRACKS: vis=20 lost=0 engaged=0 | TOP: black_usv7(x215,061) black_usv20(x215,332) black_usv17(x215,364) | KILL=0 | ACTIONS=20 | INTENT: focus=2 ratio=0.20
[t=7,839s] step=270 | MISSION=NORMAL_C | USV: 10/10 (avail=0 int=10 lock=0 frz=0) | UAV: air=10 rtb=0 chg=0 loiter=0 | TRACKS: vis=19 lost=1 engaged=0 | TOP: black_usv7(x213,187) black_usv20(x213,469) black_usv18(x214,250) | KILL=0 | ACTIONS=20 | INTENT: focus=2 ratio=0.20
[t=8,152s] step=280 | MISSION=NORMAL_C | USV: 10/10 (avail=0 int=10 lock=0 frz=0) | UAV: air=10 rtb=0 chg=0 loiter=0 | TRACKS: vis=20 lost=0 engaged=0 | TOP: black_usv7(x211,318) black_usv18(x212,350) black_usv20(x211,612) | KILL=0 | ACTIONS=20 | INTENT: focus=2 ratio=0.20
      [ASSIGN] white_usv7->black_usv12(机会锁定)
[t=8,469s] step=290 | MISSION=NORMAL_C | USV: 10/10 (avail=0 int=6 lock=4 frz=0) | UAV: air=10 rtb=0 chg=0 loiter=0 | TRACKS: vis=20 lost=0 engaged=4 | TOP: black_usv7(x209,426) black_usv18(x210,427) black_usv20(x209,731) | KILL=0 | ACTIONS=20 | INTENT: focus=2 ratio=0.20
      [ASSIGN] white_usv10->black_usv16(机会锁定)
      [ASSIGN] white_usv5->black_usv4(机会锁定)
      [ASSIGN] white_usv1->black_usv9(机会锁定)
      [ASSIGN] white_usv2->black_usv7(机会锁定)
      [ASSIGN] white_usv4->black_usv11(机会锁定)
      [ASSIGN] white_usv3->black_usv3(机会锁定)
      [ASSIGN] white_usv9->black_usv13(机会锁定)
      [ASSIGN] white_usv6->black_usv15(机会锁定)
      [ASSIGN] white_usv7->black_usv15(机会锁定)
      [ASSIGN] white_usv8->black_usv15(机会锁定)
[t=8,789s] step=300 | MISSION=NORMAL_C | USV: 10/10 (avail=0 int=3 lock=7 frz=0) | UAV: air=10 rtb=0 chg=0 loiter=0 | TRACKS: vis=20 lost=0 engaged=7 | TOP: black_usv6(x206,517) black_usv19(x206,548) black_usv15(x206,771) | KILL=0 | ACTIONS=20 | INTENT: focus=2 ratio=0.20
      [ASSIGN] white_usv10->black_usv19(机会锁定)
      [ASSIGN] white_usv5->black_usv1(机会锁定)
      [ASSIGN] white_usv1->black_usv12(机会锁定)
      [ASSIGN] white_usv2->black_usv4(机会锁定)
      [ASSIGN] white_usv4->black_usv9(机会锁定)
      [ASSIGN] white_usv3->black_usv6(机会锁定)
      [ASSIGN] white_usv9->black_usv14(机会锁定)
      [ASSIGN] white_usv2->black_usv7(机会锁定)
      [ASSIGN] white_usv6->black_usv11(机会锁定)
      [ASSIGN] white_usv7->black_usv11(机会锁定)
      [ASSIGN] white_usv8->black_usv13(机会锁定)
[t=9,117s] step=310 | MISSION=NORMAL_C | USV: 10/10 (avail=0 int=4 lock=6 frz=0) | UAV: air=10 rtb=0 chg=0 loiter=0 | TRACKS: vis=20 lost=0 engaged=6 | TOP: black_usv11(x204,905) black_usv13(x205,123) black_usv2(x205,267) | KILL=2 | ACTIONS=20 | INTENT: focus=2 ratio=0.20
      [ASSIGN] white_usv10->black_usv15(机会锁定)
      [ASSIGN] white_usv5->black_usv4(机会锁定)
      [ASSIGN] white_usv5->black_usv1(机会锁定)
      [ASSIGN] white_usv1->black_usv17(机会锁定)
      [KILL] black_usv4
      [KILL] black_usv16
      [ASSIGN] white_usv4->black_usv12(机会锁定)
      [ASSIGN] white_usv2->black_usv8(机会锁定)
      [ASSIGN] white_usv6->black_usv9(机会锁定)
      [ASSIGN] white_usv7->black_usv9(机会锁定)
      [ASSIGN] white_usv8->black_usv19(机会锁定)
      [ASSIGN] white_usv3->black_usv9(机会锁定)
      [ASSIGN] white_usv9->black_usv19(机会锁定)
      [ASSIGN] white_usv6->black_usv11(机会锁定)
      [ASSIGN] white_usv7->black_usv11(机会锁定)
      [ASSIGN] white_usv8->black_usv13(机会锁定)
      [ASSIGN] white_usv10->black_usv13(机会锁定)
      [ASSIGN] white_usv3->black_usv6(机会锁定)
      [ASSIGN] white_usv9->black_usv14(机会锁定)
[t=9,476s] step=320 | MISSION=NORMAL_C | USV: 10/10 (avail=0 int=6 lock=4 frz=0) | UAV: air=10 rtb=0 chg=0 loiter=0 | TRACKS: vis=18 lost=0 engaged=4 | TOP: black_usv2(x203,112) black_usv6(x203,907) black_usv18(x204,317) | KILL=8 | ACTIONS=20 | INTENT: focus=2 ratio=0.20
      [ASSIGN] white_usv6->black_usv15(机会锁定)
      [ASSIGN] white_usv7->black_usv9(机会锁定)
      [ASSIGN] white_usv8->black_usv15(机会锁定)
      [ASSIGN] white_usv10->black_usv15(机会锁定)
      [ASSIGN] white_usv6->black_usv11(机会锁定)
      [ASSIGN] white_usv7->black_usv11(机会锁定)
      [ASSIGN] white_usv8->black_usv13(机会锁定)
      [ASSIGN] white_usv10->black_usv13(机会锁定)
      [ASSIGN] white_usv5->black_usv2(机会锁定)
      [ASSIGN] white_usv6->black_usv15(机会锁定)
      [ASSIGN] white_usv7->black_usv9(机会锁定)
      [ASSIGN] white_usv8->black_usv15(机会锁定)
      [ASSIGN] white_usv10->black_usv15(机会锁定)
      [ASSIGN] white_usv1->black_usv9(机会锁定)
      [ASSIGN] white_usv6->black_usv17(机会锁定)
      [ASSIGN] white_usv7->black_usv17(机会锁定)
      [ASSIGN] white_usv8->black_usv17(机会锁定)
      [ASSIGN] white_usv10->black_usv17(机会锁定)
      [ASSIGN] white_usv1->black_usv17(机会锁定)
      [ASSIGN] white_usv4->black_usv9(机会锁定)
      [ASSIGN] white_usv2->black_usv3(机会锁定)
      [ASSIGN] white_usv4->black_usv12(机会锁定)
      [KILL] black_usv19
      [ASSIGN] white_usv4->black_usv9(机会锁定)
      [ASSIGN] white_usv4->black_usv12(机会锁定)
      [ASSIGN] white_usv3->black_usv12(机会锁定)
      [ASSIGN] white_usv9->black_usv18(机会锁定)
      [ASSIGN] white_usv4->black_usv6(机会锁定)
      [ASSIGN] white_usv3->black_usv6(机会锁定)
[t=9,862s] step=330 | MISSION=NORMAL_C | USV: 10/10 (avail=0 int=2 lock=8 frz=0) | UAV: air=10 rtb=0 chg=0 loiter=0 | TRACKS: vis=17 lost=0 engaged=4 | TOP: black_usv6(x201,945) black_usv20(x201,523) black_usv9(x204,426) | KILL=12 | ACTIONS=20 | INTENT: focus=2 ratio=0.20
      [ASSIGN] white_usv4->black_usv12(机会锁定)
      [ASSIGN] white_usv3->black_usv12(机会锁定)
      [ASSIGN] white_usv5->black_usv8(机会锁定)
      [ASSIGN] white_usv6->black_usv15(机会锁定)
      [ASSIGN] white_usv4->black_usv6(机会锁定)
      [ASSIGN] white_usv1->black_usv9(机会锁定)
      [ASSIGN] white_usv3->black_usv6(机会锁定)
      [ASSIGN] white_usv6->black_usv12(机会锁定)
      [ASSIGN] white_usv4->black_usv12(机会锁定)
      [ASSIGN] white_usv8->black_usv13(机会锁定)
      [ASSIGN] white_usv10->black_usv13(机会锁定)
      [ASSIGN] white_usv1->black_usv12(机会锁定)
      [ASSIGN] white_usv3->black_usv12(机会锁定)
      [KILL] black_usv11
      [KILL] black_usv9
      [KILL] black_usv13
      [KILL] black_usv7
      [ASSIGN] white_usv6->black_usv17(机会锁定)
      [ASSIGN] white_usv4->black_usv6(机会锁定)
      [RELEASE] white_usv8->black_usv13(目标失效)
      [ASSIGN] white_usv8->black_usv17(机会锁定)
      [RELEASE] white_usv10->black_usv13(目标失效)
      [ASSIGN] white_usv10->black_usv17(机会锁定)
      [ASSIGN] white_usv1->black_usv17(机会锁定)
      [ASSIGN] white_usv3->black_usv6(机会锁定)
      [ASSIGN] white_usv2->black_usv2(机会锁定)
      [ASSIGN] white_usv6->black_usv12(机会锁定)
      [ASSIGN] white_usv8->black_usv15(机会锁定)
      [ASSIGN] white_usv10->black_usv15(机会锁定)
      [ASSIGN] white_usv1->black_usv12(机会锁定)
      [ASSIGN] white_usv3->black_usv12(机会锁定)
      [KILL] black_usv15
      [ASSIGN] white_usv6->black_usv17(机会锁定)
      [RELEASE] white_usv8->black_usv15(目标失效)
      [ASSIGN] white_usv8->black_usv17(机会锁定)
      [RELEASE] white_usv10->black_usv15(目标失效)
      [ASSIGN] white_usv10->black_usv17(机会锁定)
      [ASSIGN] white_usv1->black_usv17(机会锁定)
      [ASSIGN] white_usv3->black_usv3(机会锁定)
      [ASSIGN] white_usv6->black_usv12(机会锁定)
      [ASSIGN] white_usv4->black_usv12(机会锁定)
      [ASSIGN] white_usv8->black_usv14(机会锁定)
      [ASSIGN] white_usv10->black_usv12(机会锁定)
      [ASSIGN] white_usv1->black_usv12(机会锁定)
      [ASSIGN] white_usv9->black_usv14(机会锁定)
      [KILL] black_usv1
      [ASSIGN] white_usv6->black_usv17(机会锁定)
      [ASSIGN] white_usv4->black_usv6(机会锁定)
      [ASSIGN] white_usv8->black_usv17(机会锁定)
      [ASSIGN] white_usv10->black_usv17(机会锁定)
      [ASSIGN] white_usv1->black_usv17(机会锁定)
      [ASSIGN] white_usv9->black_usv18(机会锁定)
      [ASSIGN] white_usv6->black_usv12(机会锁定)
      [ASSIGN] white_usv4->black_usv12(机会锁定)
      [ASSIGN] white_usv10->black_usv12(机会锁定)
      [ASSIGN] white_usv1->black_usv12(机会锁定)
      [ASSIGN] white_usv5->black_usv10(机会锁定)
      [ASSIGN] white_usv6->black_usv6(机会锁定)
      [ASSIGN] white_usv4->black_usv6(机会锁定)
      [ASSIGN] white_usv10->black_usv14(机会锁定)
      [ASSIGN] white_usv5->black_usv8(机会锁定)
[t=10,259s] step=340 | MISSION=NORMAL_C | USV: 9/10 (avail=0 int=6 lock=3 frz=0) | UAV: air=10 rtb=0 chg=0 loiter=0 | TRACKS: vis=11 lost=0 engaged=3 | TOP: black_usv20(x199,239) black_usv6(x201,945) black_usv8(x201,144) | KILL=13 | ACTIONS=19 | INTENT: focus=2 ratio=0.20
      [ASSIGN] white_usv6->black_usv17(机会锁定)
      [ASSIGN] white_usv4->black_usv3(机会锁定)
      [ASSIGN] white_usv10->black_usv20(机会锁定)
      [KILL] black_usv12
      [ASSIGN] white_usv6->black_usv6(机会锁定)
      [RELEASE] white_usv1->black_usv12(目标失效)
      [ASSIGN] white_usv1->black_usv17(机会锁定)
      [ASSIGN] white_usv2->black_usv10(机会锁定)
      [ASSIGN] white_usv6->black_usv14(机会锁定)
      [KILL] black_usv6
      [KILL] black_usv14
      [RELEASE] white_usv6->black_usv14(目标失效)
      [ASSIGN] white_usv6->black_usv3(机会锁定)
      [ASSIGN] white_usv1->black_usv3(机会锁定)
      [ASSIGN] white_usv6->black_usv17(机会锁定)
      [ASSIGN] white_usv4->black_usv17(机会锁定)
      [ASSIGN] white_usv1->black_usv17(机会锁定)
      [ASSIGN] white_usv6->black_usv3(机会锁定)
      [ASSIGN] white_usv4->black_usv3(机会锁定)
      [ASSIGN] white_usv8->black_usv18(机会锁定)
      [ASSIGN] white_usv1->black_usv3(机会锁定)
      [KILL] black_usv17
      [ASSIGN] white_usv6->black_usv8(机会锁定)
      [ASSIGN] white_usv9->black_usv20(机会锁定)
      [ASSIGN] white_usv6->black_usv18(机会锁定)
      [ASSIGN] white_usv5->black_usv2(机会锁定)
      [ASSIGN] white_usv10->black_usv18(机会锁定)
[t=10,668s] step=350 | MISSION=NORMAL_C | USV: 8/10 (avail=0 int=2 lock=6 frz=0) | UAV: air=10 rtb=0 chg=0 loiter=0 | TRACKS: vis=7 lost=0 engaged=4 | TOP: black_usv8(x200,845) black_usv5(x200,323) black_usv2(x197,765) | KILL=15 | ACTIONS=18 | INTENT: focus=2 ratio=0.20
      [ASSIGN] white_usv2->black_usv8(机会锁定)
      [ASSIGN] white_usv2->black_usv10(机会锁定)
      [ASSIGN] white_usv6->black_usv3(机会锁定)
      [ASSIGN] white_usv8->black_usv20(机会锁定)
      [ASSIGN] white_usv10->black_usv20(机会锁定)
      [ASSIGN] white_usv1->black_usv8(机会锁定)
      [ASSIGN] white_usv6->black_usv18(机会锁定)
      [ASSIGN] white_usv9->black_usv18(机会锁定)
      [ASSIGN] white_usv6->black_usv3(机会锁定)
      [ASSIGN] white_usv1->black_usv3(机会锁定)
      [ASSIGN] white_usv9->black_usv20(机会锁定)
      [ASSIGN] white_usv5->black_usv10(机会锁定)
      [ASSIGN] white_usv6->black_usv18(机会锁定)
      [ASSIGN] white_usv1->black_usv8(机会锁定)
      [ASSIGN] white_usv1->black_usv3(机会锁定)
      [KILL] black_usv3
      [RELEASE] white_usv4->black_usv3(目标失效)
      [ASSIGN] white_usv4->black_usv8(机会锁定)
      [RELEASE] white_usv1->black_usv3(目标失效)
      [ASSIGN] white_usv1->black_usv8(机会锁定)
[t=11,086s] step=360 | MISSION=NORMAL_C | USV: 6/10 (avail=0 int=3 lock=3 frz=0) | UAV: air=10 rtb=0 chg=0 loiter=0 | TRACKS: vis=6 lost=0 engaged=2 | TOP: black_usv2(x196,288) black_usv5(x197,985) black_usv8(x200,845) | KILL=17 | ACTIONS=16 | INTENT: focus=2 ratio=0.20
      [ASSIGN] white_usv8->black_usv18(机会锁定)
      [ASSIGN] white_usv9->black_usv18(机会锁定)
      [KILL] black_usv8
      [ASSIGN] white_usv6->black_usv20(机会锁定)
      [RELEASE] white_usv4->black_usv8(目标失效)
      [ASSIGN] white_usv4->black_usv2(机会锁定)
      [ASSIGN] white_usv8->black_usv20(机会锁定)
      [RELEASE] white_usv1->black_usv8(目标失效)
      [ASSIGN] white_usv9->black_usv20(机会锁定)
      [ASSIGN] white_usv6->black_usv18(机会锁定)
      [ASSIGN] white_usv8->black_usv18(机会锁定)
      [ASSIGN] white_usv1->black_usv10(机会锁定)
      [ASSIGN] white_usv9->black_usv18(机会锁定)
      [ASSIGN] white_usv5->black_usv5(机会锁定)
      [ASSIGN] white_usv6->black_usv20(机会锁定)
      [ASSIGN] white_usv8->black_usv20(机会锁定)
      [ASSIGN] white_usv9->black_usv20(机会锁定)
      [ASSIGN] white_usv6->black_usv18(机会锁定)
      [ASSIGN] white_usv8->black_usv18(机会锁定)
      [ASSIGN] white_usv9->black_usv18(机会锁定)
      [KILL] black_usv18
      [RELEASE] white_usv6->black_usv18(目标失效)
      [ASSIGN] white_usv6->black_usv20(机会锁定)
      [RELEASE] white_usv8->black_usv18(目标失效)
      [ASSIGN] white_usv8->black_usv20(机会锁定)
      [RELEASE] white_usv9->black_usv18(目标失效)
      [ASSIGN] white_usv9->black_usv20(机会锁定)
      [KILL] black_usv20
      [RELEASE] white_usv6->black_usv20(目标失效)
      [ASSIGN] white_usv4->black_usv10(机会锁定)
      [RELEASE] white_usv8->black_usv20(目标失效)
      [RELEASE] white_usv9->black_usv20(目标失效)
      [KILL] black_usv2
      [ASSIGN] white_usv6->black_usv5
      [ASSIGN] white_usv8->black_usv5
      [ASSIGN] white_usv9->black_usv10
[t=11,597s] step=370 | MISSION=NORMAL_C | USV: 6/10 (avail=1 int=2 lock=3 frz=0) | UAV: air=10 rtb=0 chg=0 loiter=0 | TRACKS: vis=2 lost=0 engaged=2 | TOP: black_usv5(x195,127) black_usv10(x198,606) | KILL=18 | ACTIONS=16 | INTENT: focus=2 ratio=0.20
      [ASSIGN] white_usv5->black_usv10(机会锁定)
      [ASSIGN] white_usv4->black_usv5(机会锁定)
      [ASSIGN] white_usv5->black_usv5(机会锁定)
      [ASSIGN] white_usv4->black_usv10(机会锁定)
[t=12,122s] step=380 | MISSION=NORMAL_C | USV: 6/10 (avail=0 int=5 lock=1 frz=0) | UAV: air=10 rtb=0 chg=0 loiter=0 | TRACKS: vis=2 lost=0 engaged=1 | TOP: black_usv5(x192,191) black_usv10(x198,511) | KILL=19 | ACTIONS=16 | INTENT: focus=2 ratio=0.20
      [ASSIGN] white_usv5->black_usv10(机会锁定)
      [ASSIGN] white_usv5->black_usv5(机会锁定)
      [KILL] black_usv10
      [RELEASE] white_usv4->black_usv10(目标失效)
      [RELEASE] white_usv1->black_usv10(目标失效)
      [RELEASE] white_usv9->black_usv10(目标失效)

========================================================================
对局结果: Result.Victory — 敌方所有单位被击毁
  击杀蓝舰: 20 | 命中: 40 | 我方USV损失: 4 | UAV损失: 0 | 突破: 0
[META] result=Result.Victory victory_time=12563 first_detection=1919 first_lock=8469 first_kill=9358 enemy_kills=20 friendly_usv_losses=4 friendly_uav_losses=0 black_breakthrough=0 reacquire_attempts=57 reacquire_success=57 sensor_assisted_locks=56 low_conf_commitments=0 global_reacquire_entries=0 global_reacquire_success=0 coverage_collapse_events=1 active_clusters_max=1 coverage_quality_final=0.24 commander_source=default_intent commander_calls=0 commander_changes=0 commander_no_change=0 commander_parse_failures=0 commander_api_failures=0 commander_policy_failures=0 commander_avg_latency=0.0
Done
