========================================================================
HYBRID AGENT V5 — Variable-Cardinality Hierarchical Maritime Agent
  启用UAV: True | LLM_ENABLED: False
========================================================================
对局 35 开始
      [UAV RELAUNCH] white_uav6
      [UAV RELAUNCH] white_uav1
      [UAV RELAUNCH] white_uav7
      [UAV RELAUNCH] white_uav5
      [UAV RELAUNCH] white_uav10
      [UAV RELAUNCH] white_uav8
      [UAV RELAUNCH] white_uav4
      [UAV RELAUNCH] white_uav9
      [UAV RELAUNCH] white_uav2
      [UAV RELAUNCH] white_uav3
[t=217s] step=10 | MISSION=NORMAL_C | USV: 10/10 (avail=10 int=0 lock=0 frz=0) | UAV: air=10 rtb=0 chg=0 loiter=0 | TRACKS: vis=0 lost=0 engaged=0 | TOP:  | KILL=0 | ACTIONS=20 | INTENT: focus=2 ratio=0.20
  [INTENT APPLIED]
    ThreatAllocator: focus 2 emergency 3 reserve_ratio 0.20 reserve_usvs None bias breakthrough_eta
    UAVManager: mode search_and_reacquire uav_priority []
[t=451s] step=20 | MISSION=NORMAL_C | USV: 10/10 (avail=10 int=0 lock=0 frz=0) | UAV: air=10 rtb=0 chg=0 loiter=0 | TRACKS: vis=0 lost=0 engaged=0 | TOP:  | KILL=0 | ACTIONS=20 | INTENT: focus=2 ratio=0.20
[t=704s] step=30 | MISSION=NORMAL_C | USV: 10/10 (avail=10 int=0 lock=0 frz=0) | UAV: air=10 rtb=0 chg=0 loiter=0 | TRACKS: vis=0 lost=0 engaged=0 | TOP:  | KILL=0 | ACTIONS=20 | INTENT: focus=2 ratio=0.20
[t=955s] step=40 | MISSION=NORMAL_C | USV: 10/10 (avail=10 int=0 lock=0 frz=0) | UAV: air=10 rtb=0 chg=0 loiter=0 | TRACKS: vis=0 lost=0 engaged=0 | TOP:  | KILL=0 | ACTIONS=20 | INTENT: focus=2 ratio=0.20
[t=1,186s] step=50 | MISSION=NORMAL_C | USV: 10/10 (avail=10 int=0 lock=0 frz=0) | UAV: air=10 rtb=0 chg=0 loiter=0 | TRACKS: vis=0 lost=0 engaged=0 | TOP:  | KILL=0 | ACTIONS=20 | INTENT: focus=2 ratio=0.20
[t=1,409s] step=60 | MISSION=NORMAL_C | USV: 10/10 (avail=10 int=0 lock=0 frz=0) | UAV: air=10 rtb=0 chg=0 loiter=0 | TRACKS: vis=0 lost=0 engaged=0 | TOP:  | KILL=0 | ACTIONS=20 | INTENT: focus=2 ratio=0.20
[t=1,626s] step=70 | MISSION=NORMAL_C | USV: 10/10 (avail=10 int=0 lock=0 frz=0) | UAV: air=10 rtb=0 chg=0 loiter=0 | TRACKS: vis=0 lost=0 engaged=0 | TOP:  | KILL=0 | ACTIONS=20 | INTENT: focus=2 ratio=0.20
      [DETECT] black_usv6
      [DETECT] black_usv16
      [DETECT] black_usv8
      [DETECT] black_usv14
      [DETECT] black_usv9
      [DETECT] black_usv13
      [DETECT] black_usv7
      [DETECT] black_usv5
      [ASSIGN] white_usv2->black_usv5
      [ASSIGN] white_usv4->black_usv6
      [ASSIGN] white_usv9->black_usv16
      [ASSIGN] white_usv7->black_usv13
      [ASSIGN] white_usv1->black_usv9
      [ASSIGN] white_usv5->black_usv7
      [ASSIGN] white_usv6->black_usv8
      [ASSIGN] white_usv10->black_usv14
[t=1,846s] step=80 | MISSION=NORMAL_C | USV: 10/10 (avail=10 int=0 lock=0 frz=0) | UAV: air=10 rtb=0 chg=0 loiter=0 | TRACKS: vis=8 lost=0 engaged=0 | TOP: black_usv13(x241,944) black_usv6(x241,952) black_usv7(x241,962) | KILL=0 | ACTIONS=20 | INTENT: focus=2 ratio=0.20
      [DETECT] black_usv3
      [DETECT] black_usv18
      [DETECT] black_usv2
      [DETECT] black_usv11
      [DETECT] black_usv12
      [DETECT] black_usv17
      [DETECT] black_usv10
      [DETECT] black_usv15
      [DETECT] black_usv4
      [DETECT] black_usv1
      [DETECT] black_usv19
      [ASSIGN] white_usv3->black_usv2
      [ASSIGN] white_usv8->black_usv18
      [DETECT] black_usv20
[t=2,100s] step=90 | MISSION=NORMAL_C | USV: 10/10 (avail=0 int=10 lock=0 frz=0) | UAV: air=10 rtb=0 chg=0 loiter=0 | TRACKS: vis=20 lost=0 engaged=0 | TOP: black_usv15(x239,667) black_usv11(x239,688) black_usv3(x239,742) | KILL=0 | ACTIONS=20 | INTENT: focus=2 ratio=0.20
[t=2,352s] step=100 | MISSION=NORMAL_C | USV: 10/10 (avail=0 int=10 lock=0 frz=0) | UAV: air=10 rtb=0 chg=0 loiter=0 | TRACKS: vis=20 lost=0 engaged=0 | TOP: black_usv15(x237,225) black_usv11(x237,248) black_usv3(x237,308) | KILL=0 | ACTIONS=20 | INTENT: focus=2 ratio=0.20
[t=2,571s] step=110 | MISSION=NORMAL_C | USV: 10/10 (avail=0 int=10 lock=0 frz=0) | UAV: air=10 rtb=0 chg=0 loiter=0 | TRACKS: vis=20 lost=0 engaged=0 | TOP: black_usv15(x235,111) black_usv11(x235,137) black_usv3(x235,202) | KILL=0 | ACTIONS=20 | INTENT: focus=2 ratio=0.20
[t=2,832s] step=120 | MISSION=NORMAL_C | USV: 10/10 (avail=0 int=10 lock=0 frz=0) | UAV: air=10 rtb=0 chg=0 loiter=0 | TRACKS: vis=20 lost=0 engaged=0 | TOP: black_usv15(x232,583) black_usv11(x232,612) black_usv3(x232,683) | KILL=0 | ACTIONS=20 | INTENT: focus=2 ratio=0.20
[t=3,073s] step=130 | MISSION=NORMAL_C | USV: 10/10 (avail=0 int=10 lock=0 frz=0) | UAV: air=10 rtb=0 chg=0 loiter=0 | TRACKS: vis=20 lost=0 engaged=0 | TOP: black_usv15(x230,255) black_usv11(x230,286) black_usv3(x230,364) | KILL=0 | ACTIONS=20 | INTENT: focus=2 ratio=0.20
[t=3,323s] step=140 | MISSION=NORMAL_C | USV: 10/10 (avail=0 int=10 lock=0 frz=0) | UAV: air=10 rtb=0 chg=0 loiter=0 | TRACKS: vis=20 lost=0 engaged=0 | TOP: black_usv15(x227,837) black_usv11(x227,870) black_usv3(x227,955) | KILL=0 | ACTIONS=20 | INTENT: focus=2 ratio=0.20
[t=3,575s] step=150 | MISSION=NORMAL_C | USV: 10/10 (avail=0 int=10 lock=0 frz=0) | UAV: air=10 rtb=0 chg=0 loiter=0 | TRACKS: vis=20 lost=0 engaged=0 | TOP: black_usv11(x225,418) black_usv15(x225,399) black_usv3(x225,526) | KILL=0 | ACTIONS=20 | INTENT: focus=2 ratio=0.20
[t=3,833s] step=160 | MISSION=NORMAL_C | USV: 10/10 (avail=0 int=10 lock=0 frz=0) | UAV: air=10 rtb=0 chg=0 loiter=0 | TRACKS: vis=20 lost=0 engaged=0 | TOP: black_usv11(x222,894) black_usv15(x222,896) black_usv3(x223,032) | KILL=0 | ACTIONS=20 | INTENT: focus=2 ratio=0.20
[t=4,101s] step=170 | MISSION=NORMAL_C | USV: 10/10 (avail=0 int=10 lock=0 frz=0) | UAV: air=10 rtb=0 chg=0 loiter=0 | TRACKS: vis=20 lost=0 engaged=0 | TOP: black_usv11(x220,287) black_usv3(x220,457) black_usv15(x220,323) | KILL=0 | ACTIONS=20 | INTENT: focus=2 ratio=0.20
[t=4,382s] step=180 | MISSION=NORMAL_C | USV: 10/10 (avail=0 int=10 lock=0 frz=0) | UAV: air=10 rtb=0 chg=0 loiter=0 | TRACKS: vis=20 lost=0 engaged=0 | TOP: black_usv11(x217,546) black_usv3(x217,748) black_usv15(x217,626) | KILL=0 | ACTIONS=20 | INTENT: focus=2 ratio=0.20
[t=4,659s] step=190 | MISSION=NORMAL_C | USV: 10/10 (avail=0 int=10 lock=0 frz=0) | UAV: air=10 rtb=0 chg=0 loiter=0 | TRACKS: vis=20 lost=0 engaged=0 | TOP: black_usv11(x214,844) black_usv3(x215,079) black_usv15(x214,968) | KILL=0 | ACTIONS=20 | INTENT: focus=2 ratio=0.20
[t=4,943s] step=200 | MISSION=NORMAL_C | USV: 10/10 (avail=0 int=10 lock=0 frz=0) | UAV: air=10 rtb=0 chg=0 loiter=0 | TRACKS: vis=20 lost=0 engaged=0 | TOP: black_usv11(x212,065) black_usv20(x212,716) black_usv3(x212,333) | KILL=0 | ACTIONS=20 | INTENT: focus=2 ratio=0.20
[t=5,228s] step=210 | MISSION=NORMAL_C | USV: 10/10 (avail=0 int=10 lock=0 frz=0) | UAV: air=10 rtb=0 chg=0 loiter=0 | TRACKS: vis=20 lost=0 engaged=0 | TOP: black_usv11(x209,294) black_usv20(x209,940) black_usv3(x209,595) | KILL=0 | ACTIONS=20 | INTENT: focus=2 ratio=0.20
[t=5,494s] step=220 | MISSION=NORMAL_C | USV: 10/10 (avail=0 int=10 lock=0 frz=0) | UAV: air=10 rtb=0 chg=0 loiter=0 | TRACKS: vis=20 lost=0 engaged=0 | TOP: black_usv11(x206,699) black_usv20(x207,342) black_usv3(x207,031) | KILL=0 | ACTIONS=20 | INTENT: focus=2 ratio=0.20
[t=5,765s] step=230 | MISSION=NORMAL_C | USV: 10/10 (avail=0 int=10 lock=0 frz=0) | UAV: air=10 rtb=0 chg=0 loiter=0 | TRACKS: vis=19 lost=1 engaged=0 | TOP: black_usv11(x204,056) black_usv20(x204,695) black_usv3(x204,419) | KILL=0 | ACTIONS=20 | INTENT: focus=2 ratio=0.20
[t=6,036s] step=240 | MISSION=NORMAL_C | USV: 10/10 (avail=0 int=10 lock=0 frz=0) | UAV: air=10 rtb=0 chg=0 loiter=0 | TRACKS: vis=19 lost=0 engaged=0 | TOP: black_usv11(x201,413) black_usv20(x202,048) black_usv3(x201,808) | KILL=0 | ACTIONS=20 | INTENT: focus=2 ratio=0.20
[t=6,264s] step=250 | MISSION=NORMAL_C | USV: 10/10 (avail=0 int=10 lock=0 frz=0) | UAV: air=10 rtb=0 chg=0 loiter=0 | TRACKS: vis=19 lost=0 engaged=0 | TOP: black_usv11(x199,189) black_usv20(x199,821) black_usv3(x199,610) | KILL=0 | ACTIONS=20 | INTENT: focus=2 ratio=0.20
[t=6,531s] step=260 | MISSION=NORMAL_C | USV: 10/10 (avail=0 int=10 lock=0 frz=0) | UAV: air=10 rtb=0 chg=0 loiter=0 | TRACKS: vis=19 lost=0 engaged=0 | TOP: black_usv11(x196,584) black_usv20(x197,213) black_usv3(x197,037) | KILL=0 | ACTIONS=20 | INTENT: focus=2 ratio=0.20
[t=6,794s] step=270 | MISSION=NORMAL_C | USV: 10/10 (avail=0 int=10 lock=0 frz=0) | UAV: air=10 rtb=0 chg=0 loiter=0 | TRACKS: vis=19 lost=0 engaged=0 | TOP: black_usv11(x194,019) black_usv20(x194,645) black_usv3(x194,502) | KILL=0 | ACTIONS=20 | INTENT: focus=2 ratio=0.20
[t=7,080s] step=280 | MISSION=NORMAL_C | USV: 10/10 (avail=0 int=10 lock=0 frz=0) | UAV: air=10 rtb=0 chg=0 loiter=0 | TRACKS: vis=19 lost=0 engaged=0 | TOP: black_usv11(x191,229) black_usv20(x191,851) black_usv3(x191,746) | KILL=0 | ACTIONS=20 | INTENT: focus=2 ratio=0.20
[t=7,350s] step=290 | MISSION=NORMAL_C | USV: 10/10 (avail=0 int=10 lock=0 frz=0) | UAV: air=10 rtb=0 chg=0 loiter=0 | TRACKS: vis=19 lost=0 engaged=0 | TOP: black_usv11(x188,588) black_usv20(x189,206) black_usv3(x189,135) | KILL=0 | ACTIONS=20 | INTENT: focus=2 ratio=0.20
      [ASSIGN] white_usv4->black_usv7(机会锁定)
      [ASSIGN] white_usv9->black_usv18(机会锁定)
      [ASSIGN] white_usv2->black_usv9(机会锁定)
      [ASSIGN] white_usv1->black_usv8(机会锁定)
      [ASSIGN] white_usv6->black_usv7(机会锁定)
      [ASSIGN] white_usv3->black_usv8(机会锁定)
      [ASSIGN] white_usv10->black_usv16(机会锁定)
[t=7,638s] step=300 | MISSION=NORMAL_C | USV: 10/10 (avail=0 int=0 lock=10 frz=0) | UAV: air=10 rtb=0 chg=0 loiter=0 | TRACKS: vis=19 lost=0 engaged=6 | TOP: black_usv11(x185,786) black_usv20(x186,401) black_usv3(x186,368) | KILL=0 | ACTIONS=20 | INTENT: focus=2 ratio=0.20
      [ASSIGN] white_usv4->black_usv3(机会锁定)
      [ASSIGN] white_usv9->black_usv15(机会锁定)
      [ASSIGN] white_usv7->black_usv15(机会锁定)
      [ASSIGN] white_usv5->black_usv11(机会锁定)
      [ASSIGN] white_usv8->black_usv10(机会锁定)
      [ASSIGN] white_usv2->black_usv1(机会锁定)
      [ASSIGN] white_usv1->black_usv1(机会锁定)
      [ASSIGN] white_usv6->black_usv1(机会锁定)
      [ASSIGN] white_usv10->black_usv13(机会锁定)
      [ASSIGN] white_usv3->black_usv1(机会锁定)
[t=7,940s] step=310 | MISSION=NORMAL_C | USV: 10/10 (avail=0 int=0 lock=10 frz=0) | UAV: air=10 rtb=0 chg=0 loiter=0 | TRACKS: vis=19 lost=0 engaged=6 | TOP: black_usv20(x183,451) black_usv16(x184,108) black_usv7(x184,563) | KILL=2 | ACTIONS=20 | INTENT: focus=2 ratio=0.20
      [ASSIGN] white_usv4->black_usv4(机会锁定)
      [ASSIGN] white_usv9->black_usv19(机会锁定)
      [ASSIGN] white_usv7->black_usv19(机会锁定)
      [ASSIGN] white_usv5->black_usv3(机会锁定)
      [ASSIGN] white_usv8->black_usv15(机会锁定)
      [ASSIGN] white_usv2->black_usv11(机会锁定)
      [ASSIGN] white_usv1->black_usv9(机会锁定)
      [ASSIGN] white_usv6->black_usv6(机会锁定)
      [ASSIGN] white_usv10->black_usv10(机会锁定)
      [ASSIGN] white_usv3->black_usv8(机会锁定)
      [ASSIGN] white_usv3->black_usv1(机会锁定)
      [ASSIGN] white_usv3->black_usv8(机会锁定)
      [ASSIGN] white_usv3->black_usv1(机会锁定)
[t=8,199s] step=320 | MISSION=NORMAL_C | USV: 10/10 (avail=0 int=1 lock=9 frz=0) | UAV: air=10 rtb=0 chg=0 loiter=0 | TRACKS: vis=19 lost=0 engaged=8 | TOP: black_usv20(x180,922) black_usv18(x182,931) black_usv16(x182,987) | KILL=4 | ACTIONS=20 | INTENT: focus=2 ratio=0.20
      [ASSIGN] white_usv3->black_usv8(机会锁定)
      [ASSIGN] white_usv3->black_usv1(机会锁定)
      [ASSIGN] white_usv3->black_usv8(机会锁定)
      [ASSIGN] white_usv3->black_usv1(机会锁定)
      [KILL] black_usv7
      [ASSIGN] white_usv4->black_usv8(机会锁定)
      [ASSIGN] white_usv9->black_usv18(机会锁定)
      [ASSIGN] white_usv7->black_usv16(机会锁定)
      [ASSIGN] white_usv3->black_usv9(机会锁定)
      [KILL] black_usv8
      [RELEASE] white_usv4->black_usv8(目标失效)
      [ASSIGN] white_usv4->black_usv4(机会锁定)
      [ASSIGN] white_usv5->black_usv4(机会锁定)
      [ASSIGN] white_usv8->black_usv19(机会锁定)
      [ASSIGN] white_usv2->black_usv3(机会锁定)
      [ASSIGN] white_usv1->black_usv1(机会锁定)
      [ASSIGN] white_usv6->black_usv3(机会锁定)
      [ASSIGN] white_usv10->black_usv15(机会锁定)
      [ASSIGN] white_usv3->black_usv1(机会锁定)
      [ASSIGN] white_usv2->black_usv9(机会锁定)
      [ASSIGN] white_usv1->black_usv9(机会锁定)
      [ASSIGN] white_usv6->black_usv9(机会锁定)
      [ASSIGN] white_usv10->black_usv10(机会锁定)
      [ASSIGN] white_usv3->black_usv9(机会锁定)
      [ASSIGN] white_usv2->black_usv3(机会锁定)
      [ASSIGN] white_usv1->black_usv1(机会锁定)
      [ASSIGN] white_usv6->black_usv3(机会锁定)
      [ASSIGN] white_usv10->black_usv15(机会锁定)
      [ASSIGN] white_usv3->black_usv1(机会锁定)
      [ASSIGN] white_usv2->black_usv9(机会锁定)
      [ASSIGN] white_usv1->black_usv9(机会锁定)
      [ASSIGN] white_usv6->black_usv9(机会锁定)
      [ASSIGN] white_usv10->black_usv10(机会锁定)
      [ASSIGN] white_usv3->black_usv9(机会锁定)
[t=8,556s] step=330 | MISSION=NORMAL_C | USV: 10/10 (avail=0 int=5 lock=5 frz=0) | UAV: air=10 rtb=0 chg=0 loiter=0 | TRACKS: vis=16 lost=1 engaged=4 | TOP: black_usv20(x177,435) black_usv11(x181,241) black_usv10(x182,575) | KILL=9 | ACTIONS=20 | INTENT: focus=2 ratio=0.20
      [ASSIGN] white_usv2->black_usv3(机会锁定)
      [ASSIGN] white_usv1->black_usv1(机会锁定)
      [ASSIGN] white_usv6->black_usv11(机会锁定)
      [ASSIGN] white_usv10->black_usv15(机会锁定)
      [ASSIGN] white_usv3->black_usv1(机会锁定)
      [ASSIGN] white_usv2->black_usv9(机会锁定)
      [ASSIGN] white_usv1->black_usv9(机会锁定)
      [ASSIGN] white_usv6->black_usv9(机会锁定)
      [ASSIGN] white_usv10->black_usv14(机会锁定)
      [ASSIGN] white_usv3->black_usv9(机会锁定)
      [ASSIGN] white_usv2->black_usv3(机会锁定)
      [ASSIGN] white_usv1->black_usv1(机会锁定)
      [ASSIGN] white_usv6->black_usv11(机会锁定)
      [ASSIGN] white_usv3->black_usv1(机会锁定)
      [KILL] black_usv1
      [ASSIGN] white_usv2->black_usv9(机会锁定)
      [ASSIGN] white_usv4->black_usv9(机会锁定)
      [ASSIGN] white_usv9->black_usv15(机会锁定)
      [ASSIGN] white_usv7->black_usv15(机会锁定)
      [RELEASE] white_usv1->black_usv1(目标失效)
      [ASSIGN] white_usv1->black_usv9(机会锁定)
      [ASSIGN] white_usv6->black_usv9(机会锁定)
      [RELEASE] white_usv3->black_usv1(目标失效)
      [ASSIGN] white_usv3->black_usv9(机会锁定)
      [KILL] black_usv13
      [ASSIGN] white_usv2->black_usv3(机会锁定)
      [ASSIGN] white_usv4->black_usv6(机会锁定)
      [ASSIGN] white_usv9->black_usv16(机会锁定)
      [ASSIGN] white_usv7->black_usv16(机会锁定)
      [ASSIGN] white_usv1->black_usv3(机会锁定)
      [ASSIGN] white_usv5->black_usv6(机会锁定)
      [ASSIGN] white_usv6->black_usv4(机会锁定)
      [ASSIGN] white_usv3->black_usv3(机会锁定)
      [ASSIGN] white_usv2->black_usv9(机会锁定)
      [ASSIGN] white_usv1->black_usv9(机会锁定)
      [ASSIGN] white_usv3->black_usv9(机会锁定)
      [ASSIGN] white_usv2->black_usv4(机会锁定)
      [ASSIGN] white_usv1->black_usv3(机会锁定)
      [ASSIGN] white_usv3->black_usv3(机会锁定)
      [ASSIGN] white_usv2->black_usv9(机会锁定)
      [ASSIGN] white_usv1->black_usv9(机会锁定)
      [ASSIGN] white_usv3->black_usv9(机会锁定)
      [ASSIGN] white_usv1->black_usv3(机会锁定)
      [ASSIGN] white_usv3->black_usv3(机会锁定)
      [ASSIGN] white_usv1->black_usv11(机会锁定)
      [ASSIGN] white_usv3->black_usv11(机会锁定)
[t=8,902s] step=340 | MISSION=NORMAL_C | USV: 9/10 (avail=0 int=4 lock=5 frz=0) | UAV: air=10 rtb=0 chg=0 loiter=0 | TRACKS: vis=14 lost=1 engaged=3 | TOP: black_usv20(x174,055) black_usv18(x178,268) black_usv19(x179,526) | KILL=12 | ACTIONS=19 | INTENT: focus=2 ratio=0.20
      [ASSIGN] white_usv2->black_usv3(机会锁定)
      [ASSIGN] white_usv1->black_usv3(机会锁定)
      [ASSIGN] white_usv3->black_usv3(机会锁定)
      [ASSIGN] white_usv2->black_usv9(机会锁定)
      [ASSIGN] white_usv1->black_usv9(机会锁定)
      [ASSIGN] white_usv6->black_usv9(机会锁定)
      [ASSIGN] white_usv10->black_usv18(机会锁定)
      [ASSIGN] white_usv3->black_usv9(机会锁定)
      [KILL] black_usv3
      [KILL] black_usv15
      [ASSIGN] white_usv2->black_usv4(机会锁定)
      [ASSIGN] white_usv6->black_usv4(机会锁定)
      [ASSIGN] white_usv10->black_usv19(机会锁定)
      [ASSIGN] white_usv3->black_usv4(机会锁定)
      [KILL] black_usv9
      [KILL] black_usv11
      [KILL] black_usv10
      [ASSIGN] white_usv2->black_usv6(机会锁定)
      [ASSIGN] white_usv6->black_usv19(机会锁定)
      [ASSIGN] white_usv10->black_usv18(机会锁定)
      [ASSIGN] white_usv3->black_usv5(机会锁定)
      [ASSIGN] white_usv2->black_usv4(机会锁定)
      [ASSIGN] white_usv4->black_usv4(机会锁定)
      [ASSIGN] white_usv9->black_usv20(机会锁定)
      [ASSIGN] white_usv7->black_usv19(机会锁定)
      [ASSIGN] white_usv5->black_usv4(机会锁定)
      [ASSIGN] white_usv6->black_usv4(机会锁定)
      [ASSIGN] white_usv10->black_usv14(机会锁定)
      [ASSIGN] white_usv2->black_usv6(机会锁定)
      [ASSIGN] white_usv4->black_usv6(机会锁定)
      [ASSIGN] white_usv9->black_usv16(机会锁定)
      [ASSIGN] white_usv7->black_usv16(机会锁定)
      [ASSIGN] white_usv5->black_usv6(机会锁定)
      [ASSIGN] white_usv6->black_usv6(机会锁定)
      [ASSIGN] white_usv10->black_usv16(机会锁定)
      [ASSIGN] white_usv2->black_usv4(机会锁定)
      [ASSIGN] white_usv4->black_usv4(机会锁定)
      [ASSIGN] white_usv9->black_usv18(机会锁定)
      [ASSIGN] white_usv7->black_usv19(机会锁定)
      [ASSIGN] white_usv5->black_usv4(机会锁定)
      [ASSIGN] white_usv6->black_usv4(机会锁定)
      [ASSIGN] white_usv2->black_usv6(机会锁定)
      [ASSIGN] white_usv4->black_usv6(机会锁定)
      [ASSIGN] white_usv9->black_usv16(机会锁定)
      [ASSIGN] white_usv7->black_usv16(机会锁定)
      [ASSIGN] white_usv5->black_usv6(机会锁定)
      [ASSIGN] white_usv6->black_usv6(机会锁定)
      [ASSIGN] white_usv2->black_usv4(机会锁定)
      [ASSIGN] white_usv4->black_usv4(机会锁定)
      [ASSIGN] white_usv7->black_usv19(机会锁定)
      [ASSIGN] white_usv5->black_usv4(机会锁定)
      [ASSIGN] white_usv6->black_usv4(机会锁定)
      [ASSIGN] white_usv2->black_usv6(机会锁定)
      [ASSIGN] white_usv4->black_usv6(机会锁定)
      [ASSIGN] white_usv7->black_usv5(机会锁定)
      [ASSIGN] white_usv5->black_usv6(机会锁定)
      [ASSIGN] white_usv6->black_usv6(机会锁定)
[t=9,290s] step=350 | MISSION=NORMAL_C | USV: 6/10 (avail=0 int=6 lock=0 frz=0) | UAV: air=10 rtb=0 chg=0 loiter=0 | TRACKS: vis=10 lost=0 engaged=0 | TOP: black_usv20(x170,266) black_usv18(x178,268) black_usv5(x179,155) | KILL=14 | ACTIONS=16 | INTENT: focus=2 ratio=0.20
      [KILL] black_usv18
      [KILL] black_usv4
      [ASSIGN] white_usv2->black_usv19(机会锁定)
      [ASSIGN] white_usv6->black_usv19(机会锁定)
      [KILL] black_usv19
      [RELEASE] white_usv2->black_usv19(目标失效)
      [ASSIGN] white_usv2->black_usv16(机会锁定)
      [RELEASE] white_usv6->black_usv19(目标失效)
      [ASSIGN] white_usv6->black_usv14(机会锁定)
      [ASSIGN] white_usv2->black_usv5(机会锁定)
      [ASSIGN] white_usv6->black_usv2(机会锁定)
      [ASSIGN] white_usv9->black_usv20(机会锁定)
      [ASSIGN] white_usv4->black_usv16(机会锁定)
      [ASSIGN] white_usv5->black_usv16(机会锁定)
      [ASSIGN] white_usv2->black_usv6(机会锁定)
      [ASSIGN] white_usv4->black_usv6(机会锁定)
      [ASSIGN] white_usv7->black_usv14(机会锁定)
      [ASSIGN] white_usv5->black_usv6(机会锁定)
      [ASSIGN] white_usv2->black_usv16(机会锁定)
      [ASSIGN] white_usv4->black_usv16(机会锁定)
      [ASSIGN] white_usv5->black_usv16(机会锁定)
      [KILL] black_usv6
      [KILL] black_usv16
      [RELEASE] white_usv2->black_usv16(目标失效)
      [ASSIGN] white_usv2->black_usv5(机会锁定)
      [RELEASE] white_usv4->black_usv16(目标失效)
      [ASSIGN] white_usv4->black_usv5(机会锁定)
      [RELEASE] white_usv5->black_usv16(目标失效)
      [ASSIGN] white_usv5->black_usv5(机会锁定)
[t=9,721s] step=360 | MISSION=NORMAL_C | USV: 6/10 (avail=0 int=3 lock=3 frz=0) | UAV: air=10 rtb=0 chg=0 loiter=0 | TRACKS: vis=5 lost=0 engaged=3 | TOP: black_usv20(x166,056) black_usv17(x176,728) black_usv5(x178,383) | KILL=15 | ACTIONS=16 | INTENT: focus=2 ratio=0.20
      [ASSIGN] white_usv2->black_usv2(机会锁定)
      [ASSIGN] white_usv6->black_usv14(机会锁定)
      [KILL] black_usv5
      [RELEASE] white_usv4->black_usv5(目标失效)
      [ASSIGN] white_usv7->black_usv20(机会锁定)
      [RELEASE] white_usv5->black_usv5(目标失效)
      [ASSIGN] white_usv6->black_usv2(机会锁定)
      [ASSIGN] white_usv4->black_usv14(机会锁定)
      [ASSIGN] white_usv7->black_usv14(机会锁定)
      [ASSIGN] white_usv5->black_usv14(机会锁定)
      [ASSIGN] white_usv4->black_usv2(机会锁定)
      [ASSIGN] white_usv5->black_usv2(机会锁定)
[t=10,180s] step=370 | MISSION=NORMAL_C | USV: 6/10 (avail=0 int=1 lock=5 frz=0) | UAV: air=10 rtb=0 chg=0 loiter=0 | TRACKS: vis=4 lost=0 engaged=2 | TOP: black_usv20(x164,513) black_usv17(x172,337) black_usv14(x177,784) | KILL=16 | ACTIONS=16 | INTENT: focus=2 ratio=0.20
      [DETECT] black_usv12
      [ASSIGN] white_usv2->black_usv14(机会锁定)
      [ASSIGN] white_usv4->black_usv14(机会锁定)
      [ASSIGN] white_usv5->black_usv14(机会锁定)
      [ASSIGN] white_usv6->black_usv14(机会锁定)
      [ASSIGN] white_usv2->black_usv2(机会锁定)
      [ASSIGN] white_usv4->black_usv2(机会锁定)
      [ASSIGN] white_usv5->black_usv2(机会锁定)
      [ASSIGN] white_usv6->black_usv2(机会锁定)
      [ASSIGN] white_usv2->black_usv14(机会锁定)
      [ASSIGN] white_usv4->black_usv14(机会锁定)
      [ASSIGN] white_usv5->black_usv14(机会锁定)
      [ASSIGN] white_usv6->black_usv14(机会锁定)
      [ASSIGN] white_usv2->black_usv2(机会锁定)
      [ASSIGN] white_usv4->black_usv2(机会锁定)
      [ASSIGN] white_usv5->black_usv2(机会锁定)
      [ASSIGN] white_usv6->black_usv2(机会锁定)
      [ASSIGN] white_usv6->black_usv14(机会锁定)
      [KILL] black_usv14
      [RELEASE] white_usv7->black_usv14(目标失效)
      [ASSIGN] white_usv7->black_usv20(机会锁定)
      [RELEASE] white_usv6->black_usv14(目标失效)
      [ASSIGN] white_usv6->black_usv2(机会锁定)
[t=10,660s] step=380 | MISSION=NORMAL_C | USV: 6/10 (avail=0 int=6 lock=0 frz=0) | UAV: air=10 rtb=0 chg=0 loiter=0 | TRACKS: vis=4 lost=0 engaged=0 | TOP: black_usv12(x194,067) black_usv17(x167,744) black_usv20(x164,132) | KILL=18 | ACTIONS=16 | INTENT: focus=2 ratio=0.20
      [KILL] black_usv20
      [RELEASE] white_usv9->black_usv20(目标失效)
      [RELEASE] white_usv7->black_usv20(目标失效)
      [ASSIGN] white_usv7->black_usv2(机会锁定)
      [ASSIGN] white_usv9->black_usv17
      [KILL] black_usv2
      [RELEASE] white_usv2->black_usv2(目标失效)
      [RELEASE] white_usv4->black_usv2(目标失效)
      [RELEASE] white_usv7->black_usv2(目标失效)
      [RELEASE] white_usv5->black_usv2(目标失效)
      [RELEASE] white_usv6->black_usv2(目标失效)
      [ASSIGN] white_usv2->black_usv12
      [ASSIGN] white_usv4->black_usv17
      [ASSIGN] white_usv7->black_usv12
      [ASSIGN] white_usv5->black_usv12
      [ASSIGN] white_usv6->black_usv17
[t=11,159s] step=390 | MISSION=NORMAL_C | USV: 6/10 (avail=0 int=5 lock=1 frz=0) | UAV: air=10 rtb=0 chg=0 loiter=0 | TRACKS: vis=2 lost=0 engaged=1 | TOP: black_usv17(x162,970) black_usv12(x189,614) | KILL=18 | ACTIONS=16 | INTENT: focus=2 ratio=0.20
      [ASSIGN] white_usv7->black_usv17(机会锁定)
[t=11,675s] step=400 | MISSION=NORMAL_C | USV: 6/10 (avail=0 int=6 lock=0 frz=0) | UAV: air=10 rtb=0 chg=0 loiter=0 | TRACKS: vis=2 lost=0 engaged=0 | TOP: black_usv12(x185,010) black_usv17(x160,884) | KILL=19 | ACTIONS=16 | INTENT: focus=2 ratio=0.20
      [KILL] black_usv17
      [RELEASE] white_usv4->black_usv17(目标失效)
      [RELEASE] white_usv9->black_usv17(目标失效)
      [RELEASE] white_usv7->black_usv17(目标失效)
      [RELEASE] white_usv6->black_usv17(目标失效)
      [ASSIGN] white_usv9->black_usv12
[t=12,206s] step=410 | MISSION=NORMAL_C | USV: 6/10 (avail=3 int=3 lock=0 frz=0) | UAV: air=10 rtb=0 chg=0 loiter=0 | TRACKS: vis=0 lost=1 engaged=0 | TOP: black_usv12(x180,271) | KILL=19 | ACTIONS=16 | INTENT: focus=2 ratio=0.20
[t=12,707s] step=420 | MISSION=NORMAL_C | USV: 6/10 (avail=3 int=3 lock=0 frz=0) | UAV: air=10 rtb=0 chg=0 loiter=0 | TRACKS: vis=1 lost=0 engaged=0 | TOP: black_usv12(x175,795) | KILL=19 | ACTIONS=16 | INTENT: focus=2 ratio=0.20
[t=13,184s] step=430 | MISSION=NORMAL_C | USV: 6/10 (avail=3 int=2 lock=1 frz=0) | UAV: air=10 rtb=0 chg=0 loiter=0 | TRACKS: vis=1 lost=0 engaged=1 | TOP: black_usv12(x171,147) | KILL=19 | ACTIONS=16 | INTENT: focus=2 ratio=0.20

========================================================================
对局结果: Result.Victory — 敌方所有单位被击毁
  击杀蓝舰: 20 | 命中: 40 | 我方USV损失: 4 | UAV损失: 0 | 突破: 0
[META] result=Result.Victory victory_time=13860 first_detection=1846 first_lock=7440 first_kill=8362 enemy_kills=20 friendly_usv_losses=4 friendly_uav_losses=0 black_breakthrough=0 reacquire_attempts=16 reacquire_success=16 sensor_assisted_locks=48 low_conf_commitments=0 global_reacquire_entries=0 global_reacquire_success=0 coverage_collapse_events=1 active_clusters_max=1 coverage_quality_final=0.17 commander_source=default_intent commander_calls=0 commander_changes=0 commander_no_change=0 commander_parse_failures=0 commander_api_failures=0 commander_policy_failures=0 commander_avg_latency=0.0
Done
