========================================================================
HYBRID AGENT V5 — Variable-Cardinality Hierarchical Maritime Agent
  启用UAV: True | LLM_ENABLED: False
========================================================================
对局 21 开始
      [UAV RELAUNCH] white_uav8
      [UAV RELAUNCH] white_uav3
      [UAV RELAUNCH] white_uav6
      [UAV RELAUNCH] white_uav7
      [UAV RELAUNCH] white_uav9
      [UAV RELAUNCH] white_uav4
      [UAV RELAUNCH] white_uav5
      [UAV RELAUNCH] white_uav1
      [UAV RELAUNCH] white_uav2
      [UAV RELAUNCH] white_uav10
[t=217s] step=10 | MISSION=NORMAL_C | USV: 10/10 (avail=10 int=0 lock=0 frz=0) | UAV: air=10 rtb=0 chg=0 loiter=0 | TRACKS: vis=0 lost=0 engaged=0 | TOP:  | KILL=0 | ACTIONS=20 | INTENT: focus=2 ratio=0.20
  [INTENT APPLIED]
    ThreatAllocator: focus 2 emergency 3 reserve_ratio 0.20 reserve_usvs None bias breakthrough_eta
    UAVManager: mode search_and_reacquire uav_priority []
[t=465s] step=20 | MISSION=NORMAL_C | USV: 10/10 (avail=10 int=0 lock=0 frz=0) | UAV: air=10 rtb=0 chg=0 loiter=0 | TRACKS: vis=0 lost=0 engaged=0 | TOP:  | KILL=0 | ACTIONS=20 | INTENT: focus=2 ratio=0.20
[t=699s] step=30 | MISSION=NORMAL_C | USV: 10/10 (avail=10 int=0 lock=0 frz=0) | UAV: air=10 rtb=0 chg=0 loiter=0 | TRACKS: vis=0 lost=0 engaged=0 | TOP:  | KILL=0 | ACTIONS=20 | INTENT: focus=2 ratio=0.20
[t=959s] step=40 | MISSION=NORMAL_C | USV: 10/10 (avail=10 int=0 lock=0 frz=0) | UAV: air=10 rtb=0 chg=0 loiter=0 | TRACKS: vis=0 lost=0 engaged=0 | TOP:  | KILL=0 | ACTIONS=20 | INTENT: focus=2 ratio=0.20
[t=1,207s] step=50 | MISSION=NORMAL_C | USV: 10/10 (avail=10 int=0 lock=0 frz=0) | UAV: air=10 rtb=0 chg=0 loiter=0 | TRACKS: vis=0 lost=0 engaged=0 | TOP:  | KILL=0 | ACTIONS=20 | INTENT: focus=2 ratio=0.20
[t=1,457s] step=60 | MISSION=NORMAL_C | USV: 10/10 (avail=10 int=0 lock=0 frz=0) | UAV: air=10 rtb=0 chg=0 loiter=0 | TRACKS: vis=0 lost=0 engaged=0 | TOP:  | KILL=0 | ACTIONS=20 | INTENT: focus=2 ratio=0.20
[t=1,715s] step=70 | MISSION=NORMAL_C | USV: 10/10 (avail=10 int=0 lock=0 frz=0) | UAV: air=10 rtb=0 chg=0 loiter=0 | TRACKS: vis=0 lost=0 engaged=0 | TOP:  | KILL=0 | ACTIONS=20 | INTENT: focus=2 ratio=0.20
      [DETECT] black_usv6
      [DETECT] black_usv7
      [DETECT] black_usv8
      [ASSIGN] white_usv2->black_usv6
      [ASSIGN] white_usv10->black_usv6
      [ASSIGN] white_usv1->black_usv7
      [ASSIGN] white_usv4->black_usv8
      [ASSIGN] white_usv3->black_usv6
      [ASSIGN] white_usv6->black_usv8
      [ASSIGN] white_usv8->black_usv8
      [ASSIGN] white_usv5->black_usv7
      [DETECT] black_usv5
      [DETECT] black_usv3
      [DETECT] black_usv18
      [DETECT] black_usv2
      [DETECT] black_usv12
      [DETECT] black_usv16
      [DETECT] black_usv11
      [DETECT] black_usv14
      [DETECT] black_usv9
      [DETECT] black_usv17
      [DETECT] black_usv10
      [DETECT] black_usv15
      [DETECT] black_usv4
      [DETECT] black_usv13
      [DETECT] black_usv1
      [DETECT] black_usv19
      [ASSIGN] white_usv7->black_usv12
      [ASSIGN] white_usv9->black_usv18
      [DETECT] black_usv20
[t=1,975s] step=80 | MISSION=NORMAL_C | USV: 10/10 (avail=0 int=10 lock=0 frz=0) | UAV: air=10 rtb=0 chg=0 loiter=0 | TRACKS: vis=20 lost=0 engaged=0 | TOP: black_usv9(x249,609) black_usv16(x249,663) black_usv17(x249,676) | KILL=0 | ACTIONS=20 | INTENT: focus=2 ratio=0.20
[t=2,234s] step=90 | MISSION=NORMAL_C | USV: 10/10 (avail=0 int=10 lock=0 frz=0) | UAV: air=10 rtb=0 chg=0 loiter=0 | TRACKS: vis=20 lost=0 engaged=0 | TOP: black_usv9(x248,243) black_usv16(x248,305) black_usv17(x248,319) | KILL=0 | ACTIONS=20 | INTENT: focus=2 ratio=0.20
[t=2,509s] step=100 | MISSION=NORMAL_C | USV: 10/10 (avail=0 int=10 lock=0 frz=0) | UAV: air=10 rtb=0 chg=0 loiter=0 | TRACKS: vis=20 lost=0 engaged=0 | TOP: black_usv9(x246,802) black_usv16(x246,871) black_usv17(x246,887) | KILL=0 | ACTIONS=20 | INTENT: focus=2 ratio=0.20
[t=2,764s] step=110 | MISSION=NORMAL_C | USV: 10/10 (avail=0 int=10 lock=0 frz=0) | UAV: air=10 rtb=0 chg=0 loiter=0 | TRACKS: vis=20 lost=0 engaged=0 | TOP: black_usv9(x245,461) black_usv16(x245,538) black_usv17(x245,555) | KILL=0 | ACTIONS=20 | INTENT: focus=2 ratio=0.20
[t=3,011s] step=120 | MISSION=NORMAL_C | USV: 10/10 (avail=0 int=10 lock=0 frz=0) | UAV: air=10 rtb=0 chg=0 loiter=0 | TRACKS: vis=20 lost=0 engaged=0 | TOP: black_usv9(x244,158) black_usv16(x244,242) black_usv17(x244,261) | KILL=0 | ACTIONS=20 | INTENT: focus=2 ratio=0.20
[t=3,260s] step=130 | MISSION=NORMAL_C | USV: 10/10 (avail=0 int=10 lock=0 frz=0) | UAV: air=10 rtb=0 chg=0 loiter=0 | TRACKS: vis=20 lost=0 engaged=0 | TOP: black_usv9(x242,854) black_usv16(x242,944) black_usv17(x242,965) | KILL=0 | ACTIONS=20 | INTENT: focus=2 ratio=0.20
[t=3,492s] step=140 | MISSION=NORMAL_C | USV: 10/10 (avail=0 int=10 lock=0 frz=0) | UAV: air=10 rtb=0 chg=0 loiter=0 | TRACKS: vis=20 lost=0 engaged=0 | TOP: black_usv9(x241,635) black_usv16(x241,731) black_usv17(x241,753) | KILL=0 | ACTIONS=20 | INTENT: focus=2 ratio=0.20
[t=3,741s] step=150 | MISSION=NORMAL_C | USV: 10/10 (avail=0 int=10 lock=0 frz=0) | UAV: air=10 rtb=0 chg=0 loiter=0 | TRACKS: vis=20 lost=0 engaged=0 | TOP: black_usv9(x240,326) black_usv16(x240,429) black_usv17(x240,453) | KILL=0 | ACTIONS=20 | INTENT: focus=2 ratio=0.20
[t=3,982s] step=160 | MISSION=NORMAL_C | USV: 10/10 (avail=0 int=10 lock=0 frz=0) | UAV: air=10 rtb=0 chg=0 loiter=0 | TRACKS: vis=20 lost=0 engaged=0 | TOP: black_usv9(x239,059) black_usv16(x239,169) black_usv17(x239,195) | KILL=0 | ACTIONS=20 | INTENT: focus=2 ratio=0.20
[t=4,229s] step=170 | MISSION=NORMAL_C | USV: 10/10 (avail=0 int=10 lock=0 frz=0) | UAV: air=10 rtb=0 chg=0 loiter=0 | TRACKS: vis=20 lost=0 engaged=0 | TOP: black_usv9(x237,761) black_usv16(x237,878) black_usv17(x237,905) | KILL=0 | ACTIONS=20 | INTENT: focus=2 ratio=0.20
[t=4,475s] step=180 | MISSION=NORMAL_C | USV: 10/10 (avail=0 int=10 lock=0 frz=0) | UAV: air=10 rtb=0 chg=0 loiter=0 | TRACKS: vis=20 lost=0 engaged=0 | TOP: black_usv9(x236,468) black_usv16(x236,591) black_usv17(x236,620) | KILL=0 | ACTIONS=20 | INTENT: focus=2 ratio=0.20
[t=4,732s] step=190 | MISSION=NORMAL_C | USV: 10/10 (avail=0 int=10 lock=0 frz=0) | UAV: air=10 rtb=0 chg=0 loiter=0 | TRACKS: vis=20 lost=0 engaged=0 | TOP: black_usv9(x235,117) black_usv16(x235,248) black_usv17(x235,278) | KILL=0 | ACTIONS=20 | INTENT: focus=2 ratio=0.20
[t=4,973s] step=200 | MISSION=NORMAL_C | USV: 10/10 (avail=0 int=10 lock=0 frz=0) | UAV: air=10 rtb=0 chg=0 loiter=0 | TRACKS: vis=20 lost=0 engaged=0 | TOP: black_usv9(x233,850) black_usv16(x233,987) black_usv17(x234,019) | KILL=0 | ACTIONS=20 | INTENT: focus=2 ratio=0.20
[t=5,261s] step=210 | MISSION=NORMAL_C | USV: 10/10 (avail=0 int=10 lock=0 frz=0) | UAV: air=10 rtb=0 chg=0 loiter=0 | TRACKS: vis=20 lost=0 engaged=0 | TOP: black_usv9(x232,337) black_usv16(x232,482) black_usv17(x232,515) | KILL=0 | ACTIONS=20 | INTENT: focus=2 ratio=0.20
[t=5,543s] step=220 | MISSION=NORMAL_C | USV: 10/10 (avail=0 int=10 lock=0 frz=0) | UAV: air=10 rtb=0 chg=0 loiter=0 | TRACKS: vis=20 lost=0 engaged=0 | TOP: black_usv9(x230,854) black_usv16(x231,007) black_usv17(x231,043) | KILL=0 | ACTIONS=20 | INTENT: focus=2 ratio=0.20
[t=5,807s] step=230 | MISSION=NORMAL_C | USV: 10/10 (avail=0 int=10 lock=0 frz=0) | UAV: air=10 rtb=0 chg=0 loiter=0 | TRACKS: vis=20 lost=0 engaged=0 | TOP: black_usv9(x229,467) black_usv16(x229,627) black_usv17(x229,664) | KILL=0 | ACTIONS=20 | INTENT: focus=2 ratio=0.20
[t=6,080s] step=240 | MISSION=NORMAL_C | USV: 10/10 (avail=0 int=10 lock=0 frz=0) | UAV: air=10 rtb=0 chg=0 loiter=0 | TRACKS: vis=20 lost=0 engaged=0 | TOP: black_usv9(x228,032) black_usv16(x228,199) black_usv17(x228,238) | KILL=0 | ACTIONS=20 | INTENT: focus=2 ratio=0.20
[t=6,354s] step=250 | MISSION=NORMAL_C | USV: 10/10 (avail=0 int=10 lock=0 frz=0) | UAV: air=10 rtb=0 chg=0 loiter=0 | TRACKS: vis=20 lost=0 engaged=0 | TOP: black_usv9(x226,591) black_usv16(x226,767) black_usv17(x226,807) | KILL=0 | ACTIONS=20 | INTENT: focus=2 ratio=0.20
[t=6,604s] step=260 | MISSION=NORMAL_C | USV: 10/10 (avail=0 int=10 lock=0 frz=0) | UAV: air=10 rtb=0 chg=0 loiter=0 | TRACKS: vis=20 lost=0 engaged=0 | TOP: black_usv9(x225,273) black_usv16(x225,455) black_usv17(x225,497) | KILL=0 | ACTIONS=20 | INTENT: focus=2 ratio=0.20
[t=6,861s] step=270 | MISSION=NORMAL_C | USV: 10/10 (avail=0 int=10 lock=0 frz=0) | UAV: air=10 rtb=0 chg=0 loiter=0 | TRACKS: vis=20 lost=0 engaged=0 | TOP: black_usv9(x223,927) black_usv16(x224,116) black_usv17(x224,160) | KILL=0 | ACTIONS=20 | INTENT: focus=2 ratio=0.20
[t=7,137s] step=280 | MISSION=NORMAL_C | USV: 10/10 (avail=0 int=10 lock=0 frz=0) | UAV: air=10 rtb=0 chg=0 loiter=0 | TRACKS: vis=20 lost=0 engaged=0 | TOP: black_usv9(x222,476) black_usv16(x222,673) black_usv17(x222,718) | KILL=0 | ACTIONS=20 | INTENT: focus=2 ratio=0.20
[t=7,402s] step=290 | MISSION=NORMAL_C | USV: 10/10 (avail=0 int=10 lock=0 frz=0) | UAV: air=10 rtb=0 chg=0 loiter=0 | TRACKS: vis=20 lost=0 engaged=0 | TOP: black_usv9(x221,083) black_usv16(x221,287) black_usv17(x221,334) | KILL=0 | ACTIONS=20 | INTENT: focus=2 ratio=0.20
[t=7,657s] step=300 | MISSION=NORMAL_C | USV: 10/10 (avail=0 int=10 lock=0 frz=0) | UAV: air=10 rtb=0 chg=0 loiter=0 | TRACKS: vis=20 lost=0 engaged=0 | TOP: black_usv9(x219,742) black_usv16(x219,953) black_usv17(x220,002) | KILL=0 | ACTIONS=20 | INTENT: focus=2 ratio=0.20
[t=7,940s] step=310 | MISSION=NORMAL_C | USV: 10/10 (avail=0 int=10 lock=0 frz=0) | UAV: air=10 rtb=0 chg=0 loiter=0 | TRACKS: vis=20 lost=0 engaged=0 | TOP: black_usv9(x218,255) black_usv16(x218,474) black_usv17(x218,525) | KILL=0 | ACTIONS=20 | INTENT: focus=2 ratio=0.20
[t=8,198s] step=320 | MISSION=NORMAL_C | USV: 10/10 (avail=0 int=10 lock=0 frz=0) | UAV: air=10 rtb=0 chg=0 loiter=0 | TRACKS: vis=20 lost=0 engaged=0 | TOP: black_usv9(x216,897) black_usv16(x217,123) black_usv17(x217,175) | KILL=0 | ACTIONS=20 | INTENT: focus=2 ratio=0.20
[t=8,481s] step=330 | MISSION=NORMAL_C | USV: 10/10 (avail=0 int=10 lock=0 frz=0) | UAV: air=10 rtb=0 chg=0 loiter=0 | TRACKS: vis=20 lost=0 engaged=0 | TOP: black_usv9(x215,411) black_usv16(x215,645) black_usv17(x215,699) | KILL=0 | ACTIONS=20 | INTENT: focus=2 ratio=0.20
      [ASSIGN] white_usv4->black_usv9(机会锁定)
      [ASSIGN] white_usv3->black_usv9(机会锁定)
      [ASSIGN] white_usv6->black_usv9(机会锁定)
      [ASSIGN] white_usv5->black_usv9(机会锁定)
      [ASSIGN] white_usv9->black_usv16(机会锁定)
      [ASSIGN] white_usv1->black_usv8(机会锁定)
      [ASSIGN] white_usv8->black_usv12(机会锁定)
[t=8,768s] step=340 | MISSION=NORMAL_C | USV: 10/10 (avail=0 int=3 lock=7 frz=0) | UAV: air=10 rtb=0 chg=0 loiter=0 | TRACKS: vis=20 lost=0 engaged=4 | TOP: black_usv18(x213,764) black_usv17(x214,196) black_usv13(x214,229) | KILL=0 | ACTIONS=20 | INTENT: focus=2 ratio=0.20
      [ASSIGN] white_usv10->black_usv12(机会锁定)
[t=9,035s] step=350 | MISSION=NORMAL_C | USV: 10/10 (avail=0 int=0 lock=10 frz=0) | UAV: air=10 rtb=0 chg=0 loiter=0 | TRACKS: vis=20 lost=0 engaged=5 | TOP: black_usv18(x212,361) black_usv7(x212,597) black_usv17(x212,806) | KILL=0 | ACTIONS=20 | INTENT: focus=2 ratio=0.20
      [ASSIGN] white_usv2->black_usv2(机会锁定)
      [ASSIGN] white_usv4->black_usv7(机会锁定)
      [ASSIGN] white_usv3->black_usv7(机会锁定)
      [ASSIGN] white_usv6->black_usv7(机会锁定)
      [ASSIGN] white_usv5->black_usv7(机会锁定)
      [ASSIGN] white_usv7->black_usv15(机会锁定)
      [ASSIGN] white_usv9->black_usv18(机会锁定)
      [ASSIGN] white_usv1->black_usv6(机会锁定)
      [ASSIGN] white_usv8->black_usv9(机会锁定)
      [ASSIGN] white_usv8->black_usv8(机会锁定)
      [ASSIGN] white_usv10->black_usv5(机会锁定)
[t=9,330s] step=360 | MISSION=NORMAL_C | USV: 10/10 (avail=0 int=0 lock=10 frz=0) | UAV: air=10 rtb=0 chg=0 loiter=0 | TRACKS: vis=20 lost=0 engaged=7 | TOP: black_usv17(x211,261) black_usv13(x211,297) black_usv3(x211,300) | KILL=2 | ACTIONS=20 | INTENT: focus=2 ratio=0.20
      [ASSIGN] white_usv2->black_usv1(机会锁定)
      [ASSIGN] white_usv4->black_usv9(机会锁定)
      [ASSIGN] white_usv3->black_usv1(机会锁定)
      [ASSIGN] white_usv6->black_usv9(机会锁定)
      [ASSIGN] white_usv5->black_usv9(机会锁定)
      [ASSIGN] white_usv7->black_usv17(机会锁定)
      [ASSIGN] white_usv9->black_usv14(机会锁定)
      [ASSIGN] white_usv1->black_usv7(机会锁定)
      [ASSIGN] white_usv4->black_usv7(机会锁定)
      [ASSIGN] white_usv6->black_usv7(机会锁定)
      [ASSIGN] white_usv5->black_usv7(机会锁定)
      [ASSIGN] white_usv1->black_usv2(机会锁定)
      [ASSIGN] white_usv4->black_usv6(机会锁定)
      [ASSIGN] white_usv6->black_usv15(机会锁定)
      [ASSIGN] white_usv8->black_usv15(机会锁定)
      [ASSIGN] white_usv5->black_usv6(机会锁定)
      [ASSIGN] white_usv4->black_usv7(机会锁定)
      [ASSIGN] white_usv5->black_usv7(机会锁定)
      [ASSIGN] white_usv10->black_usv8(机会锁定)
      [ASSIGN] white_usv4->black_usv8(机会锁定)
      [ASSIGN] white_usv5->black_usv8(机会锁定)
[t=9,641s] step=370 | MISSION=NORMAL_C | USV: 10/10 (avail=0 int=0 lock=10 frz=0) | UAV: air=10 rtb=0 chg=0 loiter=0 | TRACKS: vis=20 lost=0 engaged=6 | TOP: black_usv18(x209,163) black_usv13(x209,675) black_usv3(x209,678) | KILL=4 | ACTIONS=20 | INTENT: focus=2 ratio=0.20
      [KILL] black_usv12
      [KILL] black_usv9
      [ASSIGN] white_usv2->black_usv11(机会锁定)
      [ASSIGN] white_usv3->black_usv11(机会锁定)
      [ASSIGN] white_usv7->black_usv13(机会锁定)
      [ASSIGN] white_usv9->black_usv18(机会锁定)
      [ASSIGN] white_usv1->black_usv1(机会锁定)
      [ASSIGN] white_usv6->black_usv7(机会锁定)
      [ASSIGN] white_usv8->black_usv7(机会锁定)
      [ASSIGN] white_usv6->black_usv15(机会锁定)
      [ASSIGN] white_usv8->black_usv15(机会锁定)
      [ASSIGN] white_usv10->black_usv7(机会锁定)
      [ASSIGN] white_usv4->black_usv5(机会锁定)
      [ASSIGN] white_usv6->black_usv5(机会锁定)
      [ASSIGN] white_usv8->black_usv5(机会锁定)
      [ASSIGN] white_usv5->black_usv5(机会锁定)
      [ASSIGN] white_usv10->black_usv15(机会锁定)
      [ASSIGN] white_usv10->black_usv8(机会锁定)
      [ASSIGN] white_usv10->black_usv15(机会锁定)
[t=9,976s] step=380 | MISSION=NORMAL_C | USV: 10/10 (avail=0 int=1 lock=9 frz=0) | UAV: air=10 rtb=0 chg=0 loiter=0 | TRACKS: vis=18 lost=0 engaged=5 | TOP: black_usv3(x207,930) black_usv20(x208,352) black_usv19(x208,484) | KILL=7 | ACTIONS=20 | INTENT: focus=2 ratio=0.20
      [KILL] black_usv7
      [ASSIGN] white_usv10->black_usv8(机会锁定)
      [KILL] black_usv6
      [ASSIGN] white_usv2->black_usv10(机会锁定)
      [ASSIGN] white_usv10->black_usv15(机会锁定)
      [ASSIGN] white_usv3->black_usv10(机会锁定)
      [ASSIGN] white_usv10->black_usv8(机会锁定)
      [ASSIGN] white_usv7->black_usv19(机会锁定)
      [ASSIGN] white_usv9->black_usv19(机会锁定)
      [ASSIGN] white_usv10->black_usv15(机会锁定)
      [ASSIGN] white_usv1->black_usv11(机会锁定)
      [ASSIGN] white_usv10->black_usv17(机会锁定)
      [ASSIGN] white_usv1->black_usv8(机会锁定)
      [ASSIGN] white_usv1->black_usv11(机会锁定)
      [ASSIGN] white_usv4->black_usv11(机会锁定)
      [ASSIGN] white_usv6->black_usv15(机会锁定)
      [ASSIGN] white_usv8->black_usv15(机会锁定)
      [ASSIGN] white_usv5->black_usv11(机会锁定)
      [ASSIGN] white_usv10->black_usv5(机会锁定)
      [ASSIGN] white_usv1->black_usv5(机会锁定)
      [ASSIGN] white_usv4->black_usv5(机会锁定)
      [ASSIGN] white_usv6->black_usv5(机会锁定)
      [ASSIGN] white_usv8->black_usv5(机会锁定)
      [ASSIGN] white_usv5->black_usv5(机会锁定)
      [ASSIGN] white_usv10->black_usv15(机会锁定)
      [ASSIGN] white_usv1->black_usv11(机会锁定)
      [ASSIGN] white_usv4->black_usv11(机会锁定)
      [ASSIGN] white_usv6->black_usv8(机会锁定)
      [ASSIGN] white_usv8->black_usv15(机会锁定)
      [ASSIGN] white_usv5->black_usv8(机会锁定)
      [ASSIGN] white_usv10->black_usv17(机会锁定)
      [ASSIGN] white_usv1->black_usv5(机会锁定)
      [ASSIGN] white_usv4->black_usv5(机会锁定)
      [ASSIGN] white_usv6->black_usv5(机会锁定)
      [ASSIGN] white_usv8->black_usv5(机会锁定)
      [ASSIGN] white_usv5->black_usv5(机会锁定)
      [ASSIGN] white_usv2->black_usv11(机会锁定)
      [ASSIGN] white_usv1->black_usv11(机会锁定)
      [ASSIGN] white_usv4->black_usv11(机会锁定)
      [ASSIGN] white_usv6->black_usv8(机会锁定)
      [ASSIGN] white_usv8->black_usv15(机会锁定)
      [ASSIGN] white_usv5->black_usv8(机会锁定)
[t=10,361s] step=390 | MISSION=NORMAL_C | USV: 10/10 (avail=0 int=6 lock=4 frz=0) | UAV: air=10 rtb=0 chg=0 loiter=0 | TRACKS: vis=16 lost=0 engaged=3 | TOP: black_usv3(x205,924) black_usv20(x206,362) black_usv18(x206,958) | KILL=10 | ACTIONS=20 | INTENT: focus=2 ratio=0.20
      [KILL] black_usv2
      [KILL] black_usv15
      [ASSIGN] white_usv2->black_usv5(机会锁定)
      [ASSIGN] white_usv1->black_usv5(机会锁定)
      [ASSIGN] white_usv4->black_usv5(机会锁定)
      [ASSIGN] white_usv3->black_usv5(机会锁定)
      [ASSIGN] white_usv6->black_usv5(机会锁定)
      [RELEASE] white_usv8->black_usv15(目标失效)
      [ASSIGN] white_usv8->black_usv5(机会锁定)
      [ASSIGN] white_usv5->black_usv5(机会锁定)
      [ASSIGN] white_usv7->black_usv13(机会锁定)
      [ASSIGN] white_usv9->black_usv18(机会锁定)
      [ASSIGN] white_usv2->black_usv11(机会锁定)
      [ASSIGN] white_usv1->black_usv11(机会锁定)
      [ASSIGN] white_usv4->black_usv11(机会锁定)
      [ASSIGN] white_usv3->black_usv11(机会锁定)
      [ASSIGN] white_usv6->black_usv8(机会锁定)
      [ASSIGN] white_usv8->black_usv17(机会锁定)
      [ASSIGN] white_usv5->black_usv8(机会锁定)
      [KILL] black_usv8
      [ASSIGN] white_usv2->black_usv5(机会锁定)
      [ASSIGN] white_usv1->black_usv5(机会锁定)
      [ASSIGN] white_usv4->black_usv5(机会锁定)
      [ASSIGN] white_usv3->black_usv5(机会锁定)
      [RELEASE] white_usv6->black_usv8(目标失效)
      [ASSIGN] white_usv6->black_usv5(机会锁定)
      [RELEASE] white_usv5->black_usv8(目标失效)
      [ASSIGN] white_usv5->black_usv5(机会锁定)
      [ASSIGN] white_usv2->black_usv11(机会锁定)
      [ASSIGN] white_usv4->black_usv11(机会锁定)
      [ASSIGN] white_usv3->black_usv11(机会锁定)
      [ASSIGN] white_usv2->black_usv10(机会锁定)
      [ASSIGN] white_usv4->black_usv5(机会锁定)
      [ASSIGN] white_usv3->black_usv10(机会锁定)
      [ASSIGN] white_usv1->black_usv11(机会锁定)
      [ASSIGN] white_usv6->black_usv17(机会锁定)
      [ASSIGN] white_usv1->black_usv1(机会锁定)
      [ASSIGN] white_usv4->black_usv11(机会锁定)
      [KILL] black_usv11
      [ASSIGN] white_usv10->black_usv19(机会锁定)
      [ASSIGN] white_usv1->black_usv3(机会锁定)
      [RELEASE] white_usv4->black_usv11(目标失效)
      [ASSIGN] white_usv4->black_usv5(机会锁定)
      [ASSIGN] white_usv6->black_usv19(机会锁定)
      [ASSIGN] white_usv8->black_usv19(机会锁定)
      [ASSIGN] white_usv10->black_usv17(机会锁定)
      [ASSIGN] white_usv4->black_usv1(机会锁定)
      [ASSIGN] white_usv6->black_usv17(机会锁定)
      [ASSIGN] white_usv8->black_usv17(机会锁定)
      [ASSIGN] white_usv5->black_usv17(机会锁定)
[t=10,700s] step=400 | MISSION=NORMAL_C | USV: 10/10 (avail=0 int=5 lock=5 frz=0) | UAV: air=10 rtb=0 chg=0 loiter=0 | TRACKS: vis=12 lost=0 engaged=4 | TOP: black_usv20(x204,607) black_usv16(x205,617) black_usv17(x206,038) | KILL=12 | ACTIONS=20 | INTENT: focus=2 ratio=0.20
      [KILL] black_usv1
      [ASSIGN] white_usv10->black_usv19(机会锁定)
      [RELEASE] white_usv4->black_usv1(目标失效)
      [ASSIGN] white_usv4->black_usv5(机会锁定)
      [ASSIGN] white_usv6->black_usv5(机会锁定)
      [ASSIGN] white_usv8->black_usv19(机会锁定)
      [ASSIGN] white_usv5->black_usv5(机会锁定)
      [ASSIGN] white_usv7->black_usv19(机会锁定)
      [ASSIGN] white_usv9->black_usv16(机会锁定)
      [ASSIGN] white_usv10->black_usv17(机会锁定)
      [ASSIGN] white_usv4->black_usv17(机会锁定)
      [ASSIGN] white_usv6->black_usv17(机会锁定)
      [ASSIGN] white_usv8->black_usv17(机会锁定)
      [ASSIGN] white_usv5->black_usv17(机会锁定)
      [ASSIGN] white_usv7->black_usv17(机会锁定)
      [KILL] black_usv5
      [ASSIGN] white_usv10->black_usv13(机会锁定)
      [ASSIGN] white_usv4->black_usv13(机会锁定)
      [ASSIGN] white_usv6->black_usv13(机会锁定)
      [ASSIGN] white_usv8->black_usv13(机会锁定)
      [ASSIGN] white_usv5->black_usv13(机会锁定)
      [ASSIGN] white_usv7->black_usv13(机会锁定)
      [ASSIGN] white_usv2->black_usv4(机会锁定)
      [ASSIGN] white_usv3->black_usv3(机会锁定)
      [ASSIGN] white_usv2->black_usv10(机会锁定)
      [ASSIGN] white_usv3->black_usv10(机会锁定)
      [ASSIGN] white_usv2->black_usv3(机会锁定)
      [ASSIGN] white_usv3->black_usv3(机会锁定)
      [ASSIGN] white_usv1->black_usv10(机会锁定)
      [KILL] black_usv19
      [ASSIGN] white_usv1->black_usv17(机会锁定)
      [ASSIGN] white_usv1->black_usv10(机会锁定)
      [ASSIGN] white_usv9->black_usv18(机会锁定)
[t=11,082s] step=410 | MISSION=NORMAL_C | USV: 10/10 (avail=0 int=2 lock=8 frz=0) | UAV: air=10 rtb=0 chg=0 loiter=0 | TRACKS: vis=9 lost=0 engaged=2 | TOP: black_usv18(x203,157) black_usv20(x202,630) black_usv14(x204,391) | KILL=14 | ACTIONS=20 | INTENT: focus=2 ratio=0.20
      [ASSIGN] white_usv10->black_usv17(机会锁定)
      [ASSIGN] white_usv4->black_usv17(机会锁定)
      [ASSIGN] white_usv6->black_usv17(机会锁定)
      [ASSIGN] white_usv8->black_usv17(机会锁定)
      [ASSIGN] white_usv5->black_usv17(机会锁定)
      [ASSIGN] white_usv7->black_usv17(机会锁定)
      [ASSIGN] white_usv10->black_usv13(机会锁定)
      [ASSIGN] white_usv4->black_usv13(机会锁定)
      [ASSIGN] white_usv6->black_usv13(机会锁定)
      [ASSIGN] white_usv8->black_usv13(机会锁定)
      [ASSIGN] white_usv5->black_usv13(机会锁定)
      [ASSIGN] white_usv7->black_usv13(机会锁定)
      [KILL] black_usv17
      [ASSIGN] white_usv2->black_usv10(机会锁定)
      [ASSIGN] white_usv10->black_usv14(机会锁定)
      [ASSIGN] white_usv4->black_usv10(机会锁定)
      [ASSIGN] white_usv3->black_usv10(机会锁定)
      [ASSIGN] white_usv6->black_usv14(机会锁定)
      [ASSIGN] white_usv8->black_usv14(机会锁定)
      [ASSIGN] white_usv5->black_usv10(机会锁定)
      [ASSIGN] white_usv7->black_usv14(机会锁定)
      [ASSIGN] white_usv2->black_usv3(机会锁定)
      [ASSIGN] white_usv1->black_usv3(机会锁定)
      [ASSIGN] white_usv4->black_usv3(机会锁定)
      [ASSIGN] white_usv3->black_usv3(机会锁定)
      [ASSIGN] white_usv8->black_usv13(机会锁定)
      [ASSIGN] white_usv5->black_usv13(机会锁定)
      [ASSIGN] white_usv8->black_usv18(机会锁定)
      [ASSIGN] white_usv5->black_usv10(机会锁定)
      [ASSIGN] white_usv5->black_usv13(机会锁定)
      [ASSIGN] white_usv8->black_usv13(机会锁定)
      [ASSIGN] white_usv5->black_usv10(机会锁定)
      [ASSIGN] white_usv9->black_usv16(机会锁定)
      [KILL] black_usv10
      [ASSIGN] white_usv8->black_usv18(机会锁定)
      [RELEASE] white_usv5->black_usv10(目标失效)
      [ASSIGN] white_usv5->black_usv3(机会锁定)
      [ASSIGN] white_usv9->black_usv18(机会锁定)
      [ASSIGN] white_usv8->black_usv13(机会锁定)
      [ASSIGN] white_usv9->black_usv16(机会锁定)
[t=11,549s] step=420 | MISSION=NORMAL_C | USV: 10/10 (avail=0 int=2 lock=8 frz=0) | UAV: air=10 rtb=0 chg=0 loiter=0 | TRACKS: vis=7 lost=0 engaged=2 | TOP: black_usv20(x200,213) black_usv13(x203,395) black_usv4(x202,308) | KILL=16 | ACTIONS=20 | INTENT: focus=2 ratio=0.20
      [ASSIGN] white_usv10->black_usv18(机会锁定)
      [ASSIGN] white_usv6->black_usv18(机会锁定)
      [ASSIGN] white_usv8->black_usv18(机会锁定)
      [ASSIGN] white_usv7->black_usv18(机会锁定)
      [ASSIGN] white_usv9->black_usv18(机会锁定)
      [ASSIGN] white_usv10->black_usv13(机会锁定)
      [ASSIGN] white_usv4->black_usv13(机会锁定)
      [ASSIGN] white_usv3->black_usv4(机会锁定)
      [ASSIGN] white_usv6->black_usv13(机会锁定)
      [ASSIGN] white_usv8->black_usv13(机会锁定)
      [ASSIGN] white_usv7->black_usv13(机会锁定)
      [ASSIGN] white_usv9->black_usv14(机会锁定)
      [KILL] black_usv16
      [ASSIGN] white_usv10->black_usv18(机会锁定)
      [ASSIGN] white_usv1->black_usv4(机会锁定)
      [ASSIGN] white_usv4->black_usv18(机会锁定)
      [ASSIGN] white_usv6->black_usv18(机会锁定)
      [ASSIGN] white_usv8->black_usv18(机会锁定)
      [ASSIGN] white_usv7->black_usv18(机会锁定)
      [ASSIGN] white_usv9->black_usv18(机会锁定)
      [ASSIGN] white_usv10->black_usv13(机会锁定)
      [ASSIGN] white_usv4->black_usv13(机会锁定)
      [ASSIGN] white_usv6->black_usv13(机会锁定)
      [ASSIGN] white_usv8->black_usv13(机会锁定)
      [ASSIGN] white_usv7->black_usv13(机会锁定)
      [ASSIGN] white_usv9->black_usv14(机会锁定)
      [KILL] black_usv13
      [RELEASE] white_usv10->black_usv13(目标失效)
      [ASSIGN] white_usv10->black_usv18(机会锁定)
      [RELEASE] white_usv4->black_usv13(目标失效)
      [ASSIGN] white_usv4->black_usv18(机会锁定)
      [RELEASE] white_usv6->black_usv13(目标失效)
      [ASSIGN] white_usv6->black_usv18(机会锁定)
      [RELEASE] white_usv8->black_usv13(目标失效)
      [ASSIGN] white_usv8->black_usv18(机会锁定)
      [RELEASE] white_usv7->black_usv13(目标失效)
      [ASSIGN] white_usv7->black_usv18(机会锁定)
      [ASSIGN] white_usv10->black_usv14(机会锁定)
      [ASSIGN] white_usv4->black_usv3(机会锁定)
      [ASSIGN] white_usv6->black_usv14(机会锁定)
      [ASSIGN] white_usv8->black_usv14(机会锁定)
      [ASSIGN] white_usv7->black_usv14(机会锁定)
      [ASSIGN] white_usv10->black_usv18(机会锁定)
      [ASSIGN] white_usv4->black_usv18(机会锁定)
      [ASSIGN] white_usv6->black_usv18(机会锁定)
      [ASSIGN] white_usv8->black_usv18(机会锁定)
      [ASSIGN] white_usv5->black_usv4(机会锁定)
      [ASSIGN] white_usv7->black_usv18(机会锁定)
      [ASSIGN] white_usv9->black_usv18(机会锁定)
      [ASSIGN] white_usv10->black_usv14(机会锁定)
      [ASSIGN] white_usv4->black_usv3(机会锁定)
      [ASSIGN] white_usv6->black_usv14(机会锁定)
      [ASSIGN] white_usv8->black_usv14(机会锁定)
      [ASSIGN] white_usv5->black_usv3(机会锁定)
      [ASSIGN] white_usv7->black_usv14(机会锁定)
      [ASSIGN] white_usv9->black_usv14(机会锁定)
      [ASSIGN] white_usv10->black_usv18(机会锁定)
      [ASSIGN] white_usv4->black_usv4(机会锁定)
      [ASSIGN] white_usv6->black_usv18(机会锁定)
      [ASSIGN] white_usv8->black_usv18(机会锁定)
      [ASSIGN] white_usv5->black_usv4(机会锁定)
      [ASSIGN] white_usv7->black_usv18(机会锁定)
      [ASSIGN] white_usv9->black_usv18(机会锁定)
      [ASSIGN] white_usv10->black_usv14(机会锁定)
      [ASSIGN] white_usv3->black_usv3(机会锁定)
      [ASSIGN] white_usv8->black_usv14(机会锁定)
      [ASSIGN] white_usv7->black_usv14(机会锁定)
      [ASSIGN] white_usv9->black_usv14(机会锁定)
[t=12,018s] step=430 | MISSION=NORMAL_C | USV: 10/10 (avail=0 int=7 lock=3 frz=0) | UAV: air=10 rtb=0 chg=0 loiter=0 | TRACKS: vis=5 lost=0 engaged=1 | TOP: black_usv20(x197,785) black_usv14(x201,782) black_usv3(x200,894) | KILL=18 | ACTIONS=20 | INTENT: focus=2 ratio=0.20
      [KILL] black_usv18
      [ASSIGN] white_usv1->black_usv3(机会锁定)
      [RELEASE] white_usv6->black_usv18(目标失效)
      [ASSIGN] white_usv10->black_usv20(机会锁定)
      [ASSIGN] white_usv1->black_usv4(机会锁定)
      [ASSIGN] white_usv3->black_usv4(机会锁定)
      [ASSIGN] white_usv6->black_usv20
      [ASSIGN] white_usv8->black_usv20(机会锁定)
      [ASSIGN] white_usv7->black_usv20(机会锁定)
      [ASSIGN] white_usv9->black_usv20(机会锁定)
      [KILL] black_usv14
      [KILL] black_usv3
      [RELEASE] white_usv2->black_usv3(目标失效)
      [ASSIGN] white_usv2->black_usv4(机会锁定)
      [KILL] black_usv4
      [RELEASE] white_usv2->black_usv4(目标失效)
      [RELEASE] white_usv1->black_usv4(目标失效)
      [RELEASE] white_usv4->black_usv4(目标失效)
      [RELEASE] white_usv3->black_usv4(目标失效)
      [RELEASE] white_usv5->black_usv4(目标失效)

========================================================================
对局结果: Result.Victory — 敌方所有单位被击毁
  击杀蓝舰: 20 | 命中: 40 | 我方USV损失: 0 | UAV损失: 0 | 突破: 0
[META] result=Result.Victory victory_time=12736 first_detection=1921 first_lock=8768 first_kill=9669 enemy_kills=20 friendly_usv_losses=0 friendly_uav_losses=0 black_breakthrough=0 reacquire_attempts=6 reacquire_success=6 sensor_assisted_locks=62 low_conf_commitments=0 global_reacquire_entries=0 global_reacquire_success=0 coverage_collapse_events=1 active_clusters_max=1 coverage_quality_final=0.23 commander_source=default_intent commander_calls=0 commander_changes=0 commander_no_change=0 commander_parse_failures=0 commander_api_failures=0 commander_policy_failures=0 commander_avg_latency=0.0
Done
