========================================================================
HYBRID AGENT V5 — Variable-Cardinality Hierarchical Maritime Agent
  启用UAV: True | LLM_ENABLED: False
========================================================================
对局 3 开始
      [UAV RELAUNCH] white_uav3
      [UAV RELAUNCH] white_uav4
      [UAV RELAUNCH] white_uav5
      [UAV RELAUNCH] white_uav2
      [UAV RELAUNCH] white_uav1
[t=158s] step=10 | MISSION=NORMAL_C | USV: 5/5 (avail=5 int=0 lock=0 frz=0) | UAV: air=5 rtb=0 chg=0 loiter=0 | TRACKS: vis=0 lost=0 engaged=0 | TOP:  | KILL=0 | ACTIONS=10 | INTENT: focus=2 ratio=0.20
  [INTENT APPLIED]
    ThreatAllocator: focus 2 emergency 3 reserve_ratio 0.20 reserve_usvs None bias breakthrough_eta
    UAVManager: mode search_and_reacquire uav_priority []
[t=320s] step=20 | MISSION=NORMAL_C | USV: 5/5 (avail=5 int=0 lock=0 frz=0) | UAV: air=5 rtb=0 chg=0 loiter=0 | TRACKS: vis=0 lost=0 engaged=0 | TOP:  | KILL=0 | ACTIONS=10 | INTENT: focus=2 ratio=0.20
[t=480s] step=30 | MISSION=NORMAL_C | USV: 5/5 (avail=5 int=0 lock=0 frz=0) | UAV: air=5 rtb=0 chg=0 loiter=0 | TRACKS: vis=0 lost=0 engaged=0 | TOP:  | KILL=0 | ACTIONS=10 | INTENT: focus=2 ratio=0.20
[t=645s] step=40 | MISSION=NORMAL_C | USV: 5/5 (avail=5 int=0 lock=0 frz=0) | UAV: air=5 rtb=0 chg=0 loiter=0 | TRACKS: vis=0 lost=0 engaged=0 | TOP:  | KILL=0 | ACTIONS=10 | INTENT: focus=2 ratio=0.20
[t=820s] step=50 | MISSION=NORMAL_C | USV: 5/5 (avail=5 int=0 lock=0 frz=0) | UAV: air=5 rtb=0 chg=0 loiter=0 | TRACKS: vis=0 lost=0 engaged=0 | TOP:  | KILL=0 | ACTIONS=10 | INTENT: focus=2 ratio=0.20
[t=1,001s] step=60 | MISSION=NORMAL_C | USV: 5/5 (avail=5 int=0 lock=0 frz=0) | UAV: air=5 rtb=0 chg=0 loiter=0 | TRACKS: vis=0 lost=0 engaged=0 | TOP:  | KILL=0 | ACTIONS=10 | INTENT: focus=2 ratio=0.20
[t=1,170s] step=70 | MISSION=NORMAL_C | USV: 5/5 (avail=5 int=0 lock=0 frz=0) | UAV: air=5 rtb=0 chg=0 loiter=0 | TRACKS: vis=0 lost=0 engaged=0 | TOP:  | KILL=0 | ACTIONS=10 | INTENT: focus=2 ratio=0.20
[t=1,340s] step=80 | MISSION=NORMAL_C | USV: 5/5 (avail=5 int=0 lock=0 frz=0) | UAV: air=5 rtb=0 chg=0 loiter=0 | TRACKS: vis=0 lost=0 engaged=0 | TOP:  | KILL=0 | ACTIONS=10 | INTENT: focus=2 ratio=0.20
[t=1,515s] step=90 | MISSION=NORMAL_C | USV: 5/5 (avail=5 int=0 lock=0 frz=0) | UAV: air=5 rtb=0 chg=0 loiter=0 | TRACKS: vis=0 lost=0 engaged=0 | TOP:  | KILL=0 | ACTIONS=10 | INTENT: focus=2 ratio=0.20
[t=1,693s] step=100 | MISSION=NORMAL_C | USV: 5/5 (avail=5 int=0 lock=0 frz=0) | UAV: air=5 rtb=0 chg=0 loiter=0 | TRACKS: vis=0 lost=0 engaged=0 | TOP:  | KILL=0 | ACTIONS=10 | INTENT: focus=2 ratio=0.20
      [DETECT] black_usv6
      [ASSIGN] white_usv1->black_usv6
      [ASSIGN] white_usv2->black_usv6
      [ASSIGN] white_usv4->black_usv6
      [DETECT] black_usv7
      [DETECT] black_usv4
      [ASSIGN] white_usv5->black_usv4
      [ASSIGN] white_usv3->black_usv7
[t=1,856s] step=110 | MISSION=NORMAL_C | USV: 5/5 (avail=2 int=3 lock=0 frz=0) | UAV: air=5 rtb=0 chg=0 loiter=0 | TRACKS: vis=3 lost=0 engaged=0 | TOP: black_usv7(x241,428) black_usv4(x241,741) black_usv6(x241,988) | KILL=0 | ACTIONS=10 | INTENT: focus=2 ratio=0.20
      [DETECT] black_usv5
      [DETECT] black_usv8
      [DETECT] black_usv9
      [DETECT] black_usv2
      [DETECT] black_usv10
      [DETECT] black_usv3
      [DETECT] black_usv1
[t=2,038s] step=120 | MISSION=NORMAL_C | USV: 5/5 (avail=0 int=5 lock=0 frz=0) | UAV: air=5 rtb=0 chg=0 loiter=0 | TRACKS: vis=9 lost=1 engaged=0 | TOP: black_usv9(x240,564) black_usv8(x240,751) black_usv3(x241,709) | KILL=0 | ACTIONS=10 | INTENT: focus=2 ratio=0.20
[t=2,222s] step=130 | MISSION=NORMAL_C | USV: 5/5 (avail=0 int=5 lock=0 frz=0) | UAV: air=5 rtb=0 chg=0 loiter=0 | TRACKS: vis=9 lost=1 engaged=0 | TOP: black_usv9(x238,824) black_usv8(x239,029) black_usv3(x240,083) | KILL=0 | ACTIONS=10 | INTENT: focus=2 ratio=0.20
[t=2,412s] step=140 | MISSION=NORMAL_C | USV: 5/5 (avail=0 int=5 lock=0 frz=0) | UAV: air=5 rtb=0 chg=0 loiter=0 | TRACKS: vis=8 lost=2 engaged=0 | TOP: black_usv9(x237,023) black_usv8(x237,248) black_usv3(x238,400) | KILL=0 | ACTIONS=10 | INTENT: focus=2 ratio=0.20
[t=2,597s] step=150 | MISSION=NORMAL_C | USV: 5/5 (avail=0 int=5 lock=0 frz=0) | UAV: air=5 rtb=0 chg=0 loiter=0 | TRACKS: vis=9 lost=1 engaged=0 | TOP: black_usv9(x235,274) black_usv8(x235,517) black_usv3(x236,766) | KILL=0 | ACTIONS=10 | INTENT: focus=2 ratio=0.20
[t=2,785s] step=160 | MISSION=NORMAL_C | USV: 5/5 (avail=0 int=5 lock=0 frz=0) | UAV: air=5 rtb=0 chg=0 loiter=0 | TRACKS: vis=8 lost=1 engaged=0 | TOP: black_usv9(x233,499) black_usv8(x233,761) black_usv3(x235,107) | KILL=0 | ACTIONS=10 | INTENT: focus=2 ratio=0.20
[t=2,967s] step=170 | MISSION=NORMAL_C | USV: 5/5 (avail=0 int=5 lock=0 frz=0) | UAV: air=5 rtb=0 chg=0 loiter=0 | TRACKS: vis=8 lost=1 engaged=0 | TOP: black_usv9(x231,776) black_usv8(x232,057) black_usv3(x233,497) | KILL=0 | ACTIONS=10 | INTENT: focus=2 ratio=0.20
[t=3,148s] step=180 | MISSION=NORMAL_C | USV: 5/5 (avail=0 int=5 lock=0 frz=0) | UAV: air=5 rtb=0 chg=0 loiter=0 | TRACKS: vis=8 lost=0 engaged=0 | TOP: black_usv9(x230,057) black_usv8(x230,357) black_usv3(x231,892) | KILL=0 | ACTIONS=10 | INTENT: focus=2 ratio=0.20
[t=3,336s] step=190 | MISSION=NORMAL_C | USV: 5/5 (avail=0 int=5 lock=0 frz=0) | UAV: air=5 rtb=0 chg=0 loiter=0 | TRACKS: vis=7 lost=1 engaged=0 | TOP: black_usv9(x228,274) black_usv8(x228,592) black_usv3(x230,225) | KILL=0 | ACTIONS=10 | INTENT: focus=2 ratio=0.20
[t=3,530s] step=200 | MISSION=NORMAL_C | USV: 5/5 (avail=0 int=5 lock=0 frz=0) | UAV: air=5 rtb=0 chg=0 loiter=0 | TRACKS: vis=8 lost=0 engaged=0 | TOP: black_usv9(x226,436) black_usv8(x226,774) black_usv3(x228,508) | KILL=0 | ACTIONS=10 | INTENT: focus=2 ratio=0.20
[t=3,727s] step=210 | MISSION=NORMAL_C | USV: 5/5 (avail=0 int=5 lock=0 frz=0) | UAV: air=5 rtb=0 chg=0 loiter=0 | TRACKS: vis=8 lost=0 engaged=0 | TOP: black_usv9(x224,575) black_usv8(x224,933) black_usv3(x226,769) | KILL=0 | ACTIONS=10 | INTENT: focus=2 ratio=0.20
[t=3,926s] step=220 | MISSION=NORMAL_C | USV: 5/5 (avail=0 int=5 lock=0 frz=0) | UAV: air=5 rtb=0 chg=0 loiter=0 | TRACKS: vis=7 lost=1 engaged=0 | TOP: black_usv9(x222,696) black_usv8(x223,075) black_usv3(x225,014) | KILL=0 | ACTIONS=10 | INTENT: focus=2 ratio=0.20
[t=4,119s] step=230 | MISSION=NORMAL_C | USV: 5/5 (avail=0 int=5 lock=0 frz=0) | UAV: air=5 rtb=0 chg=0 loiter=0 | TRACKS: vis=8 lost=0 engaged=0 | TOP: black_usv9(x220,863) black_usv8(x221,260) black_usv3(x223,300) | KILL=0 | ACTIONS=10 | INTENT: focus=2 ratio=0.20
[t=4,319s] step=240 | MISSION=NORMAL_C | USV: 5/5 (avail=0 int=5 lock=0 frz=0) | UAV: air=5 rtb=0 chg=0 loiter=0 | TRACKS: vis=8 lost=0 engaged=0 | TOP: black_usv9(x218,967) black_usv8(x219,385) black_usv3(x221,529) | KILL=0 | ACTIONS=10 | INTENT: focus=2 ratio=0.20
[t=4,514s] step=250 | MISSION=NORMAL_C | USV: 5/5 (avail=0 int=5 lock=0 frz=0) | UAV: air=5 rtb=0 chg=0 loiter=0 | TRACKS: vis=8 lost=0 engaged=0 | TOP: black_usv9(x217,125) black_usv8(x217,563) black_usv3(x219,808) | KILL=0 | ACTIONS=10 | INTENT: focus=2 ratio=0.20
[t=4,702s] step=260 | MISSION=NORMAL_C | USV: 5/5 (avail=0 int=5 lock=0 frz=0) | UAV: air=5 rtb=0 chg=0 loiter=0 | TRACKS: vis=8 lost=0 engaged=0 | TOP: black_usv9(x215,345) black_usv8(x215,802) black_usv3(x218,145) | KILL=0 | ACTIONS=10 | INTENT: focus=2 ratio=0.20
[t=4,910s] step=270 | MISSION=NORMAL_C | USV: 5/5 (avail=0 int=5 lock=0 frz=0) | UAV: air=5 rtb=0 chg=0 loiter=0 | TRACKS: vis=8 lost=0 engaged=0 | TOP: black_usv9(x213,381) black_usv8(x213,859) black_usv3(x216,309) | KILL=0 | ACTIONS=10 | INTENT: focus=2 ratio=0.20
[t=5,103s] step=280 | MISSION=NORMAL_C | USV: 5/5 (avail=0 int=5 lock=0 frz=0) | UAV: air=5 rtb=0 chg=0 loiter=0 | TRACKS: vis=8 lost=0 engaged=0 | TOP: black_usv9(x211,547) black_usv8(x212,044) black_usv3(x214,596) | KILL=0 | ACTIONS=10 | INTENT: focus=2 ratio=0.20
[t=5,301s] step=290 | MISSION=NORMAL_C | USV: 5/5 (avail=0 int=5 lock=0 frz=0) | UAV: air=5 rtb=0 chg=0 loiter=0 | TRACKS: vis=8 lost=0 engaged=0 | TOP: black_usv9(x209,571) black_usv3(x212,845) black_usv8(x210,070) | KILL=0 | ACTIONS=10 | INTENT: focus=2 ratio=0.20
[t=5,495s] step=300 | MISSION=NORMAL_C | USV: 5/5 (avail=0 int=5 lock=0 frz=0) | UAV: air=5 rtb=0 chg=0 loiter=0 | TRACKS: vis=8 lost=0 engaged=0 | TOP: black_usv9(x207,629) black_usv3(x211,127) black_usv8(x208,128) | KILL=0 | ACTIONS=10 | INTENT: focus=2 ratio=0.20
[t=5,703s] step=310 | MISSION=NORMAL_C | USV: 5/5 (avail=0 int=5 lock=0 frz=0) | UAV: air=5 rtb=0 chg=0 loiter=0 | TRACKS: vis=7 lost=1 engaged=0 | TOP: black_usv3(x209,295) black_usv9(x205,669) black_usv5(x206,366) | KILL=0 | ACTIONS=10 | INTENT: focus=2 ratio=0.20
[t=5,921s] step=320 | MISSION=NORMAL_C | USV: 5/5 (avail=0 int=5 lock=0 frz=0) | UAV: air=5 rtb=0 chg=0 loiter=0 | TRACKS: vis=7 lost=1 engaged=0 | TOP: black_usv3(x207,206) black_usv9(x203,801) black_usv5(x204,201) | KILL=0 | ACTIONS=10 | INTENT: focus=2 ratio=0.20
[t=6,120s] step=330 | MISSION=NORMAL_C | USV: 5/5 (avail=0 int=5 lock=0 frz=0) | UAV: air=5 rtb=0 chg=0 loiter=0 | TRACKS: vis=6 lost=1 engaged=0 | TOP: black_usv3(x205,218) black_usv9(x202,105) black_usv5(x202,217) | KILL=0 | ACTIONS=10 | INTENT: focus=2 ratio=0.20
[t=6,329s] step=340 | MISSION=NORMAL_C | USV: 5/5 (avail=0 int=5 lock=0 frz=0) | UAV: air=5 rtb=0 chg=0 loiter=0 | TRACKS: vis=7 lost=0 engaged=0 | TOP: black_usv3(x203,122) black_usv9(x200,054) black_usv5(x200,127) | KILL=0 | ACTIONS=10 | INTENT: focus=2 ratio=0.20
[t=6,536s] step=350 | MISSION=NORMAL_C | USV: 5/5 (avail=0 int=5 lock=0 frz=0) | UAV: air=5 rtb=0 chg=0 loiter=0 | TRACKS: vis=6 lost=1 engaged=0 | TOP: black_usv3(x201,428) black_usv5(x198,282) black_usv9(x198,221) | KILL=0 | ACTIONS=10 | INTENT: focus=2 ratio=0.20
[t=6,743s] step=360 | MISSION=NORMAL_C | USV: 5/5 (avail=0 int=5 lock=0 frz=0) | UAV: air=5 rtb=0 chg=0 loiter=0 | TRACKS: vis=6 lost=1 engaged=0 | TOP: black_usv3(x199,946) black_usv8(x198,374) black_usv5(x196,564) | KILL=0 | ACTIONS=10 | INTENT: focus=2 ratio=0.20
[t=6,948s] step=370 | MISSION=NORMAL_C | USV: 5/5 (avail=0 int=5 lock=0 frz=0) | UAV: air=5 rtb=0 chg=0 loiter=0 | TRACKS: vis=6 lost=1 engaged=0 | TOP: black_usv3(x198,482) black_usv8(x196,832) black_usv5(x194,874) | KILL=0 | ACTIONS=10 | INTENT: focus=2 ratio=0.20
[t=7,151s] step=380 | MISSION=NORMAL_C | USV: 5/5 (avail=0 int=5 lock=0 frz=0) | UAV: air=5 rtb=0 chg=0 loiter=0 | TRACKS: vis=6 lost=0 engaged=0 | TOP: black_usv5(x193,200) black_usv9(x193,346) black_usv8(x194,901) | KILL=0 | ACTIONS=10 | INTENT: focus=2 ratio=0.20
[t=7,353s] step=390 | MISSION=NORMAL_C | USV: 5/5 (avail=0 int=5 lock=0 frz=0) | UAV: air=5 rtb=0 chg=0 loiter=0 | TRACKS: vis=6 lost=0 engaged=0 | TOP: black_usv5(x191,523) black_usv9(x191,738) black_usv8(x193,670) | KILL=0 | ACTIONS=10 | INTENT: focus=2 ratio=0.20
      [ASSIGN] white_usv2->black_usv4(机会锁定)
      [ASSIGN] white_usv1->black_usv4(机会锁定)
      [ASSIGN] white_usv4->black_usv4(机会锁定)
[t=7,561s] step=400 | MISSION=NORMAL_C | USV: 5/5 (avail=0 int=1 lock=4 frz=0) | UAV: air=5 rtb=0 chg=0 loiter=0 | TRACKS: vis=5 lost=1 engaged=2 | TOP: black_usv6(x188,297) black_usv5(x189,805) black_usv9(x190,090) | KILL=0 | ACTIONS=10 | INTENT: focus=2 ratio=0.20
      [ASSIGN] white_usv2->black_usv6(机会锁定)
      [ASSIGN] white_usv1->black_usv5(机会锁定)
[t=7,773s] step=410 | MISSION=NORMAL_C | USV: 5/5 (avail=0 int=0 lock=5 frz=0) | UAV: air=5 rtb=0 chg=0 loiter=0 | TRACKS: vis=6 lost=0 engaged=4 | TOP: black_usv8(x190,745) black_usv9(x188,411) black_usv6(x186,387) | KILL=0 | ACTIONS=10 | INTENT: focus=2 ratio=0.20
      [ASSIGN] white_usv5->black_usv6(机会锁定)
      [ASSIGN] white_usv4->black_usv6(机会锁定)
      [ASSIGN] white_usv3->black_usv4(机会锁定)
      [ASSIGN] white_usv3->black_usv7(机会锁定)
      [DETECT] black_usv2
      [DETECT] black_usv3
[t=7,987s] step=420 | MISSION=NORMAL_C | USV: 5/5 (avail=0 int=0 lock=5 frz=0) | UAV: air=5 rtb=0 chg=0 loiter=0 | TRACKS: vis=8 lost=0 engaged=3 | TOP: black_usv3(x190,006) black_usv2(x198,723) black_usv4(x183,775) | KILL=1 | ACTIONS=10 | INTENT: focus=2 ratio=0.20
      [ASSIGN] white_usv2->black_usv4(机会锁定)
      [ASSIGN] white_usv1->black_usv4(机会锁定)
      [ASSIGN] white_usv1->black_usv5(机会锁定)
      [ASSIGN] white_usv2->black_usv5(机会锁定)
      [ASSIGN] white_usv5->black_usv4(机会锁定)
      [ASSIGN] white_usv4->black_usv4(机会锁定)
      [ASSIGN] white_usv5->black_usv6(机会锁定)
      [ASSIGN] white_usv4->black_usv6(机会锁定)
      [ASSIGN] white_usv5->black_usv4(机会锁定)
      [ASSIGN] white_usv4->black_usv4(机会锁定)
      [ASSIGN] white_usv5->black_usv6(机会锁定)
      [ASSIGN] white_usv4->black_usv6(机会锁定)
      [ASSIGN] white_usv3->black_usv6(机会锁定)
[t=8,195s] step=430 | MISSION=NORMAL_C | USV: 5/5 (avail=0 int=3 lock=2 frz=0) | UAV: air=5 rtb=0 chg=0 loiter=0 | TRACKS: vis=8 lost=0 engaged=1 | TOP: black_usv2(x196,643) black_usv3(x187,975) black_usv6(x183,943) | KILL=3 | ACTIONS=10 | INTENT: focus=2 ratio=0.20
      [ASSIGN] white_usv5->black_usv4(机会锁定)
      [ASSIGN] white_usv4->black_usv4(机会锁定)
      [ASSIGN] white_usv3->black_usv7(机会锁定)
      [ASSIGN] white_usv5->black_usv6(机会锁定)
      [ASSIGN] white_usv4->black_usv6(机会锁定)
      [ASSIGN] white_usv3->black_usv6(机会锁定)
      [ASSIGN] white_usv5->black_usv4(机会锁定)
      [ASSIGN] white_usv4->black_usv4(机会锁定)
      [ASSIGN] white_usv3->black_usv7(机会锁定)
      [ASSIGN] white_usv5->black_usv6(机会锁定)
      [ASSIGN] white_usv4->black_usv6(机会锁定)
      [ASSIGN] white_usv3->black_usv6(机会锁定)
      [ASSIGN] white_usv5->black_usv4(机会锁定)
      [ASSIGN] white_usv4->black_usv4(机会锁定)
      [ASSIGN] white_usv3->black_usv7(机会锁定)
      [ASSIGN] white_usv5->black_usv6(机会锁定)
      [ASSIGN] white_usv4->black_usv6(机会锁定)
      [ASSIGN] white_usv3->black_usv6(机会锁定)
      [KILL] black_usv4
      [ASSIGN] white_usv4->black_usv7(机会锁定)
      [ASSIGN] white_usv3->black_usv7(机会锁定)
      [ASSIGN] white_usv4->black_usv6(机会锁定)
      [ASSIGN] white_usv3->black_usv6(机会锁定)
      [ASSIGN] white_usv4->black_usv7(机会锁定)
      [ASSIGN] white_usv3->black_usv7(机会锁定)
      [ASSIGN] white_usv1->black_usv6(机会锁定)
      [ASSIGN] white_usv2->black_usv6(机会锁定)
      [ASSIGN] white_usv4->black_usv6(机会锁定)
      [ASSIGN] white_usv3->black_usv6(机会锁定)
[t=8,426s] step=440 | MISSION=NORMAL_C | USV: 5/5 (avail=0 int=5 lock=0 frz=0) | UAV: air=5 rtb=0 chg=0 loiter=0 | TRACKS: vis=7 lost=0 engaged=0 | TOP: black_usv2(x194,366) black_usv9(x183,437) black_usv8(x184,669) | KILL=4 | ACTIONS=10 | INTENT: focus=2 ratio=0.20
      [ASSIGN] white_usv1->black_usv5(机会锁定)
      [ASSIGN] white_usv2->black_usv5(机会锁定)
      [ASSIGN] white_usv4->black_usv5(机会锁定)
      [ASSIGN] white_usv3->black_usv7(机会锁定)
      [ASSIGN] white_usv1->black_usv6(机会锁定)
      [ASSIGN] white_usv2->black_usv6(机会锁定)
      [ASSIGN] white_usv4->black_usv6(机会锁定)
      [ASSIGN] white_usv3->black_usv6(机会锁定)
      [ASSIGN] white_usv1->black_usv5(机会锁定)
      [ASSIGN] white_usv2->black_usv5(机会锁定)
      [ASSIGN] white_usv4->black_usv5(机会锁定)
      [ASSIGN] white_usv3->black_usv7(机会锁定)
      [ASSIGN] white_usv1->black_usv6(机会锁定)
      [ASSIGN] white_usv2->black_usv6(机会锁定)
      [ASSIGN] white_usv4->black_usv6(机会锁定)
      [ASSIGN] white_usv3->black_usv6(机会锁定)
      [ASSIGN] white_usv1->black_usv5(机会锁定)
      [ASSIGN] white_usv2->black_usv5(机会锁定)
      [ASSIGN] white_usv4->black_usv5(机会锁定)
      [ASSIGN] white_usv1->black_usv6(机会锁定)
      [ASSIGN] white_usv2->black_usv6(机会锁定)
      [ASSIGN] white_usv4->black_usv7(机会锁定)
      [ASSIGN] white_usv1->black_usv5(机会锁定)
      [ASSIGN] white_usv2->black_usv5(机会锁定)
      [ASSIGN] white_usv4->black_usv5(机会锁定)
      [ASSIGN] white_usv1->black_usv6(机会锁定)
      [ASSIGN] white_usv2->black_usv6(机会锁定)
      [ASSIGN] white_usv4->black_usv7(机会锁定)
      [ASSIGN] white_usv1->black_usv5(机会锁定)
      [ASSIGN] white_usv2->black_usv5(机会锁定)
      [ASSIGN] white_usv4->black_usv5(机会锁定)
      [DETECT] black_usv10
      [KILL] black_usv6
      [RELEASE] white_usv5->black_usv6(目标失效)
      [ASSIGN] white_usv4->black_usv7(机会锁定)
      [RELEASE] white_usv3->black_usv6(目标失效)
[t=8,645s] step=450 | MISSION=NORMAL_C | USV: 5/5 (avail=0 int=5 lock=0 frz=0) | UAV: air=5 rtb=0 chg=0 loiter=0 | TRACKS: vis=5 lost=2 engaged=0 | TOP: black_usv10(x188,992) black_usv2(x192,257) black_usv9(x181,250) | KILL=4 | ACTIONS=10 | INTENT: focus=2 ratio=0.20
      [ASSIGN] white_usv5->black_usv2
      [ASSIGN] white_usv3->black_usv10
      [ASSIGN] white_usv3->black_usv7(机会锁定)
      [KILL] black_usv7
      [RELEASE] white_usv4->black_usv7(目标失效)
      [ASSIGN] white_usv4->black_usv5(机会锁定)
      [RELEASE] white_usv3->black_usv7(目标失效)
      [ASSIGN] white_usv5->black_usv5(机会锁定)
      [ASSIGN] white_usv3->black_usv9
[t=8,860s] step=460 | MISSION=NORMAL_C | USV: 5/5 (avail=0 int=5 lock=0 frz=0) | UAV: air=5 rtb=0 chg=0 loiter=0 | TRACKS: vis=5 lost=1 engaged=0 | TOP: black_usv2(x190,078) black_usv10(x187,125) black_usv3(x182,512) | KILL=4 | ACTIONS=10 | INTENT: focus=2 ratio=0.20
      [KILL] black_usv5
      [RELEASE] white_usv1->black_usv5(目标失效)
      [RELEASE] white_usv2->black_usv5(目标失效)
      [RELEASE] white_usv5->black_usv5(目标失效)
      [RELEASE] white_usv4->black_usv5(目标失效)
      [ASSIGN] white_usv1->black_usv2
      [ASSIGN] white_usv2->black_usv3
      [ASSIGN] white_usv5->black_usv2
      [ASSIGN] white_usv4->black_usv8
[t=9,078s] step=470 | MISSION=NORMAL_C | USV: 5/5 (avail=0 int=5 lock=0 frz=0) | UAV: air=5 rtb=0 chg=0 loiter=0 | TRACKS: vis=3 lost=1 engaged=0 | TOP: black_usv9(x177,096) black_usv3(x180,341) black_usv2(x187,898) | KILL=4 | ACTIONS=10 | INTENT: focus=2 ratio=0.20
      [DETECT] black_usv10
      [ASSIGN] white_usv1->black_usv3(机会锁定)
      [RELEASE] white_usv5->black_usv2(目标失效)
      [ASSIGN] white_usv5->black_usv10
[t=9,268s] step=480 | MISSION=NORMAL_C | USV: 5/5 (avail=0 int=4 lock=1 frz=0) | UAV: air=5 rtb=0 chg=0 loiter=0 | TRACKS: vis=4 lost=0 engaged=1 | TOP: black_usv10(x183,173) black_usv9(x175,192) black_usv8(x178,158) | KILL=4 | ACTIONS=10 | INTENT: focus=2 ratio=0.20
      [ASSIGN] white_usv3->black_usv8(机会锁定)
[t=9,450s] step=490 | MISSION=NORMAL_C | USV: 5/5 (avail=0 int=2 lock=3 frz=0) | UAV: air=5 rtb=0 chg=0 loiter=0 | TRACKS: vis=4 lost=0 engaged=2 | TOP: black_usv9(x173,653) black_usv10(x181,807) black_usv8(x176,839) | KILL=4 | ACTIONS=10 | INTENT: focus=2 ratio=0.20
[t=9,646s] step=500 | MISSION=NORMAL_C | USV: 5/5 (avail=0 int=4 lock=1 frz=0) | UAV: air=5 rtb=0 chg=0 loiter=0 | TRACKS: vis=4 lost=0 engaged=1 | TOP: black_usv9(x171,755) black_usv10(x179,942) black_usv8(x175,373) | KILL=5 | ACTIONS=10 | INTENT: focus=2 ratio=0.20
      [ASSIGN] white_usv3->black_usv9(机会锁定)
[t=9,850s] step=510 | MISSION=NORMAL_C | USV: 5/5 (avail=0 int=3 lock=2 frz=0) | UAV: air=5 rtb=0 chg=0 loiter=0 | TRACKS: vis=4 lost=0 engaged=2 | TOP: black_usv8(x175,317) black_usv10(x177,898) black_usv9(x169,791) | KILL=5 | ACTIONS=10 | INTENT: focus=2 ratio=0.20
[t=10,056s] step=520 | MISSION=NORMAL_C | USV: 5/5 (avail=0 int=3 lock=2 frz=0) | UAV: air=5 rtb=0 chg=0 loiter=0 | TRACKS: vis=4 lost=0 engaged=2 | TOP: black_usv8(x174,280) black_usv10(x175,852) black_usv9(x168,933) | KILL=5 | ACTIONS=10 | INTENT: focus=2 ratio=0.20
      [KILL] black_usv3
      [RELEASE] white_usv1->black_usv3(目标失效)
      [RELEASE] white_usv2->black_usv3(目标失效)
      [ASSIGN] white_usv1->black_usv10
      [ASSIGN] white_usv2->black_usv8
[t=10,259s] step=530 | MISSION=NORMAL_C | USV: 5/5 (avail=0 int=3 lock=2 frz=0) | UAV: air=5 rtb=0 chg=0 loiter=0 | TRACKS: vis=3 lost=0 engaged=2 | TOP: black_usv9(x168,933) black_usv8(x172,266) black_usv10(x173,830) | KILL=5 | ACTIONS=10 | INTENT: focus=2 ratio=0.20
      [ASSIGN] white_usv4->black_usv9(机会锁定)
      [ASSIGN] white_usv4->black_usv8(机会锁定)
      [ASSIGN] white_usv3->black_usv8(机会锁定)
      [ASSIGN] white_usv4->black_usv9(机会锁定)
      [ASSIGN] white_usv3->black_usv9(机会锁定)
      [ASSIGN] white_usv4->black_usv8(机会锁定)
      [ASSIGN] white_usv3->black_usv8(机会锁定)
[t=10,466s] step=540 | MISSION=NORMAL_C | USV: 5/5 (avail=0 int=5 lock=0 frz=0) | UAV: air=5 rtb=0 chg=0 loiter=0 | TRACKS: vis=3 lost=0 engaged=0 | TOP: black_usv8(x170,975) black_usv10(x171,765) black_usv9(x168,795) | KILL=7 | ACTIONS=10 | INTENT: focus=2 ratio=0.20
      [ASSIGN] white_usv4->black_usv9(机会锁定)
      [ASSIGN] white_usv3->black_usv9(机会锁定)
      [ASSIGN] white_usv4->black_usv8(机会锁定)
      [ASSIGN] white_usv3->black_usv8(机会锁定)
      [ASSIGN] white_usv4->black_usv9(机会锁定)
      [ASSIGN] white_usv3->black_usv9(机会锁定)
      [ASSIGN] white_usv4->black_usv8(机会锁定)
      [ASSIGN] white_usv3->black_usv8(机会锁定)
      [ASSIGN] white_usv3->black_usv9(机会锁定)
      [ASSIGN] white_usv5->black_usv8(机会锁定)
      [ASSIGN] white_usv3->black_usv8(机会锁定)
[t=10,675s] step=550 | MISSION=NORMAL_C | USV: 5/5 (avail=0 int=5 lock=0 frz=0) | UAV: air=5 rtb=0 chg=0 loiter=0 | TRACKS: vis=3 lost=0 engaged=0 | TOP: black_usv9(x168,795) black_usv10(x170,272) black_usv8(x170,975) | KILL=7 | ACTIONS=10 | INTENT: focus=2 ratio=0.20
      [ASSIGN] white_usv5->black_usv9(机会锁定)
      [ASSIGN] white_usv3->black_usv9(机会锁定)
      [ASSIGN] white_usv5->black_usv8(机会锁定)
      [ASSIGN] white_usv3->black_usv8(机会锁定)
      [ASSIGN] white_usv5->black_usv9(机会锁定)
      [ASSIGN] white_usv3->black_usv9(机会锁定)
      [ASSIGN] white_usv5->black_usv8(机会锁定)
      [ASSIGN] white_usv3->black_usv8(机会锁定)
      [ASSIGN] white_usv5->black_usv9(机会锁定)
      [ASSIGN] white_usv4->black_usv9(机会锁定)
      [ASSIGN] white_usv3->black_usv9(机会锁定)
      [ASSIGN] white_usv5->black_usv8(机会锁定)
      [ASSIGN] white_usv4->black_usv8(机会锁定)
      [ASSIGN] white_usv3->black_usv8(机会锁定)
[t=10,886s] step=560 | MISSION=NORMAL_C | USV: 5/5 (avail=0 int=5 lock=0 frz=0) | UAV: air=5 rtb=0 chg=0 loiter=0 | TRACKS: vis=3 lost=0 engaged=0 | TOP: black_usv8(x170,975) black_usv10(x168,956) black_usv9(x168,795) | KILL=7 | ACTIONS=10 | INTENT: focus=2 ratio=0.20
      [ASSIGN] white_usv5->black_usv9(机会锁定)
      [ASSIGN] white_usv4->black_usv9(机会锁定)
      [ASSIGN] white_usv3->black_usv9(机会锁定)
      [KILL] black_usv9
      [RELEASE] white_usv5->black_usv9(目标失效)
      [ASSIGN] white_usv5->black_usv8(机会锁定)
      [RELEASE] white_usv4->black_usv9(目标失效)
      [ASSIGN] white_usv4->black_usv8(机会锁定)
      [RELEASE] white_usv3->black_usv9(目标失效)
      [ASSIGN] white_usv3->black_usv8(机会锁定)
      [KILL] black_usv8
      [RELEASE] white_usv2->black_usv8(目标失效)
      [RELEASE] white_usv5->black_usv8(目标失效)
      [RELEASE] white_usv4->black_usv8(目标失效)
      [RELEASE] white_usv3->black_usv8(目标失效)
      [ASSIGN] white_usv5->black_usv10
      [ASSIGN] white_usv3->black_usv10
[t=11,110s] step=570 | MISSION=NORMAL_C | USV: 5/5 (avail=2 int=3 lock=0 frz=0) | UAV: air=5 rtb=0 chg=0 loiter=0 | TRACKS: vis=1 lost=0 engaged=0 | TOP: black_usv10(x167,562) | KILL=7 | ACTIONS=10 | INTENT: focus=2 ratio=0.20
[t=11,300s] step=580 | MISSION=NORMAL_C | USV: 5/5 (avail=2 int=3 lock=0 frz=0) | UAV: air=5 rtb=0 chg=0 loiter=0 | TRACKS: vis=1 lost=0 engaged=0 | TOP: black_usv10(x166,371) | KILL=7 | ACTIONS=10 | INTENT: focus=2 ratio=0.20
[t=11,486s] step=590 | MISSION=NORMAL_C | USV: 5/5 (avail=2 int=3 lock=0 frz=0) | UAV: air=5 rtb=0 chg=0 loiter=0 | TRACKS: vis=1 lost=0 engaged=0 | TOP: black_usv10(x165,209) | KILL=7 | ACTIONS=10 | INTENT: focus=2 ratio=0.20
[t=11,676s] step=600 | MISSION=NORMAL_C | USV: 5/5 (avail=2 int=3 lock=0 frz=0) | UAV: air=5 rtb=0 chg=0 loiter=0 | TRACKS: vis=1 lost=0 engaged=0 | TOP: black_usv10(x164,025) | KILL=7 | ACTIONS=10 | INTENT: focus=2 ratio=0.20
[t=11,858s] step=610 | MISSION=NORMAL_C | USV: 5/5 (avail=2 int=3 lock=0 frz=0) | UAV: air=5 rtb=0 chg=0 loiter=0 | TRACKS: vis=1 lost=0 engaged=0 | TOP: black_usv10(x162,890) | KILL=7 | ACTIONS=10 | INTENT: focus=2 ratio=0.20
[t=12,068s] step=620 | MISSION=NORMAL_C | USV: 5/5 (avail=2 int=3 lock=0 frz=0) | UAV: air=5 rtb=0 chg=0 loiter=0 | TRACKS: vis=1 lost=0 engaged=0 | TOP: black_usv10(x161,582) | KILL=7 | ACTIONS=10 | INTENT: focus=2 ratio=0.20
[t=12,268s] step=630 | MISSION=NORMAL_C | USV: 5/5 (avail=2 int=3 lock=0 frz=0) | UAV: air=5 rtb=0 chg=0 loiter=0 | TRACKS: vis=1 lost=0 engaged=0 | TOP: black_usv10(x160,332) | KILL=7 | ACTIONS=10 | INTENT: focus=2 ratio=0.20
[t=12,460s] step=640 | MISSION=NORMAL_C | USV: 5/5 (avail=2 int=3 lock=0 frz=0) | UAV: air=5 rtb=0 chg=0 loiter=0 | TRACKS: vis=0 lost=1 engaged=0 | TOP: black_usv10(x159,130) | KILL=7 | ACTIONS=10 | INTENT: focus=2 ratio=0.20
[t=12,662s] step=650 | MISSION=NORMAL_C | USV: 5/5 (avail=2 int=3 lock=0 frz=0) | UAV: air=5 rtb=0 chg=0 loiter=0 | TRACKS: vis=0 lost=1 engaged=0 | TOP: black_usv10(x157,871) | KILL=7 | ACTIONS=10 | INTENT: focus=2 ratio=0.20
[t=12,867s] step=660 | MISSION=NORMAL_C | USV: 5/5 (avail=2 int=1 lock=2 frz=0) | UAV: air=5 rtb=0 chg=0 loiter=0 | TRACKS: vis=1 lost=0 engaged=1 | TOP: black_usv10(x156,593) | KILL=7 | ACTIONS=10 | INTENT: focus=2 ratio=0.20
[t=13,077s] step=670 | MISSION=NORMAL_C | USV: 5/5 (avail=2 int=3 lock=0 frz=0) | UAV: air=5 rtb=0 chg=0 loiter=0 | TRACKS: vis=1 lost=0 engaged=0 | TOP: black_usv10(x155,927) | KILL=8 | ACTIONS=10 | INTENT: focus=2 ratio=0.20
[t=13,278s] step=680 | MISSION=NORMAL_C | USV: 5/5 (avail=2 int=3 lock=0 frz=0) | UAV: air=5 rtb=0 chg=0 loiter=0 | TRACKS: vis=1 lost=0 engaged=0 | TOP: black_usv10(x155,927) | KILL=8 | ACTIONS=10 | INTENT: focus=2 ratio=0.20
[t=13,479s] step=690 | MISSION=NORMAL_C | USV: 5/5 (avail=2 int=3 lock=0 frz=0) | UAV: air=5 rtb=0 chg=0 loiter=0 | TRACKS: vis=1 lost=0 engaged=0 | TOP: black_usv10(x155,927) | KILL=8 | ACTIONS=10 | INTENT: focus=2 ratio=0.20
      [KILL] black_usv10
      [RELEASE] white_usv1->black_usv10(目标失效)
      [RELEASE] white_usv5->black_usv10(目标失效)
      [RELEASE] white_usv3->black_usv10(目标失效)
[t=13,670s] step=700 | MISSION=GLOBAL_R | USV: 5/5 (avail=5 int=0 lock=0 frz=0) | UAV: air=5 rtb=0 chg=0 loiter=0 | TRACKS: vis=0 lost=0 engaged=0 | TOP:  | KILL=8 | ACTIONS=10 | INTENT: focus=2 ratio=0.20
[t=13,872s] step=710 | MISSION=GLOBAL_R | USV: 5/5 (avail=5 int=0 lock=0 frz=0) | UAV: air=5 rtb=0 chg=0 loiter=0 | TRACKS: vis=0 lost=0 engaged=0 | TOP:  | KILL=8 | ACTIONS=10 | INTENT: focus=2 ratio=0.20
[t=14,073s] step=720 | MISSION=GLOBAL_R | USV: 5/5 (avail=5 int=0 lock=0 frz=0) | UAV: air=5 rtb=0 chg=0 loiter=0 | TRACKS: vis=0 lost=0 engaged=0 | TOP:  | KILL=8 | ACTIONS=10 | INTENT: focus=2 ratio=0.20
[t=14,289s] step=730 | MISSION=GLOBAL_R | USV: 5/5 (avail=5 int=0 lock=0 frz=0) | UAV: air=5 rtb=0 chg=0 loiter=0 | TRACKS: vis=0 lost=0 engaged=0 | TOP:  | KILL=8 | ACTIONS=10 | INTENT: focus=2 ratio=0.20
[t=14,494s] step=740 | MISSION=GLOBAL_R | USV: 5/5 (avail=5 int=0 lock=0 frz=0) | UAV: air=5 rtb=0 chg=0 loiter=0 | TRACKS: vis=0 lost=0 engaged=0 | TOP:  | KILL=8 | ACTIONS=10 | INTENT: focus=2 ratio=0.20
      [DETECT] black_usv2
      [ASSIGN] white_usv1->black_usv2
      [ASSIGN] white_usv2->black_usv2
      [ASSIGN] white_usv4->black_usv2
[t=14,703s] step=750 | MISSION=NORMAL_C | USV: 5/5 (avail=2 int=3 lock=0 frz=0) | UAV: air=5 rtb=0 chg=0 loiter=0 | TRACKS: vis=1 lost=0 engaged=0 | TOP: black_usv2(x144,487) | KILL=8 | ACTIONS=10 | INTENT: focus=2 ratio=0.20
[t=14,913s] step=760 | MISSION=NORMAL_C | USV: 5/5 (avail=2 int=3 lock=0 frz=0) | UAV: air=5 rtb=0 chg=0 loiter=0 | TRACKS: vis=1 lost=0 engaged=0 | TOP: black_usv2(x143,846) | KILL=8 | ACTIONS=10 | INTENT: focus=2 ratio=0.20
[t=15,107s] step=770 | MISSION=NORMAL_C | USV: 5/5 (avail=2 int=3 lock=0 frz=0) | UAV: air=5 rtb=0 chg=0 loiter=0 | TRACKS: vis=1 lost=0 engaged=0 | TOP: black_usv2(x143,257) | KILL=8 | ACTIONS=10 | INTENT: focus=2 ratio=0.20
[t=15,307s] step=780 | MISSION=NORMAL_C | USV: 5/5 (avail=2 int=3 lock=0 frz=0) | UAV: air=5 rtb=0 chg=0 loiter=0 | TRACKS: vis=1 lost=0 engaged=0 | TOP: black_usv2(x141,839) | KILL=8 | ACTIONS=10 | INTENT: focus=2 ratio=0.20
[t=15,508s] step=790 | MISSION=NORMAL_C | USV: 5/5 (avail=2 int=3 lock=0 frz=0) | UAV: air=5 rtb=0 chg=0 loiter=0 | TRACKS: vis=1 lost=0 engaged=0 | TOP: black_usv2(x139,830) | KILL=8 | ACTIONS=10 | INTENT: focus=2 ratio=0.20
[t=15,725s] step=800 | MISSION=NORMAL_C | USV: 5/5 (avail=2 int=3 lock=0 frz=0) | UAV: air=5 rtb=0 chg=0 loiter=0 | TRACKS: vis=0 lost=1 engaged=0 | TOP: black_usv2(x138,248) | KILL=8 | ACTIONS=10 | INTENT: focus=2 ratio=0.20
[t=15,934s] step=810 | MISSION=NORMAL_C | USV: 5/5 (avail=2 int=3 lock=0 frz=0) | UAV: air=5 rtb=0 chg=0 loiter=0 | TRACKS: vis=1 lost=0 engaged=0 | TOP: black_usv2(x136,955) | KILL=8 | ACTIONS=10 | INTENT: focus=2 ratio=0.20
[t=16,147s] step=820 | MISSION=NORMAL_C | USV: 5/5 (avail=2 int=3 lock=0 frz=0) | UAV: air=5 rtb=0 chg=0 loiter=0 | TRACKS: vis=0 lost=1 engaged=0 | TOP: black_usv2(x135,633) | KILL=8 | ACTIONS=10 | INTENT: focus=2 ratio=0.20
[t=16,359s] step=830 | MISSION=NORMAL_C | USV: 5/5 (avail=2 int=1 lock=2 frz=0) | UAV: air=5 rtb=0 chg=0 loiter=0 | TRACKS: vis=1 lost=0 engaged=1 | TOP: black_usv2(x134,318) | KILL=8 | ACTIONS=10 | INTENT: focus=2 ratio=0.20
[t=16,561s] step=840 | MISSION=NORMAL_C | USV: 5/5 (avail=2 int=1 lock=2 frz=0) | UAV: air=5 rtb=0 chg=0 loiter=0 | TRACKS: vis=1 lost=0 engaged=1 | TOP: black_usv2(x133,461) | KILL=8 | ACTIONS=10 | INTENT: focus=2 ratio=0.20
[t=16,791s] step=850 | MISSION=NORMAL_C | USV: 5/5 (avail=2 int=3 lock=0 frz=0) | UAV: air=5 rtb=0 chg=0 loiter=0 | TRACKS: vis=1 lost=0 engaged=0 | TOP: black_usv2(x133,461) | KILL=9 | ACTIONS=10 | INTENT: focus=2 ratio=0.20
[t=17,005s] step=860 | MISSION=NORMAL_C | USV: 5/5 (avail=2 int=3 lock=0 frz=0) | UAV: air=5 rtb=0 chg=0 loiter=0 | TRACKS: vis=1 lost=0 engaged=0 | TOP: black_usv2(x133,461) | KILL=9 | ACTIONS=10 | INTENT: focus=2 ratio=0.20
      [KILL] black_usv2
      [RELEASE] white_usv1->black_usv2(目标失效)
      [RELEASE] white_usv2->black_usv2(目标失效)
      [RELEASE] white_usv4->black_usv2(目标失效)
      [DETECT] black_usv1
      [ASSIGN] white_usv1->black_usv1
      [ASSIGN] white_usv2->black_usv1
      [ASSIGN] white_usv4->black_usv1
[t=17,228s] step=870 | MISSION=NORMAL_C | USV: 5/5 (avail=5 int=0 lock=0 frz=0) | UAV: air=5 rtb=0 chg=0 loiter=0 | TRACKS: vis=1 lost=0 engaged=0 | TOP: black_usv1(x120,923) | KILL=9 | ACTIONS=10 | INTENT: focus=2 ratio=0.20
[t=17,429s] step=880 | MISSION=NORMAL_C | USV: 5/5 (avail=2 int=3 lock=0 frz=0) | UAV: air=5 rtb=0 chg=0 loiter=0 | TRACKS: vis=0 lost=1 engaged=0 | TOP: black_usv1(x118,911) | KILL=9 | ACTIONS=10 | INTENT: focus=2 ratio=0.20
      [RELEASE] white_usv1->black_usv1(目标失效)
      [RELEASE] white_usv2->black_usv1(目标失效)
      [RELEASE] white_usv4->black_usv1(目标失效)
[t=17,632s] step=890 | MISSION=NORMAL_C | USV: 5/5 (avail=5 int=0 lock=0 frz=0) | UAV: air=5 rtb=0 chg=0 loiter=0 | TRACKS: vis=0 lost=0 engaged=0 | TOP:  | KILL=9 | ACTIONS=10 | INTENT: focus=2 ratio=0.20
      [DETECT] black_usv1
      [ASSIGN] white_usv1->black_usv1
      [ASSIGN] white_usv2->black_usv1
      [ASSIGN] white_usv4->black_usv1
[t=17,839s] step=900 | MISSION=NORMAL_C | USV: 5/5 (avail=2 int=3 lock=0 frz=0) | UAV: air=5 rtb=0 chg=0 loiter=0 | TRACKS: vis=0 lost=1 engaged=0 | TOP: black_usv1(x118,576) | KILL=9 | ACTIONS=10 | INTENT: focus=2 ratio=0.20
      [RELEASE] white_usv1->black_usv1(目标失效)
      [RELEASE] white_usv2->black_usv1(目标失效)
      [RELEASE] white_usv4->black_usv1(目标失效)
[t=18,040s] step=910 | MISSION=NORMAL_C | USV: 5/5 (avail=2 int=3 lock=0 frz=0) | UAV: air=5 rtb=0 chg=0 loiter=0 | TRACKS: vis=0 lost=0 engaged=0 | TOP:  | KILL=9 | ACTIONS=10 | INTENT: focus=2 ratio=0.20
      [DETECT] black_usv1
      [ASSIGN] white_usv1->black_usv1
      [ASSIGN] white_usv2->black_usv1
      [ASSIGN] white_usv4->black_usv1
[t=18,249s] step=920 | MISSION=NORMAL_C | USV: 5/5 (avail=2 int=3 lock=0 frz=0) | UAV: air=5 rtb=0 chg=0 loiter=0 | TRACKS: vis=1 lost=0 engaged=0 | TOP: black_usv1(x117,242) | KILL=9 | ACTIONS=10 | INTENT: focus=2 ratio=0.20
[t=18,457s] step=930 | MISSION=NORMAL_C | USV: 5/5 (avail=2 int=3 lock=0 frz=0) | UAV: air=5 rtb=0 chg=0 loiter=0 | TRACKS: vis=1 lost=0 engaged=0 | TOP: black_usv1(x115,994) | KILL=9 | ACTIONS=10 | INTENT: focus=2 ratio=0.20
[t=18,677s] step=940 | MISSION=NORMAL_C | USV: 5/5 (avail=2 int=3 lock=0 frz=0) | UAV: air=5 rtb=0 chg=0 loiter=0 | TRACKS: vis=1 lost=0 engaged=0 | TOP: black_usv1(x114,323) | KILL=9 | ACTIONS=10 | INTENT: focus=2 ratio=0.20
[t=18,901s] step=950 | MISSION=NORMAL_C | USV: 5/5 (avail=2 int=3 lock=0 frz=0) | UAV: air=5 rtb=0 chg=0 loiter=0 | TRACKS: vis=0 lost=1 engaged=0 | TOP: black_usv1(x113,212) | KILL=9 | ACTIONS=10 | INTENT: focus=2 ratio=0.20
[t=19,120s] step=960 | MISSION=NORMAL_C | USV: 5/5 (avail=2 int=3 lock=0 frz=0) | UAV: air=5 rtb=0 chg=0 loiter=0 | TRACKS: vis=0 lost=1 engaged=0 | TOP: black_usv1(x112,131) | KILL=9 | ACTIONS=10 | INTENT: focus=2 ratio=0.20
[t=19,320s] step=970 | MISSION=NORMAL_C | USV: 5/5 (avail=2 int=3 lock=0 frz=0) | UAV: air=5 rtb=0 chg=0 loiter=0 | TRACKS: vis=1 lost=0 engaged=0 | TOP: black_usv1(x111,143) | KILL=9 | ACTIONS=10 | INTENT: focus=2 ratio=0.20
[t=19,527s] step=980 | MISSION=NORMAL_C | USV: 5/5 (avail=2 int=2 lock=1 frz=0) | UAV: air=5 rtb=0 chg=0 loiter=0 | TRACKS: vis=1 lost=0 engaged=1 | TOP: black_usv1(x110,114) | KILL=9 | ACTIONS=10 | INTENT: focus=2 ratio=0.20
[t=19,742s] step=990 | MISSION=NORMAL_C | USV: 5/5 (avail=2 int=2 lock=1 frz=0) | UAV: air=5 rtb=0 chg=0 loiter=0 | TRACKS: vis=1 lost=0 engaged=1 | TOP: black_usv1(x109,055) | KILL=9 | ACTIONS=10 | INTENT: focus=2 ratio=0.20
[t=19,950s] step=1000 | MISSION=NORMAL_C | USV: 5/5 (avail=2 int=1 lock=2 frz=0) | UAV: air=5 rtb=0 chg=0 loiter=0 | TRACKS: vis=1 lost=0 engaged=1 | TOP: black_usv1(x108,674) | KILL=9 | ACTIONS=10 | INTENT: focus=2 ratio=0.20

========================================================================
对局结果: Result.Victory — 敌方所有单位被击毁
  击杀蓝舰: 10 | 命中: 20 | 我方USV损失: 0 | UAV损失: 0 | 突破: 0
[META] result=Result.Victory victory_time=20142 first_detection=1837 first_lock=7418 first_kill=8350 enemy_kills=10 friendly_usv_losses=0 friendly_uav_losses=0 black_breakthrough=0 reacquire_attempts=108 reacquire_success=108 sensor_assisted_locks=107 low_conf_commitments=0 global_reacquire_entries=4 global_reacquire_success=4 coverage_collapse_events=1 active_clusters_max=1 coverage_quality_final=0.28 commander_source=default_intent commander_calls=0 commander_changes=0 commander_no_change=0 commander_parse_failures=0 commander_api_failures=0 commander_policy_failures=0 commander_avg_latency=0.0
Done
