========================================================================
HYBRID AGENT V5 — Variable-Cardinality Hierarchical Maritime Agent
  启用UAV: True | LLM_ENABLED: False
========================================================================
对局 47 开始
      [UAV RELAUNCH] white_uav3
      [UAV RELAUNCH] white_uav4
      [UAV RELAUNCH] white_uav1
      [UAV RELAUNCH] white_uav2
      [UAV RELAUNCH] white_uav5
[t=169s] step=10 | MISSION=NORMAL_C | USV: 5/5 (avail=5 int=0 lock=0 frz=0) | UAV: air=5 rtb=0 chg=0 loiter=0 | TRACKS: vis=0 lost=0 engaged=0 | TOP:  | KILL=0 | ACTIONS=10 | INTENT: focus=2 ratio=0.20
  [INTENT APPLIED]
    ThreatAllocator: focus 2 emergency 3 reserve_ratio 0.20 reserve_usvs None bias breakthrough_eta
    UAVManager: mode search_and_reacquire uav_priority []
[t=340s] step=20 | MISSION=NORMAL_C | USV: 5/5 (avail=5 int=0 lock=0 frz=0) | UAV: air=5 rtb=0 chg=0 loiter=0 | TRACKS: vis=0 lost=0 engaged=0 | TOP:  | KILL=0 | ACTIONS=10 | INTENT: focus=2 ratio=0.20
[t=520s] step=30 | MISSION=NORMAL_C | USV: 5/5 (avail=5 int=0 lock=0 frz=0) | UAV: air=5 rtb=0 chg=0 loiter=0 | TRACKS: vis=0 lost=0 engaged=0 | TOP:  | KILL=0 | ACTIONS=10 | INTENT: focus=2 ratio=0.20
[t=701s] step=40 | MISSION=NORMAL_C | USV: 5/5 (avail=5 int=0 lock=0 frz=0) | UAV: air=5 rtb=0 chg=0 loiter=0 | TRACKS: vis=0 lost=0 engaged=0 | TOP:  | KILL=0 | ACTIONS=10 | INTENT: focus=2 ratio=0.20
[t=868s] step=50 | MISSION=NORMAL_C | USV: 5/5 (avail=5 int=0 lock=0 frz=0) | UAV: air=5 rtb=0 chg=0 loiter=0 | TRACKS: vis=0 lost=0 engaged=0 | TOP:  | KILL=0 | ACTIONS=10 | INTENT: focus=2 ratio=0.20
[t=1,039s] step=60 | MISSION=NORMAL_C | USV: 5/5 (avail=5 int=0 lock=0 frz=0) | UAV: air=5 rtb=0 chg=0 loiter=0 | TRACKS: vis=0 lost=0 engaged=0 | TOP:  | KILL=0 | ACTIONS=10 | INTENT: focus=2 ratio=0.20
[t=1,210s] step=70 | MISSION=NORMAL_C | USV: 5/5 (avail=5 int=0 lock=0 frz=0) | UAV: air=5 rtb=0 chg=0 loiter=0 | TRACKS: vis=0 lost=0 engaged=0 | TOP:  | KILL=0 | ACTIONS=10 | INTENT: focus=2 ratio=0.20
[t=1,389s] step=80 | MISSION=NORMAL_C | USV: 5/5 (avail=5 int=0 lock=0 frz=0) | UAV: air=5 rtb=0 chg=0 loiter=0 | TRACKS: vis=0 lost=0 engaged=0 | TOP:  | KILL=0 | ACTIONS=10 | INTENT: focus=2 ratio=0.20
[t=1,560s] step=90 | MISSION=NORMAL_C | USV: 5/5 (avail=5 int=0 lock=0 frz=0) | UAV: air=5 rtb=0 chg=0 loiter=0 | TRACKS: vis=0 lost=0 engaged=0 | TOP:  | KILL=0 | ACTIONS=10 | INTENT: focus=2 ratio=0.20
[t=1,729s] step=100 | MISSION=NORMAL_C | USV: 5/5 (avail=5 int=0 lock=0 frz=0) | UAV: air=5 rtb=0 chg=0 loiter=0 | TRACKS: vis=0 lost=0 engaged=0 | TOP:  | KILL=0 | ACTIONS=10 | INTENT: focus=2 ratio=0.20
      [DETECT] black_usv7
      [DETECT] black_usv5
      [DETECT] black_usv8
      [DETECT] black_usv3
      [DETECT] black_usv6
      [ASSIGN] white_usv2->black_usv5
      [ASSIGN] white_usv4->black_usv7
      [ASSIGN] white_usv5->black_usv3
      [ASSIGN] white_usv3->black_usv6
      [ASSIGN] white_usv1->black_usv8
      [DETECT] black_usv9
      [DETECT] black_usv4
      [DETECT] black_usv1
      [DETECT] black_usv10
[t=1,903s] step=110 | MISSION=NORMAL_C | USV: 5/5 (avail=0 int=5 lock=0 frz=0) | UAV: air=5 rtb=0 chg=0 loiter=0 | TRACKS: vis=9 lost=0 engaged=0 | TOP: black_usv9(x240,992) black_usv10(x241,704) black_usv1(x243,620) | KILL=0 | ACTIONS=10 | INTENT: focus=2 ratio=0.20
      [DETECT] black_usv2
[t=2,084s] step=120 | MISSION=NORMAL_C | USV: 5/5 (avail=0 int=5 lock=0 frz=0) | UAV: air=5 rtb=0 chg=0 loiter=0 | TRACKS: vis=10 lost=0 engaged=0 | TOP: black_usv9(x239,195) black_usv10(x239,974) black_usv2(x240,502) | KILL=0 | ACTIONS=10 | INTENT: focus=2 ratio=0.20
[t=2,259s] step=130 | MISSION=NORMAL_C | USV: 5/5 (avail=0 int=5 lock=0 frz=0) | UAV: air=5 rtb=0 chg=0 loiter=0 | TRACKS: vis=10 lost=0 engaged=0 | TOP: black_usv9(x237,448) black_usv10(x238,293) black_usv2(x238,865) | KILL=0 | ACTIONS=10 | INTENT: focus=2 ratio=0.20
[t=2,448s] step=140 | MISSION=NORMAL_C | USV: 5/5 (avail=0 int=5 lock=0 frz=0) | UAV: air=5 rtb=0 chg=0 loiter=0 | TRACKS: vis=10 lost=0 engaged=0 | TOP: black_usv9(x235,553) black_usv10(x236,470) black_usv2(x237,090) | KILL=0 | ACTIONS=10 | INTENT: focus=2 ratio=0.20
[t=2,640s] step=150 | MISSION=NORMAL_C | USV: 5/5 (avail=0 int=5 lock=0 frz=0) | UAV: air=5 rtb=0 chg=0 loiter=0 | TRACKS: vis=10 lost=0 engaged=0 | TOP: black_usv9(x233,641) black_usv10(x234,629) black_usv2(x235,298) | KILL=0 | ACTIONS=10 | INTENT: focus=2 ratio=0.20
[t=2,832s] step=160 | MISSION=NORMAL_C | USV: 5/5 (avail=0 int=5 lock=0 frz=0) | UAV: air=5 rtb=0 chg=0 loiter=0 | TRACKS: vis=10 lost=0 engaged=0 | TOP: black_usv9(x231,730) black_usv10(x232,790) black_usv2(x233,507) | KILL=0 | ACTIONS=10 | INTENT: focus=2 ratio=0.20
[t=3,022s] step=170 | MISSION=NORMAL_C | USV: 5/5 (avail=0 int=5 lock=0 frz=0) | UAV: air=5 rtb=0 chg=0 loiter=0 | TRACKS: vis=10 lost=0 engaged=0 | TOP: black_usv9(x229,828) black_usv10(x230,958) black_usv2(x231,724) | KILL=0 | ACTIONS=10 | INTENT: focus=2 ratio=0.20
[t=3,201s] step=180 | MISSION=NORMAL_C | USV: 5/5 (avail=0 int=5 lock=0 frz=0) | UAV: air=5 rtb=0 chg=0 loiter=0 | TRACKS: vis=10 lost=0 engaged=0 | TOP: black_usv9(x228,041) black_usv10(x229,239) black_usv2(x230,050) | KILL=0 | ACTIONS=10 | INTENT: focus=2 ratio=0.20
[t=3,383s] step=190 | MISSION=NORMAL_C | USV: 5/5 (avail=0 int=5 lock=0 frz=0) | UAV: air=5 rtb=0 chg=0 loiter=0 | TRACKS: vis=10 lost=0 engaged=0 | TOP: black_usv9(x226,227) black_usv10(x227,493) black_usv2(x228,354) | KILL=0 | ACTIONS=10 | INTENT: focus=2 ratio=0.20
[t=3,573s] step=200 | MISSION=NORMAL_C | USV: 5/5 (avail=0 int=5 lock=0 frz=0) | UAV: air=5 rtb=0 chg=0 loiter=0 | TRACKS: vis=9 lost=1 engaged=0 | TOP: black_usv9(x224,329) black_usv10(x225,666) black_usv2(x226,568) | KILL=0 | ACTIONS=10 | INTENT: focus=2 ratio=0.20
[t=3,766s] step=210 | MISSION=NORMAL_C | USV: 5/5 (avail=0 int=5 lock=0 frz=0) | UAV: air=5 rtb=0 chg=0 loiter=0 | TRACKS: vis=9 lost=1 engaged=0 | TOP: black_usv9(x222,406) black_usv10(x223,815) black_usv2(x224,764) | KILL=0 | ACTIONS=10 | INTENT: focus=2 ratio=0.20
[t=3,954s] step=220 | MISSION=NORMAL_C | USV: 5/5 (avail=0 int=5 lock=0 frz=0) | UAV: air=5 rtb=0 chg=0 loiter=0 | TRACKS: vis=9 lost=1 engaged=0 | TOP: black_usv9(x220,525) black_usv10(x222,005) black_usv2(x223,006) | KILL=0 | ACTIONS=10 | INTENT: focus=2 ratio=0.20
[t=4,134s] step=230 | MISSION=NORMAL_C | USV: 5/5 (avail=0 int=5 lock=0 frz=0) | UAV: air=5 rtb=0 chg=0 loiter=0 | TRACKS: vis=10 lost=0 engaged=0 | TOP: black_usv9(x218,738) black_usv10(x220,285) black_usv2(x221,331) | KILL=0 | ACTIONS=10 | INTENT: focus=2 ratio=0.20
[t=4,333s] step=240 | MISSION=NORMAL_C | USV: 5/5 (avail=0 int=5 lock=0 frz=0) | UAV: air=5 rtb=0 chg=0 loiter=0 | TRACKS: vis=10 lost=0 engaged=0 | TOP: black_usv9(x216,747) black_usv10(x218,368) black_usv2(x219,466) | KILL=0 | ACTIONS=10 | INTENT: focus=2 ratio=0.20
[t=4,529s] step=250 | MISSION=NORMAL_C | USV: 5/5 (avail=0 int=5 lock=0 frz=0) | UAV: air=5 rtb=0 chg=0 loiter=0 | TRACKS: vis=9 lost=1 engaged=0 | TOP: black_usv9(x214,791) black_usv10(x216,485) black_usv2(x217,630) | KILL=0 | ACTIONS=10 | INTENT: focus=2 ratio=0.20
[t=4,726s] step=260 | MISSION=NORMAL_C | USV: 5/5 (avail=0 int=5 lock=0 frz=0) | UAV: air=5 rtb=0 chg=0 loiter=0 | TRACKS: vis=9 lost=1 engaged=0 | TOP: black_usv9(x212,821) black_usv10(x214,589) black_usv2(x215,786) | KILL=0 | ACTIONS=10 | INTENT: focus=2 ratio=0.20
[t=4,926s] step=270 | MISSION=NORMAL_C | USV: 5/5 (avail=0 int=5 lock=0 frz=0) | UAV: air=5 rtb=0 chg=0 loiter=0 | TRACKS: vis=10 lost=0 engaged=0 | TOP: black_usv9(x210,827) black_usv10(x212,670) black_usv2(x213,917) | KILL=0 | ACTIONS=10 | INTENT: focus=2 ratio=0.20
[t=5,130s] step=280 | MISSION=NORMAL_C | USV: 5/5 (avail=0 int=5 lock=0 frz=0) | UAV: air=5 rtb=0 chg=0 loiter=0 | TRACKS: vis=10 lost=0 engaged=0 | TOP: black_usv9(x208,799) black_usv10(x210,718) black_usv2(x212,017) | KILL=0 | ACTIONS=10 | INTENT: focus=2 ratio=0.20
[t=5,328s] step=290 | MISSION=NORMAL_C | USV: 5/5 (avail=0 int=5 lock=0 frz=0) | UAV: air=5 rtb=0 chg=0 loiter=0 | TRACKS: vis=10 lost=0 engaged=0 | TOP: black_usv9(x206,824) black_usv10(x208,817) black_usv2(x210,165) | KILL=0 | ACTIONS=10 | INTENT: focus=2 ratio=0.20
[t=5,501s] step=300 | MISSION=NORMAL_C | USV: 5/5 (avail=0 int=5 lock=0 frz=0) | UAV: air=5 rtb=0 chg=0 loiter=0 | TRACKS: vis=10 lost=0 engaged=0 | TOP: black_usv9(x205,097) black_usv10(x207,155) black_usv2(x208,548) | KILL=0 | ACTIONS=10 | INTENT: focus=2 ratio=0.20
[t=5,701s] step=310 | MISSION=NORMAL_C | USV: 5/5 (avail=0 int=5 lock=0 frz=0) | UAV: air=5 rtb=0 chg=0 loiter=0 | TRACKS: vis=10 lost=0 engaged=0 | TOP: black_usv9(x203,094) black_usv10(x205,226) black_usv2(x206,670) | KILL=0 | ACTIONS=10 | INTENT: focus=2 ratio=0.20
[t=5,905s] step=320 | MISSION=NORMAL_C | USV: 5/5 (avail=0 int=5 lock=0 frz=0) | UAV: air=5 rtb=0 chg=0 loiter=0 | TRACKS: vis=9 lost=1 engaged=0 | TOP: black_usv9(x201,061) black_usv10(x203,270) black_usv2(x204,770) | KILL=0 | ACTIONS=10 | INTENT: focus=2 ratio=0.20
[t=6,098s] step=330 | MISSION=NORMAL_C | USV: 5/5 (avail=0 int=5 lock=0 frz=0) | UAV: air=5 rtb=0 chg=0 loiter=0 | TRACKS: vis=10 lost=0 engaged=0 | TOP: black_usv9(x199,133) black_usv10(x201,414) black_usv2(x202,958) | KILL=0 | ACTIONS=10 | INTENT: focus=2 ratio=0.20
[t=6,275s] step=340 | MISSION=NORMAL_C | USV: 5/5 (avail=0 int=5 lock=0 frz=0) | UAV: air=5 rtb=0 chg=0 loiter=0 | TRACKS: vis=9 lost=1 engaged=0 | TOP: black_usv9(x197,369) black_usv10(x199,716) black_usv2(x201,310) | KILL=0 | ACTIONS=10 | INTENT: focus=2 ratio=0.20
[t=6,469s] step=350 | MISSION=NORMAL_C | USV: 5/5 (avail=0 int=5 lock=0 frz=0) | UAV: air=5 rtb=0 chg=0 loiter=0 | TRACKS: vis=10 lost=0 engaged=0 | TOP: black_usv10(x197,858) black_usv2(x199,495) black_usv1(x201,525) | KILL=0 | ACTIONS=10 | INTENT: focus=2 ratio=0.20
[t=6,649s] step=360 | MISSION=NORMAL_C | USV: 5/5 (avail=0 int=5 lock=0 frz=0) | UAV: air=5 rtb=0 chg=0 loiter=0 | TRACKS: vis=10 lost=0 engaged=0 | TOP: black_usv10(x196,121) black_usv2(x197,805) black_usv1(x199,721) | KILL=0 | ACTIONS=10 | INTENT: focus=2 ratio=0.20
[t=6,843s] step=370 | MISSION=NORMAL_C | USV: 5/5 (avail=0 int=5 lock=0 frz=0) | UAV: air=5 rtb=0 chg=0 loiter=0 | TRACKS: vis=10 lost=0 engaged=0 | TOP: black_usv10(x194,261) black_usv2(x195,993) black_usv1(x197,788) | KILL=0 | ACTIONS=10 | INTENT: focus=2 ratio=0.20
[t=7,062s] step=380 | MISSION=NORMAL_C | USV: 5/5 (avail=0 int=5 lock=0 frz=0) | UAV: air=5 rtb=0 chg=0 loiter=0 | TRACKS: vis=10 lost=0 engaged=0 | TOP: black_usv10(x192,154) black_usv2(x193,942) black_usv1(x195,600) | KILL=0 | ACTIONS=10 | INTENT: focus=2 ratio=0.20
[t=7,265s] step=390 | MISSION=NORMAL_C | USV: 5/5 (avail=0 int=5 lock=0 frz=0) | UAV: air=5 rtb=0 chg=0 loiter=0 | TRACKS: vis=10 lost=0 engaged=0 | TOP: black_usv10(x190,205) black_usv2(x192,044) black_usv1(x193,574) | KILL=0 | ACTIONS=10 | INTENT: focus=2 ratio=0.20
      [ASSIGN] white_usv3->black_usv7(机会锁定)
      [ASSIGN] white_usv2->black_usv7(机会锁定)
      [ASSIGN] white_usv5->black_usv7(机会锁定)
[t=7,464s] step=400 | MISSION=NORMAL_C | USV: 5/5 (avail=0 int=1 lock=4 frz=0) | UAV: air=5 rtb=0 chg=0 loiter=0 | TRACKS: vis=10 lost=0 engaged=1 | TOP: black_usv5(x186,858) black_usv10(x188,301) black_usv2(x190,190) | KILL=0 | ACTIONS=10 | INTENT: focus=2 ratio=0.20
      [ASSIGN] white_usv4->black_usv5(机会锁定)
      [ASSIGN] white_usv3->black_usv5(机会锁定)
[t=7,666s] step=410 | MISSION=NORMAL_C | USV: 5/5 (avail=0 int=2 lock=3 frz=0) | UAV: air=5 rtb=0 chg=0 loiter=0 | TRACKS: vis=10 lost=0 engaged=2 | TOP: black_usv10(x186,352) black_usv2(x188,293) black_usv1(x189,572) | KILL=0 | ACTIONS=10 | INTENT: focus=2 ratio=0.20
      [ASSIGN] white_usv2->black_usv10(机会锁定)
      [ASSIGN] white_usv5->black_usv10(机会锁定)
      [ASSIGN] white_usv1->black_usv7(机会锁定)
      [ASSIGN] white_usv1->black_usv8(机会锁定)
[t=7,873s] step=420 | MISSION=NORMAL_C | USV: 5/5 (avail=0 int=1 lock=4 frz=0) | UAV: air=5 rtb=0 chg=0 loiter=0 | TRACKS: vis=10 lost=0 engaged=2 | TOP: black_usv8(x184,900) black_usv2(x186,356) black_usv1(x187,505) | KILL=1 | ACTIONS=10 | INTENT: focus=2 ratio=0.20
      [ASSIGN] white_usv4->black_usv7(机会锁定)
      [ASSIGN] white_usv3->black_usv7(机会锁定)
      [ASSIGN] white_usv4->black_usv5(机会锁定)
      [ASSIGN] white_usv3->black_usv5(机会锁定)
      [ASSIGN] white_usv4->black_usv7(机会锁定)
      [ASSIGN] white_usv3->black_usv7(机会锁定)
      [ASSIGN] white_usv2->black_usv5(机会锁定)
      [ASSIGN] white_usv4->black_usv5(机会锁定)
      [ASSIGN] white_usv5->black_usv5(机会锁定)
      [ASSIGN] white_usv3->black_usv5(机会锁定)
      [ASSIGN] white_usv2->black_usv10(机会锁定)
      [ASSIGN] white_usv4->black_usv10(机会锁定)
      [ASSIGN] white_usv5->black_usv10(机会锁定)
      [ASSIGN] white_usv3->black_usv10(机会锁定)
      [ASSIGN] white_usv2->black_usv7(机会锁定)
      [ASSIGN] white_usv4->black_usv5(机会锁定)
      [ASSIGN] white_usv5->black_usv5(机会锁定)
      [ASSIGN] white_usv3->black_usv7(机会锁定)
[t=8,094s] step=430 | MISSION=NORMAL_C | USV: 5/5 (avail=0 int=4 lock=1 frz=0) | UAV: air=5 rtb=0 chg=0 loiter=0 | TRACKS: vis=10 lost=0 engaged=1 | TOP: black_usv7(x183,450) black_usv2(x184,292) black_usv1(x185,302) | KILL=3 | ACTIONS=10 | INTENT: focus=2 ratio=0.20
      [ASSIGN] white_usv2->black_usv10(机会锁定)
      [ASSIGN] white_usv4->black_usv10(机会锁定)
      [ASSIGN] white_usv5->black_usv10(机会锁定)
      [ASSIGN] white_usv3->black_usv10(机会锁定)
      [ASSIGN] white_usv2->black_usv7(机会锁定)
      [ASSIGN] white_usv4->black_usv5(机会锁定)
      [ASSIGN] white_usv5->black_usv5(机会锁定)
      [ASSIGN] white_usv3->black_usv7(机会锁定)
      [ASSIGN] white_usv2->black_usv10(机会锁定)
      [ASSIGN] white_usv4->black_usv10(机会锁定)
      [ASSIGN] white_usv5->black_usv10(机会锁定)
      [ASSIGN] white_usv3->black_usv10(机会锁定)
      [ASSIGN] white_usv2->black_usv7(机会锁定)
      [ASSIGN] white_usv4->black_usv5(机会锁定)
      [ASSIGN] white_usv5->black_usv5(机会锁定)
      [ASSIGN] white_usv3->black_usv7(机会锁定)
      [ASSIGN] white_usv1->black_usv1(机会锁定)
      [ASSIGN] white_usv2->black_usv10(机会锁定)
      [ASSIGN] white_usv4->black_usv10(机会锁定)
      [ASSIGN] white_usv5->black_usv10(机会锁定)
      [ASSIGN] white_usv3->black_usv10(机会锁定)
      [ASSIGN] white_usv2->black_usv7(机会锁定)
      [ASSIGN] white_usv4->black_usv5(机会锁定)
      [ASSIGN] white_usv5->black_usv5(机会锁定)
      [ASSIGN] white_usv3->black_usv7(机会锁定)
      [ASSIGN] white_usv2->black_usv10(机会锁定)
      [ASSIGN] white_usv4->black_usv10(机会锁定)
      [ASSIGN] white_usv5->black_usv10(机会锁定)
      [ASSIGN] white_usv3->black_usv10(机会锁定)
      [KILL] black_usv7
      [ASSIGN] white_usv2->black_usv5(机会锁定)
      [ASSIGN] white_usv4->black_usv5(机会锁定)
      [ASSIGN] white_usv5->black_usv5(机会锁定)
      [ASSIGN] white_usv2->black_usv8(机会锁定)
      [ASSIGN] white_usv5->black_usv9(机会锁定)
      [ASSIGN] white_usv2->black_usv4(机会锁定)
[t=8,325s] step=440 | MISSION=NORMAL_C | USV: 5/5 (avail=0 int=3 lock=2 frz=0) | UAV: air=5 rtb=0 chg=0 loiter=0 | TRACKS: vis=9 lost=0 engaged=2 | TOP: black_usv2(x182,139) black_usv4(x185,586) black_usv3(x185,489) | KILL=4 | ACTIONS=10 | INTENT: focus=2 ratio=0.20
      [ASSIGN] white_usv3->black_usv1(机会锁定)
      [ASSIGN] white_usv4->black_usv10(机会锁定)
      [ASSIGN] white_usv4->black_usv5(机会锁定)
      [ASSIGN] white_usv4->black_usv10(机会锁定)
      [ASSIGN] white_usv4->black_usv5(机会锁定)
      [ASSIGN] white_usv4->black_usv10(机会锁定)
      [ASSIGN] white_usv4->black_usv5(机会锁定)
      [ASSIGN] white_usv1->black_usv8(机会锁定)
      [ASSIGN] white_usv4->black_usv10(机会锁定)
      [ASSIGN] white_usv1->black_usv10(机会锁定)
[t=8,534s] step=450 | MISSION=NORMAL_C | USV: 5/5 (avail=0 int=2 lock=3 frz=0) | UAV: air=5 rtb=0 chg=0 loiter=0 | TRACKS: vis=9 lost=0 engaged=3 | TOP: black_usv2(x180,184) black_usv10(x182,826) black_usv3(x183,394) | KILL=4 | ACTIONS=10 | INTENT: focus=2 ratio=0.20
      [ASSIGN] white_usv4->black_usv5(机会锁定)
      [ASSIGN] white_usv1->black_usv8(机会锁定)
      [ASSIGN] white_usv4->black_usv10(机会锁定)
      [ASSIGN] white_usv1->black_usv1(机会锁定)
      [KILL] black_usv5
      [ASSIGN] white_usv4->black_usv3(机会锁定)
      [ASSIGN] white_usv5->black_usv4(机会锁定)
      [KILL] black_usv10
      [ASSIGN] white_usv3->black_usv9(机会锁定)
      [ASSIGN] white_usv1->black_usv8(机会锁定)
      [ASSIGN] white_usv1->black_usv1(机会锁定)
[t=8,719s] step=460 | MISSION=NORMAL_C | USV: 4/5 (avail=0 int=1 lock=3 frz=0) | UAV: air=5 rtb=0 chg=0 loiter=0 | TRACKS: vis=7 lost=0 engaged=3 | TOP: black_usv2(x178,449) black_usv1(x181,208) black_usv6(x181,681) | KILL=5 | ACTIONS=9 | INTENT: focus=2 ratio=0.20
      [ASSIGN] white_usv1->black_usv8(机会锁定)
      [ASSIGN] white_usv1->black_usv1(机会锁定)
      [ASSIGN] white_usv1->black_usv8(机会锁定)
      [KILL] black_usv8
      [RELEASE] white_usv1->black_usv8(目标失效)
      [ASSIGN] white_usv1->black_usv1(机会锁定)
[t=8,899s] step=470 | MISSION=NORMAL_C | USV: 4/5 (avail=0 int=1 lock=3 frz=0) | UAV: air=5 rtb=0 chg=0 loiter=0 | TRACKS: vis=6 lost=0 engaged=3 | TOP: black_usv2(x176,764) black_usv6(x179,887) black_usv4(x182,533) | KILL=5 | ACTIONS=9 | INTENT: focus=2 ratio=0.20
      [ASSIGN] white_usv4->black_usv6(机会锁定)
      [ASSIGN] white_usv5->black_usv3(机会锁定)
      [ASSIGN] white_usv3->black_usv4(机会锁定)
      [ASSIGN] white_usv3->black_usv9(机会锁定)
[t=9,085s] step=480 | MISSION=NORMAL_C | USV: 4/5 (avail=0 int=1 lock=3 frz=0) | UAV: air=5 rtb=0 chg=0 loiter=0 | TRACKS: vis=6 lost=0 engaged=3 | TOP: black_usv2(x175,024) black_usv4(x182,493) black_usv6(x178,027) | KILL=6 | ACTIONS=9 | INTENT: focus=2 ratio=0.20
      [KILL] black_usv1
      [RELEASE] white_usv1->black_usv1(目标失效)
      [ASSIGN] white_usv1->black_usv2
      [ASSIGN] white_usv4->black_usv4(机会锁定)
      [ASSIGN] white_usv4->black_usv6(机会锁定)
      [ASSIGN] white_usv5->black_usv6(机会锁定)
[t=9,276s] step=490 | MISSION=NORMAL_C | USV: 4/5 (avail=0 int=1 lock=3 frz=0) | UAV: air=5 rtb=0 chg=0 loiter=0 | TRACKS: vis=5 lost=0 engaged=2 | TOP: black_usv4(x182,493) black_usv3(x179,271) black_usv2(x173,238) | KILL=7 | ACTIONS=9 | INTENT: focus=2 ratio=0.20
      [ASSIGN] white_usv3->black_usv3(机会锁定)
      [ASSIGN] white_usv3->black_usv9(机会锁定)
      [ASSIGN] white_usv3->black_usv3(机会锁定)
      [ASSIGN] white_usv3->black_usv9(机会锁定)
      [ASSIGN] white_usv3->black_usv3(机会锁定)
      [ASSIGN] white_usv3->black_usv9(机会锁定)
      [ASSIGN] white_usv3->black_usv3(机会锁定)
[t=9,458s] step=500 | MISSION=NORMAL_C | USV: 4/5 (avail=0 int=2 lock=2 frz=0) | UAV: air=5 rtb=0 chg=0 loiter=0 | TRACKS: vis=4 lost=1 engaged=1 | TOP: black_usv4(x182,493) black_usv3(x179,271) black_usv2(x171,543) | KILL=8 | ACTIONS=9 | INTENT: focus=2 ratio=0.20
      [ASSIGN] white_usv3->black_usv9(机会锁定)
      [ASSIGN] white_usv3->black_usv3(机会锁定)
      [ASSIGN] white_usv3->black_usv9(机会锁定)
      [ASSIGN] white_usv3->black_usv3(机会锁定)
      [KILL] black_usv4
      [ASSIGN] white_usv3->black_usv9(机会锁定)
      [ASSIGN] white_usv3->black_usv3(机会锁定)
      [ASSIGN] white_usv4->black_usv9(机会锁定)
      [ASSIGN] white_usv5->black_usv9(机会锁定)
      [ASSIGN] white_usv3->black_usv9(机会锁定)
      [ASSIGN] white_usv4->black_usv6(机会锁定)
      [ASSIGN] white_usv5->black_usv6(机会锁定)
      [ASSIGN] white_usv3->black_usv3(机会锁定)
      [ASSIGN] white_usv4->black_usv9(机会锁定)
      [ASSIGN] white_usv5->black_usv9(机会锁定)
      [ASSIGN] white_usv3->black_usv9(机会锁定)
      [ASSIGN] white_usv4->black_usv6(机会锁定)
      [ASSIGN] white_usv5->black_usv6(机会锁定)
      [ASSIGN] white_usv3->black_usv3(机会锁定)
[t=9,639s] step=510 | MISSION=NORMAL_C | USV: 4/5 (avail=0 int=4 lock=0 frz=0) | UAV: air=5 rtb=0 chg=0 loiter=0 | TRACKS: vis=4 lost=0 engaged=0 | TOP: black_usv6(x176,227) black_usv3(x179,271) black_usv2(x169,843) | KILL=9 | ACTIONS=9 | INTENT: focus=2 ratio=0.20
      [ASSIGN] white_usv4->black_usv9(机会锁定)
      [ASSIGN] white_usv5->black_usv9(机会锁定)
      [ASSIGN] white_usv4->black_usv6(机会锁定)
      [ASSIGN] white_usv5->black_usv6(机会锁定)
      [ASSIGN] white_usv4->black_usv9(机会锁定)
      [ASSIGN] white_usv5->black_usv9(机会锁定)
      [ASSIGN] white_usv4->black_usv6(机会锁定)
      [ASSIGN] white_usv5->black_usv6(机会锁定)
      [ASSIGN] white_usv4->black_usv9(机会锁定)
      [ASSIGN] white_usv5->black_usv9(机会锁定)
      [ASSIGN] white_usv3->black_usv9(机会锁定)
      [ASSIGN] white_usv4->black_usv6(机会锁定)
      [ASSIGN] white_usv5->black_usv6(机会锁定)
      [ASSIGN] white_usv3->black_usv3(机会锁定)
      [ASSIGN] white_usv4->black_usv9(机会锁定)
      [ASSIGN] white_usv5->black_usv9(机会锁定)
      [ASSIGN] white_usv3->black_usv9(机会锁定)
      [ASSIGN] white_usv4->black_usv6(机会锁定)
      [ASSIGN] white_usv5->black_usv6(机会锁定)
      [ASSIGN] white_usv3->black_usv3(机会锁定)
      [ASSIGN] white_usv3->black_usv9(机会锁定)
      [ASSIGN] white_usv3->black_usv3(机会锁定)
[t=9,838s] step=520 | MISSION=NORMAL_C | USV: 4/5 (avail=0 int=3 lock=1 frz=0) | UAV: air=5 rtb=0 chg=0 loiter=0 | TRACKS: vis=4 lost=0 engaged=1 | TOP: black_usv2(x167,986) black_usv3(x179,271) black_usv9(x179,153) | KILL=9 | ACTIONS=9 | INTENT: focus=2 ratio=0.20
      [KILL] black_usv3
      [RELEASE] white_usv3->black_usv3(目标失效)
      [ASSIGN] white_usv3->black_usv9(机会锁定)
      [KILL] black_usv9
      [RELEASE] white_usv3->black_usv9(目标失效)
      [ASSIGN] white_usv3->black_usv6(机会锁定)
[t=10,030s] step=530 | MISSION=NORMAL_C | USV: 4/5 (avail=0 int=3 lock=1 frz=0) | UAV: air=5 rtb=0 chg=0 loiter=0 | TRACKS: vis=2 lost=0 engaged=1 | TOP: black_usv2(x166,188) black_usv6(x176,227) | KILL=9 | ACTIONS=9 | INTENT: focus=2 ratio=0.20
      [KILL] black_usv6
      [RELEASE] white_usv4->black_usv6(目标失效)
      [RELEASE] white_usv5->black_usv6(目标失效)
      [RELEASE] white_usv3->black_usv6(目标失效)
      [ASSIGN] white_usv4->black_usv2
      [ASSIGN] white_usv3->black_usv2
[t=10,229s] step=540 | MISSION=NORMAL_C | USV: 4/5 (avail=1 int=2 lock=1 frz=0) | UAV: air=5 rtb=0 chg=0 loiter=0 | TRACKS: vis=1 lost=0 engaged=1 | TOP: black_usv2(x164,328) | KILL=9 | ACTIONS=9 | INTENT: focus=2 ratio=0.20
[t=10,417s] step=550 | MISSION=NORMAL_C | USV: 4/5 (avail=1 int=2 lock=1 frz=0) | UAV: air=5 rtb=0 chg=0 loiter=0 | TRACKS: vis=1 lost=0 engaged=1 | TOP: black_usv2(x162,571) | KILL=9 | ACTIONS=9 | INTENT: focus=2 ratio=0.20
[t=10,604s] step=560 | MISSION=NORMAL_C | USV: 4/5 (avail=1 int=2 lock=1 frz=0) | UAV: air=5 rtb=0 chg=0 loiter=0 | TRACKS: vis=1 lost=0 engaged=1 | TOP: black_usv2(x162,332) | KILL=9 | ACTIONS=9 | INTENT: focus=2 ratio=0.20

========================================================================
对局结果: Result.Victory — 敌方所有单位被击毁
  击杀蓝舰: 10 | 命中: 20 | 我方USV损失: 1 | UAV损失: 0 | 突破: 0
[META] result=Result.Victory victory_time=10855 first_detection=1849 first_lock=7368 first_kill=8287 enemy_kills=10 friendly_usv_losses=1 friendly_uav_losses=0 black_breakthrough=0 reacquire_attempts=42 reacquire_success=42 sensor_assisted_locks=50 low_conf_commitments=0 global_reacquire_entries=0 global_reacquire_success=0 coverage_collapse_events=1 active_clusters_max=0 coverage_quality_final=0.24 commander_source=default_intent commander_calls=0 commander_changes=0 commander_no_change=0 commander_parse_failures=0 commander_api_failures=0 commander_policy_failures=0 commander_avg_latency=0.0
Done
