========================================================================
HYBRID AGENT V5 — Variable-Cardinality Hierarchical Maritime Agent
  启用UAV: True | LLM_ENABLED: False
========================================================================
对局 57 开始
      [UAV RELAUNCH] white_uav2
      [UAV RELAUNCH] white_uav1
      [UAV RELAUNCH] white_uav3
      [UAV RELAUNCH] white_uav4
      [UAV RELAUNCH] white_uav5
[t=200s] step=10 | MISSION=NORMAL_C | USV: 5/5 (avail=5 int=0 lock=0 frz=0) | UAV: air=5 rtb=0 chg=0 loiter=0 | TRACKS: vis=0 lost=0 engaged=0 | TOP:  | KILL=0 | ACTIONS=10 | INTENT: focus=2 ratio=0.20
  [INTENT APPLIED]
    ThreatAllocator: focus 2 emergency 3 reserve_ratio 0.20 reserve_usvs None bias breakthrough_eta
    UAVManager: mode search_and_reacquire uav_priority []
[t=434s] step=20 | MISSION=NORMAL_C | USV: 5/5 (avail=5 int=0 lock=0 frz=0) | UAV: air=5 rtb=0 chg=0 loiter=0 | TRACKS: vis=0 lost=0 engaged=0 | TOP:  | KILL=0 | ACTIONS=10 | INTENT: focus=2 ratio=0.20
[t=672s] step=30 | MISSION=NORMAL_C | USV: 5/5 (avail=5 int=0 lock=0 frz=0) | UAV: air=5 rtb=0 chg=0 loiter=0 | TRACKS: vis=0 lost=0 engaged=0 | TOP:  | KILL=0 | ACTIONS=10 | INTENT: focus=2 ratio=0.20
[t=898s] step=40 | MISSION=NORMAL_C | USV: 5/5 (avail=5 int=0 lock=0 frz=0) | UAV: air=5 rtb=0 chg=0 loiter=0 | TRACKS: vis=0 lost=0 engaged=0 | TOP:  | KILL=0 | ACTIONS=10 | INTENT: focus=2 ratio=0.20
[t=1,130s] step=50 | MISSION=NORMAL_C | USV: 5/5 (avail=5 int=0 lock=0 frz=0) | UAV: air=5 rtb=0 chg=0 loiter=0 | TRACKS: vis=0 lost=0 engaged=0 | TOP:  | KILL=0 | ACTIONS=10 | INTENT: focus=2 ratio=0.20
[t=1,364s] step=60 | MISSION=NORMAL_C | USV: 5/5 (avail=5 int=0 lock=0 frz=0) | UAV: air=5 rtb=0 chg=0 loiter=0 | TRACKS: vis=0 lost=0 engaged=0 | TOP:  | KILL=0 | ACTIONS=10 | INTENT: focus=2 ratio=0.20
[t=1,607s] step=70 | MISSION=NORMAL_C | USV: 5/5 (avail=5 int=0 lock=0 frz=0) | UAV: air=5 rtb=0 chg=0 loiter=0 | TRACKS: vis=0 lost=0 engaged=0 | TOP:  | KILL=0 | ACTIONS=10 | INTENT: focus=2 ratio=0.20
      [DETECT] black_usv7
      [DETECT] black_usv4
      [DETECT] black_usv6
      [ASSIGN] white_usv1->black_usv6
      [ASSIGN] white_usv4->black_usv7
      [ASSIGN] white_usv2->black_usv4
[t=1,852s] step=80 | MISSION=NORMAL_C | USV: 5/5 (avail=5 int=0 lock=0 frz=0) | UAV: air=5 rtb=0 chg=0 loiter=0 | TRACKS: vis=3 lost=0 engaged=0 | TOP: black_usv4(x241,804) black_usv6(x242,050) black_usv7(x241,492) | KILL=0 | ACTIONS=10 | INTENT: focus=2 ratio=0.20
      [DETECT] black_usv5
      [ASSIGN] white_usv5->black_usv7
      [ASSIGN] white_usv3->black_usv5
      [DETECT] black_usv8
      [DETECT] black_usv3
      [DETECT] black_usv9
      [DETECT] black_usv2
      [DETECT] black_usv1
[t=2,089s] step=90 | MISSION=NORMAL_C | USV: 5/5 (avail=0 int=5 lock=0 frz=0) | UAV: air=5 rtb=0 chg=0 loiter=0 | TRACKS: vis=7 lost=2 engaged=0 | TOP: black_usv9(x240,107) black_usv8(x240,299) black_usv3(x241,281) | KILL=0 | ACTIONS=10 | INTENT: focus=2 ratio=0.20
      [DETECT] black_usv10
[t=2,338s] step=100 | MISSION=NORMAL_C | USV: 5/5 (avail=0 int=5 lock=0 frz=0) | UAV: air=5 rtb=0 chg=0 loiter=0 | TRACKS: vis=10 lost=0 engaged=0 | TOP: black_usv9(x237,749) black_usv8(x237,966) black_usv3(x239,079) | KILL=0 | ACTIONS=10 | INTENT: focus=2 ratio=0.20
[t=2,591s] step=110 | MISSION=NORMAL_C | USV: 5/5 (avail=0 int=5 lock=0 frz=0) | UAV: air=5 rtb=0 chg=0 loiter=0 | TRACKS: vis=7 lost=3 engaged=0 | TOP: black_usv9(x235,354) black_usv8(x235,597) black_usv3(x236,841) | KILL=0 | ACTIONS=10 | INTENT: focus=2 ratio=0.20
[t=2,853s] step=120 | MISSION=NORMAL_C | USV: 5/5 (avail=0 int=5 lock=0 frz=0) | UAV: air=5 rtb=0 chg=0 loiter=0 | TRACKS: vis=9 lost=0 engaged=0 | TOP: black_usv9(x232,869) black_usv3(x234,519) black_usv10(x235,879) | KILL=0 | ACTIONS=10 | INTENT: focus=2 ratio=0.20
[t=3,111s] step=130 | MISSION=NORMAL_C | USV: 5/5 (avail=0 int=5 lock=0 frz=0) | UAV: air=5 rtb=0 chg=0 loiter=0 | TRACKS: vis=6 lost=3 engaged=0 | TOP: black_usv9(x230,380) black_usv3(x232,241) black_usv10(x233,733) | KILL=0 | ACTIONS=10 | INTENT: focus=2 ratio=0.20
[t=3,350s] step=140 | MISSION=NORMAL_C | USV: 5/5 (avail=0 int=5 lock=0 frz=0) | UAV: air=5 rtb=0 chg=0 loiter=0 | TRACKS: vis=8 lost=0 engaged=0 | TOP: black_usv3(x230,127) black_usv10(x231,456) black_usv9(x228,163) | KILL=0 | ACTIONS=10 | INTENT: focus=2 ratio=0.20
[t=3,620s] step=150 | MISSION=NORMAL_C | USV: 5/5 (avail=0 int=5 lock=0 frz=0) | UAV: air=5 rtb=0 chg=0 loiter=0 | TRACKS: vis=8 lost=0 engaged=0 | TOP: black_usv3(x227,738) black_usv9(x225,807) black_usv6(x225,056) | KILL=0 | ACTIONS=10 | INTENT: focus=2 ratio=0.20
[t=3,883s] step=160 | MISSION=NORMAL_C | USV: 5/5 (avail=0 int=5 lock=0 frz=0) | UAV: air=5 rtb=0 chg=0 loiter=0 | TRACKS: vis=7 lost=1 engaged=0 | TOP: black_usv3(x225,412) black_usv9(x223,494) black_usv8(x225,683) | KILL=0 | ACTIONS=10 | INTENT: focus=2 ratio=0.20
[t=4,134s] step=170 | MISSION=NORMAL_C | USV: 5/5 (avail=0 int=5 lock=0 frz=0) | UAV: air=5 rtb=0 chg=0 loiter=0 | TRACKS: vis=6 lost=1 engaged=0 | TOP: black_usv3(x223,192) black_usv9(x220,984) black_usv8(x223,913) | KILL=0 | ACTIONS=10 | INTENT: focus=2 ratio=0.20
[t=4,387s] step=180 | MISSION=NORMAL_C | USV: 5/5 (avail=0 int=5 lock=0 frz=0) | UAV: air=5 rtb=0 chg=0 loiter=0 | TRACKS: vis=6 lost=0 engaged=0 | TOP: black_usv8(x222,130) black_usv9(x218,698) black_usv5(x219,312) | KILL=0 | ACTIONS=10 | INTENT: focus=2 ratio=0.20
      [DETECT] black_usv10
[t=4,636s] step=190 | MISSION=NORMAL_C | USV: 5/5 (avail=0 int=5 lock=0 frz=0) | UAV: air=5 rtb=0 chg=0 loiter=0 | TRACKS: vis=7 lost=0 engaged=0 | TOP: black_usv10(x221,139) black_usv9(x216,600) black_usv8(x220,374) | KILL=0 | ACTIONS=10 | INTENT: focus=2 ratio=0.20
[t=4,895s] step=200 | MISSION=NORMAL_C | USV: 5/5 (avail=0 int=5 lock=0 frz=0) | UAV: air=5 rtb=0 chg=0 loiter=0 | TRACKS: vis=6 lost=1 engaged=0 | TOP: black_usv10(x219,274) black_usv8(x218,530) black_usv9(x214,222) | KILL=0 | ACTIONS=10 | INTENT: focus=2 ratio=0.20
[t=5,151s] step=210 | MISSION=NORMAL_C | USV: 5/5 (avail=0 int=5 lock=0 frz=0) | UAV: air=5 rtb=0 chg=0 loiter=0 | TRACKS: vis=6 lost=1 engaged=0 | TOP: black_usv10(x217,443) black_usv9(x212,319) black_usv8(x215,970) | KILL=0 | ACTIONS=10 | INTENT: focus=2 ratio=0.20
[t=5,410s] step=220 | MISSION=NORMAL_C | USV: 5/5 (avail=0 int=5 lock=0 frz=0) | UAV: air=5 rtb=0 chg=0 loiter=0 | TRACKS: vis=7 lost=0 engaged=0 | TOP: black_usv10(x215,585) black_usv9(x209,851) black_usv8(x213,570) | KILL=0 | ACTIONS=10 | INTENT: focus=2 ratio=0.20
[t=5,679s] step=230 | MISSION=NORMAL_C | USV: 5/5 (avail=0 int=5 lock=0 frz=0) | UAV: air=5 rtb=0 chg=0 loiter=0 | TRACKS: vis=7 lost=0 engaged=0 | TOP: black_usv10(x213,654) black_usv9(x207,197) black_usv8(x210,902) | KILL=0 | ACTIONS=10 | INTENT: focus=2 ratio=0.20
[t=5,941s] step=240 | MISSION=NORMAL_C | USV: 5/5 (avail=0 int=5 lock=0 frz=0) | UAV: air=5 rtb=0 chg=0 loiter=0 | TRACKS: vis=7 lost=0 engaged=0 | TOP: black_usv10(x211,774) black_usv9(x204,600) black_usv8(x208,317) | KILL=0 | ACTIONS=10 | INTENT: focus=2 ratio=0.20
[t=6,189s] step=250 | MISSION=NORMAL_C | USV: 5/5 (avail=0 int=5 lock=0 frz=0) | UAV: air=5 rtb=0 chg=0 loiter=0 | TRACKS: vis=7 lost=0 engaged=0 | TOP: black_usv10(x209,995) black_usv9(x202,181) black_usv8(x205,896) | KILL=0 | ACTIONS=10 | INTENT: focus=2 ratio=0.20
[t=6,434s] step=260 | MISSION=NORMAL_C | USV: 5/5 (avail=0 int=5 lock=0 frz=0) | UAV: air=5 rtb=0 chg=0 loiter=0 | TRACKS: vis=6 lost=1 engaged=0 | TOP: black_usv10(x208,237) black_usv9(x199,770) black_usv8(x203,470) | KILL=0 | ACTIONS=10 | INTENT: focus=2 ratio=0.20
      [DETECT] black_usv2
      [DETECT] black_usv1
[t=6,692s] step=270 | MISSION=NORMAL_C | USV: 5/5 (avail=0 int=5 lock=0 frz=0) | UAV: air=5 rtb=0 chg=0 loiter=0 | TRACKS: vis=8 lost=0 engaged=0 | TOP: black_usv2(x205,516) black_usv1(x213,097) black_usv9(x197,215) | KILL=0 | ACTIONS=10 | INTENT: focus=2 ratio=0.20
      [DETECT] black_usv3
[t=6,976s] step=280 | MISSION=NORMAL_C | USV: 5/5 (avail=0 int=5 lock=0 frz=0) | UAV: air=5 rtb=0 chg=0 loiter=0 | TRACKS: vis=7 lost=2 engaged=0 | TOP: black_usv3(x195,898) black_usv2(x202,691) black_usv1(x210,513) | KILL=0 | ACTIONS=10 | INTENT: focus=2 ratio=0.20
[t=7,260s] step=290 | MISSION=NORMAL_C | USV: 5/5 (avail=0 int=5 lock=0 frz=0) | UAV: air=5 rtb=0 chg=0 loiter=0 | TRACKS: vis=8 lost=1 engaged=0 | TOP: black_usv3(x193,184) black_usv2(x199,855) black_usv1(x207,743) | KILL=0 | ACTIONS=10 | INTENT: focus=2 ratio=0.20
      [ASSIGN] white_usv3->black_usv4(机会锁定)
      [ASSIGN] white_usv5->black_usv9(机会锁定)
[t=7,550s] step=300 | MISSION=NORMAL_C | USV: 5/5 (avail=0 int=3 lock=2 frz=0) | UAV: air=5 rtb=0 chg=0 loiter=0 | TRACKS: vis=9 lost=0 engaged=1 | TOP: black_usv3(x190,413) black_usv2(x196,964) black_usv5(x188,232) | KILL=0 | ACTIONS=10 | INTENT: focus=2 ratio=0.20
      [ASSIGN] white_usv1->black_usv5(机会锁定)
      [ASSIGN] white_usv4->black_usv6(机会锁定)
      [ASSIGN] white_usv2->black_usv5(机会锁定)
[t=7,816s] step=310 | MISSION=NORMAL_C | USV: 5/5 (avail=0 int=1 lock=4 frz=0) | UAV: air=5 rtb=0 chg=0 loiter=0 | TRACKS: vis=9 lost=0 engaged=3 | TOP: black_usv3(x187,871) black_usv2(x194,305) black_usv1(x202,450) | KILL=1 | ACTIONS=10 | INTENT: focus=2 ratio=0.20
      [ASSIGN] white_usv5->black_usv8(机会锁定)
      [ASSIGN] white_usv1->black_usv4(机会锁定)
      [ASSIGN] white_usv1->black_usv5(机会锁定)
      [ASSIGN] white_usv4->black_usv9(机会锁定)
      [ASSIGN] white_usv3->black_usv5(机会锁定)
      [ASSIGN] white_usv1->black_usv4(机会锁定)
      [ASSIGN] white_usv2->black_usv4(机会锁定)
      [ASSIGN] white_usv3->black_usv4(机会锁定)
      [ASSIGN] white_usv1->black_usv5(机会锁定)
      [ASSIGN] white_usv2->black_usv5(机会锁定)
      [ASSIGN] white_usv3->black_usv5(机会锁定)
[t=8,103s] step=320 | MISSION=NORMAL_C | USV: 5/5 (avail=0 int=3 lock=2 frz=0) | UAV: air=5 rtb=0 chg=0 loiter=0 | TRACKS: vis=9 lost=0 engaged=2 | TOP: black_usv3(x185,114) black_usv2(x191,443) black_usv5(x184,542) | KILL=2 | ACTIONS=10 | INTENT: focus=2 ratio=0.20
      [ASSIGN] white_usv1->black_usv4(机会锁定)
      [ASSIGN] white_usv2->black_usv4(机会锁定)
      [ASSIGN] white_usv3->black_usv4(机会锁定)
      [ASSIGN] white_usv1->black_usv5(机会锁定)
      [ASSIGN] white_usv2->black_usv5(机会锁定)
      [ASSIGN] white_usv3->black_usv5(机会锁定)
      [ASSIGN] white_usv1->black_usv4(机会锁定)
      [ASSIGN] white_usv5->black_usv7(机会锁定)
      [ASSIGN] white_usv2->black_usv4(机会锁定)
      [ASSIGN] white_usv3->black_usv4(机会锁定)
      [ASSIGN] white_usv1->black_usv5(机会锁定)
      [ASSIGN] white_usv2->black_usv5(机会锁定)
      [ASSIGN] white_usv3->black_usv5(机会锁定)
      [ASSIGN] white_usv1->black_usv4(机会锁定)
      [ASSIGN] white_usv2->black_usv4(机会锁定)
      [ASSIGN] white_usv3->black_usv4(机会锁定)
      [ASSIGN] white_usv1->black_usv5(机会锁定)
      [ASSIGN] white_usv4->black_usv6(机会锁定)
      [ASSIGN] white_usv2->black_usv5(机会锁定)
      [ASSIGN] white_usv3->black_usv5(机会锁定)
      [ASSIGN] white_usv1->black_usv4(机会锁定)
      [ASSIGN] white_usv2->black_usv4(机会锁定)
      [ASSIGN] white_usv3->black_usv4(机会锁定)
      [KILL] black_usv4
      [RELEASE] white_usv1->black_usv4(目标失效)
      [ASSIGN] white_usv1->black_usv5(机会锁定)
      [RELEASE] white_usv2->black_usv4(目标失效)
      [ASSIGN] white_usv2->black_usv5(机会锁定)
      [RELEASE] white_usv3->black_usv4(目标失效)
      [ASSIGN] white_usv3->black_usv5(机会锁定)
      [ASSIGN] white_usv1->black_usv6(机会锁定)
[t=8,407s] step=330 | MISSION=NORMAL_C | USV: 5/5 (avail=0 int=2 lock=3 frz=0) | UAV: air=5 rtb=0 chg=0 loiter=0 | TRACKS: vis=7 lost=1 engaged=2 | TOP: black_usv3(x182,065) black_usv2(x188,403) black_usv1(x196,661) | KILL=2 | ACTIONS=10 | INTENT: focus=2 ratio=0.20
      [ASSIGN] white_usv2->black_usv3(机会锁定)
      [KILL] black_usv5
      [ASSIGN] white_usv5->black_usv9(机会锁定)
      [RELEASE] white_usv3->black_usv5(目标失效)
      [ASSIGN] white_usv3->black_usv2
      [ASSIGN] white_usv1->black_usv3(机会锁定)
      [ASSIGN] white_usv4->black_usv7(机会锁定)
[t=8,727s] step=340 | MISSION=NORMAL_C | USV: 5/5 (avail=0 int=1 lock=4 frz=0) | UAV: air=5 rtb=0 chg=0 loiter=0 | TRACKS: vis=6 lost=0 engaged=3 | TOP: black_usv6(x183,206) black_usv8(x183,694) black_usv2(x185,213) | KILL=3 | ACTIONS=10 | INTENT: focus=2 ratio=0.20
      [DETECT] black_usv1
      [ASSIGN] white_usv3->black_usv3(机会锁定)
      [ASSIGN] white_usv5->black_usv6(机会锁定)
      [ASSIGN] white_usv5->black_usv9(机会锁定)
      [ASSIGN] white_usv5->black_usv8(机会锁定)
      [ASSIGN] white_usv1->black_usv6(机会锁定)
      [ASSIGN] white_usv4->black_usv9(机会锁定)
      [ASSIGN] white_usv4->black_usv7(机会锁定)
      [ASSIGN] white_usv4->black_usv9(机会锁定)
      [ASSIGN] white_usv4->black_usv7(机会锁定)
[t=9,081s] step=350 | MISSION=NORMAL_C | USV: 5/5 (avail=0 int=4 lock=1 frz=0) | UAV: air=5 rtb=0 chg=0 loiter=0 | TRACKS: vis=7 lost=0 engaged=1 | TOP: black_usv2(x181,692) black_usv1(x190,161) black_usv7(x182,331) | KILL=6 | ACTIONS=10 | INTENT: focus=2 ratio=0.20
      [ASSIGN] white_usv4->black_usv9(机会锁定)
      [ASSIGN] white_usv4->black_usv7(机会锁定)
      [ASSIGN] white_usv4->black_usv9(机会锁定)
      [KILL] black_usv6
      [RELEASE] white_usv1->black_usv6(目标失效)
      [ASSIGN] white_usv1->black_usv3(机会锁定)
      [ASSIGN] white_usv4->black_usv7(机会锁定)
      [ASSIGN] white_usv4->black_usv9(机会锁定)
      [ASSIGN] white_usv5->black_usv9(机会锁定)
      [ASSIGN] white_usv4->black_usv8(机会锁定)
      [ASSIGN] white_usv5->black_usv8(机会锁定)
      [ASSIGN] white_usv4->black_usv9(机会锁定)
      [ASSIGN] white_usv5->black_usv9(机会锁定)
      [ASSIGN] white_usv5->black_usv8(机会锁定)
      [ASSIGN] white_usv5->black_usv7(机会锁定)
      [KILL] black_usv9
      [ASSIGN] white_usv5->black_usv8(机会锁定)
[t=9,478s] step=360 | MISSION=NORMAL_C | USV: 4/5 (avail=0 int=4 lock=0 frz=0) | UAV: air=5 rtb=0 chg=0 loiter=0 | TRACKS: vis=3 lost=2 engaged=0 | TOP: black_usv2(x177,722) black_usv1(x186,191) black_usv8(x178,505) | KILL=7 | ACTIONS=9 | INTENT: focus=2 ratio=0.20
      [KILL] black_usv7
      [KILL] black_usv3
      [RELEASE] white_usv1->black_usv3(目标失效)
      [ASSIGN] white_usv1->black_usv2(机会锁定)
      [RELEASE] white_usv2->black_usv3(目标失效)
      [RELEASE] white_usv3->black_usv3(目标失效)
      [ASSIGN] white_usv3->black_usv2(机会锁定)
      [ASSIGN] white_usv2->black_usv8
      [KILL] black_usv8
      [RELEASE] white_usv5->black_usv8(目标失效)
      [RELEASE] white_usv2->black_usv8(目标失效)
[t=9,917s] step=370 | MISSION=NORMAL_C | USV: 4/5 (avail=0 int=2 lock=2 frz=0) | UAV: air=5 rtb=0 chg=0 loiter=0 | TRACKS: vis=1 lost=0 engaged=1 | TOP: black_usv2(x174,116) | KILL=7 | ACTIONS=9 | INTENT: focus=2 ratio=0.20
      [ASSIGN] white_usv2->black_usv2
[t=10,193s] step=380 | MISSION=NORMAL_C | USV: 4/5 (avail=1 int=1 lock=2 frz=0) | UAV: air=5 rtb=0 chg=0 loiter=0 | TRACKS: vis=1 lost=0 engaged=1 | TOP: black_usv2(x173,136) | KILL=7 | ACTIONS=9 | INTENT: focus=2 ratio=0.20
[t=10,459s] step=390 | MISSION=NORMAL_C | USV: 4/5 (avail=1 int=3 lock=0 frz=0) | UAV: air=5 rtb=0 chg=0 loiter=0 | TRACKS: vis=1 lost=0 engaged=0 | TOP: black_usv2(x172,906) | KILL=8 | ACTIONS=9 | INTENT: focus=2 ratio=0.20
[t=10,703s] step=400 | MISSION=NORMAL_C | USV: 4/5 (avail=1 int=3 lock=0 frz=0) | UAV: air=5 rtb=0 chg=0 loiter=0 | TRACKS: vis=1 lost=0 engaged=0 | TOP: black_usv2(x172,906) | KILL=8 | ACTIONS=9 | INTENT: focus=2 ratio=0.20
      [KILL] black_usv2
      [RELEASE] white_usv1->black_usv2(目标失效)
      [RELEASE] white_usv2->black_usv2(目标失效)
      [RELEASE] white_usv3->black_usv2(目标失效)
[t=10,972s] step=410 | MISSION=NORMAL_C | USV: 4/5 (avail=1 int=3 lock=0 frz=0) | UAV: air=5 rtb=0 chg=0 loiter=0 | TRACKS: vis=0 lost=0 engaged=0 | TOP:  | KILL=8 | ACTIONS=9 | INTENT: focus=2 ratio=0.20
[t=11,202s] step=420 | MISSION=NORMAL_C | USV: 4/5 (avail=4 int=0 lock=0 frz=0) | UAV: air=5 rtb=0 chg=0 loiter=0 | TRACKS: vis=0 lost=0 engaged=0 | TOP:  | KILL=8 | ACTIONS=9 | INTENT: focus=2 ratio=0.20
[t=11,416s] step=430 | MISSION=NORMAL_C | USV: 4/5 (avail=4 int=0 lock=0 frz=0) | UAV: air=5 rtb=0 chg=0 loiter=0 | TRACKS: vis=0 lost=0 engaged=0 | TOP:  | KILL=8 | ACTIONS=9 | INTENT: focus=2 ratio=0.20
[t=11,642s] step=440 | MISSION=NORMAL_C | USV: 4/5 (avail=4 int=0 lock=0 frz=0) | UAV: air=5 rtb=0 chg=0 loiter=0 | TRACKS: vis=0 lost=0 engaged=0 | TOP:  | KILL=8 | ACTIONS=9 | INTENT: focus=2 ratio=0.20
[t=11,881s] step=450 | MISSION=NORMAL_C | USV: 4/5 (avail=4 int=0 lock=0 frz=0) | UAV: air=5 rtb=0 chg=0 loiter=0 | TRACKS: vis=0 lost=0 engaged=0 | TOP:  | KILL=8 | ACTIONS=9 | INTENT: focus=2 ratio=0.20
[t=12,089s] step=460 | MISSION=NORMAL_C | USV: 4/5 (avail=4 int=0 lock=0 frz=0) | UAV: air=5 rtb=0 chg=0 loiter=0 | TRACKS: vis=0 lost=0 engaged=0 | TOP:  | KILL=8 | ACTIONS=9 | INTENT: focus=2 ratio=0.20
[t=12,305s] step=470 | MISSION=NORMAL_C | USV: 4/5 (avail=4 int=0 lock=0 frz=0) | UAV: air=5 rtb=0 chg=0 loiter=0 | TRACKS: vis=0 lost=0 engaged=0 | TOP:  | KILL=8 | ACTIONS=9 | INTENT: focus=2 ratio=0.20
[t=12,519s] step=480 | MISSION=NORMAL_C | USV: 4/5 (avail=4 int=0 lock=0 frz=0) | UAV: air=5 rtb=0 chg=0 loiter=0 | TRACKS: vis=0 lost=0 engaged=0 | TOP:  | KILL=8 | ACTIONS=9 | INTENT: focus=2 ratio=0.20
[t=12,723s] step=490 | MISSION=NORMAL_C | USV: 4/5 (avail=4 int=0 lock=0 frz=0) | UAV: air=5 rtb=0 chg=0 loiter=0 | TRACKS: vis=0 lost=0 engaged=0 | TOP:  | KILL=8 | ACTIONS=9 | INTENT: focus=2 ratio=0.20
[t=12,926s] step=500 | MISSION=NORMAL_C | USV: 4/5 (avail=4 int=0 lock=0 frz=0) | UAV: air=5 rtb=0 chg=0 loiter=0 | TRACKS: vis=0 lost=0 engaged=0 | TOP:  | KILL=8 | ACTIONS=9 | INTENT: focus=2 ratio=0.20
[t=13,145s] step=510 | MISSION=NORMAL_C | USV: 4/5 (avail=4 int=0 lock=0 frz=0) | UAV: air=5 rtb=0 chg=0 loiter=0 | TRACKS: vis=0 lost=0 engaged=0 | TOP:  | KILL=8 | ACTIONS=9 | INTENT: focus=2 ratio=0.20
[t=13,363s] step=520 | MISSION=NORMAL_C | USV: 4/5 (avail=4 int=0 lock=0 frz=0) | UAV: air=5 rtb=0 chg=0 loiter=0 | TRACKS: vis=0 lost=0 engaged=0 | TOP:  | KILL=8 | ACTIONS=9 | INTENT: focus=2 ratio=0.20
[t=13,575s] step=530 | MISSION=NORMAL_C | USV: 4/5 (avail=4 int=0 lock=0 frz=0) | UAV: air=5 rtb=0 chg=0 loiter=0 | TRACKS: vis=0 lost=0 engaged=0 | TOP:  | KILL=8 | ACTIONS=9 | INTENT: focus=2 ratio=0.20
[t=13,794s] step=540 | MISSION=NORMAL_C | USV: 4/5 (avail=4 int=0 lock=0 frz=0) | UAV: air=5 rtb=0 chg=0 loiter=0 | TRACKS: vis=0 lost=0 engaged=0 | TOP:  | KILL=8 | ACTIONS=9 | INTENT: focus=2 ratio=0.20
[t=14,011s] step=550 | MISSION=NORMAL_C | USV: 4/5 (avail=4 int=0 lock=0 frz=0) | UAV: air=5 rtb=0 chg=0 loiter=0 | TRACKS: vis=0 lost=0 engaged=0 | TOP:  | KILL=8 | ACTIONS=9 | INTENT: focus=2 ratio=0.20
[t=14,226s] step=560 | MISSION=NORMAL_C | USV: 4/5 (avail=4 int=0 lock=0 frz=0) | UAV: air=5 rtb=0 chg=0 loiter=0 | TRACKS: vis=0 lost=0 engaged=0 | TOP:  | KILL=8 | ACTIONS=9 | INTENT: focus=2 ratio=0.20
[t=14,427s] step=570 | MISSION=NORMAL_C | USV: 4/5 (avail=4 int=0 lock=0 frz=0) | UAV: air=5 rtb=0 chg=0 loiter=0 | TRACKS: vis=0 lost=0 engaged=0 | TOP:  | KILL=8 | ACTIONS=9 | INTENT: focus=2 ratio=0.20
[t=14,649s] step=580 | MISSION=NORMAL_C | USV: 4/5 (avail=4 int=0 lock=0 frz=0) | UAV: air=5 rtb=0 chg=0 loiter=0 | TRACKS: vis=0 lost=0 engaged=0 | TOP:  | KILL=8 | ACTIONS=9 | INTENT: focus=2 ratio=0.20
      [DETECT] black_usv10
      [ASSIGN] white_usv1->black_usv10
      [ASSIGN] white_usv2->black_usv10
      [ASSIGN] white_usv5->black_usv10
[t=14,875s] step=590 | MISSION=NORMAL_C | USV: 4/5 (avail=1 int=3 lock=0 frz=0) | UAV: air=5 rtb=0 chg=0 loiter=0 | TRACKS: vis=1 lost=0 engaged=0 | TOP: black_usv10(x130,582) | KILL=8 | ACTIONS=9 | INTENT: focus=2 ratio=0.20
[t=15,092s] step=600 | MISSION=NORMAL_C | USV: 4/5 (avail=1 int=3 lock=0 frz=0) | UAV: air=5 rtb=0 chg=0 loiter=0 | TRACKS: vis=0 lost=1 engaged=0 | TOP: black_usv10(x128,422) | KILL=8 | ACTIONS=9 | INTENT: focus=2 ratio=0.20
      [RELEASE] white_usv1->black_usv10(目标失效)
      [RELEASE] white_usv5->black_usv10(目标失效)
      [RELEASE] white_usv2->black_usv10(目标失效)
[t=15,333s] step=610 | MISSION=NORMAL_C | USV: 4/5 (avail=4 int=0 lock=0 frz=0) | UAV: air=5 rtb=0 chg=0 loiter=0 | TRACKS: vis=0 lost=0 engaged=0 | TOP:  | KILL=8 | ACTIONS=9 | INTENT: focus=2 ratio=0.20
[t=15,610s] step=620 | MISSION=NORMAL_C | USV: 4/5 (avail=4 int=0 lock=0 frz=0) | UAV: air=5 rtb=0 chg=0 loiter=0 | TRACKS: vis=0 lost=0 engaged=0 | TOP:  | KILL=8 | ACTIONS=9 | INTENT: focus=2 ratio=0.20
[t=15,876s] step=630 | MISSION=NORMAL_C | USV: 4/5 (avail=4 int=0 lock=0 frz=0) | UAV: air=5 rtb=0 chg=0 loiter=0 | TRACKS: vis=0 lost=0 engaged=0 | TOP:  | KILL=8 | ACTIONS=9 | INTENT: focus=2 ratio=0.20
[t=16,122s] step=640 | MISSION=NORMAL_C | USV: 4/5 (avail=4 int=0 lock=0 frz=0) | UAV: air=5 rtb=0 chg=0 loiter=0 | TRACKS: vis=0 lost=0 engaged=0 | TOP:  | KILL=8 | ACTIONS=9 | INTENT: focus=2 ratio=0.20
[t=16,353s] step=650 | MISSION=NORMAL_C | USV: 4/5 (avail=4 int=0 lock=0 frz=0) | UAV: air=5 rtb=0 chg=0 loiter=0 | TRACKS: vis=0 lost=0 engaged=0 | TOP:  | KILL=8 | ACTIONS=9 | INTENT: focus=2 ratio=0.20
[t=16,553s] step=660 | MISSION=NORMAL_C | USV: 4/5 (avail=4 int=0 lock=0 frz=0) | UAV: air=5 rtb=0 chg=0 loiter=0 | TRACKS: vis=0 lost=0 engaged=0 | TOP:  | KILL=8 | ACTIONS=9 | INTENT: focus=2 ratio=0.20
[t=16,795s] step=670 | MISSION=NORMAL_C | USV: 4/5 (avail=4 int=0 lock=0 frz=0) | UAV: air=5 rtb=0 chg=0 loiter=0 | TRACKS: vis=0 lost=0 engaged=0 | TOP:  | KILL=8 | ACTIONS=9 | INTENT: focus=2 ratio=0.20
[t=17,010s] step=680 | MISSION=NORMAL_C | USV: 4/5 (avail=4 int=0 lock=0 frz=0) | UAV: air=5 rtb=0 chg=0 loiter=0 | TRACKS: vis=0 lost=0 engaged=0 | TOP:  | KILL=8 | ACTIONS=9 | INTENT: focus=2 ratio=0.20
[t=17,242s] step=690 | MISSION=NORMAL_C | USV: 4/5 (avail=4 int=0 lock=0 frz=0) | UAV: air=5 rtb=0 chg=0 loiter=0 | TRACKS: vis=0 lost=0 engaged=0 | TOP:  | KILL=8 | ACTIONS=9 | INTENT: focus=2 ratio=0.20
[t=17,480s] step=700 | MISSION=NORMAL_C | USV: 4/5 (avail=4 int=0 lock=0 frz=0) | UAV: air=5 rtb=0 chg=0 loiter=0 | TRACKS: vis=0 lost=0 engaged=0 | TOP:  | KILL=8 | ACTIONS=9 | INTENT: focus=2 ratio=0.20
[t=17,723s] step=710 | MISSION=NORMAL_C | USV: 3/5 (avail=3 int=0 lock=0 frz=0) | UAV: air=5 rtb=0 chg=0 loiter=0 | TRACKS: vis=0 lost=0 engaged=0 | TOP:  | KILL=8 | ACTIONS=8 | INTENT: focus=2 ratio=0.20
[t=17,939s] step=720 | MISSION=NORMAL_C | USV: 3/5 (avail=3 int=0 lock=0 frz=0) | UAV: air=5 rtb=0 chg=0 loiter=0 | TRACKS: vis=0 lost=0 engaged=0 | TOP:  | KILL=8 | ACTIONS=8 | INTENT: focus=2 ratio=0.20
      [DETECT] black_usv10
      [ASSIGN] white_usv1->black_usv10
      [ASSIGN] white_usv2->black_usv10
      [ASSIGN] white_usv5->black_usv10
[t=18,174s] step=730 | MISSION=NORMAL_C | USV: 3/5 (avail=0 int=3 lock=0 frz=0) | UAV: air=5 rtb=0 chg=0 loiter=0 | TRACKS: vis=1 lost=0 engaged=0 | TOP: black_usv10(x99,713) | KILL=8 | ACTIONS=8 | INTENT: focus=2 ratio=0.20
[t=18,389s] step=740 | MISSION=NORMAL_C | USV: 3/5 (avail=0 int=3 lock=0 frz=0) | UAV: air=5 rtb=0 chg=0 loiter=0 | TRACKS: vis=0 lost=1 engaged=0 | TOP: black_usv10(x97,568) | KILL=8 | ACTIONS=8 | INTENT: focus=2 ratio=0.20
      [RELEASE] white_usv1->black_usv10(目标失效)
      [RELEASE] white_usv5->black_usv10(目标失效)
      [RELEASE] white_usv2->black_usv10(目标失效)
[t=18,614s] step=750 | MISSION=NORMAL_C | USV: 3/5 (avail=3 int=0 lock=0 frz=0) | UAV: air=5 rtb=0 chg=0 loiter=0 | TRACKS: vis=0 lost=0 engaged=0 | TOP:  | KILL=8 | ACTIONS=8 | INTENT: focus=2 ratio=0.20
[t=18,826s] step=760 | MISSION=NORMAL_C | USV: 3/5 (avail=3 int=0 lock=0 frz=0) | UAV: air=5 rtb=0 chg=0 loiter=0 | TRACKS: vis=0 lost=0 engaged=0 | TOP:  | KILL=8 | ACTIONS=8 | INTENT: focus=2 ratio=0.20
[t=19,057s] step=770 | MISSION=NORMAL_C | USV: 3/5 (avail=3 int=0 lock=0 frz=0) | UAV: air=5 rtb=0 chg=0 loiter=0 | TRACKS: vis=0 lost=0 engaged=0 | TOP:  | KILL=8 | ACTIONS=8 | INTENT: focus=2 ratio=0.20
[t=19,273s] step=780 | MISSION=NORMAL_C | USV: 1/5 (avail=1 int=0 lock=0 frz=0) | UAV: air=5 rtb=0 chg=0 loiter=0 | TRACKS: vis=0 lost=0 engaged=0 | TOP:  | KILL=8 | ACTIONS=6 | INTENT: focus=2 ratio=0.20
[t=19,474s] step=790 | MISSION=NORMAL_C | USV: 0/5 (avail=0 int=0 lock=0 frz=0) | UAV: air=5 rtb=0 chg=0 loiter=0 | TRACKS: vis=0 lost=0 engaged=0 | TOP:  | KILL=8 | ACTIONS=5 | INTENT: focus=2 ratio=0.20
[t=19,683s] step=800 | MISSION=NORMAL_C | USV: 0/5 (avail=0 int=0 lock=0 frz=0) | UAV: air=5 rtb=0 chg=0 loiter=0 | TRACKS: vis=0 lost=0 engaged=0 | TOP:  | KILL=8 | ACTIONS=5 | INTENT: focus=2 ratio=0.20
[t=19,882s] step=810 | MISSION=NORMAL_C | USV: 0/5 (avail=0 int=0 lock=0 frz=0) | UAV: air=5 rtb=0 chg=0 loiter=0 | TRACKS: vis=0 lost=0 engaged=0 | TOP:  | KILL=8 | ACTIONS=5 | INTENT: focus=2 ratio=0.20
[t=20,083s] step=820 | MISSION=NORMAL_C | USV: 0/5 (avail=0 int=0 lock=0 frz=0) | UAV: air=5 rtb=0 chg=0 loiter=0 | TRACKS: vis=0 lost=0 engaged=0 | TOP:  | KILL=8 | ACTIONS=5 | INTENT: focus=2 ratio=0.20
[t=20,283s] step=830 | MISSION=NORMAL_C | USV: 0/5 (avail=0 int=0 lock=0 frz=0) | UAV: air=5 rtb=0 chg=0 loiter=0 | TRACKS: vis=0 lost=0 engaged=0 | TOP:  | KILL=8 | ACTIONS=5 | INTENT: focus=2 ratio=0.20
[t=20,483s] step=840 | MISSION=NORMAL_C | USV: 0/5 (avail=0 int=0 lock=0 frz=0) | UAV: air=5 rtb=0 chg=0 loiter=0 | TRACKS: vis=0 lost=0 engaged=0 | TOP:  | KILL=8 | ACTIONS=5 | INTENT: focus=2 ratio=0.20
[t=20,683s] step=850 | MISSION=NORMAL_C | USV: 0/5 (avail=0 int=0 lock=0 frz=0) | UAV: air=5 rtb=0 chg=0 loiter=0 | TRACKS: vis=0 lost=0 engaged=0 | TOP:  | KILL=8 | ACTIONS=5 | INTENT: focus=2 ratio=0.20
[t=20,884s] step=860 | MISSION=NORMAL_C | USV: 0/5 (avail=0 int=0 lock=0 frz=0) | UAV: air=5 rtb=0 chg=0 loiter=0 | TRACKS: vis=0 lost=0 engaged=0 | TOP:  | KILL=8 | ACTIONS=5 | INTENT: focus=2 ratio=0.20
[t=21,084s] step=870 | MISSION=NORMAL_C | USV: 0/5 (avail=0 int=0 lock=0 frz=0) | UAV: air=5 rtb=0 chg=0 loiter=0 | TRACKS: vis=0 lost=0 engaged=0 | TOP:  | KILL=8 | ACTIONS=5 | INTENT: focus=2 ratio=0.20
[t=21,283s] step=880 | MISSION=NORMAL_C | USV: 0/5 (avail=0 int=0 lock=0 frz=0) | UAV: air=5 rtb=0 chg=0 loiter=0 | TRACKS: vis=0 lost=0 engaged=0 | TOP:  | KILL=8 | ACTIONS=5 | INTENT: focus=2 ratio=0.20
[t=21,483s] step=890 | MISSION=NORMAL_C | USV: 0/5 (avail=0 int=0 lock=0 frz=0) | UAV: air=5 rtb=0 chg=0 loiter=0 | TRACKS: vis=0 lost=0 engaged=0 | TOP:  | KILL=8 | ACTIONS=5 | INTENT: focus=2 ratio=0.20
[t=21,685s] step=900 | MISSION=NORMAL_C | USV: 0/5 (avail=0 int=0 lock=0 frz=0) | UAV: air=5 rtb=0 chg=0 loiter=0 | TRACKS: vis=0 lost=0 engaged=0 | TOP:  | KILL=8 | ACTIONS=5 | INTENT: focus=2 ratio=0.20
[t=21,895s] step=910 | MISSION=NORMAL_C | USV: 0/5 (avail=0 int=0 lock=0 frz=0) | UAV: air=5 rtb=0 chg=0 loiter=0 | TRACKS: vis=0 lost=0 engaged=0 | TOP:  | KILL=8 | ACTIONS=5 | INTENT: focus=2 ratio=0.20
[t=22,096s] step=920 | MISSION=NORMAL_C | USV: 0/5 (avail=0 int=0 lock=0 frz=0) | UAV: air=5 rtb=0 chg=0 loiter=0 | TRACKS: vis=0 lost=0 engaged=0 | TOP:  | KILL=8 | ACTIONS=5 | INTENT: focus=2 ratio=0.20
[t=22,291s] step=930 | MISSION=NORMAL_C | USV: 0/5 (avail=0 int=0 lock=0 frz=0) | UAV: air=5 rtb=0 chg=0 loiter=0 | TRACKS: vis=0 lost=0 engaged=0 | TOP:  | KILL=8 | ACTIONS=5 | INTENT: focus=2 ratio=0.20
[t=22,515s] step=940 | MISSION=NORMAL_C | USV: 0/5 (avail=0 int=0 lock=0 frz=0) | UAV: air=0 rtb=0 chg=0 loiter=5 | TRACKS: vis=0 lost=0 engaged=0 | TOP:  | KILL=8 | ACTIONS=5 | INTENT: focus=2 ratio=0.20
[t=22,725s] step=950 | MISSION=NORMAL_C | USV: 0/5 (avail=0 int=0 lock=0 frz=0) | UAV: air=0 rtb=0 chg=0 loiter=5 | TRACKS: vis=0 lost=0 engaged=0 | TOP:  | KILL=8 | ACTIONS=5 | INTENT: focus=2 ratio=0.20
[t=22,926s] step=960 | MISSION=NORMAL_C | USV: 0/5 (avail=0 int=0 lock=0 frz=0) | UAV: air=0 rtb=0 chg=0 loiter=5 | TRACKS: vis=0 lost=0 engaged=0 | TOP:  | KILL=8 | ACTIONS=5 | INTENT: focus=2 ratio=0.20
[t=23,133s] step=970 | MISSION=NORMAL_C | USV: 0/5 (avail=0 int=0 lock=0 frz=0) | UAV: air=0 rtb=0 chg=0 loiter=5 | TRACKS: vis=0 lost=0 engaged=0 | TOP:  | KILL=8 | ACTIONS=5 | INTENT: focus=2 ratio=0.20
[t=23,343s] step=980 | MISSION=NORMAL_C | USV: 0/5 (avail=0 int=0 lock=0 frz=0) | UAV: air=0 rtb=0 chg=0 loiter=5 | TRACKS: vis=0 lost=0 engaged=0 | TOP:  | KILL=8 | ACTIONS=5 | INTENT: focus=2 ratio=0.20
[t=23,542s] step=990 | MISSION=NORMAL_C | USV: 0/5 (avail=0 int=0 lock=0 frz=0) | UAV: air=0 rtb=0 chg=0 loiter=5 | TRACKS: vis=0 lost=0 engaged=0 | TOP:  | KILL=8 | ACTIONS=5 | INTENT: focus=2 ratio=0.20

========================================================================
对局结果: Result.Defeat — 敌方1艘艇突破防线
  击杀蓝舰: 9 | 命中: 16 | 我方USV损失: 5 | UAV损失: 0 | 突破: 1
[META] result=Result.Defeat victory_time=23741 first_detection=1852 first_lock=7461 first_kill=8355 enemy_kills=9 friendly_usv_losses=5 friendly_uav_losses=0 black_breakthrough=1 reacquire_attempts=96 reacquire_success=103 sensor_assisted_locks=44 low_conf_commitments=0 global_reacquire_entries=0 global_reacquire_success=0 coverage_collapse_events=52 active_clusters_max=0 coverage_quality_final=0.15 commander_source=default_intent commander_calls=0 commander_changes=0 commander_no_change=0 commander_parse_failures=0 commander_api_failures=0 commander_policy_failures=0 commander_avg_latency=0.0
Done
