========================================================================
HYBRID AGENT V5 — Variable-Cardinality Hierarchical Maritime Agent
  启用UAV: True | LLM_ENABLED: False
========================================================================
对局 69 开始
      [UAV RELAUNCH] white_uav3
      [UAV RELAUNCH] white_uav2
      [UAV RELAUNCH] white_uav1
      [UAV RELAUNCH] white_uav4
      [UAV RELAUNCH] white_uav5
[t=174s] step=10 | MISSION=NORMAL_C | USV: 5/5 (avail=5 int=0 lock=0 frz=0) | UAV: air=5 rtb=0 chg=0 loiter=0 | TRACKS: vis=0 lost=0 engaged=0 | TOP:  | KILL=0 | ACTIONS=10 | INTENT: focus=2 ratio=0.20
  [INTENT APPLIED]
    ThreatAllocator: focus 2 emergency 3 reserve_ratio 0.20 reserve_usvs None bias breakthrough_eta
    UAVManager: mode search_and_reacquire uav_priority []
[t=410s] step=20 | MISSION=NORMAL_C | USV: 5/5 (avail=5 int=0 lock=0 frz=0) | UAV: air=5 rtb=0 chg=0 loiter=0 | TRACKS: vis=0 lost=0 engaged=0 | TOP:  | KILL=0 | ACTIONS=10 | INTENT: focus=2 ratio=0.20
[t=606s] step=30 | MISSION=NORMAL_C | USV: 5/5 (avail=5 int=0 lock=0 frz=0) | UAV: air=5 rtb=0 chg=0 loiter=0 | TRACKS: vis=0 lost=0 engaged=0 | TOP:  | KILL=0 | ACTIONS=10 | INTENT: focus=2 ratio=0.20
[t=811s] step=40 | MISSION=NORMAL_C | USV: 5/5 (avail=5 int=0 lock=0 frz=0) | UAV: air=5 rtb=0 chg=0 loiter=0 | TRACKS: vis=0 lost=0 engaged=0 | TOP:  | KILL=0 | ACTIONS=10 | INTENT: focus=2 ratio=0.20
[t=1,031s] step=50 | MISSION=NORMAL_C | USV: 5/5 (avail=5 int=0 lock=0 frz=0) | UAV: air=5 rtb=0 chg=0 loiter=0 | TRACKS: vis=0 lost=0 engaged=0 | TOP:  | KILL=0 | ACTIONS=10 | INTENT: focus=2 ratio=0.20
[t=1,249s] step=60 | MISSION=NORMAL_C | USV: 5/5 (avail=5 int=0 lock=0 frz=0) | UAV: air=5 rtb=0 chg=0 loiter=0 | TRACKS: vis=0 lost=0 engaged=0 | TOP:  | KILL=0 | ACTIONS=10 | INTENT: focus=2 ratio=0.20
[t=1,467s] step=70 | MISSION=NORMAL_C | USV: 5/5 (avail=5 int=0 lock=0 frz=0) | UAV: air=5 rtb=0 chg=0 loiter=0 | TRACKS: vis=0 lost=0 engaged=0 | TOP:  | KILL=0 | ACTIONS=10 | INTENT: focus=2 ratio=0.20
[t=1,688s] step=80 | MISSION=NORMAL_C | USV: 5/5 (avail=5 int=0 lock=0 frz=0) | UAV: air=5 rtb=0 chg=0 loiter=0 | TRACKS: vis=0 lost=0 engaged=0 | TOP:  | KILL=0 | ACTIONS=10 | INTENT: focus=2 ratio=0.20
      [DETECT] black_usv6
      [DETECT] black_usv5
      [ASSIGN] white_usv3->black_usv5
      [ASSIGN] white_usv5->black_usv6
      [ASSIGN] white_usv1->black_usv5
      [ASSIGN] white_usv2->black_usv6
      [DETECT] black_usv8
      [DETECT] black_usv7
      [ASSIGN] white_usv4->black_usv7
      [DETECT] black_usv4
      [DETECT] black_usv9
[t=1,907s] step=90 | MISSION=NORMAL_C | USV: 5/5 (avail=0 int=5 lock=0 frz=0) | UAV: air=5 rtb=0 chg=0 loiter=0 | TRACKS: vis=6 lost=0 engaged=0 | TOP: black_usv9(x241,135) black_usv8(x241,414) black_usv4(x242,489) | KILL=0 | ACTIONS=10 | INTENT: focus=2 ratio=0.20
      [DETECT] black_usv10
      [DETECT] black_usv3
      [DETECT] black_usv1
      [DETECT] black_usv2
[t=2,129s] step=100 | MISSION=NORMAL_C | USV: 5/5 (avail=0 int=5 lock=0 frz=0) | UAV: air=5 rtb=0 chg=0 loiter=0 | TRACKS: vis=10 lost=0 engaged=0 | TOP: black_usv1(x238,739) black_usv2(x238,764) black_usv9(x238,931) | KILL=0 | ACTIONS=10 | INTENT: focus=2 ratio=0.20
[t=2,372s] step=110 | MISSION=NORMAL_C | USV: 5/5 (avail=0 int=5 lock=0 frz=0) | UAV: air=5 rtb=0 chg=0 loiter=0 | TRACKS: vis=10 lost=0 engaged=0 | TOP: black_usv1(x236,326) black_usv2(x236,348) black_usv9(x236,535) | KILL=0 | ACTIONS=10 | INTENT: focus=2 ratio=0.20
[t=2,606s] step=120 | MISSION=NORMAL_C | USV: 5/5 (avail=0 int=5 lock=0 frz=0) | UAV: air=5 rtb=0 chg=0 loiter=0 | TRACKS: vis=10 lost=0 engaged=0 | TOP: black_usv1(x233,992) black_usv2(x234,022) black_usv9(x234,227) | KILL=0 | ACTIONS=10 | INTENT: focus=2 ratio=0.20
[t=2,838s] step=130 | MISSION=NORMAL_C | USV: 5/5 (avail=0 int=5 lock=0 frz=0) | UAV: air=5 rtb=0 chg=0 loiter=0 | TRACKS: vis=10 lost=0 engaged=0 | TOP: black_usv1(x231,679) black_usv2(x231,711) black_usv9(x231,934) | KILL=0 | ACTIONS=10 | INTENT: focus=2 ratio=0.20
[t=3,070s] step=140 | MISSION=NORMAL_C | USV: 5/5 (avail=0 int=5 lock=0 frz=0) | UAV: air=5 rtb=0 chg=0 loiter=0 | TRACKS: vis=10 lost=0 engaged=0 | TOP: black_usv1(x229,365) black_usv2(x229,400) black_usv9(x229,642) | KILL=0 | ACTIONS=10 | INTENT: focus=2 ratio=0.20
[t=3,306s] step=150 | MISSION=NORMAL_C | USV: 5/5 (avail=0 int=5 lock=0 frz=0) | UAV: air=5 rtb=0 chg=0 loiter=0 | TRACKS: vis=8 lost=2 engaged=0 | TOP: black_usv1(x227,011) black_usv2(x227,050) black_usv9(x227,309) | KILL=0 | ACTIONS=10 | INTENT: focus=2 ratio=0.20
[t=3,548s] step=160 | MISSION=NORMAL_C | USV: 5/5 (avail=0 int=5 lock=0 frz=0) | UAV: air=5 rtb=0 chg=0 loiter=0 | TRACKS: vis=6 lost=4 engaged=0 | TOP: black_usv1(x224,592) black_usv2(x224,633) black_usv9(x224,918) | KILL=0 | ACTIONS=10 | INTENT: focus=2 ratio=0.20
[t=3,799s] step=170 | MISSION=NORMAL_C | USV: 5/5 (avail=0 int=5 lock=0 frz=0) | UAV: air=5 rtb=0 chg=0 loiter=0 | TRACKS: vis=10 lost=0 engaged=0 | TOP: black_usv1(x222,095) black_usv2(x222,139) black_usv9(x222,428) | KILL=0 | ACTIONS=10 | INTENT: focus=2 ratio=0.20
[t=4,046s] step=180 | MISSION=NORMAL_C | USV: 5/5 (avail=0 int=5 lock=0 frz=0) | UAV: air=5 rtb=0 chg=0 loiter=0 | TRACKS: vis=9 lost=1 engaged=0 | TOP: black_usv1(x219,625) black_usv2(x219,679) black_usv9(x219,996) | KILL=0 | ACTIONS=10 | INTENT: focus=2 ratio=0.20
[t=4,297s] step=190 | MISSION=NORMAL_C | USV: 5/5 (avail=0 int=5 lock=0 frz=0) | UAV: air=5 rtb=0 chg=0 loiter=0 | TRACKS: vis=10 lost=0 engaged=0 | TOP: black_usv1(x217,129) black_usv2(x217,178) black_usv9(x217,516) | KILL=0 | ACTIONS=10 | INTENT: focus=2 ratio=0.20
[t=4,556s] step=200 | MISSION=NORMAL_C | USV: 5/5 (avail=0 int=5 lock=0 frz=0) | UAV: air=5 rtb=0 chg=0 loiter=0 | TRACKS: vis=10 lost=0 engaged=0 | TOP: black_usv1(x214,546) black_usv2(x214,599) black_usv9(x214,956) | KILL=0 | ACTIONS=10 | INTENT: focus=2 ratio=0.20
[t=4,809s] step=210 | MISSION=NORMAL_C | USV: 5/5 (avail=0 int=5 lock=0 frz=0) | UAV: air=5 rtb=0 chg=0 loiter=0 | TRACKS: vis=10 lost=0 engaged=0 | TOP: black_usv1(x212,017) black_usv2(x212,072) black_usv9(x212,450) | KILL=0 | ACTIONS=10 | INTENT: focus=2 ratio=0.20
[t=5,060s] step=220 | MISSION=NORMAL_C | USV: 5/5 (avail=0 int=5 lock=0 frz=0) | UAV: air=5 rtb=0 chg=0 loiter=0 | TRACKS: vis=10 lost=0 engaged=0 | TOP: black_usv1(x209,515) black_usv2(x209,573) black_usv9(x209,976) | KILL=0 | ACTIONS=10 | INTENT: focus=2 ratio=0.20
[t=5,299s] step=230 | MISSION=NORMAL_C | USV: 5/5 (avail=0 int=5 lock=0 frz=0) | UAV: air=5 rtb=0 chg=0 loiter=0 | TRACKS: vis=10 lost=0 engaged=0 | TOP: black_usv1(x207,136) black_usv2(x207,198) black_usv9(x207,614) | KILL=0 | ACTIONS=10 | INTENT: focus=2 ratio=0.20
[t=5,533s] step=240 | MISSION=NORMAL_C | USV: 5/5 (avail=0 int=5 lock=0 frz=0) | UAV: air=5 rtb=0 chg=0 loiter=0 | TRACKS: vis=10 lost=0 engaged=0 | TOP: black_usv1(x204,803) black_usv2(x204,867) black_usv9(x205,301) | KILL=0 | ACTIONS=10 | INTENT: focus=2 ratio=0.20
[t=5,804s] step=250 | MISSION=NORMAL_C | USV: 5/5 (avail=0 int=5 lock=0 frz=0) | UAV: air=5 rtb=0 chg=0 loiter=0 | TRACKS: vis=10 lost=0 engaged=0 | TOP: black_usv1(x202,100) black_usv2(x202,167) black_usv9(x202,623) | KILL=0 | ACTIONS=10 | INTENT: focus=2 ratio=0.20
[t=6,080s] step=260 | MISSION=NORMAL_C | USV: 5/5 (avail=0 int=5 lock=0 frz=0) | UAV: air=5 rtb=0 chg=0 loiter=0 | TRACKS: vis=10 lost=0 engaged=0 | TOP: black_usv1(x199,348) black_usv2(x199,418) black_usv9(x199,896) | KILL=0 | ACTIONS=10 | INTENT: focus=2 ratio=0.20
[t=6,335s] step=270 | MISSION=NORMAL_C | USV: 5/5 (avail=0 int=5 lock=0 frz=0) | UAV: air=5 rtb=0 chg=0 loiter=0 | TRACKS: vis=10 lost=0 engaged=0 | TOP: black_usv1(x196,805) black_usv2(x196,878) black_usv9(x197,376) | KILL=0 | ACTIONS=10 | INTENT: focus=2 ratio=0.20
[t=6,580s] step=280 | MISSION=NORMAL_C | USV: 5/5 (avail=0 int=5 lock=0 frz=0) | UAV: air=5 rtb=0 chg=0 loiter=0 | TRACKS: vis=10 lost=0 engaged=0 | TOP: black_usv1(x194,362) black_usv2(x194,438) black_usv9(x194,954) | KILL=0 | ACTIONS=10 | INTENT: focus=2 ratio=0.20
[t=6,817s] step=290 | MISSION=NORMAL_C | USV: 5/5 (avail=0 int=5 lock=0 frz=0) | UAV: air=5 rtb=0 chg=0 loiter=0 | TRACKS: vis=10 lost=0 engaged=0 | TOP: black_usv1(x191,998) black_usv2(x192,077) black_usv9(x192,612) | KILL=0 | ACTIONS=10 | INTENT: focus=2 ratio=0.20
[t=7,071s] step=300 | MISSION=NORMAL_C | USV: 5/5 (avail=0 int=5 lock=0 frz=0) | UAV: air=5 rtb=0 chg=0 loiter=0 | TRACKS: vis=10 lost=0 engaged=0 | TOP: black_usv1(x189,465) black_usv2(x189,547) black_usv9(x190,102) | KILL=0 | ACTIONS=10 | INTENT: focus=2 ratio=0.20
[t=7,326s] step=310 | MISSION=NORMAL_C | USV: 5/5 (avail=0 int=5 lock=0 frz=0) | UAV: air=5 rtb=0 chg=0 loiter=0 | TRACKS: vis=10 lost=0 engaged=0 | TOP: black_usv1(x186,922) black_usv2(x187,007) black_usv9(x187,582) | KILL=0 | ACTIONS=10 | INTENT: focus=2 ratio=0.20
      [ASSIGN] white_usv4->black_usv6(机会锁定)
      [ASSIGN] white_usv5->black_usv7(机会锁定)
      [ASSIGN] white_usv2->black_usv8(机会锁定)
[t=7,597s] step=320 | MISSION=NORMAL_C | USV: 5/5 (avail=0 int=0 lock=5 frz=0) | UAV: air=5 rtb=0 chg=0 loiter=0 | TRACKS: vis=10 lost=0 engaged=4 | TOP: black_usv1(x184,220) black_usv2(x184,308) black_usv10(x185,558) | KILL=0 | ACTIONS=10 | INTENT: focus=2 ratio=0.20
      [ASSIGN] white_usv4->black_usv9(机会锁定)
      [ASSIGN] white_usv3->black_usv2(机会锁定)
      [ASSIGN] white_usv5->black_usv6(机会锁定)
      [ASSIGN] white_usv1->black_usv2(机会锁定)
      [ASSIGN] white_usv4->black_usv7(机会锁定)
      [ASSIGN] white_usv2->black_usv5(机会锁定)
[t=7,850s] step=330 | MISSION=NORMAL_C | USV: 5/5 (avail=0 int=0 lock=5 frz=0) | UAV: air=5 rtb=0 chg=0 loiter=0 | TRACKS: vis=10 lost=0 engaged=4 | TOP: black_usv1(x181,697) black_usv10(x183,080) black_usv8(x184,291) | KILL=0 | ACTIONS=10 | INTENT: focus=2 ratio=0.20
      [ASSIGN] white_usv3->black_usv8(机会锁定)
      [ASSIGN] white_usv5->black_usv8(机会锁定)
      [ASSIGN] white_usv1->black_usv8(机会锁定)
      [ASSIGN] white_usv4->black_usv6(机会锁定)
      [ASSIGN] white_usv2->black_usv7(机会锁定)
      [ASSIGN] white_usv4->black_usv7(机会锁定)
[t=8,109s] step=340 | MISSION=NORMAL_C | USV: 5/5 (avail=0 int=2 lock=3 frz=0) | UAV: air=5 rtb=0 chg=0 loiter=0 | TRACKS: vis=10 lost=0 engaged=1 | TOP: black_usv1(x179,104) black_usv2(x180,014) black_usv10(x180,532) | KILL=4 | ACTIONS=10 | INTENT: focus=2 ratio=0.20
      [ASSIGN] white_usv2->black_usv6(机会锁定)
      [ASSIGN] white_usv4->black_usv6(机会锁定)
      [ASSIGN] white_usv2->black_usv5(机会锁定)
      [ASSIGN] white_usv4->black_usv7(机会锁定)
      [ASSIGN] white_usv2->black_usv6(机会锁定)
      [ASSIGN] white_usv4->black_usv6(机会锁定)
      [ASSIGN] white_usv2->black_usv5(机会锁定)
      [ASSIGN] white_usv4->black_usv7(机会锁定)
      [ASSIGN] white_usv2->black_usv6(机会锁定)
      [ASSIGN] white_usv4->black_usv6(机会锁定)
      [ASSIGN] white_usv2->black_usv5(机会锁定)
      [ASSIGN] white_usv4->black_usv7(机会锁定)
      [ASSIGN] white_usv2->black_usv6(机会锁定)
      [ASSIGN] white_usv4->black_usv6(机会锁定)
      [ASSIGN] white_usv2->black_usv5(机会锁定)
      [ASSIGN] white_usv4->black_usv7(机会锁定)
      [ASSIGN] white_usv3->black_usv2(机会锁定)
      [ASSIGN] white_usv5->black_usv6(机会锁定)
      [ASSIGN] white_usv1->black_usv2(机会锁定)
      [ASSIGN] white_usv2->black_usv6(机会锁定)
      [ASSIGN] white_usv4->black_usv6(机会锁定)
      [ASSIGN] white_usv3->black_usv8(机会锁定)
      [ASSIGN] white_usv5->black_usv7(机会锁定)
      [ASSIGN] white_usv1->black_usv1(机会锁定)
[t=8,397s] step=350 | MISSION=NORMAL_C | USV: 4/5 (avail=0 int=4 lock=0 frz=0) | UAV: air=5 rtb=0 chg=0 loiter=0 | TRACKS: vis=10 lost=0 engaged=0 | TOP: black_usv1(x176,242) black_usv10(x177,721) black_usv3(x179,942) | KILL=5 | ACTIONS=9 | INTENT: focus=2 ratio=0.20
      [ASSIGN] white_usv3->black_usv5(机会锁定)
      [ASSIGN] white_usv5->black_usv10(机会锁定)
      [ASSIGN] white_usv3->black_usv8(机会锁定)
      [ASSIGN] white_usv4->black_usv7(机会锁定)
      [ASSIGN] white_usv3->black_usv5(机会锁定)
      [ASSIGN] white_usv4->black_usv6(机会锁定)
      [ASSIGN] white_usv3->black_usv8(机会锁定)
      [ASSIGN] white_usv4->black_usv7(机会锁定)
      [ASSIGN] white_usv3->black_usv5(机会锁定)
      [ASSIGN] white_usv4->black_usv6(机会锁定)
      [ASSIGN] white_usv3->black_usv8(机会锁定)
      [ASSIGN] white_usv4->black_usv7(机会锁定)
      [ASSIGN] white_usv3->black_usv5(机会锁定)
      [ASSIGN] white_usv4->black_usv6(机会锁定)
      [ASSIGN] white_usv3->black_usv8(机会锁定)
      [ASSIGN] white_usv4->black_usv7(机会锁定)
      [ASSIGN] white_usv3->black_usv5(机会锁定)
      [ASSIGN] white_usv4->black_usv6(机会锁定)
      [ASSIGN] white_usv3->black_usv8(机会锁定)
      [ASSIGN] white_usv4->black_usv7(机会锁定)
[t=8,620s] step=360 | MISSION=NORMAL_C | USV: 4/5 (avail=0 int=2 lock=2 frz=0) | UAV: air=5 rtb=0 chg=0 loiter=0 | TRACKS: vis=10 lost=0 engaged=2 | TOP: black_usv2(x180,014) black_usv3(x177,811) black_usv8(x181,468) | KILL=5 | ACTIONS=9 | INTENT: focus=2 ratio=0.20
      [ASSIGN] white_usv3->black_usv5(机会锁定)
      [ASSIGN] white_usv4->black_usv6(机会锁定)
      [KILL] black_usv6
      [KILL] black_usv2
      [ASSIGN] white_usv3->black_usv8(机会锁定)
      [RELEASE] white_usv4->black_usv6(目标失效)
      [ASSIGN] white_usv4->black_usv7(机会锁定)
      [KILL] black_usv7
      [ASSIGN] white_usv3->black_usv5(机会锁定)
      [RELEASE] white_usv4->black_usv7(目标失效)
      [ASSIGN] white_usv4->black_usv8(机会锁定)
      [KILL] black_usv5
      [RELEASE] white_usv3->black_usv5(目标失效)
      [ASSIGN] white_usv3->black_usv3(机会锁定)
[t=8,856s] step=370 | MISSION=NORMAL_C | USV: 4/5 (avail=0 int=1 lock=3 frz=0) | UAV: air=5 rtb=0 chg=0 loiter=0 | TRACKS: vis=5 lost=1 engaged=3 | TOP: black_usv4(x178,737) black_usv1(x173,141) black_usv3(x175,558) | KILL=5 | ACTIONS=9 | INTENT: focus=2 ratio=0.20
      [KILL] black_usv8
      [RELEASE] white_usv4->black_usv8(目标失效)
      [ASSIGN] white_usv4->black_usv10(机会锁定)
      [ASSIGN] white_usv3->black_usv4(机会锁定)
      [ASSIGN] white_usv5->black_usv9(机会锁定)
      [ASSIGN] white_usv1->black_usv3(机会锁定)
      [ASSIGN] white_usv4->black_usv9(机会锁定)
[t=9,088s] step=380 | MISSION=NORMAL_C | USV: 4/5 (avail=0 int=0 lock=4 frz=0) | UAV: air=5 rtb=0 chg=0 loiter=0 | TRACKS: vis=5 lost=0 engaged=3 | TOP: black_usv1(x172,941) black_usv10(x174,264) black_usv3(x173,947) | KILL=7 | ACTIONS=9 | INTENT: focus=2 ratio=0.20
[t=9,298s] step=390 | MISSION=NORMAL_C | USV: 4/5 (avail=0 int=0 lock=4 frz=0) | UAV: air=5 rtb=0 chg=0 loiter=0 | TRACKS: vis=5 lost=0 engaged=3 | TOP: black_usv1(x172,941) black_usv10(x174,264) black_usv3(x173,947) | KILL=7 | ACTIONS=9 | INTENT: focus=2 ratio=0.20
      [ASSIGN] white_usv5->black_usv10(机会锁定)
      [ASSIGN] white_usv1->black_usv1(机会锁定)
      [ASSIGN] white_usv1->black_usv3(机会锁定)
      [ASSIGN] white_usv4->black_usv10(机会锁定)
      [ASSIGN] white_usv5->black_usv9(机会锁定)
      [ASSIGN] white_usv1->black_usv1(机会锁定)
      [ASSIGN] white_usv4->black_usv9(机会锁定)
      [ASSIGN] white_usv5->black_usv10(机会锁定)
      [ASSIGN] white_usv1->black_usv3(机会锁定)
      [ASSIGN] white_usv4->black_usv10(机会锁定)
      [ASSIGN] white_usv5->black_usv9(机会锁定)
      [ASSIGN] white_usv1->black_usv1(机会锁定)
      [ASSIGN] white_usv4->black_usv9(机会锁定)
      [ASSIGN] white_usv5->black_usv10(机会锁定)
      [ASSIGN] white_usv1->black_usv3(机会锁定)
      [ASSIGN] white_usv4->black_usv10(机会锁定)
      [ASSIGN] white_usv5->black_usv9(机会锁定)
      [ASSIGN] white_usv1->black_usv1(机会锁定)
      [ASSIGN] white_usv4->black_usv9(机会锁定)
[t=9,514s] step=400 | MISSION=NORMAL_C | USV: 3/5 (avail=0 int=3 lock=0 frz=0) | UAV: air=5 rtb=0 chg=0 loiter=0 | TRACKS: vis=5 lost=0 engaged=0 | TOP: black_usv1(x172,941) black_usv4(x174,224) black_usv9(x176,250) | KILL=9 | ACTIONS=8 | INTENT: focus=2 ratio=0.20
      [ASSIGN] white_usv5->black_usv10(机会锁定)
      [ASSIGN] white_usv1->black_usv3(机会锁定)
      [ASSIGN] white_usv4->black_usv10(机会锁定)
      [ASSIGN] white_usv5->black_usv9(机会锁定)
      [ASSIGN] white_usv1->black_usv1(机会锁定)
      [ASSIGN] white_usv4->black_usv9(机会锁定)
      [ASSIGN] white_usv5->black_usv10(机会锁定)
      [ASSIGN] white_usv1->black_usv3(机会锁定)
      [ASSIGN] white_usv4->black_usv10(机会锁定)
      [ASSIGN] white_usv5->black_usv9(机会锁定)
      [ASSIGN] white_usv1->black_usv1(机会锁定)
      [ASSIGN] white_usv4->black_usv9(机会锁定)
      [ASSIGN] white_usv5->black_usv10(机会锁定)
      [ASSIGN] white_usv1->black_usv3(机会锁定)
      [ASSIGN] white_usv4->black_usv10(机会锁定)
      [KILL] black_usv1
      [ASSIGN] white_usv5->black_usv9(机会锁定)
      [ASSIGN] white_usv4->black_usv9(机会锁定)
      [KILL] black_usv10
[t=9,714s] step=410 | MISSION=NORMAL_C | USV: 3/5 (avail=0 int=3 lock=0 frz=0) | UAV: air=5 rtb=0 chg=0 loiter=0 | TRACKS: vis=3 lost=0 engaged=0 | TOP: black_usv4(x173,631) black_usv3(x173,489) black_usv9(x176,250) | KILL=9 | ACTIONS=8 | INTENT: focus=2 ratio=0.20
      [ASSIGN] white_usv1->black_usv4(机会锁定)
[t=9,940s] step=420 | MISSION=NORMAL_C | USV: 3/5 (avail=0 int=2 lock=1 frz=0) | UAV: air=5 rtb=0 chg=0 loiter=0 | TRACKS: vis=3 lost=0 engaged=1 | TOP: black_usv3(x173,489) black_usv4(x171,564) black_usv9(x176,250) | KILL=9 | ACTIONS=8 | INTENT: focus=2 ratio=0.20
      [KILL] black_usv9
      [KILL] black_usv3
      [RELEASE] white_usv5->black_usv9(目标失效)
      [RELEASE] white_usv4->black_usv9(目标失效)
      [ASSIGN] white_usv5->black_usv4
      [ASSIGN] white_usv4->black_usv4
[t=10,148s] step=430 | MISSION=NORMAL_C | USV: 3/5 (avail=0 int=3 lock=0 frz=0) | UAV: air=5 rtb=0 chg=0 loiter=0 | TRACKS: vis=1 lost=0 engaged=0 | TOP: black_usv4(x169,656) | KILL=9 | ACTIONS=8 | INTENT: focus=2 ratio=0.20
[t=10,359s] step=440 | MISSION=NORMAL_C | USV: 3/5 (avail=0 int=2 lock=1 frz=0) | UAV: air=5 rtb=0 chg=0 loiter=0 | TRACKS: vis=1 lost=0 engaged=1 | TOP: black_usv4(x167,711) | KILL=9 | ACTIONS=8 | INTENT: focus=2 ratio=0.20

========================================================================
对局结果: Result.Victory — 敌方所有单位被击毁
  击杀蓝舰: 10 | 命中: 20 | 我方USV损失: 2 | UAV损失: 0 | 突破: 0
[META] result=Result.Victory victory_time=10459 first_detection=1841 first_lock=7402 first_kill=8668 enemy_kills=10 friendly_usv_losses=2 friendly_uav_losses=0 black_breakthrough=0 reacquire_attempts=119 reacquire_success=119 sensor_assisted_locks=65 low_conf_commitments=0 global_reacquire_entries=0 global_reacquire_success=0 coverage_collapse_events=1 active_clusters_max=1 coverage_quality_final=0.21 commander_source=default_intent commander_calls=0 commander_changes=0 commander_no_change=0 commander_parse_failures=0 commander_api_failures=0 commander_policy_failures=0 commander_avg_latency=0.0
Done
