========================================================================
HYBRID AGENT V5 — Variable-Cardinality Hierarchical Maritime Agent
  启用UAV: True | LLM_ENABLED: False
========================================================================
对局 49 开始
      [UAV RELAUNCH] white_uav3
      [UAV RELAUNCH] white_uav4
      [UAV RELAUNCH] white_uav1
      [UAV RELAUNCH] white_uav2
      [UAV RELAUNCH] white_uav5
[t=163s] step=10 | MISSION=NORMAL_C | USV: 5/5 (avail=5 int=0 lock=0 frz=0) | UAV: air=5 rtb=0 chg=0 loiter=0 | TRACKS: vis=0 lost=0 engaged=0 | TOP:  | KILL=0 | ACTIONS=10 | INTENT: focus=2 ratio=0.20
  [INTENT APPLIED]
    ThreatAllocator: focus 2 emergency 3 reserve_ratio 0.20 reserve_usvs None bias breakthrough_eta
    UAVManager: mode search_and_reacquire uav_priority []
[t=334s] step=20 | MISSION=NORMAL_C | USV: 5/5 (avail=5 int=0 lock=0 frz=0) | UAV: air=5 rtb=0 chg=0 loiter=0 | TRACKS: vis=0 lost=0 engaged=0 | TOP:  | KILL=0 | ACTIONS=10 | INTENT: focus=2 ratio=0.20
[t=500s] step=30 | MISSION=NORMAL_C | USV: 5/5 (avail=5 int=0 lock=0 frz=0) | UAV: air=5 rtb=0 chg=0 loiter=0 | TRACKS: vis=0 lost=0 engaged=0 | TOP:  | KILL=0 | ACTIONS=10 | INTENT: focus=2 ratio=0.20
[t=676s] step=40 | MISSION=NORMAL_C | USV: 5/5 (avail=5 int=0 lock=0 frz=0) | UAV: air=5 rtb=0 chg=0 loiter=0 | TRACKS: vis=0 lost=0 engaged=0 | TOP:  | KILL=0 | ACTIONS=10 | INTENT: focus=2 ratio=0.20
[t=853s] step=50 | MISSION=NORMAL_C | USV: 5/5 (avail=5 int=0 lock=0 frz=0) | UAV: air=5 rtb=0 chg=0 loiter=0 | TRACKS: vis=0 lost=0 engaged=0 | TOP:  | KILL=0 | ACTIONS=10 | INTENT: focus=2 ratio=0.20
[t=1,014s] step=60 | MISSION=NORMAL_C | USV: 5/5 (avail=5 int=0 lock=0 frz=0) | UAV: air=5 rtb=0 chg=0 loiter=0 | TRACKS: vis=0 lost=0 engaged=0 | TOP:  | KILL=0 | ACTIONS=10 | INTENT: focus=2 ratio=0.20
[t=1,180s] step=70 | MISSION=NORMAL_C | USV: 5/5 (avail=5 int=0 lock=0 frz=0) | UAV: air=5 rtb=0 chg=0 loiter=0 | TRACKS: vis=0 lost=0 engaged=0 | TOP:  | KILL=0 | ACTIONS=10 | INTENT: focus=2 ratio=0.20
[t=1,340s] step=80 | MISSION=NORMAL_C | USV: 5/5 (avail=5 int=0 lock=0 frz=0) | UAV: air=5 rtb=0 chg=0 loiter=0 | TRACKS: vis=0 lost=0 engaged=0 | TOP:  | KILL=0 | ACTIONS=10 | INTENT: focus=2 ratio=0.20
[t=1,514s] step=90 | MISSION=NORMAL_C | USV: 5/5 (avail=5 int=0 lock=0 frz=0) | UAV: air=5 rtb=0 chg=0 loiter=0 | TRACKS: vis=0 lost=0 engaged=0 | TOP:  | KILL=0 | ACTIONS=10 | INTENT: focus=2 ratio=0.20
[t=1,690s] step=100 | MISSION=NORMAL_C | USV: 5/5 (avail=5 int=0 lock=0 frz=0) | UAV: air=5 rtb=0 chg=0 loiter=0 | TRACKS: vis=0 lost=0 engaged=0 | TOP:  | KILL=0 | ACTIONS=10 | INTENT: focus=2 ratio=0.20
      [DETECT] black_usv7
      [DETECT] black_usv4
      [DETECT] black_usv6
      [ASSIGN] white_usv5->black_usv7
      [ASSIGN] white_usv3->black_usv7
      [ASSIGN] white_usv2->black_usv4
      [ASSIGN] white_usv1->black_usv6
      [ASSIGN] white_usv4->black_usv4
[t=1,871s] step=110 | MISSION=NORMAL_C | USV: 5/5 (avail=1 int=4 lock=0 frz=0) | UAV: air=5 rtb=0 chg=0 loiter=0 | TRACKS: vis=3 lost=0 engaged=0 | TOP: black_usv4(x177,828) black_usv6(x241,857) black_usv7(x241,292) | KILL=0 | ACTIONS=10 | INTENT: focus=2 ratio=0.20
      [DETECT] black_usv5
      [DETECT] black_usv8
      [DETECT] black_usv3
      [DETECT] black_usv9
[t=2,046s] step=120 | MISSION=NORMAL_C | USV: 5/5 (avail=0 int=5 lock=0 frz=0) | UAV: air=5 rtb=0 chg=0 loiter=0 | TRACKS: vis=7 lost=0 engaged=0 | TOP: black_usv9(x240,499) black_usv8(x240,686) black_usv3(x241,648) | KILL=0 | ACTIONS=10 | INTENT: focus=2 ratio=0.20
[t=2,235s] step=130 | MISSION=NORMAL_C | USV: 5/5 (avail=0 int=5 lock=0 frz=0) | UAV: air=5 rtb=0 chg=0 loiter=0 | TRACKS: vis=7 lost=0 engaged=0 | TOP: black_usv9(x238,716) black_usv8(x238,923) black_usv3(x239,982) | KILL=0 | ACTIONS=10 | INTENT: focus=2 ratio=0.20
      [DETECT] black_usv2
[t=2,417s] step=140 | MISSION=NORMAL_C | USV: 5/5 (avail=0 int=5 lock=0 frz=0) | UAV: air=5 rtb=0 chg=0 loiter=0 | TRACKS: vis=7 lost=1 engaged=0 | TOP: black_usv9(x236,986) black_usv8(x237,212) black_usv3(x238,366) | KILL=0 | ACTIONS=10 | INTENT: focus=2 ratio=0.20
[t=2,598s] step=150 | MISSION=NORMAL_C | USV: 5/5 (avail=0 int=5 lock=0 frz=0) | UAV: air=5 rtb=0 chg=0 loiter=0 | TRACKS: vis=7 lost=1 engaged=0 | TOP: black_usv9(x235,273) black_usv8(x235,516) black_usv3(x236,765) | KILL=0 | ACTIONS=10 | INTENT: focus=2 ratio=0.20
[t=2,780s] step=160 | MISSION=NORMAL_C | USV: 5/5 (avail=0 int=5 lock=0 frz=0) | UAV: air=5 rtb=0 chg=0 loiter=0 | TRACKS: vis=7 lost=0 engaged=0 | TOP: black_usv9(x233,549) black_usv8(x233,811) black_usv3(x235,154) | KILL=0 | ACTIONS=10 | INTENT: focus=2 ratio=0.20
[t=2,969s] step=170 | MISSION=NORMAL_C | USV: 5/5 (avail=0 int=5 lock=0 frz=0) | UAV: air=5 rtb=0 chg=0 loiter=0 | TRACKS: vis=7 lost=0 engaged=0 | TOP: black_usv9(x231,767) black_usv8(x232,048) black_usv3(x233,489) | KILL=0 | ACTIONS=10 | INTENT: focus=2 ratio=0.20
[t=3,142s] step=180 | MISSION=NORMAL_C | USV: 5/5 (avail=0 int=5 lock=0 frz=0) | UAV: air=5 rtb=0 chg=0 loiter=0 | TRACKS: vis=6 lost=1 engaged=0 | TOP: black_usv9(x230,124) black_usv8(x230,422) black_usv3(x231,952) | KILL=0 | ACTIONS=10 | INTENT: focus=2 ratio=0.20
      [DETECT] black_usv10
[t=3,314s] step=190 | MISSION=NORMAL_C | USV: 5/5 (avail=0 int=5 lock=0 frz=0) | UAV: air=5 rtb=0 chg=0 loiter=0 | TRACKS: vis=8 lost=0 engaged=0 | TOP: black_usv9(x228,419) black_usv10(x231,781) black_usv3(x230,436) | KILL=0 | ACTIONS=10 | INTENT: focus=2 ratio=0.20
[t=3,513s] step=200 | MISSION=NORMAL_C | USV: 5/5 (avail=0 int=5 lock=0 frz=0) | UAV: air=5 rtb=0 chg=0 loiter=0 | TRACKS: vis=8 lost=0 engaged=0 | TOP: black_usv9(x226,431) black_usv3(x228,676) black_usv8(x226,732) | KILL=0 | ACTIONS=10 | INTENT: focus=2 ratio=0.20
[t=3,709s] step=210 | MISSION=NORMAL_C | USV: 5/5 (avail=0 int=5 lock=0 frz=0) | UAV: air=5 rtb=0 chg=0 loiter=0 | TRACKS: vis=8 lost=0 engaged=0 | TOP: black_usv9(x224,497) black_usv3(x226,942) black_usv10(x228,246) | KILL=0 | ACTIONS=10 | INTENT: focus=2 ratio=0.20
[t=3,901s] step=220 | MISSION=NORMAL_C | USV: 5/5 (avail=0 int=5 lock=0 frz=0) | UAV: air=5 rtb=0 chg=0 loiter=0 | TRACKS: vis=7 lost=1 engaged=0 | TOP: black_usv9(x222,684) black_usv3(x225,246) black_usv10(x226,653) | KILL=0 | ACTIONS=10 | INTENT: focus=2 ratio=0.20
[t=4,099s] step=230 | MISSION=NORMAL_C | USV: 5/5 (avail=0 int=5 lock=0 frz=0) | UAV: air=5 rtb=0 chg=0 loiter=0 | TRACKS: vis=8 lost=0 engaged=0 | TOP: black_usv9(x220,808) black_usv3(x223,492) black_usv10(x225,006) | KILL=0 | ACTIONS=10 | INTENT: focus=2 ratio=0.20
[t=4,292s] step=240 | MISSION=NORMAL_C | USV: 5/5 (avail=0 int=5 lock=0 frz=0) | UAV: air=5 rtb=0 chg=0 loiter=0 | TRACKS: vis=8 lost=0 engaged=0 | TOP: black_usv9(x218,994) black_usv3(x221,785) black_usv10(x223,412) | KILL=0 | ACTIONS=10 | INTENT: focus=2 ratio=0.20
[t=4,485s] step=250 | MISSION=NORMAL_C | USV: 5/5 (avail=0 int=5 lock=0 frz=0) | UAV: air=5 rtb=0 chg=0 loiter=0 | TRACKS: vis=8 lost=0 engaged=0 | TOP: black_usv9(x217,071) black_usv3(x220,072) black_usv10(x221,807) | KILL=0 | ACTIONS=10 | INTENT: focus=2 ratio=0.20
[t=4,684s] step=260 | MISSION=NORMAL_C | USV: 5/5 (avail=0 int=5 lock=0 frz=0) | UAV: air=5 rtb=0 chg=0 loiter=0 | TRACKS: vis=7 lost=1 engaged=0 | TOP: black_usv3(x218,319) black_usv9(x215,311) black_usv10(x219,994) | KILL=0 | ACTIONS=10 | INTENT: focus=2 ratio=0.20
[t=4,873s] step=270 | MISSION=NORMAL_C | USV: 5/5 (avail=0 int=5 lock=0 frz=0) | UAV: air=5 rtb=0 chg=0 loiter=0 | TRACKS: vis=7 lost=1 engaged=0 | TOP: black_usv3(x216,647) black_usv9(x213,674) black_usv5(x214,339) | KILL=0 | ACTIONS=10 | INTENT: focus=2 ratio=0.20
[t=5,069s] step=280 | MISSION=NORMAL_C | USV: 5/5 (avail=0 int=5 lock=0 frz=0) | UAV: air=5 rtb=0 chg=0 loiter=0 | TRACKS: vis=8 lost=0 engaged=0 | TOP: black_usv3(x214,912) black_usv9(x211,914) black_usv5(x212,378) | KILL=0 | ACTIONS=10 | INTENT: focus=2 ratio=0.20
[t=5,265s] step=290 | MISSION=NORMAL_C | USV: 5/5 (avail=0 int=5 lock=0 frz=0) | UAV: air=5 rtb=0 chg=0 loiter=0 | TRACKS: vis=7 lost=1 engaged=0 | TOP: black_usv3(x213,180) black_usv9(x209,956) black_usv5(x210,420) | KILL=0 | ACTIONS=10 | INTENT: focus=2 ratio=0.20
[t=5,468s] step=300 | MISSION=NORMAL_C | USV: 5/5 (avail=0 int=5 lock=0 frz=0) | UAV: air=5 rtb=0 chg=0 loiter=0 | TRACKS: vis=7 lost=1 engaged=0 | TOP: black_usv3(x211,382) black_usv5(x208,388) black_usv8(x211,674) | KILL=0 | ACTIONS=10 | INTENT: focus=2 ratio=0.20
[t=5,672s] step=310 | MISSION=NORMAL_C | USV: 5/5 (avail=0 int=5 lock=0 frz=0) | UAV: air=5 rtb=0 chg=0 loiter=0 | TRACKS: vis=8 lost=0 engaged=0 | TOP: black_usv3(x209,573) black_usv9(x205,916) black_usv5(x206,343) | KILL=0 | ACTIONS=10 | INTENT: focus=2 ratio=0.20
[t=5,874s] step=320 | MISSION=NORMAL_C | USV: 5/5 (avail=0 int=5 lock=0 frz=0) | UAV: air=5 rtb=0 chg=0 loiter=0 | TRACKS: vis=8 lost=0 engaged=0 | TOP: black_usv3(x207,786) black_usv9(x203,895) black_usv5(x204,322) | KILL=0 | ACTIONS=10 | INTENT: focus=2 ratio=0.20
[t=6,082s] step=330 | MISSION=NORMAL_C | USV: 5/5 (avail=0 int=5 lock=0 frz=0) | UAV: air=5 rtb=0 chg=0 loiter=0 | TRACKS: vis=7 lost=1 engaged=0 | TOP: black_usv3(x205,951) black_usv9(x201,814) black_usv5(x202,241) | KILL=0 | ACTIONS=10 | INTENT: focus=2 ratio=0.20
[t=6,286s] step=340 | MISSION=NORMAL_C | USV: 5/5 (avail=0 int=5 lock=0 frz=0) | UAV: air=5 rtb=0 chg=0 loiter=0 | TRACKS: vis=7 lost=1 engaged=0 | TOP: black_usv3(x204,140) black_usv9(x199,783) black_usv5(x200,270) | KILL=0 | ACTIONS=10 | INTENT: focus=2 ratio=0.20
[t=6,487s] step=350 | MISSION=NORMAL_C | USV: 5/5 (avail=0 int=5 lock=0 frz=0) | UAV: air=5 rtb=0 chg=0 loiter=0 | TRACKS: vis=6 lost=2 engaged=0 | TOP: black_usv3(x202,254) black_usv9(x197,812) black_usv5(x198,343) | KILL=0 | ACTIONS=10 | INTENT: focus=2 ratio=0.20
[t=6,687s] step=360 | MISSION=NORMAL_C | USV: 5/5 (avail=0 int=5 lock=0 frz=0) | UAV: air=5 rtb=0 chg=0 loiter=0 | TRACKS: vis=6 lost=2 engaged=0 | TOP: black_usv3(x200,294) black_usv9(x195,810) black_usv5(x196,423) | KILL=0 | ACTIONS=10 | INTENT: focus=2 ratio=0.20
[t=6,888s] step=370 | MISSION=NORMAL_C | USV: 5/5 (avail=0 int=5 lock=0 frz=0) | UAV: air=5 rtb=0 chg=0 loiter=0 | TRACKS: vis=7 lost=0 engaged=0 | TOP: black_usv3(x198,313) black_usv9(x193,840) black_usv5(x194,495) | KILL=0 | ACTIONS=10 | INTENT: focus=2 ratio=0.20
[t=7,092s] step=380 | MISSION=NORMAL_C | USV: 5/5 (avail=0 int=5 lock=0 frz=0) | UAV: air=5 rtb=0 chg=0 loiter=0 | TRACKS: vis=6 lost=1 engaged=0 | TOP: black_usv3(x196,272) black_usv9(x191,793) black_usv5(x192,532) | KILL=0 | ACTIONS=10 | INTENT: focus=2 ratio=0.20
[t=7,297s] step=390 | MISSION=NORMAL_C | USV: 5/5 (avail=0 int=5 lock=0 frz=0) | UAV: air=5 rtb=0 chg=0 loiter=0 | TRACKS: vis=7 lost=0 engaged=0 | TOP: black_usv3(x194,225) black_usv9(x189,792) black_usv5(x190,573) | KILL=0 | ACTIONS=10 | INTENT: focus=2 ratio=0.20
      [DETECT] black_usv2
      [DETECT] black_usv1
      [ASSIGN] white_usv1->black_usv4(机会锁定)
[t=7,497s] step=400 | MISSION=NORMAL_C | USV: 5/5 (avail=0 int=4 lock=1 frz=0) | UAV: air=5 rtb=0 chg=0 loiter=0 | TRACKS: vis=9 lost=0 engaged=1 | TOP: black_usv2(x200,395) black_usv3(x192,239) black_usv1(x208,648) | KILL=0 | ACTIONS=10 | INTENT: focus=2 ratio=0.20
      [ASSIGN] white_usv5->black_usv9(机会锁定)
      [ASSIGN] white_usv3->black_usv6(机会锁定)
[t=7,705s] step=410 | MISSION=NORMAL_C | USV: 5/5 (avail=0 int=0 lock=5 frz=0) | UAV: air=5 rtb=0 chg=0 loiter=0 | TRACKS: vis=9 lost=0 engaged=3 | TOP: black_usv2(x198,318) black_usv3(x190,170) black_usv1(x206,803) | KILL=0 | ACTIONS=10 | INTENT: focus=2 ratio=0.20
      [ASSIGN] white_usv2->black_usv5(机会锁定)
      [ASSIGN] white_usv1->black_usv5(机会锁定)
      [ASSIGN] white_usv4->black_usv5(机会锁定)
[t=7,911s] step=420 | MISSION=NORMAL_C | USV: 5/5 (avail=0 int=0 lock=5 frz=0) | UAV: air=5 rtb=0 chg=0 loiter=0 | TRACKS: vis=9 lost=0 engaged=3 | TOP: black_usv2(x196,262) black_usv1(x204,798) black_usv3(x188,200) | KILL=1 | ACTIONS=10 | INTENT: focus=2 ratio=0.20
      [ASSIGN] white_usv2->black_usv4(机会锁定)
[t=8,114s] step=430 | MISSION=NORMAL_C | USV: 5/5 (avail=0 int=1 lock=4 frz=0) | UAV: air=5 rtb=0 chg=0 loiter=0 | TRACKS: vis=9 lost=0 engaged=3 | TOP: black_usv2(x194,226) black_usv1(x202,836) black_usv3(x186,293) | KILL=1 | ACTIONS=10 | INTENT: focus=2 ratio=0.20
      [ASSIGN] white_usv1->black_usv4(机会锁定)
      [ASSIGN] white_usv4->black_usv4(机会锁定)
      [ASSIGN] white_usv2->black_usv5(机会锁定)
      [ASSIGN] white_usv1->black_usv5(机会锁定)
      [ASSIGN] white_usv4->black_usv5(机会锁定)
      [ASSIGN] white_usv5->black_usv7(机会锁定)
      [ASSIGN] white_usv3->black_usv7(机会锁定)
      [ASSIGN] white_usv2->black_usv4(机会锁定)
      [ASSIGN] white_usv1->black_usv4(机会锁定)
      [ASSIGN] white_usv4->black_usv4(机会锁定)
      [ASSIGN] white_usv2->black_usv5(机会锁定)
      [ASSIGN] white_usv1->black_usv5(机会锁定)
      [ASSIGN] white_usv4->black_usv5(机会锁定)
      [ASSIGN] white_usv2->black_usv4(机会锁定)
      [ASSIGN] white_usv1->black_usv4(机会锁定)
      [ASSIGN] white_usv4->black_usv4(机会锁定)
      [ASSIGN] white_usv2->black_usv5(机会锁定)
      [ASSIGN] white_usv1->black_usv5(机会锁定)
      [ASSIGN] white_usv4->black_usv5(机会锁定)
      [ASSIGN] white_usv2->black_usv4(机会锁定)
      [ASSIGN] white_usv1->black_usv4(机会锁定)
      [ASSIGN] white_usv4->black_usv4(机会锁定)
      [ASSIGN] white_usv2->black_usv5(机会锁定)
      [ASSIGN] white_usv1->black_usv5(机会锁定)
      [ASSIGN] white_usv4->black_usv5(机会锁定)
      [ASSIGN] white_usv2->black_usv4(机会锁定)
      [ASSIGN] white_usv1->black_usv4(机会锁定)
      [ASSIGN] white_usv4->black_usv4(机会锁定)
[t=8,342s] step=440 | MISSION=NORMAL_C | USV: 5/5 (avail=0 int=3 lock=2 frz=0) | UAV: air=5 rtb=0 chg=0 loiter=0 | TRACKS: vis=8 lost=1 engaged=1 | TOP: black_usv2(x191,948) black_usv1(x200,567) black_usv8(x183,688) | KILL=3 | ACTIONS=10 | INTENT: focus=2 ratio=0.20
      [KILL] black_usv4
      [RELEASE] white_usv2->black_usv4(目标失效)
      [ASSIGN] white_usv2->black_usv5(机会锁定)
      [RELEASE] white_usv1->black_usv4(目标失效)
      [ASSIGN] white_usv1->black_usv5(机会锁定)
      [RELEASE] white_usv4->black_usv4(目标失效)
      [ASSIGN] white_usv4->black_usv5(机会锁定)
      [ASSIGN] white_usv5->black_usv9(机会锁定)
      [ASSIGN] white_usv3->black_usv6(机会锁定)
      [ASSIGN] white_usv3->black_usv7(机会锁定)
[t=8,556s] step=450 | MISSION=NORMAL_C | USV: 5/5 (avail=0 int=4 lock=1 frz=0) | UAV: air=5 rtb=0 chg=0 loiter=0 | TRACKS: vis=8 lost=0 engaged=1 | TOP: black_usv2(x189,810) black_usv1(x198,429) black_usv8(x181,639) | KILL=4 | ACTIONS=10 | INTENT: focus=2 ratio=0.20
      [ASSIGN] white_usv3->black_usv6(机会锁定)
      [ASSIGN] white_usv3->black_usv7(机会锁定)
      [ASSIGN] white_usv3->black_usv6(机会锁定)
      [ASSIGN] white_usv3->black_usv7(机会锁定)
      [ASSIGN] white_usv3->black_usv6(机会锁定)
      [KILL] black_usv5
      [ASSIGN] white_usv3->black_usv7(机会锁定)
      [RELEASE] white_usv2->black_usv5(目标失效)
      [RELEASE] white_usv1->black_usv5(目标失效)
      [RELEASE] white_usv4->black_usv5(目标失效)
      [ASSIGN] white_usv3->black_usv6(机会锁定)
      [ASSIGN] white_usv2->black_usv2
      [ASSIGN] white_usv1->black_usv1
      [ASSIGN] white_usv4->black_usv8
      [ASSIGN] white_usv3->black_usv7(机会锁定)
      [ASSIGN] white_usv3->black_usv6(机会锁定)
      [ASSIGN] white_usv3->black_usv7(机会锁定)
[t=8,764s] step=460 | MISSION=NORMAL_C | USV: 5/5 (avail=0 int=4 lock=1 frz=0) | UAV: air=5 rtb=0 chg=0 loiter=0 | TRACKS: vis=6 lost=1 engaged=1 | TOP: black_usv3(x179,812) black_usv7(x182,950) black_usv2(x187,729) | KILL=4 | ACTIONS=10 | INTENT: focus=2 ratio=0.20
      [ASSIGN] white_usv3->black_usv6(机会锁定)
      [ASSIGN] white_usv3->black_usv7(机会锁定)
      [KILL] black_usv6
      [DETECT] black_usv10
      [ASSIGN] white_usv5->black_usv8(机会锁定)
      [ASSIGN] white_usv2->black_usv3(机会锁定)
      [ASSIGN] white_usv3->black_usv9(机会锁定)
[t=8,966s] step=470 | MISSION=NORMAL_C | USV: 5/5 (avail=0 int=3 lock=2 frz=0) | UAV: air=5 rtb=0 chg=0 loiter=0 | TRACKS: vis=6 lost=1 engaged=2 | TOP: black_usv2(x185,714) black_usv10(x183,417) black_usv9(x176,928) | KILL=4 | ACTIONS=10 | INTENT: focus=2 ratio=0.20
      [ASSIGN] white_usv1->black_usv3(机会锁定)
      [KILL] black_usv7
      [ASSIGN] white_usv5->black_usv9(机会锁定)
[t=9,163s] step=480 | MISSION=NORMAL_C | USV: 5/5 (avail=0 int=3 lock=2 frz=0) | UAV: air=5 rtb=0 chg=0 loiter=0 | TRACKS: vis=4 lost=2 engaged=2 | TOP: black_usv2(x183,740) black_usv10(x182,169) black_usv1(x193,022) | KILL=4 | ACTIONS=10 | INTENT: focus=2 ratio=0.20
      [ASSIGN] white_usv5->black_usv8(机会锁定)
      [ASSIGN] white_usv3->black_usv8(机会锁定)
[t=9,372s] step=490 | MISSION=NORMAL_C | USV: 5/5 (avail=0 int=3 lock=2 frz=0) | UAV: air=5 rtb=0 chg=0 loiter=0 | TRACKS: vis=6 lost=0 engaged=1 | TOP: black_usv2(x181,654) black_usv10(x180,845) black_usv9(x175,892) | KILL=6 | ACTIONS=10 | INTENT: focus=2 ratio=0.20
[t=9,586s] step=500 | MISSION=NORMAL_C | USV: 5/5 (avail=0 int=2 lock=3 frz=0) | UAV: air=5 rtb=0 chg=0 loiter=0 | TRACKS: vis=5 lost=1 engaged=1 | TOP: black_usv10(x179,487) black_usv2(x179,591) black_usv9(x175,892) | KILL=6 | ACTIONS=10 | INTENT: focus=2 ratio=0.20
      [ASSIGN] white_usv5->black_usv9(机会锁定)
      [ASSIGN] white_usv3->black_usv9(机会锁定)
      [ASSIGN] white_usv5->black_usv8(机会锁定)
      [ASSIGN] white_usv3->black_usv8(机会锁定)
      [ASSIGN] white_usv5->black_usv9(机会锁定)
      [ASSIGN] white_usv3->black_usv9(机会锁定)
      [ASSIGN] white_usv5->black_usv8(机会锁定)
      [ASSIGN] white_usv3->black_usv8(机会锁定)
      [ASSIGN] white_usv5->black_usv9(机会锁定)
      [ASSIGN] white_usv3->black_usv9(机会锁定)
      [ASSIGN] white_usv5->black_usv8(机会锁定)
      [ASSIGN] white_usv3->black_usv8(机会锁定)
      [ASSIGN] white_usv5->black_usv9(机会锁定)
      [ASSIGN] white_usv3->black_usv9(机会锁定)
      [KILL] black_usv3
      [ASSIGN] white_usv5->black_usv8(机会锁定)
      [ASSIGN] white_usv3->black_usv8(机会锁定)
      [RELEASE] white_usv2->black_usv3(目标失效)
      [RELEASE] white_usv1->black_usv3(目标失效)
      [ASSIGN] white_usv5->black_usv9(机会锁定)
      [ASSIGN] white_usv3->black_usv9(机会锁定)
      [ASSIGN] white_usv2->black_usv2(机会锁定)
      [ASSIGN] white_usv1->black_usv2(机会锁定)
      [ASSIGN] white_usv4->black_usv9(机会锁定)
      [ASSIGN] white_usv5->black_usv8(机会锁定)
      [ASSIGN] white_usv3->black_usv8(机会锁定)
      [ASSIGN] white_usv4->black_usv8(机会锁定)
[t=9,820s] step=510 | MISSION=NORMAL_C | USV: 5/5 (avail=0 int=5 lock=0 frz=0) | UAV: air=5 rtb=0 chg=0 loiter=0 | TRACKS: vis=5 lost=0 engaged=0 | TOP: black_usv10(x178,008) black_usv8(x174,263) black_usv1(x188,359) | KILL=7 | ACTIONS=10 | INTENT: focus=2 ratio=0.20
      [ASSIGN] white_usv5->black_usv9(机会锁定)
      [ASSIGN] white_usv3->black_usv9(机会锁定)
      [ASSIGN] white_usv4->black_usv9(机会锁定)
      [ASSIGN] white_usv5->black_usv8(机会锁定)
      [ASSIGN] white_usv3->black_usv8(机会锁定)
      [ASSIGN] white_usv4->black_usv8(机会锁定)
      [KILL] black_usv9
[t=10,052s] step=520 | MISSION=NORMAL_C | USV: 5/5 (avail=0 int=3 lock=2 frz=0) | UAV: air=5 rtb=0 chg=0 loiter=0 | TRACKS: vis=4 lost=0 engaged=1 | TOP: black_usv10(x175,857) black_usv1(x187,066) black_usv2(x174,999) | KILL=7 | ACTIONS=10 | INTENT: focus=2 ratio=0.20
      [KILL] black_usv8
      [RELEASE] white_usv5->black_usv8(目标失效)
      [RELEASE] white_usv3->black_usv8(目标失效)
      [RELEASE] white_usv4->black_usv8(目标失效)
      [ASSIGN] white_usv5->black_usv10
      [ASSIGN] white_usv3->black_usv10
      [ASSIGN] white_usv4->black_usv1
[t=10,274s] step=530 | MISSION=NORMAL_C | USV: 5/5 (avail=0 int=5 lock=0 frz=0) | UAV: air=5 rtb=0 chg=0 loiter=0 | TRACKS: vis=3 lost=0 engaged=0 | TOP: black_usv10(x173,648) black_usv1(x185,837) black_usv2(x173,093) | KILL=8 | ACTIONS=10 | INTENT: focus=2 ratio=0.20
[t=10,472s] step=540 | MISSION=NORMAL_C | USV: 5/5 (avail=0 int=5 lock=0 frz=0) | UAV: air=5 rtb=0 chg=0 loiter=0 | TRACKS: vis=3 lost=0 engaged=0 | TOP: black_usv10(x171,668) black_usv1(x184,738) black_usv2(x173,093) | KILL=8 | ACTIONS=10 | INTENT: focus=2 ratio=0.20
[t=10,670s] step=550 | MISSION=NORMAL_C | USV: 5/5 (avail=0 int=5 lock=0 frz=0) | UAV: air=5 rtb=0 chg=0 loiter=0 | TRACKS: vis=2 lost=1 engaged=0 | TOP: black_usv10(x169,688) black_usv1(x183,637) black_usv2(x173,093) | KILL=8 | ACTIONS=10 | INTENT: focus=2 ratio=0.20
      [KILL] black_usv2
      [RELEASE] white_usv2->black_usv2(目标失效)
      [RELEASE] white_usv1->black_usv2(目标失效)
      [ASSIGN] white_usv2->black_usv1
      [ASSIGN] white_usv1->black_usv10
[t=10,883s] step=560 | MISSION=NORMAL_C | USV: 5/5 (avail=2 int=1 lock=2 frz=0) | UAV: air=5 rtb=0 chg=0 loiter=0 | TRACKS: vis=2 lost=0 engaged=1 | TOP: black_usv10(x146,756) black_usv1(x158,381) | KILL=8 | ACTIONS=10 | INTENT: focus=2 ratio=0.20
[t=11,088s] step=570 | MISSION=NORMAL_C | USV: 5/5 (avail=0 int=5 lock=0 frz=0) | UAV: air=5 rtb=0 chg=0 loiter=0 | TRACKS: vis=2 lost=0 engaged=0 | TOP: black_usv10(x167,794) black_usv1(x181,228) | KILL=9 | ACTIONS=10 | INTENT: focus=2 ratio=0.20
[t=11,303s] step=580 | MISSION=NORMAL_C | USV: 5/5 (avail=0 int=5 lock=0 frz=0) | UAV: air=5 rtb=0 chg=0 loiter=0 | TRACKS: vis=2 lost=0 engaged=0 | TOP: black_usv10(x167,794) black_usv1(x179,259) | KILL=9 | ACTIONS=10 | INTENT: focus=2 ratio=0.20
[t=11,515s] step=590 | MISSION=NORMAL_C | USV: 5/5 (avail=0 int=5 lock=0 frz=0) | UAV: air=5 rtb=0 chg=0 loiter=0 | TRACKS: vis=2 lost=0 engaged=0 | TOP: black_usv10(x167,794) black_usv1(x178,248) | KILL=9 | ACTIONS=10 | INTENT: focus=2 ratio=0.20
      [KILL] black_usv10
      [RELEASE] white_usv5->black_usv10(目标失效)
      [RELEASE] white_usv3->black_usv10(目标失效)
      [RELEASE] white_usv1->black_usv10(目标失效)
      [ASSIGN] white_usv1->black_usv1
[t=11,726s] step=600 | MISSION=NORMAL_C | USV: 5/5 (avail=2 int=2 lock=1 frz=0) | UAV: air=5 rtb=0 chg=0 loiter=0 | TRACKS: vis=1 lost=0 engaged=1 | TOP: black_usv1(x176,783) | KILL=9 | ACTIONS=10 | INTENT: focus=2 ratio=0.20
[t=11,925s] step=610 | MISSION=NORMAL_C | USV: 5/5 (avail=2 int=2 lock=1 frz=0) | UAV: air=5 rtb=0 chg=0 loiter=0 | TRACKS: vis=1 lost=0 engaged=1 | TOP: black_usv1(x174,948) | KILL=9 | ACTIONS=10 | INTENT: focus=2 ratio=0.20
[t=12,126s] step=620 | MISSION=NORMAL_C | USV: 5/5 (avail=2 int=2 lock=1 frz=0) | UAV: air=5 rtb=0 chg=0 loiter=0 | TRACKS: vis=1 lost=0 engaged=1 | TOP: black_usv1(x173,308) | KILL=9 | ACTIONS=10 | INTENT: focus=2 ratio=0.20
[t=12,329s] step=630 | MISSION=NORMAL_C | USV: 5/5 (avail=2 int=2 lock=1 frz=0) | UAV: air=5 rtb=0 chg=0 loiter=0 | TRACKS: vis=1 lost=0 engaged=1 | TOP: black_usv1(x171,396) | KILL=9 | ACTIONS=10 | INTENT: focus=2 ratio=0.20
[t=12,529s] step=640 | MISSION=NORMAL_C | USV: 5/5 (avail=2 int=3 lock=0 frz=0) | UAV: air=5 rtb=0 chg=0 loiter=0 | TRACKS: vis=1 lost=0 engaged=0 | TOP: black_usv1(x169,527) | KILL=9 | ACTIONS=10 | INTENT: focus=2 ratio=0.20
[t=12,731s] step=650 | MISSION=NORMAL_C | USV: 5/5 (avail=2 int=2 lock=1 frz=0) | UAV: air=5 rtb=0 chg=0 loiter=0 | TRACKS: vis=1 lost=0 engaged=1 | TOP: black_usv1(x167,940) | KILL=9 | ACTIONS=10 | INTENT: focus=2 ratio=0.20
[t=12,929s] step=660 | MISSION=NORMAL_C | USV: 5/5 (avail=2 int=2 lock=1 frz=0) | UAV: air=5 rtb=0 chg=0 loiter=0 | TRACKS: vis=1 lost=0 engaged=1 | TOP: black_usv1(x167,341) | KILL=9 | ACTIONS=10 | INTENT: focus=2 ratio=0.20
[t=13,130s] step=670 | MISSION=NORMAL_C | USV: 5/5 (avail=2 int=2 lock=1 frz=0) | UAV: air=5 rtb=0 chg=0 loiter=0 | TRACKS: vis=1 lost=0 engaged=1 | TOP: black_usv1(x167,341) | KILL=9 | ACTIONS=10 | INTENT: focus=2 ratio=0.20

========================================================================
对局结果: Result.Victory — 敌方所有单位被击毁
  击杀蓝舰: 10 | 命中: 20 | 我方USV损失: 0 | UAV损失: 0 | 突破: 0
[META] result=Result.Victory victory_time=13252 first_detection=1853 first_lock=7456 first_kill=8360 enemy_kills=10 friendly_usv_losses=0 friendly_uav_losses=0 black_breakthrough=0 reacquire_attempts=118 reacquire_success=149 sensor_assisted_locks=62 low_conf_commitments=0 global_reacquire_entries=0 global_reacquire_success=0 coverage_collapse_events=1 active_clusters_max=0 coverage_quality_final=0.17 commander_source=default_intent commander_calls=0 commander_changes=0 commander_no_change=0 commander_parse_failures=0 commander_api_failures=0 commander_policy_failures=0 commander_avg_latency=0.0
Done
