========================================================================
HYBRID AGENT V5 — Variable-Cardinality Hierarchical Maritime Agent
  启用UAV: True | LLM_ENABLED: False
========================================================================
对局 23 开始
      [UAV RELAUNCH] white_uav1
      [UAV RELAUNCH] white_uav3
      [UAV RELAUNCH] white_uav4
      [UAV RELAUNCH] white_uav5
      [UAV RELAUNCH] white_uav2
[t=204s] step=10 | MISSION=NORMAL_C | USV: 5/5 (avail=5 int=0 lock=0 frz=0) | UAV: air=5 rtb=0 chg=0 loiter=0 | TRACKS: vis=0 lost=0 engaged=0 | TOP:  | KILL=0 | ACTIONS=10 | INTENT: focus=2 ratio=0.20
  [INTENT APPLIED]
    ThreatAllocator: focus 2 emergency 3 reserve_ratio 0.20 reserve_usvs None bias breakthrough_eta
    UAVManager: mode search_and_reacquire uav_priority []
[t=438s] step=20 | MISSION=NORMAL_C | USV: 5/5 (avail=5 int=0 lock=0 frz=0) | UAV: air=5 rtb=0 chg=0 loiter=0 | TRACKS: vis=0 lost=0 engaged=0 | TOP:  | KILL=0 | ACTIONS=10 | INTENT: focus=2 ratio=0.20
[t=693s] step=30 | MISSION=NORMAL_C | USV: 5/5 (avail=5 int=0 lock=0 frz=0) | UAV: air=5 rtb=0 chg=0 loiter=0 | TRACKS: vis=0 lost=0 engaged=0 | TOP:  | KILL=0 | ACTIONS=10 | INTENT: focus=2 ratio=0.20
[t=883s] step=40 | MISSION=NORMAL_C | USV: 5/5 (avail=5 int=0 lock=0 frz=0) | UAV: air=5 rtb=0 chg=0 loiter=0 | TRACKS: vis=0 lost=0 engaged=0 | TOP:  | KILL=0 | ACTIONS=10 | INTENT: focus=2 ratio=0.20
[t=1,101s] step=50 | MISSION=NORMAL_C | USV: 5/5 (avail=5 int=0 lock=0 frz=0) | UAV: air=5 rtb=0 chg=0 loiter=0 | TRACKS: vis=0 lost=0 engaged=0 | TOP:  | KILL=0 | ACTIONS=10 | INTENT: focus=2 ratio=0.20
[t=1,338s] step=60 | MISSION=NORMAL_C | USV: 5/5 (avail=5 int=0 lock=0 frz=0) | UAV: air=5 rtb=0 chg=0 loiter=0 | TRACKS: vis=0 lost=0 engaged=0 | TOP:  | KILL=0 | ACTIONS=10 | INTENT: focus=2 ratio=0.20
[t=1,584s] step=70 | MISSION=NORMAL_C | USV: 5/5 (avail=5 int=0 lock=0 frz=0) | UAV: air=5 rtb=0 chg=0 loiter=0 | TRACKS: vis=0 lost=0 engaged=0 | TOP:  | KILL=0 | ACTIONS=10 | INTENT: focus=2 ratio=0.20
[t=1,826s] step=80 | MISSION=NORMAL_C | USV: 5/5 (avail=5 int=0 lock=0 frz=0) | UAV: air=5 rtb=0 chg=0 loiter=0 | TRACKS: vis=0 lost=0 engaged=0 | TOP:  | KILL=0 | ACTIONS=10 | INTENT: focus=2 ratio=0.20
      [DETECT] black_usv7
      [DETECT] black_usv5
      [DETECT] black_usv6
      [ASSIGN] white_usv4->black_usv7
      [ASSIGN] white_usv5->black_usv7
      [ASSIGN] white_usv3->black_usv6
      [ASSIGN] white_usv2->black_usv5
      [DETECT] black_usv4
      [DETECT] black_usv9
      [DETECT] black_usv8
      [DETECT] black_usv3
      [ASSIGN] white_usv1->black_usv9
      [DETECT] black_usv1
      [DETECT] black_usv10
      [DETECT] black_usv2
[t=2,066s] step=90 | MISSION=NORMAL_C | USV: 5/5 (avail=0 int=5 lock=0 frz=0) | UAV: air=5 rtb=0 chg=0 loiter=0 | TRACKS: vis=9 lost=1 engaged=0 | TOP: black_usv3(x239,787) black_usv10(x240,128) black_usv8(x240,183) | KILL=0 | ACTIONS=10 | INTENT: focus=2 ratio=0.20
[t=2,305s] step=100 | MISSION=NORMAL_C | USV: 5/5 (avail=0 int=5 lock=0 frz=0) | UAV: air=5 rtb=0 chg=0 loiter=0 | TRACKS: vis=10 lost=0 engaged=0 | TOP: black_usv3(x237,453) black_usv10(x237,832) black_usv8(x237,894) | KILL=0 | ACTIONS=10 | INTENT: focus=2 ratio=0.20
[t=2,568s] step=110 | MISSION=NORMAL_C | USV: 5/5 (avail=0 int=5 lock=0 frz=0) | UAV: air=5 rtb=0 chg=0 loiter=0 | TRACKS: vis=9 lost=1 engaged=0 | TOP: black_usv3(x234,875) black_usv10(x235,300) black_usv8(x235,369) | KILL=0 | ACTIONS=10 | INTENT: focus=2 ratio=0.20
[t=2,819s] step=120 | MISSION=NORMAL_C | USV: 5/5 (avail=0 int=5 lock=0 frz=0) | UAV: air=5 rtb=0 chg=0 loiter=0 | TRACKS: vis=9 lost=0 engaged=0 | TOP: black_usv3(x232,431) black_usv10(x232,896) black_usv8(x232,971) | KILL=0 | ACTIONS=10 | INTENT: focus=2 ratio=0.20
[t=3,081s] step=130 | MISSION=NORMAL_C | USV: 5/5 (avail=0 int=5 lock=0 frz=0) | UAV: air=5 rtb=0 chg=0 loiter=0 | TRACKS: vis=9 lost=0 engaged=0 | TOP: black_usv3(x229,872) black_usv10(x230,379) black_usv8(x230,462) | KILL=0 | ACTIONS=10 | INTENT: focus=2 ratio=0.20
[t=3,329s] step=140 | MISSION=NORMAL_C | USV: 5/5 (avail=0 int=5 lock=0 frz=0) | UAV: air=5 rtb=0 chg=0 loiter=0 | TRACKS: vis=9 lost=0 engaged=0 | TOP: black_usv3(x227,449) black_usv10(x227,997) black_usv8(x228,087) | KILL=0 | ACTIONS=10 | INTENT: focus=2 ratio=0.20
[t=3,589s] step=150 | MISSION=NORMAL_C | USV: 5/5 (avail=0 int=5 lock=0 frz=0) | UAV: air=5 rtb=0 chg=0 loiter=0 | TRACKS: vis=9 lost=0 engaged=0 | TOP: black_usv3(x224,909) black_usv10(x225,500) black_usv8(x225,596) | KILL=0 | ACTIONS=10 | INTENT: focus=2 ratio=0.20
[t=3,838s] step=160 | MISSION=NORMAL_C | USV: 5/5 (avail=0 int=5 lock=0 frz=0) | UAV: air=5 rtb=0 chg=0 loiter=0 | TRACKS: vis=9 lost=0 engaged=0 | TOP: black_usv3(x222,476) black_usv10(x223,108) black_usv8(x223,211) | KILL=0 | ACTIONS=10 | INTENT: focus=2 ratio=0.20
[t=4,111s] step=170 | MISSION=NORMAL_C | USV: 5/5 (avail=0 int=5 lock=0 frz=0) | UAV: air=5 rtb=0 chg=0 loiter=0 | TRACKS: vis=9 lost=0 engaged=0 | TOP: black_usv10(x220,486) black_usv8(x220,597) black_usv1(x224,625) | KILL=0 | ACTIONS=10 | INTENT: focus=2 ratio=0.20
[t=4,382s] step=180 | MISSION=NORMAL_C | USV: 5/5 (avail=0 int=5 lock=0 frz=0) | UAV: air=5 rtb=0 chg=0 loiter=0 | TRACKS: vis=9 lost=0 engaged=0 | TOP: black_usv10(x217,883) black_usv8(x218,001) black_usv1(x222,295) | KILL=0 | ACTIONS=10 | INTENT: focus=2 ratio=0.20
[t=4,622s] step=190 | MISSION=NORMAL_C | USV: 5/5 (avail=0 int=5 lock=0 frz=0) | UAV: air=5 rtb=0 chg=0 loiter=0 | TRACKS: vis=9 lost=0 engaged=0 | TOP: black_usv10(x215,571) black_usv8(x215,694) black_usv1(x219,928) | KILL=0 | ACTIONS=10 | INTENT: focus=2 ratio=0.20
[t=4,896s] step=200 | MISSION=NORMAL_C | USV: 5/5 (avail=0 int=5 lock=0 frz=0) | UAV: air=5 rtb=0 chg=0 loiter=0 | TRACKS: vis=9 lost=0 engaged=0 | TOP: black_usv10(x212,947) black_usv8(x213,078) black_usv1(x217,202) | KILL=0 | ACTIONS=10 | INTENT: focus=2 ratio=0.20
[t=5,158s] step=210 | MISSION=NORMAL_C | USV: 5/5 (avail=0 int=5 lock=0 frz=0) | UAV: air=5 rtb=0 chg=0 loiter=0 | TRACKS: vis=9 lost=0 engaged=0 | TOP: black_usv10(x210,430) black_usv8(x210,569) black_usv1(x214,588) | KILL=0 | ACTIONS=10 | INTENT: focus=2 ratio=0.20
[t=5,449s] step=220 | MISSION=NORMAL_C | USV: 5/5 (avail=0 int=5 lock=0 frz=0) | UAV: air=5 rtb=0 chg=0 loiter=0 | TRACKS: vis=9 lost=0 engaged=0 | TOP: black_usv10(x207,635) black_usv8(x207,782) black_usv1(x211,684) | KILL=0 | ACTIONS=10 | INTENT: focus=2 ratio=0.20
[t=5,733s] step=230 | MISSION=NORMAL_C | USV: 5/5 (avail=0 int=5 lock=0 frz=0) | UAV: air=5 rtb=0 chg=0 loiter=0 | TRACKS: vis=9 lost=0 engaged=0 | TOP: black_usv10(x204,908) black_usv8(x205,061) black_usv1(x208,850) | KILL=0 | ACTIONS=10 | INTENT: focus=2 ratio=0.20
[t=6,019s] step=240 | MISSION=NORMAL_C | USV: 5/5 (avail=0 int=5 lock=0 frz=0) | UAV: air=5 rtb=0 chg=0 loiter=0 | TRACKS: vis=9 lost=0 engaged=0 | TOP: black_usv10(x202,161) black_usv8(x202,322) black_usv1(x205,996) | KILL=0 | ACTIONS=10 | INTENT: focus=2 ratio=0.20
[t=6,286s] step=250 | MISSION=NORMAL_C | USV: 5/5 (avail=0 int=5 lock=0 frz=0) | UAV: air=5 rtb=0 chg=0 loiter=0 | TRACKS: vis=9 lost=0 engaged=0 | TOP: black_usv10(x199,596) black_usv8(x199,765) black_usv1(x203,332) | KILL=0 | ACTIONS=10 | INTENT: focus=2 ratio=0.20
[t=6,544s] step=260 | MISSION=NORMAL_C | USV: 5/5 (avail=0 int=5 lock=0 frz=0) | UAV: air=5 rtb=0 chg=0 loiter=0 | TRACKS: vis=9 lost=0 engaged=0 | TOP: black_usv10(x197,118) black_usv8(x197,294) black_usv1(x200,757) | KILL=0 | ACTIONS=10 | INTENT: focus=2 ratio=0.20
      [DETECT] black_usv2
[t=6,790s] step=270 | MISSION=NORMAL_C | USV: 5/5 (avail=0 int=5 lock=0 frz=0) | UAV: air=5 rtb=0 chg=0 loiter=0 | TRACKS: vis=10 lost=0 engaged=0 | TOP: black_usv10(x194,755) black_usv8(x194,938) black_usv2(x196,475) | KILL=0 | ACTIONS=10 | INTENT: focus=2 ratio=0.20
[t=7,080s] step=280 | MISSION=NORMAL_C | USV: 5/5 (avail=0 int=5 lock=0 frz=0) | UAV: air=5 rtb=0 chg=0 loiter=0 | TRACKS: vis=9 lost=1 engaged=0 | TOP: black_usv10(x191,970) black_usv8(x192,160) black_usv2(x193,763) | KILL=0 | ACTIONS=10 | INTENT: focus=2 ratio=0.20
[t=7,332s] step=290 | MISSION=NORMAL_C | USV: 5/5 (avail=0 int=5 lock=0 frz=0) | UAV: air=5 rtb=0 chg=0 loiter=0 | TRACKS: vis=10 lost=0 engaged=0 | TOP: black_usv10(x189,550) black_usv8(x189,746) black_usv2(x191,406) | KILL=0 | ACTIONS=10 | INTENT: focus=2 ratio=0.20
      [ASSIGN] white_usv3->black_usv7(机会锁定)
      [ASSIGN] white_usv2->black_usv7(机会锁定)
      [ASSIGN] white_usv1->black_usv7(机会锁定)
[t=7,560s] step=300 | MISSION=NORMAL_C | USV: 5/5 (avail=0 int=0 lock=5 frz=0) | UAV: air=5 rtb=0 chg=0 loiter=0 | TRACKS: vis=10 lost=0 engaged=1 | TOP: black_usv10(x187,353) black_usv8(x187,556) black_usv2(x189,267) | KILL=0 | ACTIONS=10 | INTENT: focus=2 ratio=0.20
      [ASSIGN] white_usv4->black_usv5(机会锁定)
      [ASSIGN] white_usv5->black_usv5(机会锁定)
      [ASSIGN] white_usv3->black_usv5(机会锁定)
      [ASSIGN] white_usv2->black_usv5(机会锁定)
      [ASSIGN] white_usv1->black_usv5(机会锁定)
[t=7,835s] step=310 | MISSION=NORMAL_C | USV: 5/5 (avail=0 int=0 lock=5 frz=0) | UAV: air=5 rtb=0 chg=0 loiter=0 | TRACKS: vis=10 lost=0 engaged=1 | TOP: black_usv7(x183,380) black_usv10(x184,718) black_usv8(x184,929) | KILL=1 | ACTIONS=10 | INTENT: focus=2 ratio=0.20
      [ASSIGN] white_usv4->black_usv10(机会锁定)
      [ASSIGN] white_usv5->black_usv10(机会锁定)
      [ASSIGN] white_usv3->black_usv10(机会锁定)
      [ASSIGN] white_usv2->black_usv10(机会锁定)
      [ASSIGN] white_usv1->black_usv10(机会锁定)
[t=8,143s] step=320 | MISSION=NORMAL_C | USV: 5/5 (avail=0 int=0 lock=5 frz=0) | UAV: air=5 rtb=0 chg=0 loiter=0 | TRACKS: vis=9 lost=1 engaged=1 | TOP: black_usv7(x183,380) black_usv8(x181,979) black_usv2(x183,822) | KILL=2 | ACTIONS=10 | INTENT: focus=2 ratio=0.20
      [KILL] black_usv7
      [ASSIGN] white_usv4->black_usv5(机会锁定)
      [ASSIGN] white_usv5->black_usv5(机会锁定)
      [ASSIGN] white_usv3->black_usv8(机会锁定)
      [ASSIGN] white_usv2->black_usv8(机会锁定)
      [ASSIGN] white_usv1->black_usv8(机会锁定)
      [ASSIGN] white_usv4->black_usv10(机会锁定)
      [ASSIGN] white_usv5->black_usv10(机会锁定)
      [ASSIGN] white_usv4->black_usv5(机会锁定)
      [ASSIGN] white_usv5->black_usv5(机会锁定)
      [ASSIGN] white_usv4->black_usv10(机会锁定)
      [ASSIGN] white_usv5->black_usv10(机会锁定)
      [ASSIGN] white_usv4->black_usv5(机会锁定)
      [ASSIGN] white_usv5->black_usv5(机会锁定)
[t=8,470s] step=330 | MISSION=NORMAL_C | USV: 5/5 (avail=0 int=2 lock=3 frz=0) | UAV: air=5 rtb=0 chg=0 loiter=0 | TRACKS: vis=8 lost=0 engaged=1 | TOP: black_usv1(x181,538) black_usv4(x184,129) black_usv5(x182,366) | KILL=3 | ACTIONS=10 | INTENT: focus=2 ratio=0.20
      [ASSIGN] white_usv4->black_usv10(机会锁定)
      [ASSIGN] white_usv5->black_usv10(机会锁定)
      [ASSIGN] white_usv5->black_usv5(机会锁定)
      [ASSIGN] white_usv5->black_usv10(机会锁定)
      [KILL] black_usv5
      [ASSIGN] white_usv3->black_usv1(机会锁定)
      [ASSIGN] white_usv2->black_usv4(机会锁定)
      [ASSIGN] white_usv1->black_usv4(机会锁定)
      [ASSIGN] white_usv5->black_usv6(机会锁定)
      [ASSIGN] white_usv4->black_usv3(机会锁定)
[t=8,781s] step=340 | MISSION=NORMAL_C | USV: 5/5 (avail=0 int=0 lock=5 frz=0) | UAV: air=5 rtb=0 chg=0 loiter=0 | TRACKS: vis=7 lost=0 engaged=4 | TOP: black_usv8(x177,113) black_usv10(x180,051) black_usv9(x181,398) | KILL=4 | ACTIONS=10 | INTENT: focus=2 ratio=0.20
      [KILL] black_usv10
      [ASSIGN] white_usv3->black_usv8(机会锁定)
      [ASSIGN] white_usv5->black_usv9(机会锁定)
      [ASSIGN] white_usv3->black_usv1(机会锁定)
      [ASSIGN] white_usv2->black_usv1(机会锁定)
      [ASSIGN] white_usv1->black_usv1(机会锁定)
      [ASSIGN] white_usv4->black_usv4(机会锁定)
      [ASSIGN] white_usv4->black_usv3(机会锁定)
[t=9,120s] step=350 | MISSION=NORMAL_C | USV: 5/5 (avail=0 int=1 lock=4 frz=0) | UAV: air=5 rtb=0 chg=0 loiter=0 | TRACKS: vis=6 lost=0 engaged=2 | TOP: black_usv8(x177,113) black_usv3(x178,072) black_usv6(x178,517) | KILL=5 | ACTIONS=10 | INTENT: focus=2 ratio=0.20
      [KILL] black_usv8
      [ASSIGN] white_usv5->black_usv6(机会锁定)
      [ASSIGN] white_usv3->black_usv4(机会锁定)
      [ASSIGN] white_usv2->black_usv4(机会锁定)
      [ASSIGN] white_usv1->black_usv4(机会锁定)
      [ASSIGN] white_usv4->black_usv9(机会锁定)
      [ASSIGN] white_usv3->black_usv1(机会锁定)
      [ASSIGN] white_usv2->black_usv1(机会锁定)
      [ASSIGN] white_usv1->black_usv1(机会锁定)
      [ASSIGN] white_usv3->black_usv3(机会锁定)
      [ASSIGN] white_usv2->black_usv3(机会锁定)
      [ASSIGN] white_usv1->black_usv3(机会锁定)
      [ASSIGN] white_usv3->black_usv1(机会锁定)
      [ASSIGN] white_usv2->black_usv1(机会锁定)
      [ASSIGN] white_usv1->black_usv1(机会锁定)
[t=9,522s] step=360 | MISSION=NORMAL_C | USV: 5/5 (avail=0 int=3 lock=2 frz=0) | UAV: air=5 rtb=0 chg=0 loiter=0 | TRACKS: vis=5 lost=0 engaged=2 | TOP: black_usv1(x175,650) black_usv4(x178,835) black_usv6(x176,647) | KILL=7 | ACTIONS=10 | INTENT: focus=2 ratio=0.20
      [ASSIGN] white_usv3->black_usv3(机会锁定)
      [ASSIGN] white_usv2->black_usv3(机会锁定)
      [ASSIGN] white_usv1->black_usv3(机会锁定)
      [ASSIGN] white_usv3->black_usv1(机会锁定)
      [ASSIGN] white_usv2->black_usv1(机会锁定)
      [ASSIGN] white_usv1->black_usv1(机会锁定)
      [KILL] black_usv4
      [ASSIGN] white_usv3->black_usv3(机会锁定)
      [ASSIGN] white_usv1->black_usv3(机会锁定)
      [ASSIGN] white_usv3->black_usv9(机会锁定)
      [ASSIGN] white_usv1->black_usv1(机会锁定)
      [ASSIGN] white_usv4->black_usv3(机会锁定)
      [ASSIGN] white_usv5->black_usv3(机会锁定)
      [ASSIGN] white_usv1->black_usv3(机会锁定)
      [ASSIGN] white_usv4->black_usv6(机会锁定)
      [ASSIGN] white_usv5->black_usv6(机会锁定)
      [ASSIGN] white_usv1->black_usv6(机会锁定)
      [ASSIGN] white_usv4->black_usv3(机会锁定)
      [ASSIGN] white_usv5->black_usv3(机会锁定)
      [ASSIGN] white_usv1->black_usv3(机会锁定)
      [ASSIGN] white_usv4->black_usv6(机会锁定)
      [ASSIGN] white_usv5->black_usv6(机会锁定)
      [ASSIGN] white_usv2->black_usv6(机会锁定)
      [ASSIGN] white_usv1->black_usv6(机会锁定)
      [ASSIGN] white_usv4->black_usv3(机会锁定)
      [ASSIGN] white_usv5->black_usv9(机会锁定)
      [ASSIGN] white_usv2->black_usv1(机会锁定)
      [ASSIGN] white_usv1->black_usv1(机会锁定)
      [ASSIGN] white_usv4->black_usv6(机会锁定)
      [ASSIGN] white_usv2->black_usv6(机会锁定)
      [ASSIGN] white_usv1->black_usv6(机会锁定)
[t=9,979s] step=370 | MISSION=NORMAL_C | USV: 5/5 (avail=0 int=3 lock=2 frz=0) | UAV: air=5 rtb=0 chg=0 loiter=0 | TRACKS: vis=4 lost=0 engaged=1 | TOP: black_usv6(x174,747) black_usv3(x177,412) black_usv9(x173,469) | KILL=8 | ACTIONS=10 | INTENT: focus=2 ratio=0.20
      [KILL] black_usv1
      [ASSIGN] white_usv4->black_usv9(机会锁定)
      [ASSIGN] white_usv2->black_usv3(机会锁定)
      [ASSIGN] white_usv1->black_usv3(机会锁定)
      [KILL] black_usv3
      [ASSIGN] white_usv4->black_usv6(机会锁定)
      [ASSIGN] white_usv5->black_usv6(机会锁定)
      [ASSIGN] white_usv3->black_usv6(机会锁定)
      [RELEASE] white_usv2->black_usv3(目标失效)
      [ASSIGN] white_usv2->black_usv6(机会锁定)
      [RELEASE] white_usv1->black_usv3(目标失效)
      [ASSIGN] white_usv1->black_usv6(机会锁定)
      [ASSIGN] white_usv4->black_usv9(机会锁定)
      [ASSIGN] white_usv5->black_usv9(机会锁定)
      [ASSIGN] white_usv3->black_usv9(机会锁定)
      [ASSIGN] white_usv2->black_usv9(机会锁定)
      [ASSIGN] white_usv5->black_usv6(机会锁定)
      [ASSIGN] white_usv3->black_usv6(机会锁定)
      [ASSIGN] white_usv2->black_usv6(机会锁定)
      [ASSIGN] white_usv5->black_usv9(机会锁定)
      [ASSIGN] white_usv3->black_usv9(机会锁定)
      [ASSIGN] white_usv2->black_usv9(机会锁定)
      [ASSIGN] white_usv5->black_usv6(机会锁定)
      [ASSIGN] white_usv3->black_usv6(机会锁定)
      [ASSIGN] white_usv2->black_usv6(机会锁定)
      [ASSIGN] white_usv5->black_usv9(机会锁定)
      [ASSIGN] white_usv3->black_usv9(机会锁定)
      [ASSIGN] white_usv2->black_usv9(机会锁定)
      [ASSIGN] white_usv5->black_usv6(机会锁定)
      [ASSIGN] white_usv2->black_usv6(机会锁定)
      [KILL] black_usv6
      [RELEASE] white_usv5->black_usv6(目标失效)
      [ASSIGN] white_usv5->black_usv9(机会锁定)
      [RELEASE] white_usv2->black_usv6(目标失效)
      [ASSIGN] white_usv2->black_usv9(机会锁定)
[t=10,402s] step=380 | MISSION=NORMAL_C | USV: 4/5 (avail=0 int=4 lock=0 frz=0) | UAV: air=5 rtb=0 chg=0 loiter=0 | TRACKS: vis=1 lost=0 engaged=0 | TOP: black_usv9(x173,036) | KILL=9 | ACTIONS=9 | INTENT: focus=2 ratio=0.20
[t=10,659s] step=390 | MISSION=NORMAL_C | USV: 4/5 (avail=0 int=4 lock=0 frz=0) | UAV: air=5 rtb=0 chg=0 loiter=0 | TRACKS: vis=1 lost=0 engaged=0 | TOP: black_usv9(x173,036) | KILL=9 | ACTIONS=9 | INTENT: focus=2 ratio=0.20
      [KILL] black_usv9
      [RELEASE] white_usv4->black_usv9(目标失效)
      [RELEASE] white_usv5->black_usv9(目标失效)
      [RELEASE] white_usv3->black_usv9(目标失效)
      [RELEASE] white_usv2->black_usv9(目标失效)
[t=10,876s] step=400 | MISSION=NORMAL_C | USV: 4/5 (avail=4 int=0 lock=0 frz=0) | UAV: air=5 rtb=0 chg=0 loiter=0 | TRACKS: vis=0 lost=0 engaged=0 | TOP:  | KILL=9 | ACTIONS=9 | INTENT: focus=2 ratio=0.20
[t=11,096s] step=410 | MISSION=NORMAL_C | USV: 4/5 (avail=4 int=0 lock=0 frz=0) | UAV: air=5 rtb=0 chg=0 loiter=0 | TRACKS: vis=0 lost=0 engaged=0 | TOP:  | KILL=9 | ACTIONS=9 | INTENT: focus=2 ratio=0.20
[t=11,329s] step=420 | MISSION=NORMAL_C | USV: 4/5 (avail=4 int=0 lock=0 frz=0) | UAV: air=5 rtb=0 chg=0 loiter=0 | TRACKS: vis=0 lost=0 engaged=0 | TOP:  | KILL=9 | ACTIONS=9 | INTENT: focus=2 ratio=0.20
[t=11,565s] step=430 | MISSION=NORMAL_C | USV: 4/5 (avail=4 int=0 lock=0 frz=0) | UAV: air=5 rtb=0 chg=0 loiter=0 | TRACKS: vis=0 lost=0 engaged=0 | TOP:  | KILL=9 | ACTIONS=9 | INTENT: focus=2 ratio=0.20
[t=11,793s] step=440 | MISSION=NORMAL_C | USV: 4/5 (avail=4 int=0 lock=0 frz=0) | UAV: air=5 rtb=0 chg=0 loiter=0 | TRACKS: vis=0 lost=0 engaged=0 | TOP:  | KILL=9 | ACTIONS=9 | INTENT: focus=2 ratio=0.20
[t=12,013s] step=450 | MISSION=NORMAL_C | USV: 4/5 (avail=4 int=0 lock=0 frz=0) | UAV: air=5 rtb=0 chg=0 loiter=0 | TRACKS: vis=0 lost=0 engaged=0 | TOP:  | KILL=9 | ACTIONS=9 | INTENT: focus=2 ratio=0.20
[t=12,244s] step=460 | MISSION=NORMAL_C | USV: 4/5 (avail=4 int=0 lock=0 frz=0) | UAV: air=5 rtb=0 chg=0 loiter=0 | TRACKS: vis=0 lost=0 engaged=0 | TOP:  | KILL=9 | ACTIONS=9 | INTENT: focus=2 ratio=0.20
[t=12,475s] step=470 | MISSION=NORMAL_C | USV: 4/5 (avail=4 int=0 lock=0 frz=0) | UAV: air=5 rtb=0 chg=0 loiter=0 | TRACKS: vis=0 lost=0 engaged=0 | TOP:  | KILL=9 | ACTIONS=9 | INTENT: focus=2 ratio=0.20
[t=12,700s] step=480 | MISSION=NORMAL_C | USV: 4/5 (avail=4 int=0 lock=0 frz=0) | UAV: air=5 rtb=0 chg=0 loiter=0 | TRACKS: vis=0 lost=0 engaged=0 | TOP:  | KILL=9 | ACTIONS=9 | INTENT: focus=2 ratio=0.20
[t=12,935s] step=490 | MISSION=NORMAL_C | USV: 4/5 (avail=4 int=0 lock=0 frz=0) | UAV: air=5 rtb=0 chg=0 loiter=0 | TRACKS: vis=0 lost=0 engaged=0 | TOP:  | KILL=9 | ACTIONS=9 | INTENT: focus=2 ratio=0.20
[t=13,170s] step=500 | MISSION=NORMAL_C | USV: 4/5 (avail=4 int=0 lock=0 frz=0) | UAV: air=5 rtb=0 chg=0 loiter=0 | TRACKS: vis=0 lost=0 engaged=0 | TOP:  | KILL=9 | ACTIONS=9 | INTENT: focus=2 ratio=0.20
[t=13,406s] step=510 | MISSION=NORMAL_C | USV: 4/5 (avail=4 int=0 lock=0 frz=0) | UAV: air=5 rtb=0 chg=0 loiter=0 | TRACKS: vis=0 lost=0 engaged=0 | TOP:  | KILL=9 | ACTIONS=9 | INTENT: focus=2 ratio=0.20
[t=13,643s] step=520 | MISSION=NORMAL_C | USV: 4/5 (avail=4 int=0 lock=0 frz=0) | UAV: air=5 rtb=0 chg=0 loiter=0 | TRACKS: vis=0 lost=0 engaged=0 | TOP:  | KILL=9 | ACTIONS=9 | INTENT: focus=2 ratio=0.20
[t=13,879s] step=530 | MISSION=NORMAL_C | USV: 4/5 (avail=4 int=0 lock=0 frz=0) | UAV: air=5 rtb=0 chg=0 loiter=0 | TRACKS: vis=0 lost=0 engaged=0 | TOP:  | KILL=9 | ACTIONS=9 | INTENT: focus=2 ratio=0.20
[t=14,103s] step=540 | MISSION=NORMAL_C | USV: 4/5 (avail=4 int=0 lock=0 frz=0) | UAV: air=5 rtb=0 chg=0 loiter=0 | TRACKS: vis=0 lost=0 engaged=0 | TOP:  | KILL=9 | ACTIONS=9 | INTENT: focus=2 ratio=0.20
[t=14,345s] step=550 | MISSION=NORMAL_C | USV: 4/5 (avail=4 int=0 lock=0 frz=0) | UAV: air=5 rtb=0 chg=0 loiter=0 | TRACKS: vis=0 lost=0 engaged=0 | TOP:  | KILL=9 | ACTIONS=9 | INTENT: focus=2 ratio=0.20
[t=14,572s] step=560 | MISSION=NORMAL_C | USV: 4/5 (avail=4 int=0 lock=0 frz=0) | UAV: air=5 rtb=0 chg=0 loiter=0 | TRACKS: vis=0 lost=0 engaged=0 | TOP:  | KILL=9 | ACTIONS=9 | INTENT: focus=2 ratio=0.20
[t=14,775s] step=570 | MISSION=NORMAL_C | USV: 4/5 (avail=4 int=0 lock=0 frz=0) | UAV: air=5 rtb=0 chg=0 loiter=0 | TRACKS: vis=0 lost=0 engaged=0 | TOP:  | KILL=9 | ACTIONS=9 | INTENT: focus=2 ratio=0.20
[t=15,006s] step=580 | MISSION=NORMAL_C | USV: 4/5 (avail=4 int=0 lock=0 frz=0) | UAV: air=5 rtb=0 chg=0 loiter=0 | TRACKS: vis=0 lost=0 engaged=0 | TOP:  | KILL=9 | ACTIONS=9 | INTENT: focus=2 ratio=0.20
[t=15,225s] step=590 | MISSION=NORMAL_C | USV: 4/5 (avail=4 int=0 lock=0 frz=0) | UAV: air=5 rtb=0 chg=0 loiter=0 | TRACKS: vis=0 lost=0 engaged=0 | TOP:  | KILL=9 | ACTIONS=9 | INTENT: focus=2 ratio=0.20
[t=15,491s] step=600 | MISSION=NORMAL_C | USV: 4/5 (avail=4 int=0 lock=0 frz=0) | UAV: air=5 rtb=0 chg=0 loiter=0 | TRACKS: vis=0 lost=0 engaged=0 | TOP:  | KILL=9 | ACTIONS=9 | INTENT: focus=2 ratio=0.20
[t=15,741s] step=610 | MISSION=NORMAL_C | USV: 4/5 (avail=4 int=0 lock=0 frz=0) | UAV: air=5 rtb=0 chg=0 loiter=0 | TRACKS: vis=0 lost=0 engaged=0 | TOP:  | KILL=9 | ACTIONS=9 | INTENT: focus=2 ratio=0.20
[t=15,977s] step=620 | MISSION=NORMAL_C | USV: 4/5 (avail=4 int=0 lock=0 frz=0) | UAV: air=5 rtb=0 chg=0 loiter=0 | TRACKS: vis=0 lost=0 engaged=0 | TOP:  | KILL=9 | ACTIONS=9 | INTENT: focus=2 ratio=0.20
[t=16,209s] step=630 | MISSION=NORMAL_C | USV: 4/5 (avail=4 int=0 lock=0 frz=0) | UAV: air=5 rtb=0 chg=0 loiter=0 | TRACKS: vis=0 lost=0 engaged=0 | TOP:  | KILL=9 | ACTIONS=9 | INTENT: focus=2 ratio=0.20
[t=16,433s] step=640 | MISSION=NORMAL_C | USV: 4/5 (avail=4 int=0 lock=0 frz=0) | UAV: air=5 rtb=0 chg=0 loiter=0 | TRACKS: vis=0 lost=0 engaged=0 | TOP:  | KILL=9 | ACTIONS=9 | INTENT: focus=2 ratio=0.20
[t=16,670s] step=650 | MISSION=NORMAL_C | USV: 4/5 (avail=4 int=0 lock=0 frz=0) | UAV: air=5 rtb=0 chg=0 loiter=0 | TRACKS: vis=0 lost=0 engaged=0 | TOP:  | KILL=9 | ACTIONS=9 | INTENT: focus=2 ratio=0.20
[t=16,909s] step=660 | MISSION=NORMAL_C | USV: 4/5 (avail=4 int=0 lock=0 frz=0) | UAV: air=5 rtb=0 chg=0 loiter=0 | TRACKS: vis=0 lost=0 engaged=0 | TOP:  | KILL=9 | ACTIONS=9 | INTENT: focus=2 ratio=0.20
[t=17,166s] step=670 | MISSION=NORMAL_C | USV: 4/5 (avail=4 int=0 lock=0 frz=0) | UAV: air=5 rtb=0 chg=0 loiter=0 | TRACKS: vis=0 lost=0 engaged=0 | TOP:  | KILL=9 | ACTIONS=9 | INTENT: focus=2 ratio=0.20
[t=17,421s] step=680 | MISSION=NORMAL_C | USV: 4/5 (avail=4 int=0 lock=0 frz=0) | UAV: air=5 rtb=0 chg=0 loiter=0 | TRACKS: vis=0 lost=0 engaged=0 | TOP:  | KILL=9 | ACTIONS=9 | INTENT: focus=2 ratio=0.20
[t=17,665s] step=690 | MISSION=NORMAL_C | USV: 4/5 (avail=4 int=0 lock=0 frz=0) | UAV: air=5 rtb=0 chg=0 loiter=0 | TRACKS: vis=0 lost=0 engaged=0 | TOP:  | KILL=9 | ACTIONS=9 | INTENT: focus=2 ratio=0.20
[t=17,912s] step=700 | MISSION=NORMAL_C | USV: 4/5 (avail=4 int=0 lock=0 frz=0) | UAV: air=5 rtb=0 chg=0 loiter=0 | TRACKS: vis=0 lost=0 engaged=0 | TOP:  | KILL=9 | ACTIONS=9 | INTENT: focus=2 ratio=0.20
[t=18,134s] step=710 | MISSION=NORMAL_C | USV: 3/5 (avail=3 int=0 lock=0 frz=0) | UAV: air=5 rtb=0 chg=0 loiter=0 | TRACKS: vis=0 lost=0 engaged=0 | TOP:  | KILL=9 | ACTIONS=8 | INTENT: focus=2 ratio=0.20
[t=18,346s] step=720 | MISSION=NORMAL_C | USV: 2/5 (avail=2 int=0 lock=0 frz=0) | UAV: air=5 rtb=0 chg=0 loiter=0 | TRACKS: vis=0 lost=0 engaged=0 | TOP:  | KILL=9 | ACTIONS=7 | INTENT: focus=2 ratio=0.20
[t=18,552s] step=730 | MISSION=NORMAL_C | USV: 2/5 (avail=2 int=0 lock=0 frz=0) | UAV: air=5 rtb=0 chg=0 loiter=0 | TRACKS: vis=0 lost=0 engaged=0 | TOP:  | KILL=9 | ACTIONS=7 | INTENT: focus=2 ratio=0.20
[t=18,765s] step=740 | MISSION=NORMAL_C | USV: 0/5 (avail=0 int=0 lock=0 frz=0) | UAV: air=5 rtb=0 chg=0 loiter=0 | TRACKS: vis=0 lost=0 engaged=0 | TOP:  | KILL=9 | ACTIONS=5 | INTENT: focus=2 ratio=0.20
[t=18,969s] step=750 | MISSION=NORMAL_C | USV: 0/5 (avail=0 int=0 lock=0 frz=0) | UAV: air=5 rtb=0 chg=0 loiter=0 | TRACKS: vis=0 lost=0 engaged=0 | TOP:  | KILL=9 | ACTIONS=5 | INTENT: focus=2 ratio=0.20
[t=19,174s] step=760 | MISSION=NORMAL_C | USV: 0/5 (avail=0 int=0 lock=0 frz=0) | UAV: air=5 rtb=0 chg=0 loiter=0 | TRACKS: vis=0 lost=0 engaged=0 | TOP:  | KILL=9 | ACTIONS=5 | INTENT: focus=2 ratio=0.20
[t=19,371s] step=770 | MISSION=NORMAL_C | USV: 0/5 (avail=0 int=0 lock=0 frz=0) | UAV: air=5 rtb=0 chg=0 loiter=0 | TRACKS: vis=0 lost=0 engaged=0 | TOP:  | KILL=9 | ACTIONS=5 | INTENT: focus=2 ratio=0.20
[t=19,576s] step=780 | MISSION=NORMAL_C | USV: 0/5 (avail=0 int=0 lock=0 frz=0) | UAV: air=5 rtb=0 chg=0 loiter=0 | TRACKS: vis=0 lost=0 engaged=0 | TOP:  | KILL=9 | ACTIONS=5 | INTENT: focus=2 ratio=0.20
[t=19,773s] step=790 | MISSION=NORMAL_C | USV: 0/5 (avail=0 int=0 lock=0 frz=0) | UAV: air=5 rtb=0 chg=0 loiter=0 | TRACKS: vis=0 lost=0 engaged=0 | TOP:  | KILL=9 | ACTIONS=5 | INTENT: focus=2 ratio=0.20
[t=19,973s] step=800 | MISSION=NORMAL_C | USV: 0/5 (avail=0 int=0 lock=0 frz=0) | UAV: air=5 rtb=0 chg=0 loiter=0 | TRACKS: vis=0 lost=0 engaged=0 | TOP:  | KILL=9 | ACTIONS=5 | INTENT: focus=2 ratio=0.20
[t=20,173s] step=810 | MISSION=NORMAL_C | USV: 0/5 (avail=0 int=0 lock=0 frz=0) | UAV: air=5 rtb=0 chg=0 loiter=0 | TRACKS: vis=0 lost=0 engaged=0 | TOP:  | KILL=9 | ACTIONS=5 | INTENT: focus=2 ratio=0.20
[t=20,373s] step=820 | MISSION=NORMAL_C | USV: 0/5 (avail=0 int=0 lock=0 frz=0) | UAV: air=5 rtb=0 chg=0 loiter=0 | TRACKS: vis=0 lost=0 engaged=0 | TOP:  | KILL=9 | ACTIONS=5 | INTENT: focus=2 ratio=0.20
[t=20,573s] step=830 | MISSION=NORMAL_C | USV: 0/5 (avail=0 int=0 lock=0 frz=0) | UAV: air=5 rtb=0 chg=0 loiter=0 | TRACKS: vis=0 lost=0 engaged=0 | TOP:  | KILL=9 | ACTIONS=5 | INTENT: focus=2 ratio=0.20
[t=20,773s] step=840 | MISSION=NORMAL_C | USV: 0/5 (avail=0 int=0 lock=0 frz=0) | UAV: air=5 rtb=0 chg=0 loiter=0 | TRACKS: vis=0 lost=0 engaged=0 | TOP:  | KILL=9 | ACTIONS=5 | INTENT: focus=2 ratio=0.20
[t=20,973s] step=850 | MISSION=NORMAL_C | USV: 0/5 (avail=0 int=0 lock=0 frz=0) | UAV: air=5 rtb=0 chg=0 loiter=0 | TRACKS: vis=0 lost=0 engaged=0 | TOP:  | KILL=9 | ACTIONS=5 | INTENT: focus=2 ratio=0.20
[t=21,182s] step=860 | MISSION=NORMAL_C | USV: 0/5 (avail=0 int=0 lock=0 frz=0) | UAV: air=5 rtb=0 chg=0 loiter=0 | TRACKS: vis=0 lost=0 engaged=0 | TOP:  | KILL=9 | ACTIONS=5 | INTENT: focus=2 ratio=0.20
[t=21,382s] step=870 | MISSION=NORMAL_C | USV: 0/5 (avail=0 int=0 lock=0 frz=0) | UAV: air=5 rtb=0 chg=0 loiter=0 | TRACKS: vis=0 lost=0 engaged=0 | TOP:  | KILL=9 | ACTIONS=5 | INTENT: focus=2 ratio=0.20
[t=21,596s] step=880 | MISSION=NORMAL_C | USV: 0/5 (avail=0 int=0 lock=0 frz=0) | UAV: air=5 rtb=0 chg=0 loiter=0 | TRACKS: vis=0 lost=0 engaged=0 | TOP:  | KILL=9 | ACTIONS=5 | INTENT: focus=2 ratio=0.20
[t=21,803s] step=890 | MISSION=NORMAL_C | USV: 0/5 (avail=0 int=0 lock=0 frz=0) | UAV: air=5 rtb=0 chg=0 loiter=0 | TRACKS: vis=0 lost=0 engaged=0 | TOP:  | KILL=9 | ACTIONS=5 | INTENT: focus=2 ratio=0.20
[t=22,033s] step=900 | MISSION=NORMAL_C | USV: 0/5 (avail=0 int=0 lock=0 frz=0) | UAV: air=5 rtb=0 chg=0 loiter=0 | TRACKS: vis=0 lost=0 engaged=0 | TOP:  | KILL=9 | ACTIONS=5 | INTENT: focus=2 ratio=0.20
[t=22,234s] step=910 | MISSION=NORMAL_C | USV: 0/5 (avail=0 int=0 lock=0 frz=0) | UAV: air=5 rtb=0 chg=0 loiter=0 | TRACKS: vis=0 lost=0 engaged=0 | TOP:  | KILL=9 | ACTIONS=5 | INTENT: focus=2 ratio=0.20
[t=22,433s] step=920 | MISSION=NORMAL_C | USV: 0/5 (avail=0 int=0 lock=0 frz=0) | UAV: air=5 rtb=0 chg=0 loiter=0 | TRACKS: vis=0 lost=0 engaged=0 | TOP:  | KILL=9 | ACTIONS=5 | INTENT: focus=2 ratio=0.20

========================================================================
对局结果: Result.Victory — 敌方所有单位被击毁
  击杀蓝舰: 10 | 命中: 18 | 我方USV损失: 5 | UAV损失: 0 | 突破: 1
[META] result=Result.Victory victory_time=22633 first_detection=1845 first_lock=7377 first_kill=8300 enemy_kills=10 friendly_usv_losses=5 friendly_uav_losses=0 black_breakthrough=1 reacquire_attempts=9 reacquire_success=8 sensor_assisted_locks=38 low_conf_commitments=0 global_reacquire_entries=0 global_reacquire_success=0 coverage_collapse_events=1 active_clusters_max=0 coverage_quality_final=0.17 commander_source=default_intent commander_calls=0 commander_changes=0 commander_no_change=0 commander_parse_failures=0 commander_api_failures=0 commander_policy_failures=0 commander_avg_latency=0.0
Done
