========================================================================
HYBRID AGENT V5 — Variable-Cardinality Hierarchical Maritime Agent
  启用UAV: True | LLM_ENABLED: False
========================================================================
对局 53 开始
      [UAV RELAUNCH] white_uav1
      [UAV RELAUNCH] white_uav3
      [UAV RELAUNCH] white_uav5
      [UAV RELAUNCH] white_uav2
      [UAV RELAUNCH] white_uav4
[t=167s] step=10 | MISSION=NORMAL_C | USV: 5/5 (avail=5 int=0 lock=0 frz=0) | UAV: air=5 rtb=0 chg=0 loiter=0 | TRACKS: vis=0 lost=0 engaged=0 | TOP:  | KILL=0 | ACTIONS=10 | INTENT: focus=2 ratio=0.20
  [INTENT APPLIED]
    ThreatAllocator: focus 2 emergency 3 reserve_ratio 0.20 reserve_usvs None bias breakthrough_eta
    UAVManager: mode search_and_reacquire uav_priority []
[t=351s] step=20 | MISSION=NORMAL_C | USV: 5/5 (avail=5 int=0 lock=0 frz=0) | UAV: air=5 rtb=0 chg=0 loiter=0 | TRACKS: vis=0 lost=0 engaged=0 | TOP:  | KILL=0 | ACTIONS=10 | INTENT: focus=2 ratio=0.20
[t=527s] step=30 | MISSION=NORMAL_C | USV: 5/5 (avail=5 int=0 lock=0 frz=0) | UAV: air=5 rtb=0 chg=0 loiter=0 | TRACKS: vis=0 lost=0 engaged=0 | TOP:  | KILL=0 | ACTIONS=10 | INTENT: focus=2 ratio=0.20
[t=709s] step=40 | MISSION=NORMAL_C | USV: 5/5 (avail=5 int=0 lock=0 frz=0) | UAV: air=5 rtb=0 chg=0 loiter=0 | TRACKS: vis=0 lost=0 engaged=0 | TOP:  | KILL=0 | ACTIONS=10 | INTENT: focus=2 ratio=0.20
[t=869s] step=50 | MISSION=NORMAL_C | USV: 5/5 (avail=5 int=0 lock=0 frz=0) | UAV: air=5 rtb=0 chg=0 loiter=0 | TRACKS: vis=0 lost=0 engaged=0 | TOP:  | KILL=0 | ACTIONS=10 | INTENT: focus=2 ratio=0.20
[t=1,029s] step=60 | MISSION=NORMAL_C | USV: 5/5 (avail=5 int=0 lock=0 frz=0) | UAV: air=5 rtb=0 chg=0 loiter=0 | TRACKS: vis=0 lost=0 engaged=0 | TOP:  | KILL=0 | ACTIONS=10 | INTENT: focus=2 ratio=0.20
[t=1,182s] step=70 | MISSION=NORMAL_C | USV: 5/5 (avail=5 int=0 lock=0 frz=0) | UAV: air=5 rtb=0 chg=0 loiter=0 | TRACKS: vis=0 lost=0 engaged=0 | TOP:  | KILL=0 | ACTIONS=10 | INTENT: focus=2 ratio=0.20
[t=1,348s] step=80 | MISSION=NORMAL_C | USV: 5/5 (avail=5 int=0 lock=0 frz=0) | UAV: air=5 rtb=0 chg=0 loiter=0 | TRACKS: vis=0 lost=0 engaged=0 | TOP:  | KILL=0 | ACTIONS=10 | INTENT: focus=2 ratio=0.20
[t=1,515s] step=90 | MISSION=NORMAL_C | USV: 5/5 (avail=5 int=0 lock=0 frz=0) | UAV: air=5 rtb=0 chg=0 loiter=0 | TRACKS: vis=0 lost=0 engaged=0 | TOP:  | KILL=0 | ACTIONS=10 | INTENT: focus=2 ratio=0.20
[t=1,683s] step=100 | MISSION=NORMAL_C | USV: 5/5 (avail=5 int=0 lock=0 frz=0) | UAV: air=5 rtb=0 chg=0 loiter=0 | TRACKS: vis=0 lost=0 engaged=0 | TOP:  | KILL=0 | ACTIONS=10 | INTENT: focus=2 ratio=0.20
      [DETECT] black_usv6
      [ASSIGN] white_usv1->black_usv6
      [ASSIGN] white_usv4->black_usv6
      [ASSIGN] white_usv3->black_usv6
      [DETECT] black_usv7
      [DETECT] black_usv4
      [ASSIGN] white_usv5->black_usv7
      [ASSIGN] white_usv2->black_usv4
[t=1,856s] step=110 | MISSION=NORMAL_C | USV: 5/5 (avail=2 int=3 lock=0 frz=0) | UAV: air=5 rtb=0 chg=0 loiter=0 | TRACKS: vis=3 lost=0 engaged=0 | TOP: black_usv7(x177,597) black_usv4(x177,827) black_usv6(x241,986) | KILL=0 | ACTIONS=10 | INTENT: focus=2 ratio=0.20
      [DETECT] black_usv5
      [DETECT] black_usv8
      [DETECT] black_usv9
      [DETECT] black_usv10
      [DETECT] black_usv3
      [DETECT] black_usv2
      [DETECT] black_usv1
[t=2,031s] step=120 | MISSION=NORMAL_C | USV: 5/5 (avail=0 int=5 lock=0 frz=0) | UAV: air=5 rtb=0 chg=0 loiter=0 | TRACKS: vis=10 lost=0 engaged=0 | TOP: black_usv9(x240,637) black_usv8(x240,823) black_usv3(x241,777) | KILL=0 | ACTIONS=10 | INTENT: focus=2 ratio=0.20
[t=2,195s] step=130 | MISSION=NORMAL_C | USV: 5/5 (avail=0 int=5 lock=0 frz=0) | UAV: air=5 rtb=0 chg=0 loiter=0 | TRACKS: vis=8 lost=2 engaged=0 | TOP: black_usv9(x239,080) black_usv8(x239,282) black_usv3(x240,322) | KILL=0 | ACTIONS=10 | INTENT: focus=2 ratio=0.20
[t=2,362s] step=140 | MISSION=NORMAL_C | USV: 5/5 (avail=0 int=5 lock=0 frz=0) | UAV: air=5 rtb=0 chg=0 loiter=0 | TRACKS: vis=9 lost=1 engaged=0 | TOP: black_usv9(x237,499) black_usv8(x237,718) black_usv3(x238,844) | KILL=0 | ACTIONS=10 | INTENT: focus=2 ratio=0.20
[t=2,533s] step=150 | MISSION=NORMAL_C | USV: 5/5 (avail=0 int=5 lock=0 frz=0) | UAV: air=5 rtb=0 chg=0 loiter=0 | TRACKS: vis=9 lost=1 engaged=0 | TOP: black_usv9(x235,880) black_usv8(x236,117) black_usv3(x237,332) | KILL=0 | ACTIONS=10 | INTENT: focus=2 ratio=0.20
[t=2,715s] step=160 | MISSION=NORMAL_C | USV: 5/5 (avail=0 int=5 lock=0 frz=0) | UAV: air=5 rtb=0 chg=0 loiter=0 | TRACKS: vis=9 lost=0 engaged=0 | TOP: black_usv9(x234,154) black_usv8(x234,409) black_usv3(x235,719) | KILL=0 | ACTIONS=10 | INTENT: focus=2 ratio=0.20
[t=2,882s] step=170 | MISSION=NORMAL_C | USV: 5/5 (avail=0 int=5 lock=0 frz=0) | UAV: air=5 rtb=0 chg=0 loiter=0 | TRACKS: vis=8 lost=1 engaged=0 | TOP: black_usv9(x232,574) black_usv8(x232,846) black_usv3(x234,243) | KILL=0 | ACTIONS=10 | INTENT: focus=2 ratio=0.20
[t=3,069s] step=180 | MISSION=NORMAL_C | USV: 5/5 (avail=0 int=5 lock=0 frz=0) | UAV: air=5 rtb=0 chg=0 loiter=0 | TRACKS: vis=8 lost=1 engaged=0 | TOP: black_usv9(x230,803) black_usv8(x231,095) black_usv3(x232,589) | KILL=0 | ACTIONS=10 | INTENT: focus=2 ratio=0.20
[t=3,254s] step=190 | MISSION=NORMAL_C | USV: 5/5 (avail=0 int=5 lock=0 frz=0) | UAV: air=5 rtb=0 chg=0 loiter=0 | TRACKS: vis=8 lost=0 engaged=0 | TOP: black_usv9(x229,058) black_usv8(x229,369) black_usv3(x230,958) | KILL=0 | ACTIONS=10 | INTENT: focus=2 ratio=0.20
[t=3,441s] step=200 | MISSION=NORMAL_C | USV: 5/5 (avail=0 int=5 lock=0 frz=0) | UAV: air=5 rtb=0 chg=0 loiter=0 | TRACKS: vis=8 lost=0 engaged=0 | TOP: black_usv9(x227,260) black_usv3(x229,298) black_usv8(x227,585) | KILL=0 | ACTIONS=10 | INTENT: focus=2 ratio=0.20
[t=3,638s] step=210 | MISSION=NORMAL_C | USV: 5/5 (avail=0 int=5 lock=0 frz=0) | UAV: air=5 rtb=0 chg=0 loiter=0 | TRACKS: vis=7 lost=1 engaged=0 | TOP: black_usv9(x225,293) black_usv3(x227,558) black_usv8(x225,618) | KILL=0 | ACTIONS=10 | INTENT: focus=2 ratio=0.20
[t=3,829s] step=220 | MISSION=NORMAL_C | USV: 5/5 (avail=0 int=5 lock=0 frz=0) | UAV: air=5 rtb=0 chg=0 loiter=0 | TRACKS: vis=7 lost=1 engaged=0 | TOP: black_usv3(x225,863) black_usv9(x223,667) black_usv8(x224,176) | KILL=0 | ACTIONS=10 | INTENT: focus=2 ratio=0.20
[t=4,022s] step=230 | MISSION=NORMAL_C | USV: 5/5 (avail=0 int=5 lock=0 frz=0) | UAV: air=5 rtb=0 chg=0 loiter=0 | TRACKS: vis=8 lost=0 engaged=0 | TOP: black_usv3(x224,158) black_usv9(x222,145) black_usv8(x222,910) | KILL=0 | ACTIONS=10 | INTENT: focus=2 ratio=0.20
[t=4,218s] step=240 | MISSION=NORMAL_C | USV: 5/5 (avail=0 int=5 lock=0 frz=0) | UAV: air=5 rtb=0 chg=0 loiter=0 | TRACKS: vis=8 lost=0 engaged=0 | TOP: black_usv3(x222,424) black_usv9(x220,597) black_usv8(x221,622) | KILL=0 | ACTIONS=10 | INTENT: focus=2 ratio=0.20
[t=4,419s] step=250 | MISSION=NORMAL_C | USV: 5/5 (avail=0 int=5 lock=0 frz=0) | UAV: air=5 rtb=0 chg=0 loiter=0 | TRACKS: vis=8 lost=0 engaged=0 | TOP: black_usv3(x220,645) black_usv9(x219,008) black_usv5(x219,099) | KILL=0 | ACTIONS=10 | INTENT: focus=2 ratio=0.20
[t=4,621s] step=260 | MISSION=NORMAL_C | USV: 5/5 (avail=0 int=5 lock=0 frz=0) | UAV: air=5 rtb=0 chg=0 loiter=0 | TRACKS: vis=8 lost=0 engaged=0 | TOP: black_usv3(x218,859) black_usv9(x217,413) black_usv5(x217,123) | KILL=0 | ACTIONS=10 | INTENT: focus=2 ratio=0.20
[t=4,819s] step=270 | MISSION=NORMAL_C | USV: 5/5 (avail=0 int=5 lock=0 frz=0) | UAV: air=5 rtb=0 chg=0 loiter=0 | TRACKS: vis=8 lost=0 engaged=0 | TOP: black_usv3(x217,110) black_usv9(x215,851) black_usv5(x215,189) | KILL=0 | ACTIONS=10 | INTENT: focus=2 ratio=0.20
[t=5,021s] step=280 | MISSION=NORMAL_C | USV: 5/5 (avail=0 int=5 lock=0 frz=0) | UAV: air=5 rtb=0 chg=0 loiter=0 | TRACKS: vis=8 lost=0 engaged=0 | TOP: black_usv3(x215,323) black_usv9(x214,255) black_usv5(x213,213) | KILL=0 | ACTIONS=10 | INTENT: focus=2 ratio=0.20
[t=5,231s] step=290 | MISSION=NORMAL_C | USV: 5/5 (avail=0 int=5 lock=0 frz=0) | UAV: air=5 rtb=0 chg=0 loiter=0 | TRACKS: vis=6 lost=2 engaged=0 | TOP: black_usv3(x213,462) black_usv9(x212,597) black_usv5(x211,160) | KILL=0 | ACTIONS=10 | INTENT: focus=2 ratio=0.20
[t=5,428s] step=300 | MISSION=NORMAL_C | USV: 5/5 (avail=0 int=5 lock=0 frz=0) | UAV: air=5 rtb=0 chg=0 loiter=0 | TRACKS: vis=6 lost=1 engaged=0 | TOP: black_usv9(x211,036) black_usv5(x209,226) black_usv10(x216,149) | KILL=0 | ACTIONS=10 | INTENT: focus=2 ratio=0.20
      [DETECT] black_usv10
[t=5,626s] step=310 | MISSION=NORMAL_C | USV: 5/5 (avail=0 int=5 lock=0 frz=0) | UAV: air=5 rtb=0 chg=0 loiter=0 | TRACKS: vis=7 lost=0 engaged=0 | TOP: black_usv10(x214,749) black_usv9(x209,476) black_usv5(x207,251) | KILL=0 | ACTIONS=10 | INTENT: focus=2 ratio=0.20
[t=5,830s] step=320 | MISSION=NORMAL_C | USV: 5/5 (avail=0 int=5 lock=0 frz=0) | UAV: air=5 rtb=0 chg=0 loiter=0 | TRACKS: vis=7 lost=0 engaged=0 | TOP: black_usv10(x213,307) black_usv9(x207,861) black_usv5(x205,216) | KILL=0 | ACTIONS=10 | INTENT: focus=2 ratio=0.20
[t=6,038s] step=330 | MISSION=NORMAL_C | USV: 5/5 (avail=0 int=5 lock=0 frz=0) | UAV: air=5 rtb=0 chg=0 loiter=0 | TRACKS: vis=7 lost=0 engaged=0 | TOP: black_usv10(x211,844) black_usv9(x206,223) black_usv8(x207,025) | KILL=0 | ACTIONS=10 | INTENT: focus=2 ratio=0.20
[t=6,224s] step=340 | MISSION=NORMAL_C | USV: 5/5 (avail=0 int=5 lock=0 frz=0) | UAV: air=5 rtb=0 chg=0 loiter=0 | TRACKS: vis=7 lost=0 engaged=0 | TOP: black_usv10(x210,529) black_usv9(x204,749) black_usv8(x205,160) | KILL=0 | ACTIONS=10 | INTENT: focus=2 ratio=0.20
[t=6,402s] step=350 | MISSION=NORMAL_C | USV: 5/5 (avail=0 int=5 lock=0 frz=0) | UAV: air=5 rtb=0 chg=0 loiter=0 | TRACKS: vis=7 lost=0 engaged=0 | TOP: black_usv10(x209,274) black_usv9(x203,344) black_usv8(x203,381) | KILL=0 | ACTIONS=10 | INTENT: focus=2 ratio=0.20
[t=6,591s] step=360 | MISSION=NORMAL_C | USV: 5/5 (avail=0 int=5 lock=0 frz=0) | UAV: air=5 rtb=0 chg=0 loiter=0 | TRACKS: vis=7 lost=0 engaged=0 | TOP: black_usv10(x207,941) black_usv9(x201,850) black_usv8(x201,490) | KILL=0 | ACTIONS=10 | INTENT: focus=2 ratio=0.20
[t=6,794s] step=370 | MISSION=NORMAL_C | USV: 5/5 (avail=0 int=5 lock=0 frz=0) | UAV: air=5 rtb=0 chg=0 loiter=0 | TRACKS: vis=6 lost=1 engaged=0 | TOP: black_usv10(x206,509) black_usv9(x200,246) black_usv8(x199,459) | KILL=0 | ACTIONS=10 | INTENT: focus=2 ratio=0.20
[t=7,000s] step=380 | MISSION=NORMAL_C | USV: 5/5 (avail=0 int=5 lock=0 frz=0) | UAV: air=5 rtb=0 chg=0 loiter=0 | TRACKS: vis=6 lost=0 engaged=0 | TOP: black_usv9(x198,621) black_usv8(x197,402) black_usv5(x194,658) | KILL=0 | ACTIONS=10 | INTENT: focus=2 ratio=0.20
[t=7,208s] step=390 | MISSION=NORMAL_C | USV: 5/5 (avail=0 int=5 lock=0 frz=0) | UAV: air=5 rtb=0 chg=0 loiter=0 | TRACKS: vis=6 lost=0 engaged=0 | TOP: black_usv9(x196,978) black_usv8(x195,334) black_usv5(x192,825) | KILL=0 | ACTIONS=10 | INTENT: focus=2 ratio=0.20
[t=7,412s] step=400 | MISSION=NORMAL_C | USV: 5/5 (avail=0 int=5 lock=0 frz=0) | UAV: air=5 rtb=0 chg=0 loiter=0 | TRACKS: vis=6 lost=0 engaged=0 | TOP: black_usv9(x195,267) black_usv8(x193,416) black_usv5(x191,033) | KILL=0 | ACTIONS=10 | INTENT: focus=2 ratio=0.20
      [ASSIGN] white_usv1->black_usv4(机会锁定)
      [DETECT] black_usv3
[t=7,627s] step=410 | MISSION=NORMAL_C | USV: 5/5 (avail=0 int=0 lock=5 frz=0) | UAV: air=5 rtb=0 chg=0 loiter=0 | TRACKS: vis=7 lost=0 engaged=3 | TOP: black_usv3(x193,580) black_usv9(x193,117) black_usv8(x191,377) | KILL=0 | ACTIONS=10 | INTENT: focus=2 ratio=0.20
      [ASSIGN] white_usv2->black_usv5(机会锁定)
      [ASSIGN] white_usv3->black_usv4(机会锁定)
[t=7,850s] step=420 | MISSION=NORMAL_C | USV: 5/5 (avail=0 int=2 lock=3 frz=0) | UAV: air=5 rtb=0 chg=0 loiter=0 | TRACKS: vis=5 lost=2 engaged=2 | TOP: black_usv3(x191,896) black_usv9(x190,877) black_usv8(x189,229) | KILL=1 | ACTIONS=10 | INTENT: focus=2 ratio=0.20
      [DETECT] black_usv2
      [DETECT] black_usv3
[t=8,064s] step=430 | MISSION=NORMAL_C | USV: 5/5 (avail=0 int=2 lock=3 frz=0) | UAV: air=5 rtb=0 chg=0 loiter=0 | TRACKS: vis=7 lost=0 engaged=2 | TOP: black_usv3(x189,483) black_usv2(x199,092) black_usv8(x187,155) | KILL=1 | ACTIONS=10 | INTENT: focus=2 ratio=0.20
      [DETECT] black_usv1
      [ASSIGN] white_usv1->black_usv6(机会锁定)
      [ASSIGN] white_usv3->black_usv6(机会锁定)
      [ASSIGN] white_usv5->black_usv8(机会锁定)
      [ASSIGN] white_usv1->black_usv4(机会锁定)
      [ASSIGN] white_usv4->black_usv4(机会锁定)
      [ASSIGN] white_usv3->black_usv4(机会锁定)
      [ASSIGN] white_usv1->black_usv6(机会锁定)
      [ASSIGN] white_usv4->black_usv6(机会锁定)
      [ASSIGN] white_usv3->black_usv6(机会锁定)
      [ASSIGN] white_usv1->black_usv4(机会锁定)
      [ASSIGN] white_usv4->black_usv7(机会锁定)
      [ASSIGN] white_usv3->black_usv4(机会锁定)
      [ASSIGN] white_usv1->black_usv6(机会锁定)
      [ASSIGN] white_usv4->black_usv6(机会锁定)
      [ASSIGN] white_usv3->black_usv6(机会锁定)
      [ASSIGN] white_usv1->black_usv4(机会锁定)
      [ASSIGN] white_usv4->black_usv7(机会锁定)
      [ASSIGN] white_usv3->black_usv4(机会锁定)
      [ASSIGN] white_usv1->black_usv6(机会锁定)
      [ASSIGN] white_usv4->black_usv6(机会锁定)
      [ASSIGN] white_usv3->black_usv6(机会锁定)
[t=8,296s] step=440 | MISSION=NORMAL_C | USV: 5/5 (avail=0 int=3 lock=2 frz=0) | UAV: air=5 rtb=0 chg=0 loiter=0 | TRACKS: vis=8 lost=0 engaged=2 | TOP: black_usv3(x187,154) black_usv2(x196,770) black_usv1(x203,807) | KILL=3 | ACTIONS=10 | INTENT: focus=2 ratio=0.20
      [ASSIGN] white_usv1->black_usv4(机会锁定)
      [ASSIGN] white_usv4->black_usv7(机会锁定)
      [ASSIGN] white_usv3->black_usv4(机会锁定)
      [ASSIGN] white_usv1->black_usv6(机会锁定)
      [ASSIGN] white_usv4->black_usv6(机会锁定)
      [ASSIGN] white_usv3->black_usv6(机会锁定)
      [ASSIGN] white_usv1->black_usv4(机会锁定)
      [ASSIGN] white_usv4->black_usv7(机会锁定)
      [ASSIGN] white_usv3->black_usv4(机会锁定)
      [ASSIGN] white_usv4->black_usv6(机会锁定)
      [ASSIGN] white_usv3->black_usv6(机会锁定)
      [ASSIGN] white_usv2->black_usv6(机会锁定)
      [ASSIGN] white_usv4->black_usv7(机会锁定)
      [ASSIGN] white_usv3->black_usv4(机会锁定)
      [ASSIGN] white_usv2->black_usv5(机会锁定)
      [KILL] black_usv6
[t=8,511s] step=450 | MISSION=NORMAL_C | USV: 5/5 (avail=0 int=4 lock=1 frz=0) | UAV: air=5 rtb=0 chg=0 loiter=0 | TRACKS: vis=7 lost=0 engaged=1 | TOP: black_usv2(x194,647) black_usv1(x201,693) black_usv3(x185,501) | KILL=4 | ACTIONS=10 | INTENT: focus=2 ratio=0.20
      [ASSIGN] white_usv3->black_usv7(机会锁定)
      [ASSIGN] white_usv4->black_usv4(机会锁定)
      [ASSIGN] white_usv3->black_usv4(机会锁定)
      [ASSIGN] white_usv2->black_usv4(机会锁定)
      [ASSIGN] white_usv4->black_usv7(机会锁定)
      [ASSIGN] white_usv3->black_usv7(机会锁定)
      [ASSIGN] white_usv2->black_usv5(机会锁定)
      [ASSIGN] white_usv4->black_usv4(机会锁定)
      [ASSIGN] white_usv3->black_usv4(机会锁定)
      [ASSIGN] white_usv2->black_usv4(机会锁定)
      [ASSIGN] white_usv1->black_usv5(机会锁定)
      [ASSIGN] white_usv4->black_usv7(机会锁定)
      [ASSIGN] white_usv3->black_usv7(机会锁定)
      [ASSIGN] white_usv2->black_usv5(机会锁定)
      [ASSIGN] white_usv1->black_usv4(机会锁定)
      [ASSIGN] white_usv4->black_usv4(机会锁定)
      [ASSIGN] white_usv3->black_usv4(机会锁定)
      [ASSIGN] white_usv2->black_usv4(机会锁定)
      [ASSIGN] white_usv1->black_usv5(机会锁定)
      [ASSIGN] white_usv4->black_usv7(机会锁定)
      [ASSIGN] white_usv3->black_usv7(机会锁定)
      [ASSIGN] white_usv2->black_usv5(机会锁定)
      [ASSIGN] white_usv1->black_usv4(机会锁定)
      [ASSIGN] white_usv4->black_usv4(机会锁定)
      [ASSIGN] white_usv3->black_usv4(机会锁定)
      [ASSIGN] white_usv2->black_usv4(机会锁定)
      [ASSIGN] white_usv1->black_usv5(机会锁定)
      [ASSIGN] white_usv4->black_usv7(机会锁定)
      [ASSIGN] white_usv3->black_usv7(机会锁定)
      [ASSIGN] white_usv2->black_usv5(机会锁定)
[t=8,749s] step=460 | MISSION=NORMAL_C | USV: 5/5 (avail=0 int=4 lock=1 frz=0) | UAV: air=5 rtb=0 chg=0 loiter=0 | TRACKS: vis=4 lost=3 engaged=1 | TOP: black_usv2(x192,284) black_usv3(x183,487) black_usv1(x199,425) | KILL=4 | ACTIONS=10 | INTENT: focus=2 ratio=0.20
      [KILL] black_usv4
      [ASSIGN] white_usv4->black_usv8(机会锁定)
      [DETECT] black_usv9
      [KILL] black_usv7
      [ASSIGN] white_usv4->black_usv5(机会锁定)
      [RELEASE] white_usv3->black_usv7(目标失效)
      [ASSIGN] white_usv3->black_usv5(机会锁定)
      [ASSIGN] white_usv4->black_usv8(机会锁定)
      [DETECT] black_usv10
      [ASSIGN] white_usv2->black_usv3(机会锁定)
      [ASSIGN] white_usv4->black_usv5(机会锁定)
      [ASSIGN] white_usv4->black_usv8(机会锁定)
      [ASSIGN] white_usv4->black_usv5(机会锁定)
      [ASSIGN] white_usv4->black_usv8(机会锁定)
[t=8,982s] step=470 | MISSION=NORMAL_C | USV: 5/5 (avail=0 int=4 lock=1 frz=0) | UAV: air=5 rtb=0 chg=0 loiter=0 | TRACKS: vis=5 lost=2 engaged=1 | TOP: black_usv9(x180,097) black_usv10(x187,015) black_usv2(x189,954) | KILL=5 | ACTIONS=10 | INTENT: focus=2 ratio=0.20
      [KILL] black_usv5
      [RELEASE] white_usv1->black_usv5(目标失效)
      [RELEASE] white_usv3->black_usv5(目标失效)
      [ASSIGN] white_usv1->black_usv10
      [ASSIGN] white_usv3->black_usv9
[t=9,195s] step=480 | MISSION=NORMAL_C | USV: 5/5 (avail=0 int=4 lock=1 frz=0) | UAV: air=5 rtb=0 chg=0 loiter=0 | TRACKS: vis=4 lost=0 engaged=1 | TOP: black_usv10(x184,901) black_usv3(x179,280) black_usv9(x178,180) | KILL=5 | ACTIONS=10 | INTENT: focus=2 ratio=0.20
      [KILL] black_usv8
      [RELEASE] white_usv5->black_usv8(目标失效)
      [RELEASE] white_usv4->black_usv8(目标失效)
[t=9,403s] step=490 | MISSION=NORMAL_C | USV: 5/5 (avail=0 int=4 lock=1 frz=0) | UAV: air=5 rtb=0 chg=0 loiter=0 | TRACKS: vis=3 lost=0 engaged=1 | TOP: black_usv10(x182,840) black_usv3(x179,206) black_usv9(x176,192) | KILL=5 | ACTIONS=10 | INTENT: focus=2 ratio=0.20
      [ASSIGN] white_usv5->black_usv10
      [ASSIGN] white_usv1->black_usv3(机会锁定)
      [ASSIGN] white_usv4->black_usv3
      [ASSIGN] white_usv3->black_usv3(机会锁定)
      [ASSIGN] white_usv5->black_usv9(机会锁定)
[t=9,604s] step=500 | MISSION=NORMAL_C | USV: 5/5 (avail=0 int=4 lock=1 frz=0) | UAV: air=5 rtb=0 chg=0 loiter=0 | TRACKS: vis=3 lost=0 engaged=1 | TOP: black_usv10(x180,833) black_usv9(x174,840) black_usv3(x179,033) | KILL=6 | ACTIONS=10 | INTENT: focus=2 ratio=0.20
[t=9,804s] step=510 | MISSION=NORMAL_C | USV: 5/5 (avail=0 int=4 lock=1 frz=0) | UAV: air=5 rtb=0 chg=0 loiter=0 | TRACKS: vis=3 lost=0 engaged=1 | TOP: black_usv10(x179,070) black_usv9(x173,496) black_usv3(x179,033) | KILL=6 | ACTIONS=10 | INTENT: focus=2 ratio=0.20
[t=10,010s] step=520 | MISSION=NORMAL_C | USV: 5/5 (avail=0 int=4 lock=1 frz=0) | UAV: air=5 rtb=0 chg=0 loiter=0 | TRACKS: vis=3 lost=0 engaged=1 | TOP: black_usv10(x177,743) black_usv9(x173,341) black_usv3(x179,033) | KILL=6 | ACTIONS=10 | INTENT: focus=2 ratio=0.20
      [KILL] black_usv3
      [RELEASE] white_usv1->black_usv3(目标失效)
      [RELEASE] white_usv4->black_usv3(目标失效)
      [RELEASE] white_usv3->black_usv3(目标失效)
      [RELEASE] white_usv2->black_usv3(目标失效)
      [ASSIGN] white_usv1->black_usv9
      [ASSIGN] white_usv4->black_usv10
      [ASSIGN] white_usv3->black_usv10
      [ASSIGN] white_usv2->black_usv10
[t=10,225s] step=530 | MISSION=NORMAL_C | USV: 5/5 (avail=0 int=4 lock=1 frz=0) | UAV: air=5 rtb=0 chg=0 loiter=0 | TRACKS: vis=1 lost=1 engaged=1 | TOP: black_usv10(x176,347) black_usv9(x172,693) | KILL=6 | ACTIONS=10 | INTENT: focus=2 ratio=0.20
[t=10,430s] step=540 | MISSION=NORMAL_C | USV: 5/5 (avail=0 int=4 lock=1 frz=0) | UAV: air=5 rtb=0 chg=0 loiter=0 | TRACKS: vis=1 lost=1 engaged=1 | TOP: black_usv10(x175,022) black_usv9(x171,316) | KILL=6 | ACTIONS=10 | INTENT: focus=2 ratio=0.20
[t=10,626s] step=550 | MISSION=NORMAL_C | USV: 5/5 (avail=0 int=4 lock=1 frz=0) | UAV: air=5 rtb=0 chg=0 loiter=0 | TRACKS: vis=2 lost=0 engaged=1 | TOP: black_usv9(x169,722) black_usv10(x173,755) | KILL=6 | ACTIONS=10 | INTENT: focus=2 ratio=0.20
[t=10,812s] step=560 | MISSION=NORMAL_C | USV: 5/5 (avail=0 int=4 lock=1 frz=0) | UAV: air=5 rtb=0 chg=0 loiter=0 | TRACKS: vis=1 lost=1 engaged=1 | TOP: black_usv9(x167,865) black_usv10(x172,556) | KILL=6 | ACTIONS=10 | INTENT: focus=2 ratio=0.20
[t=11,009s] step=570 | MISSION=NORMAL_C | USV: 5/5 (avail=0 int=5 lock=0 frz=0) | UAV: air=5 rtb=0 chg=0 loiter=0 | TRACKS: vis=1 lost=1 engaged=0 | TOP: black_usv10(x171,283) black_usv9(x167,810) | KILL=7 | ACTIONS=10 | INTENT: focus=2 ratio=0.20
[t=11,222s] step=580 | MISSION=NORMAL_C | USV: 5/5 (avail=0 int=5 lock=0 frz=0) | UAV: air=5 rtb=0 chg=0 loiter=0 | TRACKS: vis=2 lost=0 engaged=0 | TOP: black_usv10(x169,900) black_usv9(x167,810) | KILL=7 | ACTIONS=10 | INTENT: focus=2 ratio=0.20
      [KILL] black_usv9
      [RELEASE] white_usv5->black_usv9(目标失效)
      [RELEASE] white_usv1->black_usv9(目标失效)
[t=11,435s] step=590 | MISSION=NORMAL_C | USV: 5/5 (avail=0 int=5 lock=0 frz=0) | UAV: air=5 rtb=0 chg=0 loiter=0 | TRACKS: vis=1 lost=0 engaged=0 | TOP: black_usv10(x168,524) | KILL=7 | ACTIONS=10 | INTENT: focus=2 ratio=0.20
[t=11,634s] step=600 | MISSION=NORMAL_C | USV: 5/5 (avail=2 int=3 lock=0 frz=0) | UAV: air=5 rtb=0 chg=0 loiter=0 | TRACKS: vis=1 lost=0 engaged=0 | TOP: black_usv10(x167,240) | KILL=7 | ACTIONS=10 | INTENT: focus=2 ratio=0.20
[t=11,838s] step=610 | MISSION=NORMAL_C | USV: 5/5 (avail=2 int=3 lock=0 frz=0) | UAV: air=5 rtb=0 chg=0 loiter=0 | TRACKS: vis=0 lost=1 engaged=0 | TOP: black_usv10(x165,920) | KILL=7 | ACTIONS=10 | INTENT: focus=2 ratio=0.20
[t=12,047s] step=620 | MISSION=NORMAL_C | USV: 5/5 (avail=2 int=3 lock=0 frz=0) | UAV: air=5 rtb=0 chg=0 loiter=0 | TRACKS: vis=1 lost=0 engaged=0 | TOP: black_usv10(x164,571) | KILL=7 | ACTIONS=10 | INTENT: focus=2 ratio=0.20
[t=12,251s] step=630 | MISSION=NORMAL_C | USV: 5/5 (avail=2 int=3 lock=0 frz=0) | UAV: air=5 rtb=0 chg=0 loiter=0 | TRACKS: vis=0 lost=1 engaged=0 | TOP: black_usv10(x163,248) | KILL=7 | ACTIONS=10 | INTENT: focus=2 ratio=0.20
[t=12,453s] step=640 | MISSION=NORMAL_C | USV: 5/5 (avail=2 int=3 lock=0 frz=0) | UAV: air=5 rtb=0 chg=0 loiter=0 | TRACKS: vis=0 lost=1 engaged=0 | TOP: black_usv10(x161,940) | KILL=7 | ACTIONS=10 | INTENT: focus=2 ratio=0.20
[t=12,660s] step=650 | MISSION=NORMAL_C | USV: 5/5 (avail=2 int=3 lock=0 frz=0) | UAV: air=5 rtb=0 chg=0 loiter=0 | TRACKS: vis=1 lost=0 engaged=0 | TOP: black_usv10(x160,605) | KILL=7 | ACTIONS=10 | INTENT: focus=2 ratio=0.20
[t=12,870s] step=660 | MISSION=NORMAL_C | USV: 5/5 (avail=2 int=3 lock=0 frz=0) | UAV: air=5 rtb=0 chg=0 loiter=0 | TRACKS: vis=0 lost=1 engaged=0 | TOP: black_usv10(x159,244) | KILL=7 | ACTIONS=10 | INTENT: focus=2 ratio=0.20
[t=13,071s] step=670 | MISSION=NORMAL_C | USV: 5/5 (avail=2 int=3 lock=0 frz=0) | UAV: air=5 rtb=0 chg=0 loiter=0 | TRACKS: vis=1 lost=0 engaged=0 | TOP: black_usv10(x157,945) | KILL=7 | ACTIONS=10 | INTENT: focus=2 ratio=0.20
[t=13,277s] step=680 | MISSION=NORMAL_C | USV: 5/5 (avail=2 int=3 lock=0 frz=0) | UAV: air=5 rtb=0 chg=0 loiter=0 | TRACKS: vis=0 lost=1 engaged=0 | TOP: black_usv10(x156,611) | KILL=7 | ACTIONS=10 | INTENT: focus=2 ratio=0.20
[t=13,485s] step=690 | MISSION=NORMAL_C | USV: 5/5 (avail=2 int=3 lock=0 frz=0) | UAV: air=5 rtb=0 chg=0 loiter=0 | TRACKS: vis=1 lost=0 engaged=0 | TOP: black_usv10(x155,267) | KILL=7 | ACTIONS=10 | INTENT: focus=2 ratio=0.20
[t=13,696s] step=700 | MISSION=NORMAL_C | USV: 5/5 (avail=2 int=3 lock=0 frz=0) | UAV: air=5 rtb=0 chg=0 loiter=0 | TRACKS: vis=0 lost=1 engaged=0 | TOP: black_usv10(x153,902) | KILL=7 | ACTIONS=10 | INTENT: focus=2 ratio=0.20
[t=13,912s] step=710 | MISSION=NORMAL_C | USV: 5/5 (avail=2 int=3 lock=0 frz=0) | UAV: air=5 rtb=0 chg=0 loiter=0 | TRACKS: vis=0 lost=1 engaged=0 | TOP: black_usv10(x152,511) | KILL=7 | ACTIONS=10 | INTENT: focus=2 ratio=0.20
[t=14,123s] step=720 | MISSION=NORMAL_C | USV: 5/5 (avail=2 int=3 lock=0 frz=0) | UAV: air=5 rtb=0 chg=0 loiter=0 | TRACKS: vis=1 lost=0 engaged=0 | TOP: black_usv10(x151,145) | KILL=7 | ACTIONS=10 | INTENT: focus=2 ratio=0.20
[t=14,339s] step=730 | MISSION=NORMAL_C | USV: 5/5 (avail=2 int=2 lock=1 frz=0) | UAV: air=5 rtb=0 chg=0 loiter=0 | TRACKS: vis=1 lost=0 engaged=1 | TOP: black_usv10(x149,750) | KILL=7 | ACTIONS=10 | INTENT: focus=2 ratio=0.20
[t=14,553s] step=740 | MISSION=NORMAL_C | USV: 5/5 (avail=2 int=3 lock=0 frz=0) | UAV: air=5 rtb=0 chg=0 loiter=0 | TRACKS: vis=1 lost=0 engaged=0 | TOP: black_usv10(x148,438) | KILL=7 | ACTIONS=10 | INTENT: focus=2 ratio=0.20
[t=14,768s] step=750 | MISSION=NORMAL_C | USV: 5/5 (avail=2 int=2 lock=1 frz=0) | UAV: air=5 rtb=0 chg=0 loiter=0 | TRACKS: vis=1 lost=0 engaged=1 | TOP: black_usv10(x148,438) | KILL=7 | ACTIONS=10 | INTENT: focus=2 ratio=0.20
[t=14,995s] step=760 | MISSION=NORMAL_C | USV: 5/5 (avail=2 int=3 lock=0 frz=0) | UAV: air=5 rtb=0 chg=0 loiter=0 | TRACKS: vis=1 lost=0 engaged=0 | TOP: black_usv10(x148,295) | KILL=8 | ACTIONS=10 | INTENT: focus=2 ratio=0.20
[t=15,234s] step=770 | MISSION=NORMAL_C | USV: 5/5 (avail=2 int=3 lock=0 frz=0) | UAV: air=5 rtb=0 chg=0 loiter=0 | TRACKS: vis=1 lost=0 engaged=0 | TOP: black_usv10(x148,295) | KILL=8 | ACTIONS=10 | INTENT: focus=2 ratio=0.20
[t=15,471s] step=780 | MISSION=NORMAL_C | USV: 5/5 (avail=2 int=3 lock=0 frz=0) | UAV: air=5 rtb=0 chg=0 loiter=0 | TRACKS: vis=1 lost=0 engaged=0 | TOP: black_usv10(x148,295) | KILL=8 | ACTIONS=10 | INTENT: focus=2 ratio=0.20
      [KILL] black_usv10
      [RELEASE] white_usv4->black_usv10(目标失效)
      [RELEASE] white_usv3->black_usv10(目标失效)
      [RELEASE] white_usv2->black_usv10(目标失效)
[t=15,681s] step=790 | MISSION=NORMAL_C | USV: 5/5 (avail=5 int=0 lock=0 frz=0) | UAV: air=5 rtb=0 chg=0 loiter=0 | TRACKS: vis=0 lost=0 engaged=0 | TOP:  | KILL=8 | ACTIONS=10 | INTENT: focus=2 ratio=0.20
[t=15,889s] step=800 | MISSION=NORMAL_C | USV: 5/5 (avail=5 int=0 lock=0 frz=0) | UAV: air=5 rtb=0 chg=0 loiter=0 | TRACKS: vis=0 lost=0 engaged=0 | TOP:  | KILL=8 | ACTIONS=10 | INTENT: focus=2 ratio=0.20
[t=16,097s] step=810 | MISSION=NORMAL_C | USV: 5/5 (avail=5 int=0 lock=0 frz=0) | UAV: air=5 rtb=0 chg=0 loiter=0 | TRACKS: vis=0 lost=0 engaged=0 | TOP:  | KILL=8 | ACTIONS=10 | INTENT: focus=2 ratio=0.20
[t=16,314s] step=820 | MISSION=NORMAL_C | USV: 5/5 (avail=5 int=0 lock=0 frz=0) | UAV: air=5 rtb=0 chg=0 loiter=0 | TRACKS: vis=0 lost=0 engaged=0 | TOP:  | KILL=8 | ACTIONS=10 | INTENT: focus=2 ratio=0.20
[t=16,531s] step=830 | MISSION=NORMAL_C | USV: 5/5 (avail=5 int=0 lock=0 frz=0) | UAV: air=5 rtb=0 chg=0 loiter=0 | TRACKS: vis=0 lost=0 engaged=0 | TOP:  | KILL=8 | ACTIONS=10 | INTENT: focus=2 ratio=0.20
[t=16,745s] step=840 | MISSION=NORMAL_C | USV: 5/5 (avail=5 int=0 lock=0 frz=0) | UAV: air=5 rtb=0 chg=0 loiter=0 | TRACKS: vis=0 lost=0 engaged=0 | TOP:  | KILL=8 | ACTIONS=10 | INTENT: focus=2 ratio=0.20
[t=16,960s] step=850 | MISSION=NORMAL_C | USV: 5/5 (avail=5 int=0 lock=0 frz=0) | UAV: air=5 rtb=0 chg=0 loiter=0 | TRACKS: vis=0 lost=0 engaged=0 | TOP:  | KILL=8 | ACTIONS=10 | INTENT: focus=2 ratio=0.20
[t=17,166s] step=860 | MISSION=NORMAL_C | USV: 5/5 (avail=5 int=0 lock=0 frz=0) | UAV: air=5 rtb=0 chg=0 loiter=0 | TRACKS: vis=0 lost=0 engaged=0 | TOP:  | KILL=8 | ACTIONS=10 | INTENT: focus=2 ratio=0.20
[t=17,380s] step=870 | MISSION=NORMAL_C | USV: 5/5 (avail=5 int=0 lock=0 frz=0) | UAV: air=5 rtb=0 chg=0 loiter=0 | TRACKS: vis=0 lost=0 engaged=0 | TOP:  | KILL=8 | ACTIONS=10 | INTENT: focus=2 ratio=0.20
[t=17,595s] step=880 | MISSION=NORMAL_C | USV: 5/5 (avail=5 int=0 lock=0 frz=0) | UAV: air=5 rtb=0 chg=0 loiter=0 | TRACKS: vis=0 lost=0 engaged=0 | TOP:  | KILL=8 | ACTIONS=10 | INTENT: focus=2 ratio=0.20
[t=17,814s] step=890 | MISSION=NORMAL_C | USV: 5/5 (avail=5 int=0 lock=0 frz=0) | UAV: air=5 rtb=0 chg=0 loiter=0 | TRACKS: vis=0 lost=0 engaged=0 | TOP:  | KILL=8 | ACTIONS=10 | INTENT: focus=2 ratio=0.20
[t=18,036s] step=900 | MISSION=NORMAL_C | USV: 5/5 (avail=5 int=0 lock=0 frz=0) | UAV: air=5 rtb=0 chg=0 loiter=0 | TRACKS: vis=0 lost=0 engaged=0 | TOP:  | KILL=8 | ACTIONS=10 | INTENT: focus=2 ratio=0.20
[t=18,254s] step=910 | MISSION=NORMAL_C | USV: 4/5 (avail=4 int=0 lock=0 frz=0) | UAV: air=5 rtb=0 chg=0 loiter=0 | TRACKS: vis=0 lost=0 engaged=0 | TOP:  | KILL=8 | ACTIONS=9 | INTENT: focus=2 ratio=0.20
[t=18,463s] step=920 | MISSION=NORMAL_C | USV: 3/5 (avail=3 int=0 lock=0 frz=0) | UAV: air=5 rtb=0 chg=0 loiter=0 | TRACKS: vis=0 lost=0 engaged=0 | TOP:  | KILL=8 | ACTIONS=8 | INTENT: focus=2 ratio=0.20
[t=18,663s] step=930 | MISSION=NORMAL_C | USV: 3/5 (avail=3 int=0 lock=0 frz=0) | UAV: air=5 rtb=0 chg=0 loiter=0 | TRACKS: vis=0 lost=0 engaged=0 | TOP:  | KILL=8 | ACTIONS=8 | INTENT: focus=2 ratio=0.20
[t=18,864s] step=940 | MISSION=NORMAL_C | USV: 3/5 (avail=3 int=0 lock=0 frz=0) | UAV: air=5 rtb=0 chg=0 loiter=0 | TRACKS: vis=0 lost=0 engaged=0 | TOP:  | KILL=8 | ACTIONS=8 | INTENT: focus=2 ratio=0.20
[t=19,055s] step=950 | MISSION=NORMAL_C | USV: 3/5 (avail=3 int=0 lock=0 frz=0) | UAV: air=5 rtb=0 chg=0 loiter=0 | TRACKS: vis=0 lost=0 engaged=0 | TOP:  | KILL=8 | ACTIONS=8 | INTENT: focus=2 ratio=0.20
[t=19,257s] step=960 | MISSION=NORMAL_C | USV: 3/5 (avail=3 int=0 lock=0 frz=0) | UAV: air=5 rtb=0 chg=0 loiter=0 | TRACKS: vis=0 lost=0 engaged=0 | TOP:  | KILL=8 | ACTIONS=8 | INTENT: focus=2 ratio=0.20
[t=19,464s] step=970 | MISSION=NORMAL_C | USV: 3/5 (avail=3 int=0 lock=0 frz=0) | UAV: air=5 rtb=0 chg=0 loiter=0 | TRACKS: vis=0 lost=0 engaged=0 | TOP:  | KILL=8 | ACTIONS=8 | INTENT: focus=2 ratio=0.20
      [DETECT] black_usv2
      [ASSIGN] white_usv4->black_usv2
      [ASSIGN] white_usv3->black_usv2
      [ASSIGN] white_usv2->black_usv2
[t=19,668s] step=980 | MISSION=NORMAL_C | USV: 3/5 (avail=0 int=3 lock=0 frz=0) | UAV: air=5 rtb=0 chg=0 loiter=0 | TRACKS: vis=1 lost=0 engaged=0 | TOP: black_usv2(x117,907) | KILL=8 | ACTIONS=8 | INTENT: focus=2 ratio=0.20
[t=19,865s] step=990 | MISSION=NORMAL_C | USV: 3/5 (avail=0 int=3 lock=0 frz=0) | UAV: air=5 rtb=0 chg=0 loiter=0 | TRACKS: vis=0 lost=1 engaged=0 | TOP: black_usv2(x117,012) | KILL=8 | ACTIONS=8 | INTENT: focus=2 ratio=0.20
      [RELEASE] white_usv4->black_usv2(目标失效)
      [RELEASE] white_usv3->black_usv2(目标失效)
      [RELEASE] white_usv2->black_usv2(目标失效)
[t=20,068s] step=1000 | MISSION=NORMAL_C | USV: 3/5 (avail=0 int=3 lock=0 frz=0) | UAV: air=5 rtb=0 chg=0 loiter=0 | TRACKS: vis=0 lost=0 engaged=0 | TOP:  | KILL=8 | ACTIONS=8 | INTENT: focus=2 ratio=0.20
[t=20,274s] step=1010 | MISSION=NORMAL_C | USV: 3/5 (avail=3 int=0 lock=0 frz=0) | UAV: air=5 rtb=0 chg=0 loiter=0 | TRACKS: vis=0 lost=0 engaged=0 | TOP:  | KILL=8 | ACTIONS=8 | INTENT: focus=2 ratio=0.20
      [DETECT] black_usv2
      [ASSIGN] white_usv4->black_usv2
      [ASSIGN] white_usv3->black_usv2
      [ASSIGN] white_usv2->black_usv2
[t=20,481s] step=1020 | MISSION=NORMAL_C | USV: 3/5 (avail=0 int=3 lock=0 frz=0) | UAV: air=5 rtb=0 chg=0 loiter=0 | TRACKS: vis=1 lost=0 engaged=0 | TOP: black_usv2(x114,211) | KILL=8 | ACTIONS=8 | INTENT: focus=2 ratio=0.20
[t=20,691s] step=1030 | MISSION=NORMAL_C | USV: 3/5 (avail=0 int=3 lock=0 frz=0) | UAV: air=5 rtb=0 chg=0 loiter=0 | TRACKS: vis=1 lost=0 engaged=0 | TOP: black_usv2(x113,260) | KILL=8 | ACTIONS=8 | INTENT: focus=2 ratio=0.20
[t=20,892s] step=1040 | MISSION=NORMAL_C | USV: 3/5 (avail=0 int=3 lock=0 frz=0) | UAV: air=5 rtb=0 chg=0 loiter=0 | TRACKS: vis=0 lost=1 engaged=0 | TOP: black_usv2(x112,346) | KILL=8 | ACTIONS=8 | INTENT: focus=2 ratio=0.20
      [RELEASE] white_usv4->black_usv2(目标失效)
      [RELEASE] white_usv3->black_usv2(目标失效)
      [RELEASE] white_usv2->black_usv2(目标失效)
[t=21,095s] step=1050 | MISSION=NORMAL_C | USV: 3/5 (avail=3 int=0 lock=0 frz=0) | UAV: air=5 rtb=0 chg=0 loiter=0 | TRACKS: vis=0 lost=0 engaged=0 | TOP:  | KILL=8 | ACTIONS=8 | INTENT: focus=2 ratio=0.20
[t=21,309s] step=1060 | MISSION=NORMAL_C | USV: 3/5 (avail=3 int=0 lock=0 frz=0) | UAV: air=5 rtb=0 chg=0 loiter=0 | TRACKS: vis=0 lost=0 engaged=0 | TOP:  | KILL=8 | ACTIONS=8 | INTENT: focus=2 ratio=0.20
[t=21,518s] step=1070 | MISSION=NORMAL_C | USV: 3/5 (avail=3 int=0 lock=0 frz=0) | UAV: air=5 rtb=0 chg=0 loiter=0 | TRACKS: vis=0 lost=0 engaged=0 | TOP:  | KILL=8 | ACTIONS=8 | INTENT: focus=2 ratio=0.20
[t=21,729s] step=1080 | MISSION=NORMAL_C | USV: 3/5 (avail=3 int=0 lock=0 frz=0) | UAV: air=5 rtb=0 chg=0 loiter=0 | TRACKS: vis=0 lost=0 engaged=0 | TOP:  | KILL=8 | ACTIONS=8 | INTENT: focus=2 ratio=0.20
[t=21,941s] step=1090 | MISSION=NORMAL_C | USV: 3/5 (avail=3 int=0 lock=0 frz=0) | UAV: air=5 rtb=0 chg=0 loiter=0 | TRACKS: vis=0 lost=0 engaged=0 | TOP:  | KILL=8 | ACTIONS=8 | INTENT: focus=2 ratio=0.20
      [DETECT] black_usv2
      [ASSIGN] white_usv4->black_usv2
      [ASSIGN] white_usv3->black_usv2
      [ASSIGN] white_usv2->black_usv2
[t=22,152s] step=1100 | MISSION=NORMAL_C | USV: 3/5 (avail=0 int=3 lock=0 frz=0) | UAV: air=5 rtb=0 chg=0 loiter=0 | TRACKS: vis=1 lost=0 engaged=0 | TOP: black_usv2(x106,613) | KILL=8 | ACTIONS=8 | INTENT: focus=2 ratio=0.20
[t=22,365s] step=1110 | MISSION=NORMAL_C | USV: 3/5 (avail=0 int=3 lock=0 frz=0) | UAV: air=5 rtb=0 chg=0 loiter=0 | TRACKS: vis=1 lost=0 engaged=0 | TOP: black_usv2(x105,646) | KILL=8 | ACTIONS=8 | INTENT: focus=2 ratio=0.20
[t=22,582s] step=1120 | MISSION=NORMAL_C | USV: 3/5 (avail=0 int=3 lock=0 frz=0) | UAV: air=5 rtb=0 chg=0 loiter=0 | TRACKS: vis=0 lost=1 engaged=0 | TOP: black_usv2(x104,659) | KILL=8 | ACTIONS=8 | INTENT: focus=2 ratio=0.20
      [RELEASE] white_usv4->black_usv2(目标失效)
      [RELEASE] white_usv3->black_usv2(目标失效)
      [RELEASE] white_usv2->black_usv2(目标失效)
[t=22,791s] step=1130 | MISSION=NORMAL_C | USV: 3/5 (avail=3 int=0 lock=0 frz=0) | UAV: air=5 rtb=0 chg=0 loiter=0 | TRACKS: vis=0 lost=0 engaged=0 | TOP:  | KILL=8 | ACTIONS=8 | INTENT: focus=2 ratio=0.20
      [DETECT] black_usv2
      [ASSIGN] white_usv4->black_usv2
      [ASSIGN] white_usv3->black_usv2
      [ASSIGN] white_usv2->black_usv2
[t=23,003s] step=1140 | MISSION=NORMAL_C | USV: 3/5 (avail=0 int=3 lock=0 frz=0) | UAV: air=5 rtb=0 chg=0 loiter=0 | TRACKS: vis=1 lost=0 engaged=0 | TOP: black_usv2(x102,745) | KILL=8 | ACTIONS=8 | INTENT: focus=2 ratio=0.20
[t=23,217s] step=1150 | MISSION=NORMAL_C | USV: 3/5 (avail=0 int=3 lock=0 frz=0) | UAV: air=5 rtb=0 chg=0 loiter=0 | TRACKS: vis=1 lost=0 engaged=0 | TOP: black_usv2(x101,775) | KILL=8 | ACTIONS=8 | INTENT: focus=2 ratio=0.20
[t=23,423s] step=1160 | MISSION=NORMAL_C | USV: 3/5 (avail=0 int=3 lock=0 frz=0) | UAV: air=5 rtb=0 chg=0 loiter=0 | TRACKS: vis=0 lost=1 engaged=0 | TOP: black_usv2(x100,835) | KILL=8 | ACTIONS=8 | INTENT: focus=2 ratio=0.20
      [RELEASE] white_usv4->black_usv2(目标失效)
      [RELEASE] white_usv3->black_usv2(目标失效)
      [RELEASE] white_usv2->black_usv2(目标失效)
[t=23,626s] step=1170 | MISSION=NORMAL_C | USV: 3/5 (avail=0 int=3 lock=0 frz=0) | UAV: air=5 rtb=0 chg=0 loiter=0 | TRACKS: vis=0 lost=0 engaged=0 | TOP:  | KILL=8 | ACTIONS=8 | INTENT: focus=2 ratio=0.20
[t=23,833s] step=1180 | MISSION=NORMAL_C | USV: 3/5 (avail=3 int=0 lock=0 frz=0) | UAV: air=5 rtb=0 chg=0 loiter=0 | TRACKS: vis=0 lost=0 engaged=0 | TOP:  | KILL=8 | ACTIONS=8 | INTENT: focus=2 ratio=0.20
      [UAV RTB] white_uav5(电量1096<803+300)
      [UAV RTB] white_uav4(电量1010<712+300)
[t=24,044s] step=1190 | MISSION=NORMAL_C | USV: 3/5 (avail=3 int=0 lock=0 frz=0) | UAV: air=3 rtb=2 chg=0 loiter=0 | TRACKS: vis=0 lost=0 engaged=0 | TOP:  | KILL=8 | ACTIONS=8 | INTENT: focus=2 ratio=0.20
      [UAV RTB] white_uav1(电量943<672+300)
      [UAV RTB] white_uav3(电量841<541+300)
[t=24,253s] step=1200 | MISSION=NORMAL_C | USV: 3/5 (avail=3 int=0 lock=0 frz=0) | UAV: air=1 rtb=4 chg=0 loiter=0 | TRACKS: vis=0 lost=0 engaged=0 | TOP:  | KILL=8 | ACTIONS=8 | INTENT: focus=2 ratio=0.20
[t=24,465s] step=1210 | MISSION=NORMAL_C | USV: 3/5 (avail=3 int=0 lock=0 frz=0) | UAV: air=1 rtb=4 chg=0 loiter=0 | TRACKS: vis=0 lost=0 engaged=0 | TOP:  | KILL=8 | ACTIONS=8 | INTENT: focus=2 ratio=0.20
      [UAV RTB] white_uav2(电量423<156+300)
[t=24,673s] step=1220 | MISSION=NORMAL_C | USV: 3/5 (avail=3 int=0 lock=0 frz=0) | UAV: air=0 rtb=5 chg=0 loiter=0 | TRACKS: vis=0 lost=0 engaged=0 | TOP:  | KILL=8 | ACTIONS=8 | INTENT: focus=2 ratio=0.20
      [UAV LAND] white_uav2->white_usv4
      [UAV LAND] white_uav5->white_usv3
      [UAV RTB] white_uav2(电量253<9+300)
      [UAV LAND] white_uav2->white_usv4
      [UAV LAND] white_uav4->white_usv3
      [UAV RTB] white_uav5(电量229<4+300)
      [UAV LAND] white_uav5->white_usv3
      [UAV RTB] white_uav2(电量230<2+300)
      [UAV LAND] white_uav2->white_usv4
      [UAV RTB] white_uav4(电量231<4+300)
      [UAV LAND] white_uav4->white_usv3
      [UAV LAND] white_uav1->white_usv2
      [UAV LAND] white_uav3->white_usv3
      [UAV RTB] white_uav5(电量207<3+300)
      [UAV LAND] white_uav5->white_usv3
      [UAV RTB] white_uav2(电量208<3+300)
      [UAV LAND] white_uav2->white_usv4
      [UAV RTB] white_uav4(电量209<3+300)
      [UAV LAND] white_uav4->white_usv3
      [UAV RTB] white_uav1(电量180<3+300)
      [UAV LAND] white_uav1->white_usv2
      [UAV RTB] white_uav3(电量181<2+300)
      [UAV LAND] white_uav3->white_usv3
      [UAV RTB] white_uav5(电量182<3+300)
      [UAV LAND] white_uav5->white_usv3
      [UAV RTB] white_uav2(电量183<11+300)
      [UAV LAND] white_uav2->white_usv4
      [UAV RTB] white_uav4(电量184<10+300)
      [UAV LAND] white_uav4->white_usv3
      [UAV RTB] white_uav1(电量155<3+300)
      [UAV LAND] white_uav1->white_usv2
      [UAV RTB] white_uav3(电量156<6+300)
      [UAV LAND] white_uav3->white_usv3
      [UAV RTB] white_uav5(电量157<5+300)
      [UAV LAND] white_uav5->white_usv3
      [UAV RTB] white_uav2(电量158<3+300)
      [UAV LAND] white_uav2->white_usv4
      [UAV RTB] white_uav4(电量159<3+300)
      [UAV LAND] white_uav4->white_usv3
      [UAV RTB] white_uav1(电量129<3+300)
      [UAV LAND] white_uav1->white_usv2
      [UAV RTB] white_uav3(电量130<1+300)
      [UAV LAND] white_uav3->white_usv3
      [UAV RTB] white_uav5(电量131<2+300)
      [UAV LAND] white_uav5->white_usv3
      [UAV RTB] white_uav2(电量132<4+300)
      [UAV LAND] white_uav2->white_usv4
      [UAV RTB] white_uav4(电量133<2+300)
      [UAV LAND] white_uav4->white_usv3
      [UAV RTB] white_uav1(电量103<5+300)
      [UAV LAND] white_uav1->white_usv2
      [UAV RTB] white_uav3(电量104<3+300)
      [UAV LAND] white_uav3->white_usv3
      [UAV RTB] white_uav5(电量105<5+300)
      [UAV LAND] white_uav5->white_usv3
      [UAV RTB] white_uav2(电量106<13+300)
      [UAV LAND] white_uav2->white_usv4
      [UAV RTB] white_uav4(电量107<12+300)
      [UAV LAND] white_uav4->white_usv3
[t=24,906s] step=1230 | MISSION=NORMAL_C | USV: 3/5 (avail=3 int=0 lock=0 frz=0) | UAV: air=0 rtb=0 chg=5 loiter=0 | TRACKS: vis=0 lost=0 engaged=0 | TOP:  | KILL=8 | ACTIONS=8 | INTENT: focus=2 ratio=0.20
      [UAV RTB] white_uav1(电量78<2+300)
      [UAV LAND] white_uav1->white_usv2
      [UAV RTB] white_uav3(电量79<8+300)
      [UAV LAND] white_uav3->white_usv3
      [UAV RTB] white_uav5(电量80<3+300)
      [UAV LAND] white_uav5->white_usv3
      [UAV RTB] white_uav2(电量81<6+300)
      [UAV LAND] white_uav2->white_usv4
      [UAV RTB] white_uav4(电量82<5+300)
      [UAV LAND] white_uav4->white_usv3

========================================================================
对局结果: Result.Defeat — 敌方1艘艇突破防线
  击杀蓝舰: 9 | 命中: 16 | 我方USV损失: 2 | UAV损失: 5 | 突破: 1
[META] result=Result.Defeat victory_time=25103 first_detection=1839 first_lock=7433 first_kill=8432 enemy_kills=9 friendly_usv_losses=2 friendly_uav_losses=5 black_breakthrough=1 reacquire_attempts=85 reacquire_success=87 sensor_assisted_locks=63 low_conf_commitments=0 global_reacquire_entries=0 global_reacquire_success=0 coverage_collapse_events=16 active_clusters_max=0 coverage_quality_final=0.07 commander_source=default_intent commander_calls=0 commander_changes=0 commander_no_change=0 commander_parse_failures=0 commander_api_failures=0 commander_policy_failures=0 commander_avg_latency=0.0
Done
