========================================================================
HYBRID AGENT V5 — Variable-Cardinality Hierarchical Maritime Agent
  启用UAV: True | LLM_ENABLED: False
========================================================================
对局 18 开始
      [UAV RELAUNCH] white_uav3
      [UAV RELAUNCH] white_uav8
      [UAV RELAUNCH] white_uav1
      [UAV RELAUNCH] white_uav9
      [UAV RELAUNCH] white_uav2
      [UAV RELAUNCH] white_uav6
      [UAV RELAUNCH] white_uav7
      [UAV RELAUNCH] white_uav10
      [UAV RELAUNCH] white_uav5
      [UAV RELAUNCH] white_uav4
[t=228s] step=10 | MISSION=NORMAL_C | USV: 10/10 (avail=10 int=0 lock=0 frz=0) | UAV: air=10 rtb=0 chg=0 loiter=0 | TRACKS: vis=0 lost=0 engaged=0 | TOP:  | KILL=0 | ACTIONS=20 | INTENT: focus=2 ratio=0.20
  [INTENT APPLIED]
    ThreatAllocator: focus 2 emergency 3 reserve_ratio 0.20 reserve_usvs None bias breakthrough_eta
    UAVManager: mode search_and_reacquire uav_priority []
[t=506s] step=20 | MISSION=NORMAL_C | USV: 10/10 (avail=10 int=0 lock=0 frz=0) | UAV: air=10 rtb=0 chg=0 loiter=0 | TRACKS: vis=0 lost=0 engaged=0 | TOP:  | KILL=0 | ACTIONS=20 | INTENT: focus=2 ratio=0.20
[t=788s] step=30 | MISSION=NORMAL_C | USV: 10/10 (avail=10 int=0 lock=0 frz=0) | UAV: air=10 rtb=0 chg=0 loiter=0 | TRACKS: vis=0 lost=0 engaged=0 | TOP:  | KILL=0 | ACTIONS=20 | INTENT: focus=2 ratio=0.20
[t=1,071s] step=40 | MISSION=NORMAL_C | USV: 10/10 (avail=10 int=0 lock=0 frz=0) | UAV: air=10 rtb=0 chg=0 loiter=0 | TRACKS: vis=0 lost=0 engaged=0 | TOP:  | KILL=0 | ACTIONS=20 | INTENT: focus=2 ratio=0.20
[t=1,361s] step=50 | MISSION=NORMAL_C | USV: 10/10 (avail=10 int=0 lock=0 frz=0) | UAV: air=10 rtb=0 chg=0 loiter=0 | TRACKS: vis=0 lost=0 engaged=0 | TOP:  | KILL=0 | ACTIONS=20 | INTENT: focus=2 ratio=0.20
[t=1,661s] step=60 | MISSION=NORMAL_C | USV: 10/10 (avail=10 int=0 lock=0 frz=0) | UAV: air=10 rtb=0 chg=0 loiter=0 | TRACKS: vis=0 lost=0 engaged=0 | TOP:  | KILL=0 | ACTIONS=20 | INTENT: focus=2 ratio=0.20
      [DETECT] black_usv9
      [DETECT] black_usv14
      [DETECT] black_usv16
      [DETECT] black_usv11
      [DETECT] black_usv5
      [DETECT] black_usv13
      [DETECT] black_usv19
      [DETECT] black_usv15
      [DETECT] black_usv7
      [DETECT] black_usv8
      [DETECT] black_usv17
      [DETECT] black_usv18
      [DETECT] black_usv6
      [DETECT] black_usv10
      [DETECT] black_usv12
      [ASSIGN] white_usv6->black_usv11
      [ASSIGN] white_usv2->black_usv15
      [ASSIGN] white_usv4->black_usv9
      [ASSIGN] white_usv7->black_usv14
      [ASSIGN] white_usv9->black_usv13
      [ASSIGN] white_usv10->black_usv19
      [ASSIGN] white_usv3->black_usv5
      [ASSIGN] white_usv8->black_usv16
      [DETECT] black_usv20
      [ASSIGN] white_usv1->black_usv8
      [ASSIGN] white_usv5->black_usv7
      [DETECT] black_usv1
      [DETECT] black_usv3
      [DETECT] black_usv4
[t=1,952s] step=70 | MISSION=NORMAL_C | USV: 10/10 (avail=0 int=10 lock=0 frz=0) | UAV: air=10 rtb=0 chg=0 loiter=0 | TRACKS: vis=19 lost=0 engaged=0 | TOP: black_usv17(x240,460) black_usv18(x240,460) black_usv6(x240,460) | KILL=0 | ACTIONS=20 | INTENT: focus=2 ratio=0.20
[t=2,244s] step=80 | MISSION=NORMAL_C | USV: 10/10 (avail=0 int=10 lock=0 frz=0) | UAV: air=10 rtb=0 chg=0 loiter=0 | TRACKS: vis=16 lost=3 engaged=0 | TOP: black_usv17(x237,540) black_usv18(x237,540) black_usv6(x237,540) | KILL=0 | ACTIONS=20 | INTENT: focus=2 ratio=0.20
[t=2,535s] step=90 | MISSION=NORMAL_C | USV: 10/10 (avail=0 int=10 lock=0 frz=0) | UAV: air=10 rtb=0 chg=0 loiter=0 | TRACKS: vis=17 lost=2 engaged=0 | TOP: black_usv17(x234,630) black_usv18(x234,630) black_usv6(x234,630) | KILL=0 | ACTIONS=20 | INTENT: focus=2 ratio=0.20
      [DETECT] black_usv3
      [DETECT] black_usv4
[t=2,828s] step=100 | MISSION=NORMAL_C | USV: 10/10 (avail=0 int=10 lock=0 frz=0) | UAV: air=10 rtb=0 chg=0 loiter=0 | TRACKS: vis=19 lost=0 engaged=0 | TOP: black_usv17(x231,700) black_usv18(x231,700) black_usv6(x231,700) | KILL=0 | ACTIONS=20 | INTENT: focus=2 ratio=0.20
[t=3,114s] step=110 | MISSION=NORMAL_C | USV: 10/10 (avail=0 int=10 lock=0 frz=0) | UAV: air=10 rtb=0 chg=0 loiter=0 | TRACKS: vis=19 lost=0 engaged=0 | TOP: black_usv17(x228,833) black_usv18(x228,833) black_usv6(x228,833) | KILL=0 | ACTIONS=20 | INTENT: focus=2 ratio=0.20
[t=3,414s] step=120 | MISSION=NORMAL_C | USV: 10/10 (avail=0 int=10 lock=0 frz=0) | UAV: air=10 rtb=0 chg=0 loiter=0 | TRACKS: vis=16 lost=3 engaged=0 | TOP: black_usv17(x225,840) black_usv18(x225,840) black_usv6(x225,840) | KILL=0 | ACTIONS=20 | INTENT: focus=2 ratio=0.20
[t=3,698s] step=130 | MISSION=NORMAL_C | USV: 10/10 (avail=0 int=10 lock=0 frz=0) | UAV: air=10 rtb=0 chg=0 loiter=0 | TRACKS: vis=16 lost=3 engaged=0 | TOP: black_usv17(x223,000) black_usv18(x223,000) black_usv6(x223,000) | KILL=0 | ACTIONS=20 | INTENT: focus=2 ratio=0.20
[t=4,008s] step=140 | MISSION=NORMAL_C | USV: 10/10 (avail=0 int=10 lock=0 frz=0) | UAV: air=10 rtb=0 chg=0 loiter=0 | TRACKS: vis=19 lost=0 engaged=0 | TOP: black_usv17(x219,900) black_usv18(x219,900) black_usv6(x219,900) | KILL=0 | ACTIONS=20 | INTENT: focus=2 ratio=0.20
[t=4,314s] step=150 | MISSION=NORMAL_C | USV: 10/10 (avail=0 int=10 lock=0 frz=0) | UAV: air=10 rtb=0 chg=0 loiter=0 | TRACKS: vis=16 lost=3 engaged=0 | TOP: black_usv17(x216,840) black_usv18(x216,840) black_usv6(x216,840) | KILL=0 | ACTIONS=20 | INTENT: focus=2 ratio=0.20
[t=4,622s] step=160 | MISSION=NORMAL_C | USV: 10/10 (avail=0 int=10 lock=0 frz=0) | UAV: air=10 rtb=0 chg=0 loiter=0 | TRACKS: vis=17 lost=1 engaged=0 | TOP: black_usv17(x213,760) black_usv18(x213,760) black_usv6(x213,760) | KILL=0 | ACTIONS=20 | INTENT: focus=2 ratio=0.20
      [DETECT] black_usv4
[t=4,935s] step=170 | MISSION=NORMAL_C | USV: 10/10 (avail=0 int=10 lock=0 frz=0) | UAV: air=10 rtb=0 chg=0 loiter=0 | TRACKS: vis=18 lost=1 engaged=0 | TOP: black_usv17(x210,630) black_usv18(x210,630) black_usv6(x210,630) | KILL=0 | ACTIONS=20 | INTENT: focus=2 ratio=0.20
[t=5,243s] step=180 | MISSION=NORMAL_C | USV: 10/10 (avail=0 int=10 lock=0 frz=0) | UAV: air=10 rtb=0 chg=0 loiter=0 | TRACKS: vis=17 lost=1 engaged=0 | TOP: black_usv17(x207,550) black_usv18(x207,550) black_usv6(x207,550) | KILL=0 | ACTIONS=20 | INTENT: focus=2 ratio=0.20
      [DETECT] black_usv3
      [DETECT] black_usv4
[t=5,559s] step=190 | MISSION=NORMAL_C | USV: 10/10 (avail=0 int=10 lock=0 frz=0) | UAV: air=10 rtb=0 chg=0 loiter=0 | TRACKS: vis=16 lost=3 engaged=0 | TOP: black_usv17(x204,390) black_usv18(x204,390) black_usv6(x204,390) | KILL=0 | ACTIONS=20 | INTENT: focus=2 ratio=0.20
[t=5,873s] step=200 | MISSION=NORMAL_C | USV: 10/10 (avail=0 int=10 lock=0 frz=0) | UAV: air=10 rtb=0 chg=0 loiter=0 | TRACKS: vis=16 lost=2 engaged=0 | TOP: black_usv17(x201,250) black_usv18(x201,250) black_usv6(x201,250) | KILL=0 | ACTIONS=20 | INTENT: focus=2 ratio=0.20
      [DETECT] black_usv4
[t=6,187s] step=210 | MISSION=NORMAL_C | USV: 10/10 (avail=0 int=10 lock=0 frz=0) | UAV: air=10 rtb=0 chg=0 loiter=0 | TRACKS: vis=16 lost=3 engaged=0 | TOP: black_usv17(x198,110) black_usv18(x198,110) black_usv6(x198,110) | KILL=0 | ACTIONS=20 | INTENT: focus=2 ratio=0.20
      [DETECT] black_usv4
[t=6,506s] step=220 | MISSION=NORMAL_C | USV: 10/10 (avail=0 int=10 lock=0 frz=0) | UAV: air=10 rtb=0 chg=0 loiter=0 | TRACKS: vis=16 lost=3 engaged=0 | TOP: black_usv17(x194,920) black_usv18(x194,920) black_usv6(x194,920) | KILL=0 | ACTIONS=20 | INTENT: focus=2 ratio=0.20
      [DETECT] black_usv2
[t=6,822s] step=230 | MISSION=NORMAL_C | USV: 10/10 (avail=0 int=10 lock=0 frz=0) | UAV: air=10 rtb=0 chg=0 loiter=0 | TRACKS: vis=16 lost=4 engaged=0 | TOP: black_usv17(x191,760) black_usv18(x191,760) black_usv6(x191,760) | KILL=0 | ACTIONS=20 | INTENT: focus=2 ratio=0.20
[t=7,141s] step=240 | MISSION=NORMAL_C | USV: 10/10 (avail=0 int=10 lock=0 frz=0) | UAV: air=10 rtb=0 chg=0 loiter=0 | TRACKS: vis=20 lost=0 engaged=0 | TOP: black_usv17(x188,570) black_usv18(x188,570) black_usv6(x188,570) | KILL=0 | ACTIONS=20 | INTENT: focus=2 ratio=0.20
      [ASSIGN] white_usv10->black_usv20(机会锁定)
      [ASSIGN] white_usv6->black_usv12(机会锁定)
      [ASSIGN] white_usv9->black_usv15(机会锁定)
      [ASSIGN] white_usv3->black_usv6(机会锁定)
      [ASSIGN] white_usv8->black_usv18(机会锁定)
      [ASSIGN] white_usv5->black_usv8(机会锁定)
      [ASSIGN] white_usv1->black_usv7(机会锁定)
[t=7,439s] step=250 | MISSION=NORMAL_C | USV: 10/10 (avail=0 int=1 lock=9 frz=0) | UAV: air=10 rtb=0 chg=0 loiter=0 | TRACKS: vis=20 lost=0 engaged=9 | TOP: black_usv19(x185,590) black_usv18(x185,590) black_usv20(x185,590) | KILL=0 | ACTIONS=20 | INTENT: focus=2 ratio=0.20
      [ASSIGN] white_usv2->black_usv13(机会锁定)
      [ASSIGN] white_usv10->black_usv19(机会锁定)
      [ASSIGN] white_usv6->black_usv11(机会锁定)
      [ASSIGN] white_usv4->black_usv10(机会锁定)
      [ASSIGN] white_usv7->black_usv16(机会锁定)
      [ASSIGN] white_usv9->black_usv16(机会锁定)
      [ASSIGN] white_usv3->black_usv5(机会锁定)
      [ASSIGN] white_usv8->black_usv17(机会锁定)
      [ASSIGN] white_usv1->black_usv6(机会锁定)
      [ASSIGN] white_usv5->black_usv9(机会锁定)
[t=7,733s] step=260 | MISSION=NORMAL_C | USV: 10/10 (avail=0 int=2 lock=8 frz=0) | UAV: air=10 rtb=0 chg=0 loiter=0 | TRACKS: vis=16 lost=4 engaged=7 | TOP: black_usv18(x183,020) black_usv20(x183,410) black_usv19(x182,650) | KILL=0 | ACTIONS=20 | INTENT: focus=2 ratio=0.20
      [ASSIGN] white_usv2->black_usv12(机会锁定)
      [ASSIGN] white_usv10->black_usv20(机会锁定)
      [ASSIGN] white_usv6->black_usv13(机会锁定)
      [ASSIGN] white_usv4->black_usv13(机会锁定)
      [ASSIGN] white_usv7->black_usv19(机会锁定)
      [ASSIGN] white_usv9->black_usv19(机会锁定)
      [ASSIGN] white_usv3->black_usv7(机会锁定)
      [ASSIGN] white_usv8->black_usv19(机会锁定)
      [ASSIGN] white_usv1->black_usv10(机会锁定)
      [ASSIGN] white_usv5->black_usv11(机会锁定)
[t=8,065s] step=270 | MISSION=NORMAL_C | USV: 10/10 (avail=0 int=2 lock=8 frz=0) | UAV: air=10 rtb=0 chg=0 loiter=0 | TRACKS: vis=19 lost=1 engaged=5 | TOP: black_usv18(x182,340) black_usv20(x182,340) black_usv17(x182,225) | KILL=3 | ACTIONS=20 | INTENT: focus=2 ratio=0.20
      [ASSIGN] white_usv2->black_usv17(机会锁定)
      [ASSIGN] white_usv10->black_usv18(机会锁定)
      [ASSIGN] white_usv6->black_usv14(机会锁定)
      [ASSIGN] white_usv4->black_usv14(机会锁定)
      [ASSIGN] white_usv7->black_usv15(机会锁定)
      [ASSIGN] white_usv9->black_usv16(机会锁定)
      [ASSIGN] white_usv3->black_usv8(机会锁定)
      [ASSIGN] white_usv8->black_usv20(机会锁定)
      [ASSIGN] white_usv9->black_usv19(机会锁定)
      [ASSIGN] white_usv8->black_usv19(机会锁定)
      [ASSIGN] white_usv1->black_usv7(机会锁定)
      [ASSIGN] white_usv5->black_usv13(机会锁定)
[t=8,388s] step=280 | MISSION=NORMAL_C | USV: 10/10 (avail=0 int=4 lock=6 frz=0) | UAV: air=10 rtb=0 chg=0 loiter=0 | TRACKS: vis=20 lost=0 engaged=5 | TOP: black_usv19(x176,550) black_usv18(x179,110) black_usv13(x183,073) | KILL=8 | ACTIONS=20 | INTENT: focus=2 ratio=0.20
      [ASSIGN] white_usv9->black_usv16(机会锁定)
      [ASSIGN] white_usv8->black_usv20(机会锁定)
      [ASSIGN] white_usv1->black_usv10(机会锁定)
      [ASSIGN] white_usv5->black_usv11(机会锁定)
      [ASSIGN] white_usv9->black_usv19(机会锁定)
      [ASSIGN] white_usv8->black_usv19(机会锁定)
      [ASSIGN] white_usv2->black_usv13(机会锁定)
      [ASSIGN] white_usv9->black_usv16(机会锁定)
      [ASSIGN] white_usv8->black_usv18(机会锁定)
      [ASSIGN] white_usv2->black_usv17(机会锁定)
      [ASSIGN] white_usv9->black_usv17(机会锁定)
      [KILL] black_usv16
      [KILL] black_usv9
      [KILL] black_usv6
      [ASSIGN] white_usv6->black_usv13(机会锁定)
      [ASSIGN] white_usv4->black_usv13(机会锁定)
      [ASSIGN] white_usv7->black_usv19(机会锁定)
      [ASSIGN] white_usv3->black_usv5(机会锁定)
      [ASSIGN] white_usv6->black_usv15(机会锁定)
      [ASSIGN] white_usv4->black_usv14(机会锁定)
      [ASSIGN] white_usv7->black_usv15(机会锁定)
      [KILL] black_usv12
      [ASSIGN] white_usv4->black_usv13(机会锁定)
      [ASSIGN] white_usv1->black_usv8(机会锁定)
      [ASSIGN] white_usv5->black_usv8(机会锁定)
[t=8,761s] step=290 | MISSION=NORMAL_C | USV: 9/10 (avail=0 int=3 lock=6 frz=0) | UAV: air=10 rtb=0 chg=0 loiter=0 | TRACKS: vis=16 lost=0 engaged=4 | TOP: black_usv19(x176,550) black_usv20(x179,890) black_usv18(x175,380) | KILL=11 | ACTIONS=19 | INTENT: focus=2 ratio=0.20
      [ASSIGN] white_usv4->black_usv11(机会锁定)
      [ASSIGN] white_usv4->black_usv10(机会锁定)
      [ASSIGN] white_usv8->black_usv19(机会锁定)
      [ASSIGN] white_usv2->black_usv14(机会锁定)
      [ASSIGN] white_usv4->black_usv11(机会锁定)
      [ASSIGN] white_usv9->black_usv18(机会锁定)
      [ASSIGN] white_usv8->black_usv18(机会锁定)
      [ASSIGN] white_usv2->black_usv17(机会锁定)
      [ASSIGN] white_usv4->black_usv10(机会锁定)
      [ASSIGN] white_usv9->black_usv17(机会锁定)
      [ASSIGN] white_usv8->black_usv19(机会锁定)
      [KILL] black_usv13
      [KILL] black_usv19
      [KILL] black_usv7
      [KILL] black_usv20
      [ASSIGN] white_usv2->black_usv14(机会锁定)
      [ASSIGN] white_usv4->black_usv11(机会锁定)
      [ASSIGN] white_usv9->black_usv18(机会锁定)
      [RELEASE] white_usv8->black_usv19(目标失效)
      [ASSIGN] white_usv8->black_usv18(机会锁定)
      [ASSIGN] white_usv2->black_usv17(机会锁定)
      [ASSIGN] white_usv4->black_usv10(机会锁定)
      [ASSIGN] white_usv9->black_usv17(机会锁定)
      [ASSIGN] white_usv8->black_usv17(机会锁定)
      [ASSIGN] white_usv2->black_usv14(机会锁定)
      [ASSIGN] white_usv4->black_usv11(机会锁定)
      [ASSIGN] white_usv9->black_usv18(机会锁定)
      [ASSIGN] white_usv3->black_usv11(机会锁定)
      [ASSIGN] white_usv8->black_usv18(机会锁定)
      [ASSIGN] white_usv6->black_usv17(机会锁定)
      [ASSIGN] white_usv2->black_usv17(机会锁定)
      [ASSIGN] white_usv4->black_usv10(机会锁定)
      [ASSIGN] white_usv9->black_usv17(机会锁定)
      [ASSIGN] white_usv3->black_usv10(机会锁定)
      [ASSIGN] white_usv8->black_usv17(机会锁定)
      [ASSIGN] white_usv6->black_usv14(机会锁定)
      [ASSIGN] white_usv2->black_usv14(机会锁定)
      [ASSIGN] white_usv4->black_usv11(机会锁定)
      [ASSIGN] white_usv9->black_usv18(机会锁定)
      [ASSIGN] white_usv3->black_usv11(机会锁定)
      [ASSIGN] white_usv8->black_usv18(机会锁定)
      [ASSIGN] white_usv1->black_usv11(机会锁定)
      [ASSIGN] white_usv5->black_usv11(机会锁定)
      [ASSIGN] white_usv6->black_usv15(机会锁定)
      [ASSIGN] white_usv2->black_usv15(机会锁定)
      [ASSIGN] white_usv9->black_usv17(机会锁定)
      [ASSIGN] white_usv3->black_usv8(机会锁定)
      [ASSIGN] white_usv8->black_usv17(机会锁定)
      [ASSIGN] white_usv1->black_usv8(机会锁定)
      [ASSIGN] white_usv5->black_usv15(机会锁定)
[t=9,159s] step=300 | MISSION=NORMAL_C | USV: 7/10 (avail=0 int=7 lock=0 frz=0) | UAV: air=10 rtb=0 chg=0 loiter=0 | TRACKS: vis=12 lost=0 engaged=0 | TOP: black_usv17(x178,969) black_usv15(x178,351) black_usv10(x181,271) | KILL=15 | ACTIONS=17 | INTENT: focus=2 ratio=0.20
      [ASSIGN] white_usv6->black_usv14(机会锁定)
      [ASSIGN] white_usv9->black_usv18(机会锁定)
      [ASSIGN] white_usv3->black_usv10(机会锁定)
      [ASSIGN] white_usv8->black_usv18(机会锁定)
      [ASSIGN] white_usv1->black_usv10(机会锁定)
      [ASSIGN] white_usv5->black_usv11(机会锁定)
      [ASSIGN] white_usv6->black_usv17(机会锁定)
      [ASSIGN] white_usv3->black_usv8(机会锁定)
      [ASSIGN] white_usv8->black_usv17(机会锁定)
      [ASSIGN] white_usv1->black_usv8(机会锁定)
      [ASSIGN] white_usv5->black_usv8(机会锁定)
      [KILL] black_usv14
      [ASSIGN] white_usv6->black_usv15(机会锁定)
      [ASSIGN] white_usv3->black_usv10(机会锁定)
      [ASSIGN] white_usv8->black_usv18(机会锁定)
      [ASSIGN] white_usv1->black_usv10(机会锁定)
      [ASSIGN] white_usv5->black_usv11(机会锁定)
      [ASSIGN] white_usv3->black_usv8(机会锁定)
      [ASSIGN] white_usv8->black_usv17(机会锁定)
      [ASSIGN] white_usv1->black_usv8(机会锁定)
      [ASSIGN] white_usv5->black_usv8(机会锁定)
      [KILL] black_usv11
      [KILL] black_usv10
      [ASSIGN] white_usv8->black_usv18(机会锁定)
      [ASSIGN] white_usv5->black_usv5(机会锁定)
      [ASSIGN] white_usv8->black_usv17(机会锁定)
      [KILL] black_usv18
      [ASSIGN] white_usv2->black_usv17(机会锁定)
      [RELEASE] white_usv9->black_usv18(目标失效)
      [ASSIGN] white_usv9->black_usv17(机会锁定)
      [KILL] black_usv17
      [RELEASE] white_usv2->black_usv17(目标失效)
      [ASSIGN] white_usv2->black_usv15(机会锁定)
      [RELEASE] white_usv9->black_usv17(目标失效)
      [ASSIGN] white_usv9->black_usv15(机会锁定)
      [RELEASE] white_usv8->black_usv17(目标失效)
      [ASSIGN] white_usv8->black_usv15(机会锁定)
[t=9,592s] step=310 | MISSION=NORMAL_C | USV: 6/10 (avail=0 int=5 lock=1 frz=0) | UAV: air=10 rtb=0 chg=0 loiter=0 | TRACKS: vis=7 lost=0 engaged=1 | TOP: black_usv1(x209,728) black_usv3(x217,752) black_usv4(x220,119) | KILL=15 | ACTIONS=16 | INTENT: focus=2 ratio=0.20
      [KILL] black_usv15
      [RELEASE] white_usv6->black_usv15(目标失效)
      [RELEASE] white_usv2->black_usv15(目标失效)
      [RELEASE] white_usv9->black_usv15(目标失效)
      [RELEASE] white_usv8->black_usv15(目标失效)
      [KILL] black_usv8
      [ASSIGN] white_usv6->black_usv4
      [ASSIGN] white_usv2->black_usv2
      [ASSIGN] white_usv9->black_usv3
      [ASSIGN] white_usv8->black_usv1
      [RELEASE] white_usv1->black_usv8(目标失效)
      [ASSIGN] white_usv1->black_usv5(机会锁定)
[t=10,004s] step=320 | MISSION=NORMAL_C | USV: 6/10 (avail=0 int=4 lock=2 frz=0) | UAV: air=10 rtb=0 chg=0 loiter=0 | TRACKS: vis=4 lost=1 engaged=1 | TOP: black_usv1(x207,569) black_usv3(x215,938) black_usv4(x218,406) | KILL=15 | ACTIONS=16 | INTENT: focus=2 ratio=0.20
[t=10,452s] step=330 | MISSION=NORMAL_C | USV: 6/10 (avail=0 int=6 lock=0 frz=0) | UAV: air=10 rtb=0 chg=0 loiter=0 | TRACKS: vis=5 lost=0 engaged=0 | TOP: black_usv1(x205,222) black_usv3(x213,965) black_usv4(x216,544) | KILL=16 | ACTIONS=16 | INTENT: focus=2 ratio=0.20
      [KILL] black_usv5
      [RELEASE] white_usv1->black_usv5(目标失效)
      [RELEASE] white_usv5->black_usv5(目标失效)
      [ASSIGN] white_usv1->black_usv3
      [ASSIGN] white_usv5->black_usv1
[t=10,863s] step=340 | MISSION=NORMAL_C | USV: 6/10 (avail=0 int=5 lock=1 frz=0) | UAV: air=10 rtb=0 chg=0 loiter=0 | TRACKS: vis=4 lost=0 engaged=1 | TOP: black_usv4(x214,836) black_usv1(x203,068) black_usv2(x234,153) | KILL=16 | ACTIONS=16 | INTENT: focus=2 ratio=0.20
[t=11,287s] step=350 | MISSION=NORMAL_C | USV: 6/10 (avail=0 int=5 lock=1 frz=0) | UAV: air=10 rtb=0 chg=0 loiter=0 | TRACKS: vis=4 lost=0 engaged=1 | TOP: black_usv4(x213,073) black_usv1(x201,622) black_usv2(x233,144) | KILL=16 | ACTIONS=16 | INTENT: focus=2 ratio=0.20
      [ASSIGN] white_usv9->black_usv1(机会锁定)
[t=11,734s] step=360 | MISSION=NORMAL_C | USV: 6/10 (avail=0 int=6 lock=0 frz=0) | UAV: air=10 rtb=0 chg=0 loiter=0 | TRACKS: vis=4 lost=0 engaged=0 | TOP: black_usv3(x208,319) black_usv4(x211,215) black_usv2(x232,081) | KILL=17 | ACTIONS=16 | INTENT: focus=2 ratio=0.20
      [ASSIGN] white_usv6->black_usv1(机会锁定)
      [KILL] black_usv1
      [RELEASE] white_usv6->black_usv1(目标失效)
      [RELEASE] white_usv9->black_usv1(目标失效)
      [RELEASE] white_usv8->black_usv1(目标失效)
      [RELEASE] white_usv5->black_usv1(目标失效)
      [ASSIGN] white_usv6->black_usv4
      [ASSIGN] white_usv9->black_usv3
      [ASSIGN] white_usv8->black_usv4
      [ASSIGN] white_usv5->black_usv2
[t=12,205s] step=370 | MISSION=NORMAL_C | USV: 6/10 (avail=1 int=5 lock=0 frz=0) | UAV: air=10 rtb=0 chg=0 loiter=0 | TRACKS: vis=3 lost=0 engaged=0 | TOP: black_usv3(x206,245) black_usv4(x209,257) black_usv2(x230,960) | KILL=17 | ACTIONS=16 | INTENT: focus=2 ratio=0.20
      [ASSIGN] white_usv8->black_usv3(机会锁定)
      [ASSIGN] white_usv8->black_usv4(机会锁定)
[t=12,675s] step=380 | MISSION=NORMAL_C | USV: 6/10 (avail=0 int=6 lock=0 frz=0) | UAV: air=10 rtb=0 chg=0 loiter=0 | TRACKS: vis=3 lost=0 engaged=0 | TOP: black_usv4(x207,304) black_usv3(x204,193) black_usv2(x229,842) | KILL=17 | ACTIONS=16 | INTENT: focus=2 ratio=0.20
      [ASSIGN] white_usv8->black_usv3(机会锁定)
      [ASSIGN] white_usv8->black_usv4(机会锁定)
[t=13,118s] step=390 | MISSION=NORMAL_C | USV: 6/10 (avail=0 int=5 lock=1 frz=0) | UAV: air=10 rtb=0 chg=0 loiter=0 | TRACKS: vis=3 lost=0 engaged=1 | TOP: black_usv4(x205,462) black_usv3(x203,885) black_usv2(x228,788) | KILL=18 | ACTIONS=16 | INTENT: focus=2 ratio=0.20
      [ASSIGN] white_usv6->black_usv3(机会锁定)
      [ASSIGN] white_usv2->black_usv3(机会锁定)
[t=13,595s] step=400 | MISSION=NORMAL_C | USV: 5/10 (avail=0 int=5 lock=0 frz=0) | UAV: air=10 rtb=0 chg=0 loiter=0 | TRACKS: vis=3 lost=0 engaged=0 | TOP: black_usv4(x203,479) black_usv2(x227,653) black_usv3(x203,885) | KILL=18 | ACTIONS=15 | INTENT: focus=2 ratio=0.20
      [KILL] black_usv3
      [RELEASE] white_usv6->black_usv3(目标失效)
      [RELEASE] white_usv2->black_usv3(目标失效)
      [RELEASE] white_usv9->black_usv3(目标失效)
      [RELEASE] white_usv1->black_usv3(目标失效)
      [ASSIGN] white_usv6->black_usv4
      [ASSIGN] white_usv2->black_usv4
      [ASSIGN] white_usv9->black_usv2
      [ASSIGN] white_usv1->black_usv4
[t=14,127s] step=410 | MISSION=NORMAL_C | USV: 5/10 (avail=0 int=4 lock=1 frz=0) | UAV: air=10 rtb=0 chg=0 loiter=0 | TRACKS: vis=2 lost=0 engaged=1 | TOP: black_usv4(x201,268) black_usv2(x226,388) | KILL=18 | ACTIONS=15 | INTENT: focus=2 ratio=0.20
      [ASSIGN] white_usv9->black_usv4(机会锁定)
[t=14,662s] step=420 | MISSION=NORMAL_C | USV: 5/10 (avail=0 int=5 lock=0 frz=0) | UAV: air=10 rtb=0 chg=0 loiter=0 | TRACKS: vis=2 lost=0 engaged=0 | TOP: black_usv2(x225,115) black_usv4(x200,698) | KILL=19 | ACTIONS=15 | INTENT: focus=2 ratio=0.20
      [KILL] black_usv4
      [RELEASE] white_usv6->black_usv4(目标失效)
      [RELEASE] white_usv2->black_usv4(目标失效)
      [RELEASE] white_usv9->black_usv4(目标失效)
      [RELEASE] white_usv1->black_usv4(目标失效)
[t=15,246s] step=430 | MISSION=NORMAL_C | USV: 5/10 (avail=0 int=5 lock=0 frz=0) | UAV: air=10 rtb=0 chg=0 loiter=0 | TRACKS: vis=1 lost=0 engaged=0 | TOP: black_usv2(x223,726) | KILL=19 | ACTIONS=15 | INTENT: focus=2 ratio=0.20
      [ASSIGN] white_usv6->black_usv2
      [ASSIGN] white_usv2->black_usv2
[t=15,780s] step=440 | MISSION=NORMAL_C | USV: 5/10 (avail=2 int=2 lock=1 frz=0) | UAV: air=10 rtb=0 chg=0 loiter=0 | TRACKS: vis=1 lost=0 engaged=1 | TOP: black_usv2(x222,455) | KILL=19 | ACTIONS=15 | INTENT: focus=2 ratio=0.20

========================================================================
对局结果: Result.Victory — 敌方所有单位被击毁
  击杀蓝舰: 20 | 命中: 40 | 我方USV损失: 5 | UAV损失: 0 | 突破: 0
[META] result=Result.Victory victory_time=16143 first_detection=1866 first_lock=7377 first_kill=8648 enemy_kills=20 friendly_usv_losses=5 friendly_uav_losses=0 black_breakthrough=0 reacquire_attempts=191 reacquire_success=191 sensor_assisted_locks=69 low_conf_commitments=0 global_reacquire_entries=0 global_reacquire_success=0 coverage_collapse_events=1 active_clusters_max=1 coverage_quality_final=0.20 commander_source=default_intent commander_calls=0 commander_changes=0 commander_no_change=0 commander_parse_failures=0 commander_api_failures=0 commander_policy_failures=0 commander_avg_latency=0.0
Done
