========================================================================
HYBRID AGENT V5 — Variable-Cardinality Hierarchical Maritime Agent
  启用UAV: True | LLM_ENABLED: False
========================================================================
对局 22 开始
      [UAV RELAUNCH] white_uav3
      [UAV RELAUNCH] white_uav6
      [UAV RELAUNCH] white_uav8
      [UAV RELAUNCH] white_uav9
      [UAV RELAUNCH] white_uav5
      [UAV RELAUNCH] white_uav7
      [UAV RELAUNCH] white_uav1
      [UAV RELAUNCH] white_uav2
      [UAV RELAUNCH] white_uav4
      [UAV RELAUNCH] white_uav10
[t=238s] step=10 | MISSION=NORMAL_C | USV: 10/10 (avail=10 int=0 lock=0 frz=0) | UAV: air=10 rtb=0 chg=0 loiter=0 | TRACKS: vis=0 lost=0 engaged=0 | TOP:  | KILL=0 | ACTIONS=20 | INTENT: focus=2 ratio=0.20
  [INTENT APPLIED]
    ThreatAllocator: focus 2 emergency 3 reserve_ratio 0.20 reserve_usvs None bias breakthrough_eta
    UAVManager: mode search_and_reacquire uav_priority []
[t=529s] step=20 | MISSION=NORMAL_C | USV: 10/10 (avail=10 int=0 lock=0 frz=0) | UAV: air=10 rtb=0 chg=0 loiter=0 | TRACKS: vis=0 lost=0 engaged=0 | TOP:  | KILL=0 | ACTIONS=20 | INTENT: focus=2 ratio=0.20
[t=817s] step=30 | MISSION=NORMAL_C | USV: 10/10 (avail=10 int=0 lock=0 frz=0) | UAV: air=10 rtb=0 chg=0 loiter=0 | TRACKS: vis=0 lost=0 engaged=0 | TOP:  | KILL=0 | ACTIONS=20 | INTENT: focus=2 ratio=0.20
[t=1,114s] step=40 | MISSION=NORMAL_C | USV: 10/10 (avail=10 int=0 lock=0 frz=0) | UAV: air=10 rtb=0 chg=0 loiter=0 | TRACKS: vis=0 lost=0 engaged=0 | TOP:  | KILL=0 | ACTIONS=20 | INTENT: focus=2 ratio=0.20
[t=1,415s] step=50 | MISSION=NORMAL_C | USV: 10/10 (avail=10 int=0 lock=0 frz=0) | UAV: air=10 rtb=0 chg=0 loiter=0 | TRACKS: vis=0 lost=0 engaged=0 | TOP:  | KILL=0 | ACTIONS=20 | INTENT: focus=2 ratio=0.20
[t=1,714s] step=60 | MISSION=NORMAL_C | USV: 10/10 (avail=10 int=0 lock=0 frz=0) | UAV: air=10 rtb=0 chg=0 loiter=0 | TRACKS: vis=0 lost=0 engaged=0 | TOP:  | KILL=0 | ACTIONS=20 | INTENT: focus=2 ratio=0.20
      [DETECT] black_usv9
      [DETECT] black_usv14
      [DETECT] black_usv16
      [DETECT] black_usv11
      [DETECT] black_usv5
      [DETECT] black_usv13
      [DETECT] black_usv19
      [DETECT] black_usv12
      [DETECT] black_usv15
      [DETECT] black_usv7
      [DETECT] black_usv17
      [DETECT] black_usv18
      [DETECT] black_usv6
      [DETECT] black_usv10
      [DETECT] black_usv8
      [ASSIGN] white_usv4->black_usv9
      [ASSIGN] white_usv6->black_usv11
      [ASSIGN] white_usv8->black_usv14
      [ASSIGN] white_usv2->black_usv19
      [ASSIGN] white_usv3->black_usv5
      [ASSIGN] white_usv1->black_usv12
      [ASSIGN] white_usv9->black_usv16
      [ASSIGN] white_usv10->black_usv13
      [DETECT] black_usv20
      [ASSIGN] white_usv5->black_usv7
      [ASSIGN] white_usv7->black_usv15
      [DETECT] black_usv3
[t=2,017s] step=70 | MISSION=NORMAL_C | USV: 10/10 (avail=0 int=10 lock=0 frz=0) | UAV: air=10 rtb=0 chg=0 loiter=0 | TRACKS: vis=17 lost=0 engaged=0 | TOP: black_usv17(x239,810) black_usv18(x239,810) black_usv6(x239,810) | KILL=0 | ACTIONS=20 | INTENT: focus=2 ratio=0.20
      [DETECT] black_usv4
[t=2,317s] step=80 | MISSION=NORMAL_C | USV: 10/10 (avail=0 int=10 lock=0 frz=0) | UAV: air=10 rtb=0 chg=0 loiter=0 | TRACKS: vis=17 lost=1 engaged=0 | TOP: black_usv17(x236,810) black_usv18(x236,810) black_usv6(x236,810) | KILL=0 | ACTIONS=20 | INTENT: focus=2 ratio=0.20
[t=2,619s] step=90 | MISSION=NORMAL_C | USV: 10/10 (avail=0 int=10 lock=0 frz=0) | UAV: air=10 rtb=0 chg=0 loiter=0 | TRACKS: vis=16 lost=1 engaged=0 | TOP: black_usv17(x233,790) black_usv18(x233,790) black_usv6(x233,790) | KILL=0 | ACTIONS=20 | INTENT: focus=2 ratio=0.20
[t=2,924s] step=100 | MISSION=NORMAL_C | USV: 10/10 (avail=0 int=10 lock=0 frz=0) | UAV: air=10 rtb=0 chg=0 loiter=0 | TRACKS: vis=16 lost=0 engaged=0 | TOP: black_usv17(x230,740) black_usv18(x230,740) black_usv6(x230,740) | KILL=0 | ACTIONS=20 | INTENT: focus=2 ratio=0.20
[t=3,216s] step=110 | MISSION=NORMAL_C | USV: 10/10 (avail=0 int=10 lock=0 frz=0) | UAV: air=10 rtb=0 chg=0 loiter=0 | TRACKS: vis=16 lost=0 engaged=0 | TOP: black_usv17(x227,820) black_usv18(x227,820) black_usv6(x227,820) | KILL=0 | ACTIONS=20 | INTENT: focus=2 ratio=0.20
[t=3,514s] step=120 | MISSION=NORMAL_C | USV: 10/10 (avail=0 int=10 lock=0 frz=0) | UAV: air=10 rtb=0 chg=0 loiter=0 | TRACKS: vis=16 lost=0 engaged=0 | TOP: black_usv17(x224,840) black_usv18(x224,840) black_usv6(x224,840) | KILL=0 | ACTIONS=20 | INTENT: focus=2 ratio=0.20
[t=3,808s] step=130 | MISSION=NORMAL_C | USV: 10/10 (avail=0 int=10 lock=0 frz=0) | UAV: air=10 rtb=0 chg=0 loiter=0 | TRACKS: vis=16 lost=0 engaged=0 | TOP: black_usv17(x221,900) black_usv18(x221,900) black_usv6(x221,900) | KILL=0 | ACTIONS=20 | INTENT: focus=2 ratio=0.20
[t=4,104s] step=140 | MISSION=NORMAL_C | USV: 10/10 (avail=0 int=10 lock=0 frz=0) | UAV: air=10 rtb=0 chg=0 loiter=0 | TRACKS: vis=16 lost=0 engaged=0 | TOP: black_usv17(x218,940) black_usv18(x218,940) black_usv6(x218,940) | KILL=0 | ACTIONS=20 | INTENT: focus=2 ratio=0.20
[t=4,400s] step=150 | MISSION=NORMAL_C | USV: 10/10 (avail=0 int=10 lock=0 frz=0) | UAV: air=10 rtb=0 chg=0 loiter=0 | TRACKS: vis=16 lost=0 engaged=0 | TOP: black_usv17(x215,980) black_usv18(x215,980) black_usv6(x215,980) | KILL=0 | ACTIONS=20 | INTENT: focus=2 ratio=0.20
[t=4,698s] step=160 | MISSION=NORMAL_C | USV: 10/10 (avail=0 int=10 lock=0 frz=0) | UAV: air=10 rtb=0 chg=0 loiter=0 | TRACKS: vis=16 lost=0 engaged=0 | TOP: black_usv17(x213,000) black_usv18(x213,000) black_usv6(x213,000) | KILL=0 | ACTIONS=20 | INTENT: focus=2 ratio=0.20
[t=4,992s] step=170 | MISSION=NORMAL_C | USV: 10/10 (avail=0 int=10 lock=0 frz=0) | UAV: air=10 rtb=0 chg=0 loiter=0 | TRACKS: vis=16 lost=0 engaged=0 | TOP: black_usv17(x210,060) black_usv18(x210,060) black_usv6(x210,060) | KILL=0 | ACTIONS=20 | INTENT: focus=2 ratio=0.20
[t=5,297s] step=180 | MISSION=NORMAL_C | USV: 10/10 (avail=0 int=10 lock=0 frz=0) | UAV: air=10 rtb=0 chg=0 loiter=0 | TRACKS: vis=16 lost=0 engaged=0 | TOP: black_usv17(x207,010) black_usv18(x207,010) black_usv6(x207,010) | KILL=0 | ACTIONS=20 | INTENT: focus=2 ratio=0.20
[t=5,600s] step=190 | MISSION=NORMAL_C | USV: 10/10 (avail=0 int=10 lock=0 frz=0) | UAV: air=10 rtb=0 chg=0 loiter=0 | TRACKS: vis=16 lost=0 engaged=0 | TOP: black_usv17(x203,980) black_usv18(x203,980) black_usv6(x203,980) | KILL=0 | ACTIONS=20 | INTENT: focus=2 ratio=0.20
[t=5,909s] step=200 | MISSION=NORMAL_C | USV: 10/10 (avail=0 int=10 lock=0 frz=0) | UAV: air=10 rtb=0 chg=0 loiter=0 | TRACKS: vis=16 lost=0 engaged=0 | TOP: black_usv17(x200,890) black_usv18(x200,890) black_usv6(x200,890) | KILL=0 | ACTIONS=20 | INTENT: focus=2 ratio=0.20
[t=6,205s] step=210 | MISSION=NORMAL_C | USV: 10/10 (avail=0 int=10 lock=0 frz=0) | UAV: air=10 rtb=0 chg=0 loiter=0 | TRACKS: vis=16 lost=0 engaged=0 | TOP: black_usv17(x197,930) black_usv18(x197,930) black_usv6(x197,930) | KILL=0 | ACTIONS=20 | INTENT: focus=2 ratio=0.20
[t=6,507s] step=220 | MISSION=NORMAL_C | USV: 10/10 (avail=0 int=10 lock=0 frz=0) | UAV: air=10 rtb=0 chg=0 loiter=0 | TRACKS: vis=15 lost=1 engaged=0 | TOP: black_usv17(x194,910) black_usv18(x194,910) black_usv6(x194,910) | KILL=0 | ACTIONS=20 | INTENT: focus=2 ratio=0.20
[t=6,812s] step=230 | MISSION=NORMAL_C | USV: 10/10 (avail=0 int=10 lock=0 frz=0) | UAV: air=10 rtb=0 chg=0 loiter=0 | TRACKS: vis=16 lost=0 engaged=0 | TOP: black_usv17(x191,860) black_usv18(x191,860) black_usv6(x191,860) | KILL=0 | ACTIONS=20 | INTENT: focus=2 ratio=0.20
[t=7,097s] step=240 | MISSION=NORMAL_C | USV: 10/10 (avail=0 int=10 lock=0 frz=0) | UAV: air=10 rtb=0 chg=0 loiter=0 | TRACKS: vis=16 lost=0 engaged=0 | TOP: black_usv17(x189,010) black_usv18(x189,010) black_usv6(x189,010) | KILL=0 | ACTIONS=20 | INTENT: focus=2 ratio=0.20
      [ASSIGN] white_usv9->black_usv18(机会锁定)
[t=7,350s] step=250 | MISSION=NORMAL_C | USV: 10/10 (avail=0 int=10 lock=0 frz=0) | UAV: air=10 rtb=0 chg=0 loiter=0 | TRACKS: vis=16 lost=0 engaged=0 | TOP: black_usv18(x186,480) black_usv20(x186,480) black_usv6(x186,899) | KILL=0 | ACTIONS=20 | INTENT: focus=2 ratio=0.20
      [ASSIGN] white_usv4->black_usv8(机会锁定)
      [ASSIGN] white_usv6->black_usv10(机会锁定)
      [ASSIGN] white_usv5->black_usv8(机会锁定)
      [ASSIGN] white_usv7->black_usv14(机会锁定)
      [ASSIGN] white_usv10->black_usv15(机会锁定)
      [ASSIGN] white_usv1->black_usv7(机会锁定)
      [ASSIGN] white_usv2->black_usv12(机会锁定)
[t=7,652s] step=260 | MISSION=NORMAL_C | USV: 10/10 (avail=0 int=0 lock=10 frz=0) | UAV: air=10 rtb=0 chg=0 loiter=0 | TRACKS: vis=16 lost=0 engaged=8 | TOP: black_usv19(x183,460) black_usv20(x183,460) black_usv18(x183,460) | KILL=0 | ACTIONS=20 | INTENT: focus=2 ratio=0.20
      [ASSIGN] white_usv3->black_usv6(机会锁定)
      [ASSIGN] white_usv9->black_usv19(机会锁定)
      [ASSIGN] white_usv4->black_usv9(机会锁定)
      [ASSIGN] white_usv6->black_usv9(机会锁定)
      [ASSIGN] white_usv8->black_usv13(机会锁定)
      [ASSIGN] white_usv5->black_usv5(机会锁定)
      [ASSIGN] white_usv7->black_usv13(机会锁定)
      [ASSIGN] white_usv10->black_usv18(机会锁定)
      [ASSIGN] white_usv1->black_usv8(机会锁定)
      [ASSIGN] white_usv2->black_usv11(机会锁定)
[t=7,973s] step=270 | MISSION=NORMAL_C | USV: 10/10 (avail=0 int=0 lock=10 frz=0) | UAV: air=10 rtb=0 chg=0 loiter=0 | TRACKS: vis=16 lost=0 engaged=8 | TOP: black_usv20(x180,250) black_usv19(x180,250) black_usv18(x183,260) | KILL=1 | ACTIONS=20 | INTENT: focus=2 ratio=0.20
      [ASSIGN] white_usv3->black_usv7(机会锁定)
      [ASSIGN] white_usv9->black_usv20(机会锁定)
      [ASSIGN] white_usv4->black_usv6(机会锁定)
      [ASSIGN] white_usv6->black_usv6(机会锁定)
      [ASSIGN] white_usv8->black_usv19(机会锁定)
      [ASSIGN] white_usv5->black_usv6(机会锁定)
      [ASSIGN] white_usv7->black_usv19(机会锁定)
      [ASSIGN] white_usv10->black_usv13(机会锁定)
      [ASSIGN] white_usv10->black_usv18(机会锁定)
      [ASSIGN] white_usv1->black_usv9(机会锁定)
      [ASSIGN] white_usv10->black_usv13(机会锁定)
      [ASSIGN] white_usv1->black_usv8(机会锁定)
      [ASSIGN] white_usv10->black_usv15(机会锁定)
      [ASSIGN] white_usv2->black_usv13(机会锁定)
      [ASSIGN] white_usv1->black_usv9(机会锁定)
      [ASSIGN] white_usv2->black_usv11(机会锁定)
      [ASSIGN] white_usv1->black_usv8(机会锁定)
      [ASSIGN] white_usv1->black_usv9(机会锁定)
      [KILL] black_usv14
      [ASSIGN] white_usv3->black_usv5(机会锁定)
      [ASSIGN] white_usv1->black_usv8(机会锁定)
      [ASSIGN] white_usv9->black_usv18(机会锁定)
[t=8,328s] step=280 | MISSION=NORMAL_C | USV: 10/10 (avail=0 int=3 lock=7 frz=0) | UAV: air=10 rtb=0 chg=0 loiter=0 | TRACKS: vis=15 lost=0 engaged=4 | TOP: black_usv18(x182,370) black_usv5(x183,952) black_usv8(x183,692) | KILL=6 | ACTIONS=20 | INTENT: focus=2 ratio=0.20
      [ASSIGN] white_usv4->black_usv7(机会锁定)
      [ASSIGN] white_usv6->black_usv10(机会锁定)
      [ASSIGN] white_usv8->black_usv20(机会锁定)
      [ASSIGN] white_usv3->black_usv7(机会锁定)
      [ASSIGN] white_usv1->black_usv7(机会锁定)
      [ASSIGN] white_usv9->black_usv20(机会锁定)
      [ASSIGN] white_usv5->black_usv7(机会锁定)
      [ASSIGN] white_usv7->black_usv20(机会锁定)
      [ASSIGN] white_usv10->black_usv19(机会锁定)
      [ASSIGN] white_usv10->black_usv12(机会锁定)
      [ASSIGN] white_usv2->black_usv19(机会锁定)
      [ASSIGN] white_usv2->black_usv11(机会锁定)
      [KILL] black_usv9
      [KILL] black_usv5
      [KILL] black_usv13
      [KILL] black_usv18
      [ASSIGN] white_usv4->black_usv6(机会锁定)
      [ASSIGN] white_usv6->black_usv6(机会锁定)
      [ASSIGN] white_usv8->black_usv19(机会锁定)
      [ASSIGN] white_usv3->black_usv6(机会锁定)
      [ASSIGN] white_usv1->black_usv6(机会锁定)
      [ASSIGN] white_usv9->black_usv19(机会锁定)
      [ASSIGN] white_usv5->black_usv6(机会锁定)
      [ASSIGN] white_usv7->black_usv19(机会锁定)
[t=8,711s] step=290 | MISSION=NORMAL_C | USV: 10/10 (avail=0 int=8 lock=2 frz=0) | UAV: air=10 rtb=0 chg=0 loiter=0 | TRACKS: vis=11 lost=0 engaged=2 | TOP: black_usv19(x176,440) black_usv6(x179,481) black_usv8(x183,692) | KILL=10 | ACTIONS=20 | INTENT: focus=2 ratio=0.20
      [KILL] black_usv8
      [ASSIGN] white_usv4->black_usv7(机会锁定)
      [ASSIGN] white_usv6->black_usv7(机会锁定)
      [ASSIGN] white_usv8->black_usv10(机会锁定)
      [ASSIGN] white_usv3->black_usv7(机会锁定)
      [ASSIGN] white_usv1->black_usv7(机会锁定)
      [ASSIGN] white_usv9->black_usv20(机会锁定)
      [ASSIGN] white_usv5->black_usv7(机会锁定)
      [ASSIGN] white_usv7->black_usv10(机会锁定)
      [ASSIGN] white_usv4->black_usv6(机会锁定)
      [ASSIGN] white_usv6->black_usv6(机会锁定)
      [ASSIGN] white_usv3->black_usv6(机会锁定)
      [ASSIGN] white_usv1->black_usv6(机会锁定)
      [ASSIGN] white_usv9->black_usv19(机会锁定)
      [ASSIGN] white_usv5->black_usv6(机会锁定)
      [DETECT] black_usv3
      [ASSIGN] white_usv4->black_usv7(机会锁定)
      [ASSIGN] white_usv6->black_usv7(机会锁定)
      [ASSIGN] white_usv3->black_usv7(机会锁定)
      [ASSIGN] white_usv1->black_usv7(机会锁定)
      [ASSIGN] white_usv9->black_usv20(机会锁定)
      [ASSIGN] white_usv5->black_usv7(机会锁定)
      [ASSIGN] white_usv4->black_usv6(机会锁定)
      [ASSIGN] white_usv6->black_usv6(机会锁定)
      [ASSIGN] white_usv3->black_usv6(机会锁定)
      [ASSIGN] white_usv1->black_usv6(机会锁定)
      [ASSIGN] white_usv9->black_usv19(机会锁定)
      [ASSIGN] white_usv10->black_usv19(机会锁定)
      [ASSIGN] white_usv5->black_usv6(机会锁定)
      [ASSIGN] white_usv4->black_usv7(机会锁定)
      [ASSIGN] white_usv6->black_usv7(机会锁定)
      [ASSIGN] white_usv3->black_usv7(机会锁定)
      [ASSIGN] white_usv1->black_usv7(机会锁定)
      [ASSIGN] white_usv9->black_usv20(机会锁定)
      [ASSIGN] white_usv10->black_usv12(机会锁定)
      [ASSIGN] white_usv5->black_usv7(机会锁定)
      [KILL] black_usv19
      [KILL] black_usv6
      [ASSIGN] white_usv6->black_usv11(机会锁定)
      [ASSIGN] white_usv2->black_usv15(机会锁定)
      [ASSIGN] white_usv1->black_usv11(机会锁定)
      [ASSIGN] white_usv10->black_usv15(机会锁定)
      [ASSIGN] white_usv6->black_usv10(机会锁定)
      [ASSIGN] white_usv1->black_usv12(机会锁定)
      [ASSIGN] white_usv1->black_usv11(机会锁定)
      [ASSIGN] white_usv8->black_usv12(机会锁定)
      [ASSIGN] white_usv1->black_usv12(机会锁定)
      [ASSIGN] white_usv9->black_usv10(机会锁定)
      [ASSIGN] white_usv7->black_usv12(机会锁定)
      [ASSIGN] white_usv4->black_usv10(机会锁定)
      [ASSIGN] white_usv6->black_usv11(机会锁定)
      [ASSIGN] white_usv8->black_usv11(机会锁定)
      [ASSIGN] white_usv1->black_usv11(机会锁定)
      [ASSIGN] white_usv9->black_usv20(机会锁定)
      [ASSIGN] white_usv7->black_usv11(机会锁定)
[t=9,124s] step=300 | MISSION=NORMAL_C | USV: 10/10 (avail=0 int=8 lock=2 frz=0) | UAV: air=10 rtb=0 chg=0 loiter=0 | TRACKS: vis=8 lost=1 engaged=1 | TOP: black_usv20(x176,100) black_usv11(x178,839) black_usv16(x177,538) | KILL=13 | ACTIONS=20 | INTENT: focus=2 ratio=0.20
      [ASSIGN] white_usv6->black_usv12(机会锁定)
      [ASSIGN] white_usv8->black_usv12(机会锁定)
      [ASSIGN] white_usv1->black_usv12(机会锁定)
      [ASSIGN] white_usv9->black_usv12(机会锁定)
      [ASSIGN] white_usv7->black_usv12(机会锁定)
      [ASSIGN] white_usv6->black_usv11(机会锁定)
      [ASSIGN] white_usv8->black_usv11(机会锁定)
      [ASSIGN] white_usv1->black_usv11(机会锁定)
      [ASSIGN] white_usv9->black_usv20(机会锁定)
      [ASSIGN] white_usv7->black_usv11(机会锁定)
      [ASSIGN] white_usv6->black_usv12(机会锁定)
      [ASSIGN] white_usv8->black_usv12(机会锁定)
      [ASSIGN] white_usv1->black_usv12(机会锁定)
      [ASSIGN] white_usv9->black_usv12(机会锁定)
      [ASSIGN] white_usv5->black_usv10(机会锁定)
      [ASSIGN] white_usv7->black_usv12(机会锁定)
      [ASSIGN] white_usv4->black_usv11(机会锁定)
      [ASSIGN] white_usv6->black_usv11(机会锁定)
      [ASSIGN] white_usv8->black_usv11(机会锁定)
      [ASSIGN] white_usv2->black_usv11(机会锁定)
      [ASSIGN] white_usv1->black_usv11(机会锁定)
      [ASSIGN] white_usv9->black_usv20(机会锁定)
      [ASSIGN] white_usv10->black_usv11(机会锁定)
      [ASSIGN] white_usv5->black_usv7(机会锁定)
      [ASSIGN] white_usv7->black_usv11(机会锁定)
      [KILL] black_usv7
      [KILL] black_usv20
      [ASSIGN] white_usv4->black_usv10(机会锁定)
      [ASSIGN] white_usv6->black_usv10(机会锁定)
      [ASSIGN] white_usv8->black_usv10(机会锁定)
      [ASSIGN] white_usv2->black_usv10(机会锁定)
      [RELEASE] white_usv3->black_usv7(目标失效)
      [ASSIGN] white_usv3->black_usv10(机会锁定)
      [ASSIGN] white_usv1->black_usv10(机会锁定)
      [RELEASE] white_usv9->black_usv20(目标失效)
      [ASSIGN] white_usv9->black_usv10(机会锁定)
      [ASSIGN] white_usv10->black_usv10(机会锁定)
      [RELEASE] white_usv5->black_usv7(目标失效)
      [ASSIGN] white_usv5->black_usv10(机会锁定)
      [ASSIGN] white_usv7->black_usv10(机会锁定)
      [ASSIGN] white_usv4->black_usv11(机会锁定)
      [ASSIGN] white_usv6->black_usv11(机会锁定)
      [ASSIGN] white_usv2->black_usv11(机会锁定)
      [ASSIGN] white_usv9->black_usv11(机会锁定)
      [ASSIGN] white_usv10->black_usv11(机会锁定)
      [ASSIGN] white_usv5->black_usv11(机会锁定)
      [ASSIGN] white_usv7->black_usv11(机会锁定)
      [ASSIGN] white_usv4->black_usv12(机会锁定)
      [ASSIGN] white_usv6->black_usv12(机会锁定)
      [ASSIGN] white_usv2->black_usv12(机会锁定)
      [ASSIGN] white_usv9->black_usv15(机会锁定)
      [ASSIGN] white_usv10->black_usv12(机会锁定)
      [ASSIGN] white_usv5->black_usv10(机会锁定)
      [ASSIGN] white_usv7->black_usv12(机会锁定)
      [KILL] black_usv12
      [RELEASE] white_usv4->black_usv12(目标失效)
      [ASSIGN] white_usv4->black_usv11(机会锁定)
      [RELEASE] white_usv6->black_usv12(目标失效)
      [ASSIGN] white_usv6->black_usv11(机会锁定)
      [ASSIGN] white_usv8->black_usv11(机会锁定)
      [RELEASE] white_usv2->black_usv12(目标失效)
      [ASSIGN] white_usv2->black_usv11(机会锁定)
      [ASSIGN] white_usv3->black_usv11(机会锁定)
      [ASSIGN] white_usv9->black_usv11(机会锁定)
      [RELEASE] white_usv10->black_usv12(目标失效)
      [ASSIGN] white_usv10->black_usv11(机会锁定)
      [ASSIGN] white_usv5->black_usv11(机会锁定)
      [RELEASE] white_usv7->black_usv12(目标失效)
      [ASSIGN] white_usv7->black_usv11(机会锁定)
      [ASSIGN] white_usv4->black_usv10(机会锁定)
      [ASSIGN] white_usv6->black_usv10(机会锁定)
      [ASSIGN] white_usv8->black_usv10(机会锁定)
      [ASSIGN] white_usv2->black_usv10(机会锁定)
      [ASSIGN] white_usv3->black_usv10(机会锁定)
      [ASSIGN] white_usv9->black_usv10(机会锁定)
      [ASSIGN] white_usv10->black_usv10(机会锁定)
      [ASSIGN] white_usv5->black_usv10(机会锁定)
      [ASSIGN] white_usv7->black_usv10(机会锁定)
      [KILL] black_usv11
      [ASSIGN] white_usv6->black_usv15(机会锁定)
      [ASSIGN] white_usv8->black_usv15(机会锁定)
      [ASSIGN] white_usv2->black_usv15(机会锁定)
      [ASSIGN] white_usv9->black_usv15(机会锁定)
      [ASSIGN] white_usv10->black_usv15(机会锁定)
      [ASSIGN] white_usv7->black_usv15(机会锁定)
[t=9,611s] step=310 | MISSION=NORMAL_C | USV: 9/10 (avail=0 int=9 lock=0 frz=0) | UAV: air=10 rtb=0 chg=0 loiter=0 | TRACKS: vis=4 lost=0 engaged=0 | TOP: black_usv16(x174,876) black_usv17(x175,061) black_usv15(x177,967) | KILL=14 | ACTIONS=19 | INTENT: focus=2 ratio=0.20
      [ASSIGN] white_usv6->black_usv10(机会锁定)
      [ASSIGN] white_usv8->black_usv10(机会锁定)
      [ASSIGN] white_usv2->black_usv10(机会锁定)
      [ASSIGN] white_usv9->black_usv16(机会锁定)
      [ASSIGN] white_usv10->black_usv16(机会锁定)
      [ASSIGN] white_usv7->black_usv16(机会锁定)
      [KILL] black_usv10
      [RELEASE] white_usv4->black_usv10(目标失效)
      [RELEASE] white_usv6->black_usv10(目标失效)
      [ASSIGN] white_usv6->black_usv15(机会锁定)
      [RELEASE] white_usv8->black_usv10(目标失效)
      [ASSIGN] white_usv8->black_usv15(机会锁定)
      [RELEASE] white_usv2->black_usv10(目标失效)
      [RELEASE] white_usv3->black_usv10(目标失效)
      [RELEASE] white_usv5->black_usv10(目标失效)
      [ASSIGN] white_usv4->black_usv17
      [ASSIGN] white_usv2->black_usv17
      [ASSIGN] white_usv3->black_usv15
      [ASSIGN] white_usv5->black_usv17
      [ASSIGN] white_usv2->black_usv15(机会锁定)
      [ASSIGN] white_usv4->black_usv15(机会锁定)
      [ASSIGN] white_usv6->black_usv16(机会锁定)
      [ASSIGN] white_usv8->black_usv16(机会锁定)
      [KILL] black_usv15
      [RELEASE] white_usv4->black_usv15(目标失效)
      [RELEASE] white_usv2->black_usv15(目标失效)
      [RELEASE] white_usv3->black_usv15(目标失效)
      [ASSIGN] white_usv4->black_usv17
      [ASSIGN] white_usv8->black_usv17(机会锁定)
      [ASSIGN] white_usv2->black_usv16(机会锁定)
      [ASSIGN] white_usv9->black_usv17(机会锁定)
      [ASSIGN] white_usv7->black_usv17(机会锁定)
      [ASSIGN] white_usv3->black_usv16
[t=10,024s] step=320 | MISSION=NORMAL_C | USV: 8/10 (avail=1 int=4 lock=3 frz=0) | UAV: air=10 rtb=0 chg=0 loiter=0 | TRACKS: vis=2 lost=0 engaged=1 | TOP: black_usv17(x172,844) black_usv16(x172,966) | KILL=15 | ACTIONS=18 | INTENT: focus=2 ratio=0.20
      [ASSIGN] white_usv4->black_usv16(机会锁定)
      [ASSIGN] white_usv8->black_usv16(机会锁定)
      [ASSIGN] white_usv9->black_usv16(机会锁定)
      [ASSIGN] white_usv7->black_usv16(机会锁定)
      [ASSIGN] white_usv6->black_usv17(机会锁定)
      [ASSIGN] white_usv8->black_usv17(机会锁定)
      [ASSIGN] white_usv2->black_usv17(机会锁定)
      [ASSIGN] white_usv9->black_usv17(机会锁定)
      [ASSIGN] white_usv5->black_usv16(机会锁定)
      [ASSIGN] white_usv7->black_usv17(机会锁定)
      [ASSIGN] white_usv6->black_usv16(机会锁定)
      [ASSIGN] white_usv8->black_usv16(机会锁定)
      [ASSIGN] white_usv2->black_usv16(机会锁定)
      [ASSIGN] white_usv9->black_usv16(机会锁定)
      [ASSIGN] white_usv7->black_usv16(机会锁定)
      [ASSIGN] white_usv6->black_usv17(机会锁定)
      [ASSIGN] white_usv8->black_usv17(机会锁定)
      [ASSIGN] white_usv2->black_usv17(机会锁定)
      [ASSIGN] white_usv9->black_usv17(机会锁定)
      [ASSIGN] white_usv7->black_usv17(机会锁定)
[t=10,475s] step=330 | MISSION=NORMAL_C | USV: 8/10 (avail=0 int=8 lock=0 frz=0) | UAV: air=10 rtb=0 chg=0 loiter=0 | TRACKS: vis=2 lost=0 engaged=0 | TOP: black_usv17(x171,424) black_usv16(x172,966) | KILL=16 | ACTIONS=18 | INTENT: focus=2 ratio=0.20
      [ASSIGN] white_usv6->black_usv16(机会锁定)
      [ASSIGN] white_usv8->black_usv16(机会锁定)
      [ASSIGN] white_usv2->black_usv16(机会锁定)
      [ASSIGN] white_usv9->black_usv16(机会锁定)
      [ASSIGN] white_usv7->black_usv16(机会锁定)
      [ASSIGN] white_usv4->black_usv17(机会锁定)
      [ASSIGN] white_usv6->black_usv17(机会锁定)
      [ASSIGN] white_usv8->black_usv17(机会锁定)
      [ASSIGN] white_usv2->black_usv17(机会锁定)
      [ASSIGN] white_usv9->black_usv17(机会锁定)
      [ASSIGN] white_usv7->black_usv17(机会锁定)
      [KILL] black_usv16
      [RELEASE] white_usv3->black_usv16(目标失效)
      [RELEASE] white_usv5->black_usv16(目标失效)
      [ASSIGN] white_usv5->black_usv17(机会锁定)
      [KILL] black_usv17
      [RELEASE] white_usv4->black_usv17(目标失效)
      [RELEASE] white_usv6->black_usv17(目标失效)
      [RELEASE] white_usv8->black_usv17(目标失效)
      [RELEASE] white_usv2->black_usv17(目标失效)
      [RELEASE] white_usv9->black_usv17(目标失效)
      [RELEASE] white_usv5->black_usv17(目标失效)
      [RELEASE] white_usv7->black_usv17(目标失效)
[t=10,944s] step=340 | MISSION=NORMAL_C | USV: 8/10 (avail=1 int=7 lock=0 frz=0) | UAV: air=10 rtb=0 chg=0 loiter=0 | TRACKS: vis=0 lost=0 engaged=0 | TOP:  | KILL=16 | ACTIONS=18 | INTENT: focus=2 ratio=0.20
      [DETECT] black_usv2
      [DETECT] black_usv4
      [ASSIGN] white_usv4->black_usv2
      [ASSIGN] white_usv6->black_usv4
      [ASSIGN] white_usv8->black_usv4
      [ASSIGN] white_usv2->black_usv4
      [ASSIGN] white_usv3->black_usv2
      [ASSIGN] white_usv9->black_usv2
      [DETECT] black_usv1
      [ASSIGN] white_usv5->black_usv1
      [ASSIGN] white_usv7->black_usv1
[t=11,356s] step=350 | MISSION=NORMAL_C | USV: 8/10 (avail=0 int=8 lock=0 frz=0) | UAV: air=10 rtb=0 chg=0 loiter=0 | TRACKS: vis=0 lost=3 engaged=0 | TOP: black_usv1(x227,524) black_usv2(x230,898) black_usv4(x232,487) | KILL=16 | ACTIONS=18 | INTENT: focus=2 ratio=0.20
      [RELEASE] white_usv4->black_usv2(目标失效)
      [RELEASE] white_usv6->black_usv4(目标失效)
      [RELEASE] white_usv8->black_usv4(目标失效)
      [RELEASE] white_usv2->black_usv4(目标失效)
      [RELEASE] white_usv3->black_usv2(目标失效)
      [RELEASE] white_usv9->black_usv2(目标失效)
      [RELEASE] white_usv5->black_usv1(目标失效)
      [RELEASE] white_usv7->black_usv1(目标失效)
      [DETECT] black_usv3
      [ASSIGN] white_usv4->black_usv3
      [ASSIGN] white_usv2->black_usv3
      [ASSIGN] white_usv3->black_usv3
[t=11,782s] step=360 | MISSION=NORMAL_C | USV: 8/10 (avail=5 int=3 lock=0 frz=0) | UAV: air=10 rtb=0 chg=0 loiter=0 | TRACKS: vis=1 lost=0 engaged=0 | TOP: black_usv3(x198,612) | KILL=16 | ACTIONS=18 | INTENT: focus=2 ratio=0.20
      [RELEASE] white_usv4->black_usv3(目标失效)
      [RELEASE] white_usv2->black_usv3(目标失效)
      [RELEASE] white_usv3->black_usv3(目标失效)
[t=12,208s] step=370 | MISSION=NORMAL_C | USV: 8/10 (avail=8 int=0 lock=0 frz=0) | UAV: air=10 rtb=0 chg=0 loiter=0 | TRACKS: vis=0 lost=0 engaged=0 | TOP:  | KILL=16 | ACTIONS=18 | INTENT: focus=2 ratio=0.20
[t=12,664s] step=380 | MISSION=GLOBAL_R | USV: 8/10 (avail=8 int=0 lock=0 frz=0) | UAV: air=10 rtb=0 chg=0 loiter=0 | TRACKS: vis=0 lost=0 engaged=0 | TOP:  | KILL=16 | ACTIONS=18 | INTENT: focus=2 ratio=0.20
[t=13,108s] step=390 | MISSION=GLOBAL_R | USV: 8/10 (avail=8 int=0 lock=0 frz=0) | UAV: air=10 rtb=0 chg=0 loiter=0 | TRACKS: vis=0 lost=0 engaged=0 | TOP:  | KILL=16 | ACTIONS=18 | INTENT: focus=2 ratio=0.20
[t=13,555s] step=400 | MISSION=GLOBAL_R | USV: 8/10 (avail=8 int=0 lock=0 frz=0) | UAV: air=10 rtb=0 chg=0 loiter=0 | TRACKS: vis=0 lost=0 engaged=0 | TOP:  | KILL=16 | ACTIONS=18 | INTENT: focus=2 ratio=0.20
[t=13,986s] step=410 | MISSION=GLOBAL_R | USV: 8/10 (avail=8 int=0 lock=0 frz=0) | UAV: air=10 rtb=0 chg=0 loiter=0 | TRACKS: vis=0 lost=0 engaged=0 | TOP:  | KILL=16 | ACTIONS=18 | INTENT: focus=2 ratio=0.20
[t=14,460s] step=420 | MISSION=GLOBAL_R | USV: 8/10 (avail=8 int=0 lock=0 frz=0) | UAV: air=10 rtb=0 chg=0 loiter=0 | TRACKS: vis=0 lost=0 engaged=0 | TOP:  | KILL=16 | ACTIONS=18 | INTENT: focus=2 ratio=0.20
[t=14,920s] step=430 | MISSION=GLOBAL_R | USV: 8/10 (avail=8 int=0 lock=0 frz=0) | UAV: air=10 rtb=0 chg=0 loiter=0 | TRACKS: vis=0 lost=0 engaged=0 | TOP:  | KILL=16 | ACTIONS=18 | INTENT: focus=2 ratio=0.20
[t=15,368s] step=440 | MISSION=GLOBAL_R | USV: 8/10 (avail=8 int=0 lock=0 frz=0) | UAV: air=10 rtb=0 chg=0 loiter=0 | TRACKS: vis=0 lost=0 engaged=0 | TOP:  | KILL=16 | ACTIONS=18 | INTENT: focus=2 ratio=0.20
[t=15,809s] step=450 | MISSION=GLOBAL_R | USV: 8/10 (avail=8 int=0 lock=0 frz=0) | UAV: air=10 rtb=0 chg=0 loiter=0 | TRACKS: vis=0 lost=0 engaged=0 | TOP:  | KILL=16 | ACTIONS=18 | INTENT: focus=2 ratio=0.20
[t=16,259s] step=460 | MISSION=GLOBAL_R | USV: 8/10 (avail=8 int=0 lock=0 frz=0) | UAV: air=10 rtb=0 chg=0 loiter=0 | TRACKS: vis=0 lost=0 engaged=0 | TOP:  | KILL=16 | ACTIONS=18 | INTENT: focus=2 ratio=0.20
[t=16,695s] step=470 | MISSION=GLOBAL_R | USV: 8/10 (avail=8 int=0 lock=0 frz=0) | UAV: air=10 rtb=0 chg=0 loiter=0 | TRACKS: vis=0 lost=0 engaged=0 | TOP:  | KILL=16 | ACTIONS=18 | INTENT: focus=2 ratio=0.20
[t=17,139s] step=480 | MISSION=GLOBAL_R | USV: 8/10 (avail=8 int=0 lock=0 frz=0) | UAV: air=10 rtb=0 chg=0 loiter=0 | TRACKS: vis=0 lost=0 engaged=0 | TOP:  | KILL=16 | ACTIONS=18 | INTENT: focus=2 ratio=0.20
[t=17,578s] step=490 | MISSION=GLOBAL_R | USV: 8/10 (avail=8 int=0 lock=0 frz=0) | UAV: air=10 rtb=0 chg=0 loiter=0 | TRACKS: vis=0 lost=0 engaged=0 | TOP:  | KILL=16 | ACTIONS=18 | INTENT: focus=2 ratio=0.20
      [DETECT] black_usv1
      [DETECT] black_usv3
      [ASSIGN] white_usv4->black_usv3
      [ASSIGN] white_usv6->black_usv1
      [ASSIGN] white_usv2->black_usv1
      [ASSIGN] white_usv3->black_usv3
      [ASSIGN] white_usv9->black_usv3
      [ASSIGN] white_usv5->black_usv1
      [DETECT] black_usv2
      [ASSIGN] white_usv8->black_usv2
      [ASSIGN] white_usv7->black_usv2
[t=18,003s] step=500 | MISSION=NORMAL_C | USV: 8/10 (avail=0 int=8 lock=0 frz=0) | UAV: air=10 rtb=0 chg=0 loiter=0 | TRACKS: vis=0 lost=3 engaged=0 | TOP: black_usv3(x166,206) black_usv1(x208,520) black_usv2(x213,868) | KILL=16 | ACTIONS=18 | INTENT: focus=2 ratio=0.20
      [RELEASE] white_usv4->black_usv3(目标失效)
      [RELEASE] white_usv3->black_usv3(目标失效)
      [RELEASE] white_usv9->black_usv3(目标失效)
      [ASSIGN] white_usv3->black_usv2
      [DETECT] black_usv4
      [ASSIGN] white_usv4->black_usv4
      [ASSIGN] white_usv9->black_usv4
[t=18,439s] step=510 | MISSION=NORMAL_C | USV: 8/10 (avail=0 int=8 lock=0 frz=0) | UAV: air=10 rtb=0 chg=0 loiter=0 | TRACKS: vis=0 lost=3 engaged=0 | TOP: black_usv1(x207,272) black_usv2(x212,749) black_usv4(x215,329) | KILL=16 | ACTIONS=18 | INTENT: focus=2 ratio=0.20
[t=18,873s] step=520 | MISSION=NORMAL_C | USV: 8/10 (avail=0 int=8 lock=0 frz=0) | UAV: air=10 rtb=0 chg=0 loiter=0 | TRACKS: vis=0 lost=3 engaged=0 | TOP: black_usv1(x206,033) black_usv2(x211,639) black_usv4(x214,280) | KILL=16 | ACTIONS=18 | INTENT: focus=2 ratio=0.20
[t=19,330s] step=530 | MISSION=NORMAL_C | USV: 8/10 (avail=0 int=8 lock=0 frz=0) | UAV: air=10 rtb=0 chg=0 loiter=0 | TRACKS: vis=3 lost=0 engaged=0 | TOP: black_usv1(x204,726) black_usv2(x210,468) black_usv4(x213,173) | KILL=16 | ACTIONS=18 | INTENT: focus=2 ratio=0.20
[t=19,789s] step=540 | MISSION=NORMAL_C | USV: 8/10 (avail=0 int=8 lock=0 frz=0) | UAV: air=9 rtb=0 chg=0 loiter=0 | TRACKS: vis=1 lost=2 engaged=0 | TOP: black_usv1(x203,414) black_usv2(x209,292) black_usv4(x212,061) | KILL=16 | ACTIONS=17 | INTENT: focus=2 ratio=0.20
[t=20,226s] step=550 | MISSION=NORMAL_C | USV: 8/10 (avail=0 int=8 lock=0 frz=0) | UAV: air=9 rtb=0 chg=0 loiter=0 | TRACKS: vis=3 lost=0 engaged=0 | TOP: black_usv1(x202,165) black_usv2(x208,173) black_usv4(x211,003) | KILL=16 | ACTIONS=17 | INTENT: focus=2 ratio=0.20
[t=20,666s] step=560 | MISSION=NORMAL_C | USV: 8/10 (avail=0 int=8 lock=0 frz=0) | UAV: air=9 rtb=0 chg=0 loiter=0 | TRACKS: vis=2 lost=1 engaged=0 | TOP: black_usv1(x200,905) black_usv2(x207,044) black_usv4(x209,937) | KILL=16 | ACTIONS=17 | INTENT: focus=2 ratio=0.20
[t=21,134s] step=570 | MISSION=NORMAL_C | USV: 8/10 (avail=0 int=8 lock=0 frz=0) | UAV: air=9 rtb=0 chg=0 loiter=0 | TRACKS: vis=0 lost=3 engaged=0 | TOP: black_usv1(x199,569) black_usv2(x205,846) black_usv4(x208,803) | KILL=16 | ACTIONS=17 | INTENT: focus=2 ratio=0.20
[t=21,595s] step=580 | MISSION=NORMAL_C | USV: 8/10 (avail=0 int=8 lock=0 frz=0) | UAV: air=9 rtb=0 chg=0 loiter=0 | TRACKS: vis=3 lost=0 engaged=0 | TOP: black_usv1(x198,251) black_usv2(x204,665) black_usv4(x207,687) | KILL=16 | ACTIONS=17 | INTENT: focus=2 ratio=0.20
[t=22,056s] step=590 | MISSION=NORMAL_C | USV: 8/10 (avail=0 int=8 lock=0 frz=0) | UAV: air=9 rtb=0 chg=0 loiter=0 | TRACKS: vis=0 lost=3 engaged=0 | TOP: black_usv1(x196,933) black_usv2(x203,484) black_usv4(x206,570) | KILL=16 | ACTIONS=17 | INTENT: focus=2 ratio=0.20
      [UAV RTB] white_uav2(电量2684<2469+300)
[t=22,528s] step=600 | MISSION=NORMAL_C | USV: 8/10 (avail=0 int=8 lock=0 frz=0) | UAV: air=8 rtb=1 chg=0 loiter=0 | TRACKS: vis=0 lost=3 engaged=0 | TOP: black_usv1(x195,583) black_usv2(x202,275) black_usv4(x205,427) | KILL=16 | ACTIONS=17 | INTENT: focus=2 ratio=0.20
[t=23,000s] step=610 | MISSION=NORMAL_C | USV: 8/10 (avail=0 int=8 lock=0 frz=0) | UAV: air=8 rtb=1 chg=0 loiter=0 | TRACKS: vis=3 lost=0 engaged=0 | TOP: black_usv1(x194,234) black_usv2(x201,066) black_usv4(x204,284) | KILL=16 | ACTIONS=17 | INTENT: focus=2 ratio=0.20
      [UAV RTB] white_uav5(电量1879<1586+300)
[t=23,445s] step=620 | MISSION=NORMAL_C | USV: 8/10 (avail=0 int=8 lock=0 frz=0) | UAV: air=7 rtb=2 chg=0 loiter=0 | TRACKS: vis=0 lost=3 engaged=0 | TOP: black_usv1(x192,962) black_usv2(x199,926) black_usv4(x203,206) | KILL=16 | ACTIONS=17 | INTENT: focus=2 ratio=0.20
      [UAV RTB] white_uav6(电量1481<1182+300)
[t=23,754s] step=630 | MISSION=NORMAL_C | USV: 8/10 (avail=0 int=8 lock=0 frz=0) | UAV: air=6 rtb=3 chg=0 loiter=0 | TRACKS: vis=0 lost=3 engaged=0 | TOP: black_usv1(x192,078) black_usv2(x199,134) black_usv4(x202,458) | KILL=16 | ACTIONS=17 | INTENT: focus=2 ratio=0.20
      [UAV RTB] white_uav3(电量1204<934+300)
      [RELEASE] white_usv4->black_usv4(目标失效)
      [RELEASE] white_usv6->black_usv1(目标失效)
      [RELEASE] white_usv8->black_usv2(目标失效)
      [RELEASE] white_usv2->black_usv1(目标失效)
      [RELEASE] white_usv3->black_usv2(目标失效)
      [RELEASE] white_usv9->black_usv4(目标失效)
      [RELEASE] white_usv5->black_usv1(目标失效)
      [RELEASE] white_usv7->black_usv2(目标失效)
      [UAV RTB] white_uav8(电量1013<716+300)
[t=24,064s] step=640 | MISSION=GLOBAL_R | USV: 8/10 (avail=8 int=0 lock=0 frz=0) | UAV: air=4 rtb=5 chg=0 loiter=0 | TRACKS: vis=0 lost=0 engaged=0 | TOP:  | KILL=16 | ACTIONS=17 | INTENT: focus=2 ratio=0.20
      [UAV RTB] white_uav4(电量833<548+300)
      [UAV RTB] white_uav10(电量806<549+300)
      [UAV RTB] white_uav9(电量703<408+300)
      [UAV RTB] white_uav7(电量646<355+300)
[t=24,374s] step=650 | MISSION=GLOBAL_R | USV: 8/10 (avail=8 int=0 lock=0 frz=0) | UAV: air=0 rtb=9 chg=0 loiter=0 | TRACKS: vis=0 lost=0 engaged=0 | TOP:  | KILL=16 | ACTIONS=17 | INTENT: focus=2 ratio=0.20
      [UAV LAND] white_uav6->white_usv3
[t=24,686s] step=660 | MISSION=GLOBAL_R | USV: 8/10 (avail=8 int=0 lock=0 frz=0) | UAV: air=0 rtb=8 chg=1 loiter=0 | TRACKS: vis=0 lost=0 engaged=0 | TOP:  | KILL=16 | ACTIONS=17 | INTENT: focus=2 ratio=0.20
      [UAV RTB] white_uav6(电量301<13+300)
      [UAV LAND] white_uav6->white_usv3
      [UAV LAND] white_uav8->white_usv3
      [UAV RTB] white_uav6(电量270<3+300)
      [UAV LAND] white_uav6->white_usv3
      [UAV RTB] white_uav8(电量271<12+300)
      [UAV LAND] white_uav8->white_usv3
      [UAV RTB] white_uav6(电量238<3+300)
      [UAV LAND] white_uav6->white_usv3
      [UAV RTB] white_uav8(电量239<3+300)
      [UAV LAND] white_uav8->white_usv3
      [UAV LAND] white_uav7->white_usv3
      [UAV RTB] white_uav6(电量205<6+300)
      [UAV LAND] white_uav6->white_usv3
      [UAV RTB] white_uav8(电量206<5+300)
      [UAV LAND] white_uav8->white_usv3
      [UAV LAND] white_uav9->white_usv8
      [UAV RTB] white_uav7(电量209<12+300)
      [UAV LAND] white_uav7->white_usv3
      [UAV RTB] white_uav6(电量174<2+300)
      [UAV LAND] white_uav6->white_usv3
      [UAV RTB] white_uav8(电量175<12+300)
      [UAV LAND] white_uav8->white_usv3
      [UAV RTB] white_uav9(电量176<3+300)
      [UAV LAND] white_uav9->white_usv8
      [UAV RTB] white_uav7(电量178<3+300)
      [UAV LAND] white_uav7->white_usv3
      [UAV RTB] white_uav6(电量145<2+300)
      [UAV LAND] white_uav6->white_usv3
      [UAV RTB] white_uav8(电量146<4+300)
      [UAV LAND] white_uav8->white_usv3
      [UAV RTB] white_uav9(电量147<5+300)
      [UAV LAND] white_uav9->white_usv8
      [UAV RTB] white_uav7(电量149<2+300)
      [UAV LAND] white_uav7->white_usv3
      [UAV LAND] white_uav4->white_usv8
      [UAV RTB] white_uav6(电量112<5+300)
      [UAV LAND] white_uav6->white_usv3
      [UAV RTB] white_uav8(电量113<8+300)
      [UAV LAND] white_uav8->white_usv3
      [UAV RTB] white_uav9(电量114<4+300)
      [UAV LAND] white_uav9->white_usv8
      [UAV RTB] white_uav7(电量116<11+300)
      [UAV LAND] white_uav7->white_usv3
      [UAV RTB] white_uav4(电量119<8+300)
      [UAV LAND] white_uav4->white_usv8
      [UAV LAND] white_uav3->white_usv9
      [UAV RTB] white_uav6(电量78<4+300)
      [UAV LAND] white_uav6->white_usv3
      [UAV RTB] white_uav8(电量79<14+300)
      [UAV LAND] white_uav8->white_usv3
      [UAV RTB] white_uav9(电量80<5+300)
      [UAV LAND] white_uav9->white_usv8
      [UAV LAND] white_uav5->white_usv7
      [UAV RTB] white_uav7(电量82<2+300)
      [UAV LAND] white_uav7->white_usv3
      [UAV RTB] white_uav4(电量85<6+300)
      [UAV LAND] white_uav4->white_usv8
      [UAV LAND] white_uav10->white_usv3
      [UAV RTB] white_uav3(电量42<4+300)
      [UAV LAND] white_uav3->white_usv9
      [UAV RTB] white_uav6(电量43<4+300)
      [UAV LAND] white_uav6->white_usv3
      [UAV RTB] white_uav8(电量44<4+300)
      [UAV LAND] white_uav8->white_usv3
      [UAV RTB] white_uav9(电量45<10+300)
      [UAV LAND] white_uav9->white_usv8
      [UAV RTB] white_uav5(电量46<2+300)
      [UAV LAND] white_uav5->white_usv7
      [UAV RTB] white_uav7(电量47<3+300)
      [UAV LAND] white_uav7->white_usv3
      [UAV RTB] white_uav4(电量50<5+300)
      [UAV LAND] white_uav4->white_usv8
      [UAV RTB] white_uav10(电量51<20+300)
      [UAV RTB] white_uav3(电量9<9+300)
      [UAV LAND] white_uav3->white_usv9
      [UAV RTB] white_uav6(电量10<4+300)
      [UAV LAND] white_uav6->white_usv3
      [UAV RTB] white_uav8(电量11<8+300)
      [UAV LAND] white_uav8->white_usv3
      [UAV RTB] white_uav9(电量12<2+300)
      [UAV LAND] white_uav9->white_usv8
      [UAV RTB] white_uav5(电量13<9+300)
      [UAV LAND] white_uav5->white_usv7
      [UAV RTB] white_uav7(电量14<15+300)
      [UAV LAND] white_uav7->white_usv3
      [UAV RTB] white_uav4(电量17<17+300)
      [UAV LAND] white_uav4->white_usv8
      [UAV LAND] white_uav10->white_usv3
[t=25,006s] step=670 | MISSION=GLOBAL_R | USV: 8/10 (avail=8 int=0 lock=0 frz=0) | UAV: air=0 rtb=1 chg=8 loiter=0 | TRACKS: vis=0 lost=0 engaged=0 | TOP:  | KILL=16 | ACTIONS=17 | INTENT: focus=2 ratio=0.20
[t=25,225s] step=680 | MISSION=GLOBAL_R | USV: 8/10 (avail=8 int=0 lock=0 frz=0) | UAV: air=0 rtb=0 chg=0 loiter=0 | TRACKS: vis=0 lost=0 engaged=0 | TOP:  | KILL=16 | ACTIONS=8 | INTENT: focus=2 ratio=0.20
[t=25,447s] step=690 | MISSION=GLOBAL_R | USV: 8/10 (avail=8 int=0 lock=0 frz=0) | UAV: air=0 rtb=0 chg=0 loiter=0 | TRACKS: vis=0 lost=0 engaged=0 | TOP:  | KILL=16 | ACTIONS=8 | INTENT: focus=2 ratio=0.20
[t=25,683s] step=700 | MISSION=GLOBAL_R | USV: 8/10 (avail=8 int=0 lock=0 frz=0) | UAV: air=0 rtb=0 chg=0 loiter=0 | TRACKS: vis=0 lost=0 engaged=0 | TOP:  | KILL=16 | ACTIONS=8 | INTENT: focus=2 ratio=0.20
[t=25,907s] step=710 | MISSION=GLOBAL_R | USV: 8/10 (avail=8 int=0 lock=0 frz=0) | UAV: air=0 rtb=0 chg=0 loiter=0 | TRACKS: vis=0 lost=0 engaged=0 | TOP:  | KILL=16 | ACTIONS=8 | INTENT: focus=2 ratio=0.20
[t=26,134s] step=720 | MISSION=GLOBAL_R | USV: 8/10 (avail=8 int=0 lock=0 frz=0) | UAV: air=0 rtb=0 chg=0 loiter=0 | TRACKS: vis=0 lost=0 engaged=0 | TOP:  | KILL=16 | ACTIONS=8 | INTENT: focus=2 ratio=0.20
[t=26,358s] step=730 | MISSION=GLOBAL_R | USV: 8/10 (avail=8 int=0 lock=0 frz=0) | UAV: air=0 rtb=0 chg=0 loiter=0 | TRACKS: vis=0 lost=0 engaged=0 | TOP:  | KILL=16 | ACTIONS=8 | INTENT: focus=2 ratio=0.20
[t=26,595s] step=740 | MISSION=GLOBAL_R | USV: 8/10 (avail=8 int=0 lock=0 frz=0) | UAV: air=0 rtb=0 chg=0 loiter=0 | TRACKS: vis=0 lost=0 engaged=0 | TOP:  | KILL=16 | ACTIONS=8 | INTENT: focus=2 ratio=0.20
[t=26,822s] step=750 | MISSION=GLOBAL_R | USV: 8/10 (avail=8 int=0 lock=0 frz=0) | UAV: air=0 rtb=0 chg=0 loiter=0 | TRACKS: vis=0 lost=0 engaged=0 | TOP:  | KILL=16 | ACTIONS=8 | INTENT: focus=2 ratio=0.20
[t=27,037s] step=760 | MISSION=GLOBAL_R | USV: 8/10 (avail=8 int=0 lock=0 frz=0) | UAV: air=0 rtb=0 chg=0 loiter=0 | TRACKS: vis=0 lost=0 engaged=0 | TOP:  | KILL=16 | ACTIONS=8 | INTENT: focus=2 ratio=0.20
[t=27,262s] step=770 | MISSION=GLOBAL_R | USV: 8/10 (avail=8 int=0 lock=0 frz=0) | UAV: air=0 rtb=0 chg=0 loiter=0 | TRACKS: vis=0 lost=0 engaged=0 | TOP:  | KILL=16 | ACTIONS=8 | INTENT: focus=2 ratio=0.20
[t=27,490s] step=780 | MISSION=GLOBAL_R | USV: 8/10 (avail=8 int=0 lock=0 frz=0) | UAV: air=0 rtb=0 chg=0 loiter=0 | TRACKS: vis=0 lost=0 engaged=0 | TOP:  | KILL=16 | ACTIONS=8 | INTENT: focus=2 ratio=0.20
[t=27,714s] step=790 | MISSION=GLOBAL_R | USV: 8/10 (avail=8 int=0 lock=0 frz=0) | UAV: air=0 rtb=0 chg=0 loiter=0 | TRACKS: vis=0 lost=0 engaged=0 | TOP:  | KILL=16 | ACTIONS=8 | INTENT: focus=2 ratio=0.20
[t=27,942s] step=800 | MISSION=GLOBAL_R | USV: 8/10 (avail=8 int=0 lock=0 frz=0) | UAV: air=0 rtb=0 chg=0 loiter=0 | TRACKS: vis=0 lost=0 engaged=0 | TOP:  | KILL=16 | ACTIONS=8 | INTENT: focus=2 ratio=0.20
[t=28,183s] step=810 | MISSION=GLOBAL_R | USV: 8/10 (avail=8 int=0 lock=0 frz=0) | UAV: air=0 rtb=0 chg=0 loiter=0 | TRACKS: vis=0 lost=0 engaged=0 | TOP:  | KILL=16 | ACTIONS=8 | INTENT: focus=2 ratio=0.20
[t=28,403s] step=820 | MISSION=GLOBAL_R | USV: 8/10 (avail=8 int=0 lock=0 frz=0) | UAV: air=0 rtb=0 chg=0 loiter=0 | TRACKS: vis=0 lost=0 engaged=0 | TOP:  | KILL=16 | ACTIONS=8 | INTENT: focus=2 ratio=0.20
[t=28,619s] step=830 | MISSION=GLOBAL_R | USV: 8/10 (avail=8 int=0 lock=0 frz=0) | UAV: air=0 rtb=0 chg=0 loiter=0 | TRACKS: vis=0 lost=0 engaged=0 | TOP:  | KILL=16 | ACTIONS=8 | INTENT: focus=2 ratio=0.20
[t=28,849s] step=840 | MISSION=GLOBAL_R | USV: 8/10 (avail=8 int=0 lock=0 frz=0) | UAV: air=0 rtb=0 chg=0 loiter=0 | TRACKS: vis=0 lost=0 engaged=0 | TOP:  | KILL=16 | ACTIONS=8 | INTENT: focus=2 ratio=0.20
[t=29,087s] step=850 | MISSION=GLOBAL_R | USV: 8/10 (avail=8 int=0 lock=0 frz=0) | UAV: air=0 rtb=0 chg=0 loiter=0 | TRACKS: vis=0 lost=0 engaged=0 | TOP:  | KILL=16 | ACTIONS=8 | INTENT: focus=2 ratio=0.20
[t=29,327s] step=860 | MISSION=GLOBAL_R | USV: 8/10 (avail=8 int=0 lock=0 frz=0) | UAV: air=0 rtb=0 chg=0 loiter=0 | TRACKS: vis=0 lost=0 engaged=0 | TOP:  | KILL=16 | ACTIONS=8 | INTENT: focus=2 ratio=0.20
[t=29,562s] step=870 | MISSION=GLOBAL_R | USV: 8/10 (avail=8 int=0 lock=0 frz=0) | UAV: air=0 rtb=0 chg=0 loiter=0 | TRACKS: vis=0 lost=0 engaged=0 | TOP:  | KILL=16 | ACTIONS=8 | INTENT: focus=2 ratio=0.20
[t=29,802s] step=880 | MISSION=GLOBAL_R | USV: 8/10 (avail=8 int=0 lock=0 frz=0) | UAV: air=0 rtb=0 chg=0 loiter=0 | TRACKS: vis=0 lost=0 engaged=0 | TOP:  | KILL=16 | ACTIONS=8 | INTENT: focus=2 ratio=0.20
[t=30,044s] step=890 | MISSION=GLOBAL_R | USV: 8/10 (avail=8 int=0 lock=0 frz=0) | UAV: air=0 rtb=0 chg=0 loiter=0 | TRACKS: vis=0 lost=0 engaged=0 | TOP:  | KILL=16 | ACTIONS=8 | INTENT: focus=2 ratio=0.20
[t=30,279s] step=900 | MISSION=GLOBAL_R | USV: 8/10 (avail=8 int=0 lock=0 frz=0) | UAV: air=0 rtb=0 chg=0 loiter=0 | TRACKS: vis=0 lost=0 engaged=0 | TOP:  | KILL=16 | ACTIONS=8 | INTENT: focus=2 ratio=0.20
[t=30,508s] step=910 | MISSION=GLOBAL_R | USV: 8/10 (avail=8 int=0 lock=0 frz=0) | UAV: air=0 rtb=0 chg=0 loiter=0 | TRACKS: vis=0 lost=0 engaged=0 | TOP:  | KILL=16 | ACTIONS=8 | INTENT: focus=2 ratio=0.20
[t=30,735s] step=920 | MISSION=GLOBAL_R | USV: 8/10 (avail=8 int=0 lock=0 frz=0) | UAV: air=0 rtb=0 chg=0 loiter=0 | TRACKS: vis=0 lost=0 engaged=0 | TOP:  | KILL=16 | ACTIONS=8 | INTENT: focus=2 ratio=0.20
[t=30,977s] step=930 | MISSION=GLOBAL_R | USV: 8/10 (avail=8 int=0 lock=0 frz=0) | UAV: air=0 rtb=0 chg=0 loiter=0 | TRACKS: vis=0 lost=0 engaged=0 | TOP:  | KILL=16 | ACTIONS=8 | INTENT: focus=2 ratio=0.20
[t=31,213s] step=940 | MISSION=GLOBAL_R | USV: 8/10 (avail=8 int=0 lock=0 frz=0) | UAV: air=0 rtb=0 chg=0 loiter=0 | TRACKS: vis=0 lost=0 engaged=0 | TOP:  | KILL=16 | ACTIONS=8 | INTENT: focus=2 ratio=0.20
[t=31,450s] step=950 | MISSION=GLOBAL_R | USV: 8/10 (avail=8 int=0 lock=0 frz=0) | UAV: air=0 rtb=0 chg=0 loiter=0 | TRACKS: vis=0 lost=0 engaged=0 | TOP:  | KILL=16 | ACTIONS=8 | INTENT: focus=2 ratio=0.20
[t=31,684s] step=960 | MISSION=GLOBAL_R | USV: 8/10 (avail=8 int=0 lock=0 frz=0) | UAV: air=0 rtb=0 chg=0 loiter=0 | TRACKS: vis=0 lost=0 engaged=0 | TOP:  | KILL=16 | ACTIONS=8 | INTENT: focus=2 ratio=0.20
[t=31,911s] step=970 | MISSION=GLOBAL_R | USV: 8/10 (avail=8 int=0 lock=0 frz=0) | UAV: air=0 rtb=0 chg=0 loiter=0 | TRACKS: vis=0 lost=0 engaged=0 | TOP:  | KILL=16 | ACTIONS=8 | INTENT: focus=2 ratio=0.20
[t=32,131s] step=980 | MISSION=GLOBAL_R | USV: 8/10 (avail=8 int=0 lock=0 frz=0) | UAV: air=0 rtb=0 chg=0 loiter=0 | TRACKS: vis=0 lost=0 engaged=0 | TOP:  | KILL=16 | ACTIONS=8 | INTENT: focus=2 ratio=0.20
[t=32,363s] step=990 | MISSION=GLOBAL_R | USV: 8/10 (avail=8 int=0 lock=0 frz=0) | UAV: air=0 rtb=0 chg=0 loiter=0 | TRACKS: vis=0 lost=0 engaged=0 | TOP:  | KILL=16 | ACTIONS=8 | INTENT: focus=2 ratio=0.20
[t=32,607s] step=1000 | MISSION=GLOBAL_R | USV: 8/10 (avail=8 int=0 lock=0 frz=0) | UAV: air=0 rtb=0 chg=0 loiter=0 | TRACKS: vis=0 lost=0 engaged=0 | TOP:  | KILL=16 | ACTIONS=8 | INTENT: focus=2 ratio=0.20
[t=32,848s] step=1010 | MISSION=GLOBAL_R | USV: 8/10 (avail=8 int=0 lock=0 frz=0) | UAV: air=0 rtb=0 chg=0 loiter=0 | TRACKS: vis=0 lost=0 engaged=0 | TOP:  | KILL=16 | ACTIONS=8 | INTENT: focus=2 ratio=0.20
[t=33,092s] step=1020 | MISSION=GLOBAL_R | USV: 8/10 (avail=8 int=0 lock=0 frz=0) | UAV: air=0 rtb=0 chg=0 loiter=0 | TRACKS: vis=0 lost=0 engaged=0 | TOP:  | KILL=16 | ACTIONS=8 | INTENT: focus=2 ratio=0.20
[t=33,333s] step=1030 | MISSION=GLOBAL_R | USV: 8/10 (avail=8 int=0 lock=0 frz=0) | UAV: air=0 rtb=0 chg=0 loiter=0 | TRACKS: vis=0 lost=0 engaged=0 | TOP:  | KILL=16 | ACTIONS=8 | INTENT: focus=2 ratio=0.20
[t=33,577s] step=1040 | MISSION=GLOBAL_R | USV: 8/10 (avail=8 int=0 lock=0 frz=0) | UAV: air=0 rtb=0 chg=0 loiter=0 | TRACKS: vis=0 lost=0 engaged=0 | TOP:  | KILL=16 | ACTIONS=8 | INTENT: focus=2 ratio=0.20
[t=33,834s] step=1050 | MISSION=GLOBAL_R | USV: 8/10 (avail=8 int=0 lock=0 frz=0) | UAV: air=0 rtb=0 chg=0 loiter=0 | TRACKS: vis=0 lost=0 engaged=0 | TOP:  | KILL=16 | ACTIONS=8 | INTENT: focus=2 ratio=0.20
[t=34,076s] step=1060 | MISSION=GLOBAL_R | USV: 8/10 (avail=8 int=0 lock=0 frz=0) | UAV: air=0 rtb=0 chg=0 loiter=0 | TRACKS: vis=0 lost=0 engaged=0 | TOP:  | KILL=16 | ACTIONS=8 | INTENT: focus=2 ratio=0.20
[t=34,314s] step=1070 | MISSION=GLOBAL_R | USV: 8/10 (avail=8 int=0 lock=0 frz=0) | UAV: air=0 rtb=0 chg=0 loiter=0 | TRACKS: vis=0 lost=0 engaged=0 | TOP:  | KILL=16 | ACTIONS=8 | INTENT: focus=2 ratio=0.20
[t=34,546s] step=1080 | MISSION=GLOBAL_R | USV: 8/10 (avail=8 int=0 lock=0 frz=0) | UAV: air=0 rtb=0 chg=0 loiter=0 | TRACKS: vis=0 lost=0 engaged=0 | TOP:  | KILL=16 | ACTIONS=8 | INTENT: focus=2 ratio=0.20
[t=34,794s] step=1090 | MISSION=GLOBAL_R | USV: 8/10 (avail=8 int=0 lock=0 frz=0) | UAV: air=0 rtb=0 chg=0 loiter=0 | TRACKS: vis=0 lost=0 engaged=0 | TOP:  | KILL=16 | ACTIONS=8 | INTENT: focus=2 ratio=0.20
[t=35,053s] step=1100 | MISSION=GLOBAL_R | USV: 8/10 (avail=8 int=0 lock=0 frz=0) | UAV: air=0 rtb=0 chg=0 loiter=0 | TRACKS: vis=0 lost=0 engaged=0 | TOP:  | KILL=16 | ACTIONS=8 | INTENT: focus=2 ratio=0.20
[t=35,300s] step=1110 | MISSION=GLOBAL_R | USV: 8/10 (avail=8 int=0 lock=0 frz=0) | UAV: air=0 rtb=0 chg=0 loiter=0 | TRACKS: vis=0 lost=0 engaged=0 | TOP:  | KILL=16 | ACTIONS=8 | INTENT: focus=2 ratio=0.20
[t=35,540s] step=1120 | MISSION=GLOBAL_R | USV: 8/10 (avail=8 int=0 lock=0 frz=0) | UAV: air=0 rtb=0 chg=0 loiter=0 | TRACKS: vis=0 lost=0 engaged=0 | TOP:  | KILL=16 | ACTIONS=8 | INTENT: focus=2 ratio=0.20
[t=35,776s] step=1130 | MISSION=GLOBAL_R | USV: 8/10 (avail=8 int=0 lock=0 frz=0) | UAV: air=0 rtb=0 chg=0 loiter=0 | TRACKS: vis=0 lost=0 engaged=0 | TOP:  | KILL=16 | ACTIONS=8 | INTENT: focus=2 ratio=0.20
[t=36,032s] step=1140 | MISSION=GLOBAL_R | USV: 8/10 (avail=8 int=0 lock=0 frz=0) | UAV: air=0 rtb=0 chg=0 loiter=0 | TRACKS: vis=0 lost=0 engaged=0 | TOP:  | KILL=16 | ACTIONS=8 | INTENT: focus=2 ratio=0.20
[t=36,280s] step=1150 | MISSION=GLOBAL_R | USV: 8/10 (avail=8 int=0 lock=0 frz=0) | UAV: air=0 rtb=0 chg=0 loiter=0 | TRACKS: vis=0 lost=0 engaged=0 | TOP:  | KILL=16 | ACTIONS=8 | INTENT: focus=2 ratio=0.20
[t=36,529s] step=1160 | MISSION=GLOBAL_R | USV: 8/10 (avail=8 int=0 lock=0 frz=0) | UAV: air=0 rtb=0 chg=0 loiter=0 | TRACKS: vis=0 lost=0 engaged=0 | TOP:  | KILL=16 | ACTIONS=8 | INTENT: focus=2 ratio=0.20
[t=36,776s] step=1170 | MISSION=GLOBAL_R | USV: 8/10 (avail=8 int=0 lock=0 frz=0) | UAV: air=0 rtb=0 chg=0 loiter=0 | TRACKS: vis=0 lost=0 engaged=0 | TOP:  | KILL=16 | ACTIONS=8 | INTENT: focus=2 ratio=0.20
[t=37,021s] step=1180 | MISSION=GLOBAL_R | USV: 8/10 (avail=8 int=0 lock=0 frz=0) | UAV: air=0 rtb=0 chg=0 loiter=0 | TRACKS: vis=0 lost=0 engaged=0 | TOP:  | KILL=16 | ACTIONS=8 | INTENT: focus=2 ratio=0.20
[t=37,267s] step=1190 | MISSION=GLOBAL_R | USV: 8/10 (avail=8 int=0 lock=0 frz=0) | UAV: air=0 rtb=0 chg=0 loiter=0 | TRACKS: vis=0 lost=0 engaged=0 | TOP:  | KILL=16 | ACTIONS=8 | INTENT: focus=2 ratio=0.20
[t=37,508s] step=1200 | MISSION=GLOBAL_R | USV: 8/10 (avail=8 int=0 lock=0 frz=0) | UAV: air=0 rtb=0 chg=0 loiter=0 | TRACKS: vis=0 lost=0 engaged=0 | TOP:  | KILL=16 | ACTIONS=8 | INTENT: focus=2 ratio=0.20
[t=37,749s] step=1210 | MISSION=GLOBAL_R | USV: 8/10 (avail=8 int=0 lock=0 frz=0) | UAV: air=0 rtb=0 chg=0 loiter=0 | TRACKS: vis=0 lost=0 engaged=0 | TOP:  | KILL=16 | ACTIONS=8 | INTENT: focus=2 ratio=0.20
[t=37,979s] step=1220 | MISSION=GLOBAL_R | USV: 8/10 (avail=8 int=0 lock=0 frz=0) | UAV: air=0 rtb=0 chg=0 loiter=0 | TRACKS: vis=0 lost=0 engaged=0 | TOP:  | KILL=16 | ACTIONS=8 | INTENT: focus=2 ratio=0.20
[t=38,225s] step=1230 | MISSION=GLOBAL_R | USV: 8/10 (avail=8 int=0 lock=0 frz=0) | UAV: air=0 rtb=0 chg=0 loiter=0 | TRACKS: vis=0 lost=0 engaged=0 | TOP:  | KILL=16 | ACTIONS=8 | INTENT: focus=2 ratio=0.20
[t=38,466s] step=1240 | MISSION=GLOBAL_R | USV: 8/10 (avail=8 int=0 lock=0 frz=0) | UAV: air=0 rtb=0 chg=0 loiter=0 | TRACKS: vis=0 lost=0 engaged=0 | TOP:  | KILL=16 | ACTIONS=8 | INTENT: focus=2 ratio=0.20
[t=38,708s] step=1250 | MISSION=GLOBAL_R | USV: 8/10 (avail=8 int=0 lock=0 frz=0) | UAV: air=0 rtb=0 chg=0 loiter=0 | TRACKS: vis=0 lost=0 engaged=0 | TOP:  | KILL=16 | ACTIONS=8 | INTENT: focus=2 ratio=0.20
[t=38,943s] step=1260 | MISSION=GLOBAL_R | USV: 8/10 (avail=8 int=0 lock=0 frz=0) | UAV: air=0 rtb=0 chg=0 loiter=0 | TRACKS: vis=0 lost=0 engaged=0 | TOP:  | KILL=16 | ACTIONS=8 | INTENT: focus=2 ratio=0.20
[t=39,187s] step=1270 | MISSION=GLOBAL_R | USV: 8/10 (avail=8 int=0 lock=0 frz=0) | UAV: air=0 rtb=0 chg=0 loiter=0 | TRACKS: vis=0 lost=0 engaged=0 | TOP:  | KILL=18 | ACTIONS=8 | INTENT: focus=2 ratio=0.20
[t=39,441s] step=1280 | MISSION=GLOBAL_R | USV: 8/10 (avail=8 int=0 lock=0 frz=0) | UAV: air=0 rtb=0 chg=0 loiter=0 | TRACKS: vis=0 lost=0 engaged=0 | TOP:  | KILL=18 | ACTIONS=8 | INTENT: focus=2 ratio=0.20
[t=39,688s] step=1290 | MISSION=GLOBAL_R | USV: 8/10 (avail=8 int=0 lock=0 frz=0) | UAV: air=0 rtb=0 chg=0 loiter=0 | TRACKS: vis=0 lost=0 engaged=0 | TOP:  | KILL=19 | ACTIONS=8 | INTENT: focus=2 ratio=0.20
[t=39,926s] step=1300 | MISSION=GLOBAL_R | USV: 8/10 (avail=8 int=0 lock=0 frz=0) | UAV: air=0 rtb=0 chg=0 loiter=0 | TRACKS: vis=0 lost=0 engaged=0 | TOP:  | KILL=19 | ACTIONS=8 | INTENT: focus=2 ratio=0.20
[t=40,164s] step=1310 | MISSION=GLOBAL_R | USV: 8/10 (avail=8 int=0 lock=0 frz=0) | UAV: air=0 rtb=0 chg=0 loiter=0 | TRACKS: vis=0 lost=0 engaged=0 | TOP:  | KILL=19 | ACTIONS=8 | INTENT: focus=2 ratio=0.20

========================================================================
对局结果: Result.Victory — 敌方所有单位被击毁
  击杀蓝舰: 20 | 命中: 32 | 我方USV损失: 2 | UAV损失: 10 | 突破: 1
[META] result=Result.Victory victory_time=40316 first_detection=1869 first_lock=7382 first_kill=8328 enemy_kills=20 friendly_usv_losses=2 friendly_uav_losses=10 black_breakthrough=1 reacquire_attempts=112 reacquire_success=108 sensor_assisted_locks=42 low_conf_commitments=0 global_reacquire_entries=4 global_reacquire_success=3 coverage_collapse_events=1 active_clusters_max=1 coverage_quality_final=0.09 commander_source=default_intent commander_calls=0 commander_changes=0 commander_no_change=0 commander_parse_failures=0 commander_api_failures=0 commander_policy_failures=0 commander_avg_latency=0.0
Done
