========================================================================
HYBRID AGENT V5 — Variable-Cardinality Hierarchical Maritime Agent
  启用UAV: True | LLM_ENABLED: False
========================================================================
对局 8 开始
      [UAV RELAUNCH] white_uav3
      [UAV RELAUNCH] white_uav6
      [UAV RELAUNCH] white_uav9
      [UAV RELAUNCH] white_uav8
      [UAV RELAUNCH] white_uav10
      [UAV RELAUNCH] white_uav2
      [UAV RELAUNCH] white_uav4
      [UAV RELAUNCH] white_uav5
      [UAV RELAUNCH] white_uav7
      [UAV RELAUNCH] white_uav1
[t=225s] step=10 | MISSION=NORMAL_C | USV: 10/10 (avail=10 int=0 lock=0 frz=0) | UAV: air=10 rtb=0 chg=0 loiter=0 | TRACKS: vis=0 lost=0 engaged=0 | TOP:  | KILL=0 | ACTIONS=20 | INTENT: focus=2 ratio=0.20
  [INTENT APPLIED]
    ThreatAllocator: focus 2 emergency 3 reserve_ratio 0.20 reserve_usvs None bias breakthrough_eta
    UAVManager: mode search_and_reacquire uav_priority []
[t=468s] step=20 | MISSION=NORMAL_C | USV: 10/10 (avail=10 int=0 lock=0 frz=0) | UAV: air=10 rtb=0 chg=0 loiter=0 | TRACKS: vis=0 lost=0 engaged=0 | TOP:  | KILL=0 | ACTIONS=20 | INTENT: focus=2 ratio=0.20
[t=713s] step=30 | MISSION=NORMAL_C | USV: 10/10 (avail=10 int=0 lock=0 frz=0) | UAV: air=10 rtb=0 chg=0 loiter=0 | TRACKS: vis=0 lost=0 engaged=0 | TOP:  | KILL=0 | ACTIONS=20 | INTENT: focus=2 ratio=0.20
[t=972s] step=40 | MISSION=NORMAL_C | USV: 10/10 (avail=10 int=0 lock=0 frz=0) | UAV: air=10 rtb=0 chg=0 loiter=0 | TRACKS: vis=0 lost=0 engaged=0 | TOP:  | KILL=0 | ACTIONS=20 | INTENT: focus=2 ratio=0.20
[t=1,231s] step=50 | MISSION=NORMAL_C | USV: 10/10 (avail=10 int=0 lock=0 frz=0) | UAV: air=10 rtb=0 chg=0 loiter=0 | TRACKS: vis=0 lost=0 engaged=0 | TOP:  | KILL=0 | ACTIONS=20 | INTENT: focus=2 ratio=0.20
[t=1,480s] step=60 | MISSION=NORMAL_C | USV: 10/10 (avail=10 int=0 lock=0 frz=0) | UAV: air=10 rtb=0 chg=0 loiter=0 | TRACKS: vis=0 lost=0 engaged=0 | TOP:  | KILL=0 | ACTIONS=20 | INTENT: focus=2 ratio=0.20
[t=1,715s] step=70 | MISSION=NORMAL_C | USV: 10/10 (avail=10 int=0 lock=0 frz=0) | UAV: air=10 rtb=0 chg=0 loiter=0 | TRACKS: vis=0 lost=0 engaged=0 | TOP:  | KILL=0 | ACTIONS=20 | INTENT: focus=2 ratio=0.20
      [DETECT] black_usv8
      [ASSIGN] white_usv4->black_usv8
      [ASSIGN] white_usv3->black_usv8
      [ASSIGN] white_usv5->black_usv8
      [DETECT] black_usv15
      [DETECT] black_usv12
      [DETECT] black_usv14
      [DETECT] black_usv7
      [DETECT] black_usv11
      [DETECT] black_usv10
      [DETECT] black_usv13
      [DETECT] black_usv9
      [ASSIGN] white_usv1->black_usv9
      [ASSIGN] white_usv7->black_usv13
      [ASSIGN] white_usv10->black_usv14
      [ASSIGN] white_usv2->black_usv10
      [ASSIGN] white_usv6->black_usv11
      [ASSIGN] white_usv8->black_usv12
      [DETECT] black_usv4
      [DETECT] black_usv17
      [DETECT] black_usv6
      [DETECT] black_usv16
      [ASSIGN] white_usv9->black_usv7
      [DETECT] black_usv3
      [DETECT] black_usv18
      [DETECT] black_usv5
      [DETECT] black_usv20
      [DETECT] black_usv19
      [DETECT] black_usv2
      [DETECT] black_usv1
[t=1,961s] step=80 | MISSION=NORMAL_C | USV: 10/10 (avail=0 int=10 lock=0 frz=0) | UAV: air=10 rtb=0 chg=0 loiter=0 | TRACKS: vis=20 lost=0 engaged=0 | TOP: black_usv17(x241,383) black_usv15(x241,557) black_usv4(x242,279) | KILL=0 | ACTIONS=20 | INTENT: focus=2 ratio=0.20
[t=2,213s] step=90 | MISSION=NORMAL_C | USV: 10/10 (avail=0 int=10 lock=0 frz=0) | UAV: air=10 rtb=0 chg=0 loiter=0 | TRACKS: vis=20 lost=0 engaged=0 | TOP: black_usv17(x238,912) black_usv15(x239,203) black_usv4(x240,027) | KILL=0 | ACTIONS=20 | INTENT: focus=2 ratio=0.20
[t=2,450s] step=100 | MISSION=NORMAL_C | USV: 10/10 (avail=0 int=10 lock=0 frz=0) | UAV: air=10 rtb=0 chg=0 loiter=0 | TRACKS: vis=20 lost=0 engaged=0 | TOP: black_usv15(x236,996) black_usv6(x238,183) black_usv18(x238,290) | KILL=0 | ACTIONS=20 | INTENT: focus=2 ratio=0.20
[t=2,705s] step=110 | MISSION=NORMAL_C | USV: 10/10 (avail=0 int=10 lock=0 frz=0) | UAV: air=10 rtb=0 chg=0 loiter=0 | TRACKS: vis=19 lost=1 engaged=0 | TOP: black_usv15(x234,617) black_usv6(x235,939) black_usv18(x236,058) | KILL=0 | ACTIONS=20 | INTENT: focus=2 ratio=0.20
[t=2,963s] step=120 | MISSION=NORMAL_C | USV: 10/10 (avail=0 int=10 lock=0 frz=0) | UAV: air=10 rtb=0 chg=0 loiter=0 | TRACKS: vis=19 lost=0 engaged=0 | TOP: black_usv15(x232,211) black_usv6(x233,668) black_usv18(x233,800) | KILL=0 | ACTIONS=20 | INTENT: focus=2 ratio=0.20
[t=3,213s] step=130 | MISSION=NORMAL_C | USV: 10/10 (avail=0 int=10 lock=0 frz=0) | UAV: air=10 rtb=0 chg=0 loiter=0 | TRACKS: vis=19 lost=0 engaged=0 | TOP: black_usv15(x229,871) black_usv6(x231,460) black_usv18(x231,605) | KILL=0 | ACTIONS=20 | INTENT: focus=2 ratio=0.20
[t=3,468s] step=140 | MISSION=NORMAL_C | USV: 10/10 (avail=0 int=10 lock=0 frz=0) | UAV: air=10 rtb=0 chg=0 loiter=0 | TRACKS: vis=19 lost=0 engaged=0 | TOP: black_usv15(x227,501) black_usv6(x229,224) black_usv18(x229,380) | KILL=0 | ACTIONS=20 | INTENT: focus=2 ratio=0.20
[t=3,714s] step=150 | MISSION=NORMAL_C | USV: 10/10 (avail=0 int=10 lock=0 frz=0) | UAV: air=10 rtb=0 chg=0 loiter=0 | TRACKS: vis=19 lost=0 engaged=0 | TOP: black_usv15(x225,206) black_usv6(x227,059) black_usv18(x227,227) | KILL=0 | ACTIONS=20 | INTENT: focus=2 ratio=0.20
[t=3,960s] step=160 | MISSION=NORMAL_C | USV: 10/10 (avail=0 int=10 lock=0 frz=0) | UAV: air=10 rtb=0 chg=0 loiter=0 | TRACKS: vis=18 lost=1 engaged=0 | TOP: black_usv15(x222,912) black_usv6(x224,895) black_usv18(x225,073) | KILL=0 | ACTIONS=20 | INTENT: focus=2 ratio=0.20
[t=4,247s] step=170 | MISSION=NORMAL_C | USV: 10/10 (avail=0 int=10 lock=0 frz=0) | UAV: air=10 rtb=0 chg=0 loiter=0 | TRACKS: vis=18 lost=0 engaged=0 | TOP: black_usv15(x220,235) black_usv6(x222,369) black_usv18(x222,562) | KILL=0 | ACTIONS=20 | INTENT: focus=2 ratio=0.20
[t=4,521s] step=180 | MISSION=NORMAL_C | USV: 10/10 (avail=0 int=10 lock=0 frz=0) | UAV: air=10 rtb=0 chg=0 loiter=0 | TRACKS: vis=18 lost=0 engaged=0 | TOP: black_usv6(x219,958) black_usv18(x220,163) black_usv3(x222,680) | KILL=0 | ACTIONS=20 | INTENT: focus=2 ratio=0.20
[t=4,793s] step=190 | MISSION=NORMAL_C | USV: 10/10 (avail=0 int=10 lock=0 frz=0) | UAV: air=10 rtb=0 chg=0 loiter=0 | TRACKS: vis=18 lost=0 engaged=0 | TOP: black_usv6(x217,564) black_usv18(x217,783) black_usv3(x220,457) | KILL=0 | ACTIONS=20 | INTENT: focus=2 ratio=0.20
[t=5,040s] step=200 | MISSION=NORMAL_C | USV: 10/10 (avail=0 int=10 lock=0 frz=0) | UAV: air=10 rtb=0 chg=0 loiter=0 | TRACKS: vis=18 lost=0 engaged=0 | TOP: black_usv6(x215,391) black_usv18(x215,621) black_usv3(x218,439) | KILL=0 | ACTIONS=20 | INTENT: focus=2 ratio=0.20
[t=5,328s] step=210 | MISSION=NORMAL_C | USV: 10/10 (avail=0 int=10 lock=0 frz=0) | UAV: air=10 rtb=0 chg=0 loiter=0 | TRACKS: vis=18 lost=0 engaged=0 | TOP: black_usv6(x212,856) black_usv18(x213,100) black_usv3(x216,086) | KILL=0 | ACTIONS=20 | INTENT: focus=2 ratio=0.20
[t=5,610s] step=220 | MISSION=NORMAL_C | USV: 10/10 (avail=0 int=10 lock=0 frz=0) | UAV: air=10 rtb=0 chg=0 loiter=0 | TRACKS: vis=16 lost=2 engaged=0 | TOP: black_usv6(x210,375) black_usv18(x210,632) black_usv3(x213,782) | KILL=0 | ACTIONS=20 | INTENT: focus=2 ratio=0.20
[t=5,893s] step=230 | MISSION=NORMAL_C | USV: 10/10 (avail=0 int=10 lock=0 frz=0) | UAV: air=10 rtb=0 chg=0 loiter=0 | TRACKS: vis=15 lost=3 engaged=0 | TOP: black_usv18(x208,155) black_usv3(x211,470) black_usv19(x212,457) | KILL=0 | ACTIONS=20 | INTENT: focus=2 ratio=0.20
[t=6,177s] step=240 | MISSION=NORMAL_C | USV: 10/10 (avail=0 int=10 lock=0 frz=0) | UAV: air=10 rtb=0 chg=0 loiter=0 | TRACKS: vis=15 lost=1 engaged=0 | TOP: black_usv18(x205,669) black_usv3(x209,149) black_usv6(x205,014) | KILL=0 | ACTIONS=20 | INTENT: focus=2 ratio=0.20
[t=6,455s] step=250 | MISSION=NORMAL_C | USV: 10/10 (avail=0 int=10 lock=0 frz=0) | UAV: air=10 rtb=0 chg=0 loiter=0 | TRACKS: vis=15 lost=1 engaged=0 | TOP: black_usv18(x203,236) black_usv3(x206,878) black_usv11(x195,446) | KILL=0 | ACTIONS=20 | INTENT: focus=2 ratio=0.20
[t=6,733s] step=260 | MISSION=NORMAL_C | USV: 10/10 (avail=0 int=10 lock=0 frz=0) | UAV: air=10 rtb=0 chg=0 loiter=0 | TRACKS: vis=15 lost=1 engaged=0 | TOP: black_usv18(x200,803) black_usv3(x204,607) black_usv11(x192,667) | KILL=0 | ACTIONS=20 | INTENT: focus=2 ratio=0.20
[t=6,996s] step=270 | MISSION=NORMAL_C | USV: 10/10 (avail=0 int=10 lock=0 frz=0) | UAV: air=10 rtb=0 chg=0 loiter=0 | TRACKS: vis=15 lost=0 engaged=0 | TOP: black_usv18(x198,285) black_usv11(x190,037) black_usv13(x190,060) | KILL=0 | ACTIONS=20 | INTENT: focus=2 ratio=0.20
[t=7,268s] step=280 | MISSION=NORMAL_C | USV: 10/10 (avail=0 int=10 lock=0 frz=0) | UAV: air=10 rtb=0 chg=0 loiter=0 | TRACKS: vis=15 lost=0 engaged=0 | TOP: black_usv18(x195,566) black_usv13(x187,340) black_usv12(x187,670) | KILL=0 | ACTIONS=20 | INTENT: focus=2 ratio=0.20
      [ASSIGN] white_usv8->black_usv13(机会锁定)
      [ASSIGN] white_usv3->black_usv10(机会锁定)
      [ASSIGN] white_usv5->black_usv10(机会锁定)
      [ASSIGN] white_usv1->black_usv8(机会锁定)
      [ASSIGN] white_usv9->black_usv8(机会锁定)
[t=7,577s] step=290 | MISSION=NORMAL_C | USV: 10/10 (avail=0 int=0 lock=10 frz=0) | UAV: air=10 rtb=0 chg=0 loiter=0 | TRACKS: vis=15 lost=0 engaged=5 | TOP: black_usv12(x184,573) black_usv7(x188,014) black_usv18(x192,485) | KILL=0 | ACTIONS=20 | INTENT: focus=2 ratio=0.20
      [ASSIGN] white_usv4->black_usv9(机会锁定)
      [ASSIGN] white_usv7->black_usv12(机会锁定)
      [ASSIGN] white_usv6->black_usv12(机会锁定)
      [ASSIGN] white_usv8->black_usv12(机会锁定)
      [ASSIGN] white_usv10->black_usv13(机会锁定)
      [ASSIGN] white_usv2->black_usv11(机会锁定)
      [ASSIGN] white_usv3->black_usv11(机会锁定)
      [ASSIGN] white_usv5->black_usv11(机会锁定)
      [ASSIGN] white_usv1->black_usv10(机会锁定)
      [ASSIGN] white_usv10->black_usv14(机会锁定)
      [ASSIGN] white_usv9->black_usv10(机会锁定)
      [ASSIGN] white_usv1->black_usv8(机会锁定)
      [ASSIGN] white_usv2->black_usv8(机会锁定)
      [ASSIGN] white_usv9->black_usv8(机会锁定)
      [ASSIGN] white_usv1->black_usv10(机会锁定)
      [ASSIGN] white_usv2->black_usv10(机会锁定)
      [ASSIGN] white_usv9->black_usv10(机会锁定)
      [ASSIGN] white_usv1->black_usv8(机会锁定)
      [ASSIGN] white_usv2->black_usv8(机会锁定)
      [ASSIGN] white_usv9->black_usv8(机会锁定)
      [ASSIGN] white_usv1->black_usv10(机会锁定)
      [ASSIGN] white_usv2->black_usv10(机会锁定)
      [ASSIGN] white_usv9->black_usv10(机会锁定)
[t=7,896s] step=300 | MISSION=NORMAL_C | USV: 10/10 (avail=0 int=3 lock=7 frz=0) | UAV: air=10 rtb=0 chg=0 loiter=0 | TRACKS: vis=15 lost=0 engaged=4 | TOP: black_usv10(x183,947) black_usv7(x184,832) black_usv18(x189,303) | KILL=3 | ACTIONS=20 | INTENT: focus=2 ratio=0.20
      [ASSIGN] white_usv1->black_usv8(机会锁定)
      [ASSIGN] white_usv2->black_usv8(机会锁定)
      [ASSIGN] white_usv9->black_usv8(机会锁定)
      [ASSIGN] white_usv1->black_usv10(机会锁定)
      [ASSIGN] white_usv2->black_usv10(机会锁定)
      [ASSIGN] white_usv9->black_usv10(机会锁定)
      [ASSIGN] white_usv1->black_usv8(机会锁定)
      [ASSIGN] white_usv4->black_usv8(机会锁定)
      [ASSIGN] white_usv2->black_usv8(机会锁定)
      [ASSIGN] white_usv9->black_usv8(机会锁定)
      [ASSIGN] white_usv1->black_usv9(机会锁定)
      [ASSIGN] white_usv4->black_usv9(机会锁定)
      [ASSIGN] white_usv7->black_usv13(机会锁定)
      [ASSIGN] white_usv2->black_usv9(机会锁定)
      [ASSIGN] white_usv6->black_usv9(机会锁定)
      [ASSIGN] white_usv8->black_usv13(机会锁定)
      [ASSIGN] white_usv9->black_usv9(机会锁定)
      [ASSIGN] white_usv7->black_usv12(机会锁定)
      [ASSIGN] white_usv3->black_usv8(机会锁定)
      [ASSIGN] white_usv5->black_usv8(机会锁定)
      [ASSIGN] white_usv8->black_usv12(机会锁定)
      [ASSIGN] white_usv7->black_usv13(机会锁定)
      [ASSIGN] white_usv10->black_usv17(机会锁定)
      [ASSIGN] white_usv3->black_usv10(机会锁定)
      [ASSIGN] white_usv5->black_usv10(机会锁定)
      [ASSIGN] white_usv8->black_usv13(机会锁定)
      [ASSIGN] white_usv7->black_usv12(机会锁定)
      [ASSIGN] white_usv3->black_usv8(机会锁定)
      [ASSIGN] white_usv5->black_usv8(机会锁定)
      [ASSIGN] white_usv8->black_usv12(机会锁定)
      [ASSIGN] white_usv7->black_usv13(机会锁定)
      [ASSIGN] white_usv3->black_usv10(机会锁定)
      [ASSIGN] white_usv5->black_usv10(机会锁定)
      [ASSIGN] white_usv8->black_usv13(机会锁定)
      [ASSIGN] white_usv7->black_usv12(机会锁定)
      [ASSIGN] white_usv3->black_usv8(机会锁定)
      [ASSIGN] white_usv5->black_usv8(机会锁定)
      [ASSIGN] white_usv8->black_usv12(机会锁定)
      [ASSIGN] white_usv7->black_usv13(机会锁定)
      [ASSIGN] white_usv3->black_usv10(机会锁定)
      [ASSIGN] white_usv5->black_usv10(机会锁定)
[t=8,200s] step=310 | MISSION=NORMAL_C | USV: 9/10 (avail=0 int=4 lock=5 frz=0) | UAV: air=10 rtb=0 chg=0 loiter=0 | TRACKS: vis=15 lost=0 engaged=2 | TOP: black_usv7(x181,789) black_usv10(x183,947) black_usv18(x186,260) | KILL=6 | ACTIONS=19 | INTENT: focus=2 ratio=0.20
      [ASSIGN] white_usv7->black_usv11(机会锁定)
      [ASSIGN] white_usv3->black_usv8(机会锁定)
      [ASSIGN] white_usv5->black_usv8(机会锁定)
      [ASSIGN] white_usv7->black_usv13(机会锁定)
      [KILL] black_usv8
      [ASSIGN] white_usv7->black_usv11(机会锁定)
      [KILL] black_usv13
      [ASSIGN] white_usv7->black_usv14(机会锁定)
      [KILL] black_usv10
      [ASSIGN] white_usv7->black_usv11(机会锁定)
      [ASSIGN] white_usv6->black_usv11(机会锁定)
      [ASSIGN] white_usv7->black_usv14(机会锁定)
      [ASSIGN] white_usv6->black_usv12(机会锁定)
      [ASSIGN] white_usv7->black_usv11(机会锁定)
      [ASSIGN] white_usv10->black_usv15(机会锁定)
      [ASSIGN] white_usv6->black_usv11(机会锁定)
      [ASSIGN] white_usv7->black_usv14(机会锁定)
      [ASSIGN] white_usv6->black_usv12(机会锁定)
      [ASSIGN] white_usv7->black_usv11(机会锁定)
      [ASSIGN] white_usv6->black_usv11(机会锁定)
      [ASSIGN] white_usv7->black_usv14(机会锁定)
      [ASSIGN] white_usv6->black_usv12(机会锁定)
[t=8,505s] step=320 | MISSION=NORMAL_C | USV: 5/10 (avail=0 int=4 lock=1 frz=0) | UAV: air=10 rtb=0 chg=0 loiter=0 | TRACKS: vis=12 lost=0 engaged=1 | TOP: black_usv7(x179,125) black_usv14(x183,566) black_usv17(x179,159) | KILL=7 | ACTIONS=15 | INTENT: focus=2 ratio=0.20
      [ASSIGN] white_usv7->black_usv11(机会锁定)
      [ASSIGN] white_usv6->black_usv9(机会锁定)
      [ASSIGN] white_usv8->black_usv11(机会锁定)
      [ASSIGN] white_usv7->black_usv12(机会锁定)
      [ASSIGN] white_usv6->black_usv12(机会锁定)
      [ASSIGN] white_usv8->black_usv12(机会锁定)
      [ASSIGN] white_usv7->black_usv11(机会锁定)
      [ASSIGN] white_usv6->black_usv9(机会锁定)
      [ASSIGN] white_usv8->black_usv11(机会锁定)
      [KILL] black_usv12
      [ASSIGN] white_usv7->black_usv14(机会锁定)
      [KILL] black_usv11
      [ASSIGN] white_usv7->black_usv16(机会锁定)
      [RELEASE] white_usv8->black_usv11(目标失效)
      [ASSIGN] white_usv8->black_usv14(机会锁定)
      [KILL] black_usv14
      [RELEASE] white_usv8->black_usv14(目标失效)
      [ASSIGN] white_usv8->black_usv15(机会锁定)
      [ASSIGN] white_usv10->black_usv17(机会锁定)
      [ASSIGN] white_usv4->black_usv7(机会锁定)
[t=8,829s] step=330 | MISSION=NORMAL_C | USV: 5/10 (avail=0 int=2 lock=3 frz=0) | UAV: air=10 rtb=0 chg=0 loiter=0 | TRACKS: vis=9 lost=0 engaged=3 | TOP: black_usv7(x176,325) black_usv4(x178,894) black_usv5(x180,275) | KILL=7 | ACTIONS=15 | INTENT: focus=2 ratio=0.20
      [KILL] black_usv9
      [RELEASE] white_usv6->black_usv9(目标失效)
      [ASSIGN] white_usv7->black_usv17(机会锁定)
      [ASSIGN] white_usv6->black_usv4
      [ASSIGN] white_usv8->black_usv16(机会锁定)
      [ASSIGN] white_usv7->black_usv15(机会锁定)
      [ASSIGN] white_usv10->black_usv15(机会锁定)
      [ASSIGN] white_usv6->black_usv7(机会锁定)
[t=9,142s] step=340 | MISSION=NORMAL_C | USV: 5/10 (avail=0 int=1 lock=4 frz=0) | UAV: air=10 rtb=0 chg=0 loiter=0 | TRACKS: vis=8 lost=0 engaged=3 | TOP: black_usv4(x175,841) black_usv5(x177,177) black_usv6(x178,492) | KILL=8 | ACTIONS=15 | INTENT: focus=2 ratio=0.20
      [DETECT] black_usv3
      [ASSIGN] white_usv8->black_usv17(机会锁定)
      [ASSIGN] white_usv7->black_usv16(机会锁定)
      [ASSIGN] white_usv10->black_usv16(机会锁定)
      [ASSIGN] white_usv8->black_usv16(机会锁定)
      [ASSIGN] white_usv7->black_usv15(机会锁定)
      [ASSIGN] white_usv10->black_usv15(机会锁定)
      [ASSIGN] white_usv8->black_usv15(机会锁定)
      [ASSIGN] white_usv7->black_usv17(机会锁定)
      [ASSIGN] white_usv10->black_usv16(机会锁定)
      [ASSIGN] white_usv8->black_usv17(机会锁定)
[t=9,470s] step=350 | MISSION=NORMAL_C | USV: 5/10 (avail=0 int=5 lock=0 frz=0) | UAV: air=10 rtb=0 chg=0 loiter=0 | TRACKS: vis=9 lost=0 engaged=0 | TOP: black_usv3(x181,320) black_usv4(x172,569) black_usv5(x174,165) | KILL=11 | ACTIONS=15 | INTENT: focus=2 ratio=0.20
      [ASSIGN] white_usv7->black_usv15(机会锁定)
      [ASSIGN] white_usv10->black_usv15(机会锁定)
      [ASSIGN] white_usv8->black_usv15(机会锁定)
      [ASSIGN] white_usv7->black_usv17(机会锁定)
      [ASSIGN] white_usv10->black_usv16(机会锁定)
      [ASSIGN] white_usv8->black_usv17(机会锁定)
      [ASSIGN] white_usv7->black_usv15(机会锁定)
      [ASSIGN] white_usv10->black_usv15(机会锁定)
      [ASSIGN] white_usv8->black_usv15(机会锁定)
      [ASSIGN] white_usv7->black_usv17(机会锁定)
      [ASSIGN] white_usv10->black_usv16(机会锁定)
      [ASSIGN] white_usv8->black_usv17(机会锁定)
      [ASSIGN] white_usv7->black_usv15(机会锁定)
      [ASSIGN] white_usv10->black_usv15(机会锁定)
      [ASSIGN] white_usv8->black_usv15(机会锁定)
      [KILL] black_usv17
      [ASSIGN] white_usv7->black_usv16(机会锁定)
      [ASSIGN] white_usv10->black_usv16(机会锁定)
      [ASSIGN] white_usv7->black_usv15(机会锁定)
      [ASSIGN] white_usv10->black_usv15(机会锁定)
      [DETECT] black_usv20
      [DETECT] black_usv19
      [KILL] black_usv7
      [RELEASE] white_usv4->black_usv7(目标失效)
      [ASSIGN] white_usv7->black_usv16(机会锁定)
      [ASSIGN] white_usv10->black_usv16(机会锁定)
      [RELEASE] white_usv6->black_usv7(目标失效)
      [ASSIGN] white_usv4->black_usv20
      [ASSIGN] white_usv7->black_usv15(机会锁定)
      [ASSIGN] white_usv10->black_usv15(机会锁定)
      [ASSIGN] white_usv6->black_usv19
      [ASSIGN] white_usv7->black_usv16(机会锁定)
      [ASSIGN] white_usv10->black_usv16(机会锁定)
      [ASSIGN] white_usv8->black_usv16(机会锁定)
[t=9,822s] step=360 | MISSION=NORMAL_C | USV: 5/10 (avail=0 int=5 lock=0 frz=0) | UAV: air=10 rtb=0 chg=0 loiter=0 | TRACKS: vis=9 lost=0 engaged=0 | TOP: black_usv3(x177,844) black_usv5(x170,657) black_usv6(x171,747) | KILL=11 | ACTIONS=15 | INTENT: focus=2 ratio=0.20
      [ASSIGN] white_usv7->black_usv15(机会锁定)
      [ASSIGN] white_usv10->black_usv15(机会锁定)
      [ASSIGN] white_usv8->black_usv15(机会锁定)
      [ASSIGN] white_usv7->black_usv16(机会锁定)
      [ASSIGN] white_usv10->black_usv16(机会锁定)
      [ASSIGN] white_usv8->black_usv16(机会锁定)
      [ASSIGN] white_usv7->black_usv15(机会锁定)
      [ASSIGN] white_usv10->black_usv15(机会锁定)
      [ASSIGN] white_usv8->black_usv15(机会锁定)
      [KILL] black_usv16
      [ASSIGN] white_usv10->black_usv18(机会锁定)
      [ASSIGN] white_usv6->black_usv15(机会锁定)
      [KILL] black_usv15
      [RELEASE] white_usv7->black_usv15(目标失效)
      [RELEASE] white_usv6->black_usv15(目标失效)
      [RELEASE] white_usv8->black_usv15(目标失效)
      [ASSIGN] white_usv7->black_usv19
      [ASSIGN] white_usv6->black_usv5
      [ASSIGN] white_usv8->black_usv6
      [ASSIGN] white_usv7->black_usv18(机会锁定)
[t=10,176s] step=370 | MISSION=NORMAL_C | USV: 5/10 (avail=0 int=4 lock=1 frz=0) | UAV: air=10 rtb=0 chg=0 loiter=0 | TRACKS: vis=7 lost=0 engaged=1 | TOP: black_usv4(x167,293) black_usv19(x174,458) black_usv3(x174,458) | KILL=11 | ACTIONS=15 | INTENT: focus=2 ratio=0.20
[t=10,492s] step=380 | MISSION=NORMAL_C | USV: 5/10 (avail=0 int=5 lock=0 frz=0) | UAV: air=10 rtb=0 chg=0 loiter=0 | TRACKS: vis=7 lost=0 engaged=0 | TOP: black_usv19(x171,323) black_usv4(x164,126) black_usv3(x171,506) | KILL=12 | ACTIONS=15 | INTENT: focus=2 ratio=0.20
      [ASSIGN] white_usv10->black_usv19(机会锁定)
[t=10,824s] step=390 | MISSION=NORMAL_C | USV: 5/10 (avail=0 int=4 lock=1 frz=0) | UAV: air=10 rtb=0 chg=0 loiter=0 | TRACKS: vis=7 lost=0 engaged=1 | TOP: black_usv19(x168,011) black_usv4(x160,899) black_usv3(x168,193) | KILL=12 | ACTIONS=15 | INTENT: focus=2 ratio=0.20
      [KILL] black_usv18
      [RELEASE] white_usv7->black_usv18(目标失效)
      [ASSIGN] white_usv8->black_usv5(机会锁定)
      [ASSIGN] white_usv7->black_usv4
[t=11,195s] step=400 | MISSION=NORMAL_C | USV: 5/10 (avail=0 int=2 lock=3 frz=0) | UAV: air=10 rtb=0 chg=0 loiter=0 | TRACKS: vis=6 lost=0 engaged=2 | TOP: black_usv19(x164,891) black_usv6(x158,169) black_usv3(x164,544) | KILL=12 | ACTIONS=15 | INTENT: focus=2 ratio=0.20
      [ASSIGN] white_usv6->black_usv4(机会锁定)
      [DETECT] black_usv2
[t=11,584s] step=410 | MISSION=NORMAL_C | USV: 5/10 (avail=0 int=4 lock=1 frz=0) | UAV: air=10 rtb=0 chg=0 loiter=0 | TRACKS: vis=7 lost=0 engaged=1 | TOP: black_usv2(x170,709) black_usv6(x154,359) black_usv3(x161,040) | KILL=14 | ACTIONS=15 | INTENT: focus=2 ratio=0.20
      [ASSIGN] white_usv6->black_usv6(机会锁定)
      [KILL] black_usv5
      [RELEASE] white_usv8->black_usv5(目标失效)
      [ASSIGN] white_usv8->black_usv2
[t=11,955s] step=420 | MISSION=NORMAL_C | USV: 5/10 (avail=1 int=3 lock=1 frz=0) | UAV: air=10 rtb=0 chg=0 loiter=0 | TRACKS: vis=6 lost=0 engaged=1 | TOP: black_usv3(x157,630) black_usv19(x164,551) black_usv6(x150,649) | KILL=14 | ACTIONS=15 | INTENT: focus=2 ratio=0.20
      [ASSIGN] white_usv6->black_usv4(机会锁定)
      [ASSIGN] white_usv8->black_usv4(机会锁定)
      [KILL] black_usv19
      [RELEASE] white_usv10->black_usv19(目标失效)
      [ASSIGN] white_usv10->black_usv2
[t=12,337s] step=430 | MISSION=NORMAL_C | USV: 5/10 (avail=0 int=3 lock=2 frz=0) | UAV: air=10 rtb=0 chg=0 loiter=0 | TRACKS: vis=4 lost=1 engaged=1 | TOP: black_usv6(x149,700) black_usv3(x154,625) black_usv2(x166,456) | KILL=14 | ACTIONS=15 | INTENT: focus=2 ratio=0.20
      [ASSIGN] white_usv6->black_usv6(机会锁定)
      [ASSIGN] white_usv8->black_usv6(机会锁定)
      [ASSIGN] white_usv6->black_usv4(机会锁定)
      [ASSIGN] white_usv8->black_usv4(机会锁定)
[t=12,758s] step=440 | MISSION=NORMAL_C | USV: 5/10 (avail=0 int=4 lock=1 frz=0) | UAV: air=10 rtb=0 chg=0 loiter=0 | TRACKS: vis=5 lost=0 engaged=1 | TOP: black_usv3(x151,317) black_usv20(x154,624) black_usv4(x148,375) | KILL=16 | ACTIONS=15 | INTENT: focus=2 ratio=0.20
      [ASSIGN] white_usv7->black_usv6(机会锁定)
      [ASSIGN] white_usv6->black_usv6(机会锁定)
      [ASSIGN] white_usv8->black_usv6(机会锁定)
      [ASSIGN] white_usv7->black_usv4(机会锁定)
      [ASSIGN] white_usv6->black_usv4(机会锁定)
      [ASSIGN] white_usv8->black_usv4(机会锁定)
      [ASSIGN] white_usv7->black_usv6(机会锁定)
      [ASSIGN] white_usv6->black_usv6(机会锁定)
      [ASSIGN] white_usv8->black_usv6(机会锁定)
      [ASSIGN] white_usv7->black_usv4(机会锁定)
      [ASSIGN] white_usv6->black_usv4(机会锁定)
      [ASSIGN] white_usv8->black_usv4(机会锁定)
      [ASSIGN] white_usv7->black_usv6(机会锁定)
      [ASSIGN] white_usv6->black_usv6(机会锁定)
      [ASSIGN] white_usv8->black_usv6(机会锁定)
      [KILL] black_usv4
[t=13,208s] step=450 | MISSION=NORMAL_C | USV: 5/10 (avail=0 int=4 lock=1 frz=0) | UAV: air=10 rtb=0 chg=0 loiter=0 | TRACKS: vis=2 lost=2 engaged=1 | TOP: black_usv3(x148,785) black_usv20(x152,518) black_usv2(x160,270) | KILL=16 | ACTIONS=15 | INTENT: focus=2 ratio=0.20
      [KILL] black_usv6
      [RELEASE] white_usv7->black_usv6(目标失效)
      [RELEASE] white_usv6->black_usv6(目标失效)
      [RELEASE] white_usv8->black_usv6(目标失效)
      [ASSIGN] white_usv7->black_usv3
      [ASSIGN] white_usv6->black_usv2
      [ASSIGN] white_usv8->black_usv20
      [RELEASE] white_usv10->black_usv2(目标失效)
      [RELEASE] white_usv6->black_usv2(目标失效)
      [ASSIGN] white_usv10->black_usv20
      [ASSIGN] white_usv6->black_usv3
      [DETECT] black_usv1
      [DETECT] black_usv2
[t=13,665s] step=460 | MISSION=NORMAL_C | USV: 5/10 (avail=0 int=5 lock=0 frz=0) | UAV: air=10 rtb=0 chg=0 loiter=0 | TRACKS: vis=4 lost=0 engaged=0 | TOP: black_usv2(x156,357) black_usv1(x167,625) black_usv3(x146,829) | KILL=17 | ACTIONS=15 | INTENT: focus=2 ratio=0.20
      [KILL] black_usv20
      [RELEASE] white_usv4->black_usv20(目标失效)
      [RELEASE] white_usv10->black_usv20(目标失效)
      [RELEASE] white_usv8->black_usv20(目标失效)
      [ASSIGN] white_usv4->black_usv2
      [ASSIGN] white_usv10->black_usv2
      [ASSIGN] white_usv8->black_usv2
      [DETECT] black_usv1
[t=14,094s] step=470 | MISSION=NORMAL_C | USV: 5/10 (avail=0 int=4 lock=1 frz=0) | UAV: air=10 rtb=0 chg=0 loiter=0 | TRACKS: vis=3 lost=0 engaged=1 | TOP: black_usv1(x163,867) black_usv2(x152,864) black_usv3(x143,456) | KILL=17 | ACTIONS=15 | INTENT: focus=2 ratio=0.20
[t=14,548s] step=480 | MISSION=NORMAL_C | USV: 5/10 (avail=0 int=3 lock=2 frz=0) | UAV: air=10 rtb=0 chg=0 loiter=0 | TRACKS: vis=3 lost=0 engaged=1 | TOP: black_usv1(x159,538) black_usv2(x150,913) black_usv3(x142,827) | KILL=17 | ACTIONS=15 | INTENT: focus=2 ratio=0.20
[t=15,032s] step=490 | MISSION=NORMAL_C | USV: 5/10 (avail=0 int=5 lock=0 frz=0) | UAV: air=10 rtb=0 chg=0 loiter=0 | TRACKS: vis=3 lost=0 engaged=0 | TOP: black_usv1(x155,380) black_usv2(x147,584) black_usv3(x142,814) | KILL=18 | ACTIONS=15 | INTENT: focus=2 ratio=0.20
      [KILL] black_usv3
      [RELEASE] white_usv7->black_usv3(目标失效)
      [ASSIGN] white_usv7->black_usv2(机会锁定)
      [RELEASE] white_usv6->black_usv3(目标失效)
      [ASSIGN] white_usv6->black_usv1
[t=15,552s] step=500 | MISSION=NORMAL_C | USV: 5/10 (avail=0 int=4 lock=1 frz=0) | UAV: air=10 rtb=0 chg=0 loiter=0 | TRACKS: vis=2 lost=0 engaged=1 | TOP: black_usv1(x151,633) black_usv2(x145,478) | KILL=18 | ACTIONS=15 | INTENT: focus=2 ratio=0.20
      [ASSIGN] white_usv6->black_usv2(机会锁定)
[t=16,055s] step=510 | MISSION=NORMAL_C | USV: 5/10 (avail=0 int=3 lock=2 frz=0) | UAV: air=10 rtb=0 chg=0 loiter=0 | TRACKS: vis=2 lost=0 engaged=1 | TOP: black_usv1(x148,858) black_usv2(x143,440) | KILL=18 | ACTIONS=15 | INTENT: focus=2 ratio=0.20
[t=16,601s] step=520 | MISSION=NORMAL_C | USV: 5/10 (avail=0 int=5 lock=0 frz=0) | UAV: air=10 rtb=0 chg=0 loiter=0 | TRACKS: vis=2 lost=0 engaged=0 | TOP: black_usv1(x145,173) black_usv2(x142,901) | KILL=19 | ACTIONS=15 | INTENT: focus=2 ratio=0.20
      [KILL] black_usv2
      [RELEASE] white_usv4->black_usv2(目标失效)
      [RELEASE] white_usv7->black_usv2(目标失效)
      [RELEASE] white_usv10->black_usv2(目标失效)
      [RELEASE] white_usv6->black_usv2(目标失效)
      [RELEASE] white_usv8->black_usv2(目标失效)
      [ASSIGN] white_usv7->black_usv1
      [ASSIGN] white_usv6->black_usv1
      [ASSIGN] white_usv8->black_usv1
[t=17,140s] step=530 | MISSION=NORMAL_C | USV: 5/10 (avail=2 int=3 lock=0 frz=0) | UAV: air=10 rtb=0 chg=0 loiter=0 | TRACKS: vis=1 lost=0 engaged=0 | TOP: black_usv1(x143,432) | KILL=19 | ACTIONS=15 | INTENT: focus=2 ratio=0.20
[t=17,664s] step=540 | MISSION=NORMAL_C | USV: 5/10 (avail=2 int=1 lock=2 frz=0) | UAV: air=10 rtb=0 chg=0 loiter=0 | TRACKS: vis=1 lost=0 engaged=1 | TOP: black_usv1(x138,314) | KILL=19 | ACTIONS=15 | INTENT: focus=2 ratio=0.20

========================================================================
对局结果: Result.Victory — 敌方所有单位被击毁
  击杀蓝舰: 20 | 命中: 40 | 我方USV损失: 5 | UAV损失: 0 | 突破: 0
[META] result=Result.Victory victory_time=18170 first_detection=1842 first_lock=7390 first_kill=8278 enemy_kills=20 friendly_usv_losses=5 friendly_uav_losses=0 black_breakthrough=0 reacquire_attempts=84 reacquire_success=84 sensor_assisted_locks=100 low_conf_commitments=0 global_reacquire_entries=0 global_reacquire_success=0 coverage_collapse_events=1 active_clusters_max=1 coverage_quality_final=0.31 commander_source=default_intent commander_calls=0 commander_changes=0 commander_no_change=0 commander_parse_failures=0 commander_api_failures=0 commander_policy_failures=0 commander_avg_latency=0.0
Done
