========================================================================
HYBRID AGENT V5 — Variable-Cardinality Hierarchical Maritime Agent
  启用UAV: True | LLM_ENABLED: False
========================================================================
对局 33 开始
      [UAV RELAUNCH] white_uav1
      [UAV RELAUNCH] white_uav5
      [UAV RELAUNCH] white_uav2
      [UAV RELAUNCH] white_uav7
      [UAV RELAUNCH] white_uav9
      [UAV RELAUNCH] white_uav4
      [UAV RELAUNCH] white_uav3
      [UAV RELAUNCH] white_uav10
      [UAV RELAUNCH] white_uav8
      [UAV RELAUNCH] white_uav6
[t=215s] step=10 | MISSION=NORMAL_C | USV: 10/10 (avail=10 int=0 lock=0 frz=0) | UAV: air=10 rtb=0 chg=0 loiter=0 | TRACKS: vis=0 lost=0 engaged=0 | TOP:  | KILL=0 | ACTIONS=20 | INTENT: focus=2 ratio=0.20
  [INTENT APPLIED]
    ThreatAllocator: focus 2 emergency 3 reserve_ratio 0.20 reserve_usvs None bias breakthrough_eta
    UAVManager: mode search_and_reacquire uav_priority []
[t=477s] step=20 | MISSION=NORMAL_C | USV: 10/10 (avail=10 int=0 lock=0 frz=0) | UAV: air=10 rtb=0 chg=0 loiter=0 | TRACKS: vis=0 lost=0 engaged=0 | TOP:  | KILL=0 | ACTIONS=20 | INTENT: focus=2 ratio=0.20
[t=722s] step=30 | MISSION=NORMAL_C | USV: 10/10 (avail=10 int=0 lock=0 frz=0) | UAV: air=10 rtb=0 chg=0 loiter=0 | TRACKS: vis=0 lost=0 engaged=0 | TOP:  | KILL=0 | ACTIONS=20 | INTENT: focus=2 ratio=0.20
[t=969s] step=40 | MISSION=NORMAL_C | USV: 10/10 (avail=10 int=0 lock=0 frz=0) | UAV: air=10 rtb=0 chg=0 loiter=0 | TRACKS: vis=0 lost=0 engaged=0 | TOP:  | KILL=0 | ACTIONS=20 | INTENT: focus=2 ratio=0.20
[t=1,217s] step=50 | MISSION=NORMAL_C | USV: 10/10 (avail=10 int=0 lock=0 frz=0) | UAV: air=10 rtb=0 chg=0 loiter=0 | TRACKS: vis=0 lost=0 engaged=0 | TOP:  | KILL=0 | ACTIONS=20 | INTENT: focus=2 ratio=0.20
[t=1,456s] step=60 | MISSION=NORMAL_C | USV: 10/10 (avail=10 int=0 lock=0 frz=0) | UAV: air=10 rtb=0 chg=0 loiter=0 | TRACKS: vis=0 lost=0 engaged=0 | TOP:  | KILL=0 | ACTIONS=20 | INTENT: focus=2 ratio=0.20
[t=1,717s] step=70 | MISSION=NORMAL_C | USV: 10/10 (avail=10 int=0 lock=0 frz=0) | UAV: air=10 rtb=0 chg=0 loiter=0 | TRACKS: vis=0 lost=0 engaged=0 | TOP:  | KILL=0 | ACTIONS=20 | INTENT: focus=2 ratio=0.20
      [DETECT] black_usv11
      [DETECT] black_usv14
      [DETECT] black_usv12
      [DETECT] black_usv13
      [DETECT] black_usv8
      [ASSIGN] white_usv5->black_usv11
      [ASSIGN] white_usv2->black_usv11
      [ASSIGN] white_usv9->black_usv12
      [ASSIGN] white_usv1->black_usv8
      [ASSIGN] white_usv4->black_usv8
      [ASSIGN] white_usv6->black_usv13
      [ASSIGN] white_usv10->black_usv14
      [ASSIGN] white_usv3->black_usv13
      [DETECT] black_usv15
      [DETECT] black_usv7
      [DETECT] black_usv17
      [DETECT] black_usv10
      [DETECT] black_usv9
      [ASSIGN] white_usv7->black_usv10
      [ASSIGN] white_usv8->black_usv9
      [DETECT] black_usv6
      [DETECT] black_usv16
      [DETECT] black_usv18
      [DETECT] black_usv19
[t=1,921s] step=80 | MISSION=NORMAL_C | USV: 10/10 (avail=0 int=10 lock=0 frz=0) | UAV: air=10 rtb=0 chg=0 loiter=0 | TRACKS: vis=14 lost=0 engaged=0 | TOP: black_usv7(x241,705) black_usv17(x241,770) black_usv15(x241,939) | KILL=0 | ACTIONS=20 | INTENT: focus=2 ratio=0.20
      [DETECT] black_usv20
      [DETECT] black_usv4
      [DETECT] black_usv5
[t=2,182s] step=90 | MISSION=NORMAL_C | USV: 10/10 (avail=0 int=10 lock=0 frz=0) | UAV: air=10 rtb=0 chg=0 loiter=0 | TRACKS: vis=14 lost=3 engaged=0 | TOP: black_usv17(x239,236) black_usv7(x239,235) black_usv15(x239,505) | KILL=0 | ACTIONS=20 | INTENT: focus=2 ratio=0.20
      [DETECT] black_usv3
[t=2,451s] step=100 | MISSION=NORMAL_C | USV: 10/10 (avail=0 int=10 lock=0 frz=0) | UAV: air=10 rtb=0 chg=0 loiter=0 | TRACKS: vis=17 lost=1 engaged=0 | TOP: black_usv7(x236,689) black_usv15(x236,996) black_usv6(x238,183) | KILL=0 | ACTIONS=20 | INTENT: focus=2 ratio=0.20
[t=2,685s] step=110 | MISSION=NORMAL_C | USV: 10/10 (avail=0 int=10 lock=0 frz=0) | UAV: air=10 rtb=0 chg=0 loiter=0 | TRACKS: vis=17 lost=1 engaged=0 | TOP: black_usv7(x234,466) black_usv15(x234,805) black_usv6(x236,116) | KILL=0 | ACTIONS=20 | INTENT: focus=2 ratio=0.20
      [DETECT] black_usv2
      [DETECT] black_usv1
      [DETECT] black_usv20
[t=2,926s] step=120 | MISSION=NORMAL_C | USV: 10/10 (avail=0 int=10 lock=0 frz=0) | UAV: air=10 rtb=0 chg=0 loiter=0 | TRACKS: vis=14 lost=6 engaged=0 | TOP: black_usv7(x232,194) black_usv15(x232,565) black_usv6(x234,003) | KILL=0 | ACTIONS=20 | INTENT: focus=2 ratio=0.20
[t=3,192s] step=130 | MISSION=NORMAL_C | USV: 10/10 (avail=0 int=10 lock=0 frz=0) | UAV: air=10 rtb=0 chg=0 loiter=0 | TRACKS: vis=20 lost=0 engaged=0 | TOP: black_usv18(x231,797) black_usv19(x234,065) black_usv15(x229,936) | KILL=0 | ACTIONS=20 | INTENT: focus=2 ratio=0.20
[t=3,463s] step=140 | MISSION=NORMAL_C | USV: 10/10 (avail=0 int=10 lock=0 frz=0) | UAV: air=10 rtb=0 chg=0 loiter=0 | TRACKS: vis=14 lost=6 engaged=0 | TOP: black_usv18(x229,432) black_usv19(x231,898) black_usv15(x227,234) | KILL=0 | ACTIONS=20 | INTENT: focus=2 ratio=0.20
[t=3,711s] step=150 | MISSION=NORMAL_C | USV: 10/10 (avail=0 int=10 lock=0 frz=0) | UAV: air=10 rtb=0 chg=0 loiter=0 | TRACKS: vis=20 lost=0 engaged=0 | TOP: black_usv18(x227,262) black_usv19(x229,908) black_usv15(x224,754) | KILL=0 | ACTIONS=20 | INTENT: focus=2 ratio=0.20
[t=3,979s] step=160 | MISSION=NORMAL_C | USV: 10/10 (avail=0 int=10 lock=0 frz=0) | UAV: air=10 rtb=0 chg=0 loiter=0 | TRACKS: vis=20 lost=0 engaged=0 | TOP: black_usv18(x224,916) black_usv19(x227,772) black_usv15(x222,117) | KILL=0 | ACTIONS=20 | INTENT: focus=2 ratio=0.20
[t=4,252s] step=170 | MISSION=NORMAL_C | USV: 10/10 (avail=0 int=10 lock=0 frz=0) | UAV: air=10 rtb=0 chg=0 loiter=0 | TRACKS: vis=20 lost=0 engaged=0 | TOP: black_usv18(x222,519) black_usv19(x225,581) black_usv15(x219,515) | KILL=0 | ACTIONS=20 | INTENT: focus=2 ratio=0.20
[t=4,513s] step=180 | MISSION=NORMAL_C | USV: 10/10 (avail=0 int=10 lock=0 frz=0) | UAV: air=10 rtb=0 chg=0 loiter=0 | TRACKS: vis=20 lost=0 engaged=0 | TOP: black_usv19(x223,501) black_usv15(x216,992) black_usv20(x226,628) | KILL=0 | ACTIONS=20 | INTENT: focus=2 ratio=0.20
[t=4,763s] step=190 | MISSION=NORMAL_C | USV: 10/10 (avail=0 int=10 lock=0 frz=0) | UAV: air=10 rtb=0 chg=0 loiter=0 | TRACKS: vis=20 lost=0 engaged=0 | TOP: black_usv19(x221,502) black_usv20(x224,810) black_usv18(x217,926) | KILL=0 | ACTIONS=20 | INTENT: focus=2 ratio=0.20
[t=5,020s] step=200 | MISSION=NORMAL_C | USV: 10/10 (avail=0 int=10 lock=0 frz=0) | UAV: air=10 rtb=0 chg=0 loiter=0 | TRACKS: vis=18 lost=2 engaged=0 | TOP: black_usv19(x219,447) black_usv20(x222,941) black_usv18(x215,927) | KILL=0 | ACTIONS=20 | INTENT: focus=2 ratio=0.20
[t=5,260s] step=210 | MISSION=NORMAL_C | USV: 10/10 (avail=0 int=10 lock=0 frz=0) | UAV: air=10 rtb=0 chg=0 loiter=0 | TRACKS: vis=19 lost=1 engaged=0 | TOP: black_usv19(x217,528) black_usv20(x221,195) black_usv18(x214,061) | KILL=0 | ACTIONS=20 | INTENT: focus=2 ratio=0.20
[t=5,523s] step=220 | MISSION=NORMAL_C | USV: 10/10 (avail=0 int=10 lock=0 frz=0) | UAV: air=10 rtb=0 chg=0 loiter=0 | TRACKS: vis=18 lost=2 engaged=0 | TOP: black_usv19(x215,424) black_usv20(x219,283) black_usv18(x212,016) | KILL=0 | ACTIONS=20 | INTENT: focus=2 ratio=0.20
[t=5,775s] step=230 | MISSION=NORMAL_C | USV: 10/10 (avail=0 int=10 lock=0 frz=0) | UAV: air=10 rtb=0 chg=0 loiter=0 | TRACKS: vis=19 lost=1 engaged=0 | TOP: black_usv19(x213,409) black_usv20(x217,446) black_usv18(x210,057) | KILL=0 | ACTIONS=20 | INTENT: focus=2 ratio=0.20
[t=6,031s] step=240 | MISSION=NORMAL_C | USV: 10/10 (avail=0 int=10 lock=0 frz=0) | UAV: air=10 rtb=0 chg=0 loiter=0 | TRACKS: vis=15 lost=5 engaged=0 | TOP: black_usv19(x211,357) black_usv20(x215,588) black_usv18(x208,062) | KILL=0 | ACTIONS=20 | INTENT: focus=2 ratio=0.20
      [DETECT] black_usv5
      [DETECT] black_usv7
      [DETECT] black_usv6
[t=6,285s] step=250 | MISSION=NORMAL_C | USV: 10/10 (avail=0 int=10 lock=0 frz=0) | UAV: air=10 rtb=0 chg=0 loiter=0 | TRACKS: vis=19 lost=1 engaged=0 | TOP: black_usv5(x202,987) black_usv6(x203,916) black_usv7(x204,059) | KILL=0 | ACTIONS=20 | INTENT: focus=2 ratio=0.20
[t=6,548s] step=260 | MISSION=NORMAL_C | USV: 10/10 (avail=0 int=10 lock=0 frz=0) | UAV: air=10 rtb=0 chg=0 loiter=0 | TRACKS: vis=19 lost=0 engaged=0 | TOP: black_usv5(x200,357) black_usv6(x201,286) black_usv7(x201,429) | KILL=0 | ACTIONS=20 | INTENT: focus=2 ratio=0.20
[t=6,811s] step=270 | MISSION=NORMAL_C | USV: 10/10 (avail=0 int=10 lock=0 frz=0) | UAV: air=10 rtb=0 chg=0 loiter=0 | TRACKS: vis=19 lost=0 engaged=0 | TOP: black_usv5(x197,723) black_usv6(x198,656) black_usv7(x198,799) | KILL=0 | ACTIONS=20 | INTENT: focus=2 ratio=0.20
[t=7,070s] step=280 | MISSION=NORMAL_C | USV: 10/10 (avail=0 int=10 lock=0 frz=0) | UAV: air=10 rtb=0 chg=0 loiter=0 | TRACKS: vis=18 lost=1 engaged=0 | TOP: black_usv5(x195,141) black_usv6(x196,066) black_usv7(x196,209) | KILL=0 | ACTIONS=20 | INTENT: focus=2 ratio=0.20
[t=7,303s] step=290 | MISSION=NORMAL_C | USV: 10/10 (avail=0 int=10 lock=0 frz=0) | UAV: air=10 rtb=0 chg=0 loiter=0 | TRACKS: vis=19 lost=0 engaged=0 | TOP: black_usv5(x192,811) black_usv6(x193,745) black_usv7(x193,879) | KILL=0 | ACTIONS=20 | INTENT: focus=2 ratio=0.20
      [ASSIGN] white_usv5->black_usv13(机会锁定)
      [ASSIGN] white_usv2->black_usv8(机会锁定)
      [ASSIGN] white_usv4->black_usv9(机会锁定)
      [ASSIGN] white_usv10->black_usv12(机会锁定)
      [ASSIGN] white_usv7->black_usv13(机会锁定)
[t=7,586s] step=300 | MISSION=NORMAL_C | USV: 10/10 (avail=0 int=4 lock=6 frz=0) | UAV: air=10 rtb=0 chg=0 loiter=0 | TRACKS: vis=16 lost=3 engaged=3 | TOP: black_usv6(x190,915) black_usv7(x191,049) black_usv19(x198,927) | KILL=0 | ACTIONS=20 | INTENT: focus=2 ratio=0.20
      [ASSIGN] white_usv8->black_usv13(机会锁定)
      [ASSIGN] white_usv5->black_usv11(机会锁定)
      [ASSIGN] white_usv1->black_usv4(机会锁定)
      [ASSIGN] white_usv6->black_usv11(机会锁定)
      [ASSIGN] white_usv3->black_usv11(机会锁定)
      [ASSIGN] white_usv7->black_usv11(机会锁定)
      [ASSIGN] white_usv8->black_usv11(机会锁定)
[t=7,857s] step=310 | MISSION=NORMAL_C | USV: 10/10 (avail=0 int=4 lock=6 frz=0) | UAV: air=10 rtb=0 chg=0 loiter=0 | TRACKS: vis=17 lost=0 engaged=5 | TOP: black_usv6(x188,205) black_usv7(x188,339) black_usv5(x187,280) | KILL=1 | ACTIONS=20 | INTENT: focus=2 ratio=0.20
      [ASSIGN] white_usv2->black_usv13(机会锁定)
      [ASSIGN] white_usv4->black_usv13(机会锁定)
      [DETECT] black_usv19
      [DETECT] black_usv18
      [ASSIGN] white_usv2->black_usv8(机会锁定)
      [ASSIGN] white_usv9->black_usv14(机会锁定)
      [ASSIGN] white_usv4->black_usv8(机会锁定)
      [ASSIGN] white_usv10->black_usv14(机会锁定)
      [ASSIGN] white_usv5->black_usv13(机会锁定)
      [ASSIGN] white_usv1->black_usv10(机会锁定)
[t=8,146s] step=320 | MISSION=NORMAL_C | USV: 10/10 (avail=0 int=2 lock=8 frz=0) | UAV: air=10 rtb=0 chg=0 loiter=0 | TRACKS: vis=19 lost=0 engaged=3 | TOP: black_usv6(x185,315) black_usv18(x190,715) black_usv19(x193,843) | KILL=1 | ACTIONS=20 | INTENT: focus=2 ratio=0.20
      [ASSIGN] white_usv5->black_usv9(机会锁定)
      [ASSIGN] white_usv6->black_usv9(机会锁定)
      [ASSIGN] white_usv3->black_usv9(机会锁定)
      [ASSIGN] white_usv7->black_usv9(机会锁定)
      [ASSIGN] white_usv8->black_usv9(机会锁定)
      [DETECT] black_usv20
      [ASSIGN] white_usv2->black_usv11(机会锁定)
      [ASSIGN] white_usv9->black_usv12(机会锁定)
      [ASSIGN] white_usv4->black_usv11(机会锁定)
      [ASSIGN] white_usv10->black_usv12(机会锁定)
      [ASSIGN] white_usv2->black_usv8(机会锁定)
      [ASSIGN] white_usv4->black_usv8(机会锁定)
      [ASSIGN] white_usv2->black_usv11(机会锁定)
      [ASSIGN] white_usv4->black_usv11(机会锁定)
      [ASSIGN] white_usv2->black_usv8(机会锁定)
      [ASSIGN] white_usv4->black_usv8(机会锁定)
      [ASSIGN] white_usv2->black_usv11(机会锁定)
      [ASSIGN] white_usv4->black_usv11(机会锁定)
      [ASSIGN] white_usv2->black_usv8(机会锁定)
      [ASSIGN] white_usv4->black_usv8(机会锁定)
      [KILL] black_usv13
      [ASSIGN] white_usv2->black_usv11(机会锁定)
      [ASSIGN] white_usv4->black_usv11(机会锁定)
      [ASSIGN] white_usv2->black_usv8(机会锁定)
      [ASSIGN] white_usv1->black_usv5(机会锁定)
      [ASSIGN] white_usv4->black_usv8(机会锁定)
[t=8,461s] step=330 | MISSION=NORMAL_C | USV: 8/10 (avail=0 int=3 lock=5 frz=0) | UAV: air=10 rtb=0 chg=0 loiter=0 | TRACKS: vis=19 lost=0 engaged=1 | TOP: black_usv6(x182,165) black_usv18(x187,565) black_usv19(x190,693) | KILL=3 | ACTIONS=18 | INTENT: focus=2 ratio=0.20
      [ASSIGN] white_usv5->black_usv10(机会锁定)
      [ASSIGN] white_usv2->black_usv10(机会锁定)
      [ASSIGN] white_usv4->black_usv10(机会锁定)
      [ASSIGN] white_usv6->black_usv11(机会锁定)
      [ASSIGN] white_usv3->black_usv10(机会锁定)
      [ASSIGN] white_usv7->black_usv10(机会锁定)
      [ASSIGN] white_usv8->black_usv10(机会锁定)
      [ASSIGN] white_usv6->black_usv9(机会锁定)
      [ASSIGN] white_usv6->black_usv11(机会锁定)
      [ASSIGN] white_usv6->black_usv9(机会锁定)
      [ASSIGN] white_usv6->black_usv11(机会锁定)
      [ASSIGN] white_usv6->black_usv9(机会锁定)
      [ASSIGN] white_usv6->black_usv11(机会锁定)
      [ASSIGN] white_usv6->black_usv12(机会锁定)
      [KILL] black_usv11
      [ASSIGN] white_usv6->black_usv9(机会锁定)
      [ASSIGN] white_usv1->black_usv7(机会锁定)
      [ASSIGN] white_usv6->black_usv12(机会锁定)
[t=8,790s] step=340 | MISSION=NORMAL_C | USV: 8/10 (avail=0 int=2 lock=6 frz=0) | UAV: air=10 rtb=0 chg=0 loiter=0 | TRACKS: vis=17 lost=1 engaged=1 | TOP: black_usv18(x184,281) black_usv6(x179,419) black_usv7(x179,798) | KILL=5 | ACTIONS=18 | INTENT: focus=2 ratio=0.20
      [ASSIGN] white_usv5->black_usv9(机会锁定)
      [ASSIGN] white_usv2->black_usv5(机会锁定)
      [ASSIGN] white_usv4->black_usv5(机会锁定)
      [ASSIGN] white_usv3->black_usv9(机会锁定)
      [ASSIGN] white_usv7->black_usv9(机会锁定)
      [ASSIGN] white_usv8->black_usv9(机会锁定)
      [KILL] black_usv8
      [ASSIGN] white_usv5->black_usv10(机会锁定)
      [ASSIGN] white_usv6->black_usv10(机会锁定)
      [ASSIGN] white_usv3->black_usv10(机会锁定)
      [ASSIGN] white_usv7->black_usv10(机会锁定)
      [ASSIGN] white_usv8->black_usv10(机会锁定)
      [ASSIGN] white_usv5->black_usv9(机会锁定)
      [ASSIGN] white_usv6->black_usv12(机会锁定)
      [ASSIGN] white_usv3->black_usv9(机会锁定)
      [ASSIGN] white_usv7->black_usv9(机会锁定)
      [ASSIGN] white_usv8->black_usv9(机会锁定)
      [ASSIGN] white_usv5->black_usv10(机会锁定)
      [ASSIGN] white_usv6->black_usv10(机会锁定)
      [ASSIGN] white_usv3->black_usv10(机会锁定)
      [ASSIGN] white_usv7->black_usv10(机会锁定)
      [ASSIGN] white_usv8->black_usv10(机会锁定)
      [ASSIGN] white_usv6->black_usv12(机会锁定)
      [KILL] black_usv9
      [ASSIGN] white_usv1->black_usv4(机会锁定)
[t=9,125s] step=350 | MISSION=NORMAL_C | USV: 8/10 (avail=0 int=6 lock=2 frz=0) | UAV: air=10 rtb=0 chg=0 loiter=0 | TRACKS: vis=16 lost=0 engaged=1 | TOP: black_usv18(x180,946) black_usv6(x176,685) black_usv19(x184,377) | KILL=6 | ACTIONS=18 | INTENT: focus=2 ratio=0.20
      [ASSIGN] white_usv2->black_usv7(机会锁定)
      [ASSIGN] white_usv1->black_usv7(机会锁定)
      [ASSIGN] white_usv4->black_usv7(机会锁定)
      [KILL] black_usv12
      [RELEASE] white_usv6->black_usv12(目标失效)
      [ASSIGN] white_usv6->black_usv10(机会锁定)
      [ASSIGN] white_usv6->black_usv14(机会锁定)
      [ASSIGN] white_usv5->black_usv4(机会锁定)
      [ASSIGN] white_usv3->black_usv4(机会锁定)
      [KILL] black_usv10
      [ASSIGN] white_usv2->black_usv5(机会锁定)
      [ASSIGN] white_usv1->black_usv6(机会锁定)
      [ASSIGN] white_usv4->black_usv5(机会锁定)
      [RELEASE] white_usv7->black_usv10(目标失效)
      [ASSIGN] white_usv7->black_usv4(机会锁定)
      [RELEASE] white_usv8->black_usv10(目标失效)
      [ASSIGN] white_usv8->black_usv4(机会锁定)
[t=9,458s] step=360 | MISSION=NORMAL_C | USV: 8/10 (avail=0 int=5 lock=3 frz=0) | UAV: air=10 rtb=0 chg=0 loiter=0 | TRACKS: vis=13 lost=1 engaged=2 | TOP: black_usv18(x177,616) black_usv6(x173,968) black_usv5(x177,492) | KILL=8 | ACTIONS=18 | INTENT: focus=2 ratio=0.20
      [ASSIGN] white_usv2->black_usv7(机会锁定)
      [ASSIGN] white_usv4->black_usv7(机会锁定)
      [ASSIGN] white_usv2->black_usv5(机会锁定)
      [ASSIGN] white_usv4->black_usv5(机会锁定)
      [ASSIGN] white_usv2->black_usv7(机会锁定)
      [ASSIGN] white_usv4->black_usv7(机会锁定)
      [ASSIGN] white_usv2->black_usv5(机会锁定)
      [ASSIGN] white_usv4->black_usv5(机会锁定)
      [ASSIGN] white_usv2->black_usv7(机会锁定)
      [ASSIGN] white_usv4->black_usv7(机会锁定)
      [ASSIGN] white_usv2->black_usv5(机会锁定)
      [ASSIGN] white_usv4->black_usv6(机会锁定)
      [ASSIGN] white_usv5->black_usv7(机会锁定)
      [ASSIGN] white_usv2->black_usv7(机会锁定)
      [ASSIGN] white_usv3->black_usv7(机会锁定)
      [ASSIGN] white_usv7->black_usv7(机会锁定)
      [ASSIGN] white_usv8->black_usv7(机会锁定)
      [ASSIGN] white_usv5->black_usv4(机会锁定)
      [ASSIGN] white_usv2->black_usv4(机会锁定)
      [ASSIGN] white_usv4->black_usv4(机会锁定)
      [ASSIGN] white_usv3->black_usv4(机会锁定)
      [ASSIGN] white_usv7->black_usv4(机会锁定)
      [ASSIGN] white_usv8->black_usv4(机会锁定)
      [KILL] black_usv5
      [ASSIGN] white_usv5->black_usv7(机会锁定)
      [ASSIGN] white_usv2->black_usv7(机会锁定)
      [ASSIGN] white_usv1->black_usv7(机会锁定)
      [ASSIGN] white_usv4->black_usv7(机会锁定)
      [ASSIGN] white_usv3->black_usv7(机会锁定)
      [ASSIGN] white_usv7->black_usv7(机会锁定)
      [ASSIGN] white_usv8->black_usv7(机会锁定)
      [ASSIGN] white_usv5->black_usv4(机会锁定)
      [ASSIGN] white_usv2->black_usv4(机会锁定)
      [ASSIGN] white_usv1->black_usv4(机会锁定)
      [ASSIGN] white_usv4->black_usv4(机会锁定)
      [ASSIGN] white_usv3->black_usv4(机会锁定)
      [ASSIGN] white_usv7->black_usv4(机会锁定)
      [ASSIGN] white_usv8->black_usv4(机会锁定)
[t=9,813s] step=370 | MISSION=NORMAL_C | USV: 8/10 (avail=0 int=8 lock=0 frz=0) | UAV: air=10 rtb=0 chg=0 loiter=0 | TRACKS: vis=13 lost=0 engaged=0 | TOP: black_usv18(x174,066) black_usv19(x177,683) black_usv16(x170,798) | KILL=10 | ACTIONS=18 | INTENT: focus=2 ratio=0.20
      [ASSIGN] white_usv5->black_usv7(机会锁定)
      [ASSIGN] white_usv1->black_usv6(机会锁定)
      [ASSIGN] white_usv4->black_usv6(机会锁定)
      [ASSIGN] white_usv6->black_usv16(机会锁定)
      [ASSIGN] white_usv3->black_usv7(机会锁定)
      [ASSIGN] white_usv7->black_usv7(机会锁定)
      [ASSIGN] white_usv8->black_usv7(机会锁定)
      [ASSIGN] white_usv5->black_usv4(机会锁定)
      [ASSIGN] white_usv3->black_usv4(机会锁定)
      [ASSIGN] white_usv7->black_usv4(机会锁定)
      [ASSIGN] white_usv8->black_usv4(机会锁定)
      [ASSIGN] white_usv5->black_usv7(机会锁定)
      [ASSIGN] white_usv3->black_usv7(机会锁定)
      [ASSIGN] white_usv7->black_usv7(机会锁定)
      [ASSIGN] white_usv8->black_usv7(机会锁定)
      [ASSIGN] white_usv5->black_usv4(机会锁定)
      [ASSIGN] white_usv3->black_usv4(机会锁定)
      [ASSIGN] white_usv7->black_usv4(机会锁定)
      [ASSIGN] white_usv8->black_usv4(机会锁定)
      [KILL] black_usv7
      [ASSIGN] white_usv5->black_usv6(机会锁定)
      [ASSIGN] white_usv3->black_usv6(机会锁定)
[t=10,155s] step=380 | MISSION=NORMAL_C | USV: 6/10 (avail=0 int=4 lock=2 frz=0) | UAV: air=10 rtb=0 chg=0 loiter=0 | TRACKS: vis=8 lost=4 engaged=2 | TOP: black_usv18(x170,646) black_usv19(x174,287) black_usv14(x176,472) | KILL=10 | ACTIONS=16 | INTENT: focus=2 ratio=0.20
      [ASSIGN] white_usv5->black_usv4(机会锁定)
      [ASSIGN] white_usv4->black_usv4(机会锁定)
      [ASSIGN] white_usv6->black_usv14(机会锁定)
      [ASSIGN] white_usv3->black_usv4(机会锁定)
      [ASSIGN] white_usv5->black_usv6(机会锁定)
      [ASSIGN] white_usv4->black_usv6(机会锁定)
      [ASSIGN] white_usv6->black_usv15(机会锁定)
      [ASSIGN] white_usv3->black_usv6(机会锁定)
      [ASSIGN] white_usv7->black_usv6(机会锁定)
      [ASSIGN] white_usv8->black_usv6(机会锁定)
      [KILL] black_usv14
      [ASSIGN] white_usv5->black_usv4(机会锁定)
      [ASSIGN] white_usv4->black_usv4(机会锁定)
      [ASSIGN] white_usv3->black_usv4(机会锁定)
      [ASSIGN] white_usv7->black_usv4(机会锁定)
      [ASSIGN] white_usv8->black_usv4(机会锁定)
      [KILL] black_usv4
      [RELEASE] white_usv5->black_usv4(目标失效)
      [ASSIGN] white_usv5->black_usv6(机会锁定)
      [RELEASE] white_usv4->black_usv4(目标失效)
      [ASSIGN] white_usv4->black_usv6(机会锁定)
      [RELEASE] white_usv3->black_usv4(目标失效)
      [ASSIGN] white_usv3->black_usv6(机会锁定)
      [RELEASE] white_usv7->black_usv4(目标失效)
      [ASSIGN] white_usv7->black_usv6(机会锁定)
      [RELEASE] white_usv8->black_usv4(目标失效)
      [ASSIGN] white_usv8->black_usv6(机会锁定)
[t=10,546s] step=390 | MISSION=NORMAL_C | USV: 6/10 (avail=0 int=5 lock=1 frz=0) | UAV: air=10 rtb=0 chg=0 loiter=0 | TRACKS: vis=10 lost=0 engaged=1 | TOP: black_usv18(x166,751) black_usv19(x170,393) black_usv16(x166,494) | KILL=11 | ACTIONS=16 | INTENT: focus=2 ratio=0.20
      [ASSIGN] white_usv6->black_usv17(机会锁定)
      [ASSIGN] white_usv5->black_usv3(机会锁定)
      [ASSIGN] white_usv3->black_usv3(机会锁定)
      [ASSIGN] white_usv7->black_usv3(机会锁定)
      [ASSIGN] white_usv8->black_usv3(机会锁定)
      [KILL] black_usv6
      [RELEASE] white_usv4->black_usv6(目标失效)
      [ASSIGN] white_usv4->black_usv18
      [ASSIGN] white_usv6->black_usv15(机会锁定)
[t=10,910s] step=400 | MISSION=NORMAL_C | USV: 6/10 (avail=0 int=2 lock=4 frz=0) | UAV: air=10 rtb=0 chg=0 loiter=0 | TRACKS: vis=8 lost=1 engaged=1 | TOP: black_usv19(x166,753) black_usv16(x162,854) black_usv18(x163,111) | KILL=11 | ACTIONS=16 | INTENT: focus=2 ratio=0.20
[t=11,293s] step=410 | MISSION=NORMAL_C | USV: 5/10 (avail=0 int=5 lock=0 frz=0) | UAV: air=10 rtb=0 chg=0 loiter=0 | TRACKS: vis=9 lost=0 engaged=0 | TOP: black_usv19(x162,923) black_usv16(x159,024) black_usv18(x159,281) | KILL=13 | ACTIONS=15 | INTENT: focus=2 ratio=0.20
      [ASSIGN] white_usv5->black_usv2(机会锁定)
      [ASSIGN] white_usv3->black_usv2(机会锁定)
      [KILL] black_usv3
      [RELEASE] white_usv7->black_usv3(目标失效)
      [ASSIGN] white_usv7->black_usv2(机会锁定)
      [RELEASE] white_usv8->black_usv3(目标失效)
      [ASSIGN] white_usv8->black_usv2(机会锁定)
[t=11,677s] step=420 | MISSION=NORMAL_C | USV: 5/10 (avail=0 int=1 lock=4 frz=0) | UAV: air=10 rtb=0 chg=0 loiter=0 | TRACKS: vis=8 lost=0 engaged=1 | TOP: black_usv19(x159,083) black_usv18(x155,441) black_usv16(x155,195) | KILL=13 | ACTIONS=15 | INTENT: focus=2 ratio=0.20
      [KILL] black_usv15
      [ASSIGN] white_usv4->black_usv17(机会锁定)
[t=12,104s] step=430 | MISSION=NORMAL_C | USV: 5/10 (avail=0 int=4 lock=1 frz=0) | UAV: air=10 rtb=0 chg=0 loiter=0 | TRACKS: vis=7 lost=0 engaged=1 | TOP: black_usv18(x151,180) black_usv19(x154,813) black_usv20(x164,824) | KILL=14 | ACTIONS=15 | INTENT: focus=2 ratio=0.20
      [ASSIGN] white_usv4->black_usv16(机会锁定)
      [KILL] black_usv2
      [RELEASE] white_usv5->black_usv2(目标失效)
      [RELEASE] white_usv3->black_usv2(目标失效)
      [RELEASE] white_usv7->black_usv2(目标失效)
      [RELEASE] white_usv8->black_usv2(目标失效)
      [ASSIGN] white_usv5->black_usv20
      [ASSIGN] white_usv3->black_usv17
      [ASSIGN] white_usv7->black_usv18
      [ASSIGN] white_usv8->black_usv19
[t=12,531s] step=440 | MISSION=NORMAL_C | USV: 5/10 (avail=0 int=4 lock=1 frz=0) | UAV: air=10 rtb=0 chg=0 loiter=0 | TRACKS: vis=5 lost=1 engaged=1 | TOP: black_usv18(x147,074) black_usv19(x150,544) black_usv1(x162,285) | KILL=15 | ACTIONS=15 | INTENT: focus=2 ratio=0.20
      [ASSIGN] white_usv4->black_usv17(机会锁定)
      [ASSIGN] white_usv4->black_usv16(机会锁定)
      [KILL] black_usv17
      [RELEASE] white_usv3->black_usv17(目标失效)
      [ASSIGN] white_usv3->black_usv1
[t=12,937s] step=450 | MISSION=NORMAL_C | USV: 5/10 (avail=1 int=3 lock=1 frz=0) | UAV: air=10 rtb=0 chg=0 loiter=0 | TRACKS: vis=5 lost=0 engaged=1 | TOP: black_usv18(x144,433) black_usv19(x146,484) black_usv16(x145,832) | KILL=15 | ACTIONS=15 | INTENT: focus=2 ratio=0.20
[t=13,365s] step=460 | MISSION=NORMAL_C | USV: 5/10 (avail=0 int=5 lock=0 frz=0) | UAV: air=10 rtb=0 chg=0 loiter=0 | TRACKS: vis=5 lost=0 engaged=0 | TOP: black_usv19(x142,284) black_usv18(x141,188) black_usv20(x152,897) | KILL=16 | ACTIONS=15 | INTENT: focus=2 ratio=0.20
      [KILL] black_usv16
      [RELEASE] white_usv4->black_usv16(目标失效)
      [ASSIGN] white_usv4->black_usv19
[t=13,800s] step=470 | MISSION=NORMAL_C | USV: 5/10 (avail=0 int=5 lock=0 frz=0) | UAV: air=10 rtb=0 chg=0 loiter=0 | TRACKS: vis=3 lost=1 engaged=0 | TOP: black_usv18(x139,197) black_usv20(x150,234) black_usv1(x155,455) | KILL=16 | ACTIONS=15 | INTENT: focus=2 ratio=0.20
      [RELEASE] white_usv5->black_usv20(目标失效)
      [ASSIGN] white_usv5->black_usv18
      [ASSIGN] white_usv4->black_usv18(机会锁定)
[t=14,231s] step=480 | MISSION=NORMAL_C | USV: 5/10 (avail=0 int=4 lock=1 frz=0) | UAV: air=10 rtb=0 chg=0 loiter=0 | TRACKS: vis=2 lost=1 engaged=1 | TOP: black_usv19(x134,371) black_usv1(x153,677) black_usv18(x137,224) | KILL=16 | ACTIONS=15 | INTENT: focus=2 ratio=0.20
[t=14,671s] step=490 | MISSION=NORMAL_C | USV: 5/10 (avail=0 int=3 lock=2 frz=0) | UAV: air=10 rtb=0 chg=0 loiter=0 | TRACKS: vis=3 lost=0 engaged=2 | TOP: black_usv19(x130,274) black_usv1(x150,780) black_usv18(x136,392) | KILL=16 | ACTIONS=15 | INTENT: focus=2 ratio=0.20
[t=15,142s] step=500 | MISSION=NORMAL_C | USV: 5/10 (avail=0 int=5 lock=0 frz=0) | UAV: air=10 rtb=0 chg=0 loiter=0 | TRACKS: vis=3 lost=0 engaged=0 | TOP: black_usv19(x125,564) black_usv1(x150,460) black_usv18(x135,952) | KILL=18 | ACTIONS=15 | INTENT: focus=2 ratio=0.20
      [KILL] black_usv18
      [RELEASE] white_usv5->black_usv18(目标失效)
      [RELEASE] white_usv4->black_usv18(目标失效)
      [RELEASE] white_usv7->black_usv18(目标失效)
      [ASSIGN] white_usv5->black_usv1
      [ASSIGN] white_usv4->black_usv19
      [ASSIGN] white_usv7->black_usv1
      [KILL] black_usv1
      [RELEASE] white_usv5->black_usv1(目标失效)
      [RELEASE] white_usv3->black_usv1(目标失效)
      [RELEASE] white_usv7->black_usv1(目标失效)
      [ASSIGN] white_usv7->black_usv19
[t=15,617s] step=510 | MISSION=NORMAL_C | USV: 5/10 (avail=3 int=2 lock=0 frz=0) | UAV: air=10 rtb=0 chg=0 loiter=0 | TRACKS: vis=0 lost=1 engaged=0 | TOP: black_usv19(x124,597) | KILL=18 | ACTIONS=15 | INTENT: focus=2 ratio=0.20
[t=16,101s] step=520 | MISSION=NORMAL_C | USV: 5/10 (avail=2 int=2 lock=1 frz=0) | UAV: air=10 rtb=0 chg=0 loiter=0 | TRACKS: vis=1 lost=0 engaged=1 | TOP: black_usv19(x123,713) | KILL=18 | ACTIONS=15 | INTENT: focus=2 ratio=0.20
[t=16,604s] step=530 | MISSION=NORMAL_C | USV: 5/10 (avail=2 int=3 lock=0 frz=0) | UAV: air=10 rtb=0 chg=0 loiter=0 | TRACKS: vis=1 lost=0 engaged=0 | TOP: black_usv19(x123,610) | KILL=19 | ACTIONS=15 | INTENT: focus=2 ratio=0.20
      [KILL] black_usv19
      [RELEASE] white_usv4->black_usv19(目标失效)
      [RELEASE] white_usv7->black_usv19(目标失效)
      [RELEASE] white_usv8->black_usv19(目标失效)
[t=17,138s] step=540 | MISSION=NORMAL_C | USV: 5/10 (avail=2 int=3 lock=0 frz=0) | UAV: air=10 rtb=0 chg=0 loiter=0 | TRACKS: vis=0 lost=0 engaged=0 | TOP:  | KILL=19 | ACTIONS=15 | INTENT: focus=2 ratio=0.20
[t=17,690s] step=550 | MISSION=GLOBAL_R | USV: 5/10 (avail=5 int=0 lock=0 frz=0) | UAV: air=10 rtb=0 chg=0 loiter=0 | TRACKS: vis=0 lost=0 engaged=0 | TOP:  | KILL=19 | ACTIONS=15 | INTENT: focus=2 ratio=0.20
[t=18,237s] step=560 | MISSION=GLOBAL_R | USV: 5/10 (avail=5 int=0 lock=0 frz=0) | UAV: air=10 rtb=0 chg=0 loiter=0 | TRACKS: vis=0 lost=0 engaged=0 | TOP:  | KILL=19 | ACTIONS=15 | INTENT: focus=2 ratio=0.20
[t=18,755s] step=570 | MISSION=GLOBAL_R | USV: 5/10 (avail=5 int=0 lock=0 frz=0) | UAV: air=10 rtb=0 chg=0 loiter=0 | TRACKS: vis=0 lost=0 engaged=0 | TOP:  | KILL=19 | ACTIONS=15 | INTENT: focus=2 ratio=0.20
      [DETECT] black_usv20
      [ASSIGN] white_usv4->black_usv20(机会锁定)
      [ASSIGN] white_usv7->black_usv20
      [ASSIGN] white_usv8->black_usv20
[t=19,259s] step=580 | MISSION=NORMAL_C | USV: 5/10 (avail=2 int=1 lock=2 frz=0) | UAV: air=10 rtb=0 chg=0 loiter=0 | TRACKS: vis=1 lost=0 engaged=1 | TOP: black_usv20(x114,301) | KILL=19 | ACTIONS=15 | INTENT: focus=2 ratio=0.20

========================================================================
对局结果: Result.Victory — 敌方所有单位被击毁
  击杀蓝舰: 20 | 命中: 40 | 我方USV损失: 5 | UAV损失: 0 | 突破: 0
[META] result=Result.Victory victory_time=19963 first_detection=1844 first_lock=7554 first_kill=8440 enemy_kills=20 friendly_usv_losses=5 friendly_uav_losses=0 black_breakthrough=0 reacquire_attempts=355 reacquire_success=355 sensor_assisted_locks=95 low_conf_commitments=0 global_reacquire_entries=1 global_reacquire_success=1 coverage_collapse_events=1 active_clusters_max=1 coverage_quality_final=0.34 commander_source=default_intent commander_calls=0 commander_changes=0 commander_no_change=0 commander_parse_failures=0 commander_api_failures=0 commander_policy_failures=0 commander_avg_latency=0.0
Done
