========================================================================
HYBRID AGENT V5 — Variable-Cardinality Hierarchical Maritime Agent
  启用UAV: True | LLM_ENABLED: False
========================================================================
对局 14 开始
      [UAV RELAUNCH] white_uav2
      [UAV RELAUNCH] white_uav4
      [UAV RELAUNCH] white_uav10
      [UAV RELAUNCH] white_uav5
      [UAV RELAUNCH] white_uav6
      [UAV RELAUNCH] white_uav7
      [UAV RELAUNCH] white_uav9
      [UAV RELAUNCH] white_uav8
      [UAV RELAUNCH] white_uav3
      [UAV RELAUNCH] white_uav1
[t=199s] step=10 | MISSION=NORMAL_C | USV: 10/10 (avail=10 int=0 lock=0 frz=0) | UAV: air=10 rtb=0 chg=0 loiter=0 | TRACKS: vis=0 lost=0 engaged=0 | TOP:  | KILL=0 | ACTIONS=20 | INTENT: focus=2 ratio=0.20
  [INTENT APPLIED]
    ThreatAllocator: focus 2 emergency 3 reserve_ratio 0.20 reserve_usvs None bias breakthrough_eta
    UAVManager: mode search_and_reacquire uav_priority []
[t=422s] step=20 | MISSION=NORMAL_C | USV: 10/10 (avail=10 int=0 lock=0 frz=0) | UAV: air=10 rtb=0 chg=0 loiter=0 | TRACKS: vis=0 lost=0 engaged=0 | TOP:  | KILL=0 | ACTIONS=20 | INTENT: focus=2 ratio=0.20
[t=641s] step=30 | MISSION=NORMAL_C | USV: 10/10 (avail=10 int=0 lock=0 frz=0) | UAV: air=10 rtb=0 chg=0 loiter=0 | TRACKS: vis=0 lost=0 engaged=0 | TOP:  | KILL=0 | ACTIONS=20 | INTENT: focus=2 ratio=0.20
[t=862s] step=40 | MISSION=NORMAL_C | USV: 10/10 (avail=10 int=0 lock=0 frz=0) | UAV: air=10 rtb=0 chg=0 loiter=0 | TRACKS: vis=0 lost=0 engaged=0 | TOP:  | KILL=0 | ACTIONS=20 | INTENT: focus=2 ratio=0.20
[t=1,096s] step=50 | MISSION=NORMAL_C | USV: 10/10 (avail=10 int=0 lock=0 frz=0) | UAV: air=10 rtb=0 chg=0 loiter=0 | TRACKS: vis=0 lost=0 engaged=0 | TOP:  | KILL=0 | ACTIONS=20 | INTENT: focus=2 ratio=0.20
[t=1,330s] step=60 | MISSION=NORMAL_C | USV: 10/10 (avail=10 int=0 lock=0 frz=0) | UAV: air=10 rtb=0 chg=0 loiter=0 | TRACKS: vis=0 lost=0 engaged=0 | TOP:  | KILL=0 | ACTIONS=20 | INTENT: focus=2 ratio=0.20
[t=1,554s] step=70 | MISSION=NORMAL_C | USV: 10/10 (avail=10 int=0 lock=0 frz=0) | UAV: air=10 rtb=0 chg=0 loiter=0 | TRACKS: vis=0 lost=0 engaged=0 | TOP:  | KILL=0 | ACTIONS=20 | INTENT: focus=2 ratio=0.20
[t=1,806s] step=80 | MISSION=NORMAL_C | USV: 10/10 (avail=10 int=0 lock=0 frz=0) | UAV: air=10 rtb=0 chg=0 loiter=0 | TRACKS: vis=0 lost=0 engaged=0 | TOP:  | KILL=0 | ACTIONS=20 | INTENT: focus=2 ratio=0.20
      [DETECT] black_usv15
      [DETECT] black_usv14
      [DETECT] black_usv12
      [DETECT] black_usv7
      [DETECT] black_usv8
      [DETECT] black_usv11
      [DETECT] black_usv10
      [DETECT] black_usv13
      [DETECT] black_usv9
      [ASSIGN] white_usv1->black_usv7
      [ASSIGN] white_usv5->black_usv10
      [ASSIGN] white_usv6->black_usv11
      [ASSIGN] white_usv7->black_usv13
      [ASSIGN] white_usv2->black_usv14
      [ASSIGN] white_usv4->black_usv8
      [ASSIGN] white_usv8->black_usv12
      [ASSIGN] white_usv3->black_usv9
      [DETECT] black_usv4
      [DETECT] black_usv17
      [DETECT] black_usv6
      [DETECT] black_usv16
      [ASSIGN] white_usv9->black_usv17
      [ASSIGN] white_usv10->black_usv15
      [DETECT] black_usv3
      [DETECT] black_usv18
      [DETECT] black_usv5
      [DETECT] black_usv20
      [DETECT] black_usv19
      [DETECT] black_usv2
      [DETECT] black_usv1
[t=2,069s] step=90 | MISSION=NORMAL_C | USV: 10/10 (avail=0 int=10 lock=0 frz=0) | UAV: air=10 rtb=0 chg=0 loiter=0 | TRACKS: vis=20 lost=0 engaged=0 | TOP: black_usv4(x241,316) black_usv6(x241,535) black_usv18(x241,624) | KILL=0 | ACTIONS=20 | INTENT: focus=2 ratio=0.20
[t=2,273s] step=100 | MISSION=NORMAL_C | USV: 10/10 (avail=0 int=10 lock=0 frz=0) | UAV: air=10 rtb=0 chg=0 loiter=0 | TRACKS: vis=20 lost=0 engaged=0 | TOP: black_usv4(x239,497) black_usv6(x239,740) black_usv18(x239,839) | KILL=0 | ACTIONS=20 | INTENT: focus=2 ratio=0.20
[t=2,510s] step=110 | MISSION=NORMAL_C | USV: 10/10 (avail=0 int=10 lock=0 frz=0) | UAV: air=10 rtb=0 chg=0 loiter=0 | TRACKS: vis=20 lost=0 engaged=0 | TOP: black_usv6(x237,655) black_usv18(x237,765) black_usv3(x239,110) | KILL=0 | ACTIONS=20 | INTENT: focus=2 ratio=0.20
[t=2,763s] step=120 | MISSION=NORMAL_C | USV: 10/10 (avail=0 int=10 lock=0 frz=0) | UAV: air=10 rtb=0 chg=0 loiter=0 | TRACKS: vis=19 lost=1 engaged=0 | TOP: black_usv6(x235,426) black_usv18(x235,548) black_usv3(x237,041) | KILL=0 | ACTIONS=20 | INTENT: focus=2 ratio=0.20
[t=3,019s] step=130 | MISSION=NORMAL_C | USV: 10/10 (avail=0 int=10 lock=0 frz=0) | UAV: air=10 rtb=0 chg=0 loiter=0 | TRACKS: vis=19 lost=0 engaged=0 | TOP: black_usv6(x233,175) black_usv18(x233,310) black_usv3(x234,951) | KILL=0 | ACTIONS=20 | INTENT: focus=2 ratio=0.20
[t=3,292s] step=140 | MISSION=NORMAL_C | USV: 10/10 (avail=0 int=10 lock=0 frz=0) | UAV: air=10 rtb=0 chg=0 loiter=0 | TRACKS: vis=16 lost=3 engaged=0 | TOP: black_usv6(x230,773) black_usv18(x230,920) black_usv3(x232,721) | KILL=0 | ACTIONS=20 | INTENT: focus=2 ratio=0.20
[t=3,542s] step=150 | MISSION=NORMAL_C | USV: 10/10 (avail=0 int=10 lock=0 frz=0) | UAV: air=10 rtb=0 chg=0 loiter=0 | TRACKS: vis=18 lost=1 engaged=0 | TOP: black_usv6(x228,570) black_usv18(x228,729) black_usv3(x230,675) | KILL=0 | ACTIONS=20 | INTENT: focus=2 ratio=0.20
[t=3,787s] step=160 | MISSION=NORMAL_C | USV: 10/10 (avail=0 int=10 lock=0 frz=0) | UAV: air=10 rtb=0 chg=0 loiter=0 | TRACKS: vis=19 lost=0 engaged=0 | TOP: black_usv6(x226,417) black_usv18(x226,588) black_usv3(x228,677) | KILL=0 | ACTIONS=20 | INTENT: focus=2 ratio=0.20
[t=4,052s] step=170 | MISSION=NORMAL_C | USV: 10/10 (avail=0 int=10 lock=0 frz=0) | UAV: air=10 rtb=0 chg=0 loiter=0 | TRACKS: vis=18 lost=1 engaged=0 | TOP: black_usv6(x224,085) black_usv18(x224,268) black_usv3(x226,511) | KILL=0 | ACTIONS=20 | INTENT: focus=2 ratio=0.20
[t=4,311s] step=180 | MISSION=NORMAL_C | USV: 10/10 (avail=0 int=10 lock=0 frz=0) | UAV: air=10 rtb=0 chg=0 loiter=0 | TRACKS: vis=17 lost=1 engaged=0 | TOP: black_usv6(x221,806) black_usv18(x222,001) black_usv3(x224,395) | KILL=0 | ACTIONS=20 | INTENT: focus=2 ratio=0.20
[t=4,547s] step=190 | MISSION=NORMAL_C | USV: 10/10 (avail=0 int=10 lock=0 frz=0) | UAV: air=10 rtb=0 chg=0 loiter=0 | TRACKS: vis=18 lost=0 engaged=0 | TOP: black_usv6(x219,729) black_usv18(x219,936) black_usv3(x222,467) | KILL=0 | ACTIONS=20 | INTENT: focus=2 ratio=0.20
[t=4,812s] step=200 | MISSION=NORMAL_C | USV: 10/10 (avail=0 int=10 lock=0 frz=0) | UAV: air=10 rtb=0 chg=0 loiter=0 | TRACKS: vis=18 lost=0 engaged=0 | TOP: black_usv6(x217,392) black_usv18(x217,612) black_usv3(x220,297) | KILL=0 | ACTIONS=20 | INTENT: focus=2 ratio=0.20
[t=5,083s] step=210 | MISSION=NORMAL_C | USV: 10/10 (avail=0 int=10 lock=0 frz=0) | UAV: air=10 rtb=0 chg=0 loiter=0 | TRACKS: vis=17 lost=1 engaged=0 | TOP: black_usv6(x215,012) black_usv18(x215,244) black_usv3(x218,088) | KILL=0 | ACTIONS=20 | INTENT: focus=2 ratio=0.20
[t=5,364s] step=220 | MISSION=NORMAL_C | USV: 10/10 (avail=0 int=10 lock=0 frz=0) | UAV: air=10 rtb=0 chg=0 loiter=0 | TRACKS: vis=17 lost=1 engaged=0 | TOP: black_usv6(x212,539) black_usv3(x215,792) black_usv19(x216,688) | KILL=0 | ACTIONS=20 | INTENT: focus=2 ratio=0.20
[t=5,623s] step=230 | MISSION=NORMAL_C | USV: 10/10 (avail=0 int=10 lock=0 frz=0) | UAV: air=10 rtb=0 chg=0 loiter=0 | TRACKS: vis=15 lost=3 engaged=0 | TOP: black_usv6(x210,260) black_usv3(x213,676) black_usv19(x214,617) | KILL=0 | ACTIONS=20 | INTENT: focus=2 ratio=0.20
      [DETECT] black_usv2
[t=5,895s] step=240 | MISSION=NORMAL_C | USV: 10/10 (avail=0 int=10 lock=0 frz=0) | UAV: air=10 rtb=0 chg=0 loiter=0 | TRACKS: vis=17 lost=2 engaged=0 | TOP: black_usv3(x211,453) black_usv19(x212,442) black_usv6(x207,810) | KILL=0 | ACTIONS=20 | INTENT: focus=2 ratio=0.20
[t=6,163s] step=250 | MISSION=NORMAL_C | USV: 10/10 (avail=0 int=10 lock=0 frz=0) | UAV: air=10 rtb=0 chg=0 loiter=0 | TRACKS: vis=17 lost=1 engaged=0 | TOP: black_usv3(x209,257) black_usv19(x210,298) black_usv6(x205,154) | KILL=0 | ACTIONS=20 | INTENT: focus=2 ratio=0.20
[t=6,426s] step=260 | MISSION=NORMAL_C | USV: 10/10 (avail=0 int=10 lock=0 frz=0) | UAV: air=10 rtb=0 chg=0 loiter=0 | TRACKS: vis=17 lost=1 engaged=0 | TOP: black_usv3(x207,115) black_usv19(x208,195) black_usv20(x212,709) | KILL=0 | ACTIONS=20 | INTENT: focus=2 ratio=0.20
[t=6,685s] step=270 | MISSION=NORMAL_C | USV: 10/10 (avail=0 int=10 lock=0 frz=0) | UAV: air=10 rtb=0 chg=0 loiter=0 | TRACKS: vis=17 lost=1 engaged=0 | TOP: black_usv3(x204,999) black_usv19(x206,122) black_usv20(x210,823) | KILL=0 | ACTIONS=20 | INTENT: focus=2 ratio=0.20
[t=6,943s] step=280 | MISSION=NORMAL_C | USV: 10/10 (avail=0 int=10 lock=0 frz=0) | UAV: air=10 rtb=0 chg=0 loiter=0 | TRACKS: vis=17 lost=0 engaged=0 | TOP: black_usv19(x204,055) black_usv20(x208,944) black_usv11(x190,558) | KILL=0 | ACTIONS=20 | INTENT: focus=2 ratio=0.20
[t=7,205s] step=290 | MISSION=NORMAL_C | USV: 10/10 (avail=0 int=10 lock=0 frz=0) | UAV: air=10 rtb=0 chg=0 loiter=0 | TRACKS: vis=17 lost=0 engaged=0 | TOP: black_usv19(x201,966) black_usv20(x207,044) black_usv11(x187,946) | KILL=0 | ACTIONS=20 | INTENT: focus=2 ratio=0.20
      [ASSIGN] white_usv8->black_usv13(机会锁定)
      [ASSIGN] white_usv3->black_usv8(机会锁定)
      [ASSIGN] white_usv5->black_usv9(机会锁定)
      [ASSIGN] white_usv9->black_usv14(机会锁定)
      [ASSIGN] white_usv10->black_usv14(机会锁定)
[t=7,480s] step=300 | MISSION=NORMAL_C | USV: 10/10 (avail=0 int=4 lock=6 frz=0) | UAV: air=10 rtb=0 chg=0 loiter=0 | TRACKS: vis=17 lost=0 engaged=4 | TOP: black_usv19(x199,766) black_usv11(x185,197) black_usv20(x205,044) | KILL=0 | ACTIONS=20 | INTENT: focus=2 ratio=0.20
      [ASSIGN] white_usv2->black_usv11(机会锁定)
      [ASSIGN] white_usv6->black_usv12(机会锁定)
      [ASSIGN] white_usv7->black_usv11(机会锁定)
      [ASSIGN] white_usv4->black_usv10(机会锁定)
      [ASSIGN] white_usv8->black_usv11(机会锁定)
      [ASSIGN] white_usv3->black_usv10(机会锁定)
      [ASSIGN] white_usv5->black_usv8(机会锁定)
[t=7,760s] step=310 | MISSION=NORMAL_C | USV: 10/10 (avail=0 int=0 lock=10 frz=0) | UAV: air=10 rtb=0 chg=0 loiter=0 | TRACKS: vis=16 lost=1 engaged=6 | TOP: black_usv13(x183,678) black_usv19(x197,527) black_usv7(x186,440) | KILL=1 | ACTIONS=20 | INTENT: focus=2 ratio=0.20
      [ASSIGN] white_usv1->black_usv9(机会锁定)
      [ASSIGN] white_usv7->black_usv13(机会锁定)
      [ASSIGN] white_usv2->black_usv13(机会锁定)
      [ASSIGN] white_usv8->black_usv13(机会锁定)
      [ASSIGN] white_usv9->black_usv17(机会锁定)
      [ASSIGN] white_usv10->black_usv17(机会锁定)
      [ASSIGN] white_usv7->black_usv11(机会锁定)
      [ASSIGN] white_usv2->black_usv11(机会锁定)
      [ASSIGN] white_usv8->black_usv11(机会锁定)
      [ASSIGN] white_usv7->black_usv13(机会锁定)
      [ASSIGN] white_usv2->black_usv13(机会锁定)
      [ASSIGN] white_usv8->black_usv13(机会锁定)
      [ASSIGN] white_usv7->black_usv11(机会锁定)
      [ASSIGN] white_usv2->black_usv11(机会锁定)
      [ASSIGN] white_usv8->black_usv11(机会锁定)
      [ASSIGN] white_usv7->black_usv13(机会锁定)
      [ASSIGN] white_usv2->black_usv13(机会锁定)
      [ASSIGN] white_usv8->black_usv13(机会锁定)
      [ASSIGN] white_usv6->black_usv11(机会锁定)
      [ASSIGN] white_usv7->black_usv11(机会锁定)
      [ASSIGN] white_usv2->black_usv11(机会锁定)
      [ASSIGN] white_usv8->black_usv11(机会锁定)
      [ASSIGN] white_usv6->black_usv12(机会锁定)
      [ASSIGN] white_usv7->black_usv12(机会锁定)
      [ASSIGN] white_usv2->black_usv12(机会锁定)
      [ASSIGN] white_usv8->black_usv12(机会锁定)
      [ASSIGN] white_usv5->black_usv11(机会锁定)
      [ASSIGN] white_usv4->black_usv11(机会锁定)
      [ASSIGN] white_usv3->black_usv8(机会锁定)
      [ASSIGN] white_usv5->black_usv10(机会锁定)
      [ASSIGN] white_usv4->black_usv10(机会锁定)
[t=8,081s] step=320 | MISSION=NORMAL_C | USV: 10/10 (avail=0 int=2 lock=8 frz=0) | UAV: air=10 rtb=0 chg=0 loiter=0 | TRACKS: vis=17 lost=0 engaged=4 | TOP: black_usv13(x183,678) black_usv7(x186,165) black_usv19(x194,393) | KILL=3 | ACTIONS=20 | INTENT: focus=2 ratio=0.20
      [ASSIGN] white_usv1->black_usv7(机会锁定)
      [ASSIGN] white_usv9->black_usv15(机会锁定)
      [ASSIGN] white_usv10->black_usv15(机会锁定)
      [KILL] black_usv11
      [KILL] black_usv13
      [ASSIGN] white_usv6->black_usv9(机会锁定)
      [ASSIGN] white_usv2->black_usv9(机会锁定)
[t=8,382s] step=330 | MISSION=NORMAL_C | USV: 9/10 (avail=0 int=2 lock=7 frz=0) | UAV: air=10 rtb=0 chg=0 loiter=0 | TRACKS: vis=13 lost=2 engaged=4 | TOP: black_usv7(x183,245) black_usv14(x185,320) black_usv16(x182,355) | KILL=5 | ACTIONS=19 | INTENT: focus=2 ratio=0.20
      [ASSIGN] white_usv5->black_usv8(机会锁定)
      [ASSIGN] white_usv4->black_usv8(机会锁定)
      [KILL] black_usv14
      [ASSIGN] white_usv1->black_usv10(机会锁定)
      [ASSIGN] white_usv9->black_usv16(机会锁定)
      [ASSIGN] white_usv10->black_usv16(机会锁定)
      [ASSIGN] white_usv6->black_usv10(机会锁定)
      [ASSIGN] white_usv2->black_usv12(机会锁定)
[t=8,670s] step=340 | MISSION=NORMAL_C | USV: 9/10 (avail=0 int=3 lock=6 frz=0) | UAV: air=10 rtb=0 chg=0 loiter=0 | TRACKS: vis=14 lost=0 engaged=3 | TOP: black_usv7(x180,984) black_usv15(x179,757) black_usv18(x183,025) | KILL=6 | ACTIONS=19 | INTENT: focus=2 ratio=0.20
      [ASSIGN] white_usv5->black_usv9(机会锁定)
      [ASSIGN] white_usv2->black_usv9(机会锁定)
      [ASSIGN] white_usv4->black_usv9(机会锁定)
      [ASSIGN] white_usv3->black_usv9(机会锁定)
      [ASSIGN] white_usv5->black_usv8(机会锁定)
      [ASSIGN] white_usv2->black_usv8(机会锁定)
      [ASSIGN] white_usv4->black_usv8(机会锁定)
      [ASSIGN] white_usv3->black_usv8(机会锁定)
      [KILL] black_usv17
      [ASSIGN] white_usv1->black_usv7(机会锁定)
      [ASSIGN] white_usv5->black_usv9(机会锁定)
      [ASSIGN] white_usv6->black_usv9(机会锁定)
      [ASSIGN] white_usv2->black_usv9(机会锁定)
      [ASSIGN] white_usv4->black_usv9(机会锁定)
      [ASSIGN] white_usv3->black_usv9(机会锁定)
      [ASSIGN] white_usv5->black_usv8(机会锁定)
      [ASSIGN] white_usv6->black_usv8(机会锁定)
      [ASSIGN] white_usv2->black_usv8(机会锁定)
      [ASSIGN] white_usv4->black_usv8(机会锁定)
      [ASSIGN] white_usv3->black_usv8(机会锁定)
      [ASSIGN] white_usv9->black_usv15(机会锁定)
      [ASSIGN] white_usv10->black_usv15(机会锁定)
      [ASSIGN] white_usv5->black_usv10(机会锁定)
      [ASSIGN] white_usv6->black_usv10(机会锁定)
      [ASSIGN] white_usv7->black_usv9(机会锁定)
      [ASSIGN] white_usv2->black_usv10(机会锁定)
      [ASSIGN] white_usv4->black_usv10(机会锁定)
      [ASSIGN] white_usv3->black_usv10(机会锁定)
      [ASSIGN] white_usv5->black_usv8(机会锁定)
      [ASSIGN] white_usv6->black_usv8(机会锁定)
      [ASSIGN] white_usv7->black_usv12(机会锁定)
      [ASSIGN] white_usv2->black_usv12(机会锁定)
      [ASSIGN] white_usv4->black_usv8(机会锁定)
      [ASSIGN] white_usv3->black_usv8(机会锁定)
      [ASSIGN] white_usv5->black_usv10(机会锁定)
      [ASSIGN] white_usv6->black_usv10(机会锁定)
      [ASSIGN] white_usv7->black_usv9(机会锁定)
      [ASSIGN] white_usv2->black_usv10(机会锁定)
      [ASSIGN] white_usv4->black_usv10(机会锁定)
      [ASSIGN] white_usv3->black_usv10(机会锁定)
      [KILL] black_usv12
      [ASSIGN] white_usv5->black_usv8(机会锁定)
      [ASSIGN] white_usv6->black_usv8(机会锁定)
      [ASSIGN] white_usv7->black_usv8(机会锁定)
      [ASSIGN] white_usv2->black_usv8(机会锁定)
      [ASSIGN] white_usv4->black_usv8(机会锁定)
      [ASSIGN] white_usv3->black_usv8(机会锁定)
      [ASSIGN] white_usv6->black_usv10(机会锁定)
      [ASSIGN] white_usv7->black_usv9(机会锁定)
      [ASSIGN] white_usv4->black_usv10(机会锁定)
      [ASSIGN] white_usv3->black_usv10(机会锁定)
      [ASSIGN] white_usv6->black_usv9(机会锁定)
      [ASSIGN] white_usv7->black_usv16(机会锁定)
      [ASSIGN] white_usv4->black_usv9(机会锁定)
      [ASSIGN] white_usv3->black_usv9(机会锁定)
[t=9,006s] step=350 | MISSION=NORMAL_C | USV: 9/10 (avail=0 int=6 lock=3 frz=0) | UAV: air=10 rtb=0 chg=0 loiter=0 | TRACKS: vis=12 lost=0 engaged=2 | TOP: black_usv16(x176,346) black_usv4(x178,866) black_usv5(x180,045) | KILL=8 | ACTIONS=19 | INTENT: focus=2 ratio=0.20
      [ASSIGN] white_usv6->black_usv10(机会锁定)
      [ASSIGN] white_usv4->black_usv10(机会锁定)
      [ASSIGN] white_usv3->black_usv10(机会锁定)
      [ASSIGN] white_usv6->black_usv8(机会锁定)
      [ASSIGN] white_usv2->black_usv9(机会锁定)
      [ASSIGN] white_usv4->black_usv9(机会锁定)
      [ASSIGN] white_usv3->black_usv9(机会锁定)
      [ASSIGN] white_usv1->black_usv10(机会锁定)
      [ASSIGN] white_usv5->black_usv10(机会锁定)
      [ASSIGN] white_usv2->black_usv10(机会锁定)
      [ASSIGN] white_usv4->black_usv10(机会锁定)
      [ASSIGN] white_usv3->black_usv10(机会锁定)
      [ASSIGN] white_usv1->black_usv7(机会锁定)
      [ASSIGN] white_usv5->black_usv9(机会锁定)
      [ASSIGN] white_usv2->black_usv9(机会锁定)
      [ASSIGN] white_usv4->black_usv9(机会锁定)
      [ASSIGN] white_usv3->black_usv9(机会锁定)
      [ASSIGN] white_usv9->black_usv16(机会锁定)
      [ASSIGN] white_usv10->black_usv16(机会锁定)
      [ASSIGN] white_usv5->black_usv10(机会锁定)
      [ASSIGN] white_usv6->black_usv10(机会锁定)
      [ASSIGN] white_usv2->black_usv10(机会锁定)
      [ASSIGN] white_usv4->black_usv10(机会锁定)
      [ASSIGN] white_usv3->black_usv10(机会锁定)
      [ASSIGN] white_usv5->black_usv8(机会锁定)
      [ASSIGN] white_usv6->black_usv8(机会锁定)
      [ASSIGN] white_usv2->black_usv8(机会锁定)
      [ASSIGN] white_usv4->black_usv8(机会锁定)
      [ASSIGN] white_usv3->black_usv8(机会锁定)
      [ASSIGN] white_usv5->black_usv10(机会锁定)
      [ASSIGN] white_usv6->black_usv10(机会锁定)
      [ASSIGN] white_usv2->black_usv10(机会锁定)
      [ASSIGN] white_usv4->black_usv10(机会锁定)
      [ASSIGN] white_usv3->black_usv10(机会锁定)
      [KILL] black_usv8
      [KILL] black_usv9
      [ASSIGN] white_usv4->black_usv7(机会锁定)
      [ASSIGN] white_usv3->black_usv7(机会锁定)
      [ASSIGN] white_usv7->black_usv15(机会锁定)
      [KILL] black_usv10
      [RELEASE] white_usv5->black_usv10(目标失效)
      [RELEASE] white_usv6->black_usv10(目标失效)
      [RELEASE] white_usv2->black_usv10(目标失效)
[t=9,381s] step=360 | MISSION=NORMAL_C | USV: 9/10 (avail=0 int=4 lock=5 frz=0) | UAV: air=10 rtb=0 chg=0 loiter=0 | TRACKS: vis=9 lost=0 engaged=2 | TOP: black_usv4(x175,209) black_usv18(x175,976) black_usv5(x176,302) | KILL=9 | ACTIONS=19 | INTENT: focus=2 ratio=0.20
      [ASSIGN] white_usv5->black_usv4
      [ASSIGN] white_usv6->black_usv5
      [ASSIGN] white_usv2->black_usv18
      [ASSIGN] white_usv5->black_usv7(机会锁定)
      [ASSIGN] white_usv2->black_usv16(机会锁定)
      [ASSIGN] white_usv9->black_usv15(机会锁定)
      [ASSIGN] white_usv10->black_usv15(机会锁定)
      [DETECT] black_usv3
      [ASSIGN] white_usv1->black_usv4(机会锁定)
      [ASSIGN] white_usv7->black_usv16(机会锁定)
      [ASSIGN] white_usv9->black_usv16(机会锁定)
      [ASSIGN] white_usv10->black_usv16(机会锁定)
      [ASSIGN] white_usv7->black_usv15(机会锁定)
      [ASSIGN] white_usv2->black_usv15(机会锁定)
      [ASSIGN] white_usv9->black_usv15(机会锁定)
      [ASSIGN] white_usv10->black_usv15(机会锁定)
      [ASSIGN] white_usv7->black_usv16(机会锁定)
      [ASSIGN] white_usv2->black_usv16(机会锁定)
      [ASSIGN] white_usv9->black_usv16(机会锁定)
      [ASSIGN] white_usv10->black_usv16(机会锁定)
      [ASSIGN] white_usv7->black_usv15(机会锁定)
      [ASSIGN] white_usv2->black_usv15(机会锁定)
      [ASSIGN] white_usv9->black_usv15(机会锁定)
      [ASSIGN] white_usv7->black_usv16(机会锁定)
      [ASSIGN] white_usv2->black_usv16(机会锁定)
      [ASSIGN] white_usv9->black_usv16(机会锁定)
      [ASSIGN] white_usv2->black_usv15(机会锁定)
      [ASSIGN] white_usv9->black_usv15(机会锁定)
      [KILL] black_usv15
      [RELEASE] white_usv2->black_usv15(目标失效)
      [ASSIGN] white_usv2->black_usv16(机会锁定)
      [RELEASE] white_usv9->black_usv15(目标失效)
      [ASSIGN] white_usv9->black_usv16(机会锁定)
[t=9,759s] step=370 | MISSION=NORMAL_C | USV: 8/10 (avail=0 int=7 lock=1 frz=0) | UAV: air=10 rtb=0 chg=0 loiter=0 | TRACKS: vis=9 lost=0 engaged=1 | TOP: black_usv3(x178,589) black_usv18(x172,242) black_usv19(x178,879) | KILL=11 | ACTIONS=18 | INTENT: focus=2 ratio=0.20
      [ASSIGN] white_usv9->black_usv18(机会锁定)
      [ASSIGN] white_usv1->black_usv6(机会锁定)
      [ASSIGN] white_usv6->black_usv7(机会锁定)
      [ASSIGN] white_usv5->black_usv5(机会锁定)
      [KILL] black_usv7
      [KILL] black_usv16
      [RELEASE] white_usv6->black_usv7(目标失效)
      [RELEASE] white_usv7->black_usv16(目标失效)
      [RELEASE] white_usv2->black_usv16(目标失效)
      [RELEASE] white_usv4->black_usv7(目标失效)
      [RELEASE] white_usv10->black_usv16(目标失效)
      [ASSIGN] white_usv6->black_usv3
      [ASSIGN] white_usv7->black_usv3
      [ASSIGN] white_usv2->black_usv20
      [ASSIGN] white_usv4->black_usv4
      [ASSIGN] white_usv10->black_usv19
[t=10,152s] step=380 | MISSION=NORMAL_C | USV: 8/10 (avail=5 int=1 lock=2 frz=0) | UAV: air=10 rtb=0 chg=0 loiter=0 | TRACKS: vis=7 lost=0 engaged=2 | TOP: black_usv5(x168,594) black_usv6(x168,942) black_usv4(x170,511) | KILL=11 | ACTIONS=18 | INTENT: focus=2 ratio=0.20
      [ASSIGN] white_usv1->black_usv5(机会锁定)
      [ASSIGN] white_usv5->black_usv6(机会锁定)
      [ASSIGN] white_usv6->black_usv5(机会锁定)
      [ASSIGN] white_usv2->black_usv18(机会锁定)
      [ASSIGN] white_usv10->black_usv18(机会锁定)
      [ASSIGN] white_usv4->black_usv5(机会锁定)
      [ASSIGN] white_usv1->black_usv4(机会锁定)
[t=10,519s] step=390 | MISSION=NORMAL_C | USV: 8/10 (avail=0 int=5 lock=3 frz=0) | UAV: air=10 rtb=0 chg=0 loiter=0 | TRACKS: vis=7 lost=0 engaged=2 | TOP: black_usv4(x167,233) black_usv19(x171,328) black_usv20(x178,422) | KILL=12 | ACTIONS=18 | INTENT: focus=2 ratio=0.20
      [ASSIGN] white_usv6->black_usv6(机会锁定)
      [ASSIGN] white_usv4->black_usv6(机会锁定)
      [ASSIGN] white_usv1->black_usv5(机会锁定)
      [ASSIGN] white_usv1->black_usv4(机会锁定)
      [ASSIGN] white_usv5->black_usv4(机会锁定)
      [ASSIGN] white_usv6->black_usv4(机会锁定)
      [ASSIGN] white_usv4->black_usv4(机会锁定)
      [ASSIGN] white_usv1->black_usv5(机会锁定)
      [ASSIGN] white_usv5->black_usv5(机会锁定)
      [ASSIGN] white_usv6->black_usv5(机会锁定)
      [ASSIGN] white_usv4->black_usv5(机会锁定)
[t=10,929s] step=400 | MISSION=NORMAL_C | USV: 8/10 (avail=0 int=8 lock=0 frz=0) | UAV: air=10 rtb=0 chg=0 loiter=0 | TRACKS: vis=7 lost=0 engaged=0 | TOP: black_usv6(x164,752) black_usv5(x165,094) black_usv19(x167,229) | KILL=15 | ACTIONS=18 | INTENT: focus=2 ratio=0.20
      [ASSIGN] white_usv1->black_usv6(机会锁定)
      [ASSIGN] white_usv5->black_usv6(机会锁定)
      [ASSIGN] white_usv6->black_usv6(机会锁定)
      [ASSIGN] white_usv4->black_usv6(机会锁定)
      [ASSIGN] white_usv1->black_usv5(机会锁定)
      [ASSIGN] white_usv5->black_usv5(机会锁定)
      [ASSIGN] white_usv6->black_usv5(机会锁定)
      [ASSIGN] white_usv4->black_usv5(机会锁定)
      [ASSIGN] white_usv1->black_usv6(机会锁定)
      [ASSIGN] white_usv5->black_usv6(机会锁定)
      [ASSIGN] white_usv6->black_usv6(机会锁定)
      [ASSIGN] white_usv4->black_usv6(机会锁定)
      [ASSIGN] white_usv9->black_usv19(机会锁定)
      [KILL] black_usv18
      [ASSIGN] white_usv1->black_usv5(机会锁定)
      [ASSIGN] white_usv5->black_usv5(机会锁定)
      [ASSIGN] white_usv6->black_usv5(机会锁定)
      [RELEASE] white_usv2->black_usv18(目标失效)
      [ASSIGN] white_usv4->black_usv5(机会锁定)
      [RELEASE] white_usv10->black_usv18(目标失效)
      [ASSIGN] white_usv10->black_usv19(机会锁定)
      [KILL] black_usv5
      [RELEASE] white_usv1->black_usv5(目标失效)
      [ASSIGN] white_usv1->black_usv6(机会锁定)
      [RELEASE] white_usv5->black_usv5(目标失效)
      [RELEASE] white_usv6->black_usv5(目标失效)
      [ASSIGN] white_usv6->black_usv6(机会锁定)
      [ASSIGN] white_usv2->black_usv4
      [RELEASE] white_usv4->black_usv5(目标失效)
      [ASSIGN] white_usv4->black_usv6(机会锁定)
      [ASSIGN] white_usv5->black_usv20
      [ASSIGN] white_usv4->black_usv4(机会锁定)
      [ASSIGN] white_usv4->black_usv6(机会锁定)
      [ASSIGN] white_usv4->black_usv4(机会锁定)
      [ASSIGN] white_usv4->black_usv6(机会锁定)
      [ASSIGN] white_usv1->black_usv4(机会锁定)
      [ASSIGN] white_usv6->black_usv4(机会锁定)
      [ASSIGN] white_usv4->black_usv4(机会锁定)
[t=11,353s] step=410 | MISSION=NORMAL_C | USV: 8/10 (avail=0 int=6 lock=2 frz=0) | UAV: air=10 rtb=0 chg=0 loiter=0 | TRACKS: vis=5 lost=0 engaged=1 | TOP: black_usv4(x164,119) black_usv20(x170,596) black_usv3(x164,808) | KILL=15 | ACTIONS=18 | INTENT: focus=2 ratio=0.20
      [ASSIGN] white_usv1->black_usv6(机会锁定)
      [ASSIGN] white_usv6->black_usv6(机会锁定)
      [ASSIGN] white_usv4->black_usv6(机会锁定)
      [ASSIGN] white_usv1->black_usv4(机会锁定)
      [ASSIGN] white_usv6->black_usv4(机会锁定)
      [ASSIGN] white_usv7->black_usv6(机会锁定)
      [ASSIGN] white_usv4->black_usv4(机会锁定)
      [KILL] black_usv4
      [RELEASE] white_usv1->black_usv4(目标失效)
      [ASSIGN] white_usv1->black_usv6(机会锁定)
      [RELEASE] white_usv6->black_usv4(目标失效)
      [ASSIGN] white_usv6->black_usv6(机会锁定)
      [RELEASE] white_usv2->black_usv4(目标失效)
      [RELEASE] white_usv4->black_usv4(目标失效)
      [ASSIGN] white_usv4->black_usv6(机会锁定)
      [KILL] black_usv6
      [RELEASE] white_usv1->black_usv6(目标失效)
      [RELEASE] white_usv6->black_usv6(目标失效)
      [RELEASE] white_usv7->black_usv6(目标失效)
      [ASSIGN] white_usv2->black_usv3
      [RELEASE] white_usv4->black_usv6(目标失效)
      [ASSIGN] white_usv1->black_usv20
      [ASSIGN] white_usv6->black_usv19
      [ASSIGN] white_usv7->black_usv20
      [ASSIGN] white_usv4->black_usv3
      [DETECT] black_usv2
      [DETECT] black_usv1
[t=11,748s] step=420 | MISSION=NORMAL_C | USV: 8/10 (avail=0 int=7 lock=1 frz=0) | UAV: air=10 rtb=0 chg=0 loiter=0 | TRACKS: vis=3 lost=2 engaged=1 | TOP: black_usv2(x173,554) black_usv1(x183,617) black_usv19(x161,800) | KILL=15 | ACTIONS=18 | INTENT: focus=2 ratio=0.20
[t=12,181s] step=430 | MISSION=NORMAL_C | USV: 8/10 (avail=0 int=8 lock=0 frz=0) | UAV: air=10 rtb=0 chg=0 loiter=0 | TRACKS: vis=4 lost=0 engaged=0 | TOP: black_usv2(x169,774) black_usv3(x157,295) black_usv20(x163,284) | KILL=16 | ACTIONS=18 | INTENT: focus=2 ratio=0.20
      [KILL] black_usv19
      [RELEASE] white_usv6->black_usv19(目标失效)
      [RELEASE] white_usv9->black_usv19(目标失效)
      [RELEASE] white_usv10->black_usv19(目标失效)
      [ASSIGN] white_usv6->black_usv2
      [ASSIGN] white_usv9->black_usv2
      [ASSIGN] white_usv10->black_usv3
      [DETECT] black_usv1
[t=12,600s] step=440 | MISSION=NORMAL_C | USV: 8/10 (avail=0 int=7 lock=1 frz=0) | UAV: air=10 rtb=0 chg=0 loiter=0 | TRACKS: vis=4 lost=0 engaged=1 | TOP: black_usv1(x179,111) black_usv3(x153,705) black_usv2(x165,584) | KILL=16 | ACTIONS=18 | INTENT: focus=2 ratio=0.20
[t=13,031s] step=450 | MISSION=NORMAL_C | USV: 8/10 (avail=0 int=8 lock=0 frz=0) | UAV: air=10 rtb=0 chg=0 loiter=0 | TRACKS: vis=3 lost=1 engaged=0 | TOP: black_usv1(x176,832) black_usv3(x153,325) black_usv20(x155,985) | KILL=17 | ACTIONS=18 | INTENT: focus=2 ratio=0.20
[t=13,472s] step=460 | MISSION=NORMAL_C | USV: 8/10 (avail=0 int=8 lock=0 frz=0) | UAV: air=10 rtb=0 chg=0 loiter=0 | TRACKS: vis=4 lost=0 engaged=0 | TOP: black_usv1(x174,500) black_usv3(x153,325) black_usv20(x151,871) | KILL=17 | ACTIONS=18 | INTENT: focus=2 ratio=0.20
      [KILL] black_usv3
      [RELEASE] white_usv2->black_usv3(目标失效)
      [RELEASE] white_usv4->black_usv3(目标失效)
      [RELEASE] white_usv10->black_usv3(目标失效)
      [ASSIGN] white_usv2->black_usv1
      [ASSIGN] white_usv4->black_usv1
      [ASSIGN] white_usv10->black_usv1
      [RELEASE] white_usv6->black_usv2(目标失效)
      [RELEASE] white_usv9->black_usv2(目标失效)
[t=13,922s] step=470 | MISSION=NORMAL_C | USV: 8/10 (avail=0 int=8 lock=0 frz=0) | UAV: air=10 rtb=0 chg=0 loiter=0 | TRACKS: vis=0 lost=2 engaged=0 | TOP: black_usv1(x172,121) black_usv20(x147,528) | KILL=17 | ACTIONS=18 | INTENT: focus=2 ratio=0.20
      [RELEASE] white_usv2->black_usv1(目标失效)
      [RELEASE] white_usv4->black_usv1(目标失效)
      [RELEASE] white_usv10->black_usv1(目标失效)
      [RELEASE] white_usv1->black_usv20(目标失效)
      [RELEASE] white_usv5->black_usv20(目标失效)
      [RELEASE] white_usv7->black_usv20(目标失效)
[t=14,398s] step=480 | MISSION=GLOBAL_R | USV: 8/10 (avail=8 int=0 lock=0 frz=0) | UAV: air=10 rtb=0 chg=0 loiter=0 | TRACKS: vis=0 lost=0 engaged=0 | TOP:  | KILL=17 | ACTIONS=18 | INTENT: focus=2 ratio=0.20
      [DETECT] black_usv2
      [ASSIGN] white_usv6->black_usv2
      [ASSIGN] white_usv2->black_usv2
      [ASSIGN] white_usv4->black_usv2
[t=14,841s] step=490 | MISSION=NORMAL_C | USV: 8/10 (avail=5 int=3 lock=0 frz=0) | UAV: air=10 rtb=0 chg=0 loiter=0 | TRACKS: vis=0 lost=1 engaged=0 | TOP: black_usv2(x145,392) | KILL=17 | ACTIONS=18 | INTENT: focus=2 ratio=0.20
      [RELEASE] white_usv6->black_usv2(目标失效)
      [RELEASE] white_usv2->black_usv2(目标失效)
      [RELEASE] white_usv4->black_usv2(目标失效)
[t=15,310s] step=500 | MISSION=GLOBAL_R | USV: 8/10 (avail=8 int=0 lock=0 frz=0) | UAV: air=10 rtb=0 chg=0 loiter=0 | TRACKS: vis=0 lost=0 engaged=0 | TOP:  | KILL=17 | ACTIONS=18 | INTENT: focus=2 ratio=0.20
      [DETECT] black_usv2
      [ASSIGN] white_usv6->black_usv2
      [ASSIGN] white_usv2->black_usv2
      [ASSIGN] white_usv4->black_usv2(机会锁定)
[t=15,769s] step=510 | MISSION=NORMAL_C | USV: 8/10 (avail=5 int=2 lock=1 frz=0) | UAV: air=10 rtb=0 chg=0 loiter=0 | TRACKS: vis=1 lost=0 engaged=1 | TOP: black_usv2(x138,178) | KILL=17 | ACTIONS=18 | INTENT: focus=2 ratio=0.20
[t=16,248s] step=520 | MISSION=NORMAL_C | USV: 8/10 (avail=5 int=2 lock=1 frz=0) | UAV: air=10 rtb=0 chg=0 loiter=0 | TRACKS: vis=1 lost=0 engaged=1 | TOP: black_usv2(x136,696) | KILL=17 | ACTIONS=18 | INTENT: focus=2 ratio=0.20
[t=16,744s] step=530 | MISSION=NORMAL_C | USV: 8/10 (avail=5 int=3 lock=0 frz=0) | UAV: air=10 rtb=0 chg=0 loiter=0 | TRACKS: vis=1 lost=0 engaged=0 | TOP: black_usv2(x136,384) | KILL=18 | ACTIONS=18 | INTENT: focus=2 ratio=0.20
      [KILL] black_usv2
      [RELEASE] white_usv6->black_usv2(目标失效)
      [RELEASE] white_usv2->black_usv2(目标失效)
      [RELEASE] white_usv4->black_usv2(目标失效)
      [DETECT] black_usv1
      [ASSIGN] white_usv6->black_usv1
      [ASSIGN] white_usv2->black_usv1
      [ASSIGN] white_usv4->black_usv1
[t=17,211s] step=540 | MISSION=NORMAL_C | USV: 8/10 (avail=5 int=3 lock=0 frz=0) | UAV: air=10 rtb=0 chg=0 loiter=0 | TRACKS: vis=0 lost=1 engaged=0 | TOP: black_usv1(x143,380) | KILL=18 | ACTIONS=18 | INTENT: focus=2 ratio=0.20
      [RELEASE] white_usv6->black_usv1(目标失效)
      [RELEASE] white_usv2->black_usv1(目标失效)
      [RELEASE] white_usv4->black_usv1(目标失效)
      [DETECT] black_usv1
      [ASSIGN] white_usv6->black_usv1
      [ASSIGN] white_usv2->black_usv1
      [ASSIGN] white_usv4->black_usv1
[t=17,712s] step=550 | MISSION=NORMAL_C | USV: 8/10 (avail=8 int=0 lock=0 frz=0) | UAV: air=10 rtb=0 chg=0 loiter=0 | TRACKS: vis=1 lost=0 engaged=0 | TOP: black_usv1(x138,515) | KILL=18 | ACTIONS=18 | INTENT: focus=2 ratio=0.20
[t=18,207s] step=560 | MISSION=NORMAL_C | USV: 8/10 (avail=5 int=3 lock=0 frz=0) | UAV: air=10 rtb=0 chg=0 loiter=0 | TRACKS: vis=0 lost=1 engaged=0 | TOP: black_usv1(x135,184) | KILL=18 | ACTIONS=18 | INTENT: focus=2 ratio=0.20
      [RELEASE] white_usv6->black_usv1(目标失效)
      [RELEASE] white_usv2->black_usv1(目标失效)
      [RELEASE] white_usv4->black_usv1(目标失效)
      [DETECT] black_usv1
      [ASSIGN] white_usv6->black_usv1
      [ASSIGN] white_usv2->black_usv1
      [ASSIGN] white_usv4->black_usv1
[t=18,688s] step=570 | MISSION=NORMAL_C | USV: 8/10 (avail=5 int=3 lock=0 frz=0) | UAV: air=10 rtb=0 chg=0 loiter=0 | TRACKS: vis=0 lost=1 engaged=0 | TOP: black_usv1(x130,916) | KILL=18 | ACTIONS=18 | INTENT: focus=2 ratio=0.20
      [RELEASE] white_usv6->black_usv1(目标失效)
      [RELEASE] white_usv2->black_usv1(目标失效)
      [RELEASE] white_usv4->black_usv1(目标失效)
[t=19,191s] step=580 | MISSION=GLOBAL_R | USV: 8/10 (avail=8 int=0 lock=0 frz=0) | UAV: air=10 rtb=0 chg=0 loiter=0 | TRACKS: vis=0 lost=0 engaged=0 | TOP:  | KILL=18 | ACTIONS=18 | INTENT: focus=2 ratio=0.20
      [DETECT] black_usv1
      [ASSIGN] white_usv6->black_usv1
      [ASSIGN] white_usv2->black_usv1
      [ASSIGN] white_usv4->black_usv1
[t=19,681s] step=590 | MISSION=NORMAL_C | USV: 8/10 (avail=5 int=2 lock=1 frz=0) | UAV: air=10 rtb=0 chg=0 loiter=0 | TRACKS: vis=1 lost=0 engaged=1 | TOP: black_usv1(x121,717) | KILL=18 | ACTIONS=18 | INTENT: focus=2 ratio=0.20
[t=20,181s] step=600 | MISSION=NORMAL_C | USV: 8/10 (avail=5 int=1 lock=2 frz=0) | UAV: air=10 rtb=0 chg=0 loiter=0 | TRACKS: vis=1 lost=0 engaged=1 | TOP: black_usv1(x119,628) | KILL=18 | ACTIONS=18 | INTENT: focus=2 ratio=0.20
[t=20,712s] step=610 | MISSION=NORMAL_C | USV: 8/10 (avail=5 int=3 lock=0 frz=0) | UAV: air=10 rtb=0 chg=0 loiter=0 | TRACKS: vis=1 lost=0 engaged=0 | TOP: black_usv1(x119,146) | KILL=19 | ACTIONS=18 | INTENT: focus=2 ratio=0.20
      [KILL] black_usv1
      [RELEASE] white_usv6->black_usv1(目标失效)
      [RELEASE] white_usv2->black_usv1(目标失效)
      [RELEASE] white_usv4->black_usv1(目标失效)
[t=21,275s] step=620 | MISSION=GLOBAL_R | USV: 8/10 (avail=8 int=0 lock=0 frz=0) | UAV: air=10 rtb=0 chg=0 loiter=0 | TRACKS: vis=0 lost=0 engaged=0 | TOP:  | KILL=19 | ACTIONS=18 | INTENT: focus=2 ratio=0.20
[t=21,808s] step=630 | MISSION=GLOBAL_R | USV: 8/10 (avail=8 int=0 lock=0 frz=0) | UAV: air=10 rtb=0 chg=0 loiter=0 | TRACKS: vis=0 lost=0 engaged=0 | TOP:  | KILL=19 | ACTIONS=18 | INTENT: focus=2 ratio=0.20
      [DETECT] black_usv20
      [ASSIGN] white_usv1->black_usv20
      [ASSIGN] white_usv5->black_usv20
      [ASSIGN] white_usv7->black_usv20
[t=22,340s] step=640 | MISSION=NORMAL_C | USV: 8/10 (avail=5 int=3 lock=0 frz=0) | UAV: air=10 rtb=0 chg=0 loiter=0 | TRACKS: vis=0 lost=1 engaged=0 | TOP: black_usv20(x87,126) | KILL=19 | ACTIONS=18 | INTENT: focus=2 ratio=0.20
      [RELEASE] white_usv1->black_usv20(目标失效)
      [RELEASE] white_usv5->black_usv20(目标失效)
      [RELEASE] white_usv7->black_usv20(目标失效)
      [UAV RTB] white_uav10(电量2453<2166+300)
      [DETECT] black_usv20
      [ASSIGN] white_usv1->black_usv20
      [ASSIGN] white_usv5->black_usv20
      [ASSIGN] white_usv7->black_usv20
[t=22,861s] step=650 | MISSION=NORMAL_C | USV: 8/10 (avail=8 int=0 lock=0 frz=0) | UAV: air=9 rtb=1 chg=0 loiter=0 | TRACKS: vis=1 lost=0 engaged=0 | TOP: black_usv20(x85,737) | KILL=19 | ACTIONS=18 | INTENT: focus=2 ratio=0.20
      [RELEASE] white_usv1->black_usv20(目标失效)
      [RELEASE] white_usv5->black_usv20(目标失效)
      [RELEASE] white_usv7->black_usv20(目标失效)
[t=23,384s] step=660 | MISSION=GLOBAL_R | USV: 8/10 (avail=8 int=0 lock=0 frz=0) | UAV: air=9 rtb=1 chg=0 loiter=0 | TRACKS: vis=0 lost=0 engaged=0 | TOP:  | KILL=19 | ACTIONS=18 | INTENT: focus=2 ratio=0.20
      [UAV RTB] white_uav7(电量1073<777+300)
[t=23,943s] step=670 | MISSION=GLOBAL_R | USV: 8/10 (avail=8 int=0 lock=0 frz=0) | UAV: air=8 rtb=2 chg=0 loiter=0 | TRACKS: vis=0 lost=0 engaged=0 | TOP:  | KILL=19 | ACTIONS=18 | INTENT: focus=2 ratio=0.20
      [UAV RTB] white_uav6(电量1023<792+300)
      [UAV RTB] white_uav4(电量971<712+300)
      [UAV RTB] white_uav5(电量973<762+300)
      [UAV RTB] white_uav3(电量977<725+300)
      [UAV RTB] white_uav8(电量932<641+300)
      [UAV RTB] white_uav1(电量884<614+300)
      [UAV RTB] white_uav2(电量768<557+300)
      [UAV RTB] white_uav9(电量772<500+300)
[t=24,456s] step=680 | MISSION=GLOBAL_R | USV: 8/10 (avail=8 int=0 lock=0 frz=0) | UAV: air=0 rtb=10 chg=0 loiter=0 | TRACKS: vis=0 lost=0 engaged=0 | TOP:  | KILL=19 | ACTIONS=18 | INTENT: focus=2 ratio=0.20
      [UAV LAND] white_uav8->white_usv5
      [UAV RTB] white_uav8(电量276<54+300)
      [UAV LAND] white_uav4->white_usv2
      [UAV LAND] white_uav10->white_usv4
      [UAV LAND] white_uav7->white_usv2
      [UAV LAND] white_uav9->white_usv4
      [UAV RTB] white_uav4(电量163<8+300)
      [UAV LAND] white_uav4->white_usv2
      [UAV RTB] white_uav10(电量164<16+300)
      [UAV LAND] white_uav10->white_usv6
      [UAV LAND] white_uav5->white_usv2
      [UAV LAND] white_uav6->white_usv2
      [UAV RTB] white_uav7(电量167<38+300)
      [UAV RTB] white_uav9(电量167<15+300)
      [UAV LAND] white_uav9->white_usv6
      [UAV LAND] white_uav8->white_usv5
      [UAV LAND] white_uav2->white_usv6
      [UAV RTB] white_uav4(电量101<6+300)
      [UAV LAND] white_uav4->white_usv2
      [UAV RTB] white_uav10(电量102<16+300)
      [UAV LAND] white_uav10->white_usv4
      [UAV RTB] white_uav5(电量103<15+300)
      [UAV LAND] white_uav5->white_usv2
      [UAV RTB] white_uav6(电量104<28+300)
      [UAV LAND] white_uav7->white_usv2
      [UAV RTB] white_uav9(电量105<8+300)
      [UAV LAND] white_uav9->white_usv4
      [UAV RTB] white_uav8(电量106<38+300)
      [UAV RTB] white_uav2(电量43<15+300)
      [UAV LAND] white_uav2->white_usv6
      [UAV RTB] white_uav4(电量43<17+300)
      [UAV LAND] white_uav4->white_usv2
      [UAV RTB] white_uav10(电量44<14+300)
      [UAV LAND] white_uav10->white_usv6
      [UAV RTB] white_uav5(电量45<7+300)
      [UAV LAND] white_uav5->white_usv2
      [UAV LAND] white_uav6->white_usv2
      [UAV RTB] white_uav7(电量47<33+300)
      [UAV RTB] white_uav9(电量47<15+300)
      [UAV LAND] white_uav9->white_usv6
      [UAV LAND] white_uav8->white_usv5
[t=25,049s] step=690 | MISSION=GLOBAL_R | USV: 8/10 (avail=8 int=0 lock=0 frz=0) | UAV: air=0 rtb=0 chg=0 loiter=0 | TRACKS: vis=0 lost=0 engaged=0 | TOP:  | KILL=19 | ACTIONS=8 | INTENT: focus=2 ratio=0.20
[t=25,785s] step=700 | MISSION=GLOBAL_R | USV: 8/10 (avail=8 int=0 lock=0 frz=0) | UAV: air=0 rtb=0 chg=0 loiter=0 | TRACKS: vis=0 lost=0 engaged=0 | TOP:  | KILL=19 | ACTIONS=8 | INTENT: focus=2 ratio=0.20
[t=26,490s] step=710 | MISSION=GLOBAL_R | USV: 8/10 (avail=8 int=0 lock=0 frz=0) | UAV: air=0 rtb=0 chg=0 loiter=0 | TRACKS: vis=0 lost=0 engaged=0 | TOP:  | KILL=19 | ACTIONS=8 | INTENT: focus=2 ratio=0.20
[t=27,274s] step=720 | MISSION=GLOBAL_R | USV: 8/10 (avail=8 int=0 lock=0 frz=0) | UAV: air=0 rtb=0 chg=0 loiter=0 | TRACKS: vis=0 lost=0 engaged=0 | TOP:  | KILL=19 | ACTIONS=8 | INTENT: focus=2 ratio=0.20
[t=28,076s] step=730 | MISSION=GLOBAL_R | USV: 8/10 (avail=8 int=0 lock=0 frz=0) | UAV: air=0 rtb=0 chg=0 loiter=0 | TRACKS: vis=0 lost=0 engaged=0 | TOP:  | KILL=19 | ACTIONS=8 | INTENT: focus=2 ratio=0.20
[t=28,912s] step=740 | MISSION=GLOBAL_R | USV: 8/10 (avail=8 int=0 lock=0 frz=0) | UAV: air=0 rtb=0 chg=0 loiter=0 | TRACKS: vis=0 lost=0 engaged=0 | TOP:  | KILL=19 | ACTIONS=8 | INTENT: focus=2 ratio=0.20
[t=29,680s] step=750 | MISSION=GLOBAL_R | USV: 8/10 (avail=8 int=0 lock=0 frz=0) | UAV: air=0 rtb=0 chg=0 loiter=0 | TRACKS: vis=0 lost=0 engaged=0 | TOP:  | KILL=19 | ACTIONS=8 | INTENT: focus=2 ratio=0.20
[t=30,494s] step=760 | MISSION=GLOBAL_R | USV: 8/10 (avail=8 int=0 lock=0 frz=0) | UAV: air=0 rtb=0 chg=0 loiter=0 | TRACKS: vis=0 lost=0 engaged=0 | TOP:  | KILL=19 | ACTIONS=8 | INTENT: focus=2 ratio=0.20
[t=31,318s] step=770 | MISSION=GLOBAL_R | USV: 8/10 (avail=8 int=0 lock=0 frz=0) | UAV: air=0 rtb=0 chg=0 loiter=0 | TRACKS: vis=0 lost=0 engaged=0 | TOP:  | KILL=19 | ACTIONS=8 | INTENT: focus=2 ratio=0.20
[t=32,113s] step=780 | MISSION=GLOBAL_R | USV: 8/10 (avail=8 int=0 lock=0 frz=0) | UAV: air=0 rtb=0 chg=0 loiter=0 | TRACKS: vis=0 lost=0 engaged=0 | TOP:  | KILL=19 | ACTIONS=8 | INTENT: focus=2 ratio=0.20
[t=32,865s] step=790 | MISSION=GLOBAL_R | USV: 8/10 (avail=8 int=0 lock=0 frz=0) | UAV: air=0 rtb=0 chg=0 loiter=0 | TRACKS: vis=0 lost=0 engaged=0 | TOP:  | KILL=19 | ACTIONS=8 | INTENT: focus=2 ratio=0.20
[t=33,678s] step=800 | MISSION=GLOBAL_R | USV: 8/10 (avail=8 int=0 lock=0 frz=0) | UAV: air=0 rtb=0 chg=0 loiter=0 | TRACKS: vis=0 lost=0 engaged=0 | TOP:  | KILL=19 | ACTIONS=8 | INTENT: focus=2 ratio=0.20
[t=34,494s] step=810 | MISSION=GLOBAL_R | USV: 8/10 (avail=8 int=0 lock=0 frz=0) | UAV: air=0 rtb=0 chg=0 loiter=0 | TRACKS: vis=0 lost=0 engaged=0 | TOP:  | KILL=19 | ACTIONS=8 | INTENT: focus=2 ratio=0.20

========================================================================
对局结果: Result.Victory — 敌方所有单位被击毁
  击杀蓝舰: 20 | 命中: 38 | 我方USV损失: 2 | UAV损失: 10 | 突破: 1
[META] result=Result.Victory victory_time=36243 first_detection=1859 first_lock=7368 first_kill=8266 enemy_kills=20 friendly_usv_losses=2 friendly_uav_losses=10 black_breakthrough=1 reacquire_attempts=127 reacquire_success=126 sensor_assisted_locks=68 low_conf_commitments=0 global_reacquire_entries=9 global_reacquire_success=8 coverage_collapse_events=1 active_clusters_max=1 coverage_quality_final=0.16 commander_source=default_intent commander_calls=0 commander_changes=0 commander_no_change=0 commander_parse_failures=0 commander_api_failures=0 commander_policy_failures=0 commander_avg_latency=0.0
Done
