========================================================================
HYBRID AGENT V5 — Variable-Cardinality Hierarchical Maritime Agent
  启用UAV: True | LLM_ENABLED: False
========================================================================
对局 26 开始
      [UAV RELAUNCH] white_uav9
      [UAV RELAUNCH] white_uav10
      [UAV RELAUNCH] white_uav5
      [UAV RELAUNCH] white_uav2
      [UAV RELAUNCH] white_uav3
      [UAV RELAUNCH] white_uav6
      [UAV RELAUNCH] white_uav8
      [UAV RELAUNCH] white_uav1
      [UAV RELAUNCH] white_uav4
      [UAV RELAUNCH] white_uav7
[t=204s] step=10 | MISSION=NORMAL_C | USV: 10/10 (avail=10 int=0 lock=0 frz=0) | UAV: air=10 rtb=0 chg=0 loiter=0 | TRACKS: vis=0 lost=0 engaged=0 | TOP:  | KILL=0 | ACTIONS=20 | INTENT: focus=2 ratio=0.20
  [INTENT APPLIED]
    ThreatAllocator: focus 2 emergency 3 reserve_ratio 0.20 reserve_usvs None bias breakthrough_eta
    UAVManager: mode search_and_reacquire uav_priority []
[t=445s] step=20 | MISSION=NORMAL_C | USV: 10/10 (avail=10 int=0 lock=0 frz=0) | UAV: air=10 rtb=0 chg=0 loiter=0 | TRACKS: vis=0 lost=0 engaged=0 | TOP:  | KILL=0 | ACTIONS=20 | INTENT: focus=2 ratio=0.20
[t=675s] step=30 | MISSION=NORMAL_C | USV: 10/10 (avail=10 int=0 lock=0 frz=0) | UAV: air=10 rtb=0 chg=0 loiter=0 | TRACKS: vis=0 lost=0 engaged=0 | TOP:  | KILL=0 | ACTIONS=20 | INTENT: focus=2 ratio=0.20
[t=918s] step=40 | MISSION=NORMAL_C | USV: 10/10 (avail=10 int=0 lock=0 frz=0) | UAV: air=10 rtb=0 chg=0 loiter=0 | TRACKS: vis=0 lost=0 engaged=0 | TOP:  | KILL=0 | ACTIONS=20 | INTENT: focus=2 ratio=0.20
[t=1,164s] step=50 | MISSION=NORMAL_C | USV: 10/10 (avail=10 int=0 lock=0 frz=0) | UAV: air=10 rtb=0 chg=0 loiter=0 | TRACKS: vis=0 lost=0 engaged=0 | TOP:  | KILL=0 | ACTIONS=20 | INTENT: focus=2 ratio=0.20
[t=1,399s] step=60 | MISSION=NORMAL_C | USV: 10/10 (avail=10 int=0 lock=0 frz=0) | UAV: air=10 rtb=0 chg=0 loiter=0 | TRACKS: vis=0 lost=0 engaged=0 | TOP:  | KILL=0 | ACTIONS=20 | INTENT: focus=2 ratio=0.20
[t=1,647s] step=70 | MISSION=NORMAL_C | USV: 10/10 (avail=10 int=0 lock=0 frz=0) | UAV: air=10 rtb=0 chg=0 loiter=0 | TRACKS: vis=0 lost=0 engaged=0 | TOP:  | KILL=0 | ACTIONS=20 | INTENT: focus=2 ratio=0.20
      [DETECT] black_usv12
      [DETECT] black_usv11
      [DETECT] black_usv14
      [DETECT] black_usv10
      [DETECT] black_usv13
      [DETECT] black_usv8
      [ASSIGN] white_usv6->black_usv11
      [ASSIGN] white_usv4->black_usv8
      [ASSIGN] white_usv5->black_usv10
      [ASSIGN] white_usv2->black_usv11
      [ASSIGN] white_usv3->black_usv13
      [ASSIGN] white_usv7->black_usv13
      [ASSIGN] white_usv8->black_usv12
      [ASSIGN] white_usv10->black_usv14
      [DETECT] black_usv15
      [DETECT] black_usv7
      [DETECT] black_usv17
      [DETECT] black_usv6
      [DETECT] black_usv9
      [ASSIGN] white_usv1->black_usv9
      [ASSIGN] white_usv9->black_usv7
      [DETECT] black_usv5
      [DETECT] black_usv4
      [DETECT] black_usv16
      [DETECT] black_usv18
[t=1,896s] step=80 | MISSION=NORMAL_C | USV: 10/10 (avail=0 int=10 lock=0 frz=0) | UAV: air=10 rtb=0 chg=0 loiter=0 | TRACKS: vis=15 lost=0 engaged=0 | TOP: black_usv17(x241,996) black_usv15(x242,163) black_usv4(x242,859) | KILL=0 | ACTIONS=20 | INTENT: focus=2 ratio=0.20
      [DETECT] black_usv3
      [DETECT] black_usv20
      [DETECT] black_usv19
      [DETECT] black_usv2
[t=2,153s] step=90 | MISSION=NORMAL_C | USV: 10/10 (avail=0 int=10 lock=0 frz=0) | UAV: air=10 rtb=0 chg=0 loiter=0 | TRACKS: vis=17 lost=2 engaged=0 | TOP: black_usv17(x239,516) black_usv15(x239,766) black_usv4(x240,567) | KILL=0 | ACTIONS=20 | INTENT: focus=2 ratio=0.20
      [DETECT] black_usv1
[t=2,398s] step=100 | MISSION=NORMAL_C | USV: 10/10 (avail=0 int=10 lock=0 frz=0) | UAV: air=10 rtb=0 chg=0 loiter=0 | TRACKS: vis=18 lost=2 engaged=0 | TOP: black_usv17(x237,080) black_usv15(x237,481) black_usv4(x238,382) | KILL=0 | ACTIONS=20 | INTENT: focus=2 ratio=0.20
[t=2,670s] step=110 | MISSION=NORMAL_C | USV: 10/10 (avail=0 int=10 lock=0 frz=0) | UAV: air=10 rtb=0 chg=0 loiter=0 | TRACKS: vis=19 lost=1 engaged=0 | TOP: black_usv17(x234,366) black_usv15(x234,944) black_usv6(x236,247) | KILL=0 | ACTIONS=20 | INTENT: focus=2 ratio=0.20
[t=2,956s] step=120 | MISSION=NORMAL_C | USV: 10/10 (avail=0 int=10 lock=0 frz=0) | UAV: air=10 rtb=0 chg=0 loiter=0 | TRACKS: vis=18 lost=1 engaged=0 | TOP: black_usv17(x231,523) black_usv15(x232,273) black_usv6(x233,725) | KILL=0 | ACTIONS=20 | INTENT: focus=2 ratio=0.20
[t=3,204s] step=130 | MISSION=NORMAL_C | USV: 10/10 (avail=0 int=10 lock=0 frz=0) | UAV: air=10 rtb=0 chg=0 loiter=0 | TRACKS: vis=18 lost=1 engaged=0 | TOP: black_usv18(x231,690) black_usv19(x233,961) black_usv15(x229,936) | KILL=0 | ACTIONS=20 | INTENT: focus=2 ratio=0.20
[t=3,468s] step=140 | MISSION=NORMAL_C | USV: 10/10 (avail=0 int=10 lock=0 frz=0) | UAV: air=10 rtb=0 chg=0 loiter=0 | TRACKS: vis=15 lost=3 engaged=0 | TOP: black_usv18(x229,380) black_usv6(x228,858) black_usv2(x233,741) | KILL=0 | ACTIONS=20 | INTENT: focus=2 ratio=0.20
[t=3,732s] step=150 | MISSION=NORMAL_C | USV: 10/10 (avail=0 int=10 lock=0 frz=0) | UAV: air=10 rtb=0 chg=0 loiter=0 | TRACKS: vis=18 lost=0 engaged=0 | TOP: black_usv18(x227,069) black_usv2(x231,783) black_usv1(x234,252) | KILL=0 | ACTIONS=20 | INTENT: focus=2 ratio=0.20
[t=3,997s] step=160 | MISSION=NORMAL_C | USV: 10/10 (avail=0 int=10 lock=0 frz=0) | UAV: air=10 rtb=0 chg=0 loiter=0 | TRACKS: vis=16 lost=2 engaged=0 | TOP: black_usv18(x224,750) black_usv2(x229,817) black_usv1(x232,471) | KILL=0 | ACTIONS=20 | INTENT: focus=2 ratio=0.20
[t=4,274s] step=170 | MISSION=NORMAL_C | USV: 10/10 (avail=0 int=10 lock=0 frz=0) | UAV: air=10 rtb=0 chg=0 loiter=0 | TRACKS: vis=18 lost=0 engaged=0 | TOP: black_usv18(x222,325) black_usv2(x227,762) black_usv1(x230,610) | KILL=0 | ACTIONS=20 | INTENT: focus=2 ratio=0.20
[t=4,526s] step=180 | MISSION=NORMAL_C | USV: 10/10 (avail=0 int=10 lock=0 frz=0) | UAV: air=10 rtb=0 chg=0 loiter=0 | TRACKS: vis=17 lost=1 engaged=0 | TOP: black_usv18(x220,120) black_usv2(x225,892) black_usv1(x228,916) | KILL=0 | ACTIONS=20 | INTENT: focus=2 ratio=0.20
      [DETECT] black_usv1
[t=4,787s] step=190 | MISSION=NORMAL_C | USV: 10/10 (avail=0 int=10 lock=0 frz=0) | UAV: air=10 rtb=0 chg=0 loiter=0 | TRACKS: vis=18 lost=0 engaged=0 | TOP: black_usv18(x217,835) black_usv2(x223,956) black_usv1(x227,162) | KILL=0 | ACTIONS=20 | INTENT: focus=2 ratio=0.20
[t=5,058s] step=200 | MISSION=NORMAL_C | USV: 10/10 (avail=0 int=10 lock=0 frz=0) | UAV: air=10 rtb=0 chg=0 loiter=0 | TRACKS: vis=17 lost=1 engaged=0 | TOP: black_usv18(x215,463) black_usv2(x221,945) black_usv1(x225,341) | KILL=0 | ACTIONS=20 | INTENT: focus=2 ratio=0.20
[t=5,334s] step=210 | MISSION=NORMAL_C | USV: 10/10 (avail=0 int=10 lock=0 frz=0) | UAV: air=10 rtb=0 chg=0 loiter=0 | TRACKS: vis=18 lost=0 engaged=0 | TOP: black_usv18(x213,048) black_usv1(x223,481) black_usv12(x206,971) | KILL=0 | ACTIONS=20 | INTENT: focus=2 ratio=0.20
[t=5,602s] step=220 | MISSION=NORMAL_C | USV: 10/10 (avail=0 int=10 lock=0 frz=0) | UAV: air=10 rtb=0 chg=0 loiter=0 | TRACKS: vis=18 lost=0 engaged=0 | TOP: black_usv18(x210,702) black_usv1(x221,686) black_usv12(x204,299) | KILL=0 | ACTIONS=20 | INTENT: focus=2 ratio=0.20
[t=5,874s] step=230 | MISSION=NORMAL_C | USV: 10/10 (avail=0 int=10 lock=0 frz=0) | UAV: air=10 rtb=0 chg=0 loiter=0 | TRACKS: vis=16 lost=1 engaged=0 | TOP: black_usv18(x208,321) black_usv1(x219,858) black_usv4(x207,704) | KILL=0 | ACTIONS=20 | INTENT: focus=2 ratio=0.20
      [DETECT] black_usv2
[t=6,153s] step=240 | MISSION=NORMAL_C | USV: 10/10 (avail=0 int=10 lock=0 frz=0) | UAV: air=10 rtb=0 chg=0 loiter=0 | TRACKS: vis=16 lost=1 engaged=0 | TOP: black_usv2(x213,411) black_usv1(x217,983) black_usv4(x205,039) | KILL=0 | ACTIONS=20 | INTENT: focus=2 ratio=0.20
[t=6,414s] step=250 | MISSION=NORMAL_C | USV: 10/10 (avail=0 int=10 lock=0 frz=0) | UAV: air=10 rtb=0 chg=0 loiter=0 | TRACKS: vis=16 lost=1 engaged=0 | TOP: black_usv2(x211,562) black_usv1(x216,229) black_usv4(x202,429) | KILL=0 | ACTIONS=20 | INTENT: focus=2 ratio=0.20
[t=6,694s] step=260 | MISSION=NORMAL_C | USV: 10/10 (avail=0 int=10 lock=0 frz=0) | UAV: air=10 rtb=0 chg=0 loiter=0 | TRACKS: vis=17 lost=0 engaged=0 | TOP: black_usv2(x209,592) black_usv1(x214,348) black_usv4(x199,784) | KILL=0 | ACTIONS=20 | INTENT: focus=2 ratio=0.20
      [DETECT] black_usv18
[t=6,950s] step=270 | MISSION=NORMAL_C | USV: 10/10 (avail=0 int=10 lock=0 frz=0) | UAV: air=10 rtb=0 chg=0 loiter=0 | TRACKS: vis=17 lost=1 engaged=0 | TOP: black_usv2(x207,785) black_usv18(x198,508) black_usv1(x212,627) | KILL=0 | ACTIONS=20 | INTENT: focus=2 ratio=0.20
[t=7,210s] step=280 | MISSION=NORMAL_C | USV: 10/10 (avail=0 int=10 lock=0 frz=0) | UAV: air=10 rtb=0 chg=0 loiter=0 | TRACKS: vis=16 lost=1 engaged=0 | TOP: black_usv18(x196,456) black_usv1(x210,877) black_usv16(x192,342) | KILL=0 | ACTIONS=20 | INTENT: focus=2 ratio=0.20
      [ASSIGN] white_usv6->black_usv13(机会锁定)
      [ASSIGN] white_usv5->black_usv11(机会锁定)
      [ASSIGN] white_usv8->black_usv13(机会锁定)
      [ASSIGN] white_usv4->black_usv11(机会锁定)
[t=7,469s] step=290 | MISSION=NORMAL_C | USV: 10/10 (avail=0 int=5 lock=5 frz=0) | UAV: air=10 rtb=0 chg=0 loiter=0 | TRACKS: vis=15 lost=1 engaged=2 | TOP: black_usv12(x189,529) black_usv18(x194,413) black_usv1(x209,140) | KILL=0 | ACTIONS=20 | INTENT: focus=2 ratio=0.20
      [ASSIGN] white_usv10->black_usv12(机会锁定)
      [ASSIGN] white_usv1->black_usv10(机会锁定)
      [ASSIGN] white_usv9->black_usv11(机会锁定)
      [ASSIGN] white_usv7->black_usv12(机会锁定)
      [ASSIGN] white_usv8->black_usv12(机会锁定)
[t=7,734s] step=300 | MISSION=NORMAL_C | USV: 10/10 (avail=0 int=4 lock=6 frz=0) | UAV: air=10 rtb=0 chg=0 loiter=0 | TRACKS: vis=15 lost=1 engaged=3 | TOP: black_usv1(x207,359) black_usv14(x189,430) black_usv18(x192,267) | KILL=1 | ACTIONS=20 | INTENT: focus=2 ratio=0.20
      [ASSIGN] white_usv5->black_usv10(机会锁定)
      [ASSIGN] white_usv3->black_usv10(机会锁定)
      [ASSIGN] white_usv4->black_usv8(机会锁定)
      [ASSIGN] white_usv2->black_usv13(机会锁定)
      [ASSIGN] white_usv9->black_usv13(机会锁定)
      [DETECT] black_usv3
      [ASSIGN] white_usv6->black_usv11(机会锁定)
      [ASSIGN] white_usv2->black_usv11(机会锁定)
      [ASSIGN] white_usv9->black_usv11(机会锁定)
      [ASSIGN] white_usv6->black_usv13(机会锁定)
      [ASSIGN] white_usv2->black_usv13(机会锁定)
      [ASSIGN] white_usv10->black_usv16(机会锁定)
      [ASSIGN] white_usv1->black_usv9(机会锁定)
      [ASSIGN] white_usv9->black_usv13(机会锁定)
      [DETECT] black_usv2
      [ASSIGN] white_usv6->black_usv11(机会锁定)
      [ASSIGN] white_usv2->black_usv11(机会锁定)
      [ASSIGN] white_usv9->black_usv11(机会锁定)
      [ASSIGN] white_usv6->black_usv13(机会锁定)
      [ASSIGN] white_usv2->black_usv13(机会锁定)
      [ASSIGN] white_usv9->black_usv13(机会锁定)
      [ASSIGN] white_usv2->black_usv11(机会锁定)
      [ASSIGN] white_usv9->black_usv11(机会锁定)
      [ASSIGN] white_usv2->black_usv13(机会锁定)
      [ASSIGN] white_usv9->black_usv13(机会锁定)
      [ASSIGN] white_usv2->black_usv11(机会锁定)
      [ASSIGN] white_usv9->black_usv11(机会锁定)
      [ASSIGN] white_usv2->black_usv7(机会锁定)
      [ASSIGN] white_usv9->black_usv7(机会锁定)
[t=8,042s] step=310 | MISSION=NORMAL_C | USV: 10/10 (avail=0 int=3 lock=7 frz=0) | UAV: air=10 rtb=0 chg=0 loiter=0 | TRACKS: vis=18 lost=0 engaged=5 | TOP: black_usv2(x198,146) black_usv3(x195,623) black_usv1(x205,289) | KILL=2 | ACTIONS=20 | INTENT: focus=2 ratio=0.20
      [ASSIGN] white_usv7->black_usv11(机会锁定)
      [ASSIGN] white_usv8->black_usv11(机会锁定)
      [ASSIGN] white_usv5->black_usv13(机会锁定)
      [ASSIGN] white_usv3->black_usv12(机会锁定)
      [ASSIGN] white_usv7->black_usv12(机会锁定)
      [ASSIGN] white_usv8->black_usv12(机会锁定)
      [ASSIGN] white_usv6->black_usv11(机会锁定)
      [ASSIGN] white_usv5->black_usv11(机会锁定)
      [ASSIGN] white_usv3->black_usv11(机会锁定)
      [ASSIGN] white_usv7->black_usv11(机会锁定)
      [ASSIGN] white_usv8->black_usv11(机会锁定)
      [ASSIGN] white_usv6->black_usv13(机会锁定)
      [ASSIGN] white_usv5->black_usv13(机会锁定)
      [ASSIGN] white_usv3->black_usv13(机会锁定)
      [ASSIGN] white_usv7->black_usv13(机会锁定)
      [ASSIGN] white_usv8->black_usv12(机会锁定)
      [ASSIGN] white_usv6->black_usv11(机会锁定)
      [ASSIGN] white_usv5->black_usv11(机会锁定)
      [ASSIGN] white_usv3->black_usv11(机会锁定)
      [ASSIGN] white_usv7->black_usv11(机会锁定)
      [ASSIGN] white_usv8->black_usv14(机会锁定)
      [ASSIGN] white_usv10->black_usv14(机会锁定)
      [ASSIGN] white_usv1->black_usv10(机会锁定)
      [ASSIGN] white_usv6->black_usv13(机会锁定)
      [ASSIGN] white_usv5->black_usv13(机会锁定)
      [ASSIGN] white_usv3->black_usv13(机会锁定)
      [ASSIGN] white_usv7->black_usv13(机会锁定)
      [ASSIGN] white_usv1->black_usv9(机会锁定)
      [ASSIGN] white_usv6->black_usv11(机会锁定)
      [ASSIGN] white_usv5->black_usv11(机会锁定)
      [ASSIGN] white_usv3->black_usv11(机会锁定)
      [ASSIGN] white_usv7->black_usv12(机会锁定)
      [KILL] black_usv13
      [ASSIGN] white_usv5->black_usv10(机会锁定)
      [ASSIGN] white_usv3->black_usv10(机会锁定)
      [ASSIGN] white_usv5->black_usv11(机会锁定)
      [ASSIGN] white_usv3->black_usv11(机会锁定)
      [ASSIGN] white_usv7->black_usv11(机会锁定)
      [ASSIGN] white_usv6->black_usv12(机会锁定)
      [ASSIGN] white_usv5->black_usv10(机会锁定)
      [ASSIGN] white_usv2->black_usv10(机会锁定)
      [ASSIGN] white_usv3->black_usv10(机会锁定)
      [ASSIGN] white_usv9->black_usv10(机会锁定)
[t=8,365s] step=320 | MISSION=NORMAL_C | USV: 10/10 (avail=0 int=6 lock=4 frz=0) | UAV: air=10 rtb=0 chg=0 loiter=0 | TRACKS: vis=17 lost=0 engaged=3 | TOP: black_usv3(x192,393) black_usv1(x202,784) black_usv2(x195,140) | KILL=5 | ACTIONS=20 | INTENT: focus=2 ratio=0.20
      [KILL] black_usv11
      [ASSIGN] white_usv2->black_usv7(机会锁定)
      [ASSIGN] white_usv3->black_usv12(机会锁定)
      [RELEASE] white_usv7->black_usv11(目标失效)
      [ASSIGN] white_usv9->black_usv7(机会锁定)
      [ASSIGN] white_usv6->black_usv10(机会锁定)
      [ASSIGN] white_usv2->black_usv5(机会锁定)
      [ASSIGN] white_usv7->black_usv3
      [ASSIGN] white_usv9->black_usv5(机会锁定)
      [ASSIGN] white_usv6->black_usv12(机会锁定)
      [ASSIGN] white_usv4->black_usv7(机会锁定)
      [ASSIGN] white_usv7->black_usv12(机会锁定)
      [KILL] black_usv10
      [ASSIGN] white_usv4->black_usv8(机会锁定)
      [RELEASE] white_usv5->black_usv10(目标失效)
      [ASSIGN] white_usv4->black_usv7(机会锁定)
      [ASSIGN] white_usv5->black_usv3
      [ASSIGN] white_usv6->black_usv8(机会锁定)
      [ASSIGN] white_usv4->black_usv8(机会锁定)
      [ASSIGN] white_usv8->black_usv17(机会锁定)
      [ASSIGN] white_usv10->black_usv17(机会锁定)
      [DETECT] black_usv19
      [ASSIGN] white_usv6->black_usv9(机会锁定)
      [ASSIGN] white_usv4->black_usv7(机会锁定)
      [ASSIGN] white_usv5->black_usv9(机会锁定)
      [ASSIGN] white_usv1->black_usv4(机会锁定)
      [ASSIGN] white_usv4->black_usv8(机会锁定)
      [ASSIGN] white_usv4->black_usv7(机会锁定)
      [ASSIGN] white_usv4->black_usv8(机会锁定)
[t=8,669s] step=330 | MISSION=NORMAL_C | USV: 10/10 (avail=0 int=3 lock=7 frz=0) | UAV: air=10 rtb=0 chg=0 loiter=0 | TRACKS: vis=14 lost=2 engaged=4 | TOP: black_usv19(x188,904) black_usv3(x189,344) black_usv1(x199,744) | KILL=7 | ACTIONS=20 | INTENT: focus=2 ratio=0.20
      [KILL] black_usv12
      [ASSIGN] white_usv4->black_usv7(机会锁定)
      [RELEASE] white_usv3->black_usv12(目标失效)
      [RELEASE] white_usv7->black_usv12(目标失效)
      [DETECT] black_usv20
      [ASSIGN] white_usv4->black_usv8(机会锁定)
      [ASSIGN] white_usv2->black_usv8(机会锁定)
      [ASSIGN] white_usv3->black_usv9(机会锁定)
      [ASSIGN] white_usv7->black_usv20
      [ASSIGN] white_usv9->black_usv8(机会锁定)
      [ASSIGN] white_usv4->black_usv7(机会锁定)
      [ASSIGN] white_usv2->black_usv7(机会锁定)
      [ASSIGN] white_usv9->black_usv7(机会锁定)
      [ASSIGN] white_usv4->black_usv8(机会锁定)
      [ASSIGN] white_usv2->black_usv8(机会锁定)
      [ASSIGN] white_usv9->black_usv8(机会锁定)
      [DETECT] black_usv2
      [ASSIGN] white_usv4->black_usv7(机会锁定)
      [ASSIGN] white_usv2->black_usv7(机会锁定)
      [ASSIGN] white_usv9->black_usv7(机会锁定)
      [ASSIGN] white_usv4->black_usv8(机会锁定)
      [ASSIGN] white_usv2->black_usv8(机会锁定)
      [ASSIGN] white_usv9->black_usv8(机会锁定)
      [ASSIGN] white_usv4->black_usv7(机会锁定)
      [ASSIGN] white_usv5->black_usv7(机会锁定)
      [ASSIGN] white_usv8->black_usv16(机会锁定)
      [ASSIGN] white_usv10->black_usv16(机会锁定)
      [ASSIGN] white_usv6->black_usv8(机会锁定)
      [ASSIGN] white_usv5->black_usv8(机会锁定)
      [ASSIGN] white_usv3->black_usv8(机会锁定)
      [ASSIGN] white_usv1->black_usv5(机会锁定)
      [KILL] black_usv7
      [ASSIGN] white_usv6->black_usv9(机会锁定)
      [ASSIGN] white_usv5->black_usv9(机会锁定)
      [ASSIGN] white_usv3->black_usv9(机会锁定)
      [ASSIGN] white_usv6->black_usv8(机会锁定)
      [ASSIGN] white_usv5->black_usv8(机会锁定)
      [ASSIGN] white_usv3->black_usv8(机会锁定)
[t=9,003s] step=340 | MISSION=NORMAL_C | USV: 7/10 (avail=0 int=4 lock=3 frz=0) | UAV: air=10 rtb=0 chg=0 loiter=0 | TRACKS: vis=10 lost=5 engaged=2 | TOP: black_usv19(x185,564) black_usv2(x188,760) black_usv3(x186,013) | KILL=8 | ACTIONS=17 | INTENT: focus=2 ratio=0.20
      [ASSIGN] white_usv6->black_usv9(机会锁定)
      [ASSIGN] white_usv5->black_usv9(机会锁定)
      [ASSIGN] white_usv3->black_usv9(机会锁定)
      [ASSIGN] white_usv7->black_usv14(机会锁定)
      [KILL] black_usv8
      [ASSIGN] white_usv5->black_usv4(机会锁定)
      [ASSIGN] white_usv7->black_usv17(机会锁定)
      [ASSIGN] white_usv6->black_usv5(机会锁定)
      [KILL] black_usv14
      [ASSIGN] white_usv8->black_usv15(机会锁定)
      [ASSIGN] white_usv10->black_usv15(机会锁定)
      [ASSIGN] white_usv6->black_usv9(机会锁定)
      [ASSIGN] white_usv1->black_usv6(机会锁定)
      [ASSIGN] white_usv6->black_usv5(机会锁定)
      [ASSIGN] white_usv3->black_usv5(机会锁定)
      [ASSIGN] white_usv6->black_usv9(机会锁定)
      [ASSIGN] white_usv3->black_usv9(机会锁定)
      [ASSIGN] white_usv6->black_usv5(机会锁定)
      [ASSIGN] white_usv3->black_usv5(机会锁定)
[t=9,371s] step=350 | MISSION=NORMAL_C | USV: 7/10 (avail=0 int=2 lock=5 frz=0) | UAV: air=10 rtb=0 chg=0 loiter=0 | TRACKS: vis=12 lost=1 engaged=4 | TOP: black_usv2(x185,307) black_usv3(x182,333) black_usv19(x182,123) | KILL=10 | ACTIONS=17 | INTENT: focus=2 ratio=0.20
      [ASSIGN] white_usv6->black_usv9(机会锁定)
      [ASSIGN] white_usv5->black_usv9(机会锁定)
      [ASSIGN] white_usv3->black_usv9(机会锁定)
      [ASSIGN] white_usv7->black_usv16(机会锁定)
      [ASSIGN] white_usv6->black_usv5(机会锁定)
      [ASSIGN] white_usv5->black_usv5(机会锁定)
      [ASSIGN] white_usv3->black_usv5(机会锁定)
      [ASSIGN] white_usv7->black_usv17(机会锁定)
      [ASSIGN] white_usv6->black_usv9(机会锁定)
      [ASSIGN] white_usv5->black_usv9(机会锁定)
      [ASSIGN] white_usv3->black_usv9(机会锁定)
      [ASSIGN] white_usv7->black_usv16(机会锁定)
      [KILL] black_usv9
      [RELEASE] white_usv6->black_usv9(目标失效)
      [ASSIGN] white_usv6->black_usv5(机会锁定)
      [RELEASE] white_usv5->black_usv9(目标失效)
      [ASSIGN] white_usv5->black_usv5(机会锁定)
      [RELEASE] white_usv3->black_usv9(目标失效)
      [ASSIGN] white_usv3->black_usv5(机会锁定)
      [ASSIGN] white_usv7->black_usv17(机会锁定)
      [ASSIGN] white_usv6->black_usv4(机会锁定)
      [ASSIGN] white_usv5->black_usv4(机会锁定)
      [ASSIGN] white_usv3->black_usv4(机会锁定)
      [ASSIGN] white_usv7->black_usv16(机会锁定)
      [ASSIGN] white_usv8->black_usv16(机会锁定)
      [ASSIGN] white_usv10->black_usv16(机会锁定)
      [ASSIGN] white_usv7->black_usv15(机会锁定)
      [ASSIGN] white_usv8->black_usv15(机会锁定)
      [ASSIGN] white_usv10->black_usv15(机会锁定)
      [ASSIGN] white_usv1->black_usv5(机会锁定)
      [ASSIGN] white_usv7->black_usv16(机会锁定)
      [ASSIGN] white_usv8->black_usv16(机会锁定)
      [ASSIGN] white_usv10->black_usv16(机会锁定)
      [ASSIGN] white_usv1->black_usv6(机会锁定)
      [DETECT] black_usv1
      [ASSIGN] white_usv7->black_usv15(机会锁定)
      [ASSIGN] white_usv8->black_usv15(机会锁定)
      [ASSIGN] white_usv10->black_usv15(机会锁定)
      [ASSIGN] white_usv7->black_usv16(机会锁定)
      [ASSIGN] white_usv8->black_usv16(机会锁定)
      [ASSIGN] white_usv10->black_usv16(机会锁定)
      [ASSIGN] white_usv7->black_usv15(机会锁定)
      [ASSIGN] white_usv8->black_usv15(机会锁定)
      [ASSIGN] white_usv10->black_usv15(机会锁定)
[t=9,761s] step=360 | MISSION=NORMAL_C | USV: 7/10 (avail=0 int=3 lock=4 frz=0) | UAV: air=10 rtb=0 chg=0 loiter=0 | TRACKS: vis=11 lost=1 engaged=2 | TOP: black_usv2(x181,407) black_usv1(x191,443) black_usv3(x178,433) | KILL=12 | ACTIONS=17 | INTENT: focus=2 ratio=0.20
      [ASSIGN] white_usv8->black_usv16(机会锁定)
      [KILL] black_usv16
      [RELEASE] white_usv8->black_usv16(目标失效)
      [ASSIGN] white_usv8->black_usv17(机会锁定)
      [KILL] black_usv5
      [ASSIGN] white_usv6->black_usv6(机会锁定)
      [ASSIGN] white_usv3->black_usv6(机会锁定)
      [ASSIGN] white_usv7->black_usv17(机会锁定)
      [ASSIGN] white_usv6->black_usv4(机会锁定)
      [ASSIGN] white_usv3->black_usv4(机会锁定)
      [ASSIGN] white_usv7->black_usv15(机会锁定)
      [ASSIGN] white_usv8->black_usv15(机会锁定)
      [KILL] black_usv17
      [ASSIGN] white_usv6->black_usv6(机会锁定)
      [ASSIGN] white_usv3->black_usv6(机会锁定)
      [ASSIGN] white_usv6->black_usv4(机会锁定)
      [ASSIGN] white_usv3->black_usv4(机会锁定)
      [ASSIGN] white_usv6->black_usv6(机会锁定)
      [ASSIGN] white_usv3->black_usv6(机会锁定)
      [ASSIGN] white_usv6->black_usv4(机会锁定)
      [ASSIGN] white_usv3->black_usv4(机会锁定)
[t=10,146s] step=370 | MISSION=NORMAL_C | USV: 5/10 (avail=0 int=5 lock=0 frz=0) | UAV: air=10 rtb=0 chg=0 loiter=0 | TRACKS: vis=9 lost=0 engaged=0 | TOP: black_usv2(x177,557) black_usv1(x187,600) black_usv3(x174,583) | KILL=14 | ACTIONS=15 | INTENT: focus=2 ratio=0.20
      [KILL] black_usv15
      [ASSIGN] white_usv6->black_usv6(机会锁定)
      [ASSIGN] white_usv3->black_usv6(机会锁定)
      [RELEASE] white_usv7->black_usv15(目标失效)
      [RELEASE] white_usv8->black_usv15(目标失效)
      [RELEASE] white_usv10->black_usv15(目标失效)
      [ASSIGN] white_usv6->black_usv4(机会锁定)
      [ASSIGN] white_usv3->black_usv4(机会锁定)
      [ASSIGN] white_usv7->black_usv2
      [ASSIGN] white_usv8->black_usv3
      [ASSIGN] white_usv10->black_usv4
      [ASSIGN] white_usv6->black_usv6(机会锁定)
      [ASSIGN] white_usv3->black_usv6(机会锁定)
      [ASSIGN] white_usv6->black_usv4(机会锁定)
      [ASSIGN] white_usv3->black_usv4(机会锁定)
      [ASSIGN] white_usv6->black_usv6(机会锁定)
      [ASSIGN] white_usv3->black_usv6(机会锁定)
      [ASSIGN] white_usv6->black_usv4(机会锁定)
      [ASSIGN] white_usv3->black_usv4(机会锁定)
      [ASSIGN] white_usv6->black_usv6(机会锁定)
      [ASSIGN] white_usv3->black_usv6(机会锁定)
      [ASSIGN] white_usv6->black_usv4(机会锁定)
      [ASSIGN] white_usv3->black_usv4(机会锁定)
      [KILL] black_usv4
      [RELEASE] white_usv6->black_usv4(目标失效)
      [ASSIGN] white_usv6->black_usv6(机会锁定)
      [RELEASE] white_usv3->black_usv4(目标失效)
      [ASSIGN] white_usv3->black_usv6(机会锁定)
      [RELEASE] white_usv10->black_usv4(目标失效)
      [ASSIGN] white_usv10->black_usv1
[t=10,557s] step=380 | MISSION=NORMAL_C | USV: 5/10 (avail=1 int=4 lock=0 frz=0) | UAV: air=10 rtb=0 chg=0 loiter=0 | TRACKS: vis=6 lost=1 engaged=0 | TOP: black_usv18(x166,389) black_usv19(x170,637) black_usv2(x173,495) | KILL=14 | ACTIONS=15 | INTENT: focus=2 ratio=0.20
      [KILL] black_usv6
      [RELEASE] white_usv6->black_usv6(目标失效)
      [RELEASE] white_usv3->black_usv6(目标失效)
      [ASSIGN] white_usv6->black_usv19
      [ASSIGN] white_usv3->black_usv18
[t=10,969s] step=390 | MISSION=NORMAL_C | USV: 5/10 (avail=0 int=5 lock=0 frz=0) | UAV: air=10 rtb=0 chg=0 loiter=0 | TRACKS: vis=6 lost=0 engaged=0 | TOP: black_usv2(x169,427) black_usv20(x174,508) black_usv1(x181,183) | KILL=14 | ACTIONS=15 | INTENT: focus=2 ratio=0.20
[t=11,373s] step=400 | MISSION=NORMAL_C | USV: 5/10 (avail=0 int=5 lock=0 frz=0) | UAV: air=10 rtb=0 chg=0 loiter=0 | TRACKS: vis=6 lost=0 engaged=0 | TOP: black_usv2(x165,438) black_usv20(x170,816) black_usv1(x178,064) | KILL=14 | ACTIONS=15 | INTENT: focus=2 ratio=0.20
      [ASSIGN] white_usv7->black_usv3(机会锁定)
      [RELEASE] white_usv10->black_usv1(目标失效)
      [ASSIGN] white_usv10->black_usv2
[t=11,773s] step=410 | MISSION=NORMAL_C | USV: 5/10 (avail=1 int=3 lock=1 frz=0) | UAV: air=10 rtb=0 chg=0 loiter=0 | TRACKS: vis=5 lost=0 engaged=1 | TOP: black_usv2(x161,471) black_usv20(x167,161) black_usv18(x155,430) | KILL=14 | ACTIONS=15 | INTENT: focus=2 ratio=0.20
[t=12,178s] step=420 | MISSION=NORMAL_C | USV: 5/10 (avail=0 int=4 lock=1 frz=0) | UAV: air=10 rtb=0 chg=0 loiter=0 | TRACKS: vis=4 lost=0 engaged=1 | TOP: black_usv2(x157,422) black_usv18(x151,444) black_usv19(x155,111) | KILL=14 | ACTIONS=15 | INTENT: focus=2 ratio=0.20
      [ASSIGN] white_usv10->black_usv3(机会锁定)
[t=12,596s] step=430 | MISSION=NORMAL_C | USV: 5/10 (avail=0 int=5 lock=0 frz=0) | UAV: air=10 rtb=0 chg=0 loiter=0 | TRACKS: vis=2 lost=2 engaged=0 | TOP: black_usv2(x153,242) black_usv18(x147,282) black_usv19(x150,936) | KILL=15 | ACTIONS=15 | INTENT: focus=2 ratio=0.20
[t=13,025s] step=440 | MISSION=NORMAL_C | USV: 5/10 (avail=0 int=5 lock=0 frz=0) | UAV: air=10 rtb=0 chg=0 loiter=0 | TRACKS: vis=3 lost=1 engaged=0 | TOP: black_usv2(x151,304) black_usv18(x144,859) black_usv19(x149,289) | KILL=15 | ACTIONS=15 | INTENT: focus=2 ratio=0.20
      [KILL] black_usv3
      [RELEASE] white_usv7->black_usv3(目标失效)
      [RELEASE] white_usv8->black_usv3(目标失效)
      [RELEASE] white_usv10->black_usv3(目标失效)
      [ASSIGN] white_usv7->black_usv2
      [ASSIGN] white_usv8->black_usv2
      [ASSIGN] white_usv10->black_usv18
      [DETECT] black_usv20
      [DETECT] black_usv1
      [ASSIGN] white_usv3->black_usv19(机会锁定)
      [ASSIGN] white_usv6->black_usv18(机会锁定)
      [ASSIGN] white_usv3->black_usv18(机会锁定)
[t=13,436s] step=450 | MISSION=NORMAL_C | USV: 5/10 (avail=0 int=3 lock=2 frz=0) | UAV: air=10 rtb=0 chg=0 loiter=0 | TRACKS: vis=4 lost=1 engaged=1 | TOP: black_usv20(x151,049) black_usv1(x164,383) black_usv19(x147,849) | KILL=15 | ACTIONS=15 | INTENT: focus=2 ratio=0.20
      [ASSIGN] white_usv6->black_usv19(机会锁定)
      [ASSIGN] white_usv3->black_usv19(机会锁定)
[t=13,792s] step=460 | MISSION=NORMAL_C | USV: 5/10 (avail=0 int=2 lock=3 frz=0) | UAV: air=10 rtb=0 chg=0 loiter=0 | TRACKS: vis=4 lost=0 engaged=2 | TOP: black_usv1(x162,811) black_usv18(x140,706) black_usv2(x148,068) | KILL=15 | ACTIONS=15 | INTENT: focus=2 ratio=0.20
[t=14,216s] step=470 | MISSION=NORMAL_C | USV: 3/10 (avail=0 int=1 lock=2 frz=0) | UAV: air=10 rtb=0 chg=0 loiter=0 | TRACKS: vis=3 lost=1 engaged=1 | TOP: black_usv1(x160,939) black_usv19(x145,953) black_usv18(x138,411) | KILL=16 | ACTIONS=13 | INTENT: focus=2 ratio=0.20
      [RELEASE] white_usv10->black_usv18(目标失效)
      [ASSIGN] white_usv10->black_usv1
      [KILL] black_usv19
[t=14,698s] step=480 | MISSION=NORMAL_C | USV: 3/10 (avail=0 int=3 lock=0 frz=0) | UAV: air=10 rtb=0 chg=0 loiter=0 | TRACKS: vis=2 lost=0 engaged=0 | TOP: black_usv1(x157,478) black_usv2(x146,563) | KILL=17 | ACTIONS=13 | INTENT: focus=2 ratio=0.20
      [KILL] black_usv2
      [RELEASE] white_usv7->black_usv2(目标失效)
      [RELEASE] white_usv8->black_usv2(目标失效)
      [ASSIGN] white_usv7->black_usv1
      [ASSIGN] white_usv8->black_usv1
[t=15,183s] step=490 | MISSION=NORMAL_C | USV: 3/10 (avail=0 int=3 lock=0 frz=0) | UAV: air=10 rtb=0 chg=0 loiter=0 | TRACKS: vis=1 lost=0 engaged=0 | TOP: black_usv1(x154,106) | KILL=17 | ACTIONS=13 | INTENT: focus=2 ratio=0.20
[t=15,646s] step=500 | MISSION=NORMAL_C | USV: 3/10 (avail=0 int=3 lock=0 frz=0) | UAV: air=10 rtb=0 chg=0 loiter=0 | TRACKS: vis=1 lost=0 engaged=0 | TOP: black_usv1(x150,886) | KILL=17 | ACTIONS=13 | INTENT: focus=2 ratio=0.20
      [RELEASE] white_usv7->black_usv1(目标失效)
      [RELEASE] white_usv8->black_usv1(目标失效)
      [RELEASE] white_usv10->black_usv1(目标失效)
[t=16,129s] step=510 | MISSION=GLOBAL_R | USV: 3/10 (avail=3 int=0 lock=0 frz=0) | UAV: air=10 rtb=0 chg=0 loiter=0 | TRACKS: vis=0 lost=0 engaged=0 | TOP:  | KILL=17 | ACTIONS=13 | INTENT: focus=2 ratio=0.20
[t=16,608s] step=520 | MISSION=GLOBAL_R | USV: 3/10 (avail=3 int=0 lock=0 frz=0) | UAV: air=10 rtb=0 chg=0 loiter=0 | TRACKS: vis=0 lost=0 engaged=0 | TOP:  | KILL=17 | ACTIONS=13 | INTENT: focus=2 ratio=0.20
      [DETECT] black_usv1
      [ASSIGN] white_usv7->black_usv1
      [ASSIGN] white_usv8->black_usv1
      [ASSIGN] white_usv10->black_usv1
[t=17,076s] step=530 | MISSION=NORMAL_C | USV: 3/10 (avail=0 int=3 lock=0 frz=0) | UAV: air=10 rtb=0 chg=0 loiter=0 | TRACKS: vis=0 lost=1 engaged=0 | TOP: black_usv1(x140,943) | KILL=17 | ACTIONS=13 | INTENT: focus=2 ratio=0.20
      [RELEASE] white_usv7->black_usv1(目标失效)
      [RELEASE] white_usv8->black_usv1(目标失效)
      [RELEASE] white_usv10->black_usv1(目标失效)
[t=17,572s] step=540 | MISSION=GLOBAL_R | USV: 3/10 (avail=3 int=0 lock=0 frz=0) | UAV: air=10 rtb=0 chg=0 loiter=0 | TRACKS: vis=0 lost=0 engaged=0 | TOP:  | KILL=17 | ACTIONS=13 | INTENT: focus=2 ratio=0.20
      [DETECT] black_usv1
      [ASSIGN] white_usv7->black_usv1
      [ASSIGN] white_usv8->black_usv1
      [ASSIGN] white_usv10->black_usv1
[t=18,069s] step=550 | MISSION=NORMAL_C | USV: 3/10 (avail=0 int=3 lock=0 frz=0) | UAV: air=10 rtb=0 chg=0 loiter=0 | TRACKS: vis=0 lost=1 engaged=0 | TOP: black_usv1(x134,038) | KILL=17 | ACTIONS=13 | INTENT: focus=2 ratio=0.20
      [RELEASE] white_usv7->black_usv1(目标失效)
      [RELEASE] white_usv8->black_usv1(目标失效)
      [RELEASE] white_usv10->black_usv1(目标失效)
[t=18,598s] step=560 | MISSION=GLOBAL_R | USV: 3/10 (avail=3 int=0 lock=0 frz=0) | UAV: air=10 rtb=0 chg=0 loiter=0 | TRACKS: vis=0 lost=0 engaged=0 | TOP:  | KILL=17 | ACTIONS=13 | INTENT: focus=2 ratio=0.20
      [DETECT] black_usv1
      [ASSIGN] white_usv7->black_usv1
      [ASSIGN] white_usv8->black_usv1
      [ASSIGN] white_usv10->black_usv1
[t=19,057s] step=570 | MISSION=NORMAL_C | USV: 3/10 (avail=0 int=3 lock=0 frz=0) | UAV: air=10 rtb=0 chg=0 loiter=0 | TRACKS: vis=0 lost=1 engaged=0 | TOP: black_usv1(x127,168) | KILL=17 | ACTIONS=13 | INTENT: focus=2 ratio=0.20
      [RELEASE] white_usv7->black_usv1(目标失效)
      [RELEASE] white_usv8->black_usv1(目标失效)
      [RELEASE] white_usv10->black_usv1(目标失效)
[t=19,565s] step=580 | MISSION=GLOBAL_R | USV: 3/10 (avail=3 int=0 lock=0 frz=0) | UAV: air=10 rtb=0 chg=0 loiter=0 | TRACKS: vis=0 lost=0 engaged=0 | TOP:  | KILL=17 | ACTIONS=13 | INTENT: focus=2 ratio=0.20
      [DETECT] black_usv1
      [ASSIGN] white_usv7->black_usv1
      [ASSIGN] white_usv8->black_usv1
      [ASSIGN] white_usv10->black_usv1
[t=20,097s] step=590 | MISSION=NORMAL_C | USV: 3/10 (avail=0 int=3 lock=0 frz=0) | UAV: air=10 rtb=0 chg=0 loiter=0 | TRACKS: vis=0 lost=1 engaged=0 | TOP: black_usv1(x119,937) | KILL=17 | ACTIONS=13 | INTENT: focus=2 ratio=0.20
      [RELEASE] white_usv7->black_usv1(目标失效)
      [RELEASE] white_usv8->black_usv1(目标失效)
      [RELEASE] white_usv10->black_usv1(目标失效)
[t=20,587s] step=600 | MISSION=GLOBAL_R | USV: 3/10 (avail=3 int=0 lock=0 frz=0) | UAV: air=10 rtb=0 chg=0 loiter=0 | TRACKS: vis=0 lost=0 engaged=0 | TOP:  | KILL=17 | ACTIONS=13 | INTENT: focus=2 ratio=0.20
[t=21,076s] step=610 | MISSION=GLOBAL_R | USV: 3/10 (avail=3 int=0 lock=0 frz=0) | UAV: air=10 rtb=0 chg=0 loiter=0 | TRACKS: vis=0 lost=0 engaged=0 | TOP:  | KILL=17 | ACTIONS=13 | INTENT: focus=2 ratio=0.20
      [DETECT] black_usv1
      [ASSIGN] white_usv7->black_usv1
      [ASSIGN] white_usv8->black_usv1
      [ASSIGN] white_usv10->black_usv1
      [RELEASE] white_usv7->black_usv1(目标失效)
      [RELEASE] white_usv8->black_usv1(目标失效)
      [RELEASE] white_usv10->black_usv1(目标失效)
[t=21,592s] step=620 | MISSION=GLOBAL_R | USV: 3/10 (avail=3 int=0 lock=0 frz=0) | UAV: air=10 rtb=0 chg=0 loiter=0 | TRACKS: vis=0 lost=0 engaged=0 | TOP:  | KILL=17 | ACTIONS=13 | INTENT: focus=2 ratio=0.20
[t=22,081s] step=630 | MISSION=GLOBAL_R | USV: 3/10 (avail=3 int=0 lock=0 frz=0) | UAV: air=10 rtb=0 chg=0 loiter=0 | TRACKS: vis=0 lost=0 engaged=0 | TOP:  | KILL=17 | ACTIONS=13 | INTENT: focus=2 ratio=0.20
      [DETECT] black_usv18
      [ASSIGN] white_usv7->black_usv18
      [ASSIGN] white_usv8->black_usv18
      [ASSIGN] white_usv10->black_usv18
      [DETECT] black_usv1
[t=22,605s] step=640 | MISSION=NORMAL_C | USV: 3/10 (avail=0 int=3 lock=0 frz=0) | UAV: air=10 rtb=0 chg=0 loiter=0 | TRACKS: vis=1 lost=1 engaged=0 | TOP: black_usv1(x102,498) black_usv18(x77,312) | KILL=17 | ACTIONS=13 | INTENT: focus=2 ratio=0.20
      [UAV RTB] white_uav10(电量2201<1908+300)
[t=23,117s] step=650 | MISSION=NORMAL_C | USV: 3/10 (avail=0 int=3 lock=0 frz=0) | UAV: air=9 rtb=1 chg=0 loiter=0 | TRACKS: vis=1 lost=1 engaged=0 | TOP: black_usv1(x98,938) black_usv18(x73,673) | KILL=17 | ACTIONS=13 | INTENT: focus=2 ratio=0.20
[t=23,581s] step=660 | MISSION=NORMAL_C | USV: 3/10 (avail=0 int=3 lock=0 frz=0) | UAV: air=9 rtb=1 chg=0 loiter=0 | TRACKS: vis=1 lost=1 engaged=0 | TOP: black_usv1(x95,706) black_usv18(x70,376) | KILL=17 | ACTIONS=13 | INTENT: focus=2 ratio=0.20
      [UAV RTB] white_uav5(电量1140<849+300)
      [UAV RTB] white_uav2(电量1141<871+300)
      [UAV RTB] white_uav3(电量1142<876+300)
      [UAV RTB] white_uav4(电量1146<864+300)
      [UAV RTB] white_uav1(电量1095<843+300)
      [UAV RTB] white_uav6(电量1043<803+300)
      [UAV RTB] white_uav8(电量996<766+300)
[t=24,073s] step=670 | MISSION=NORMAL_C | USV: 3/10 (avail=0 int=3 lock=0 frz=0) | UAV: air=2 rtb=8 chg=0 loiter=0 | TRACKS: vis=2 lost=0 engaged=0 | TOP: black_usv1(x92,290) black_usv18(x66,185) | KILL=17 | ACTIONS=13 | INTENT: focus=2 ratio=0.20
      [UAV RTB] white_uav7(电量904<696+300)
      [RELEASE] white_usv7->black_usv18(目标失效)
      [RELEASE] white_usv8->black_usv18(目标失效)
      [RELEASE] white_usv10->black_usv18(目标失效)
      [UAV RTB] white_uav9(电量436<199+300)
[t=24,577s] step=680 | MISSION=GLOBAL_R | USV: 3/10 (avail=3 int=0 lock=0 frz=0) | UAV: air=0 rtb=10 chg=0 loiter=0 | TRACKS: vis=0 lost=0 engaged=0 | TOP:  | KILL=17 | ACTIONS=13 | INTENT: focus=2 ratio=0.20
      [UAV LAND] white_uav9->white_usv7
      [UAV LAND] white_uav5->white_usv7
      [UAV RTB] white_uav9(电量115<23+300)
      [UAV RTB] white_uav5(电量116<29+300)
      [UAV LAND] white_uav9->white_usv7
      [UAV LAND] white_uav5->white_usv7
      [UAV RTB] white_uav9(电量21<20+300)
      [UAV RTB] white_uav5(电量22<22+300)
      [UAV LAND] white_uav2->white_usv8
      [UAV LAND] white_uav3->white_usv8
      [UAV LAND] white_uav8->white_usv8
      [UAV LAND] white_uav4->white_usv8
[t=25,171s] step=690 | MISSION=GLOBAL_R | USV: 3/10 (avail=3 int=0 lock=0 frz=0) | UAV: air=0 rtb=0 chg=0 loiter=0 | TRACKS: vis=0 lost=0 engaged=0 | TOP:  | KILL=17 | ACTIONS=3 | INTENT: focus=2 ratio=0.20
[t=26,035s] step=700 | MISSION=GLOBAL_R | USV: 3/10 (avail=3 int=0 lock=0 frz=0) | UAV: air=0 rtb=0 chg=0 loiter=0 | TRACKS: vis=0 lost=0 engaged=0 | TOP:  | KILL=17 | ACTIONS=3 | INTENT: focus=2 ratio=0.20
[t=26,955s] step=710 | MISSION=GLOBAL_R | USV: 3/10 (avail=3 int=0 lock=0 frz=0) | UAV: air=0 rtb=0 chg=0 loiter=0 | TRACKS: vis=0 lost=0 engaged=0 | TOP:  | KILL=17 | ACTIONS=3 | INTENT: focus=2 ratio=0.20
[t=27,904s] step=720 | MISSION=GLOBAL_R | USV: 3/10 (avail=3 int=0 lock=0 frz=0) | UAV: air=0 rtb=0 chg=0 loiter=0 | TRACKS: vis=0 lost=0 engaged=0 | TOP:  | KILL=17 | ACTIONS=3 | INTENT: focus=2 ratio=0.20
[t=28,785s] step=730 | MISSION=GLOBAL_R | USV: 3/10 (avail=3 int=0 lock=0 frz=0) | UAV: air=0 rtb=0 chg=0 loiter=0 | TRACKS: vis=0 lost=0 engaged=0 | TOP:  | KILL=17 | ACTIONS=3 | INTENT: focus=2 ratio=0.20

========================================================================
对局结果: Result.Defeat — 敌方1艘艇突破防线
  击杀蓝舰: 18 | 命中: 34 | 我方USV损失: 7 | UAV损失: 10 | 突破: 1
[META] result=Result.Defeat victory_time=29219 first_detection=1847 first_lock=7421 first_kill=8306 enemy_kills=18 friendly_usv_losses=7 friendly_uav_losses=10 black_breakthrough=1 reacquire_attempts=211 reacquire_success=208 sensor_assisted_locks=85 low_conf_commitments=0 global_reacquire_entries=7 global_reacquire_success=6 coverage_collapse_events=1 active_clusters_max=1 coverage_quality_final=0.09 commander_source=default_intent commander_calls=0 commander_changes=0 commander_no_change=0 commander_parse_failures=0 commander_api_failures=0 commander_policy_failures=0 commander_avg_latency=0.0
Done
