========================================================================
HYBRID AGENT V5 — Variable-Cardinality Hierarchical Maritime Agent
  启用UAV: True | LLM_ENABLED: False
========================================================================
对局 84 开始
      [UAV RELAUNCH] white_uav3
      [UAV RELAUNCH] white_uav5
      [UAV RELAUNCH] white_uav9
      [UAV RELAUNCH] white_uav12
      [UAV RELAUNCH] white_uav4
      [UAV RELAUNCH] white_uav10
      [UAV RELAUNCH] white_uav13
      [UAV RELAUNCH] white_uav15
      [UAV RELAUNCH] white_uav7
      [UAV RELAUNCH] white_uav8
      [UAV RELAUNCH] white_uav11
      [UAV RELAUNCH] white_uav14
      [UAV RELAUNCH] white_uav1
      [UAV RELAUNCH] white_uav2
      [UAV RELAUNCH] white_uav6
[t=302s] step=10 | MISSION=NORMAL_C | USV: 15/15 (avail=15 int=0 lock=0 frz=0) | UAV: air=15 rtb=0 chg=0 loiter=0 | TRACKS: vis=0 lost=0 engaged=0 | TOP:  | KILL=0 | ACTIONS=30 | INTENT: focus=2 ratio=0.20
  [INTENT APPLIED]
    ThreatAllocator: focus 2 emergency 3 reserve_ratio 0.20 reserve_usvs None bias breakthrough_eta
    UAVManager: mode search_and_reacquire uav_priority []
[t=626s] step=20 | MISSION=NORMAL_C | USV: 15/15 (avail=15 int=0 lock=0 frz=0) | UAV: air=15 rtb=0 chg=0 loiter=0 | TRACKS: vis=0 lost=0 engaged=0 | TOP:  | KILL=0 | ACTIONS=30 | INTENT: focus=2 ratio=0.20
[t=944s] step=30 | MISSION=NORMAL_C | USV: 15/15 (avail=15 int=0 lock=0 frz=0) | UAV: air=15 rtb=0 chg=0 loiter=0 | TRACKS: vis=0 lost=0 engaged=0 | TOP:  | KILL=0 | ACTIONS=30 | INTENT: focus=2 ratio=0.20
[t=1,275s] step=40 | MISSION=NORMAL_C | USV: 15/15 (avail=15 int=0 lock=0 frz=0) | UAV: air=15 rtb=0 chg=0 loiter=0 | TRACKS: vis=0 lost=0 engaged=0 | TOP:  | KILL=0 | ACTIONS=30 | INTENT: focus=2 ratio=0.20
[t=1,628s] step=50 | MISSION=NORMAL_C | USV: 15/15 (avail=15 int=0 lock=0 frz=0) | UAV: air=15 rtb=0 chg=0 loiter=0 | TRACKS: vis=0 lost=0 engaged=0 | TOP:  | KILL=0 | ACTIONS=30 | INTENT: focus=2 ratio=0.20
      [DETECT] black_usv28
      [DETECT] black_usv18
      [DETECT] black_usv8
      [DETECT] black_usv19
      [DETECT] black_usv29
      [DETECT] black_usv3
      [DETECT] black_usv26
      [DETECT] black_usv10
      [DETECT] black_usv21
      [DETECT] black_usv6
      [DETECT] black_usv20
      [DETECT] black_usv5
      [DETECT] black_usv25
      [DETECT] black_usv23
      [DETECT] black_usv17
      [DETECT] black_usv15
      [DETECT] black_usv22
      [DETECT] black_usv12
      [DETECT] black_usv4
      [DETECT] black_usv1
      [DETECT] black_usv7
      [DETECT] black_usv13
      [DETECT] black_usv11
      [DETECT] black_usv16
      [DETECT] black_usv2
      [DETECT] black_usv9
      [DETECT] black_usv14
      [DETECT] black_usv27
      [ASSIGN] white_usv3->black_usv7
      [ASSIGN] white_usv6->black_usv11
      [ASSIGN] white_usv8->black_usv14
      [ASSIGN] white_usv9->black_usv18
      [ASSIGN] white_usv11->black_usv22
      [ASSIGN] white_usv1->black_usv1
      [ASSIGN] white_usv2->black_usv3
      [ASSIGN] white_usv5->black_usv9
      [ASSIGN] white_usv13->black_usv27
      [ASSIGN] white_usv14->black_usv28
      [ASSIGN] white_usv4->black_usv8
      [ASSIGN] white_usv7->black_usv12
      [DETECT] black_usv24
      [DETECT] black_usv30
      [ASSIGN] white_usv10->black_usv13
      [ASSIGN] white_usv15->black_usv30
      [ASSIGN] white_usv12->black_usv23
[t=1,969s] step=60 | MISSION=NORMAL_C | USV: 15/15 (avail=0 int=15 lock=0 frz=0) | UAV: air=15 rtb=0 chg=0 loiter=0 | TRACKS: vis=30 lost=0 engaged=0 | TOP: black_usv21(x240,550) black_usv5(x240,581) black_usv2(x240,612) | KILL=0 | ACTIONS=30 | INTENT: focus=2 ratio=0.20
[t=2,314s] step=70 | MISSION=NORMAL_C | USV: 15/15 (avail=0 int=15 lock=0 frz=0) | UAV: air=15 rtb=0 chg=0 loiter=0 | TRACKS: vis=30 lost=0 engaged=0 | TOP: black_usv21(x237,145) black_usv5(x237,182) black_usv2(x237,219) | KILL=0 | ACTIONS=30 | INTENT: focus=2 ratio=0.20
[t=2,623s] step=80 | MISSION=NORMAL_C | USV: 15/15 (avail=0 int=15 lock=0 frz=0) | UAV: air=15 rtb=0 chg=0 loiter=0 | TRACKS: vis=30 lost=0 engaged=0 | TOP: black_usv21(x234,092) black_usv5(x234,134) black_usv2(x234,175) | KILL=0 | ACTIONS=30 | INTENT: focus=2 ratio=0.20
[t=2,822s] step=90 | MISSION=NORMAL_C | USV: 15/15 (avail=0 int=15 lock=0 frz=0) | UAV: air=15 rtb=0 chg=0 loiter=0 | TRACKS: vis=30 lost=0 engaged=0 | TOP: black_usv21(x232,132) black_usv5(x232,177) black_usv2(x232,222) | KILL=0 | ACTIONS=30 | INTENT: focus=2 ratio=0.20
[t=3,076s] step=100 | MISSION=NORMAL_C | USV: 15/15 (avail=0 int=15 lock=0 frz=0) | UAV: air=15 rtb=0 chg=0 loiter=0 | TRACKS: vis=30 lost=0 engaged=0 | TOP: black_usv21(x229,626) black_usv5(x229,675) black_usv2(x229,723) | KILL=0 | ACTIONS=30 | INTENT: focus=2 ratio=0.20
[t=3,344s] step=110 | MISSION=NORMAL_C | USV: 15/15 (avail=0 int=15 lock=0 frz=0) | UAV: air=15 rtb=0 chg=0 loiter=0 | TRACKS: vis=30 lost=0 engaged=0 | TOP: black_usv21(x226,981) black_usv5(x227,034) black_usv2(x227,087) | KILL=0 | ACTIONS=30 | INTENT: focus=2 ratio=0.20
[t=3,692s] step=120 | MISSION=NORMAL_C | USV: 15/15 (avail=0 int=15 lock=0 frz=0) | UAV: air=15 rtb=0 chg=0 loiter=0 | TRACKS: vis=30 lost=0 engaged=0 | TOP: black_usv21(x223,547) black_usv5(x223,606) black_usv2(x223,664) | KILL=0 | ACTIONS=30 | INTENT: focus=2 ratio=0.20
[t=4,038s] step=130 | MISSION=NORMAL_C | USV: 15/15 (avail=0 int=15 lock=0 frz=0) | UAV: air=15 rtb=0 chg=0 loiter=0 | TRACKS: vis=30 lost=0 engaged=0 | TOP: black_usv21(x220,132) black_usv5(x220,197) black_usv2(x220,261) | KILL=0 | ACTIONS=30 | INTENT: focus=2 ratio=0.20
[t=4,369s] step=140 | MISSION=NORMAL_C | USV: 15/15 (avail=0 int=15 lock=0 frz=0) | UAV: air=15 rtb=0 chg=0 loiter=0 | TRACKS: vis=30 lost=0 engaged=0 | TOP: black_usv21(x216,866) black_usv5(x216,935) black_usv2(x217,005) | KILL=0 | ACTIONS=30 | INTENT: focus=2 ratio=0.20
[t=4,567s] step=150 | MISSION=NORMAL_C | USV: 15/15 (avail=0 int=15 lock=0 frz=0) | UAV: air=15 rtb=0 chg=0 loiter=0 | TRACKS: vis=30 lost=0 engaged=0 | TOP: black_usv21(x214,903) black_usv5(x214,975) black_usv2(x215,047) | KILL=0 | ACTIONS=30 | INTENT: focus=2 ratio=0.20
[t=4,830s] step=160 | MISSION=NORMAL_C | USV: 15/15 (avail=0 int=15 lock=0 frz=0) | UAV: air=15 rtb=0 chg=0 loiter=0 | TRACKS: vis=30 lost=0 engaged=0 | TOP: black_usv21(x212,317) black_usv5(x212,394) black_usv2(x212,470) | KILL=0 | ACTIONS=30 | INTENT: focus=2 ratio=0.20
[t=5,161s] step=170 | MISSION=NORMAL_C | USV: 15/15 (avail=0 int=15 lock=0 frz=0) | UAV: air=15 rtb=0 chg=0 loiter=0 | TRACKS: vis=30 lost=0 engaged=0 | TOP: black_usv21(x209,050) black_usv5(x209,132) black_usv2(x209,214) | KILL=0 | ACTIONS=30 | INTENT: focus=2 ratio=0.20
[t=5,486s] step=180 | MISSION=NORMAL_C | USV: 15/15 (avail=0 int=15 lock=0 frz=0) | UAV: air=15 rtb=0 chg=0 loiter=0 | TRACKS: vis=30 lost=0 engaged=0 | TOP: black_usv21(x205,843) black_usv5(x205,930) black_usv2(x206,017) | KILL=0 | ACTIONS=30 | INTENT: focus=2 ratio=0.20
[t=5,822s] step=190 | MISSION=NORMAL_C | USV: 15/15 (avail=0 int=15 lock=0 frz=0) | UAV: air=15 rtb=0 chg=0 loiter=0 | TRACKS: vis=30 lost=0 engaged=0 | TOP: black_usv21(x202,527) black_usv5(x202,620) black_usv2(x202,712) | KILL=0 | ACTIONS=30 | INTENT: focus=2 ratio=0.20
[t=6,164s] step=200 | MISSION=NORMAL_C | USV: 15/15 (avail=0 int=15 lock=0 frz=0) | UAV: air=15 rtb=0 chg=0 loiter=0 | TRACKS: vis=30 lost=0 engaged=0 | TOP: black_usv21(x199,152) black_usv5(x199,251) black_usv2(x199,348) | KILL=0 | ACTIONS=30 | INTENT: focus=2 ratio=0.20
[t=6,524s] step=210 | MISSION=NORMAL_C | USV: 15/15 (avail=0 int=15 lock=0 frz=0) | UAV: air=15 rtb=0 chg=0 loiter=0 | TRACKS: vis=30 lost=0 engaged=0 | TOP: black_usv5(x195,698) black_usv21(x195,600) black_usv2(x195,807) | KILL=0 | ACTIONS=30 | INTENT: focus=2 ratio=0.20
[t=6,892s] step=220 | MISSION=NORMAL_C | USV: 15/15 (avail=0 int=15 lock=0 frz=0) | UAV: air=15 rtb=0 chg=0 loiter=0 | TRACKS: vis=30 lost=0 engaged=0 | TOP: black_usv5(x192,019) black_usv21(x191,968) black_usv2(x192,187) | KILL=0 | ACTIONS=30 | INTENT: focus=2 ratio=0.20
[t=7,262s] step=230 | MISSION=NORMAL_C | USV: 15/15 (avail=0 int=15 lock=0 frz=0) | UAV: air=15 rtb=0 chg=0 loiter=0 | TRACKS: vis=28 lost=2 engaged=0 | TOP: black_usv5(x188,320) black_usv21(x188,317) black_usv2(x188,548) | KILL=0 | ACTIONS=30 | INTENT: focus=2 ratio=0.20
      [ASSIGN] white_usv2->black_usv1(机会锁定)
      [ASSIGN] white_usv5->black_usv11(机会锁定)
      [ASSIGN] white_usv4->black_usv7(机会锁定)
      [ASSIGN] white_usv7->black_usv14(机会锁定)
      [ASSIGN] white_usv12->black_usv22(机会锁定)
      [ASSIGN] white_usv14->black_usv18(机会锁定)
      [ASSIGN] white_usv10->black_usv12(机会锁定)
      [ASSIGN] white_usv15->black_usv26(机会锁定)
[t=7,637s] step=240 | MISSION=NORMAL_C | USV: 15/15 (avail=0 int=0 lock=15 frz=0) | UAV: air=15 rtb=0 chg=0 loiter=0 | TRACKS: vis=29 lost=1 engaged=9 | TOP: black_usv9(x183,704) black_usv8(x183,881) black_usv3(x184,095) | KILL=0 | ACTIONS=30 | INTENT: focus=2 ratio=0.20
      [ASSIGN] white_usv3->black_usv8(机会锁定)
      [ASSIGN] white_usv6->black_usv9(机会锁定)
      [ASSIGN] white_usv8->black_usv9(机会锁定)
      [ASSIGN] white_usv9->black_usv23(机会锁定)
      [ASSIGN] white_usv11->black_usv23(机会锁定)
      [ASSIGN] white_usv1->black_usv8(机会锁定)
      [ASSIGN] white_usv2->black_usv3(机会锁定)
      [ASSIGN] white_usv5->black_usv9(机会锁定)
      [ASSIGN] white_usv13->black_usv21(机会锁定)
      [ASSIGN] white_usv4->black_usv8(机会锁定)
      [ASSIGN] white_usv7->black_usv9(机会锁定)
      [ASSIGN] white_usv12->black_usv23(机会锁定)
      [ASSIGN] white_usv14->black_usv22(机会锁定)
      [ASSIGN] white_usv10->black_usv14(机会锁定)
      [ASSIGN] white_usv14->black_usv18(机会锁定)
      [ASSIGN] white_usv15->black_usv20(机会锁定)
      [ASSIGN] white_usv14->black_usv22(机会锁定)
      [ASSIGN] white_usv14->black_usv18(机会锁定)
      [ASSIGN] white_usv14->black_usv22(机会锁定)
      [ASSIGN] white_usv14->black_usv10(机会锁定)
      [ASSIGN] white_usv3->black_usv13(机会锁定)
      [ASSIGN] white_usv6->black_usv13(机会锁定)
      [ASSIGN] white_usv8->black_usv5(机会锁定)
      [ASSIGN] white_usv9->black_usv25(机会锁定)
      [ASSIGN] white_usv5->black_usv13(机会锁定)
      [ASSIGN] white_usv7->black_usv5(机会锁定)
[t=8,023s] step=250 | MISSION=NORMAL_C | USV: 15/15 (avail=0 int=6 lock=9 frz=0) | UAV: air=15 rtb=0 chg=0 loiter=0 | TRACKS: vis=28 lost=1 engaged=7 | TOP: black_usv13(x180,289) black_usv5(x180,713) black_usv2(x181,062) | KILL=6 | ACTIONS=30 | INTENT: focus=2 ratio=0.20
      [ASSIGN] white_usv11->black_usv16(机会锁定)
      [ASSIGN] white_usv1->black_usv1(机会锁定)
      [ASSIGN] white_usv2->black_usv1(机会锁定)
      [ASSIGN] white_usv13->black_usv16(机会锁定)
      [ASSIGN] white_usv4->black_usv2(机会锁定)
      [ASSIGN] white_usv12->black_usv22(机会锁定)
      [ASSIGN] white_usv1->black_usv3(机会锁定)
      [ASSIGN] white_usv2->black_usv3(机会锁定)
      [ASSIGN] white_usv10->black_usv9(机会锁定)
      [ASSIGN] white_usv15->black_usv21(机会锁定)
      [ASSIGN] white_usv12->black_usv23(机会锁定)
      [ASSIGN] white_usv10->black_usv19(机会锁定)
      [ASSIGN] white_usv12->black_usv6(机会锁定)
      [ASSIGN] white_usv14->black_usv27(机会锁定)
      [KILL] black_usv18
      [KILL] black_usv22
      [KILL] black_usv1
      [KILL] black_usv7
      [KILL] black_usv11
      [ASSIGN] white_usv3->black_usv9(机会锁定)
      [ASSIGN] white_usv6->black_usv9(机会锁定)
      [ASSIGN] white_usv8->black_usv10(机会锁定)
      [ASSIGN] white_usv9->black_usv10(机会锁定)
      [ASSIGN] white_usv5->black_usv9(机会锁定)
      [ASSIGN] white_usv7->black_usv10(机会锁定)
      [ASSIGN] white_usv3->black_usv13(机会锁定)
      [ASSIGN] white_usv6->black_usv5(机会锁定)
      [ASSIGN] white_usv11->black_usv29(机会锁定)
      [ASSIGN] white_usv5->black_usv13(机会锁定)
      [ASSIGN] white_usv13->black_usv20(机会锁定)
      [ASSIGN] white_usv4->black_usv13(机会锁定)
      [DETECT] black_usv28
      [ASSIGN] white_usv3->black_usv2(机会锁定)
      [ASSIGN] white_usv1->black_usv17(机会锁定)
      [ASSIGN] white_usv2->black_usv17(机会锁定)
      [ASSIGN] white_usv5->black_usv2(机会锁定)
      [ASSIGN] white_usv4->black_usv2(机会锁定)
      [ASSIGN] white_usv15->black_usv26(机会锁定)
[t=8,454s] step=260 | MISSION=NORMAL_C | USV: 15/15 (avail=0 int=6 lock=9 frz=0) | UAV: air=15 rtb=0 chg=0 loiter=0 | TRACKS: vis=25 lost=0 engaged=7 | TOP: black_usv2(x177,462) black_usv9(x179,879) black_usv16(x178,215) | KILL=12 | ACTIONS=30 | INTENT: focus=2 ratio=0.20
      [ASSIGN] white_usv12->black_usv16(机会锁定)
      [ASSIGN] white_usv14->black_usv6(机会锁定)
      [KILL] black_usv8
      [KILL] black_usv23
      [KILL] black_usv9
      [ASSIGN] white_usv8->black_usv19(机会锁定)
      [ASSIGN] white_usv9->black_usv12(机会锁定)
      [ASSIGN] white_usv7->black_usv12(机会锁定)
      [KILL] black_usv14
      [ASSIGN] white_usv6->black_usv13(机会锁定)
      [ASSIGN] white_usv11->black_usv27(机会锁定)
      [ASSIGN] white_usv13->black_usv27(机会锁定)
      [ASSIGN] white_usv3->black_usv5(机会锁定)
      [ASSIGN] white_usv6->black_usv5(机会锁定)
      [ASSIGN] white_usv11->black_usv29(机会锁定)
      [ASSIGN] white_usv1->black_usv3(机会锁定)
      [ASSIGN] white_usv2->black_usv3(机会锁定)
      [ASSIGN] white_usv5->black_usv5(机会锁定)
      [ASSIGN] white_usv13->black_usv20(机会锁定)
      [ASSIGN] white_usv4->black_usv5(机会锁定)
      [ASSIGN] white_usv15->black_usv20(机会锁定)
      [DETECT] black_usv28
      [ASSIGN] white_usv3->black_usv2(机会锁定)
      [ASSIGN] white_usv6->black_usv2(机会锁定)
      [ASSIGN] white_usv1->black_usv17(机会锁定)
      [ASSIGN] white_usv2->black_usv17(机会锁定)
      [ASSIGN] white_usv5->black_usv2(机会锁定)
      [ASSIGN] white_usv13->black_usv27(机会锁定)
      [ASSIGN] white_usv4->black_usv17(机会锁定)
      [ASSIGN] white_usv15->black_usv26(机会锁定)
      [ASSIGN] white_usv12->black_usv10(机会锁定)
      [ASSIGN] white_usv3->black_usv5(机会锁定)
      [ASSIGN] white_usv6->black_usv5(机会锁定)
      [ASSIGN] white_usv5->black_usv5(机会锁定)
      [ASSIGN] white_usv13->black_usv16(机会锁定)
      [ASSIGN] white_usv12->black_usv16(机会锁定)
[t=8,887s] step=270 | MISSION=NORMAL_C | USV: 14/15 (avail=0 int=5 lock=9 frz=0) | UAV: air=15 rtb=0 chg=0 loiter=0 | TRACKS: vis=19 lost=2 engaged=6 | TOP: black_usv16(x174,646) black_usv5(x176,774) black_usv13(x177,230) | KILL=17 | ACTIONS=29 | INTENT: focus=2 ratio=0.20
      [ASSIGN] white_usv3->black_usv2(机会锁定)
      [ASSIGN] white_usv6->black_usv25(机会锁定)
      [ASSIGN] white_usv5->black_usv2(机会锁定)
      [KILL] black_usv13
      [ASSIGN] white_usv3->black_usv5(机会锁定)
      [ASSIGN] white_usv5->black_usv5(机会锁定)
      [ASSIGN] white_usv14->black_usv27(机会锁定)
      [ASSIGN] white_usv3->black_usv2(机会锁定)
      [ASSIGN] white_usv8->black_usv6(机会锁定)
      [ASSIGN] white_usv9->black_usv6(机会锁定)
      [ASSIGN] white_usv5->black_usv2(机会锁定)
      [ASSIGN] white_usv14->black_usv6(机会锁定)
      [ASSIGN] white_usv7->black_usv6(机会锁定)
      [KILL] black_usv3
      [KILL] black_usv21
      [ASSIGN] white_usv3->black_usv19(机会锁定)
      [ASSIGN] white_usv5->black_usv19(机会锁定)
      [ASSIGN] white_usv11->black_usv12(机会锁定)
      [ASSIGN] white_usv11->black_usv29(机会锁定)
      [ASSIGN] white_usv1->black_usv15(机会锁定)
      [ASSIGN] white_usv2->black_usv15(机会锁定)
      [ASSIGN] white_usv4->black_usv2(机会锁定)
      [ASSIGN] white_usv11->black_usv12(机会锁定)
      [ASSIGN] white_usv13->black_usv27(机会锁定)
      [ASSIGN] white_usv4->black_usv17(机会锁定)
      [ASSIGN] white_usv15->black_usv24(机会锁定)
      [ASSIGN] white_usv12->black_usv12(机会锁定)
      [KILL] black_usv27
      [ASSIGN] white_usv6->black_usv5(机会锁定)
      [ASSIGN] white_usv11->black_usv16(机会锁定)
      [RELEASE] white_usv13->black_usv27(目标失效)
      [ASSIGN] white_usv13->black_usv16(机会锁定)
      [ASSIGN] white_usv4->black_usv2(机会锁定)
      [ASSIGN] white_usv12->black_usv16(机会锁定)
      [KILL] black_usv10
      [ASSIGN] white_usv6->black_usv25(机会锁定)
      [ASSIGN] white_usv11->black_usv12(机会锁定)
      [ASSIGN] white_usv13->black_usv20(机会锁定)
      [ASSIGN] white_usv12->black_usv12(机会锁定)
      [KILL] black_usv20
      [KILL] black_usv5
      [ASSIGN] white_usv6->black_usv2(机会锁定)
      [ASSIGN] white_usv8->black_usv29(机会锁定)
      [ASSIGN] white_usv9->black_usv29(机会锁定)
      [ASSIGN] white_usv11->black_usv16(机会锁定)
      [RELEASE] white_usv13->black_usv20(目标失效)
      [ASSIGN] white_usv13->black_usv16(机会锁定)
      [ASSIGN] white_usv14->black_usv16(机会锁定)
      [ASSIGN] white_usv7->black_usv29(机会锁定)
      [ASSIGN] white_usv12->black_usv16(机会锁定)
[t=9,347s] step=280 | MISSION=NORMAL_C | USV: 13/15 (avail=0 int=8 lock=5 frz=0) | UAV: air=15 rtb=0 chg=0 loiter=0 | TRACKS: vis=13 lost=1 engaged=3 | TOP: black_usv26(x172,216) black_usv16(x173,814) black_usv2(x176,655) | KILL=23 | ACTIONS=28 | INTENT: focus=2 ratio=0.20
      [KILL] black_usv2
      [ASSIGN] white_usv3->black_usv25(机会锁定)
      [RELEASE] white_usv6->black_usv2(目标失效)
      [ASSIGN] white_usv6->black_usv25(机会锁定)
      [ASSIGN] white_usv8->black_usv25(机会锁定)
      [ASSIGN] white_usv9->black_usv6(机会锁定)
      [ASSIGN] white_usv11->black_usv6(机会锁定)
      [ASSIGN] white_usv5->black_usv25(机会锁定)
      [ASSIGN] white_usv13->black_usv6(机会锁定)
      [ASSIGN] white_usv14->black_usv6(机会锁定)
      [ASSIGN] white_usv7->black_usv25(机会锁定)
      [ASSIGN] white_usv12->black_usv6(机会锁定)
      [ASSIGN] white_usv3->black_usv19(机会锁定)
      [ASSIGN] white_usv6->black_usv19(机会锁定)
      [ASSIGN] white_usv8->black_usv19(机会锁定)
      [ASSIGN] white_usv9->black_usv12(机会锁定)
      [ASSIGN] white_usv11->black_usv12(机会锁定)
      [ASSIGN] white_usv5->black_usv19(机会锁定)
      [ASSIGN] white_usv13->black_usv16(机会锁定)
      [ASSIGN] white_usv14->black_usv16(机会锁定)
      [ASSIGN] white_usv7->black_usv19(机会锁定)
      [ASSIGN] white_usv12->black_usv12(机会锁定)
      [ASSIGN] white_usv3->black_usv4(机会锁定)
      [ASSIGN] white_usv6->black_usv25(机会锁定)
      [ASSIGN] white_usv8->black_usv25(机会锁定)
      [ASSIGN] white_usv9->black_usv6(机会锁定)
      [ASSIGN] white_usv11->black_usv6(机会锁定)
      [ASSIGN] white_usv1->black_usv17(机会锁定)
      [ASSIGN] white_usv2->black_usv17(机会锁定)
      [ASSIGN] white_usv5->black_usv25(机会锁定)
      [ASSIGN] white_usv14->black_usv6(机会锁定)
      [ASSIGN] white_usv7->black_usv25(机会锁定)
      [ASSIGN] white_usv12->black_usv6(机会锁定)
      [ASSIGN] white_usv3->black_usv19(机会锁定)
      [ASSIGN] white_usv6->black_usv19(机会锁定)
      [ASSIGN] white_usv8->black_usv12(机会锁定)
      [ASSIGN] white_usv9->black_usv12(机会锁定)
      [ASSIGN] white_usv1->black_usv15(机会锁定)
      [ASSIGN] white_usv2->black_usv15(机会锁定)
      [ASSIGN] white_usv5->black_usv19(机会锁定)
      [ASSIGN] white_usv14->black_usv12(机会锁定)
      [ASSIGN] white_usv7->black_usv19(机会锁定)
      [ASSIGN] white_usv15->black_usv26(机会锁定)
      [ASSIGN] white_usv12->black_usv12(机会锁定)
      [ASSIGN] white_usv8->black_usv25(机会锁定)
      [ASSIGN] white_usv9->black_usv6(机会锁定)
      [ASSIGN] white_usv1->black_usv4(机会锁定)
      [ASSIGN] white_usv2->black_usv4(机会锁定)
      [ASSIGN] white_usv14->black_usv6(机会锁定)
      [ASSIGN] white_usv7->black_usv25(机会锁定)
      [KILL] black_usv12
      [ASSIGN] white_usv8->black_usv29(机会锁定)
      [ASSIGN] white_usv1->black_usv15(机会锁定)
      [ASSIGN] white_usv2->black_usv15(机会锁定)
      [ASSIGN] white_usv14->black_usv16(机会锁定)
      [ASSIGN] white_usv7->black_usv29(机会锁定)
      [ASSIGN] white_usv8->black_usv25(机会锁定)
      [ASSIGN] white_usv1->black_usv4(机会锁定)
      [ASSIGN] white_usv2->black_usv4(机会锁定)
      [ASSIGN] white_usv14->black_usv6(机会锁定)
      [ASSIGN] white_usv7->black_usv25(机会锁定)
      [ASSIGN] white_usv8->black_usv29(机会锁定)
      [ASSIGN] white_usv7->black_usv29(机会锁定)
      [KILL] black_usv29
      [ASSIGN] white_usv6->black_usv25(机会锁定)
      [RELEASE] white_usv8->black_usv29(目标失效)
      [ASSIGN] white_usv8->black_usv25(机会锁定)
      [ASSIGN] white_usv9->black_usv25(机会锁定)
      [RELEASE] white_usv7->black_usv29(目标失效)
      [ASSIGN] white_usv7->black_usv25(机会锁定)
      [KILL] black_usv17
      [ASSIGN] white_usv6->black_usv19(机会锁定)
      [ASSIGN] white_usv8->black_usv28(机会锁定)
      [ASSIGN] white_usv9->black_usv6(机会锁定)
      [ASSIGN] white_usv7->black_usv28(机会锁定)
[t=9,805s] step=290 | MISSION=NORMAL_C | USV: 11/15 (avail=0 int=8 lock=3 frz=0) | UAV: air=15 rtb=0 chg=0 loiter=0 | TRACKS: vis=9 lost=1 engaged=2 | TOP: black_usv15(x172,931) black_usv28(x182,310) black_usv24(x171,517) | KILL=25 | ACTIONS=26 | INTENT: focus=2 ratio=0.20
      [KILL] black_usv25
      [KILL] black_usv16
      [ASSIGN] white_usv3->black_usv4(机会锁定)
      [ASSIGN] white_usv6->black_usv4(机会锁定)
      [ASSIGN] white_usv5->black_usv4(机会锁定)
      [RELEASE] white_usv13->black_usv16(目标失效)
      [ASSIGN] white_usv13->black_usv26(机会锁定)
      [ASSIGN] white_usv13->black_usv24(机会锁定)
      [ASSIGN] white_usv15->black_usv24(机会锁定)
      [KILL] black_usv6
      [RELEASE] white_usv9->black_usv6(目标失效)
      [ASSIGN] white_usv9->black_usv19(机会锁定)
      [RELEASE] white_usv14->black_usv6(目标失效)
      [KILL] black_usv19
      [RELEASE] white_usv9->black_usv19(目标失效)
      [ASSIGN] white_usv1->black_usv15(机会锁定)
      [ASSIGN] white_usv2->black_usv15(机会锁定)
      [ASSIGN] white_usv14->black_usv26
      [ASSIGN] white_usv9->black_usv24
      [KILL] black_usv15
      [RELEASE] white_usv1->black_usv15(目标失效)
      [ASSIGN] white_usv1->black_usv4(机会锁定)
      [RELEASE] white_usv2->black_usv15(目标失效)
      [ASSIGN] white_usv2->black_usv4(机会锁定)
      [ASSIGN] white_usv6->black_usv28(机会锁定)
      [ASSIGN] white_usv13->black_usv26(机会锁定)
      [ASSIGN] white_usv13->black_usv24(机会锁定)
      [ASSIGN] white_usv14->black_usv24(机会锁定)
[t=10,322s] step=300 | MISSION=NORMAL_C | USV: 10/15 (avail=0 int=10 lock=0 frz=0) | UAV: air=15 rtb=0 chg=0 loiter=0 | TRACKS: vis=4 lost=0 engaged=0 | TOP: black_usv24(x167,589) black_usv26(x167,054) black_usv28(x179,227) | KILL=29 | ACTIONS=25 | INTENT: focus=2 ratio=0.20
      [ASSIGN] white_usv3->black_usv28(机会锁定)
      [ASSIGN] white_usv13->black_usv26(机会锁定)
      [ASSIGN] white_usv14->black_usv26(机会锁定)
      [DETECT] black_usv30
      [ASSIGN] white_usv3->black_usv4(机会锁定)
      [ASSIGN] white_usv6->black_usv4(机会锁定)
      [ASSIGN] white_usv8->black_usv4(机会锁定)
      [ASSIGN] white_usv13->black_usv24(机会锁定)
      [ASSIGN] white_usv14->black_usv24(机会锁定)
      [ASSIGN] white_usv7->black_usv4(机会锁定)
      [KILL] black_usv26
      [ASSIGN] white_usv3->black_usv28(机会锁定)
      [ASSIGN] white_usv6->black_usv28(机会锁定)
      [ASSIGN] white_usv8->black_usv28(机会锁定)
      [ASSIGN] white_usv7->black_usv28(机会锁定)
      [ASSIGN] white_usv3->black_usv4(机会锁定)
      [ASSIGN] white_usv6->black_usv4(机会锁定)
      [ASSIGN] white_usv8->black_usv4(机会锁定)
      [ASSIGN] white_usv7->black_usv4(机会锁定)
      [KILL] black_usv4
      [RELEASE] white_usv3->black_usv4(目标失效)
      [ASSIGN] white_usv3->black_usv28(机会锁定)
      [RELEASE] white_usv6->black_usv4(目标失效)
      [ASSIGN] white_usv6->black_usv28(机会锁定)
      [RELEASE] white_usv8->black_usv4(目标失效)
      [ASSIGN] white_usv8->black_usv28(机会锁定)
      [RELEASE] white_usv1->black_usv4(目标失效)
      [RELEASE] white_usv2->black_usv4(目标失效)
      [RELEASE] white_usv5->black_usv4(目标失效)
      [RELEASE] white_usv7->black_usv4(目标失效)
      [ASSIGN] white_usv7->black_usv28(机会锁定)
      [ASSIGN] white_usv8->black_usv30(机会锁定)
      [ASSIGN] white_usv1->black_usv30
      [ASSIGN] white_usv2->black_usv28(机会锁定)
      [ASSIGN] white_usv5->black_usv30
      [ASSIGN] white_usv7->black_usv30(机会锁定)
      [KILL] black_usv28
      [RELEASE] white_usv3->black_usv28(目标失效)
      [RELEASE] white_usv6->black_usv28(目标失效)
      [RELEASE] white_usv2->black_usv28(目标失效)
      [KILL] black_usv24
      [RELEASE] white_usv9->black_usv24(目标失效)
      [RELEASE] white_usv13->black_usv24(目标失效)
      [RELEASE] white_usv14->black_usv24(目标失效)
[t=10,906s] step=310 | MISSION=NORMAL_C | USV: 10/15 (avail=3 int=5 lock=2 frz=0) | UAV: air=15 rtb=0 chg=0 loiter=0 | TRACKS: vis=1 lost=0 engaged=1 | TOP: black_usv30(x194,745) | KILL=29 | ACTIONS=25 | INTENT: focus=2 ratio=0.20

========================================================================
对局结果: Result.Victory — 敌方所有单位被击毁
  击杀蓝舰: 30 | 命中: 60 | 我方USV损失: 5 | UAV损失: 0 | 突破: 0
[META] result=Result.Victory victory_time=11013 first_detection=1867 first_lock=7417 first_kill=8321 enemy_kills=30 friendly_usv_losses=5 friendly_uav_losses=0 black_breakthrough=0 reacquire_attempts=45 reacquire_success=45 sensor_assisted_locks=45 low_conf_commitments=0 global_reacquire_entries=0 global_reacquire_success=0 coverage_collapse_events=1 active_clusters_max=1 coverage_quality_final=0.20 commander_source=default_intent commander_calls=0 commander_changes=0 commander_no_change=0 commander_parse_failures=0 commander_api_failures=0 commander_policy_failures=0 commander_avg_latency=0.0
Done
