========================================================================
HYBRID AGENT V5 — Variable-Cardinality Hierarchical Maritime Agent
  启用UAV: True | LLM_ENABLED: False
========================================================================
对局 68 开始
      [UAV RELAUNCH] white_uav8
      [UAV RELAUNCH] white_uav5
      [UAV RELAUNCH] white_uav2
      [UAV RELAUNCH] white_uav7
      [UAV RELAUNCH] white_uav1
      [UAV RELAUNCH] white_uav3
      [UAV RELAUNCH] white_uav10
      [UAV RELAUNCH] white_uav4
      [UAV RELAUNCH] white_uav6
      [UAV RELAUNCH] white_uav9
[t=270s] step=10 | MISSION=NORMAL_C | USV: 10/10 (avail=10 int=0 lock=0 frz=0) | UAV: air=10 rtb=0 chg=0 loiter=0 | TRACKS: vis=0 lost=0 engaged=0 | TOP:  | KILL=0 | ACTIONS=20 | INTENT: focus=2 ratio=0.20
  [INTENT APPLIED]
    ThreatAllocator: focus 2 emergency 3 reserve_ratio 0.20 reserve_usvs None bias breakthrough_eta
    UAVManager: mode search_and_reacquire uav_priority []
[t=559s] step=20 | MISSION=NORMAL_C | USV: 10/10 (avail=10 int=0 lock=0 frz=0) | UAV: air=10 rtb=0 chg=0 loiter=0 | TRACKS: vis=0 lost=0 engaged=0 | TOP:  | KILL=0 | ACTIONS=20 | INTENT: focus=2 ratio=0.20
[t=844s] step=30 | MISSION=NORMAL_C | USV: 10/10 (avail=10 int=0 lock=0 frz=0) | UAV: air=10 rtb=0 chg=0 loiter=0 | TRACKS: vis=0 lost=0 engaged=0 | TOP:  | KILL=0 | ACTIONS=20 | INTENT: focus=2 ratio=0.20
[t=1,145s] step=40 | MISSION=NORMAL_C | USV: 10/10 (avail=10 int=0 lock=0 frz=0) | UAV: air=10 rtb=0 chg=0 loiter=0 | TRACKS: vis=0 lost=0 engaged=0 | TOP:  | KILL=0 | ACTIONS=20 | INTENT: focus=2 ratio=0.20
[t=1,449s] step=50 | MISSION=NORMAL_C | USV: 10/10 (avail=10 int=0 lock=0 frz=0) | UAV: air=10 rtb=0 chg=0 loiter=0 | TRACKS: vis=0 lost=0 engaged=0 | TOP:  | KILL=0 | ACTIONS=20 | INTENT: focus=2 ratio=0.20
[t=1,738s] step=60 | MISSION=NORMAL_C | USV: 10/10 (avail=10 int=0 lock=0 frz=0) | UAV: air=10 rtb=0 chg=0 loiter=0 | TRACKS: vis=0 lost=0 engaged=0 | TOP:  | KILL=0 | ACTIONS=20 | INTENT: focus=2 ratio=0.20
      [DETECT] black_usv19
      [DETECT] black_usv3
      [DETECT] black_usv10
      [DETECT] black_usv7
      [DETECT] black_usv13
      [DETECT] black_usv6
      [DETECT] black_usv15
      [DETECT] black_usv5
      [DETECT] black_usv12
      [DETECT] black_usv4
      [DETECT] black_usv9
      [DETECT] black_usv16
      [ASSIGN] white_usv7->black_usv3
      [ASSIGN] white_usv8->black_usv16
      [ASSIGN] white_usv10->black_usv19
      [ASSIGN] white_usv1->black_usv5
      [ASSIGN] white_usv5->black_usv9
      [ASSIGN] white_usv3->black_usv6
      [ASSIGN] white_usv2->black_usv4
      [ASSIGN] white_usv6->black_usv7
      [DETECT] black_usv8
      [DETECT] black_usv20
      [DETECT] black_usv17
      [DETECT] black_usv1
      [DETECT] black_usv2
      [DETECT] black_usv11
      [DETECT] black_usv14
      [ASSIGN] white_usv9->black_usv1
      [ASSIGN] white_usv4->black_usv2
      [DETECT] black_usv18
[t=2,047s] step=70 | MISSION=NORMAL_C | USV: 10/10 (avail=0 int=10 lock=0 frz=0) | UAV: air=10 rtb=0 chg=0 loiter=0 | TRACKS: vis=9 lost=11 engaged=0 | TOP: black_usv10(x240,060) black_usv17(x240,166) black_usv15(x240,309) | KILL=0 | ACTIONS=20 | INTENT: focus=2 ratio=0.20
[t=2,351s] step=80 | MISSION=NORMAL_C | USV: 10/10 (avail=0 int=10 lock=0 frz=0) | UAV: air=10 rtb=0 chg=0 loiter=0 | TRACKS: vis=20 lost=0 engaged=0 | TOP: black_usv10(x237,102) black_usv17(x237,224) black_usv15(x237,387) | KILL=0 | ACTIONS=20 | INTENT: focus=2 ratio=0.20
[t=2,650s] step=90 | MISSION=NORMAL_C | USV: 10/10 (avail=0 int=10 lock=0 frz=0) | UAV: air=10 rtb=0 chg=0 loiter=0 | TRACKS: vis=20 lost=0 engaged=0 | TOP: black_usv10(x234,192) black_usv17(x234,329) black_usv15(x234,514) | KILL=0 | ACTIONS=20 | INTENT: focus=2 ratio=0.20
[t=2,955s] step=100 | MISSION=NORMAL_C | USV: 10/10 (avail=0 int=10 lock=0 frz=0) | UAV: air=10 rtb=0 chg=0 loiter=0 | TRACKS: vis=20 lost=0 engaged=0 | TOP: black_usv10(x231,224) black_usv17(x231,377) black_usv15(x231,583) | KILL=0 | ACTIONS=20 | INTENT: focus=2 ratio=0.20
[t=3,263s] step=110 | MISSION=NORMAL_C | USV: 10/10 (avail=0 int=10 lock=0 frz=0) | UAV: air=10 rtb=0 chg=0 loiter=0 | TRACKS: vis=20 lost=0 engaged=0 | TOP: black_usv10(x228,227) black_usv17(x228,396) black_usv15(x228,623) | KILL=0 | ACTIONS=20 | INTENT: focus=2 ratio=0.20
[t=3,575s] step=120 | MISSION=NORMAL_C | USV: 10/10 (avail=0 int=10 lock=0 frz=0) | UAV: air=10 rtb=0 chg=0 loiter=0 | TRACKS: vis=20 lost=0 engaged=0 | TOP: black_usv10(x225,191) black_usv17(x225,375) black_usv15(x225,625) | KILL=0 | ACTIONS=20 | INTENT: focus=2 ratio=0.20
[t=3,873s] step=130 | MISSION=NORMAL_C | USV: 10/10 (avail=0 int=10 lock=0 frz=0) | UAV: air=10 rtb=0 chg=0 loiter=0 | TRACKS: vis=20 lost=0 engaged=0 | TOP: black_usv10(x222,291) black_usv17(x222,491) black_usv15(x222,761) | KILL=0 | ACTIONS=20 | INTENT: focus=2 ratio=0.20
[t=4,172s] step=140 | MISSION=NORMAL_C | USV: 10/10 (avail=0 int=10 lock=0 frz=0) | UAV: air=10 rtb=0 chg=0 loiter=0 | TRACKS: vis=20 lost=0 engaged=0 | TOP: black_usv10(x219,381) black_usv17(x219,597) black_usv15(x219,887) | KILL=0 | ACTIONS=20 | INTENT: focus=2 ratio=0.20
[t=4,479s] step=150 | MISSION=NORMAL_C | USV: 10/10 (avail=0 int=10 lock=0 frz=0) | UAV: air=10 rtb=0 chg=0 loiter=0 | TRACKS: vis=20 lost=0 engaged=0 | TOP: black_usv10(x216,394) black_usv17(x216,625) black_usv15(x216,937) | KILL=0 | ACTIONS=20 | INTENT: focus=2 ratio=0.20
[t=4,778s] step=160 | MISSION=NORMAL_C | USV: 10/10 (avail=0 int=10 lock=0 frz=0) | UAV: air=10 rtb=0 chg=0 loiter=0 | TRACKS: vis=18 lost=2 engaged=0 | TOP: black_usv10(x213,484) black_usv17(x213,731) black_usv15(x214,064) | KILL=0 | ACTIONS=20 | INTENT: focus=2 ratio=0.20
[t=5,039s] step=170 | MISSION=NORMAL_C | USV: 10/10 (avail=0 int=10 lock=0 frz=0) | UAV: air=10 rtb=0 chg=0 loiter=0 | TRACKS: vis=20 lost=0 engaged=0 | TOP: black_usv10(x210,944) black_usv17(x211,204) black_usv15(x211,555) | KILL=0 | ACTIONS=20 | INTENT: focus=2 ratio=0.20
[t=5,352s] step=180 | MISSION=NORMAL_C | USV: 10/10 (avail=0 int=10 lock=0 frz=0) | UAV: air=10 rtb=0 chg=0 loiter=0 | TRACKS: vis=20 lost=0 engaged=0 | TOP: black_usv10(x207,898) black_usv17(x208,174) black_usv15(x208,547) | KILL=0 | ACTIONS=20 | INTENT: focus=2 ratio=0.20
[t=5,659s] step=190 | MISSION=NORMAL_C | USV: 10/10 (avail=0 int=10 lock=0 frz=0) | UAV: air=10 rtb=0 chg=0 loiter=0 | TRACKS: vis=20 lost=0 engaged=0 | TOP: black_usv10(x204,902) black_usv17(x205,194) black_usv15(x205,588) | KILL=0 | ACTIONS=20 | INTENT: focus=2 ratio=0.20
[t=5,971s] step=200 | MISSION=NORMAL_C | USV: 10/10 (avail=0 int=10 lock=0 frz=0) | UAV: air=10 rtb=0 chg=0 loiter=0 | TRACKS: vis=20 lost=0 engaged=0 | TOP: black_usv10(x201,874) black_usv17(x202,183) black_usv15(x202,599) | KILL=0 | ACTIONS=20 | INTENT: focus=2 ratio=0.20
[t=6,280s] step=210 | MISSION=NORMAL_C | USV: 10/10 (avail=0 int=10 lock=0 frz=0) | UAV: air=10 rtb=0 chg=0 loiter=0 | TRACKS: vis=20 lost=0 engaged=0 | TOP: black_usv17(x199,192) black_usv15(x199,629) black_usv20(x200,779) | KILL=0 | ACTIONS=20 | INTENT: focus=2 ratio=0.20
[t=6,593s] step=220 | MISSION=NORMAL_C | USV: 10/10 (avail=0 int=10 lock=0 frz=0) | UAV: air=10 rtb=0 chg=0 loiter=0 | TRACKS: vis=13 lost=7 engaged=0 | TOP: black_usv17(x196,162) black_usv15(x196,621) black_usv20(x197,828) | KILL=0 | ACTIONS=20 | INTENT: focus=2 ratio=0.20
[t=6,898s] step=230 | MISSION=NORMAL_C | USV: 10/10 (avail=0 int=10 lock=0 frz=0) | UAV: air=10 rtb=0 chg=0 loiter=0 | TRACKS: vis=20 lost=0 engaged=0 | TOP: black_usv17(x193,209) black_usv15(x193,690) black_usv20(x194,953) | KILL=0 | ACTIONS=20 | INTENT: focus=2 ratio=0.20
[t=7,223s] step=240 | MISSION=NORMAL_C | USV: 10/10 (avail=0 int=10 lock=0 frz=0) | UAV: air=10 rtb=0 chg=0 loiter=0 | TRACKS: vis=18 lost=2 engaged=0 | TOP: black_usv17(x190,063) black_usv15(x190,567) black_usv20(x191,889) | KILL=0 | ACTIONS=20 | INTENT: focus=2 ratio=0.20
      [ASSIGN] white_usv1->black_usv1(机会锁定)
      [ASSIGN] white_usv5->black_usv6(机会锁定)
      [ASSIGN] white_usv7->black_usv6(机会锁定)
      [ASSIGN] white_usv6->black_usv9(机会锁定)
      [ASSIGN] white_usv4->black_usv9(机会锁定)
      [ASSIGN] white_usv8->black_usv10(机会锁定)
      [ASSIGN] white_usv10->black_usv12(机会锁定)
      [ASSIGN] white_usv9->black_usv9(机会锁定)
[t=7,560s] step=250 | MISSION=NORMAL_C | USV: 10/10 (avail=0 int=1 lock=9 frz=0) | UAV: air=10 rtb=0 chg=0 loiter=0 | TRACKS: vis=20 lost=0 engaged=6 | TOP: black_usv7(x184,814) black_usv5(x185,743) black_usv3(x186,028) | KILL=0 | ACTIONS=20 | INTENT: focus=2 ratio=0.20
      [ASSIGN] white_usv1->black_usv5(机会锁定)
      [ASSIGN] white_usv5->black_usv3(机会锁定)
      [ASSIGN] white_usv3->black_usv7(机会锁定)
      [ASSIGN] white_usv2->black_usv7(机会锁定)
      [ASSIGN] white_usv7->black_usv15(机会锁定)
      [ASSIGN] white_usv6->black_usv15(机会锁定)
      [ASSIGN] white_usv9->black_usv4(机会锁定)
      [ASSIGN] white_usv4->black_usv4(机会锁定)
      [ASSIGN] white_usv8->black_usv19(机会锁定)
      [ASSIGN] white_usv10->black_usv10(机会锁定)
[t=7,902s] step=260 | MISSION=NORMAL_C | USV: 10/10 (avail=0 int=0 lock=10 frz=0) | UAV: air=10 rtb=0 chg=0 loiter=0 | TRACKS: vis=20 lost=0 engaged=7 | TOP: black_usv1(x183,342) black_usv6(x183,359) black_usv9(x183,229) | KILL=2 | ACTIONS=20 | INTENT: focus=2 ratio=0.20
      [ASSIGN] white_usv1->black_usv1(机会锁定)
      [ASSIGN] white_usv5->black_usv9(机会锁定)
      [ASSIGN] white_usv3->black_usv9(机会锁定)
      [ASSIGN] white_usv2->black_usv2(机会锁定)
      [ASSIGN] white_usv7->black_usv3(机会锁定)
      [ASSIGN] white_usv5->black_usv3(机会锁定)
      [ASSIGN] white_usv3->black_usv7(机会锁定)
      [ASSIGN] white_usv6->black_usv7(机会锁定)
      [ASSIGN] white_usv9->black_usv7(机会锁定)
      [ASSIGN] white_usv4->black_usv7(机会锁定)
      [ASSIGN] white_usv8->black_usv20(机会锁定)
      [ASSIGN] white_usv10->black_usv19(机会锁定)
[t=8,253s] step=270 | MISSION=NORMAL_C | USV: 9/10 (avail=0 int=0 lock=9 frz=0) | UAV: air=10 rtb=0 chg=0 loiter=0 | TRACKS: vis=20 lost=0 engaged=6 | TOP: black_usv5(x178,845) black_usv17(x180,093) black_usv6(x183,359) | KILL=5 | ACTIONS=19 | INTENT: focus=2 ratio=0.20
      [KILL] black_usv6
      [KILL] black_usv9
      [ASSIGN] white_usv1->black_usv5(机会锁定)
      [ASSIGN] white_usv2->black_usv5(机会锁定)
      [ASSIGN] white_usv7->black_usv15(机会锁定)
      [ASSIGN] white_usv5->black_usv15(机会锁定)
      [ASSIGN] white_usv3->black_usv15(机会锁定)
      [ASSIGN] white_usv6->black_usv15(机会锁定)
      [ASSIGN] white_usv4->black_usv1(机会锁定)
      [ASSIGN] white_usv7->black_usv3(机会锁定)
      [ASSIGN] white_usv8->black_usv10(机会锁定)
      [ASSIGN] white_usv5->black_usv3(机会锁定)
      [ASSIGN] white_usv3->black_usv7(机会锁定)
      [ASSIGN] white_usv6->black_usv3(机会锁定)
      [ASSIGN] white_usv4->black_usv7(机会锁定)
      [ASSIGN] white_usv7->black_usv20(机会锁定)
      [ASSIGN] white_usv8->black_usv20(机会锁定)
      [ASSIGN] white_usv10->black_usv12(机会锁定)
      [ASSIGN] white_usv5->black_usv20(机会锁定)
      [ASSIGN] white_usv3->black_usv15(机会锁定)
      [ASSIGN] white_usv6->black_usv20(机会锁定)
      [ASSIGN] white_usv4->black_usv1(机会锁定)
      [ASSIGN] white_usv3->black_usv7(机会锁定)
      [ASSIGN] white_usv4->black_usv7(机会锁定)
      [ASSIGN] white_usv3->black_usv3(机会锁定)
      [ASSIGN] white_usv4->black_usv3(机会锁定)
      [ASSIGN] white_usv3->black_usv7(机会锁定)
      [ASSIGN] white_usv4->black_usv7(机会锁定)
      [ASSIGN] white_usv3->black_usv3(机会锁定)
      [ASSIGN] white_usv4->black_usv3(机会锁定)
[t=8,630s] step=280 | MISSION=NORMAL_C | USV: 9/10 (avail=0 int=2 lock=7 frz=0) | UAV: air=10 rtb=0 chg=0 loiter=0 | TRACKS: vis=18 lost=0 engaged=3 | TOP: black_usv17(x176,444) black_usv1(x179,543) black_usv3(x180,848) | KILL=9 | ACTIONS=19 | INTENT: focus=2 ratio=0.20
      [ASSIGN] white_usv3->black_usv7(机会锁定)
      [ASSIGN] white_usv4->black_usv7(机会锁定)
      [KILL] black_usv15
      [KILL] black_usv4
      [ASSIGN] white_usv1->black_usv1(机会锁定)
      [ASSIGN] white_usv3->black_usv3(机会锁定)
      [ASSIGN] white_usv2->black_usv1(机会锁定)
      [ASSIGN] white_usv4->black_usv3(机会锁定)
      [ASSIGN] white_usv1->black_usv5(机会锁定)
      [ASSIGN] white_usv3->black_usv5(机会锁定)
      [ASSIGN] white_usv2->black_usv5(机会锁定)
      [ASSIGN] white_usv4->black_usv5(机会锁定)
      [KILL] black_usv10
      [ASSIGN] white_usv3->black_usv7(机会锁定)
      [ASSIGN] white_usv2->black_usv1(机会锁定)
      [ASSIGN] white_usv4->black_usv7(机会锁定)
      [ASSIGN] white_usv7->black_usv16(机会锁定)
      [ASSIGN] white_usv8->black_usv19(机会锁定)
      [ASSIGN] white_usv10->black_usv17(机会锁定)
      [ASSIGN] white_usv5->black_usv16(机会锁定)
      [ASSIGN] white_usv3->black_usv3(机会锁定)
      [ASSIGN] white_usv2->black_usv2(机会锁定)
      [ASSIGN] white_usv6->black_usv3(机会锁定)
      [ASSIGN] white_usv8->black_usv12(机会锁定)
      [ASSIGN] white_usv6->black_usv7(机会锁定)
      [ASSIGN] white_usv6->black_usv3(机会锁定)
      [ASSIGN] white_usv6->black_usv7(机会锁定)
      [KILL] black_usv1
      [ASSIGN] white_usv6->black_usv3(机会锁定)
      [KILL] black_usv3
      [KILL] black_usv7
      [RELEASE] white_usv6->black_usv3(目标失效)
      [ASSIGN] white_usv6->black_usv20(机会锁定)
[t=9,016s] step=290 | MISSION=NORMAL_C | USV: 7/10 (avail=0 int=2 lock=5 frz=0) | UAV: air=10 rtb=0 chg=0 loiter=0 | TRACKS: vis=12 lost=0 engaged=4 | TOP: black_usv13(x176,098) black_usv20(x179,936) black_usv14(x178,781) | KILL=11 | ACTIONS=17 | INTENT: focus=2 ratio=0.20
      [ASSIGN] white_usv6->black_usv14(机会锁定)
      [KILL] black_usv19
      [ASSIGN] white_usv7->black_usv20(机会锁定)
      [ASSIGN] white_usv10->black_usv18(机会锁定)
      [ASSIGN] white_usv5->black_usv20(机会锁定)
      [ASSIGN] white_usv2->black_usv5(机会锁定)
      [ASSIGN] white_usv7->black_usv16(机会锁定)
      [ASSIGN] white_usv8->black_usv16(机会锁定)
      [ASSIGN] white_usv1->black_usv2(机会锁定)
      [ASSIGN] white_usv5->black_usv16(机会锁定)
      [ASSIGN] white_usv2->black_usv2(机会锁定)
      [ASSIGN] white_usv7->black_usv20(机会锁定)
      [ASSIGN] white_usv8->black_usv12(机会锁定)
      [ASSIGN] white_usv1->black_usv5(机会锁定)
      [ASSIGN] white_usv5->black_usv5(机会锁定)
      [ASSIGN] white_usv2->black_usv5(机会锁定)
      [ASSIGN] white_usv7->black_usv16(机会锁定)
      [ASSIGN] white_usv1->black_usv2(机会锁定)
      [ASSIGN] white_usv5->black_usv16(机会锁定)
      [ASSIGN] white_usv2->black_usv2(机会锁定)
      [KILL] black_usv5
      [ASSIGN] white_usv7->black_usv20(机会锁定)
      [ASSIGN] white_usv1->black_usv14(机会锁定)
      [ASSIGN] white_usv2->black_usv8(机会锁定)
      [ASSIGN] white_usv7->black_usv16(机会锁定)
      [ASSIGN] white_usv7->black_usv20(机会锁定)
      [ASSIGN] white_usv6->black_usv20(机会锁定)
[t=9,407s] step=300 | MISSION=NORMAL_C | USV: 6/10 (avail=0 int=3 lock=3 frz=0) | UAV: air=10 rtb=0 chg=0 loiter=0 | TRACKS: vis=10 lost=0 engaged=3 | TOP: black_usv17(x171,604) black_usv13(x172,492) black_usv20(x179,936) | KILL=13 | ACTIONS=16 | INTENT: focus=2 ratio=0.20
      [KILL] black_usv20
      [RELEASE] white_usv7->black_usv20(目标失效)
      [ASSIGN] white_usv7->black_usv16(机会锁定)
      [RELEASE] white_usv6->black_usv20(目标失效)
      [ASSIGN] white_usv6->black_usv2(机会锁定)
      [ASSIGN] white_usv7->black_usv12(机会锁定)
      [ASSIGN] white_usv6->black_usv14(机会锁定)
      [ASSIGN] white_usv8->black_usv16(机会锁定)
      [ASSIGN] white_usv8->black_usv12(机会锁定)
      [ASSIGN] white_usv1->black_usv2(机会锁定)
      [ASSIGN] white_usv6->black_usv2(机会锁定)
      [ASSIGN] white_usv1->black_usv14(机会锁定)
      [ASSIGN] white_usv6->black_usv14(机会锁定)
      [ASSIGN] white_usv1->black_usv2(机会锁定)
      [ASSIGN] white_usv6->black_usv2(机会锁定)
      [KILL] black_usv16
      [KILL] black_usv2
      [RELEASE] white_usv1->black_usv2(目标失效)
      [ASSIGN] white_usv1->black_usv14(机会锁定)
      [RELEASE] white_usv5->black_usv16(目标失效)
      [ASSIGN] white_usv5->black_usv14(机会锁定)
      [RELEASE] white_usv6->black_usv2(目标失效)
      [ASSIGN] white_usv6->black_usv14(机会锁定)
      [ASSIGN] white_usv5->black_usv12(机会锁定)
      [ASSIGN] white_usv6->black_usv12(机会锁定)
[t=9,839s] step=310 | MISSION=NORMAL_C | USV: 5/10 (avail=0 int=5 lock=0 frz=0) | UAV: air=10 rtb=0 chg=0 loiter=0 | TRACKS: vis=7 lost=0 engaged=0 | TOP: black_usv13(x168,507) black_usv8(x174,187) black_usv18(x169,471) | KILL=15 | ACTIONS=15 | INTENT: focus=2 ratio=0.20
      [ASSIGN] white_usv7->black_usv14(机会锁定)
      [ASSIGN] white_usv5->black_usv14(机会锁定)
      [ASSIGN] white_usv6->black_usv14(机会锁定)
      [ASSIGN] white_usv7->black_usv12(机会锁定)
      [ASSIGN] white_usv5->black_usv12(机会锁定)
      [ASSIGN] white_usv7->black_usv14(机会锁定)
      [ASSIGN] white_usv5->black_usv14(机会锁定)
      [KILL] black_usv14
      [RELEASE] white_usv7->black_usv14(目标失效)
      [ASSIGN] white_usv7->black_usv12(机会锁定)
      [RELEASE] white_usv1->black_usv14(目标失效)
      [RELEASE] white_usv5->black_usv14(目标失效)
      [ASSIGN] white_usv5->black_usv12(机会锁定)
      [RELEASE] white_usv6->black_usv14(目标失效)
      [ASSIGN] white_usv1->black_usv8
      [ASSIGN] white_usv6->black_usv12(机会锁定)
      [ASSIGN] white_usv6->black_usv8(机会锁定)
[t=10,319s] step=320 | MISSION=NORMAL_C | USV: 5/10 (avail=0 int=3 lock=2 frz=0) | UAV: air=10 rtb=0 chg=0 loiter=0 | TRACKS: vis=6 lost=0 engaged=1 | TOP: black_usv13(x164,080) black_usv18(x164,677) black_usv11(x166,873) | KILL=15 | ACTIONS=15 | INTENT: focus=2 ratio=0.20
      [KILL] black_usv12
      [RELEASE] white_usv7->black_usv12(目标失效)
      [RELEASE] white_usv8->black_usv12(目标失效)
      [RELEASE] white_usv5->black_usv12(目标失效)
      [ASSIGN] white_usv7->black_usv17
      [ASSIGN] white_usv8->black_usv13
      [ASSIGN] white_usv5->black_usv18
      [ASSIGN] white_usv8->black_usv11(机会锁定)
      [ASSIGN] white_usv5->black_usv11(机会锁定)
[t=10,775s] step=330 | MISSION=NORMAL_C | USV: 5/10 (avail=0 int=3 lock=2 frz=0) | UAV: air=10 rtb=0 chg=0 loiter=0 | TRACKS: vis=5 lost=0 engaged=1 | TOP: black_usv13(x159,745) black_usv18(x160,122) black_usv17(x159,247) | KILL=16 | ACTIONS=15 | INTENT: focus=2 ratio=0.20
      [ASSIGN] white_usv8->black_usv18(机会锁定)
      [KILL] black_usv8
      [ASSIGN] white_usv8->black_usv13(机会锁定)
      [RELEASE] white_usv1->black_usv8(目标失效)
      [RELEASE] white_usv6->black_usv8(目标失效)
[t=11,255s] step=340 | MISSION=NORMAL_C | USV: 5/10 (avail=0 int=5 lock=0 frz=0) | UAV: air=10 rtb=0 chg=0 loiter=0 | TRACKS: vis=4 lost=0 engaged=0 | TOP: black_usv13(x154,952) black_usv18(x155,488) black_usv17(x155,896) | KILL=19 | ACTIONS=15 | INTENT: focus=2 ratio=0.20
      [ASSIGN] white_usv1->black_usv13
      [ASSIGN] white_usv6->black_usv18
      [KILL] black_usv11
      [RELEASE] white_usv5->black_usv11(目标失效)
      [ASSIGN] white_usv5->black_usv17(机会锁定)
      [ASSIGN] white_usv5->black_usv18(机会锁定)
      [ASSIGN] white_usv5->black_usv17(机会锁定)
      [ASSIGN] white_usv7->black_usv18(机会锁定)
      [ASSIGN] white_usv5->black_usv18(机会锁定)
      [KILL] black_usv17
      [ASSIGN] white_usv5->black_usv13(机会锁定)
[t=11,769s] step=350 | MISSION=NORMAL_C | USV: 4/10 (avail=0 int=4 lock=0 frz=0) | UAV: air=10 rtb=0 chg=0 loiter=0 | TRACKS: vis=2 lost=0 engaged=0 | TOP: black_usv13(x151,767) black_usv18(x155,488) | KILL=19 | ACTIONS=14 | INTENT: focus=2 ratio=0.20
      [KILL] black_usv18
      [RELEASE] white_usv7->black_usv18(目标失效)
      [RELEASE] white_usv6->black_usv18(目标失效)
      [ASSIGN] white_usv7->black_usv13

========================================================================
对局结果: Result.Victory — 敌方所有单位被击毁
  击杀蓝舰: 20 | 命中: 40 | 我方USV损失: 7 | UAV损失: 0 | 突破: 0
[META] result=Result.Victory victory_time=12451 first_detection=1861 first_lock=7391 first_kill=8320 enemy_kills=20 friendly_usv_losses=7 friendly_uav_losses=0 black_breakthrough=0 reacquire_attempts=63 reacquire_success=63 sensor_assisted_locks=60 low_conf_commitments=0 global_reacquire_entries=0 global_reacquire_success=0 coverage_collapse_events=1 active_clusters_max=1 coverage_quality_final=0.17 commander_source=default_intent commander_calls=0 commander_changes=0 commander_no_change=0 commander_parse_failures=0 commander_api_failures=0 commander_policy_failures=0 commander_avg_latency=0.0
Done
