========================================================================
HYBRID AGENT V5 — Variable-Cardinality Hierarchical Maritime Agent
  启用UAV: True | LLM_ENABLED: False
========================================================================
对局 1 开始
      [UAV RELAUNCH] white_uav8
      [UAV RELAUNCH] white_uav9
      [UAV RELAUNCH] white_uav11
      [UAV RELAUNCH] white_uav12
      [UAV RELAUNCH] white_uav14
      [UAV RELAUNCH] white_uav15
      [UAV RELAUNCH] white_uav5
      [UAV RELAUNCH] white_uav6
      [UAV RELAUNCH] white_uav3
      [UAV RELAUNCH] white_uav7
      [UAV RELAUNCH] white_uav10
      [UAV RELAUNCH] white_uav13
      [UAV RELAUNCH] white_uav2
      [UAV RELAUNCH] white_uav4
      [UAV RELAUNCH] white_uav1
[t=231s] step=10 | MISSION=NORMAL_C | USV: 15/15 (avail=15 int=0 lock=0 frz=0) | UAV: air=15 rtb=0 chg=0 loiter=0 | TRACKS: vis=0 lost=0 engaged=0 | TOP:  | KILL=0 | ACTIONS=30 | INTENT: focus=2 ratio=0.20
  [INTENT APPLIED]
    ThreatAllocator: focus 2 emergency 3 reserve_ratio 0.20 reserve_usvs None bias breakthrough_eta
    UAVManager: mode search_and_reacquire uav_priority []
[t=533s] step=20 | MISSION=NORMAL_C | USV: 15/15 (avail=15 int=0 lock=0 frz=0) | UAV: air=15 rtb=0 chg=0 loiter=0 | TRACKS: vis=0 lost=0 engaged=0 | TOP:  | KILL=0 | ACTIONS=30 | INTENT: focus=2 ratio=0.20
[t=868s] step=30 | MISSION=NORMAL_C | USV: 15/15 (avail=15 int=0 lock=0 frz=0) | UAV: air=15 rtb=0 chg=0 loiter=0 | TRACKS: vis=0 lost=0 engaged=0 | TOP:  | KILL=0 | ACTIONS=30 | INTENT: focus=2 ratio=0.20
[t=1,201s] step=40 | MISSION=NORMAL_C | USV: 15/15 (avail=15 int=0 lock=0 frz=0) | UAV: air=15 rtb=0 chg=0 loiter=0 | TRACKS: vis=0 lost=0 engaged=0 | TOP:  | KILL=0 | ACTIONS=30 | INTENT: focus=2 ratio=0.20
[t=1,508s] step=50 | MISSION=NORMAL_C | USV: 15/15 (avail=15 int=0 lock=0 frz=0) | UAV: air=15 rtb=0 chg=0 loiter=0 | TRACKS: vis=0 lost=0 engaged=0 | TOP:  | KILL=0 | ACTIONS=30 | INTENT: focus=2 ratio=0.20
[t=1,790s] step=60 | MISSION=NORMAL_C | USV: 15/15 (avail=15 int=0 lock=0 frz=0) | UAV: air=15 rtb=0 chg=0 loiter=0 | TRACKS: vis=0 lost=0 engaged=0 | TOP:  | KILL=0 | ACTIONS=30 | INTENT: focus=2 ratio=0.20
      [DETECT] black_usv17
      [DETECT] black_usv12
      [DETECT] black_usv14
      [DETECT] black_usv16
      [DETECT] black_usv15
      [DETECT] black_usv21
      [DETECT] black_usv18
      [DETECT] black_usv19
      [ASSIGN] white_usv10->black_usv18
      [ASSIGN] white_usv13->black_usv16
      [ASSIGN] white_usv1->black_usv19
      [ASSIGN] white_usv5->black_usv17
      [ASSIGN] white_usv2->black_usv14
      [ASSIGN] white_usv4->black_usv12
      [ASSIGN] white_usv6->black_usv15
      [ASSIGN] white_usv8->black_usv16
      [ASSIGN] white_usv9->black_usv19
      [ASSIGN] white_usv14->black_usv18
      [ASSIGN] white_usv12->black_usv21
      [ASSIGN] white_usv15->black_usv21
      [DETECT] black_usv25
      [DETECT] black_usv22
      [DETECT] black_usv8
      [DETECT] black_usv10
      [DETECT] black_usv9
      [DETECT] black_usv13
      [DETECT] black_usv26
      [DETECT] black_usv23
      [DETECT] black_usv11
      [DETECT] black_usv7
      [DETECT] black_usv24
      [DETECT] black_usv20
      [ASSIGN] white_usv11->black_usv22
      [ASSIGN] white_usv3->black_usv20
      [DETECT] black_usv6
      [DETECT] black_usv4
      [DETECT] black_usv27
      [DETECT] black_usv5
      [ASSIGN] white_usv7->black_usv25
      [DETECT] black_usv3
      [DETECT] black_usv2
      [DETECT] black_usv28
      [DETECT] black_usv1
[t=2,100s] step=70 | MISSION=NORMAL_C | USV: 15/15 (avail=0 int=15 lock=0 frz=0) | UAV: air=15 rtb=0 chg=0 loiter=0 | TRACKS: vis=26 lost=2 engaged=0 | TOP: black_usv23(x239,858) black_usv11(x240,136) black_usv13(x240,259) | KILL=0 | ACTIONS=30 | INTENT: focus=2 ratio=0.20
      [DETECT] black_usv29
      [DETECT] black_usv30
[t=2,399s] step=80 | MISSION=NORMAL_C | USV: 15/15 (avail=0 int=15 lock=0 frz=0) | UAV: air=15 rtb=0 chg=0 loiter=0 | TRACKS: vis=26 lost=4 engaged=0 | TOP: black_usv23(x237,005) black_usv11(x237,326) black_usv13(x237,469) | KILL=0 | ACTIONS=30 | INTENT: focus=2 ratio=0.20
      [DETECT] black_usv1
[t=2,702s] step=90 | MISSION=NORMAL_C | USV: 15/15 (avail=0 int=15 lock=0 frz=0) | UAV: air=15 rtb=0 chg=0 loiter=0 | TRACKS: vis=30 lost=0 engaged=0 | TOP: black_usv23(x234,113) black_usv11(x234,479) black_usv13(x234,641) | KILL=0 | ACTIONS=30 | INTENT: focus=2 ratio=0.20
[t=3,022s] step=100 | MISSION=NORMAL_C | USV: 15/15 (avail=0 int=15 lock=0 frz=0) | UAV: air=15 rtb=0 chg=0 loiter=0 | TRACKS: vis=21 lost=9 engaged=0 | TOP: black_usv23(x231,001) black_usv11(x231,367) black_usv7(x233,681) | KILL=0 | ACTIONS=30 | INTENT: focus=2 ratio=0.20
[t=3,342s] step=110 | MISSION=NORMAL_C | USV: 15/15 (avail=0 int=15 lock=0 frz=0) | UAV: air=15 rtb=0 chg=0 loiter=0 | TRACKS: vis=29 lost=1 engaged=0 | TOP: black_usv7(x230,924) black_usv9(x231,175) black_usv28(x231,793) | KILL=0 | ACTIONS=30 | INTENT: focus=2 ratio=0.20
[t=3,661s] step=120 | MISSION=NORMAL_C | USV: 15/15 (avail=0 int=15 lock=0 frz=0) | UAV: air=15 rtb=0 chg=0 loiter=0 | TRACKS: vis=25 lost=5 engaged=0 | TOP: black_usv28(x229,133) black_usv13(x225,175) black_usv24(x225,616) | KILL=0 | ACTIONS=30 | INTENT: focus=2 ratio=0.20
[t=3,974s] step=130 | MISSION=NORMAL_C | USV: 15/15 (avail=0 int=15 lock=0 frz=0) | UAV: air=15 rtb=0 chg=0 loiter=0 | TRACKS: vis=20 lost=10 engaged=0 | TOP: black_usv28(x226,523) black_usv13(x222,050) black_usv7(x224,898) | KILL=0 | ACTIONS=30 | INTENT: focus=2 ratio=0.20
[t=4,314s] step=140 | MISSION=NORMAL_C | USV: 15/15 (avail=0 int=15 lock=0 frz=0) | UAV: air=15 rtb=0 chg=0 loiter=0 | TRACKS: vis=30 lost=0 engaged=0 | TOP: black_usv28(x223,688) black_usv13(x218,650) black_usv23(x218,174) | KILL=0 | ACTIONS=30 | INTENT: focus=2 ratio=0.20
[t=4,614s] step=150 | MISSION=NORMAL_C | USV: 15/15 (avail=0 int=15 lock=0 frz=0) | UAV: air=15 rtb=0 chg=0 loiter=0 | TRACKS: vis=30 lost=0 engaged=0 | TOP: black_usv13(x215,650) black_usv28(x220,796) black_usv11(x215,508) | KILL=0 | ACTIONS=30 | INTENT: focus=2 ratio=0.20
[t=4,927s] step=160 | MISSION=NORMAL_C | USV: 15/15 (avail=0 int=15 lock=0 frz=0) | UAV: air=15 rtb=0 chg=0 loiter=0 | TRACKS: vis=21 lost=9 engaged=0 | TOP: black_usv28(x217,698) black_usv13(x213,463) black_usv24(x214,044) | KILL=0 | ACTIONS=30 | INTENT: focus=2 ratio=0.20
[t=5,270s] step=170 | MISSION=NORMAL_C | USV: 15/15 (avail=0 int=15 lock=0 frz=0) | UAV: air=15 rtb=0 chg=0 loiter=0 | TRACKS: vis=30 lost=0 engaged=0 | TOP: black_usv28(x214,268) black_usv13(x211,157) black_usv26(x211,439) | KILL=0 | ACTIONS=30 | INTENT: focus=2 ratio=0.20
[t=5,605s] step=180 | MISSION=NORMAL_C | USV: 15/15 (avail=0 int=15 lock=0 frz=0) | UAV: air=15 rtb=0 chg=0 loiter=0 | TRACKS: vis=24 lost=6 engaged=0 | TOP: black_usv13(x208,904) black_usv29(x210,520) black_usv28(x211,019) | KILL=0 | ACTIONS=30 | INTENT: focus=2 ratio=0.20
[t=5,935s] step=190 | MISSION=NORMAL_C | USV: 15/15 (avail=0 int=15 lock=0 frz=0) | UAV: air=15 rtb=0 chg=0 loiter=0 | TRACKS: vis=27 lost=3 engaged=0 | TOP: black_usv13(x206,685) black_usv29(x207,353) black_usv30(x207,767) | KILL=0 | ACTIONS=30 | INTENT: focus=2 ratio=0.20
[t=6,275s] step=200 | MISSION=NORMAL_C | USV: 15/15 (avail=0 int=15 lock=0 frz=0) | UAV: air=15 rtb=0 chg=0 loiter=0 | TRACKS: vis=30 lost=0 engaged=0 | TOP: black_usv24(x202,361) black_usv13(x204,399) black_usv29(x204,216) | KILL=0 | ACTIONS=30 | INTENT: focus=2 ratio=0.20
[t=6,629s] step=210 | MISSION=NORMAL_C | USV: 15/15 (avail=0 int=15 lock=0 frz=0) | UAV: air=15 rtb=0 chg=0 loiter=0 | TRACKS: vis=28 lost=2 engaged=0 | TOP: black_usv26(x199,786) black_usv29(x200,676) black_usv30(x200,827) | KILL=0 | ACTIONS=30 | INTENT: focus=2 ratio=0.20
      [DETECT] black_usv3
[t=6,977s] step=220 | MISSION=NORMAL_C | USV: 15/15 (avail=0 int=15 lock=0 frz=0) | UAV: air=15 rtb=0 chg=0 loiter=0 | TRACKS: vis=30 lost=0 engaged=0 | TOP: black_usv3(x201,857) black_usv26(x196,306) black_usv24(x196,495) | KILL=0 | ACTIONS=30 | INTENT: focus=2 ratio=0.20
[t=7,317s] step=230 | MISSION=NORMAL_C | USV: 15/15 (avail=0 int=15 lock=0 frz=0) | UAV: air=15 rtb=0 chg=0 loiter=0 | TRACKS: vis=24 lost=6 engaged=0 | TOP: black_usv3(x198,457) black_usv26(x192,906) black_usv24(x193,164) | KILL=0 | ACTIONS=30 | INTENT: focus=2 ratio=0.20
      [ASSIGN] white_usv10->black_usv16(机会锁定)
      [ASSIGN] white_usv5->black_usv12(机会锁定)
      [ASSIGN] white_usv2->black_usv12(机会锁定)
      [ASSIGN] white_usv6->black_usv12(机会锁定)
      [ASSIGN] white_usv8->black_usv15(机会锁定)
      [ASSIGN] white_usv9->black_usv16(机会锁定)
      [ASSIGN] white_usv14->black_usv16(机会锁定)
      [ASSIGN] white_usv12->black_usv18(机会锁定)
      [ASSIGN] white_usv15->black_usv18(机会锁定)
      [ASSIGN] white_usv11->black_usv18(机会锁定)
      [DETECT] black_usv4
      [DETECT] black_usv3
      [ASSIGN] white_usv3->black_usv15(机会锁定)
      [ASSIGN] white_usv7->black_usv18(机会锁定)
      [ASSIGN] white_usv1->black_usv14(机会锁定)
[t=7,635s] step=240 | MISSION=NORMAL_C | USV: 15/15 (avail=0 int=1 lock=14 frz=0) | UAV: air=15 rtb=0 chg=0 loiter=0 | TRACKS: vis=28 lost=2 engaged=4 | TOP: black_usv4(x194,505) black_usv3(x195,277) black_usv14(x187,079) | KILL=0 | ACTIONS=30 | INTENT: focus=2 ratio=0.20
      [ASSIGN] white_usv4->black_usv14(机会锁定)
      [ASSIGN] white_usv10->black_usv17(机会锁定)
      [ASSIGN] white_usv13->black_usv17(机会锁定)
      [ASSIGN] white_usv5->black_usv17(机会锁定)
      [ASSIGN] white_usv2->black_usv14(机会锁定)
      [ASSIGN] white_usv6->black_usv17(机会锁定)
      [ASSIGN] white_usv8->black_usv17(机会锁定)
      [ASSIGN] white_usv9->black_usv17(机会锁定)
      [ASSIGN] white_usv14->black_usv17(机会锁定)
      [ASSIGN] white_usv12->black_usv16(机会锁定)
      [ASSIGN] white_usv15->black_usv20(机会锁定)
      [ASSIGN] white_usv11->black_usv20(机会锁定)
      [ASSIGN] white_usv7->black_usv16(机会锁定)
      [ASSIGN] white_usv12->black_usv18(机会锁定)
      [ASSIGN] white_usv7->black_usv18(机会锁定)
      [ASSIGN] white_usv12->black_usv16(机会锁定)
      [ASSIGN] white_usv7->black_usv16(机会锁定)
      [ASSIGN] white_usv1->black_usv12(机会锁定)
      [ASSIGN] white_usv12->black_usv18(机会锁定)
      [ASSIGN] white_usv3->black_usv18(机会锁定)
      [ASSIGN] white_usv7->black_usv18(机会锁定)
      [ASSIGN] white_usv1->black_usv15(机会锁定)
      [ASSIGN] white_usv12->black_usv16(机会锁定)
      [ASSIGN] white_usv3->black_usv16(机会锁定)
      [ASSIGN] white_usv7->black_usv21(机会锁定)
[t=7,979s] step=250 | MISSION=NORMAL_C | USV: 15/15 (avail=0 int=4 lock=11 frz=0) | UAV: air=15 rtb=0 chg=0 loiter=0 | TRACKS: vis=28 lost=2 engaged=3 | TOP: black_usv4(x191,065) black_usv25(x185,015) black_usv16(x185,390) | KILL=4 | ACTIONS=30 | INTENT: focus=2 ratio=0.20
      [ASSIGN] white_usv1->black_usv12(机会锁定)
      [ASSIGN] white_usv12->black_usv18(机会锁定)
      [ASSIGN] white_usv3->black_usv18(机会锁定)
      [ASSIGN] white_usv1->black_usv15(机会锁定)
      [ASSIGN] white_usv12->black_usv19(机会锁定)
      [ASSIGN] white_usv3->black_usv16(机会锁定)
      [ASSIGN] white_usv1->black_usv12(机会锁定)
      [ASSIGN] white_usv2->black_usv12(机会锁定)
      [ASSIGN] white_usv4->black_usv12(机会锁定)
      [ASSIGN] white_usv3->black_usv18(机会锁定)
      [ASSIGN] white_usv10->black_usv16(机会锁定)
      [ASSIGN] white_usv13->black_usv16(机会锁定)
      [ASSIGN] white_usv1->black_usv14(机会锁定)
      [ASSIGN] white_usv5->black_usv14(机会锁定)
      [ASSIGN] white_usv2->black_usv14(机会锁定)
      [ASSIGN] white_usv4->black_usv14(机会锁定)
      [ASSIGN] white_usv6->black_usv14(机会锁定)
      [ASSIGN] white_usv8->black_usv14(机会锁定)
      [ASSIGN] white_usv9->black_usv16(机会锁定)
      [ASSIGN] white_usv14->black_usv16(机会锁定)
      [ASSIGN] white_usv3->black_usv14(机会锁定)
      [ASSIGN] white_usv10->black_usv17(机会锁定)
      [ASSIGN] white_usv13->black_usv17(机会锁定)
      [ASSIGN] white_usv1->black_usv17(机会锁定)
      [ASSIGN] white_usv5->black_usv17(机会锁定)
      [ASSIGN] white_usv2->black_usv12(机会锁定)
      [ASSIGN] white_usv4->black_usv12(机会锁定)
      [ASSIGN] white_usv6->black_usv12(机会锁定)
      [ASSIGN] white_usv8->black_usv17(机会锁定)
      [ASSIGN] white_usv9->black_usv17(机会锁定)
      [ASSIGN] white_usv14->black_usv17(机会锁定)
      [ASSIGN] white_usv15->black_usv22(机会锁定)
      [ASSIGN] white_usv11->black_usv22(机会锁定)
      [ASSIGN] white_usv3->black_usv17(机会锁定)
      [ASSIGN] white_usv10->black_usv16(机会锁定)
      [ASSIGN] white_usv13->black_usv16(机会锁定)
      [ASSIGN] white_usv1->black_usv14(机会锁定)
      [ASSIGN] white_usv5->black_usv14(机会锁定)
      [ASSIGN] white_usv2->black_usv14(机会锁定)
      [ASSIGN] white_usv4->black_usv14(机会锁定)
      [ASSIGN] white_usv6->black_usv14(机会锁定)
      [ASSIGN] white_usv8->black_usv14(机会锁定)
      [ASSIGN] white_usv9->black_usv16(机会锁定)
      [ASSIGN] white_usv14->black_usv20(机会锁定)
      [ASSIGN] white_usv3->black_usv14(机会锁定)
      [ASSIGN] white_usv10->black_usv17(机会锁定)
      [ASSIGN] white_usv13->black_usv17(机会锁定)
      [ASSIGN] white_usv1->black_usv17(机会锁定)
      [ASSIGN] white_usv5->black_usv12(机会锁定)
      [ASSIGN] white_usv2->black_usv12(机会锁定)
      [ASSIGN] white_usv4->black_usv12(机会锁定)
      [ASSIGN] white_usv8->black_usv17(机会锁定)
      [ASSIGN] white_usv9->black_usv17(机会锁定)
      [ASSIGN] white_usv14->black_usv17(机会锁定)
      [ASSIGN] white_usv3->black_usv17(机会锁定)
      [ASSIGN] white_usv10->black_usv16(机会锁定)
      [ASSIGN] white_usv13->black_usv16(机会锁定)
      [ASSIGN] white_usv1->black_usv14(机会锁定)
      [ASSIGN] white_usv5->black_usv14(机会锁定)
      [ASSIGN] white_usv2->black_usv14(机会锁定)
      [ASSIGN] white_usv4->black_usv14(机会锁定)
      [ASSIGN] white_usv8->black_usv14(机会锁定)
      [ASSIGN] white_usv9->black_usv16(机会锁定)
      [ASSIGN] white_usv14->black_usv20(机会锁定)
      [ASSIGN] white_usv3->black_usv14(机会锁定)
      [ASSIGN] white_usv10->black_usv17(机会锁定)
      [ASSIGN] white_usv13->black_usv17(机会锁定)
      [ASSIGN] white_usv1->black_usv17(机会锁定)
      [ASSIGN] white_usv5->black_usv12(机会锁定)
      [ASSIGN] white_usv2->black_usv12(机会锁定)
      [ASSIGN] white_usv4->black_usv12(机会锁定)
      [ASSIGN] white_usv8->black_usv17(机会锁定)
      [ASSIGN] white_usv9->black_usv17(机会锁定)
      [ASSIGN] white_usv14->black_usv21(机会锁定)
      [ASSIGN] white_usv3->black_usv17(机会锁定)
      [KILL] black_usv12
      [ASSIGN] white_usv1->black_usv14(机会锁定)
      [RELEASE] white_usv5->black_usv12(目标失效)
      [ASSIGN] white_usv5->black_usv14(机会锁定)
      [RELEASE] white_usv2->black_usv12(目标失效)
      [ASSIGN] white_usv2->black_usv14(机会锁定)
      [RELEASE] white_usv4->black_usv12(目标失效)
      [ASSIGN] white_usv4->black_usv14(机会锁定)
      [ASSIGN] white_usv8->black_usv14(机会锁定)
      [ASSIGN] white_usv9->black_usv19(机会锁定)
[t=8,389s] step=260 | MISSION=NORMAL_C | USV: 11/15 (avail=0 int=8 lock=3 frz=0) | UAV: air=15 rtb=0 chg=0 loiter=0 | TRACKS: vis=29 lost=0 engaged=2 | TOP: black_usv4(x186,965) black_usv3(x188,194) black_usv25(x180,915) | KILL=7 | ACTIONS=26 | INTENT: focus=2 ratio=0.20
      [KILL] black_usv16
      [KILL] black_usv15
      [ASSIGN] white_usv1->black_usv18(机会锁定)
      [ASSIGN] white_usv5->black_usv17(机会锁定)
      [ASSIGN] white_usv2->black_usv18(机会锁定)
      [ASSIGN] white_usv4->black_usv18(机会锁定)
      [ASSIGN] white_usv9->black_usv18(机会锁定)
      [KILL] black_usv18
      [ASSIGN] white_usv13->black_usv21(机会锁定)
      [RELEASE] white_usv1->black_usv18(目标失效)
      [ASSIGN] white_usv1->black_usv19(机会锁定)
      [ASSIGN] white_usv5->black_usv14(机会锁定)
      [RELEASE] white_usv2->black_usv18(目标失效)
      [ASSIGN] white_usv2->black_usv13(机会锁定)
      [RELEASE] white_usv4->black_usv18(目标失效)
      [ASSIGN] white_usv4->black_usv13(机会锁定)
      [RELEASE] white_usv9->black_usv18(目标失效)
      [ASSIGN] white_usv9->black_usv19(机会锁定)
      [ASSIGN] white_usv8->black_usv17(机会锁定)
      [ASSIGN] white_usv10->black_usv21(机会锁定)
      [ASSIGN] white_usv8->black_usv14(机会锁定)
      [ASSIGN] white_usv15->black_usv25(机会锁定)
      [ASSIGN] white_usv11->black_usv25(机会锁定)
      [KILL] black_usv14
      [RELEASE] white_usv5->black_usv14(目标失效)
      [RELEASE] white_usv8->black_usv14(目标失效)
      [ASSIGN] white_usv8->black_usv17(机会锁定)
      [ASSIGN] white_usv5->black_usv24
[t=8,723s] step=270 | MISSION=NORMAL_C | USV: 9/15 (avail=0 int=2 lock=7 frz=0) | UAV: air=15 rtb=0 chg=0 loiter=0 | TRACKS: vis=25 lost=0 engaged=4 | TOP: black_usv4(x183,862) black_usv22(x180,833) black_usv29(x181,657) | KILL=8 | ACTIONS=24 | INTENT: focus=2 ratio=0.20
      [KILL] black_usv17
      [ASSIGN] white_usv13->black_usv22(机会锁定)
      [ASSIGN] white_usv1->black_usv20(机会锁定)
      [RELEASE] white_usv8->black_usv17(目标失效)
      [ASSIGN] white_usv8->black_usv19(机会锁定)
      [KILL] black_usv20
      [ASSIGN] white_usv13->black_usv21(机会锁定)
      [RELEASE] white_usv1->black_usv20(目标失效)
      [ASSIGN] white_usv1->black_usv21(机会锁定)
      [ASSIGN] white_usv2->black_usv11(机会锁定)
      [ASSIGN] white_usv4->black_usv11(机会锁定)
      [ASSIGN] white_usv8->black_usv21(机会锁定)
      [ASSIGN] white_usv10->black_usv19(机会锁定)
      [ASSIGN] white_usv13->black_usv19(机会锁定)
      [ASSIGN] white_usv1->black_usv19(机会锁定)
      [ASSIGN] white_usv8->black_usv19(机会锁定)
      [ASSIGN] white_usv10->black_usv21(机会锁定)
      [ASSIGN] white_usv13->black_usv21(机会锁定)
      [ASSIGN] white_usv1->black_usv21(机会锁定)
      [ASSIGN] white_usv5->black_usv21(机会锁定)
      [ASSIGN] white_usv8->black_usv21(机会锁定)
      [ASSIGN] white_usv15->black_usv21(机会锁定)
      [ASSIGN] white_usv11->black_usv21(机会锁定)
      [ASSIGN] white_usv10->black_usv19(机会锁定)
      [ASSIGN] white_usv1->black_usv19(机会锁定)
      [ASSIGN] white_usv8->black_usv19(机会锁定)
      [ASSIGN] white_usv15->black_usv25(机会锁定)
      [ASSIGN] white_usv11->black_usv25(机会锁定)
      [ASSIGN] white_usv10->black_usv21(机会锁定)
      [ASSIGN] white_usv1->black_usv21(机会锁定)
      [ASSIGN] white_usv8->black_usv22(机会锁定)
      [ASSIGN] white_usv15->black_usv24(机会锁定)
      [ASSIGN] white_usv11->black_usv24(机会锁定)
      [ASSIGN] white_usv1->black_usv19(机会锁定)
      [ASSIGN] white_usv5->black_usv19(机会锁定)
      [ASSIGN] white_usv8->black_usv19(机会锁定)
      [ASSIGN] white_usv1->black_usv13(机会锁定)
      [ASSIGN] white_usv5->black_usv21(机会锁定)
      [ASSIGN] white_usv8->black_usv22(机会锁定)
      [ASSIGN] white_usv5->black_usv19(机会锁定)
      [ASSIGN] white_usv8->black_usv19(机会锁定)
      [ASSIGN] white_usv5->black_usv21(机会锁定)
      [ASSIGN] white_usv2->black_usv9(机会锁定)
      [ASSIGN] white_usv4->black_usv9(机会锁定)
      [ASSIGN] white_usv8->black_usv22(机会锁定)
[t=9,113s] step=280 | MISSION=NORMAL_C | USV: 9/15 (avail=0 int=6 lock=3 frz=0) | UAV: air=15 rtb=0 chg=0 loiter=0 | TRACKS: vis=23 lost=0 engaged=2 | TOP: black_usv4(x180,628) black_usv25(x176,395) black_usv26(x177,762) | KILL=12 | ACTIONS=24 | INTENT: focus=2 ratio=0.20
      [KILL] black_usv22
      [ASSIGN] white_usv5->black_usv19(机会锁定)
      [ASSIGN] white_usv2->black_usv11(机会锁定)
      [ASSIGN] white_usv4->black_usv11(机会锁定)
      [RELEASE] white_usv8->black_usv22(目标失效)
      [ASSIGN] white_usv8->black_usv19(机会锁定)
      [ASSIGN] white_usv5->black_usv21(机会锁定)
      [ASSIGN] white_usv2->black_usv9(机会锁定)
      [ASSIGN] white_usv4->black_usv9(机会锁定)
      [ASSIGN] white_usv8->black_usv25(机会锁定)
      [ASSIGN] white_usv5->black_usv19(机会锁定)
      [ASSIGN] white_usv8->black_usv19(机会锁定)
      [ASSIGN] white_usv5->black_usv25(机会锁定)
      [ASSIGN] white_usv8->black_usv25(机会锁定)
      [ASSIGN] white_usv13->black_usv19(机会锁定)
      [ASSIGN] white_usv5->black_usv19(机会锁定)
      [ASSIGN] white_usv8->black_usv19(机会锁定)
      [ASSIGN] white_usv15->black_usv19(机会锁定)
      [ASSIGN] white_usv11->black_usv19(机会锁定)
      [ASSIGN] white_usv13->black_usv24(机会锁定)
      [ASSIGN] white_usv5->black_usv25(机会锁定)
      [ASSIGN] white_usv8->black_usv25(机会锁定)
      [ASSIGN] white_usv15->black_usv24(机会锁定)
      [ASSIGN] white_usv11->black_usv24(机会锁定)
      [KILL] black_usv21
      [RELEASE] white_usv10->black_usv21(目标失效)
      [ASSIGN] white_usv10->black_usv19(机会锁定)
      [ASSIGN] white_usv13->black_usv19(机会锁定)
      [ASSIGN] white_usv1->black_usv11(机会锁定)
      [ASSIGN] white_usv5->black_usv19(机会锁定)
      [ASSIGN] white_usv8->black_usv19(机会锁定)
      [ASSIGN] white_usv15->black_usv19(机会锁定)
      [ASSIGN] white_usv11->black_usv19(机会锁定)
      [KILL] black_usv19
      [RELEASE] white_usv10->black_usv19(目标失效)
      [ASSIGN] white_usv10->black_usv24(机会锁定)
      [RELEASE] white_usv13->black_usv19(目标失效)
      [ASSIGN] white_usv13->black_usv24(机会锁定)
      [ASSIGN] white_usv1->black_usv13(机会锁定)
      [RELEASE] white_usv5->black_usv19(目标失效)
      [ASSIGN] white_usv5->black_usv25(机会锁定)
      [RELEASE] white_usv8->black_usv19(目标失效)
      [ASSIGN] white_usv8->black_usv25(机会锁定)
      [RELEASE] white_usv15->black_usv19(目标失效)
      [ASSIGN] white_usv15->black_usv24(机会锁定)
      [RELEASE] white_usv11->black_usv19(目标失效)
      [ASSIGN] white_usv11->black_usv24(机会锁定)
      [ASSIGN] white_usv10->black_usv25(机会锁定)
      [ASSIGN] white_usv13->black_usv23(机会锁定)
      [ASSIGN] white_usv5->black_usv23(机会锁定)
      [ASSIGN] white_usv8->black_usv13(机会锁定)
      [ASSIGN] white_usv15->black_usv25(机会锁定)
      [ASSIGN] white_usv11->black_usv23(机会锁定)
      [KILL] black_usv25
      [RELEASE] white_usv10->black_usv25(目标失效)
      [ASSIGN] white_usv10->black_usv24(机会锁定)
      [ASSIGN] white_usv2->black_usv11(机会锁定)
      [ASSIGN] white_usv4->black_usv11(机会锁定)
      [ASSIGN] white_usv8->black_usv24(机会锁定)
      [RELEASE] white_usv15->black_usv25(目标失效)
      [ASSIGN] white_usv15->black_usv24(机会锁定)
[t=9,504s] step=290 | MISSION=NORMAL_C | USV: 9/15 (avail=0 int=6 lock=3 frz=0) | UAV: air=15 rtb=0 chg=0 loiter=0 | TRACKS: vis=19 lost=0 engaged=1 | TOP: black_usv4(x177,112) black_usv24(x173,598) black_usv26(x173,859) | KILL=15 | ACTIONS=24 | INTENT: focus=2 ratio=0.20
      [ASSIGN] white_usv2->black_usv9(机会锁定)
      [ASSIGN] white_usv4->black_usv9(机会锁定)
      [ASSIGN] white_usv8->black_usv13(机会锁定)
      [ASSIGN] white_usv11->black_usv24(机会锁定)
      [ASSIGN] white_usv10->black_usv23(机会锁定)
      [ASSIGN] white_usv2->black_usv11(机会锁定)
      [ASSIGN] white_usv4->black_usv11(机会锁定)
      [ASSIGN] white_usv11->black_usv23(机会锁定)
      [ASSIGN] white_usv2->black_usv9(机会锁定)
      [ASSIGN] white_usv4->black_usv9(机会锁定)
      [ASSIGN] white_usv8->black_usv24(机会锁定)
      [ASSIGN] white_usv8->black_usv13(机会锁定)
      [ASSIGN] white_usv8->black_usv24(机会锁定)
      [KILL] black_usv11
      [ASSIGN] white_usv8->black_usv13(机会锁定)
      [ASSIGN] white_usv13->black_usv24(机会锁定)
      [ASSIGN] white_usv5->black_usv24(机会锁定)
      [ASSIGN] white_usv8->black_usv24(机会锁定)
      [ASSIGN] white_usv13->black_usv23(机会锁定)
      [ASSIGN] white_usv5->black_usv23(机会锁定)
      [ASSIGN] white_usv8->black_usv13(机会锁定)
      [ASSIGN] white_usv15->black_usv23(机会锁定)
      [ASSIGN] white_usv8->black_usv24(机会锁定)
      [KILL] black_usv24
      [RELEASE] white_usv8->black_usv24(目标失效)
      [ASSIGN] white_usv8->black_usv13(机会锁定)
[t=9,906s] step=300 | MISSION=NORMAL_C | USV: 7/15 (avail=0 int=3 lock=4 frz=0) | UAV: air=15 rtb=0 chg=0 loiter=0 | TRACKS: vis=17 lost=0 engaged=1 | TOP: black_usv28(x169,852) black_usv29(x170,002) black_usv4(x173,250) | KILL=15 | ACTIONS=22 | INTENT: focus=2 ratio=0.20
      [ASSIGN] white_usv11->black_usv26(机会锁定)
      [KILL] black_usv13
      [RELEASE] white_usv1->black_usv13(目标失效)
      [RELEASE] white_usv8->black_usv13(目标失效)
      [ASSIGN] white_usv1->black_usv29
      [ASSIGN] white_usv8->black_usv28
      [KILL] black_usv9
      [ASSIGN] white_usv10->black_usv26(机会锁定)
      [ASSIGN] white_usv13->black_usv26(机会锁定)
      [ASSIGN] white_usv5->black_usv26(机会锁定)
      [ASSIGN] white_usv15->black_usv26(机会锁定)
      [ASSIGN] white_usv8->black_usv23(机会锁定)
[t=10,283s] step=310 | MISSION=NORMAL_C | USV: 7/15 (avail=0 int=2 lock=5 frz=0) | UAV: air=15 rtb=0 chg=0 loiter=0 | TRACKS: vis=14 lost=1 engaged=1 | TOP: black_usv28(x166,094) black_usv4(x169,485) black_usv8(x170,368) | KILL=16 | ACTIONS=22 | INTENT: focus=2 ratio=0.20
      [ASSIGN] white_usv11->black_usv28(机会锁定)
      [KILL] black_usv23
      [ASSIGN] white_usv10->black_usv28(机会锁定)
      [ASSIGN] white_usv13->black_usv28(机会锁定)
      [ASSIGN] white_usv5->black_usv28(机会锁定)
      [RELEASE] white_usv8->black_usv23(目标失效)
      [ASSIGN] white_usv15->black_usv28(机会锁定)
      [ASSIGN] white_usv8->black_usv26
[t=10,669s] step=320 | MISSION=NORMAL_C | USV: 7/15 (avail=0 int=2 lock=5 frz=0) | UAV: air=15 rtb=0 chg=0 loiter=0 | TRACKS: vis=13 lost=0 engaged=1 | TOP: black_usv8(x166,553) black_usv27(x166,743) black_usv10(x168,670) | KILL=17 | ACTIONS=22 | INTENT: focus=2 ratio=0.20
      [ASSIGN] white_usv11->black_usv26(机会锁定)
      [ASSIGN] white_usv11->black_usv29(机会锁定)
      [ASSIGN] white_usv10->black_usv26(机会锁定)
      [ASSIGN] white_usv13->black_usv26(机会锁定)
      [ASSIGN] white_usv5->black_usv26(机会锁定)
      [ASSIGN] white_usv15->black_usv26(机会锁定)
      [ASSIGN] white_usv10->black_usv28(机会锁定)
      [ASSIGN] white_usv13->black_usv28(机会锁定)
      [ASSIGN] white_usv5->black_usv28(机会锁定)
      [ASSIGN] white_usv8->black_usv28(机会锁定)
      [ASSIGN] white_usv15->black_usv28(机会锁定)
      [ASSIGN] white_usv10->black_usv26(机会锁定)
      [ASSIGN] white_usv13->black_usv26(机会锁定)
      [ASSIGN] white_usv1->black_usv26(机会锁定)
      [ASSIGN] white_usv5->black_usv26(机会锁定)
      [ASSIGN] white_usv8->black_usv26(机会锁定)
      [ASSIGN] white_usv15->black_usv26(机会锁定)
      [KILL] black_usv26
      [RELEASE] white_usv10->black_usv26(目标失效)
      [ASSIGN] white_usv10->black_usv28(机会锁定)
      [RELEASE] white_usv13->black_usv26(目标失效)
      [ASSIGN] white_usv13->black_usv28(机会锁定)
      [RELEASE] white_usv1->black_usv26(目标失效)
      [RELEASE] white_usv5->black_usv26(目标失效)
      [ASSIGN] white_usv5->black_usv28(机会锁定)
      [RELEASE] white_usv8->black_usv26(目标失效)
      [ASSIGN] white_usv8->black_usv28(机会锁定)
      [RELEASE] white_usv15->black_usv26(目标失效)
      [ASSIGN] white_usv15->black_usv28(机会锁定)
      [ASSIGN] white_usv10->black_usv29(机会锁定)
      [ASSIGN] white_usv13->black_usv29(机会锁定)
      [ASSIGN] white_usv1->black_usv3
      [ASSIGN] white_usv5->black_usv29(机会锁定)
      [ASSIGN] white_usv8->black_usv29(机会锁定)
      [ASSIGN] white_usv15->black_usv29(机会锁定)
      [ASSIGN] white_usv10->black_usv28(机会锁定)
      [ASSIGN] white_usv11->black_usv28(机会锁定)
[t=11,083s] step=330 | MISSION=NORMAL_C | USV: 7/15 (avail=0 int=3 lock=4 frz=0) | UAV: air=15 rtb=0 chg=0 loiter=0 | TRACKS: vis=11 lost=1 engaged=1 | TOP: black_usv28(x162,130) black_usv8(x162,497) black_usv10(x164,673) | KILL=18 | ACTIONS=22 | INTENT: focus=2 ratio=0.20
      [KILL] black_usv28
      [RELEASE] white_usv10->black_usv28(目标失效)
      [ASSIGN] white_usv10->black_usv29(机会锁定)
      [RELEASE] white_usv11->black_usv28(目标失效)
      [ASSIGN] white_usv11->black_usv29(机会锁定)
      [DETECT] black_usv1
[t=11,509s] step=340 | MISSION=NORMAL_C | USV: 7/15 (avail=0 int=7 lock=0 frz=0) | UAV: air=15 rtb=0 chg=0 loiter=0 | TRACKS: vis=10 lost=2 engaged=0 | TOP: black_usv1(x168,609) black_usv8(x158,295) black_usv4(x158,725) | KILL=19 | ACTIONS=22 | INTENT: focus=2 ratio=0.20
      [ASSIGN] white_usv13->black_usv27(机会锁定)
      [ASSIGN] white_usv5->black_usv27(机会锁定)
      [ASSIGN] white_usv15->black_usv27(机会锁定)
      [KILL] black_usv29
      [RELEASE] white_usv10->black_usv29(目标失效)
      [RELEASE] white_usv8->black_usv29(目标失效)
      [RELEASE] white_usv11->black_usv29(目标失效)
      [ASSIGN] white_usv10->black_usv5
      [ASSIGN] white_usv8->black_usv1
      [ASSIGN] white_usv11->black_usv6
      [ASSIGN] white_usv1->black_usv7(机会锁定)
[t=11,919s] step=350 | MISSION=NORMAL_C | USV: 7/15 (avail=0 int=4 lock=3 frz=0) | UAV: air=15 rtb=0 chg=0 loiter=0 | TRACKS: vis=9 lost=2 engaged=2 | TOP: black_usv4(x154,904) black_usv3(x156,653) black_usv2(x160,891) | KILL=19 | ACTIONS=22 | INTENT: focus=2 ratio=0.20
      [ASSIGN] white_usv1->black_usv8(机会锁定)
[t=12,364s] step=360 | MISSION=NORMAL_C | USV: 7/15 (avail=0 int=6 lock=1 frz=0) | UAV: air=15 rtb=0 chg=0 loiter=0 | TRACKS: vis=11 lost=0 engaged=1 | TOP: black_usv4(x150,495) black_usv3(x152,231) black_usv10(x153,419) | KILL=20 | ACTIONS=22 | INTENT: focus=2 ratio=0.20
      [ASSIGN] white_usv1->black_usv7(机会锁定)
      [KILL] black_usv27
      [RELEASE] white_usv13->black_usv27(目标失效)
      [RELEASE] white_usv5->black_usv27(目标失效)
      [RELEASE] white_usv15->black_usv27(目标失效)
      [ASSIGN] white_usv13->black_usv3
      [ASSIGN] white_usv5->black_usv4
      [ASSIGN] white_usv15->black_usv2
[t=12,790s] step=370 | MISSION=NORMAL_C | USV: 7/15 (avail=0 int=6 lock=1 frz=0) | UAV: air=15 rtb=0 chg=0 loiter=0 | TRACKS: vis=10 lost=0 engaged=1 | TOP: black_usv30(x155,144) black_usv10(x150,227) black_usv7(x153,712) | KILL=20 | ACTIONS=22 | INTENT: focus=2 ratio=0.20
      [ASSIGN] white_usv1->black_usv8(机会锁定)
      [ASSIGN] white_usv8->black_usv8(机会锁定)
      [ASSIGN] white_usv11->black_usv8(机会锁定)
      [ASSIGN] white_usv10->black_usv8(机会锁定)
      [ASSIGN] white_usv10->black_usv10(机会锁定)
      [ASSIGN] white_usv8->black_usv7(机会锁定)
      [ASSIGN] white_usv11->black_usv10(机会锁定)
      [ASSIGN] white_usv8->black_usv8(机会锁定)
[t=13,195s] step=380 | MISSION=NORMAL_C | USV: 6/15 (avail=0 int=4 lock=2 frz=0) | UAV: air=15 rtb=0 chg=0 loiter=0 | TRACKS: vis=8 lost=2 engaged=1 | TOP: black_usv6(x144,183) black_usv5(x145,269) black_usv8(x151,070) | KILL=22 | ACTIONS=21 | INTENT: focus=2 ratio=0.20
      [KILL] black_usv7
      [ASSIGN] white_usv10->black_usv8(机会锁定)
      [ASSIGN] white_usv11->black_usv8(机会锁定)
      [ASSIGN] white_usv10->black_usv10(机会锁定)
      [ASSIGN] white_usv11->black_usv10(机会锁定)
[t=13,645s] step=390 | MISSION=NORMAL_C | USV: 6/15 (avail=0 int=4 lock=2 frz=0) | UAV: air=15 rtb=0 chg=0 loiter=0 | TRACKS: vis=9 lost=0 engaged=1 | TOP: black_usv6(x139,720) black_usv5(x141,673) black_usv30(x148,417) | KILL=22 | ACTIONS=21 | INTENT: focus=2 ratio=0.20
      [KILL] black_usv8
      [RELEASE] white_usv8->black_usv8(目标失效)
      [ASSIGN] white_usv8->black_usv5
      [ASSIGN] white_usv8->black_usv10(机会锁定)
[t=14,084s] step=400 | MISSION=NORMAL_C | USV: 6/15 (avail=0 int=3 lock=3 frz=0) | UAV: air=15 rtb=0 chg=0 loiter=0 | TRACKS: vis=8 lost=0 engaged=1 | TOP: black_usv5(x138,366) black_usv6(x137,554) black_usv30(x145,918) | KILL=22 | ACTIONS=21 | INTENT: focus=2 ratio=0.20
      [ASSIGN] white_usv10->black_usv4(机会锁定)
[t=14,536s] step=410 | MISSION=NORMAL_C | USV: 6/15 (avail=0 int=6 lock=0 frz=0) | UAV: air=15 rtb=0 chg=0 loiter=0 | TRACKS: vis=7 lost=1 engaged=0 | TOP: black_usv6(x135,372) black_usv5(x135,035) black_usv30(x143,345) | KILL=23 | ACTIONS=21 | INTENT: focus=2 ratio=0.20
      [ASSIGN] white_usv13->black_usv10(机会锁定)
      [ASSIGN] white_usv5->black_usv10(机会锁定)
      [ASSIGN] white_usv15->black_usv10(机会锁定)
      [KILL] black_usv10
      [RELEASE] white_usv13->black_usv10(目标失效)
      [RELEASE] white_usv5->black_usv10(目标失效)
      [RELEASE] white_usv8->black_usv10(目标失效)
      [RELEASE] white_usv15->black_usv10(目标失效)
      [RELEASE] white_usv11->black_usv10(目标失效)
      [ASSIGN] white_usv13->black_usv5
      [ASSIGN] white_usv5->black_usv6
      [ASSIGN] white_usv8->black_usv3
      [ASSIGN] white_usv15->black_usv30
      [ASSIGN] white_usv11->black_usv2
[t=14,997s] step=420 | MISSION=NORMAL_C | USV: 6/15 (avail=0 int=5 lock=1 frz=0) | UAV: air=15 rtb=0 chg=0 loiter=0 | TRACKS: vis=5 lost=2 engaged=1 | TOP: black_usv1(x144,658) black_usv2(x132,562) black_usv3(x128,084) | KILL=23 | ACTIONS=21 | INTENT: focus=2 ratio=0.20
      [ASSIGN] white_usv11->black_usv4(机会锁定)
      [ASSIGN] white_usv10->black_usv6(机会锁定)
      [ASSIGN] white_usv13->black_usv4(机会锁定)
      [ASSIGN] white_usv5->black_usv4(机会锁定)
      [ASSIGN] white_usv8->black_usv4(机会锁定)
      [ASSIGN] white_usv11->black_usv6(机会锁定)
      [ASSIGN] white_usv13->black_usv6(机会锁定)
      [ASSIGN] white_usv5->black_usv6(机会锁定)
[t=15,482s] step=430 | MISSION=NORMAL_C | USV: 6/15 (avail=0 int=2 lock=4 frz=0) | UAV: air=15 rtb=0 chg=0 loiter=0 | TRACKS: vis=7 lost=0 engaged=1 | TOP: black_usv3(x123,292) black_usv5(x130,652) black_usv2(x127,941) | KILL=24 | ACTIONS=21 | INTENT: focus=2 ratio=0.20
      [ASSIGN] white_usv10->black_usv5(机会锁定)
      [ASSIGN] white_usv8->black_usv5(机会锁定)
      [ASSIGN] white_usv11->black_usv4(机会锁定)
      [ASSIGN] white_usv13->black_usv4(机会锁定)
      [ASSIGN] white_usv5->black_usv4(机会锁定)
      [KILL] black_usv4
      [RELEASE] white_usv13->black_usv4(目标失效)
      [ASSIGN] white_usv13->black_usv6(机会锁定)
      [RELEASE] white_usv5->black_usv4(目标失效)
      [ASSIGN] white_usv5->black_usv6(机会锁定)
      [RELEASE] white_usv11->black_usv4(目标失效)
      [ASSIGN] white_usv11->black_usv6(机会锁定)
      [ASSIGN] white_usv13->black_usv5(机会锁定)
      [ASSIGN] white_usv5->black_usv5(机会锁定)
      [ASSIGN] white_usv11->black_usv5(机会锁定)
      [ASSIGN] white_usv10->black_usv6(机会锁定)
      [ASSIGN] white_usv13->black_usv6(机会锁定)
      [ASSIGN] white_usv5->black_usv6(机会锁定)
      [ASSIGN] white_usv8->black_usv6(机会锁定)
      [ASSIGN] white_usv11->black_usv6(机会锁定)
      [ASSIGN] white_usv10->black_usv5(机会锁定)
      [ASSIGN] white_usv13->black_usv5(机会锁定)
      [ASSIGN] white_usv8->black_usv5(机会锁定)
[t=15,949s] step=440 | MISSION=NORMAL_C | USV: 6/15 (avail=0 int=6 lock=0 frz=0) | UAV: air=15 rtb=0 chg=0 loiter=0 | TRACKS: vis=6 lost=0 engaged=0 | TOP: black_usv3(x118,623) black_usv2(x124,328) black_usv1(x138,935) | KILL=26 | ACTIONS=21 | INTENT: focus=2 ratio=0.20
      [ASSIGN] white_usv10->black_usv6(机会锁定)
      [ASSIGN] white_usv13->black_usv6(机会锁定)
      [ASSIGN] white_usv8->black_usv6(机会锁定)
      [ASSIGN] white_usv10->black_usv5(机会锁定)
      [ASSIGN] white_usv13->black_usv5(机会锁定)
      [ASSIGN] white_usv8->black_usv5(机会锁定)
      [ASSIGN] white_usv10->black_usv6(机会锁定)
      [ASSIGN] white_usv13->black_usv6(机会锁定)
      [ASSIGN] white_usv8->black_usv6(机会锁定)
      [KILL] black_usv6
      [RELEASE] white_usv10->black_usv6(目标失效)
      [ASSIGN] white_usv10->black_usv5(机会锁定)
      [RELEASE] white_usv13->black_usv6(目标失效)
      [ASSIGN] white_usv13->black_usv5(机会锁定)
      [RELEASE] white_usv5->black_usv6(目标失效)
      [RELEASE] white_usv8->black_usv6(目标失效)
      [ASSIGN] white_usv8->black_usv5(机会锁定)
      [RELEASE] white_usv11->black_usv6(目标失效)
      [ASSIGN] white_usv11->black_usv5(机会锁定)
      [ASSIGN] white_usv5->black_usv3
      [ASSIGN] white_usv5->black_usv5(机会锁定)
      [KILL] black_usv5
      [RELEASE] white_usv10->black_usv5(目标失效)
      [RELEASE] white_usv13->black_usv5(目标失效)
      [RELEASE] white_usv5->black_usv5(目标失效)
      [RELEASE] white_usv8->black_usv5(目标失效)
      [RELEASE] white_usv11->black_usv5(目标失效)
[t=16,474s] step=450 | MISSION=NORMAL_C | USV: 6/15 (avail=0 int=6 lock=0 frz=0) | UAV: air=15 rtb=0 chg=0 loiter=0 | TRACKS: vis=3 lost=1 engaged=0 | TOP: black_usv3(x114,011) black_usv2(x121,568) black_usv1(x136,487) | KILL=26 | ACTIONS=21 | INTENT: focus=2 ratio=0.20
      [ASSIGN] white_usv10->black_usv30
      [ASSIGN] white_usv13->black_usv3
      [ASSIGN] white_usv5->black_usv3
      [ASSIGN] white_usv8->black_usv2
      [ASSIGN] white_usv11->black_usv1
      [ASSIGN] white_usv8->black_usv3(机会锁定)
[t=16,975s] step=460 | MISSION=NORMAL_C | USV: 6/15 (avail=0 int=4 lock=2 frz=0) | UAV: air=15 rtb=0 chg=0 loiter=0 | TRACKS: vis=3 lost=1 engaged=1 | TOP: black_usv2(x119,528) black_usv3(x109,381) black_usv1(x134,820) | KILL=26 | ACTIONS=21 | INTENT: focus=2 ratio=0.20
      [RELEASE] white_usv10->black_usv30(目标失效)
      [RELEASE] white_usv15->black_usv30(目标失效)
      [ASSIGN] white_usv10->black_usv2
      [ASSIGN] white_usv15->black_usv2
[t=17,504s] step=470 | MISSION=NORMAL_C | USV: 6/15 (avail=0 int=6 lock=0 frz=0) | UAV: air=15 rtb=0 chg=0 loiter=0 | TRACKS: vis=2 lost=1 engaged=0 | TOP: black_usv1(x130,026) black_usv3(x109,181) black_usv2(x115,730) | KILL=27 | ACTIONS=21 | INTENT: focus=2 ratio=0.20
      [KILL] black_usv3
      [RELEASE] white_usv13->black_usv3(目标失效)
      [RELEASE] white_usv5->black_usv3(目标失效)
      [RELEASE] white_usv8->black_usv3(目标失效)
      [ASSIGN] white_usv13->black_usv2
      [ASSIGN] white_usv5->black_usv1
      [ASSIGN] white_usv8->black_usv1
[t=18,023s] step=480 | MISSION=NORMAL_C | USV: 6/15 (avail=0 int=6 lock=0 frz=0) | UAV: air=15 rtb=0 chg=0 loiter=0 | TRACKS: vis=1 lost=1 engaged=0 | TOP: black_usv2(x110,541) black_usv1(x126,573) | KILL=27 | ACTIONS=21 | INTENT: focus=2 ratio=0.20
      [ASSIGN] white_usv8->black_usv2(机会锁定)
[t=18,546s] step=490 | MISSION=NORMAL_C | USV: 6/15 (avail=0 int=6 lock=0 frz=0) | UAV: air=15 rtb=0 chg=0 loiter=0 | TRACKS: vis=2 lost=0 engaged=0 | TOP: black_usv2(x106,318) black_usv1(x124,487) | KILL=27 | ACTIONS=21 | INTENT: focus=2 ratio=0.20
[t=19,079s] step=500 | MISSION=NORMAL_C | USV: 6/15 (avail=0 int=5 lock=1 frz=0) | UAV: air=15 rtb=0 chg=0 loiter=0 | TRACKS: vis=1 lost=1 engaged=1 | TOP: black_usv2(x103,712) black_usv1(x122,361) | KILL=27 | ACTIONS=21 | INTENT: focus=2 ratio=0.20
      [ASSIGN] white_usv5->black_usv2(机会锁定)
      [ASSIGN] white_usv11->black_usv2(机会锁定)
[t=19,652s] step=510 | MISSION=NORMAL_C | USV: 6/15 (avail=0 int=6 lock=0 frz=0) | UAV: air=15 rtb=0 chg=0 loiter=0 | TRACKS: vis=2 lost=0 engaged=0 | TOP: black_usv1(x118,628) black_usv2(x102,910) | KILL=28 | ACTIONS=21 | INTENT: focus=2 ratio=0.20
      [KILL] black_usv2
      [RELEASE] white_usv10->black_usv2(目标失效)
      [RELEASE] white_usv13->black_usv2(目标失效)
      [RELEASE] white_usv5->black_usv2(目标失效)
      [RELEASE] white_usv8->black_usv2(目标失效)
      [RELEASE] white_usv15->black_usv2(目标失效)
      [RELEASE] white_usv11->black_usv2(目标失效)
      [ASSIGN] white_usv5->black_usv1
      [ASSIGN] white_usv8->black_usv1
      [ASSIGN] white_usv11->black_usv1
[t=20,198s] step=520 | MISSION=NORMAL_C | USV: 6/15 (avail=3 int=3 lock=0 frz=0) | UAV: air=15 rtb=0 chg=0 loiter=0 | TRACKS: vis=0 lost=1 engaged=0 | TOP: black_usv1(x113,332) | KILL=28 | ACTIONS=21 | INTENT: focus=2 ratio=0.20
[t=20,753s] step=530 | MISSION=NORMAL_C | USV: 6/15 (avail=3 int=3 lock=0 frz=0) | UAV: air=15 rtb=0 chg=0 loiter=0 | TRACKS: vis=1 lost=0 engaged=0 | TOP: black_usv1(x107,950) | KILL=28 | ACTIONS=21 | INTENT: focus=2 ratio=0.20
[t=21,318s] step=540 | MISSION=NORMAL_C | USV: 6/15 (avail=3 int=1 lock=2 frz=0) | UAV: air=15 rtb=0 chg=0 loiter=0 | TRACKS: vis=1 lost=0 engaged=1 | TOP: black_usv1(x102,470) | KILL=28 | ACTIONS=21 | INTENT: focus=2 ratio=0.20
[t=21,908s] step=550 | MISSION=NORMAL_C | USV: 6/15 (avail=3 int=3 lock=0 frz=0) | UAV: air=15 rtb=0 chg=0 loiter=0 | TRACKS: vis=1 lost=0 engaged=0 | TOP: black_usv1(x100,957) | KILL=29 | ACTIONS=21 | INTENT: focus=2 ratio=0.20
      [KILL] black_usv1
      [RELEASE] white_usv5->black_usv1(目标失效)
      [RELEASE] white_usv8->black_usv1(目标失效)
      [RELEASE] white_usv11->black_usv1(目标失效)
[t=22,497s] step=560 | MISSION=GLOBAL_R | USV: 6/15 (avail=6 int=0 lock=0 frz=0) | UAV: air=15 rtb=0 chg=0 loiter=0 | TRACKS: vis=0 lost=0 engaged=0 | TOP:  | KILL=29 | ACTIONS=21 | INTENT: focus=2 ratio=0.20
[t=23,091s] step=570 | MISSION=GLOBAL_R | USV: 6/15 (avail=6 int=0 lock=0 frz=0) | UAV: air=15 rtb=0 chg=0 loiter=0 | TRACKS: vis=0 lost=0 engaged=0 | TOP:  | KILL=29 | ACTIONS=21 | INTENT: focus=2 ratio=0.20
      [UAV RTB] white_uav14(电量1570<1333+300)
      [UAV RTB] white_uav15(电量1389<1143+300)
      [UAV RTB] white_uav13(电量1393<1185+300)
[t=23,692s] step=580 | MISSION=GLOBAL_R | USV: 6/15 (avail=6 int=0 lock=0 frz=0) | UAV: air=12 rtb=3 chg=0 loiter=0 | TRACKS: vis=0 lost=0 engaged=0 | TOP:  | KILL=29 | ACTIONS=21 | INTENT: focus=2 ratio=0.20
      [UAV RTB] white_uav7(电量969<707+300)
      [UAV RTB] white_uav1(电量913<646+300)
      [UAV RTB] white_uav9(电量844<555+300)
      [DETECT] black_usv30
      [ASSIGN] white_usv10->black_usv30
      [ASSIGN] white_usv13->black_usv30
      [ASSIGN] white_usv15->black_usv30
      [UAV RTB] white_uav6(电量788<572+300)
      [UAV RTB] white_uav10(电量790<504+300)
      [UAV RTB] white_uav4(电量731<463+300)
[t=24,295s] step=590 | MISSION=NORMAL_C | USV: 6/15 (avail=3 int=3 lock=0 frz=0) | UAV: air=6 rtb=9 chg=0 loiter=0 | TRACKS: vis=1 lost=0 engaged=0 | TOP: black_usv30(x84,802) | KILL=29 | ACTIONS=21 | INTENT: focus=2 ratio=0.20
      [UAV RTB] white_uav5(电量606<314+300)
      [UAV RTB] white_uav8(电量542<250+300)
      [UAV RTB] white_uav11(电量483<231+300)
      [UAV RTB] white_uav12(电量484<230+300)
      [UAV RTB] white_uav2(电量490<199+300)
      [RELEASE] white_usv10->black_usv30(目标失效)
      [RELEASE] white_usv13->black_usv30(目标失效)
      [RELEASE] white_usv15->black_usv30(目标失效)
      [UAV RTB] white_uav3(电量427<167+300)
      [UAV LAND] white_uav8->white_usv15
      [UAV LAND] white_uav9->white_usv15
      [UAV RTB] white_uav8(电量240<14+300)
      [UAV LAND] white_uav8->white_usv15
      [UAV RTB] white_uav9(电量241<10+300)
      [UAV LAND] white_uav9->white_usv15
      [UAV LAND] white_uav11->white_usv10
      [UAV LAND] white_uav5->white_usv8
      [UAV LAND] white_uav10->white_usv15
      [UAV LAND] white_uav2->white_usv5
      [UAV RTB] white_uav8(电量171<4+300)
      [UAV LAND] white_uav8->white_usv15
      [UAV RTB] white_uav9(电量172<5+300)
      [UAV LAND] white_uav9->white_usv15
      [UAV RTB] white_uav11(电量172<7+300)
      [UAV LAND] white_uav11->white_usv10
      [UAV LAND] white_uav12->white_usv10
      [UAV RTB] white_uav5(电量175<31+300)
      [UAV RTB] white_uav10(电量178<65+300)
      [UAV RTB] white_uav2(电量179<19+300)
      [UAV LAND] white_uav2->white_usv5
      [UAV LAND] white_uav4->white_usv8
      [UAV RTB] white_uav8(电量100<11+300)
      [UAV LAND] white_uav8->white_usv15
      [UAV RTB] white_uav9(电量101<7+300)
      [UAV LAND] white_uav9->white_usv15
      [UAV RTB] white_uav11(电量101<20+300)
      [UAV LAND] white_uav11->white_usv10
      [UAV RTB] white_uav12(电量102<21+300)
      [UAV LAND] white_uav5->white_usv8
      [UAV LAND] white_uav6->white_usv5
      [UAV RTB] white_uav2(电量108<11+300)
      [UAV LAND] white_uav2->white_usv5
      [UAV RTB] white_uav4(电量109<77+300)
[t=24,917s] step=600 | MISSION=GLOBAL_R | USV: 6/15 (avail=6 int=0 lock=0 frz=0) | UAV: air=0 rtb=9 chg=6 loiter=0 | TRACKS: vis=0 lost=0 engaged=0 | TOP:  | KILL=29 | ACTIONS=21 | INTENT: focus=2 ratio=0.20
      [UAV RTB] white_uav8(电量29<19+300)
      [UAV LAND] white_uav8->white_usv15
      [UAV RTB] white_uav9(电量30<12+300)
      [UAV LAND] white_uav9->white_usv15
      [UAV RTB] white_uav11(电量30<1+300)
      [UAV LAND] white_uav11->white_usv10
      [UAV RTB] white_uav5(电量33<19+300)
      [UAV LAND] white_uav5->white_usv8
      [UAV RTB] white_uav6(电量34<36+300)
      [UAV RTB] white_uav2(电量37<7+300)
      [UAV LAND] white_uav2->white_usv5
[t=25,977s] step=610 | MISSION=GLOBAL_R | USV: 6/15 (avail=6 int=0 lock=0 frz=0) | UAV: air=0 rtb=0 chg=0 loiter=0 | TRACKS: vis=0 lost=0 engaged=0 | TOP:  | KILL=29 | ACTIONS=6 | INTENT: focus=2 ratio=0.20
[t=27,091s] step=620 | MISSION=GLOBAL_R | USV: 6/15 (avail=6 int=0 lock=0 frz=0) | UAV: air=0 rtb=0 chg=0 loiter=0 | TRACKS: vis=0 lost=0 engaged=0 | TOP:  | KILL=29 | ACTIONS=6 | INTENT: focus=2 ratio=0.20
[t=28,197s] step=630 | MISSION=GLOBAL_R | USV: 6/15 (avail=6 int=0 lock=0 frz=0) | UAV: air=0 rtb=0 chg=0 loiter=0 | TRACKS: vis=0 lost=0 engaged=0 | TOP:  | KILL=29 | ACTIONS=6 | INTENT: focus=2 ratio=0.20
[t=29,339s] step=640 | MISSION=GLOBAL_R | USV: 6/15 (avail=6 int=0 lock=0 frz=0) | UAV: air=0 rtb=0 chg=0 loiter=0 | TRACKS: vis=0 lost=0 engaged=0 | TOP:  | KILL=29 | ACTIONS=6 | INTENT: focus=2 ratio=0.20
[t=30,472s] step=650 | MISSION=GLOBAL_R | USV: 6/15 (avail=6 int=0 lock=0 frz=0) | UAV: air=0 rtb=0 chg=0 loiter=0 | TRACKS: vis=0 lost=0 engaged=0 | TOP:  | KILL=29 | ACTIONS=6 | INTENT: focus=2 ratio=0.20
[t=31,623s] step=660 | MISSION=GLOBAL_R | USV: 6/15 (avail=6 int=0 lock=0 frz=0) | UAV: air=0 rtb=0 chg=0 loiter=0 | TRACKS: vis=0 lost=0 engaged=0 | TOP:  | KILL=29 | ACTIONS=6 | INTENT: focus=2 ratio=0.20
[t=32,782s] step=670 | MISSION=GLOBAL_R | USV: 6/15 (avail=6 int=0 lock=0 frz=0) | UAV: air=0 rtb=0 chg=0 loiter=0 | TRACKS: vis=0 lost=0 engaged=0 | TOP:  | KILL=29 | ACTIONS=6 | INTENT: focus=2 ratio=0.20
[t=33,964s] step=680 | MISSION=GLOBAL_R | USV: 6/15 (avail=6 int=0 lock=0 frz=0) | UAV: air=0 rtb=0 chg=0 loiter=0 | TRACKS: vis=0 lost=0 engaged=0 | TOP:  | KILL=29 | ACTIONS=6 | INTENT: focus=2 ratio=0.20
[t=35,158s] step=690 | MISSION=GLOBAL_R | USV: 6/15 (avail=6 int=0 lock=0 frz=0) | UAV: air=0 rtb=0 chg=0 loiter=0 | TRACKS: vis=0 lost=0 engaged=0 | TOP:  | KILL=29 | ACTIONS=6 | INTENT: focus=2 ratio=0.20
[t=36,353s] step=700 | MISSION=GLOBAL_R | USV: 6/15 (avail=6 int=0 lock=0 frz=0) | UAV: air=0 rtb=0 chg=0 loiter=0 | TRACKS: vis=0 lost=0 engaged=0 | TOP:  | KILL=29 | ACTIONS=6 | INTENT: focus=2 ratio=0.20
[t=37,542s] step=710 | MISSION=GLOBAL_R | USV: 6/15 (avail=6 int=0 lock=0 frz=0) | UAV: air=0 rtb=0 chg=0 loiter=0 | TRACKS: vis=0 lost=0 engaged=0 | TOP:  | KILL=29 | ACTIONS=6 | INTENT: focus=2 ratio=0.20
[t=38,724s] step=720 | MISSION=GLOBAL_R | USV: 6/15 (avail=6 int=0 lock=0 frz=0) | UAV: air=0 rtb=0 chg=0 loiter=0 | TRACKS: vis=0 lost=0 engaged=0 | TOP:  | KILL=29 | ACTIONS=6 | INTENT: focus=2 ratio=0.20
[t=39,345s] step=730 | MISSION=GLOBAL_R | USV: 6/15 (avail=6 int=0 lock=0 frz=0) | UAV: air=0 rtb=0 chg=0 loiter=0 | TRACKS: vis=0 lost=0 engaged=0 | TOP:  | KILL=29 | ACTIONS=6 | INTENT: focus=2 ratio=0.20
[t=39,588s] step=740 | MISSION=GLOBAL_R | USV: 6/15 (avail=6 int=0 lock=0 frz=0) | UAV: air=0 rtb=0 chg=0 loiter=0 | TRACKS: vis=0 lost=0 engaged=0 | TOP:  | KILL=29 | ACTIONS=6 | INTENT: focus=2 ratio=0.20
[t=39,831s] step=750 | MISSION=GLOBAL_R | USV: 6/15 (avail=6 int=0 lock=0 frz=0) | UAV: air=0 rtb=0 chg=0 loiter=0 | TRACKS: vis=0 lost=0 engaged=0 | TOP:  | KILL=29 | ACTIONS=6 | INTENT: focus=2 ratio=0.20

========================================================================
对局结果: Result.Victory — 敌方所有单位被击毁
  击杀蓝舰: 30 | 命中: 58 | 我方USV损失: 9 | UAV损失: 15 | 突破: 1
[META] result=Result.Victory victory_time=40001 first_detection=1852 first_lock=7473 first_kill=8389 enemy_kills=30 friendly_usv_losses=9 friendly_uav_losses=15 black_breakthrough=1 reacquire_attempts=562 reacquire_success=561 sensor_assisted_locks=141 low_conf_commitments=0 global_reacquire_entries=2 global_reacquire_success=1 coverage_collapse_events=2 active_clusters_max=1 coverage_quality_final=0.16 commander_source=default_intent commander_calls=0 commander_changes=0 commander_no_change=0 commander_parse_failures=0 commander_api_failures=0 commander_policy_failures=0 commander_avg_latency=0.0
Done
