{
 "scenario": "S2",
 "opponent_profile": "B3_ADAPTIVE",
 "seed": 1102,
 "result": "Result.Defeat",
 "clean_win": 0,
 "engine_error": 0,
 "api_error": 0,
 "invalid_action": 0,
 "task_commands_created": 20,
 "task_updates": 0,
 "duplicate_submits": 0,
 "stale_rejections": 0,
 "active_tasks_peak": 20,
 "usv_tasks_started": 10,
 "uav_tasks_started": 10,
 "task_preemptions": 71,
 "task_cancellations": 10,
 "reallocation_requests": 0,
 "target_ownership_violations": 0,
 "action_channel_conflicts": 0,
 "direct_bt_network_writes": 0,
 "safety_pass": 10945,
 "safety_clamped": 0,
 "safety_modified": 0,
 "safety_rejected": 0,
 "safety_overridden": 0,
 "task_feedback_count": 10945,
 "orphan_feedback_count": 0,
 "orphan_action_count": 0,
 "tree_create_count": 20,
 "tree_destroy_count": 10,
 "sim_time": 21842,
 "wall_time": 245.1,
 "enemy_kills": 7,
 "friendly_usv_dead": 10
}