{
 "scenario": "S3",
 "opponent_profile": "B3_ADAPTIVE",
 "seed": 1102,
 "result": "Result.Defeat",
 "clean_win": 0,
 "engine_error": 0,
 "api_error": 0,
 "invalid_action": 0,
 "task_commands_created": 30,
 "task_updates": 0,
 "duplicate_submits": 0,
 "stale_rejections": 0,
 "active_tasks_peak": 30,
 "usv_tasks_started": 15,
 "uav_tasks_started": 15,
 "task_preemptions": 131,
 "task_cancellations": 15,
 "reallocation_requests": 0,
 "target_ownership_violations": 0,
 "action_channel_conflicts": 0,
 "direct_bt_network_writes": 0,
 "safety_pass": 15562,
 "safety_clamped": 0,
 "safety_modified": 0,
 "safety_rejected": 0,
 "safety_overridden": 0,
 "task_feedback_count": 15563,
 "orphan_feedback_count": 0,
 "orphan_action_count": 0,
 "tree_create_count": 30,
 "tree_destroy_count": 15,
 "sim_time": 21666,
 "wall_time": 385.0,
 "enemy_kills": 15,
 "friendly_usv_dead": 15
}