0.0 2026-08-09 18:06:58 INFO StateJump BLUE.Ship.Ship.b_in.RadarWithGuider.RadarWithGuider[1]==>WORK
0.0 2026-08-09 18:06:58 INFO StateJump BLUE.Ship.Ship.b_out.RadarWithGuider.RadarWithGuider[1]==>WORK
0.0 2026-08-09 18:06:58 INFO StateJump RED.Plane.AEW.wuav1.RadarWithGuider.RadarWithGuider[1]==>WORK
0.0 2026-08-09 18:06:58 INFO StateJump RED.Ship.Ship.w1.RadarWithGuider.RadarWithGuider[1]==>WORK
0.0 2026-08-09 18:06:58 INFO StateJump BLUE.Ship.Ship.b_in.Locker.Locker[1]==>WORK
0.0 2026-08-09 18:06:58 INFO StateJump BLUE.Ship.Ship.b_out.Locker.Locker[1]==>WORK
0.0 2026-08-09 18:06:58 INFO StateJump RED.Ship.Ship.w1.Locker.Locker[1]==>WORK
0.0 2026-08-09 18:06:58 INFO StateJump RED.Plane.AEW.wuav1.UavBattery.UAV_Battery[1]==>WORK
0.0 2026-08-09 18:06:58 INFO StateJump RED.Ship.Ship.w1.Comdev.Comdev[1]==>FREE
0.0 2026-08-09 18:06:58 INFO StateJump RED.Ship.Ship.w1.Comdev.Comdev[1]==>WORK
0.0 2026-08-09 18:06:58 INFO StateJump RED.Ship.Ship.w1.MotorTZB.ShipMotorTZB[1]==>FREE
0.0 2026-08-09 18:06:58 INFO StateJump RED.Ship.Ship.w1.MotorTZB.ShipMotorTZB[1]==>MOVE
0.0 2026-08-09 18:06:58 INFO StateJump RED.Ship.Ship.w1.Intelligence.QB[1]==>FREE
0.0 2026-08-09 18:06:58 INFO StateJump RED.Ship.Ship.w1.Intelligence.QB[1]==>WORK
0.0 2026-08-09 18:06:58 INFO StateJump RED.Plane.AEW.wuav1.MotorTZB.PlaneMotorTZB[1]==>FREE
0.0 2026-08-09 18:06:58 INFO StateJump RED.Plane.AEW.wuav1.MotorTZB.PlaneMotorTZB[1]==>MOVE
0.0 2026-08-09 18:06:58 INFO StateJump RED.Plane.AEW.wuav1.Intelligence.QB[1]==>FREE
0.0 2026-08-09 18:06:58 INFO StateJump RED.Plane.AEW.wuav1.Intelligence.QB[1]==>WORK
0.0 2026-08-09 18:06:58 INFO StateJump BLUE.Ship.Ship.b_in.Comdev.Comdev[1]==>FREE
0.0 2026-08-09 18:06:58 INFO StateJump BLUE.Ship.Ship.b_in.Comdev.Comdev[1]==>WORK
0.0 2026-08-09 18:06:58 INFO StateJump BLUE.Ship.Ship.b_in.MotorTZB.ShipMotorTZB[1]==>FREE
0.0 2026-08-09 18:06:58 INFO StateJump BLUE.Ship.Ship.b_in.MotorTZB.ShipMotorTZB[1]==>MOVE
0.0 2026-08-09 18:06:58 INFO StateJump BLUE.Ship.Ship.b_in.Intelligence.QB[1]==>FREE
0.0 2026-08-09 18:06:58 INFO StateJump BLUE.Ship.Ship.b_in.Intelligence.QB[1]==>WORK
0.0 2026-08-09 18:06:58 INFO StateJump BLUE.Ship.Ship.b_out.Comdev.Comdev[1]==>FREE
0.0 2026-08-09 18:06:58 INFO StateJump BLUE.Ship.Ship.b_out.Comdev.Comdev[1]==>WORK
0.0 2026-08-09 18:06:58 INFO StateJump BLUE.Ship.Ship.b_out.MotorTZB.ShipMotorTZB[1]==>FREE
0.0 2026-08-09 18:06:58 INFO StateJump BLUE.Ship.Ship.b_out.MotorTZB.ShipMotorTZB[1]==>MOVE
0.0 2026-08-09 18:06:58 INFO StateJump BLUE.Ship.Ship.b_out.Intelligence.QB[1]==>FREE
0.0 2026-08-09 18:06:58 INFO StateJump BLUE.Ship.Ship.b_out.Intelligence.QB[1]==>WORK
0.0 2026-08-09 18:06:58 INFO StateJump JudgeSystem<140412074606400>==>WORK
2000.0 2026-08-09 18:07:00 INFO StateJump RED.Plane.AEW.wuav1.RadarWithGuider.RadarWithGuider[1]==>FREE
2000.0 2026-08-09 18:07:00 WARNING RED.Plane.AEW.wuav1.RadarWithGuider.RadarWithGuider[1]的状态在执行[WORK]状态动作时变为了[FREE], 建议尽量避免该种情况
12000.0 2026-08-09 18:07:10 INFO StateJump RED.Plane.AEW.wuav1.RadarWithGuider.RadarWithGuider[1]==>WORK
14000.0 2026-08-09 18:07:12 SENSOR Found[active][point] RED.Plane.AEW.wuav1.RadarWithGuider.RadarWithGuider[1] (100018.984,300000.054,0.000) BLUE.Ship.Ship.b_in (140000.000,308000.000,0.000)
16000.0 2026-08-09 18:07:14 SENSOR Found[active][track] RED.Plane.AEW.wuav1.RadarWithGuider.RadarWithGuider[1] (100077.984,300000.054,0.000) BLUE.Ship.Ship.b_in (140000.000,308000.000,0.000)
22000.0 2026-08-09 18:07:20 SENSOR Found[active][point] RED.Plane.AEW.wuav1.RadarWithGuider.RadarWithGuider[1] (100444.899,300120.969,0.000) BLUE.Ship.Ship.b_out (128000.000,322000.000,0.000)
24000.0 2026-08-09 18:07:22 SENSOR Found[active][track] RED.Plane.AEW.wuav1.RadarWithGuider.RadarWithGuider[1] (100599.756,300275.826,0.000) BLUE.Ship.Ship.b_out (128000.000,322000.000,0.000)
24000.0 2026-08-09 18:07:22 SENSOR Lost RED.Plane.AEW.wuav1.RadarWithGuider.RadarWithGuider[1] (100599.756,300275.826,0.000) BLUE.Ship.Ship.b_in (140000.000,308000.000,0.000)
