0.0 2026-08-09 22:09:52 INFO StateJump BLUE.Ship.Ship.b1.RadarWithGuider.RadarWithGuider[1]==>WORK
0.0 2026-08-09 22:09:52 SENSOR Found[active][point] BLUE.Ship.Ship.b1.RadarWithGuider.RadarWithGuider[1] (130000.000,300000.000,0.000) RED.Ship.Ship.w1 (105000.000,300000.000,0.000)
0.0 2026-08-09 22:09:52 INFO StateJump RED.Ship.Ship.w1.RadarWithGuider.RadarWithGuider[1]==>WORK
0.0 2026-08-09 22:09:52 SENSOR Found[active][point] RED.Ship.Ship.w1.RadarWithGuider.RadarWithGuider[1] (105000.000,300000.000,0.000) BLUE.Ship.Ship.b1 (130000.000,300000.000,0.000)
0.0 2026-08-09 22:09:52 INFO StateJump BLUE.Ship.Ship.b1.Locker.Locker[1]==>WORK
0.0 2026-08-09 22:09:52 INFO StateJump RED.Ship.Ship.w1.Locker.Locker[1]==>WORK
0.0 2026-08-09 22:09:52 INFO StateJump RED.Ship.Ship.w1.Comdev.Comdev[1]==>FREE
0.0 2026-08-09 22:09:52 INFO StateJump RED.Ship.Ship.w1.Comdev.Comdev[1]==>WORK
0.0 2026-08-09 22:09:52 INFO StateJump RED.Ship.Ship.w1.MotorTZB.ShipMotorTZB[1]==>FREE
0.0 2026-08-09 22:09:52 INFO StateJump RED.Ship.Ship.w1.MotorTZB.ShipMotorTZB[1]==>MOVE
0.0 2026-08-09 22:09:52 INFO StateJump RED.Ship.Ship.w1.Intelligence.QB[1]==>FREE
0.0 2026-08-09 22:09:52 INFO StateJump RED.Ship.Ship.w1.Intelligence.QB[1]==>WORK
0.0 2026-08-09 22:09:52 INFO StateJump BLUE.Ship.Ship.b1.Comdev.Comdev[1]==>FREE
0.0 2026-08-09 22:09:52 INFO StateJump BLUE.Ship.Ship.b1.Comdev.Comdev[1]==>WORK
0.0 2026-08-09 22:09:52 INFO StateJump BLUE.Ship.Ship.b1.MotorTZB.ShipMotorTZB[1]==>FREE
0.0 2026-08-09 22:09:52 INFO StateJump BLUE.Ship.Ship.b1.MotorTZB.ShipMotorTZB[1]==>MOVE
0.0 2026-08-09 22:09:52 INFO StateJump BLUE.Ship.Ship.b1.Intelligence.QB[1]==>FREE
0.0 2026-08-09 22:09:52 INFO StateJump BLUE.Ship.Ship.b1.Intelligence.QB[1]==>WORK
0.0 2026-08-09 22:09:52 INFO StateJump JudgeSystem<140655979222336>==>WORK
2000.0 2026-08-09 22:09:54 SENSOR Found[active][track] BLUE.Ship.Ship.b1.RadarWithGuider.RadarWithGuider[1] (130000.000,300020.000,0.000) RED.Ship.Ship.w1 (105020.000,300000.000,0.000)
2000.0 2026-08-09 22:09:54 SENSOR Found[active][track] RED.Ship.Ship.w1.RadarWithGuider.RadarWithGuider[1] (105020.000,300000.000,0.000) BLUE.Ship.Ship.b1 (130000.000,300020.000,0.000)
12000.0 2026-08-09 22:10:04 INFO StateJump BLUE.Ship.Ship.b1.Locker.Locker[1]==>DEAD
12000.0 2026-08-09 22:10:04 WARNING Inactive BLUE.Ship.Ship.b1.Locker.Locker[1] cannot change state to DEAD 
12000.0 2026-08-09 22:10:04 INFO StateJump BLUE.Ship.Ship.b1.MotorTZB.ShipMotorTZB[1]==>DEAD
12000.0 2026-08-09 22:10:04 INFO StateJump BLUE.Ship.Ship.b1.Comdev.Comdev[1]==>DEAD
12000.0 2026-08-09 22:10:04 INFO StateJump BLUE.Ship.Ship.b1.Intelligence.QB[1]==>DEAD
12000.0 2026-08-09 22:10:04 INFO StateJump BLUE.Ship.Ship.b1.RadarWithGuider.RadarWithGuider[1]==>DEAD
12000.0 2026-08-09 22:10:04 PHYSICS BeKilled BLUE.Ship.Ship.b1 (130000.00,300121.00,0.00)
