0.0 2026-08-09 18:09:14 INFO StateJump BLUE.Ship.Ship.b1.RadarWithGuider.RadarWithGuider[1]==>WORK
0.0 2026-08-09 18:09:14 INFO StateJump RED.Ship.Ship.w1.RadarWithGuider.RadarWithGuider[1]==>WORK
0.0 2026-08-09 18:09:14 INFO StateJump BLUE.Ship.Ship.b1.Locker.Locker[1]==>WORK
0.0 2026-08-09 18:09:14 INFO StateJump RED.Ship.Ship.w1.Locker.Locker[1]==>WORK
0.0 2026-08-09 18:09:14 INFO StateJump RED.Ship.Ship.w1.Comdev.Comdev[1]==>FREE
0.0 2026-08-09 18:09:14 INFO StateJump RED.Ship.Ship.w1.Comdev.Comdev[1]==>WORK
0.0 2026-08-09 18:09:14 INFO StateJump RED.Ship.Ship.w1.MotorTZB.ShipMotorTZB[1]==>FREE
0.0 2026-08-09 18:09:14 INFO StateJump RED.Ship.Ship.w1.MotorTZB.ShipMotorTZB[1]==>MOVE
0.0 2026-08-09 18:09:14 INFO StateJump RED.Ship.Ship.w1.Intelligence.QB[1]==>FREE
0.0 2026-08-09 18:09:14 INFO StateJump RED.Ship.Ship.w1.Intelligence.QB[1]==>WORK
0.0 2026-08-09 18:09:14 INFO StateJump BLUE.Ship.Ship.b1.Comdev.Comdev[1]==>FREE
0.0 2026-08-09 18:09:14 INFO StateJump BLUE.Ship.Ship.b1.Comdev.Comdev[1]==>WORK
0.0 2026-08-09 18:09:14 INFO StateJump BLUE.Ship.Ship.b1.MotorTZB.ShipMotorTZB[1]==>FREE
0.0 2026-08-09 18:09:14 INFO StateJump BLUE.Ship.Ship.b1.MotorTZB.ShipMotorTZB[1]==>MOVE
0.0 2026-08-09 18:09:14 INFO StateJump BLUE.Ship.Ship.b1.Intelligence.QB[1]==>FREE
0.0 2026-08-09 18:09:14 INFO StateJump BLUE.Ship.Ship.b1.Intelligence.QB[1]==>WORK
0.0 2026-08-09 18:09:14 INFO StateJump JudgeSystem<139848460936384>==>WORK
0.0 2026-08-09 18:09:14 INFO StateJump BLUE.Ship.Ship.b1.Locker.Locker[1]==>DEAD
0.0 2026-08-09 18:09:14 INFO StateJump BLUE.Ship.Ship.b1.MotorTZB.ShipMotorTZB[1]==>DEAD
0.0 2026-08-09 18:09:14 INFO StateJump BLUE.Ship.Ship.b1.RadarWithGuider.RadarWithGuider[1]==>DEAD
0.0 2026-08-09 18:09:14 WARNING Inactive BLUE.Ship.Ship.b1.Locker.Locker[1] cannot change state to DEAD 
0.0 2026-08-09 18:09:14 INFO StateJump BLUE.Ship.Ship.b1.Intelligence.QB[1]==>DEAD
0.0 2026-08-09 18:09:14 INFO StateJump BLUE.Ship.Ship.b1.Comdev.Comdev[1]==>DEAD
0.0 2026-08-09 18:09:14 PHYSICS BeKilled BLUE.Ship.Ship.b1 (49000.00,300000.00,0.00)
