========================================================================
HYBRID AGENT V5 — Variable-Cardinality Hierarchical Maritime Agent
  启用UAV: True | LLM_ENABLED: False
========================================================================
对局 9 开始
      [UAV RELAUNCH] white_uav3
      [UAV RELAUNCH] white_uav6
      [UAV RELAUNCH] white_uav9
      [UAV RELAUNCH] white_uav7
      [UAV RELAUNCH] white_uav5
      [UAV RELAUNCH] white_uav2
      [UAV RELAUNCH] white_uav4
      [UAV RELAUNCH] white_uav1
      [UAV RELAUNCH] white_uav10
      [UAV RELAUNCH] white_uav8
[t=224s] step=10 | MISSION=NORMAL_C | USV: 10/10 (avail=10 int=0 lock=0 frz=0) | UAV: air=10 rtb=0 chg=0 loiter=0 | TRACKS: vis=0 lost=0 engaged=0 | TOP:  | KILL=0 | ACTIONS=20 | INTENT: focus=2 ratio=0.20
  [INTENT APPLIED]
    ThreatAllocator: focus 2 emergency 3 reserve_ratio 0.20 reserve_usvs None bias breakthrough_eta
    UAVManager: mode search_and_reacquire uav_priority []
[t=485s] step=20 | MISSION=NORMAL_C | USV: 10/10 (avail=10 int=0 lock=0 frz=0) | UAV: air=10 rtb=0 chg=0 loiter=0 | TRACKS: vis=0 lost=0 engaged=0 | TOP:  | KILL=0 | ACTIONS=20 | INTENT: focus=2 ratio=0.20
[t=742s] step=30 | MISSION=NORMAL_C | USV: 10/10 (avail=10 int=0 lock=0 frz=0) | UAV: air=10 rtb=0 chg=0 loiter=0 | TRACKS: vis=0 lost=0 engaged=0 | TOP:  | KILL=0 | ACTIONS=20 | INTENT: focus=2 ratio=0.20
[t=1,003s] step=40 | MISSION=NORMAL_C | USV: 10/10 (avail=10 int=0 lock=0 frz=0) | UAV: air=10 rtb=0 chg=0 loiter=0 | TRACKS: vis=0 lost=0 engaged=0 | TOP:  | KILL=0 | ACTIONS=20 | INTENT: focus=2 ratio=0.20
[t=1,294s] step=50 | MISSION=NORMAL_C | USV: 10/10 (avail=10 int=0 lock=0 frz=0) | UAV: air=10 rtb=0 chg=0 loiter=0 | TRACKS: vis=0 lost=0 engaged=0 | TOP:  | KILL=0 | ACTIONS=20 | INTENT: focus=2 ratio=0.20
[t=1,587s] step=60 | MISSION=NORMAL_C | USV: 10/10 (avail=10 int=0 lock=0 frz=0) | UAV: air=10 rtb=0 chg=0 loiter=0 | TRACKS: vis=0 lost=0 engaged=0 | TOP:  | KILL=0 | ACTIONS=20 | INTENT: focus=2 ratio=0.20
      [DETECT] black_usv9
      [DETECT] black_usv7
      [DETECT] black_usv8
      [ASSIGN] white_usv3->black_usv7
      [ASSIGN] white_usv6->black_usv8
      [ASSIGN] white_usv7->black_usv9
      [ASSIGN] white_usv8->black_usv9
      [ASSIGN] white_usv10->black_usv8
      [ASSIGN] white_usv2->black_usv7
      [ASSIGN] white_usv9->black_usv7
      [ASSIGN] white_usv1->black_usv8
      [DETECT] black_usv6
      [DETECT] black_usv10
      [DETECT] black_usv13
      [DETECT] black_usv5
      [DETECT] black_usv2
      [DETECT] black_usv12
      [DETECT] black_usv15
      [DETECT] black_usv14
      [DETECT] black_usv4
      [DETECT] black_usv11
      [DETECT] black_usv16
      [DETECT] black_usv18
      [DETECT] black_usv19
      [ASSIGN] white_usv5->black_usv10
      [ASSIGN] white_usv4->black_usv19
[t=1,870s] step=70 | MISSION=NORMAL_C | USV: 10/10 (avail=2 int=8 lock=0 frz=0) | UAV: air=10 rtb=0 chg=0 loiter=0 | TRACKS: vis=16 lost=0 engaged=0 | TOP: black_usv13(x241,324) black_usv4(x241,339) black_usv12(x241,514) | KILL=0 | ACTIONS=20 | INTENT: focus=2 ratio=0.20
      [DETECT] black_usv1
      [DETECT] black_usv17
      [DETECT] black_usv3
      [DETECT] black_usv20
[t=2,103s] step=80 | MISSION=NORMAL_C | USV: 10/10 (avail=0 int=10 lock=0 frz=0) | UAV: air=10 rtb=0 chg=0 loiter=0 | TRACKS: vis=20 lost=0 engaged=0 | TOP: black_usv13(x238,993) black_usv4(x239,009) black_usv1(x239,020) | KILL=0 | ACTIONS=20 | INTENT: focus=2 ratio=0.20
[t=2,371s] step=90 | MISSION=NORMAL_C | USV: 10/10 (avail=0 int=10 lock=0 frz=0) | UAV: air=10 rtb=0 chg=0 loiter=0 | TRACKS: vis=20 lost=0 engaged=0 | TOP: black_usv13(x236,326) black_usv4(x236,345) black_usv1(x236,358) | KILL=0 | ACTIONS=20 | INTENT: focus=2 ratio=0.20
[t=2,636s] step=100 | MISSION=NORMAL_C | USV: 10/10 (avail=0 int=10 lock=0 frz=0) | UAV: air=10 rtb=0 chg=0 loiter=0 | TRACKS: vis=20 lost=0 engaged=0 | TOP: black_usv13(x233,683) black_usv4(x233,703) black_usv1(x233,718) | KILL=0 | ACTIONS=20 | INTENT: focus=2 ratio=0.20
[t=2,933s] step=110 | MISSION=NORMAL_C | USV: 10/10 (avail=0 int=10 lock=0 frz=0) | UAV: air=10 rtb=0 chg=0 loiter=0 | TRACKS: vis=20 lost=0 engaged=0 | TOP: black_usv13(x230,720) black_usv4(x230,743) black_usv1(x230,759) | KILL=0 | ACTIONS=20 | INTENT: focus=2 ratio=0.20
[t=3,226s] step=120 | MISSION=NORMAL_C | USV: 10/10 (avail=0 int=10 lock=0 frz=0) | UAV: air=10 rtb=0 chg=0 loiter=0 | TRACKS: vis=20 lost=0 engaged=0 | TOP: black_usv13(x227,797) black_usv4(x227,822) black_usv1(x227,840) | KILL=0 | ACTIONS=20 | INTENT: focus=2 ratio=0.20
[t=3,522s] step=130 | MISSION=NORMAL_C | USV: 10/10 (avail=0 int=10 lock=0 frz=0) | UAV: air=10 rtb=0 chg=0 loiter=0 | TRACKS: vis=20 lost=0 engaged=0 | TOP: black_usv13(x224,844) black_usv4(x224,871) black_usv1(x224,891) | KILL=0 | ACTIONS=20 | INTENT: focus=2 ratio=0.20
[t=3,817s] step=140 | MISSION=NORMAL_C | USV: 10/10 (avail=0 int=10 lock=0 frz=0) | UAV: air=10 rtb=0 chg=0 loiter=0 | TRACKS: vis=20 lost=0 engaged=0 | TOP: black_usv13(x221,894) black_usv4(x221,925) black_usv1(x221,945) | KILL=0 | ACTIONS=20 | INTENT: focus=2 ratio=0.20
[t=4,106s] step=150 | MISSION=NORMAL_C | USV: 10/10 (avail=0 int=10 lock=0 frz=0) | UAV: air=10 rtb=0 chg=0 loiter=0 | TRACKS: vis=20 lost=0 engaged=0 | TOP: black_usv13(x219,017) black_usv4(x219,050) black_usv1(x219,072) | KILL=0 | ACTIONS=20 | INTENT: focus=2 ratio=0.20
[t=4,400s] step=160 | MISSION=NORMAL_C | USV: 10/10 (avail=0 int=10 lock=0 frz=0) | UAV: air=10 rtb=0 chg=0 loiter=0 | TRACKS: vis=14 lost=6 engaged=0 | TOP: black_usv13(x216,084) black_usv4(x216,119) black_usv1(x216,143) | KILL=0 | ACTIONS=20 | INTENT: focus=2 ratio=0.20
[t=4,688s] step=170 | MISSION=NORMAL_C | USV: 10/10 (avail=0 int=10 lock=0 frz=0) | UAV: air=10 rtb=0 chg=0 loiter=0 | TRACKS: vis=20 lost=0 engaged=0 | TOP: black_usv13(x213,211) black_usv4(x213,248) black_usv20(x213,374) | KILL=0 | ACTIONS=20 | INTENT: focus=2 ratio=0.20
[t=4,966s] step=180 | MISSION=NORMAL_C | USV: 10/10 (avail=0 int=10 lock=0 frz=0) | UAV: air=10 rtb=0 chg=0 loiter=0 | TRACKS: vis=20 lost=0 engaged=0 | TOP: black_usv13(x210,438) black_usv4(x210,477) black_usv20(x210,610) | KILL=0 | ACTIONS=20 | INTENT: focus=2 ratio=0.20
[t=5,256s] step=190 | MISSION=NORMAL_C | USV: 10/10 (avail=0 int=10 lock=0 frz=0) | UAV: air=10 rtb=0 chg=0 loiter=0 | TRACKS: vis=18 lost=2 engaged=0 | TOP: black_usv13(x207,545) black_usv4(x207,586) black_usv20(x207,727) | KILL=0 | ACTIONS=20 | INTENT: focus=2 ratio=0.20
[t=5,547s] step=200 | MISSION=NORMAL_C | USV: 10/10 (avail=0 int=10 lock=0 frz=0) | UAV: air=10 rtb=0 chg=0 loiter=0 | TRACKS: vis=20 lost=0 engaged=0 | TOP: black_usv13(x204,641) black_usv4(x204,685) black_usv20(x204,834) | KILL=0 | ACTIONS=20 | INTENT: focus=2 ratio=0.20
[t=5,837s] step=210 | MISSION=NORMAL_C | USV: 10/10 (avail=0 int=10 lock=0 frz=0) | UAV: air=10 rtb=0 chg=0 loiter=0 | TRACKS: vis=20 lost=0 engaged=0 | TOP: black_usv4(x201,794) black_usv20(x201,951) black_usv12(x202,339) | KILL=0 | ACTIONS=20 | INTENT: focus=2 ratio=0.20
[t=6,137s] step=220 | MISSION=NORMAL_C | USV: 10/10 (avail=0 int=10 lock=0 frz=0) | UAV: air=10 rtb=0 chg=0 loiter=0 | TRACKS: vis=20 lost=0 engaged=0 | TOP: black_usv4(x198,804) black_usv20(x198,968) black_usv12(x199,376) | KILL=0 | ACTIONS=20 | INTENT: focus=2 ratio=0.20
[t=6,424s] step=230 | MISSION=NORMAL_C | USV: 10/10 (avail=0 int=10 lock=0 frz=0) | UAV: air=10 rtb=0 chg=0 loiter=0 | TRACKS: vis=19 lost=1 engaged=0 | TOP: black_usv4(x195,943) black_usv20(x196,115) black_usv12(x196,542) | KILL=0 | ACTIONS=20 | INTENT: focus=2 ratio=0.20
[t=6,716s] step=240 | MISSION=NORMAL_C | USV: 10/10 (avail=0 int=10 lock=0 frz=0) | UAV: air=10 rtb=0 chg=0 loiter=0 | TRACKS: vis=18 lost=2 engaged=0 | TOP: black_usv4(x193,032) black_usv20(x193,212) black_usv12(x193,659) | KILL=0 | ACTIONS=20 | INTENT: focus=2 ratio=0.20
[t=6,969s] step=250 | MISSION=NORMAL_C | USV: 10/10 (avail=0 int=10 lock=0 frz=0) | UAV: air=10 rtb=0 chg=0 loiter=0 | TRACKS: vis=20 lost=0 engaged=0 | TOP: black_usv4(x190,511) black_usv20(x190,698) black_usv12(x191,161) | KILL=0 | ACTIONS=20 | INTENT: focus=2 ratio=0.20
[t=7,183s] step=260 | MISSION=NORMAL_C | USV: 10/10 (avail=0 int=10 lock=0 frz=0) | UAV: air=10 rtb=0 chg=0 loiter=0 | TRACKS: vis=20 lost=0 engaged=0 | TOP: black_usv4(x188,378) black_usv20(x188,570) black_usv12(x189,048) | KILL=0 | ACTIONS=20 | INTENT: focus=2 ratio=0.20
      [ASSIGN] white_usv3->black_usv10(机会锁定)
      [ASSIGN] white_usv6->black_usv10(机会锁定)
      [ASSIGN] white_usv7->black_usv12(机会锁定)
      [ASSIGN] white_usv8->black_usv10(机会锁定)
      [ASSIGN] white_usv2->black_usv12(机会锁定)
      [ASSIGN] white_usv1->black_usv9(机会锁定)
      [ASSIGN] white_usv9->black_usv8(机会锁定)
      [ASSIGN] white_usv10->black_usv13(机会锁定)
      [ASSIGN] white_usv4->black_usv14(机会锁定)
[t=7,501s] step=270 | MISSION=NORMAL_C | USV: 10/10 (avail=0 int=2 lock=8 frz=0) | UAV: air=10 rtb=0 chg=0 loiter=0 | TRACKS: vis=20 lost=0 engaged=4 | TOP: black_usv4(x185,207) black_usv20(x185,408) black_usv14(x185,934) | KILL=0 | ACTIONS=20 | INTENT: focus=2 ratio=0.20
      [ASSIGN] white_usv3->black_usv7(机会锁定)
      [ASSIGN] white_usv6->black_usv7(机会锁定)
      [ASSIGN] white_usv8->black_usv7(机会锁定)
      [ASSIGN] white_usv5->black_usv7(机会锁定)
      [ASSIGN] white_usv7->black_usv10(机会锁定)
      [ASSIGN] white_usv2->black_usv10(机会锁定)
      [ASSIGN] white_usv7->black_usv12(机会锁定)
      [ASSIGN] white_usv2->black_usv12(机会锁定)
      [ASSIGN] white_usv1->black_usv12(机会锁定)
      [ASSIGN] white_usv9->black_usv9(机会锁定)
      [ASSIGN] white_usv10->black_usv8(机会锁定)
      [ASSIGN] white_usv4->black_usv19(机会锁定)
[t=7,820s] step=280 | MISSION=NORMAL_C | USV: 10/10 (avail=0 int=2 lock=8 frz=0) | UAV: air=10 rtb=0 chg=0 loiter=0 | TRACKS: vis=19 lost=1 engaged=3 | TOP: black_usv19(x181,960) black_usv4(x182,027) black_usv20(x182,236) | KILL=1 | ACTIONS=20 | INTENT: focus=2 ratio=0.20
      [ASSIGN] white_usv3->black_usv10(机会锁定)
      [ASSIGN] white_usv6->black_usv10(机会锁定)
      [ASSIGN] white_usv8->black_usv10(机会锁定)
      [ASSIGN] white_usv3->black_usv18(机会锁定)
      [ASSIGN] white_usv6->black_usv13(机会锁定)
      [ASSIGN] white_usv8->black_usv18(机会锁定)
      [ASSIGN] white_usv5->black_usv18(机会锁定)
      [ASSIGN] white_usv7->black_usv10(机会锁定)
      [ASSIGN] white_usv2->black_usv10(机会锁定)
      [ASSIGN] white_usv1->black_usv10(机会锁定)
      [ASSIGN] white_usv7->black_usv12(机会锁定)
      [ASSIGN] white_usv2->black_usv12(机会锁定)
      [ASSIGN] white_usv9->black_usv7(机会锁定)
      [ASSIGN] white_usv1->black_usv12(机会锁定)
      [ASSIGN] white_usv7->black_usv9(机会锁定)
      [ASSIGN] white_usv10->black_usv9(机会锁定)
      [ASSIGN] white_usv2->black_usv9(机会锁定)
      [ASSIGN] white_usv9->black_usv9(机会锁定)
      [ASSIGN] white_usv1->black_usv9(机会锁定)
      [ASSIGN] white_usv4->black_usv15(机会锁定)
[t=8,142s] step=290 | MISSION=NORMAL_C | USV: 9/10 (avail=0 int=6 lock=3 frz=0) | UAV: air=10 rtb=0 chg=0 loiter=0 | TRACKS: vis=20 lost=0 engaged=2 | TOP: black_usv4(x178,817) black_usv20(x179,035) black_usv15(x180,252) | KILL=3 | ACTIONS=19 | INTENT: focus=2 ratio=0.20
      [KILL] black_usv10
      [ASSIGN] white_usv6->black_usv8(机会锁定)
      [ASSIGN] white_usv8->black_usv13(机会锁定)
[t=8,431s] step=300 | MISSION=NORMAL_C | USV: 5/10 (avail=0 int=0 lock=5 frz=0) | UAV: air=10 rtb=0 chg=0 loiter=0 | TRACKS: vis=19 lost=0 engaged=4 | TOP: black_usv4(x175,936) black_usv20(x176,162) black_usv6(x177,247) | KILL=4 | ACTIONS=15 | INTENT: focus=2 ratio=0.20
      [ASSIGN] white_usv10->black_usv14(机会锁定)
      [ASSIGN] white_usv9->black_usv14(机会锁定)
      [ASSIGN] white_usv4->black_usv14(机会锁定)
      [KILL] black_usv7
      [KILL] black_usv12
      [ASSIGN] white_usv6->black_usv9(机会锁定)
      [ASSIGN] white_usv6->black_usv8(机会锁定)
      [ASSIGN] white_usv8->black_usv8(机会锁定)
[t=8,716s] step=310 | MISSION=NORMAL_C | USV: 5/10 (avail=0 int=2 lock=3 frz=0) | UAV: air=10 rtb=0 chg=0 loiter=0 | TRACKS: vis=16 lost=1 engaged=1 | TOP: black_usv4(x173,095) black_usv20(x173,329) black_usv15(x174,598) | KILL=7 | ACTIONS=15 | INTENT: focus=2 ratio=0.20
      [ASSIGN] white_usv6->black_usv9(机会锁定)
      [ASSIGN] white_usv6->black_usv8(机会锁定)
      [ASSIGN] white_usv6->black_usv9(机会锁定)
      [ASSIGN] white_usv10->black_usv13(机会锁定)
      [ASSIGN] white_usv9->black_usv13(机会锁定)
      [ASSIGN] white_usv4->black_usv15(机会锁定)
      [ASSIGN] white_usv6->black_usv8(机会锁定)
      [ASSIGN] white_usv10->black_usv8(机会锁定)
      [ASSIGN] white_usv9->black_usv8(机会锁定)
      [ASSIGN] white_usv6->black_usv9(机会锁定)
      [ASSIGN] white_usv10->black_usv14(机会锁定)
      [ASSIGN] white_usv9->black_usv13(机会锁定)
      [ASSIGN] white_usv6->black_usv8(机会锁定)
      [ASSIGN] white_usv10->black_usv8(机会锁定)
      [ASSIGN] white_usv6->black_usv9(机会锁定)
      [ASSIGN] white_usv10->black_usv14(机会锁定)
      [KILL] black_usv18
      [ASSIGN] white_usv6->black_usv5(机会锁定)
      [ASSIGN] white_usv10->black_usv8(机会锁定)
      [ASSIGN] white_usv10->black_usv14(机会锁定)
      [ASSIGN] white_usv10->black_usv8(机会锁定)
[t=9,039s] step=320 | MISSION=NORMAL_C | USV: 3/10 (avail=0 int=1 lock=2 frz=0) | UAV: air=10 rtb=0 chg=0 loiter=0 | TRACKS: vis=16 lost=0 engaged=2 | TOP: black_usv4(x169,875) black_usv20(x170,117) black_usv6(x171,280) | KILL=8 | ACTIONS=13 | INTENT: focus=2 ratio=0.20
      [ASSIGN] white_usv10->black_usv14(机会锁定)
      [KILL] black_usv9
      [ASSIGN] white_usv10->black_usv8(机会锁定)
      [ASSIGN] white_usv10->black_usv16(机会锁定)
      [ASSIGN] white_usv4->black_usv19(机会锁定)
      [ASSIGN] white_usv10->black_usv8(机会锁定)
      [KILL] black_usv8
      [ASSIGN] white_usv6->black_usv4(机会锁定)
      [RELEASE] white_usv10->black_usv8(目标失效)
      [ASSIGN] white_usv10->black_usv16(机会锁定)
      [KILL] black_usv13
[t=9,369s] step=330 | MISSION=NORMAL_C | USV: 3/10 (avail=0 int=0 lock=3 frz=0) | UAV: air=10 rtb=0 chg=0 loiter=0 | TRACKS: vis=13 lost=0 engaged=3 | TOP: black_usv20(x166,833) black_usv6(x168,037) black_usv1(x169,139) | KILL=8 | ACTIONS=13 | INTENT: focus=2 ratio=0.20
      [KILL] black_usv14
      [ASSIGN] white_usv4->black_usv15(机会锁定)
      [ASSIGN] white_usv6->black_usv5(机会锁定)
      [ASSIGN] white_usv10->black_usv5(机会锁定)
[t=9,697s] step=340 | MISSION=NORMAL_C | USV: 3/10 (avail=0 int=0 lock=3 frz=0) | UAV: air=10 rtb=0 chg=0 loiter=0 | TRACKS: vis=12 lost=0 engaged=2 | TOP: black_usv20(x163,576) black_usv4(x164,273) black_usv6(x164,823) | KILL=9 | ACTIONS=13 | INTENT: focus=2 ratio=0.20
      [ASSIGN] white_usv4->black_usv19(机会锁定)
      [ASSIGN] white_usv4->black_usv15(机会锁定)
      [ASSIGN] white_usv6->black_usv16(机会锁定)
      [ASSIGN] white_usv10->black_usv16(机会锁定)
[t=10,042s] step=350 | MISSION=NORMAL_C | USV: 3/10 (avail=0 int=0 lock=3 frz=0) | UAV: air=10 rtb=0 chg=0 loiter=0 | TRACKS: vis=12 lost=0 engaged=2 | TOP: black_usv20(x160,146) black_usv6(x161,438) black_usv4(x162,877) | KILL=10 | ACTIONS=13 | INTENT: focus=2 ratio=0.20
      [KILL] black_usv19
      [ASSIGN] white_usv4->black_usv20(机会锁定)
      [ASSIGN] white_usv6->black_usv4(机会锁定)
      [ASSIGN] white_usv10->black_usv5(机会锁定)
      [ASSIGN] white_usv10->black_usv16(机会锁定)
      [ASSIGN] white_usv10->black_usv5(机会锁定)
[t=10,382s] step=360 | MISSION=NORMAL_C | USV: 3/10 (avail=0 int=1 lock=2 frz=0) | UAV: air=10 rtb=0 chg=0 loiter=0 | TRACKS: vis=11 lost=0 engaged=2 | TOP: black_usv6(x158,101) black_usv1(x159,208) black_usv15(x163,467) | KILL=12 | ACTIONS=13 | INTENT: focus=2 ratio=0.20
      [ASSIGN] white_usv10->black_usv16(机会锁定)
      [ASSIGN] white_usv10->black_usv5(机会锁定)
      [ASSIGN] white_usv10->black_usv16(机会锁定)
      [ASSIGN] white_usv4->black_usv15(机会锁定)
      [ASSIGN] white_usv4->black_usv20(机会锁定)
      [KILL] black_usv5
      [ASSIGN] white_usv6->black_usv6(机会锁定)
      [ASSIGN] white_usv10->black_usv4(机会锁定)
      [ASSIGN] white_usv10->black_usv16(机会锁定)
[t=10,756s] step=370 | MISSION=NORMAL_C | USV: 3/10 (avail=0 int=1 lock=2 frz=0) | UAV: air=10 rtb=0 chg=0 loiter=0 | TRACKS: vis=10 lost=0 engaged=2 | TOP: black_usv1(x155,540) black_usv15(x163,467) black_usv3(x160,991) | KILL=13 | ACTIONS=13 | INTENT: focus=2 ratio=0.20
      [KILL] black_usv15
      [ASSIGN] white_usv10->black_usv4(机会锁定)
      [ASSIGN] white_usv10->black_usv16(机会锁定)
      [ASSIGN] white_usv4->black_usv17(机会锁定)
      [ASSIGN] white_usv10->black_usv4(机会锁定)
      [KILL] black_usv16
      [ASSIGN] white_usv10->black_usv2(机会锁定)
      [ASSIGN] white_usv6->black_usv4(机会锁定)
      [ASSIGN] white_usv6->black_usv6(机会锁定)
      [ASSIGN] white_usv4->black_usv20(机会锁定)
[t=11,176s] step=380 | MISSION=NORMAL_C | USV: 3/10 (avail=0 int=1 lock=2 frz=0) | UAV: air=10 rtb=0 chg=0 loiter=0 | TRACKS: vis=7 lost=1 engaged=2 | TOP: black_usv1(x151,421) black_usv20(x155,150) black_usv4(x157,085) | KILL=14 | ACTIONS=13 | INTENT: focus=2 ratio=0.20
      [ASSIGN] white_usv4->black_usv17(机会锁定)
      [KILL] black_usv4
      [ASSIGN] white_usv6->black_usv2(机会锁定)
      [KILL] black_usv20
[t=11,560s] step=390 | MISSION=NORMAL_C | USV: 3/10 (avail=0 int=1 lock=2 frz=0) | UAV: air=10 rtb=0 chg=0 loiter=0 | TRACKS: vis=5 lost=1 engaged=1 | TOP: black_usv1(x147,655) black_usv6(x149,357) black_usv3(x153,591) | KILL=15 | ACTIONS=13 | INTENT: focus=2 ratio=0.20
      [ASSIGN] white_usv10->black_usv17(机会锁定)
      [ASSIGN] white_usv10->black_usv2(机会锁定)
      [ASSIGN] white_usv4->black_usv2(机会锁定)
      [ASSIGN] white_usv10->black_usv17(机会锁定)
      [ASSIGN] white_usv4->black_usv17(机会锁定)
      [ASSIGN] white_usv10->black_usv2(机会锁定)
      [ASSIGN] white_usv4->black_usv2(机会锁定)
      [ASSIGN] white_usv4->black_usv17(机会锁定)
      [ASSIGN] white_usv4->black_usv2(机会锁定)
[t=12,045s] step=400 | MISSION=NORMAL_C | USV: 2/10 (avail=0 int=2 lock=0 frz=0) | UAV: air=10 rtb=0 chg=0 loiter=0 | TRACKS: vis=6 lost=0 engaged=0 | TOP: black_usv1(x142,898) black_usv6(x144,513) black_usv3(x149,128) | KILL=16 | ACTIONS=12 | INTENT: focus=2 ratio=0.20
      [ASSIGN] white_usv10->black_usv17(机会锁定)
      [KILL] black_usv17
      [RELEASE] white_usv10->black_usv17(目标失效)
      [ASSIGN] white_usv10->black_usv2(机会锁定)
      [KILL] black_usv2
      [RELEASE] white_usv10->black_usv2(目标失效)
      [RELEASE] white_usv4->black_usv2(目标失效)
      [ASSIGN] white_usv4->black_usv6(机会锁定)
      [ASSIGN] white_usv10->black_usv6(机会锁定)
[t=12,519s] step=410 | MISSION=NORMAL_C | USV: 2/10 (avail=0 int=0 lock=2 frz=0) | UAV: air=10 rtb=0 chg=0 loiter=0 | TRACKS: vis=4 lost=0 engaged=1 | TOP: black_usv1(x138,249) black_usv3(x144,765) black_usv11(x157,675) | KILL=16 | ACTIONS=12 | INTENT: focus=2 ratio=0.20
[t=12,984s] step=420 | MISSION=NORMAL_C | USV: 2/10 (avail=0 int=2 lock=0 frz=0) | UAV: air=10 rtb=0 chg=0 loiter=0 | TRACKS: vis=3 lost=0 engaged=0 | TOP: black_usv1(x133,688) black_usv11(x153,298) black_usv6(x136,084) | KILL=17 | ACTIONS=12 | INTENT: focus=2 ratio=0.20
[t=13,496s] step=430 | MISSION=NORMAL_C | USV: 2/10 (avail=0 int=2 lock=0 frz=0) | UAV: air=10 rtb=0 chg=0 loiter=0 | TRACKS: vis=2 lost=1 engaged=0 | TOP: black_usv1(x128,667) black_usv11(x148,479) black_usv6(x136,084) | KILL=17 | ACTIONS=12 | INTENT: focus=2 ratio=0.20
      [KILL] black_usv6
      [RELEASE] white_usv10->black_usv6(目标失效)
      [RELEASE] white_usv4->black_usv6(目标失效)
      [ASSIGN] white_usv10->black_usv1
      [ASSIGN] white_usv4->black_usv11
[t=13,996s] step=440 | MISSION=NORMAL_C | USV: 2/10 (avail=0 int=2 lock=0 frz=0) | UAV: air=10 rtb=0 chg=0 loiter=0 | TRACKS: vis=1 lost=1 engaged=0 | TOP: black_usv1(x123,703) black_usv11(x144,367) | KILL=17 | ACTIONS=12 | INTENT: focus=2 ratio=0.20
[t=14,485s] step=450 | MISSION=NORMAL_C | USV: 2/10 (avail=0 int=2 lock=0 frz=0) | UAV: air=10 rtb=0 chg=0 loiter=0 | TRACKS: vis=1 lost=1 engaged=0 | TOP: black_usv1(x118,835) black_usv11(x140,499) | KILL=17 | ACTIONS=12 | INTENT: focus=2 ratio=0.20
[t=14,999s] step=460 | MISSION=NORMAL_C | USV: 2/10 (avail=0 int=0 lock=2 frz=0) | UAV: air=10 rtb=0 chg=0 loiter=0 | TRACKS: vis=2 lost=0 engaged=2 | TOP: black_usv1(x114,663) black_usv11(x136,434) | KILL=17 | ACTIONS=12 | INTENT: focus=2 ratio=0.20
[t=15,554s] step=470 | MISSION=NORMAL_C | USV: 2/10 (avail=0 int=2 lock=0 frz=0) | UAV: air=10 rtb=0 chg=0 loiter=0 | TRACKS: vis=2 lost=0 engaged=0 | TOP: black_usv1(x114,015) black_usv11(x135,437) | KILL=19 | ACTIONS=12 | INTENT: focus=2 ratio=0.20
      [KILL] black_usv1
      [RELEASE] white_usv10->black_usv1(目标失效)
      [ASSIGN] white_usv10->black_usv11
      [KILL] black_usv11
      [RELEASE] white_usv10->black_usv11(目标失效)
      [RELEASE] white_usv4->black_usv11(目标失效)
[t=16,145s] step=480 | MISSION=NORMAL_C | USV: 2/10 (avail=0 int=2 lock=0 frz=0) | UAV: air=10 rtb=0 chg=0 loiter=0 | TRACKS: vis=0 lost=0 engaged=0 | TOP:  | KILL=19 | ACTIONS=12 | INTENT: focus=2 ratio=0.20
[t=16,744s] step=490 | MISSION=GLOBAL_R | USV: 2/10 (avail=2 int=0 lock=0 frz=0) | UAV: air=10 rtb=0 chg=0 loiter=0 | TRACKS: vis=0 lost=0 engaged=0 | TOP:  | KILL=19 | ACTIONS=12 | INTENT: focus=2 ratio=0.20
      [DETECT] black_usv3
      [ASSIGN] white_usv10->black_usv3
      [ASSIGN] white_usv4->black_usv3
      [RELEASE] white_usv10->black_usv3(目标失效)
      [RELEASE] white_usv4->black_usv3(目标失效)
[t=17,394s] step=500 | MISSION=GLOBAL_R | USV: 2/10 (avail=2 int=0 lock=0 frz=0) | UAV: air=10 rtb=0 chg=0 loiter=0 | TRACKS: vis=0 lost=0 engaged=0 | TOP:  | KILL=19 | ACTIONS=12 | INTENT: focus=2 ratio=0.20
      [DETECT] black_usv3
      [ASSIGN] white_usv10->black_usv3
      [ASSIGN] white_usv4->black_usv3
      [RELEASE] white_usv10->black_usv3(目标失效)
      [RELEASE] white_usv4->black_usv3(目标失效)
[t=17,998s] step=510 | MISSION=GLOBAL_R | USV: 2/10 (avail=2 int=0 lock=0 frz=0) | UAV: air=10 rtb=0 chg=0 loiter=0 | TRACKS: vis=0 lost=0 engaged=0 | TOP:  | KILL=19 | ACTIONS=12 | INTENT: focus=2 ratio=0.20
      [DETECT] black_usv3
      [ASSIGN] white_usv10->black_usv3
      [ASSIGN] white_usv4->black_usv3
[t=18,622s] step=520 | MISSION=NORMAL_C | USV: 2/10 (avail=0 int=2 lock=0 frz=0) | UAV: air=10 rtb=0 chg=0 loiter=0 | TRACKS: vis=0 lost=1 engaged=0 | TOP: black_usv3(x88,597) | KILL=19 | ACTIONS=12 | INTENT: focus=2 ratio=0.20
      [RELEASE] white_usv10->black_usv3(目标失效)
      [RELEASE] white_usv4->black_usv3(目标失效)
[t=19,252s] step=530 | MISSION=GLOBAL_R | USV: 2/10 (avail=2 int=0 lock=0 frz=0) | UAV: air=10 rtb=0 chg=0 loiter=0 | TRACKS: vis=0 lost=0 engaged=0 | TOP:  | KILL=19 | ACTIONS=12 | INTENT: focus=2 ratio=0.20
      [DETECT] black_usv3
      [ASSIGN] white_usv10->black_usv3
      [ASSIGN] white_usv4->black_usv3
[t=19,683s] step=540 | MISSION=NORMAL_C | USV: 2/10 (avail=0 int=2 lock=0 frz=0) | UAV: air=10 rtb=0 chg=0 loiter=0 | TRACKS: vis=0 lost=1 engaged=0 | TOP: black_usv3(x78,833) | KILL=19 | ACTIONS=12 | INTENT: focus=2 ratio=0.20
      [RELEASE] white_usv10->black_usv3(目标失效)
      [RELEASE] white_usv4->black_usv3(目标失效)
[t=19,940s] step=550 | MISSION=NORMAL_C | USV: 2/10 (avail=2 int=0 lock=0 frz=0) | UAV: air=10 rtb=0 chg=0 loiter=0 | TRACKS: vis=0 lost=0 engaged=0 | TOP:  | KILL=19 | ACTIONS=12 | INTENT: focus=2 ratio=0.20
[t=20,198s] step=560 | MISSION=GLOBAL_R | USV: 2/10 (avail=2 int=0 lock=0 frz=0) | UAV: air=10 rtb=0 chg=0 loiter=0 | TRACKS: vis=0 lost=0 engaged=0 | TOP:  | KILL=19 | ACTIONS=12 | INTENT: focus=2 ratio=0.20
      [DETECT] black_usv3
      [ASSIGN] white_usv10->black_usv3
      [ASSIGN] white_usv4->black_usv3
[t=20,452s] step=570 | MISSION=NORMAL_C | USV: 2/10 (avail=0 int=2 lock=0 frz=0) | UAV: air=10 rtb=0 chg=0 loiter=0 | TRACKS: vis=1 lost=0 engaged=0 | TOP: black_usv3(x71,755) | KILL=19 | ACTIONS=12 | INTENT: focus=2 ratio=0.20
[t=20,705s] step=580 | MISSION=NORMAL_C | USV: 2/10 (avail=0 int=2 lock=0 frz=0) | UAV: air=10 rtb=0 chg=0 loiter=0 | TRACKS: vis=0 lost=1 engaged=0 | TOP: black_usv3(x69,427) | KILL=19 | ACTIONS=12 | INTENT: focus=2 ratio=0.20
      [RELEASE] white_usv10->black_usv3(目标失效)
      [RELEASE] white_usv4->black_usv3(目标失效)
[t=20,945s] step=590 | MISSION=GLOBAL_R | USV: 2/10 (avail=2 int=0 lock=0 frz=0) | UAV: air=10 rtb=0 chg=0 loiter=0 | TRACKS: vis=0 lost=0 engaged=0 | TOP:  | KILL=19 | ACTIONS=12 | INTENT: focus=2 ratio=0.20
[t=21,176s] step=600 | MISSION=GLOBAL_R | USV: 2/10 (avail=2 int=0 lock=0 frz=0) | UAV: air=10 rtb=0 chg=0 loiter=0 | TRACKS: vis=0 lost=0 engaged=0 | TOP:  | KILL=19 | ACTIONS=12 | INTENT: focus=2 ratio=0.20
      [DETECT] black_usv3
      [ASSIGN] white_usv10->black_usv3
      [ASSIGN] white_usv4->black_usv3
[t=21,430s] step=610 | MISSION=NORMAL_C | USV: 2/10 (avail=0 int=2 lock=0 frz=0) | UAV: air=10 rtb=0 chg=0 loiter=0 | TRACKS: vis=0 lost=1 engaged=0 | TOP: black_usv3(x62,751) | KILL=19 | ACTIONS=12 | INTENT: focus=2 ratio=0.20
      [RELEASE] white_usv10->black_usv3(目标失效)
      [RELEASE] white_usv4->black_usv3(目标失效)
[t=21,683s] step=620 | MISSION=NORMAL_C | USV: 2/10 (avail=0 int=2 lock=0 frz=0) | UAV: air=10 rtb=0 chg=0 loiter=0 | TRACKS: vis=0 lost=0 engaged=0 | TOP:  | KILL=19 | ACTIONS=12 | INTENT: focus=2 ratio=0.20
[t=21,933s] step=630 | MISSION=GLOBAL_R | USV: 2/10 (avail=2 int=0 lock=0 frz=0) | UAV: air=10 rtb=0 chg=0 loiter=0 | TRACKS: vis=0 lost=0 engaged=0 | TOP:  | KILL=19 | ACTIONS=12 | INTENT: focus=2 ratio=0.20
      [UAV RTB] white_uav10(电量2936<2640+300)
[t=22,180s] step=640 | MISSION=GLOBAL_R | USV: 2/10 (avail=2 int=0 lock=0 frz=0) | UAV: air=9 rtb=1 chg=0 loiter=0 | TRACKS: vis=0 lost=0 engaged=0 | TOP:  | KILL=19 | ACTIONS=12 | INTENT: focus=2 ratio=0.20
      [DETECT] black_usv3
      [ASSIGN] white_usv10->black_usv3
      [ASSIGN] white_usv4->black_usv3
[t=22,426s] step=650 | MISSION=NORMAL_C | USV: 2/10 (avail=0 int=2 lock=0 frz=0) | UAV: air=9 rtb=1 chg=0 loiter=0 | TRACKS: vis=0 lost=1 engaged=0 | TOP: black_usv3(x53,581) | KILL=19 | ACTIONS=12 | INTENT: focus=2 ratio=0.20
      [RELEASE] white_usv10->black_usv3(目标失效)
      [RELEASE] white_usv4->black_usv3(目标失效)
[t=22,666s] step=660 | MISSION=NORMAL_C | USV: 2/10 (avail=2 int=0 lock=0 frz=0) | UAV: air=9 rtb=1 chg=0 loiter=0 | TRACKS: vis=0 lost=0 engaged=0 | TOP:  | KILL=19 | ACTIONS=12 | INTENT: focus=2 ratio=0.20

========================================================================
对局结果: Result.Victory — 敌方所有单位被击毁
  击杀蓝舰: 20 | 命中: 38 | 我方USV损失: 8 | UAV损失: 0 | 突破: 1
[META] result=Result.Victory victory_time=22995 first_detection=1841 first_lock=7401 first_kill=8298 enemy_kills=20 friendly_usv_losses=8 friendly_uav_losses=0 black_breakthrough=1 reacquire_attempts=129 reacquire_success=128 sensor_assisted_locks=60 low_conf_commitments=0 global_reacquire_entries=8 global_reacquire_success=7 coverage_collapse_events=1 active_clusters_max=1 coverage_quality_final=0.31 commander_source=default_intent commander_calls=0 commander_changes=0 commander_no_change=0 commander_parse_failures=0 commander_api_failures=0 commander_policy_failures=0 commander_avg_latency=0.0
Done
