========================================================================
HYBRID AGENT V5 — Variable-Cardinality Hierarchical Maritime Agent
  启用UAV: True | LLM_ENABLED: False
========================================================================
对局 10 开始
      [UAV RELAUNCH] white_uav9
      [UAV RELAUNCH] white_uav3
      [UAV RELAUNCH] white_uav2
      [UAV RELAUNCH] white_uav5
      [UAV RELAUNCH] white_uav6
      [UAV RELAUNCH] white_uav8
      [UAV RELAUNCH] white_uav1
      [UAV RELAUNCH] white_uav4
      [UAV RELAUNCH] white_uav7
      [UAV RELAUNCH] white_uav10
[t=259s] step=10 | MISSION=NORMAL_C | USV: 10/10 (avail=10 int=0 lock=0 frz=0) | UAV: air=10 rtb=0 chg=0 loiter=0 | TRACKS: vis=0 lost=0 engaged=0 | TOP:  | KILL=0 | ACTIONS=20 | INTENT: focus=2 ratio=0.20
  [INTENT APPLIED]
    ThreatAllocator: focus 2 emergency 3 reserve_ratio 0.20 reserve_usvs None bias breakthrough_eta
    UAVManager: mode search_and_reacquire uav_priority []
[t=554s] step=20 | MISSION=NORMAL_C | USV: 10/10 (avail=10 int=0 lock=0 frz=0) | UAV: air=10 rtb=0 chg=0 loiter=0 | TRACKS: vis=0 lost=0 engaged=0 | TOP:  | KILL=0 | ACTIONS=20 | INTENT: focus=2 ratio=0.20
[t=831s] step=30 | MISSION=NORMAL_C | USV: 10/10 (avail=10 int=0 lock=0 frz=0) | UAV: air=10 rtb=0 chg=0 loiter=0 | TRACKS: vis=0 lost=0 engaged=0 | TOP:  | KILL=0 | ACTIONS=20 | INTENT: focus=2 ratio=0.20
[t=1,099s] step=40 | MISSION=NORMAL_C | USV: 10/10 (avail=10 int=0 lock=0 frz=0) | UAV: air=10 rtb=0 chg=0 loiter=0 | TRACKS: vis=0 lost=0 engaged=0 | TOP:  | KILL=0 | ACTIONS=20 | INTENT: focus=2 ratio=0.20
[t=1,377s] step=50 | MISSION=NORMAL_C | USV: 10/10 (avail=10 int=0 lock=0 frz=0) | UAV: air=10 rtb=0 chg=0 loiter=0 | TRACKS: vis=0 lost=0 engaged=0 | TOP:  | KILL=0 | ACTIONS=20 | INTENT: focus=2 ratio=0.20
[t=1,672s] step=60 | MISSION=NORMAL_C | USV: 10/10 (avail=10 int=0 lock=0 frz=0) | UAV: air=10 rtb=0 chg=0 loiter=0 | TRACKS: vis=0 lost=0 engaged=0 | TOP:  | KILL=0 | ACTIONS=20 | INTENT: focus=2 ratio=0.20
      [DETECT] black_usv6
      [DETECT] black_usv8
      [ASSIGN] white_usv2->black_usv6
      [ASSIGN] white_usv4->black_usv8
      [ASSIGN] white_usv3->black_usv6
      [ASSIGN] white_usv6->black_usv8
      [ASSIGN] white_usv7->black_usv8
      [ASSIGN] white_usv1->black_usv6
      [DETECT] black_usv1
      [DETECT] black_usv17
      [DETECT] black_usv10
      [DETECT] black_usv13
      [DETECT] black_usv5
      [DETECT] black_usv2
      [DETECT] black_usv9
      [DETECT] black_usv12
      [DETECT] black_usv15
      [DETECT] black_usv3
      [DETECT] black_usv7
      [DETECT] black_usv20
      [DETECT] black_usv4
      [DETECT] black_usv18
      [DETECT] black_usv11
      [DETECT] black_usv16
      [DETECT] black_usv14
      [DETECT] black_usv19
      [ASSIGN] white_usv9->black_usv20
      [ASSIGN] white_usv10->black_usv19
      [ASSIGN] white_usv5->black_usv12
      [ASSIGN] white_usv8->black_usv13
[t=1,967s] step=70 | MISSION=NORMAL_C | USV: 10/10 (avail=0 int=10 lock=0 frz=0) | UAV: air=10 rtb=0 chg=0 loiter=0 | TRACKS: vis=20 lost=0 engaged=0 | TOP: black_usv15(x240,521) black_usv18(x240,558) black_usv10(x240,564) | KILL=0 | ACTIONS=20 | INTENT: focus=2 ratio=0.20
[t=2,256s] step=80 | MISSION=NORMAL_C | USV: 10/10 (avail=0 int=10 lock=0 frz=0) | UAV: air=10 rtb=0 chg=0 loiter=0 | TRACKS: vis=20 lost=0 engaged=0 | TOP: black_usv15(x237,662) black_usv18(x237,705) black_usv10(x237,711) | KILL=0 | ACTIONS=20 | INTENT: focus=2 ratio=0.20
[t=2,504s] step=90 | MISSION=NORMAL_C | USV: 10/10 (avail=0 int=10 lock=0 frz=0) | UAV: air=10 rtb=0 chg=0 loiter=0 | TRACKS: vis=20 lost=0 engaged=0 | TOP: black_usv15(x235,202) black_usv18(x235,250) black_usv10(x235,258) | KILL=0 | ACTIONS=20 | INTENT: focus=2 ratio=0.20
[t=2,784s] step=100 | MISSION=NORMAL_C | USV: 10/10 (avail=0 int=10 lock=0 frz=0) | UAV: air=10 rtb=0 chg=0 loiter=0 | TRACKS: vis=20 lost=0 engaged=0 | TOP: black_usv15(x232,438) black_usv18(x232,491) black_usv10(x232,500) | KILL=0 | ACTIONS=20 | INTENT: focus=2 ratio=0.20
[t=3,079s] step=110 | MISSION=NORMAL_C | USV: 10/10 (avail=0 int=10 lock=0 frz=0) | UAV: air=10 rtb=0 chg=0 loiter=0 | TRACKS: vis=20 lost=0 engaged=0 | TOP: black_usv15(x229,520) black_usv18(x229,578) black_usv10(x229,588) | KILL=0 | ACTIONS=20 | INTENT: focus=2 ratio=0.20
[t=3,374s] step=120 | MISSION=NORMAL_C | USV: 10/10 (avail=0 int=10 lock=0 frz=0) | UAV: air=10 rtb=0 chg=0 loiter=0 | TRACKS: vis=20 lost=0 engaged=0 | TOP: black_usv15(x226,601) black_usv18(x226,665) black_usv10(x226,676) | KILL=0 | ACTIONS=20 | INTENT: focus=2 ratio=0.20
[t=3,667s] step=130 | MISSION=NORMAL_C | USV: 10/10 (avail=0 int=10 lock=0 frz=0) | UAV: air=10 rtb=0 chg=0 loiter=0 | TRACKS: vis=20 lost=0 engaged=0 | TOP: black_usv15(x223,702) black_usv18(x223,772) black_usv10(x223,784) | KILL=0 | ACTIONS=20 | INTENT: focus=2 ratio=0.20
[t=3,960s] step=140 | MISSION=NORMAL_C | USV: 10/10 (avail=0 int=10 lock=0 frz=0) | UAV: air=10 rtb=0 chg=0 loiter=0 | TRACKS: vis=20 lost=0 engaged=0 | TOP: black_usv15(x220,804) black_usv18(x220,879) black_usv10(x220,891) | KILL=0 | ACTIONS=20 | INTENT: focus=2 ratio=0.20
[t=4,248s] step=150 | MISSION=NORMAL_C | USV: 10/10 (avail=0 int=10 lock=0 frz=0) | UAV: air=10 rtb=0 chg=0 loiter=0 | TRACKS: vis=20 lost=0 engaged=0 | TOP: black_usv15(x217,954) black_usv18(x218,035) black_usv10(x218,048) | KILL=0 | ACTIONS=20 | INTENT: focus=2 ratio=0.20
[t=4,528s] step=160 | MISSION=NORMAL_C | USV: 10/10 (avail=0 int=10 lock=0 frz=0) | UAV: air=10 rtb=0 chg=0 loiter=0 | TRACKS: vis=20 lost=0 engaged=0 | TOP: black_usv15(x215,184) black_usv18(x215,271) black_usv10(x215,285) | KILL=0 | ACTIONS=20 | INTENT: focus=2 ratio=0.20
[t=4,810s] step=170 | MISSION=NORMAL_C | USV: 10/10 (avail=0 int=10 lock=0 frz=0) | UAV: air=10 rtb=0 chg=0 loiter=0 | TRACKS: vis=20 lost=0 engaged=0 | TOP: black_usv15(x212,386) black_usv18(x212,477) black_usv10(x212,492) | KILL=0 | ACTIONS=20 | INTENT: focus=2 ratio=0.20
[t=5,090s] step=180 | MISSION=NORMAL_C | USV: 10/10 (avail=0 int=10 lock=0 frz=0) | UAV: air=10 rtb=0 chg=0 loiter=0 | TRACKS: vis=20 lost=0 engaged=0 | TOP: black_usv15(x209,615) black_usv18(x209,712) black_usv10(x209,727) | KILL=0 | ACTIONS=20 | INTENT: focus=2 ratio=0.20
[t=5,343s] step=190 | MISSION=NORMAL_C | USV: 10/10 (avail=0 int=10 lock=0 frz=0) | UAV: air=10 rtb=0 chg=0 loiter=0 | TRACKS: vis=20 lost=0 engaged=0 | TOP: black_usv15(x207,122) black_usv10(x207,240) black_usv9(x207,366) | KILL=0 | ACTIONS=20 | INTENT: focus=2 ratio=0.20
[t=5,632s] step=200 | MISSION=NORMAL_C | USV: 10/10 (avail=0 int=10 lock=0 frz=0) | UAV: air=10 rtb=0 chg=0 loiter=0 | TRACKS: vis=20 lost=0 engaged=0 | TOP: black_usv15(x204,262) black_usv10(x204,387) black_usv9(x204,520) | KILL=0 | ACTIONS=20 | INTENT: focus=2 ratio=0.20
[t=5,920s] step=210 | MISSION=NORMAL_C | USV: 10/10 (avail=0 int=10 lock=0 frz=0) | UAV: air=10 rtb=0 chg=0 loiter=0 | TRACKS: vis=20 lost=0 engaged=0 | TOP: black_usv15(x201,413) black_usv10(x201,544) black_usv9(x201,684) | KILL=0 | ACTIONS=20 | INTENT: focus=2 ratio=0.20
[t=6,203s] step=220 | MISSION=NORMAL_C | USV: 10/10 (avail=0 int=10 lock=0 frz=0) | UAV: air=10 rtb=0 chg=0 loiter=0 | TRACKS: vis=20 lost=0 engaged=0 | TOP: black_usv15(x198,613) black_usv10(x198,749) black_usv9(x198,895) | KILL=0 | ACTIONS=20 | INTENT: focus=2 ratio=0.20
[t=6,496s] step=230 | MISSION=NORMAL_C | USV: 10/10 (avail=0 int=10 lock=0 frz=0) | UAV: air=10 rtb=0 chg=0 loiter=0 | TRACKS: vis=20 lost=0 engaged=0 | TOP: black_usv15(x195,715) black_usv10(x195,859) black_usv9(x196,012) | KILL=0 | ACTIONS=20 | INTENT: focus=2 ratio=0.20
[t=6,784s] step=240 | MISSION=NORMAL_C | USV: 10/10 (avail=0 int=10 lock=0 frz=0) | UAV: air=10 rtb=0 chg=0 loiter=0 | TRACKS: vis=20 lost=0 engaged=0 | TOP: black_usv15(x192,866) black_usv10(x193,016) black_usv9(x193,176) | KILL=0 | ACTIONS=20 | INTENT: focus=2 ratio=0.20
[t=7,079s] step=250 | MISSION=NORMAL_C | USV: 10/10 (avail=0 int=10 lock=0 frz=0) | UAV: air=10 rtb=0 chg=0 loiter=0 | TRACKS: vis=20 lost=0 engaged=0 | TOP: black_usv15(x189,947) black_usv10(x190,104) black_usv9(x190,271) | KILL=0 | ACTIONS=20 | INTENT: focus=2 ratio=0.20
      [ASSIGN] white_usv4->black_usv6(机会锁定)
      [ASSIGN] white_usv6->black_usv6(机会锁定)
      [ASSIGN] white_usv10->black_usv20(机会锁定)
      [ASSIGN] white_usv5->black_usv15(机会锁定)
      [ASSIGN] white_usv8->black_usv12(机会锁定)
[t=7,382s] step=260 | MISSION=NORMAL_C | USV: 10/10 (avail=0 int=10 lock=0 frz=0) | UAV: air=10 rtb=0 chg=0 loiter=0 | TRACKS: vis=20 lost=0 engaged=0 | TOP: black_usv15(x186,950) black_usv9(x187,287) black_usv2(x188,119) | KILL=0 | ACTIONS=20 | INTENT: focus=2 ratio=0.20
      [ASSIGN] white_usv2->black_usv9(机会锁定)
      [ASSIGN] white_usv7->black_usv6(机会锁定)
      [ASSIGN] white_usv1->black_usv9(机会锁定)
[t=7,686s] step=270 | MISSION=NORMAL_C | USV: 10/10 (avail=0 int=0 lock=10 frz=0) | UAV: air=10 rtb=0 chg=0 loiter=0 | TRACKS: vis=20 lost=0 engaged=5 | TOP: black_usv2(x185,101) black_usv14(x184,887) black_usv17(x185,183) | KILL=0 | ACTIONS=20 | INTENT: focus=2 ratio=0.20
      [ASSIGN] white_usv4->black_usv2(机会锁定)
      [ASSIGN] white_usv3->black_usv2(机会锁定)
      [ASSIGN] white_usv6->black_usv2(机会锁定)
      [ASSIGN] white_usv7->black_usv3(机会锁定)
      [ASSIGN] white_usv9->black_usv14(机会锁定)
      [ASSIGN] white_usv10->black_usv14(机会锁定)
      [ASSIGN] white_usv5->black_usv10(机会锁定)
      [ASSIGN] white_usv8->black_usv10(机会锁定)
      [ASSIGN] white_usv2->black_usv6(机会锁定)
      [ASSIGN] white_usv1->black_usv6(机会锁定)
      [ASSIGN] white_usv2->black_usv9(机会锁定)
      [ASSIGN] white_usv1->black_usv9(机会锁定)
      [ASSIGN] white_usv2->black_usv6(机会锁定)
      [ASSIGN] white_usv1->black_usv6(机会锁定)
      [ASSIGN] white_usv2->black_usv9(机会锁定)
      [ASSIGN] white_usv1->black_usv9(机会锁定)
      [ASSIGN] white_usv2->black_usv1(机会锁定)
      [ASSIGN] white_usv1->black_usv1(机会锁定)
      [ASSIGN] white_usv4->black_usv6(机会锁定)
      [ASSIGN] white_usv3->black_usv6(机会锁定)
      [ASSIGN] white_usv6->black_usv6(机会锁定)
      [ASSIGN] white_usv7->black_usv13(机会锁定)
      [ASSIGN] white_usv9->black_usv18(机会锁定)
      [ASSIGN] white_usv10->black_usv17(机会锁定)
      [ASSIGN] white_usv5->black_usv13(机会锁定)
[t=8,042s] step=280 | MISSION=NORMAL_C | USV: 10/10 (avail=0 int=7 lock=3 frz=0) | UAV: air=10 rtb=0 chg=0 loiter=0 | TRACKS: vis=20 lost=0 engaged=2 | TOP: black_usv12(x182,750) black_usv17(x181,719) black_usv7(x181,755) | KILL=4 | ACTIONS=20 | INTENT: focus=2 ratio=0.20
      [ASSIGN] white_usv4->black_usv2(机会锁定)
      [ASSIGN] white_usv3->black_usv2(机会锁定)
      [ASSIGN] white_usv6->black_usv2(机会锁定)
      [ASSIGN] white_usv8->black_usv12(机会锁定)
      [ASSIGN] white_usv4->black_usv3(机会锁定)
      [ASSIGN] white_usv3->black_usv3(机会锁定)
      [ASSIGN] white_usv6->black_usv3(机会锁定)
      [ASSIGN] white_usv2->black_usv2(机会锁定)
      [ASSIGN] white_usv1->black_usv2(机会锁定)
      [ASSIGN] white_usv2->black_usv1(机会锁定)
      [ASSIGN] white_usv1->black_usv1(机会锁定)
      [ASSIGN] white_usv2->black_usv2(机会锁定)
      [ASSIGN] white_usv1->black_usv7(机会锁定)
      [KILL] black_usv6
      [KILL] black_usv20
      [ASSIGN] white_usv2->black_usv1(机会锁定)
      [KILL] black_usv9
      [ASSIGN] white_usv2->black_usv2(机会锁定)
      [ASSIGN] white_usv7->black_usv15(机会锁定)
      [ASSIGN] white_usv9->black_usv16(机会锁定)
      [ASSIGN] white_usv10->black_usv16(机会锁定)
      [ASSIGN] white_usv5->black_usv15(机会锁定)
      [ASSIGN] white_usv2->black_usv1(机会锁定)
      [ASSIGN] white_usv8->black_usv13(机会锁定)
[t=8,418s] step=290 | MISSION=NORMAL_C | USV: 10/10 (avail=0 int=2 lock=8 frz=0) | UAV: air=10 rtb=0 chg=0 loiter=0 | TRACKS: vis=17 lost=0 engaged=4 | TOP: black_usv5(x178,305) black_usv17(x178,595) black_usv4(x178,747) | KILL=7 | ACTIONS=20 | INTENT: focus=2 ratio=0.20
      [ASSIGN] white_usv2->black_usv2(机会锁定)
      [ASSIGN] white_usv4->black_usv2(机会锁定)
      [ASSIGN] white_usv3->black_usv2(机会锁定)
      [ASSIGN] white_usv6->black_usv2(机会锁定)
      [ASSIGN] white_usv2->black_usv1(机会锁定)
      [ASSIGN] white_usv4->black_usv1(机会锁定)
      [ASSIGN] white_usv3->black_usv1(机会锁定)
      [ASSIGN] white_usv6->black_usv1(机会锁定)
      [ASSIGN] white_usv2->black_usv7(机会锁定)
      [ASSIGN] white_usv4->black_usv3(机会锁定)
      [ASSIGN] white_usv3->black_usv2(机会锁定)
      [ASSIGN] white_usv6->black_usv3(机会锁定)
      [ASSIGN] white_usv4->black_usv1(机会锁定)
      [ASSIGN] white_usv3->black_usv1(机会锁定)
      [ASSIGN] white_usv6->black_usv1(机会锁定)
      [ASSIGN] white_usv4->black_usv3(机会锁定)
      [ASSIGN] white_usv3->black_usv2(机会锁定)
      [ASSIGN] white_usv6->black_usv3(机会锁定)
      [KILL] black_usv10
      [KILL] black_usv2
      [ASSIGN] white_usv4->black_usv1(机会锁定)
      [RELEASE] white_usv3->black_usv2(目标失效)
      [ASSIGN] white_usv3->black_usv1(机会锁定)
      [ASSIGN] white_usv6->black_usv1(机会锁定)
      [ASSIGN] white_usv1->black_usv1(机会锁定)
      [ASSIGN] white_usv4->black_usv3(机会锁定)
      [ASSIGN] white_usv3->black_usv3(机会锁定)
      [ASSIGN] white_usv6->black_usv3(机会锁定)
      [ASSIGN] white_usv7->black_usv3(机会锁定)
      [ASSIGN] white_usv1->black_usv3(机会锁定)
      [ASSIGN] white_usv5->black_usv12(机会锁定)
      [ASSIGN] white_usv4->black_usv15(机会锁定)
      [ASSIGN] white_usv3->black_usv15(机会锁定)
      [ASSIGN] white_usv6->black_usv15(机会锁定)
      [ASSIGN] white_usv7->black_usv15(机会锁定)
      [ASSIGN] white_usv9->black_usv18(机会锁定)
      [ASSIGN] white_usv10->black_usv18(机会锁定)
      [ASSIGN] white_usv1->black_usv15(机会锁定)
      [ASSIGN] white_usv5->black_usv15(机会锁定)
      [ASSIGN] white_usv4->black_usv1(机会锁定)
      [ASSIGN] white_usv3->black_usv1(机会锁定)
      [ASSIGN] white_usv6->black_usv1(机会锁定)
      [ASSIGN] white_usv7->black_usv1(机会锁定)
      [ASSIGN] white_usv1->black_usv1(机会锁定)
      [ASSIGN] white_usv5->black_usv12(机会锁定)
      [ASSIGN] white_usv8->black_usv12(机会锁定)
      [ASSIGN] white_usv4->black_usv15(机会锁定)
      [ASSIGN] white_usv3->black_usv15(机会锁定)
      [ASSIGN] white_usv6->black_usv15(机会锁定)
      [ASSIGN] white_usv7->black_usv15(机会锁定)
      [ASSIGN] white_usv1->black_usv15(机会锁定)
      [ASSIGN] white_usv5->black_usv15(机会锁定)
      [ASSIGN] white_usv8->black_usv15(机会锁定)
[t=8,805s] step=300 | MISSION=NORMAL_C | USV: 10/10 (avail=0 int=7 lock=3 frz=0) | UAV: air=10 rtb=0 chg=0 loiter=0 | TRACKS: vis=15 lost=0 engaged=2 | TOP: black_usv5(x174,550) black_usv4(x175,013) black_usv15(x176,967) | KILL=10 | ACTIONS=20 | INTENT: focus=2 ratio=0.20
      [KILL] black_usv1
      [ASSIGN] white_usv4->black_usv7(机会锁定)
      [ASSIGN] white_usv3->black_usv7(机会锁定)
      [ASSIGN] white_usv7->black_usv13(机会锁定)
      [ASSIGN] white_usv1->black_usv7(机会锁定)
      [ASSIGN] white_usv5->black_usv13(机会锁定)
      [ASSIGN] white_usv8->black_usv13(机会锁定)
      [ASSIGN] white_usv2->black_usv5(机会锁定)
      [KILL] black_usv12
      [KILL] black_usv3
      [ASSIGN] white_usv9->black_usv17(机会锁定)
      [ASSIGN] white_usv10->black_usv17(机会锁定)
[t=9,100s] step=310 | MISSION=NORMAL_C | USV: 10/10 (avail=0 int=1 lock=9 frz=0) | UAV: air=10 rtb=0 chg=0 loiter=0 | TRACKS: vis=12 lost=0 engaged=4 | TOP: black_usv4(x172,166) black_usv18(x171,458) black_usv11(x184,475) | KILL=11 | ACTIONS=20 | INTENT: focus=2 ratio=0.20
      [ASSIGN] white_usv4->black_usv4(机会锁定)
      [ASSIGN] white_usv3->black_usv4(机会锁定)
      [ASSIGN] white_usv7->black_usv8(机会锁定)
      [ASSIGN] white_usv1->black_usv5(机会锁定)
      [ASSIGN] white_usv5->black_usv18(机会锁定)
      [ASSIGN] white_usv8->black_usv18(机会锁定)
      [ASSIGN] white_usv2->black_usv7(机会锁定)
      [ASSIGN] white_usv3->black_usv7(机会锁定)
      [ASSIGN] white_usv6->black_usv13(机会锁定)
      [ASSIGN] white_usv7->black_usv13(机会锁定)
      [ASSIGN] white_usv1->black_usv7(机会锁定)
      [ASSIGN] white_usv5->black_usv13(机会锁定)
      [ASSIGN] white_usv8->black_usv13(机会锁定)
      [ASSIGN] white_usv2->black_usv5(机会锁定)
      [ASSIGN] white_usv3->black_usv5(机会锁定)
      [ASSIGN] white_usv6->black_usv15(机会锁定)
      [ASSIGN] white_usv7->black_usv15(机会锁定)
      [ASSIGN] white_usv1->black_usv5(机会锁定)
      [ASSIGN] white_usv5->black_usv15(机会锁定)
      [ASSIGN] white_usv8->black_usv18(机会锁定)
      [ASSIGN] white_usv6->black_usv13(机会锁定)
      [ASSIGN] white_usv7->black_usv13(机会锁定)
      [ASSIGN] white_usv5->black_usv13(机会锁定)
      [ASSIGN] white_usv8->black_usv13(机会锁定)
      [KILL] black_usv15
      [ASSIGN] white_usv6->black_usv7(机会锁定)
      [ASSIGN] white_usv5->black_usv18(机会锁定)
      [ASSIGN] white_usv8->black_usv18(机会锁定)
      [ASSIGN] white_usv6->black_usv13(机会锁定)
      [ASSIGN] white_usv5->black_usv13(机会锁定)
      [ASSIGN] white_usv8->black_usv19(机会锁定)
      [KILL] black_usv16
      [ASSIGN] white_usv6->black_usv8(机会锁定)
      [ASSIGN] white_usv5->black_usv18(机会锁定)
      [ASSIGN] white_usv9->black_usv14(机会锁定)
      [ASSIGN] white_usv10->black_usv14(机会锁定)
      [ASSIGN] white_usv5->black_usv13(机会锁定)
[t=9,422s] step=320 | MISSION=NORMAL_C | USV: 10/10 (avail=0 int=2 lock=8 frz=0) | UAV: air=10 rtb=0 chg=0 loiter=0 | TRACKS: vis=10 lost=0 engaged=5 | TOP: black_usv7(x173,818) black_usv18(x171,458) black_usv11(x181,803) | KILL=14 | ACTIONS=20 | INTENT: focus=2 ratio=0.20
      [ASSIGN] white_usv4->black_usv7(机会锁定)
      [ASSIGN] white_usv4->black_usv4(机会锁定)
      [ASSIGN] white_usv2->black_usv7(机会锁定)
      [ASSIGN] white_usv3->black_usv7(机会锁定)
      [ASSIGN] white_usv1->black_usv7(机会锁定)
      [ASSIGN] white_usv2->black_usv5(机会锁定)
      [ASSIGN] white_usv3->black_usv5(机会锁定)
      [ASSIGN] white_usv1->black_usv5(机会锁定)
      [ASSIGN] white_usv2->black_usv7(机会锁定)
      [ASSIGN] white_usv3->black_usv7(机会锁定)
      [ASSIGN] white_usv1->black_usv7(机会锁定)
      [ASSIGN] white_usv8->black_usv18(机会锁定)
      [KILL] black_usv18
      [ASSIGN] white_usv2->black_usv5(机会锁定)
      [ASSIGN] white_usv3->black_usv5(机会锁定)
      [ASSIGN] white_usv6->black_usv19(机会锁定)
      [ASSIGN] white_usv1->black_usv5(机会锁定)
      [RELEASE] white_usv8->black_usv18(目标失效)
      [ASSIGN] white_usv8->black_usv19(机会锁定)
      [ASSIGN] white_usv2->black_usv7(机会锁定)
      [ASSIGN] white_usv3->black_usv7(机会锁定)
      [ASSIGN] white_usv9->black_usv17(机会锁定)
      [ASSIGN] white_usv10->black_usv17(机会锁定)
      [ASSIGN] white_usv1->black_usv7(机会锁定)
      [KILL] black_usv13
      [KILL] black_usv7
      [RELEASE] white_usv2->black_usv7(目标失效)
      [ASSIGN] white_usv2->black_usv5(机会锁定)
      [RELEASE] white_usv3->black_usv7(目标失效)
      [ASSIGN] white_usv3->black_usv5(机会锁定)
      [RELEASE] white_usv7->black_usv13(目标失效)
      [ASSIGN] white_usv9->black_usv14(机会锁定)
      [ASSIGN] white_usv10->black_usv14(机会锁定)
      [RELEASE] white_usv1->black_usv7(目标失效)
      [ASSIGN] white_usv1->black_usv5(机会锁定)
      [RELEASE] white_usv5->black_usv13(目标失效)
      [ASSIGN] white_usv5->black_usv19(机会锁定)
[t=9,787s] step=330 | MISSION=NORMAL_C | USV: 9/10 (avail=0 int=7 lock=2 frz=0) | UAV: air=10 rtb=0 chg=0 loiter=0 | TRACKS: vis=7 lost=0 engaged=1 | TOP: black_usv5(x167,429) black_usv4(x168,441) black_usv11(x178,775) | KILL=16 | ACTIONS=19 | INTENT: focus=2 ratio=0.20
      [ASSIGN] white_usv2->black_usv4(机会锁定)
      [ASSIGN] white_usv7->black_usv8(机会锁定)
      [ASSIGN] white_usv10->black_usv17(机会锁定)
      [ASSIGN] white_usv10->black_usv14(机会锁定)
      [KILL] black_usv17
      [ASSIGN] white_usv6->black_usv8(机会锁定)
      [ASSIGN] white_usv5->black_usv8(机会锁定)
      [ASSIGN] white_usv8->black_usv8(机会锁定)
      [ASSIGN] white_usv2->black_usv11(机会锁定)
      [ASSIGN] white_usv3->black_usv4(机会锁定)
      [ASSIGN] white_usv3->black_usv5(机会锁定)
      [KILL] black_usv5
      [RELEASE] white_usv3->black_usv5(目标失效)
      [ASSIGN] white_usv3->black_usv4(机会锁定)
      [ASSIGN] white_usv6->black_usv19(机会锁定)
      [RELEASE] white_usv1->black_usv5(目标失效)
      [ASSIGN] white_usv1->black_usv4(机会锁定)
      [ASSIGN] white_usv5->black_usv19(机会锁定)
      [ASSIGN] white_usv8->black_usv19(机会锁定)
[t=10,217s] step=340 | MISSION=NORMAL_C | USV: 7/10 (avail=0 int=6 lock=1 frz=0) | UAV: air=10 rtb=0 chg=0 loiter=0 | TRACKS: vis=5 lost=0 engaged=1 | TOP: black_usv4(x168,065) black_usv11(x175,207) black_usv19(x169,260) | KILL=19 | ACTIONS=17 | INTENT: focus=2 ratio=0.20
      [ASSIGN] white_usv5->black_usv8(机会锁定)
      [ASSIGN] white_usv8->black_usv8(机会锁定)
      [ASSIGN] white_usv5->black_usv19(机会锁定)
      [ASSIGN] white_usv8->black_usv19(机会锁定)
      [KILL] black_usv14
      [ASSIGN] white_usv5->black_usv8(机会锁定)
      [ASSIGN] white_usv8->black_usv8(机会锁定)
      [KILL] black_usv4
      [RELEASE] white_usv3->black_usv4(目标失效)
      [RELEASE] white_usv1->black_usv4(目标失效)
      [ASSIGN] white_usv5->black_usv19(机会锁定)
      [ASSIGN] white_usv8->black_usv19(机会锁定)
      [ASSIGN] white_usv3->black_usv11
      [ASSIGN] white_usv1->black_usv8
      [KILL] black_usv19
      [RELEASE] white_usv5->black_usv19(目标失效)
      [RELEASE] white_usv8->black_usv19(目标失效)
      [ASSIGN] white_usv8->black_usv8(机会锁定)
      [ASSIGN] white_usv5->black_usv11
[t=10,787s] step=350 | MISSION=TERMINAL | USV: 6/10 (avail=0 int=6 lock=0 frz=0) | UAV: air=10 rtb=0 chg=0 loiter=0 | TRACKS: vis=2 lost=0 engaged=0 | TOP: black_usv11(x173,066) black_usv8(x177,147) | KILL=20 | ACTIONS=16 | INTENT: focus=2 ratio=0.20

========================================================================
对局结果: Result.Victory — 敌方所有单位被击毁
  击杀蓝舰: 20 | 命中: 40 | 我方USV损失: 4 | UAV损失: 0 | 突破: 0
[META] result=Result.Victory victory_time=10787 first_detection=1846 first_lock=7417 first_kill=8341 enemy_kills=20 friendly_usv_losses=4 friendly_uav_losses=0 black_breakthrough=0 reacquire_attempts=36 reacquire_success=36 sensor_assisted_locks=64 low_conf_commitments=0 global_reacquire_entries=0 global_reacquire_success=0 coverage_collapse_events=1 active_clusters_max=1 coverage_quality_final=0.21 commander_source=default_intent commander_calls=0 commander_changes=0 commander_no_change=0 commander_parse_failures=0 commander_api_failures=0 commander_policy_failures=0 commander_avg_latency=0.0
Done
