0.0 2026-08-09 17:58:43 INFO StateJump RED.Ship.Ship.w1.RadarWithGuider.RadarWithGuider[1]==>WORK
0.0 2026-08-09 17:58:43 SENSOR Found[active][point] RED.Ship.Ship.w1.RadarWithGuider.RadarWithGuider[1] (120000.000,300000.000,0.000) BLUE.Ship.Ship.b1 (105000.000,300000.000,0.000)
0.0 2026-08-09 17:58:43 INFO StateJump BLUE.Ship.Ship.b1.RadarWithGuider.RadarWithGuider[1]==>WORK
0.0 2026-08-09 17:58:43 SENSOR Found[active][point] BLUE.Ship.Ship.b1.RadarWithGuider.RadarWithGuider[1] (105000.000,300000.000,0.000) RED.Ship.Ship.w1 (120000.000,300000.000,0.000)
0.0 2026-08-09 17:58:43 INFO StateJump RED.Ship.Ship.w1.Locker.Locker[1]==>WORK
0.0 2026-08-09 17:58:43 INFO StateJump BLUE.Ship.Ship.b1.Locker.Locker[1]==>WORK
0.0 2026-08-09 17:58:43 INFO StateJump RED.Ship.Ship.w1.Comdev.Comdev[1]==>FREE
0.0 2026-08-09 17:58:43 INFO StateJump RED.Ship.Ship.w1.Comdev.Comdev[1]==>WORK
0.0 2026-08-09 17:58:43 INFO StateJump RED.Ship.Ship.w1.MotorTZB.ShipMotorTZB[1]==>FREE
0.0 2026-08-09 17:58:43 INFO StateJump RED.Ship.Ship.w1.MotorTZB.ShipMotorTZB[1]==>MOVE
0.0 2026-08-09 17:58:43 INFO StateJump RED.Ship.Ship.w1.Intelligence.QB[1]==>FREE
0.0 2026-08-09 17:58:43 INFO StateJump RED.Ship.Ship.w1.Intelligence.QB[1]==>WORK
0.0 2026-08-09 17:58:43 INFO StateJump BLUE.Ship.Ship.b1.Comdev.Comdev[1]==>FREE
0.0 2026-08-09 17:58:43 INFO StateJump BLUE.Ship.Ship.b1.Comdev.Comdev[1]==>WORK
0.0 2026-08-09 17:58:43 INFO StateJump BLUE.Ship.Ship.b1.MotorTZB.ShipMotorTZB[1]==>FREE
0.0 2026-08-09 17:58:43 INFO StateJump BLUE.Ship.Ship.b1.MotorTZB.ShipMotorTZB[1]==>MOVE
0.0 2026-08-09 17:58:43 INFO StateJump BLUE.Ship.Ship.b1.Intelligence.QB[1]==>FREE
0.0 2026-08-09 17:58:43 INFO StateJump BLUE.Ship.Ship.b1.Intelligence.QB[1]==>WORK
0.0 2026-08-09 17:58:43 INFO StateJump JudgeSystem<140394032864960>==>WORK
2000.0 2026-08-09 17:58:45 SENSOR Found[active][track] RED.Ship.Ship.w1.RadarWithGuider.RadarWithGuider[1] (120000.000,300000.000,0.000) BLUE.Ship.Ship.b1 (105000.000,300000.000,0.000)
2000.0 2026-08-09 17:58:45 SENSOR Found[active][track] BLUE.Ship.Ship.b1.RadarWithGuider.RadarWithGuider[1] (105000.000,300000.000,0.000) RED.Ship.Ship.w1 (120000.000,300000.000,0.000)
313000.0 2026-08-09 18:03:56 INFO StateJump RED.Ship.Ship.w1.RadarWithGuider.RadarWithGuider[1]==>FREE
614000.0 2026-08-09 18:08:57 INFO StateJump RED.Ship.Ship.w1.RadarWithGuider.RadarWithGuider[1]==>WORK
614000.0 2026-08-09 18:08:57 SENSOR Found[active][point] RED.Ship.Ship.w1.RadarWithGuider.RadarWithGuider[1] (125919.003,300000.043,0.000) BLUE.Ship.Ship.b1 (105000.000,300000.000,0.000)
1072000.0 2026-08-09 18:16:35 SENSOR Lost BLUE.Ship.Ship.b1.RadarWithGuider.RadarWithGuider[1] (105000.000,300000.000,0.000) RED.Ship.Ship.w1 (135079.003,300000.043,0.000)
