========================================================================
HYBRID AGENT V5 — Variable-Cardinality Hierarchical Maritime Agent
  启用UAV: True | LLM_ENABLED: False
========================================================================
对局 79 开始
      [UAV RELAUNCH] white_uav5
      [UAV RELAUNCH] white_uav2
      [UAV RELAUNCH] white_uav3
      [UAV RELAUNCH] white_uav1
      [UAV RELAUNCH] white_uav4
[t=200s] step=10 | MISSION=NORMAL_C | USV: 5/5 (avail=5 int=0 lock=0 frz=0) | UAV: air=5 rtb=0 chg=0 loiter=0 | TRACKS: vis=0 lost=0 engaged=0 | TOP:  | KILL=0 | ACTIONS=10 | INTENT: focus=2 ratio=0.20
  [INTENT APPLIED]
    ThreatAllocator: focus 2 emergency 3 reserve_ratio 0.20 reserve_usvs None bias breakthrough_eta
    UAVManager: mode search_and_reacquire uav_priority []
[t=419s] step=20 | MISSION=NORMAL_C | USV: 5/5 (avail=5 int=0 lock=0 frz=0) | UAV: air=5 rtb=0 chg=0 loiter=0 | TRACKS: vis=0 lost=0 engaged=0 | TOP:  | KILL=0 | ACTIONS=10 | INTENT: focus=2 ratio=0.20
[t=638s] step=30 | MISSION=NORMAL_C | USV: 5/5 (avail=5 int=0 lock=0 frz=0) | UAV: air=5 rtb=0 chg=0 loiter=0 | TRACKS: vis=0 lost=0 engaged=0 | TOP:  | KILL=0 | ACTIONS=10 | INTENT: focus=2 ratio=0.20
[t=856s] step=40 | MISSION=NORMAL_C | USV: 5/5 (avail=5 int=0 lock=0 frz=0) | UAV: air=5 rtb=0 chg=0 loiter=0 | TRACKS: vis=0 lost=0 engaged=0 | TOP:  | KILL=0 | ACTIONS=10 | INTENT: focus=2 ratio=0.20
[t=1,084s] step=50 | MISSION=NORMAL_C | USV: 5/5 (avail=5 int=0 lock=0 frz=0) | UAV: air=5 rtb=0 chg=0 loiter=0 | TRACKS: vis=0 lost=0 engaged=0 | TOP:  | KILL=0 | ACTIONS=10 | INTENT: focus=2 ratio=0.20
[t=1,317s] step=60 | MISSION=NORMAL_C | USV: 5/5 (avail=5 int=0 lock=0 frz=0) | UAV: air=5 rtb=0 chg=0 loiter=0 | TRACKS: vis=0 lost=0 engaged=0 | TOP:  | KILL=0 | ACTIONS=10 | INTENT: focus=2 ratio=0.20
      [DETECT] black_uav4
      [DETECT] black_uav6
      [DETECT] black_uav5
      [DETECT] black_uav3
[t=1,558s] step=70 | MISSION=NORMAL_C | USV: 5/5 (avail=5 int=0 lock=0 frz=0) | UAV: air=5 rtb=0 chg=0 loiter=0 | TRACKS: vis=4 lost=0 engaged=0 | TOP: black_uav4(x212,464) black_uav6(x212,464) black_uav5(x212,464) | KILL=0 | ACTIONS=10 | INTENT: focus=2 ratio=0.20
      [DETECT] black_uav7
      [DETECT] black_uav2
      [DETECT] black_uav1
[t=1,751s] step=80 | MISSION=NORMAL_C | USV: 5/5 (avail=5 int=0 lock=0 frz=0) | UAV: air=5 rtb=0 chg=0 loiter=0 | TRACKS: vis=7 lost=0 engaged=0 | TOP: black_uav4(x206,698) black_uav6(x206,698) black_uav5(x206,698) | KILL=0 | ACTIONS=10 | INTENT: focus=2 ratio=0.20
      [DETECT] black_usv5
      [DETECT] black_usv3
      [DETECT] black_usv4
      [ASSIGN] white_usv2->black_usv4
      [ASSIGN] white_usv3->black_usv5
      [ASSIGN] white_usv4->black_usv5
      [ASSIGN] white_usv1->black_usv3
      [DETECT] black_usv6
      [ASSIGN] white_usv5->black_usv6
      [DETECT] black_usv2
      [DETECT] black_usv7
      [DETECT] black_usv1
[t=1,939s] step=90 | MISSION=NORMAL_C | USV: 5/5 (avail=0 int=5 lock=0 frz=0) | UAV: air=5 rtb=0 chg=0 loiter=0 | TRACKS: vis=14 lost=0 engaged=0 | TOP: black_usv2(x240,635) black_usv1(x240,821) black_usv7(x243,698) | KILL=0 | ACTIONS=10 | INTENT: focus=2 ratio=0.20
[t=2,131s] step=100 | MISSION=NORMAL_C | USV: 5/5 (avail=0 int=5 lock=0 frz=0) | UAV: air=5 rtb=0 chg=0 loiter=0 | TRACKS: vis=13 lost=1 engaged=0 | TOP: black_usv2(x238,727) black_usv1(x238,932) black_usv7(x242,092) | KILL=0 | ACTIONS=10 | INTENT: focus=2 ratio=0.20
      [DETECT] black_usv8
[t=2,335s] step=110 | MISSION=NORMAL_C | USV: 5/5 (avail=0 int=5 lock=0 frz=0) | UAV: air=5 rtb=0 chg=0 loiter=0 | TRACKS: vis=10 lost=5 engaged=0 | TOP: black_usv2(x236,693) black_usv1(x236,917) black_usv8(x236,910) | KILL=0 | ACTIONS=10 | INTENT: focus=2 ratio=0.20
[t=2,536s] step=120 | MISSION=NORMAL_C | USV: 5/5 (avail=0 int=5 lock=0 frz=0) | UAV: air=5 rtb=0 chg=0 loiter=0 | TRACKS: vis=7 lost=1 engaged=0 | TOP: black_usv2(x234,680) black_usv1(x234,924) black_usv8(x234,925) | KILL=0 | ACTIONS=10 | INTENT: focus=2 ratio=0.20
      [DETECT] black_uav5
[t=2,737s] step=130 | MISSION=NORMAL_C | USV: 5/5 (avail=0 int=5 lock=0 frz=0) | UAV: air=5 rtb=0 chg=0 loiter=0 | TRACKS: vis=8 lost=0 engaged=0 | TOP: black_usv2(x232,677) black_usv1(x232,939) black_usv7(x236,998) | KILL=0 | ACTIONS=10 | INTENT: focus=2 ratio=0.20
      [DETECT] black_uav4
[t=2,937s] step=140 | MISSION=NORMAL_C | USV: 5/5 (avail=0 int=5 lock=0 frz=0) | UAV: air=5 rtb=0 chg=0 loiter=0 | TRACKS: vis=9 lost=0 engaged=0 | TOP: black_usv2(x230,682) black_usv1(x230,963) black_usv7(x235,319) | KILL=0 | ACTIONS=10 | INTENT: focus=2 ratio=0.20
      [DETECT] black_uav6
[t=3,140s] step=150 | MISSION=NORMAL_C | USV: 5/5 (avail=0 int=5 lock=0 frz=0) | UAV: air=5 rtb=0 chg=0 loiter=0 | TRACKS: vis=10 lost=0 engaged=0 | TOP: black_usv2(x228,655) black_usv1(x228,955) black_usv7(x233,613) | KILL=0 | ACTIONS=10 | INTENT: focus=2 ratio=0.20
[t=3,340s] step=160 | MISSION=NORMAL_C | USV: 5/5 (avail=0 int=5 lock=0 frz=0) | UAV: air=5 rtb=0 chg=0 loiter=0 | TRACKS: vis=10 lost=0 engaged=0 | TOP: black_usv2(x226,661) black_usv1(x226,982) black_usv7(x231,934) | KILL=0 | ACTIONS=10 | INTENT: focus=2 ratio=0.20
      [DETECT] black_uav7
[t=3,539s] step=170 | MISSION=NORMAL_C | USV: 5/5 (avail=0 int=5 lock=0 frz=0) | UAV: air=5 rtb=0 chg=0 loiter=0 | TRACKS: vis=9 lost=2 engaged=0 | TOP: black_usv2(x224,675) black_usv1(x225,016) black_usv7(x230,263) | KILL=0 | ACTIONS=10 | INTENT: focus=2 ratio=0.20
[t=3,742s] step=180 | MISSION=NORMAL_C | USV: 5/5 (avail=0 int=5 lock=0 frz=0) | UAV: air=5 rtb=0 chg=0 loiter=0 | TRACKS: vis=11 lost=0 engaged=0 | TOP: black_usv2(x222,655) black_usv1(x223,013) black_usv7(x228,562) | KILL=0 | ACTIONS=10 | INTENT: focus=2 ratio=0.20
[t=3,948s] step=190 | MISSION=NORMAL_C | USV: 5/5 (avail=0 int=5 lock=0 frz=0) | UAV: air=5 rtb=0 chg=0 loiter=0 | TRACKS: vis=11 lost=0 engaged=0 | TOP: black_usv2(x220,597) black_usv1(x220,975) black_usv7(x226,830) | KILL=0 | ACTIONS=10 | INTENT: focus=2 ratio=0.20
[t=4,189s] step=200 | MISSION=NORMAL_C | USV: 5/5 (avail=0 int=5 lock=0 frz=0) | UAV: air=5 rtb=0 chg=0 loiter=0 | TRACKS: vis=11 lost=0 engaged=0 | TOP: black_usv2(x218,196) black_usv1(x218,597) black_usv7(x224,808) | KILL=0 | ACTIONS=10 | INTENT: focus=2 ratio=0.20
[t=4,439s] step=210 | MISSION=NORMAL_C | USV: 5/5 (avail=0 int=5 lock=0 frz=0) | UAV: air=5 rtb=0 chg=0 loiter=0 | TRACKS: vis=11 lost=0 engaged=0 | TOP: black_usv2(x215,701) black_usv1(x216,127) black_usv7(x222,708) | KILL=0 | ACTIONS=10 | INTENT: focus=2 ratio=0.20
      [DETECT] black_uav2
      [DETECT] black_uav3
      [DETECT] black_uav1
[t=4,694s] step=220 | MISSION=NORMAL_C | USV: 5/5 (avail=0 int=5 lock=0 frz=0) | UAV: air=5 rtb=0 chg=0 loiter=0 | TRACKS: vis=14 lost=0 engaged=0 | TOP: black_usv2(x213,157) black_usv1(x213,607) black_usv7(x220,567) | KILL=0 | ACTIONS=10 | INTENT: focus=2 ratio=0.20
[t=4,955s] step=230 | MISSION=NORMAL_C | USV: 5/5 (avail=0 int=5 lock=0 frz=0) | UAV: air=5 rtb=0 chg=0 loiter=0 | TRACKS: vis=14 lost=0 engaged=0 | TOP: black_usv2(x210,556) black_usv1(x211,031) black_usv7(x218,377) | KILL=0 | ACTIONS=10 | INTENT: focus=2 ratio=0.20
[t=5,217s] step=240 | MISSION=NORMAL_C | USV: 5/5 (avail=0 int=5 lock=0 frz=0) | UAV: air=5 rtb=0 chg=0 loiter=0 | TRACKS: vis=14 lost=0 engaged=0 | TOP: black_usv2(x207,950) black_usv1(x208,450) black_usv7(x216,183) | KILL=0 | ACTIONS=10 | INTENT: focus=2 ratio=0.20
[t=5,440s] step=250 | MISSION=NORMAL_C | USV: 5/5 (avail=0 int=5 lock=0 frz=0) | UAV: air=5 rtb=0 chg=0 loiter=0 | TRACKS: vis=14 lost=0 engaged=0 | TOP: black_usv2(x205,717) black_usv1(x206,238) black_usv7(x214,304) | KILL=0 | ACTIONS=10 | INTENT: focus=2 ratio=0.20
[t=5,665s] step=260 | MISSION=NORMAL_C | USV: 5/5 (avail=0 int=5 lock=0 frz=0) | UAV: air=5 rtb=0 chg=0 loiter=0 | TRACKS: vis=14 lost=0 engaged=0 | TOP: black_usv2(x203,482) black_usv1(x204,016) black_usv7(x212,422) | KILL=0 | ACTIONS=10 | INTENT: focus=2 ratio=0.20
[t=5,875s] step=270 | MISSION=NORMAL_C | USV: 5/5 (avail=0 int=5 lock=0 frz=0) | UAV: air=5 rtb=0 chg=0 loiter=0 | TRACKS: vis=14 lost=0 engaged=0 | TOP: black_usv2(x201,388) black_usv1(x201,950) black_usv7(x210,659) | KILL=0 | ACTIONS=10 | INTENT: focus=2 ratio=0.20
[t=6,093s] step=280 | MISSION=NORMAL_C | USV: 5/5 (avail=0 int=5 lock=0 frz=0) | UAV: air=5 rtb=0 chg=0 loiter=0 | TRACKS: vis=7 lost=5 engaged=0 | TOP: black_usv2(x199,206) black_usv1(x199,797) black_usv7(x208,822) | KILL=0 | ACTIONS=10 | INTENT: focus=2 ratio=0.20
[t=6,316s] step=290 | MISSION=NORMAL_C | USV: 5/5 (avail=0 int=5 lock=0 frz=0) | UAV: air=5 rtb=0 chg=0 loiter=0 | TRACKS: vis=7 lost=0 engaged=0 | TOP: black_usv2(x196,981) black_usv1(x197,586) black_usv7(x206,949) | KILL=0 | ACTIONS=10 | INTENT: focus=2 ratio=0.20
      [DETECT] black_usv8
[t=6,556s] step=300 | MISSION=NORMAL_C | USV: 5/5 (avail=0 int=5 lock=0 frz=0) | UAV: air=5 rtb=0 chg=0 loiter=0 | TRACKS: vis=7 lost=1 engaged=0 | TOP: black_usv2(x194,596) black_usv1(x195,224) black_usv8(x195,234) | KILL=0 | ACTIONS=10 | INTENT: focus=2 ratio=0.20
[t=6,790s] step=310 | MISSION=NORMAL_C | USV: 5/5 (avail=0 int=5 lock=0 frz=0) | UAV: air=5 rtb=0 chg=0 loiter=0 | TRACKS: vis=8 lost=0 engaged=0 | TOP: black_usv2(x192,254) black_usv1(x192,903) black_usv8(x192,914) | KILL=0 | ACTIONS=10 | INTENT: focus=2 ratio=0.20
[t=7,015s] step=320 | MISSION=NORMAL_C | USV: 5/5 (avail=0 int=5 lock=0 frz=0) | UAV: air=5 rtb=0 chg=0 loiter=0 | TRACKS: vis=8 lost=0 engaged=0 | TOP: black_usv2(x190,012) black_usv1(x190,683) black_usv8(x190,701) | KILL=0 | ACTIONS=10 | INTENT: focus=2 ratio=0.20
[t=7,237s] step=330 | MISSION=NORMAL_C | USV: 5/5 (avail=0 int=5 lock=0 frz=0) | UAV: air=5 rtb=0 chg=0 loiter=0 | TRACKS: vis=8 lost=0 engaged=0 | TOP: black_usv2(x187,797) black_usv1(x188,488) black_usv8(x188,500) | KILL=0 | ACTIONS=10 | INTENT: focus=2 ratio=0.20
      [ASSIGN] white_usv2->black_usv2(机会锁定)
      [ASSIGN] white_usv1->black_usv4(机会锁定)
      [ASSIGN] white_usv5->black_usv5(机会锁定)
[t=7,469s] step=340 | MISSION=NORMAL_C | USV: 5/5 (avail=0 int=1 lock=4 frz=0) | UAV: air=5 rtb=0 chg=0 loiter=0 | TRACKS: vis=8 lost=0 engaged=3 | TOP: black_usv1(x186,197) black_usv8(x186,208) black_usv7(x197,269) | KILL=0 | ACTIONS=10 | INTENT: focus=2 ratio=0.20
      [ASSIGN] white_usv2->black_usv3(机会锁定)
      [ASSIGN] white_usv3->black_usv3(机会锁定)
      [ASSIGN] white_usv4->black_usv4(机会锁定)
      [ASSIGN] white_usv3->black_usv2(机会锁定)
[t=7,707s] step=350 | MISSION=NORMAL_C | USV: 5/5 (avail=0 int=1 lock=4 frz=0) | UAV: air=5 rtb=0 chg=0 loiter=0 | TRACKS: vis=7 lost=1 engaged=3 | TOP: black_usv2(x183,566) black_usv1(x183,846) black_usv8(x183,867) | KILL=0 | ACTIONS=10 | INTENT: focus=2 ratio=0.20
      [ASSIGN] white_usv1->black_usv2(机会锁定)
[t=7,941s] step=360 | MISSION=NORMAL_C | USV: 5/5 (avail=0 int=0 lock=5 frz=0) | UAV: air=5 rtb=0 chg=0 loiter=0 | TRACKS: vis=7 lost=0 engaged=4 | TOP: black_usv1(x181,538) black_usv6(x189,937) black_usv7(x193,309) | KILL=0 | ACTIONS=10 | INTENT: focus=2 ratio=0.20
      [ASSIGN] white_usv2->black_usv6(机会锁定)
      [ASSIGN] white_usv4->black_usv5(机会锁定)
      [ASSIGN] white_usv3->black_usv4(机会锁定)
      [ASSIGN] white_usv1->black_usv4(机会锁定)
      [ASSIGN] white_usv3->black_usv2(机会锁定)
      [ASSIGN] white_usv1->black_usv2(机会锁定)
      [ASSIGN] white_usv3->black_usv4(机会锁定)
      [ASSIGN] white_usv1->black_usv4(机会锁定)
      [ASSIGN] white_usv3->black_usv2(机会锁定)
      [ASSIGN] white_usv1->black_usv2(机会锁定)
      [ASSIGN] white_usv3->black_usv4(机会锁定)
      [ASSIGN] white_usv4->black_usv4(机会锁定)
      [ASSIGN] white_usv1->black_usv4(机会锁定)
      [ASSIGN] white_usv5->black_usv4(机会锁定)
      [ASSIGN] white_usv3->black_usv5(机会锁定)
      [ASSIGN] white_usv4->black_usv5(机会锁定)
      [ASSIGN] white_usv1->black_usv2(机会锁定)
      [ASSIGN] white_usv5->black_usv5(机会锁定)
      [ASSIGN] white_usv3->black_usv4(机会锁定)
      [ASSIGN] white_usv4->black_usv4(机会锁定)
      [ASSIGN] white_usv1->black_usv4(机会锁定)
      [ASSIGN] white_usv5->black_usv4(机会锁定)
[t=8,193s] step=370 | MISSION=NORMAL_C | USV: 5/5 (avail=0 int=4 lock=1 frz=0) | UAV: air=5 rtb=0 chg=0 loiter=0 | TRACKS: vis=7 lost=0 engaged=1 | TOP: black_usv1(x179,055) black_usv4(x183,099) black_usv7(x191,191) | KILL=3 | ACTIONS=10 | INTENT: focus=2 ratio=0.20
      [ASSIGN] white_usv3->black_usv5(机会锁定)
      [ASSIGN] white_usv4->black_usv5(机会锁定)
      [ASSIGN] white_usv1->black_usv2(机会锁定)
      [ASSIGN] white_usv5->black_usv5(机会锁定)
      [ASSIGN] white_usv3->black_usv4(机会锁定)
      [ASSIGN] white_usv4->black_usv4(机会锁定)
      [ASSIGN] white_usv1->black_usv4(机会锁定)
      [ASSIGN] white_usv5->black_usv4(机会锁定)
      [ASSIGN] white_usv3->black_usv5(机会锁定)
      [ASSIGN] white_usv1->black_usv2(机会锁定)
      [ASSIGN] white_usv5->black_usv5(机会锁定)
      [ASSIGN] white_usv3->black_usv4(机会锁定)
      [ASSIGN] white_usv1->black_usv4(机会锁定)
      [ASSIGN] white_usv2->black_usv2(机会锁定)
      [ASSIGN] white_usv1->black_usv2(机会锁定)
      [ASSIGN] white_usv2->black_usv4(机会锁定)
      [KILL] black_usv4
      [RELEASE] white_usv2->black_usv4(目标失效)
      [ASSIGN] white_usv2->black_usv3(机会锁定)
[t=8,452s] step=380 | MISSION=NORMAL_C | USV: 3/5 (avail=0 int=2 lock=1 frz=0) | UAV: air=5 rtb=0 chg=0 loiter=0 | TRACKS: vis=6 lost=0 engaged=1 | TOP: black_usv1(x176,487) black_usv6(x186,617) black_usv7(x189,016) | KILL=3 | ACTIONS=8 | INTENT: focus=2 ratio=0.20
      [KILL] black_usv2
      [RELEASE] white_usv1->black_usv2(目标失效)
      [ASSIGN] white_usv1->black_usv5(机会锁定)
      [ASSIGN] white_usv1->black_usv3(机会锁定)
[t=8,686s] step=390 | MISSION=NORMAL_C | USV: 3/5 (avail=0 int=1 lock=2 frz=0) | UAV: air=5 rtb=0 chg=0 loiter=0 | TRACKS: vis=5 lost=0 engaged=1 | TOP: black_usv1(x174,176) black_usv6(x186,018) black_usv7(x187,052) | KILL=3 | ACTIONS=8 | INTENT: focus=2 ratio=0.20
      [ASSIGN] white_usv2->black_usv6(机会锁定)
      [ASSIGN] white_usv1->black_usv6(机会锁定)
      [KILL] black_usv5
      [RELEASE] white_usv5->black_usv5(目标失效)
      [ASSIGN] white_usv5->black_usv3(机会锁定)
[t=8,880s] step=400 | MISSION=NORMAL_C | USV: 3/5 (avail=0 int=1 lock=2 frz=0) | UAV: air=5 rtb=0 chg=0 loiter=0 | TRACKS: vis=4 lost=0 engaged=1 | TOP: black_usv1(x172,259) black_usv7(x185,422) black_usv6(x184,306) | KILL=4 | ACTIONS=8 | INTENT: focus=2 ratio=0.20
      [ASSIGN] white_usv2->black_usv7(机会锁定)
      [ASSIGN] white_usv1->black_usv7(机会锁定)
[t=9,076s] step=410 | MISSION=NORMAL_C | USV: 3/5 (avail=0 int=1 lock=2 frz=0) | UAV: air=5 rtb=0 chg=0 loiter=0 | TRACKS: vis=4 lost=0 engaged=1 | TOP: black_usv1(x170,325) black_usv6(x183,124) black_usv7(x183,778) | KILL=5 | ACTIONS=8 | INTENT: focus=2 ratio=0.20
[t=9,275s] step=420 | MISSION=NORMAL_C | USV: 3/5 (avail=0 int=1 lock=2 frz=0) | UAV: air=5 rtb=0 chg=0 loiter=0 | TRACKS: vis=4 lost=0 engaged=1 | TOP: black_usv1(x168,364) black_usv6(x183,124) black_usv7(x182,112) | KILL=5 | ACTIONS=8 | INTENT: focus=2 ratio=0.20
      [ASSIGN] white_usv5->black_usv6(机会锁定)
      [KILL] black_usv3
      [ASSIGN] white_usv2->black_usv1(机会锁定)
      [ASSIGN] white_usv1->black_usv1(机会锁定)
      [ASSIGN] white_usv5->black_usv7(机会锁定)
      [ASSIGN] white_usv5->black_usv6(机会锁定)
      [ASSIGN] white_usv5->black_usv7(机会锁定)
      [ASSIGN] white_usv5->black_usv6(机会锁定)
      [ASSIGN] white_usv5->black_usv7(机会锁定)
      [ASSIGN] white_usv5->black_usv6(机会锁定)
      [ASSIGN] white_usv5->black_usv7(机会锁定)
[t=9,475s] step=430 | MISSION=NORMAL_C | USV: 3/5 (avail=0 int=1 lock=2 frz=0) | UAV: air=5 rtb=0 chg=0 loiter=0 | TRACKS: vis=3 lost=0 engaged=1 | TOP: black_usv7(x181,686) black_usv6(x183,124) black_usv1(x166,392) | KILL=6 | ACTIONS=8 | INTENT: focus=2 ratio=0.20
      [ASSIGN] white_usv5->black_usv6(机会锁定)
      [ASSIGN] white_usv5->black_usv7(机会锁定)
      [ASSIGN] white_usv5->black_usv6(机会锁定)
      [ASSIGN] white_usv5->black_usv7(机会锁定)
      [ASSIGN] white_usv5->black_usv6(机会锁定)
      [ASSIGN] white_usv5->black_usv7(机会锁定)
      [ASSIGN] white_usv5->black_usv6(机会锁定)
      [KILL] black_usv6
      [RELEASE] white_usv5->black_usv6(目标失效)
      [ASSIGN] white_usv5->black_usv7(机会锁定)
      [ASSIGN] white_usv2->black_usv7(机会锁定)
      [ASSIGN] white_usv1->black_usv7(机会锁定)
      [ASSIGN] white_usv2->black_usv1(机会锁定)
      [ASSIGN] white_usv1->black_usv1(机会锁定)
[t=9,674s] step=440 | MISSION=NORMAL_C | USV: 3/5 (avail=0 int=3 lock=0 frz=0) | UAV: air=5 rtb=0 chg=0 loiter=0 | TRACKS: vis=2 lost=0 engaged=0 | TOP: black_usv1(x164,712) black_usv7(x181,686) | KILL=7 | ACTIONS=8 | INTENT: focus=2 ratio=0.20
      [ASSIGN] white_usv2->black_usv7(机会锁定)
      [ASSIGN] white_usv1->black_usv7(机会锁定)
      [ASSIGN] white_usv2->black_usv1(机会锁定)
      [ASSIGN] white_usv1->black_usv1(机会锁定)
      [ASSIGN] white_usv2->black_usv7(机会锁定)
      [ASSIGN] white_usv1->black_usv7(机会锁定)
      [ASSIGN] white_usv2->black_usv1(机会锁定)
      [ASSIGN] white_usv1->black_usv1(机会锁定)
      [ASSIGN] white_usv2->black_usv7(机会锁定)
      [ASSIGN] white_usv1->black_usv7(机会锁定)
      [ASSIGN] white_usv2->black_usv1(机会锁定)
      [ASSIGN] white_usv1->black_usv1(机会锁定)
      [ASSIGN] white_usv2->black_usv7(机会锁定)
      [ASSIGN] white_usv1->black_usv7(机会锁定)
      [ASSIGN] white_usv2->black_usv1(机会锁定)
      [ASSIGN] white_usv1->black_usv1(机会锁定)
      [ASSIGN] white_usv2->black_usv7(机会锁定)
      [ASSIGN] white_usv1->black_usv7(机会锁定)
      [ASSIGN] white_usv2->black_usv1(机会锁定)
      [ASSIGN] white_usv1->black_usv1(机会锁定)
[t=9,914s] step=450 | MISSION=NORMAL_C | USV: 3/5 (avail=0 int=3 lock=0 frz=0) | UAV: air=5 rtb=0 chg=0 loiter=0 | TRACKS: vis=2 lost=0 engaged=0 | TOP: black_usv1(x164,712) black_usv7(x181,686) | KILL=7 | ACTIONS=8 | INTENT: focus=2 ratio=0.20
      [KILL] black_usv7
      [RELEASE] white_usv5->black_usv7(目标失效)
      [ASSIGN] white_usv5->black_usv1
[t=10,149s] step=460 | MISSION=NORMAL_C | USV: 3/5 (avail=0 int=3 lock=0 frz=0) | UAV: air=5 rtb=0 chg=0 loiter=0 | TRACKS: vis=1 lost=0 engaged=0 | TOP: black_usv1(x164,712) | KILL=7 | ACTIONS=8 | INTENT: focus=2 ratio=0.20
      [KILL] black_usv1
      [RELEASE] white_usv2->black_usv1(目标失效)
      [RELEASE] white_usv1->black_usv1(目标失效)
      [RELEASE] white_usv5->black_usv1(目标失效)
[t=10,359s] step=470 | MISSION=GLOBAL_R | USV: 3/5 (avail=3 int=0 lock=0 frz=0) | UAV: air=5 rtb=0 chg=0 loiter=0 | TRACKS: vis=0 lost=0 engaged=0 | TOP:  | KILL=7 | ACTIONS=8 | INTENT: focus=2 ratio=0.20
[t=10,563s] step=480 | MISSION=GLOBAL_R | USV: 3/5 (avail=3 int=0 lock=0 frz=0) | UAV: air=5 rtb=0 chg=0 loiter=0 | TRACKS: vis=0 lost=0 engaged=0 | TOP:  | KILL=7 | ACTIONS=8 | INTENT: focus=2 ratio=0.20
[t=10,767s] step=490 | MISSION=GLOBAL_R | USV: 3/5 (avail=3 int=0 lock=0 frz=0) | UAV: air=5 rtb=0 chg=0 loiter=0 | TRACKS: vis=0 lost=0 engaged=0 | TOP:  | KILL=7 | ACTIONS=8 | INTENT: focus=2 ratio=0.20
[t=10,970s] step=500 | MISSION=GLOBAL_R | USV: 3/5 (avail=3 int=0 lock=0 frz=0) | UAV: air=5 rtb=0 chg=0 loiter=0 | TRACKS: vis=0 lost=0 engaged=0 | TOP:  | KILL=7 | ACTIONS=8 | INTENT: focus=2 ratio=0.20
[t=11,172s] step=510 | MISSION=GLOBAL_R | USV: 3/5 (avail=3 int=0 lock=0 frz=0) | UAV: air=5 rtb=0 chg=0 loiter=0 | TRACKS: vis=0 lost=0 engaged=0 | TOP:  | KILL=7 | ACTIONS=8 | INTENT: focus=2 ratio=0.20
[t=11,374s] step=520 | MISSION=GLOBAL_R | USV: 3/5 (avail=3 int=0 lock=0 frz=0) | UAV: air=5 rtb=0 chg=0 loiter=0 | TRACKS: vis=0 lost=0 engaged=0 | TOP:  | KILL=7 | ACTIONS=8 | INTENT: focus=2 ratio=0.20
[t=11,579s] step=530 | MISSION=GLOBAL_R | USV: 3/5 (avail=3 int=0 lock=0 frz=0) | UAV: air=5 rtb=0 chg=0 loiter=0 | TRACKS: vis=0 lost=0 engaged=0 | TOP:  | KILL=7 | ACTIONS=8 | INTENT: focus=2 ratio=0.20
[t=11,783s] step=540 | MISSION=GLOBAL_R | USV: 3/5 (avail=3 int=0 lock=0 frz=0) | UAV: air=5 rtb=0 chg=0 loiter=0 | TRACKS: vis=0 lost=0 engaged=0 | TOP:  | KILL=7 | ACTIONS=8 | INTENT: focus=2 ratio=0.20
[t=11,991s] step=550 | MISSION=GLOBAL_R | USV: 3/5 (avail=3 int=0 lock=0 frz=0) | UAV: air=5 rtb=0 chg=0 loiter=0 | TRACKS: vis=0 lost=0 engaged=0 | TOP:  | KILL=7 | ACTIONS=8 | INTENT: focus=2 ratio=0.20
[t=12,210s] step=560 | MISSION=GLOBAL_R | USV: 3/5 (avail=3 int=0 lock=0 frz=0) | UAV: air=5 rtb=0 chg=0 loiter=0 | TRACKS: vis=0 lost=0 engaged=0 | TOP:  | KILL=7 | ACTIONS=8 | INTENT: focus=2 ratio=0.20
[t=12,432s] step=570 | MISSION=GLOBAL_R | USV: 3/5 (avail=3 int=0 lock=0 frz=0) | UAV: air=5 rtb=0 chg=0 loiter=0 | TRACKS: vis=0 lost=0 engaged=0 | TOP:  | KILL=7 | ACTIONS=8 | INTENT: focus=2 ratio=0.20
[t=12,623s] step=580 | MISSION=GLOBAL_R | USV: 3/5 (avail=3 int=0 lock=0 frz=0) | UAV: air=5 rtb=0 chg=0 loiter=0 | TRACKS: vis=0 lost=0 engaged=0 | TOP:  | KILL=7 | ACTIONS=8 | INTENT: focus=2 ratio=0.20
[t=12,812s] step=590 | MISSION=GLOBAL_R | USV: 3/5 (avail=3 int=0 lock=0 frz=0) | UAV: air=5 rtb=0 chg=0 loiter=0 | TRACKS: vis=0 lost=0 engaged=0 | TOP:  | KILL=7 | ACTIONS=8 | INTENT: focus=2 ratio=0.20
[t=13,012s] step=600 | MISSION=GLOBAL_R | USV: 3/5 (avail=3 int=0 lock=0 frz=0) | UAV: air=5 rtb=0 chg=0 loiter=0 | TRACKS: vis=0 lost=0 engaged=0 | TOP:  | KILL=7 | ACTIONS=8 | INTENT: focus=2 ratio=0.20
[t=13,216s] step=610 | MISSION=GLOBAL_R | USV: 3/5 (avail=3 int=0 lock=0 frz=0) | UAV: air=5 rtb=0 chg=0 loiter=0 | TRACKS: vis=0 lost=0 engaged=0 | TOP:  | KILL=7 | ACTIONS=8 | INTENT: focus=2 ratio=0.20
[t=13,413s] step=620 | MISSION=GLOBAL_R | USV: 3/5 (avail=3 int=0 lock=0 frz=0) | UAV: air=5 rtb=0 chg=0 loiter=0 | TRACKS: vis=0 lost=0 engaged=0 | TOP:  | KILL=7 | ACTIONS=8 | INTENT: focus=2 ratio=0.20
[t=13,613s] step=630 | MISSION=GLOBAL_R | USV: 3/5 (avail=3 int=0 lock=0 frz=0) | UAV: air=5 rtb=0 chg=0 loiter=0 | TRACKS: vis=0 lost=0 engaged=0 | TOP:  | KILL=7 | ACTIONS=8 | INTENT: focus=2 ratio=0.20
[t=13,816s] step=640 | MISSION=GLOBAL_R | USV: 3/5 (avail=3 int=0 lock=0 frz=0) | UAV: air=5 rtb=0 chg=0 loiter=0 | TRACKS: vis=0 lost=0 engaged=0 | TOP:  | KILL=7 | ACTIONS=8 | INTENT: focus=2 ratio=0.20
[t=14,033s] step=650 | MISSION=GLOBAL_R | USV: 3/5 (avail=3 int=0 lock=0 frz=0) | UAV: air=5 rtb=0 chg=0 loiter=0 | TRACKS: vis=0 lost=0 engaged=0 | TOP:  | KILL=7 | ACTIONS=8 | INTENT: focus=2 ratio=0.20
[t=14,253s] step=660 | MISSION=GLOBAL_R | USV: 3/5 (avail=3 int=0 lock=0 frz=0) | UAV: air=5 rtb=0 chg=0 loiter=0 | TRACKS: vis=0 lost=0 engaged=0 | TOP:  | KILL=7 | ACTIONS=8 | INTENT: focus=2 ratio=0.20
[t=14,473s] step=670 | MISSION=GLOBAL_R | USV: 3/5 (avail=3 int=0 lock=0 frz=0) | UAV: air=5 rtb=0 chg=0 loiter=0 | TRACKS: vis=0 lost=0 engaged=0 | TOP:  | KILL=7 | ACTIONS=8 | INTENT: focus=2 ratio=0.20
[t=14,693s] step=680 | MISSION=GLOBAL_R | USV: 3/5 (avail=3 int=0 lock=0 frz=0) | UAV: air=5 rtb=0 chg=0 loiter=0 | TRACKS: vis=0 lost=0 engaged=0 | TOP:  | KILL=7 | ACTIONS=8 | INTENT: focus=2 ratio=0.20
[t=14,925s] step=690 | MISSION=GLOBAL_R | USV: 3/5 (avail=3 int=0 lock=0 frz=0) | UAV: air=5 rtb=0 chg=0 loiter=0 | TRACKS: vis=0 lost=0 engaged=0 | TOP:  | KILL=7 | ACTIONS=8 | INTENT: focus=2 ratio=0.20
[t=15,145s] step=700 | MISSION=GLOBAL_R | USV: 3/5 (avail=3 int=0 lock=0 frz=0) | UAV: air=5 rtb=0 chg=0 loiter=0 | TRACKS: vis=0 lost=0 engaged=0 | TOP:  | KILL=7 | ACTIONS=8 | INTENT: focus=2 ratio=0.20
[t=15,373s] step=710 | MISSION=GLOBAL_R | USV: 3/5 (avail=3 int=0 lock=0 frz=0) | UAV: air=5 rtb=0 chg=0 loiter=0 | TRACKS: vis=0 lost=0 engaged=0 | TOP:  | KILL=7 | ACTIONS=8 | INTENT: focus=2 ratio=0.20
[t=15,613s] step=720 | MISSION=GLOBAL_R | USV: 3/5 (avail=3 int=0 lock=0 frz=0) | UAV: air=5 rtb=0 chg=0 loiter=0 | TRACKS: vis=0 lost=0 engaged=0 | TOP:  | KILL=7 | ACTIONS=8 | INTENT: focus=2 ratio=0.20
[t=15,848s] step=730 | MISSION=GLOBAL_R | USV: 3/5 (avail=3 int=0 lock=0 frz=0) | UAV: air=5 rtb=0 chg=0 loiter=0 | TRACKS: vis=0 lost=0 engaged=0 | TOP:  | KILL=7 | ACTIONS=8 | INTENT: focus=2 ratio=0.20
[t=16,112s] step=740 | MISSION=GLOBAL_R | USV: 3/5 (avail=3 int=0 lock=0 frz=0) | UAV: air=5 rtb=0 chg=0 loiter=0 | TRACKS: vis=0 lost=0 engaged=0 | TOP:  | KILL=7 | ACTIONS=8 | INTENT: focus=2 ratio=0.20
[t=16,341s] step=750 | MISSION=GLOBAL_R | USV: 3/5 (avail=3 int=0 lock=0 frz=0) | UAV: air=5 rtb=0 chg=0 loiter=0 | TRACKS: vis=0 lost=0 engaged=0 | TOP:  | KILL=7 | ACTIONS=8 | INTENT: focus=2 ratio=0.20
      [DETECT] black_usv8
      [ASSIGN] white_usv2->black_usv8
      [ASSIGN] white_usv1->black_usv8
      [ASSIGN] white_usv5->black_usv8
[t=16,571s] step=760 | MISSION=NORMAL_C | USV: 3/5 (avail=3 int=0 lock=0 frz=0) | UAV: air=5 rtb=0 chg=0 loiter=0 | TRACKS: vis=1 lost=0 engaged=0 | TOP: black_usv8(x111,346) | KILL=7 | ACTIONS=8 | INTENT: focus=2 ratio=0.20
[t=16,794s] step=770 | MISSION=NORMAL_C | USV: 3/5 (avail=0 int=3 lock=0 frz=0) | UAV: air=5 rtb=0 chg=0 loiter=0 | TRACKS: vis=0 lost=1 engaged=0 | TOP: black_usv8(x109,117) | KILL=7 | ACTIONS=8 | INTENT: focus=2 ratio=0.20
[t=17,019s] step=780 | MISSION=NORMAL_C | USV: 3/5 (avail=0 int=3 lock=0 frz=0) | UAV: air=5 rtb=0 chg=0 loiter=0 | TRACKS: vis=1 lost=0 engaged=0 | TOP: black_usv8(x106,878) | KILL=7 | ACTIONS=8 | INTENT: focus=2 ratio=0.20
[t=17,238s] step=790 | MISSION=NORMAL_C | USV: 3/5 (avail=0 int=3 lock=0 frz=0) | UAV: air=5 rtb=0 chg=0 loiter=0 | TRACKS: vis=1 lost=0 engaged=0 | TOP: black_usv8(x104,684) | KILL=7 | ACTIONS=8 | INTENT: focus=2 ratio=0.20
[t=17,458s] step=800 | MISSION=NORMAL_C | USV: 3/5 (avail=0 int=3 lock=0 frz=0) | UAV: air=5 rtb=0 chg=0 loiter=0 | TRACKS: vis=1 lost=0 engaged=0 | TOP: black_usv8(x102,488) | KILL=7 | ACTIONS=8 | INTENT: focus=2 ratio=0.20
[t=17,684s] step=810 | MISSION=NORMAL_C | USV: 3/5 (avail=0 int=3 lock=0 frz=0) | UAV: air=5 rtb=0 chg=0 loiter=0 | TRACKS: vis=1 lost=0 engaged=0 | TOP: black_usv8(x100,227) | KILL=7 | ACTIONS=8 | INTENT: focus=2 ratio=0.20
[t=17,909s] step=820 | MISSION=NORMAL_C | USV: 3/5 (avail=0 int=3 lock=0 frz=0) | UAV: air=5 rtb=0 chg=0 loiter=0 | TRACKS: vis=1 lost=0 engaged=0 | TOP: black_usv8(x97,980) | KILL=7 | ACTIONS=8 | INTENT: focus=2 ratio=0.20
[t=18,138s] step=830 | MISSION=NORMAL_C | USV: 3/5 (avail=0 int=3 lock=0 frz=0) | UAV: air=5 rtb=0 chg=0 loiter=0 | TRACKS: vis=1 lost=0 engaged=0 | TOP: black_usv8(x95,699) | KILL=7 | ACTIONS=8 | INTENT: focus=2 ratio=0.20
[t=18,350s] step=840 | MISSION=NORMAL_C | USV: 3/5 (avail=0 int=2 lock=1 frz=0) | UAV: air=5 rtb=0 chg=0 loiter=0 | TRACKS: vis=1 lost=0 engaged=1 | TOP: black_usv8(x93,576) | KILL=7 | ACTIONS=8 | INTENT: focus=2 ratio=0.20
[t=18,599s] step=850 | MISSION=NORMAL_C | USV: 3/5 (avail=0 int=3 lock=0 frz=0) | UAV: air=5 rtb=0 chg=0 loiter=0 | TRACKS: vis=1 lost=0 engaged=0 | TOP: black_usv8(x91,304) | KILL=7 | ACTIONS=8 | INTENT: focus=2 ratio=0.20
[t=18,831s] step=860 | MISSION=NORMAL_C | USV: 3/5 (avail=0 int=1 lock=2 frz=0) | UAV: air=5 rtb=0 chg=0 loiter=0 | TRACKS: vis=1 lost=0 engaged=1 | TOP: black_usv8(x91,304) | KILL=7 | ACTIONS=8 | INTENT: focus=2 ratio=0.20

========================================================================
对局结果: Result.Victory — 敌方所有单位被击毁
  击杀蓝舰: 8 | 命中: 16 | 我方USV损失: 2 | UAV损失: 0 | 突破: 0
[META] result=Result.Victory victory_time=19032 first_detection=1558 first_lock=7377 first_kill=8376 enemy_kills=8 friendly_usv_losses=2 friendly_uav_losses=0 black_breakthrough=0 reacquire_attempts=52 reacquire_success=52 sensor_assisted_locks=64 low_conf_commitments=0 global_reacquire_entries=1 global_reacquire_success=1 coverage_collapse_events=1 active_clusters_max=1 coverage_quality_final=0.27 commander_source=default_intent commander_calls=0 commander_changes=0 commander_no_change=0 commander_parse_failures=0 commander_api_failures=0 commander_policy_failures=0 commander_avg_latency=0.0
Done
