========================================================================
HYBRID AGENT V5 — Variable-Cardinality Hierarchical Maritime Agent
  启用UAV: True | LLM_ENABLED: False
========================================================================
对局 108 开始
      [UAV RELAUNCH] white_uav2
      [UAV RELAUNCH] white_uav3
      [UAV RELAUNCH] white_uav6
      [UAV RELAUNCH] white_uav1
      [UAV RELAUNCH] white_uav7
      [UAV RELAUNCH] white_uav8
      [UAV RELAUNCH] white_uav4
      [UAV RELAUNCH] white_uav5
      [UAV RELAUNCH] white_uav10
      [UAV RELAUNCH] white_uav9
[t=224s] step=10 | MISSION=NORMAL_C | USV: 10/10 (avail=10 int=0 lock=0 frz=0) | UAV: air=10 rtb=0 chg=0 loiter=0 | TRACKS: vis=0 lost=0 engaged=0 | TOP:  | KILL=0 | ACTIONS=20 | INTENT: focus=2 ratio=0.20
  [INTENT APPLIED]
    ThreatAllocator: focus 2 emergency 3 reserve_ratio 0.20 reserve_usvs None bias breakthrough_eta
    UAVManager: mode search_and_reacquire uav_priority []
[t=470s] step=20 | MISSION=NORMAL_C | USV: 10/10 (avail=10 int=0 lock=0 frz=0) | UAV: air=10 rtb=0 chg=0 loiter=0 | TRACKS: vis=0 lost=0 engaged=0 | TOP:  | KILL=0 | ACTIONS=20 | INTENT: focus=2 ratio=0.20
[t=717s] step=30 | MISSION=NORMAL_C | USV: 10/10 (avail=10 int=0 lock=0 frz=0) | UAV: air=10 rtb=0 chg=0 loiter=0 | TRACKS: vis=0 lost=0 engaged=0 | TOP:  | KILL=0 | ACTIONS=20 | INTENT: focus=2 ratio=0.20
[t=963s] step=40 | MISSION=NORMAL_C | USV: 10/10 (avail=10 int=0 lock=0 frz=0) | UAV: air=10 rtb=0 chg=0 loiter=0 | TRACKS: vis=0 lost=0 engaged=0 | TOP:  | KILL=0 | ACTIONS=20 | INTENT: focus=2 ratio=0.20
[t=1,201s] step=50 | MISSION=NORMAL_C | USV: 10/10 (avail=10 int=0 lock=0 frz=0) | UAV: air=10 rtb=0 chg=0 loiter=0 | TRACKS: vis=0 lost=0 engaged=0 | TOP:  | KILL=0 | ACTIONS=20 | INTENT: focus=2 ratio=0.20
[t=1,427s] step=60 | MISSION=NORMAL_C | USV: 10/10 (avail=10 int=0 lock=0 frz=0) | UAV: air=10 rtb=0 chg=0 loiter=0 | TRACKS: vis=0 lost=0 engaged=0 | TOP:  | KILL=0 | ACTIONS=20 | INTENT: focus=2 ratio=0.20
      [DETECT] black_uav7
      [DETECT] black_uav13
      [DETECT] black_uav17
      [DETECT] black_uav21
      [DETECT] black_uav19
      [DETECT] black_uav20
      [DETECT] black_uav10
      [DETECT] black_uav12
      [DETECT] black_uav18
      [DETECT] black_uav15
      [DETECT] black_uav14
      [DETECT] black_uav11
      [DETECT] black_uav8
      [DETECT] black_uav9
      [DETECT] black_uav16
      [DETECT] black_uav22
      [DETECT] black_uav3
      [DETECT] black_uav23
      [DETECT] black_uav6
      [DETECT] black_uav26
      [DETECT] black_uav25
      [DETECT] black_uav2
      [DETECT] black_uav1
      [DETECT] black_uav4
      [DETECT] black_uav24
      [DETECT] black_uav27
      [DETECT] black_uav5
[t=1,668s] step=70 | MISSION=NORMAL_C | USV: 10/10 (avail=10 int=0 lock=0 frz=0) | UAV: air=10 rtb=0 chg=0 loiter=0 | TRACKS: vis=27 lost=0 engaged=0 | TOP: black_uav7(x209,194) black_uav13(x209,194) black_uav17(x209,194) | KILL=0 | ACTIONS=20 | INTENT: focus=2 ratio=0.20
      [DETECT] black_usv22
      [DETECT] black_usv10
      [DETECT] black_usv8
      [DETECT] black_usv14
      [DETECT] black_usv5
      [DETECT] black_usv19
      [DETECT] black_usv24
      [DETECT] black_usv4
      [DETECT] black_usv18
      [DETECT] black_usv25
      [DETECT] black_usv20
      [DETECT] black_usv17
      [DETECT] black_usv12
      [DETECT] black_usv13
      [DETECT] black_usv9
      [DETECT] black_usv23
      [DETECT] black_usv11
      [DETECT] black_usv3
      [ASSIGN] white_usv1->black_usv4
      [ASSIGN] white_usv5->black_usv12
      [ASSIGN] white_usv6->black_usv11
      [ASSIGN] white_usv8->black_usv24
      [ASSIGN] white_usv7->black_usv19
      [ASSIGN] white_usv2->black_usv5
      [ASSIGN] white_usv3->black_usv23
      [ASSIGN] white_usv4->black_usv13
      [DETECT] black_usv16
      [DETECT] black_usv21
      [DETECT] black_usv6
      [DETECT] black_usv1
      [DETECT] black_usv15
      [DETECT] black_usv28
      [DETECT] black_usv2
      [ASSIGN] white_usv9->black_usv2
      [ASSIGN] white_usv10->black_usv28
      [DETECT] black_usv7
      [DETECT] black_usv27
[t=1,901s] step=80 | MISSION=NORMAL_C | USV: 10/10 (avail=0 int=10 lock=0 frz=0) | UAV: air=10 rtb=0 chg=0 loiter=0 | TRACKS: vis=54 lost=0 engaged=0 | TOP: black_usv18(x241,135) black_usv20(x241,142) black_usv9(x241,163) | KILL=0 | ACTIONS=20 | INTENT: focus=2 ratio=0.20
      [DETECT] black_usv26
[t=2,141s] step=90 | MISSION=NORMAL_C | USV: 10/10 (avail=0 int=10 lock=0 frz=0) | UAV: air=10 rtb=0 chg=0 loiter=0 | TRACKS: vis=44 lost=7 engaged=0 | TOP: black_usv18(x238,755) black_usv20(x238,763) black_usv9(x238,786) | KILL=0 | ACTIONS=20 | INTENT: focus=2 ratio=0.20
[t=2,381s] step=100 | MISSION=NORMAL_C | USV: 10/10 (avail=0 int=10 lock=0 frz=0) | UAV: air=10 rtb=0 chg=0 loiter=0 | TRACKS: vis=32 lost=14 engaged=0 | TOP: black_usv18(x236,374) black_usv20(x236,383) black_usv9(x236,409) | KILL=0 | ACTIONS=20 | INTENT: focus=2 ratio=0.20
[t=2,613s] step=110 | MISSION=NORMAL_C | USV: 10/10 (avail=0 int=10 lock=0 frz=0) | UAV: air=10 rtb=0 chg=0 loiter=0 | TRACKS: vis=31 lost=2 engaged=0 | TOP: black_usv18(x234,073) black_usv20(x234,083) black_usv9(x234,111) | KILL=0 | ACTIONS=20 | INTENT: focus=2 ratio=0.20
      [DETECT] black_uav8
      [DETECT] black_uav21
      [DETECT] black_uav18
      [DETECT] black_uav11
      [DETECT] black_uav7
[t=2,861s] step=120 | MISSION=NORMAL_C | USV: 10/10 (avail=0 int=10 lock=0 frz=0) | UAV: air=10 rtb=0 chg=0 loiter=0 | TRACKS: vis=38 lost=0 engaged=0 | TOP: black_usv18(x231,614) black_usv20(x231,624) black_usv9(x231,655) | KILL=0 | ACTIONS=20 | INTENT: focus=2 ratio=0.20
      [DETECT] black_uav17
      [DETECT] black_uav22
      [DETECT] black_uav12
      [DETECT] black_uav2
      [DETECT] black_uav6
      [DETECT] black_uav23
      [DETECT] black_uav16
      [DETECT] black_uav5
[t=3,105s] step=130 | MISSION=NORMAL_C | USV: 10/10 (avail=0 int=10 lock=0 frz=0) | UAV: air=10 rtb=0 chg=0 loiter=0 | TRACKS: vis=44 lost=2 engaged=0 | TOP: black_usv18(x229,193) black_usv20(x229,205) black_usv9(x229,238) | KILL=0 | ACTIONS=20 | INTENT: focus=2 ratio=0.20
      [DETECT] black_uav4
      [DETECT] black_uav15
      [DETECT] black_uav24
      [DETECT] black_uav3
      [DETECT] black_uav25
      [DETECT] black_uav14
[t=3,342s] step=140 | MISSION=NORMAL_C | USV: 10/10 (avail=0 int=10 lock=0 frz=0) | UAV: air=10 rtb=0 chg=0 loiter=0 | TRACKS: vis=52 lost=0 engaged=0 | TOP: black_usv18(x226,843) black_usv20(x226,855) black_usv9(x226,891) | KILL=0 | ACTIONS=20 | INTENT: focus=2 ratio=0.20
      [DETECT] black_uav13
[t=3,599s] step=150 | MISSION=NORMAL_C | USV: 10/10 (avail=0 int=10 lock=0 frz=0) | UAV: air=10 rtb=0 chg=0 loiter=0 | TRACKS: vis=40 lost=13 engaged=0 | TOP: black_usv18(x224,294) black_usv20(x224,307) black_usv9(x224,346) | KILL=0 | ACTIONS=20 | INTENT: focus=2 ratio=0.20
      [DETECT] black_uav26
      [DETECT] black_uav27
[t=3,869s] step=160 | MISSION=NORMAL_C | USV: 10/10 (avail=0 int=10 lock=0 frz=0) | UAV: air=10 rtb=0 chg=0 loiter=0 | TRACKS: vis=55 lost=0 engaged=0 | TOP: black_usv18(x221,616) black_usv20(x221,630) black_usv9(x221,672) | KILL=0 | ACTIONS=20 | INTENT: focus=2 ratio=0.20
[t=4,059s] step=170 | MISSION=NORMAL_C | USV: 10/10 (avail=0 int=10 lock=0 frz=0) | UAV: air=10 rtb=0 chg=0 loiter=0 | TRACKS: vis=55 lost=0 engaged=0 | TOP: black_usv18(x219,731) black_usv20(x219,747) black_usv9(x219,790) | KILL=0 | ACTIONS=20 | INTENT: focus=2 ratio=0.20
[t=4,171s] step=180 | MISSION=NORMAL_C | USV: 10/10 (avail=0 int=10 lock=0 frz=0) | UAV: air=10 rtb=0 chg=0 loiter=0 | TRACKS: vis=55 lost=0 engaged=0 | TOP: black_usv18(x218,620) black_usv20(x218,636) black_usv9(x218,681) | KILL=0 | ACTIONS=20 | INTENT: focus=2 ratio=0.20
[t=4,281s] step=190 | MISSION=NORMAL_C | USV: 10/10 (avail=0 int=10 lock=0 frz=0) | UAV: air=10 rtb=0 chg=0 loiter=0 | TRACKS: vis=54 lost=1 engaged=0 | TOP: black_usv18(x217,529) black_usv20(x217,545) black_usv9(x217,591) | KILL=0 | ACTIONS=20 | INTENT: focus=2 ratio=0.20
[t=4,395s] step=200 | MISSION=NORMAL_C | USV: 10/10 (avail=0 int=10 lock=0 frz=0) | UAV: air=10 rtb=0 chg=0 loiter=0 | TRACKS: vis=55 lost=0 engaged=0 | TOP: black_usv18(x216,399) black_usv20(x216,415) black_usv9(x216,462) | KILL=0 | ACTIONS=20 | INTENT: focus=2 ratio=0.20
[t=4,513s] step=210 | MISSION=NORMAL_C | USV: 10/10 (avail=0 int=10 lock=0 frz=0) | UAV: air=10 rtb=0 chg=0 loiter=0 | TRACKS: vis=55 lost=0 engaged=0 | TOP: black_usv18(x215,228) black_usv20(x215,245) black_usv9(x215,294) | KILL=0 | ACTIONS=20 | INTENT: focus=2 ratio=0.20
[t=4,627s] step=220 | MISSION=NORMAL_C | USV: 10/10 (avail=0 int=10 lock=0 frz=0) | UAV: air=10 rtb=0 chg=0 loiter=0 | TRACKS: vis=55 lost=0 engaged=0 | TOP: black_usv18(x214,098) black_usv20(x214,115) black_usv9(x214,165) | KILL=0 | ACTIONS=20 | INTENT: focus=2 ratio=0.20
[t=4,750s] step=230 | MISSION=NORMAL_C | USV: 10/10 (avail=0 int=10 lock=0 frz=0) | UAV: air=10 rtb=0 chg=0 loiter=0 | TRACKS: vis=55 lost=0 engaged=0 | TOP: black_usv18(x212,878) black_usv20(x212,895) black_usv9(x212,946) | KILL=0 | ACTIONS=20 | INTENT: focus=2 ratio=0.20
[t=4,875s] step=240 | MISSION=NORMAL_C | USV: 10/10 (avail=0 int=10 lock=0 frz=0) | UAV: air=10 rtb=0 chg=0 loiter=0 | TRACKS: vis=55 lost=0 engaged=0 | TOP: black_usv18(x211,638) black_usv20(x211,656) black_usv9(x211,708) | KILL=0 | ACTIONS=20 | INTENT: focus=2 ratio=0.20
[t=5,003s] step=250 | MISSION=NORMAL_C | USV: 10/10 (avail=0 int=10 lock=0 frz=0) | UAV: air=10 rtb=0 chg=0 loiter=0 | TRACKS: vis=55 lost=0 engaged=0 | TOP: black_usv18(x210,368) black_usv20(x210,387) black_usv9(x210,441) | KILL=0 | ACTIONS=20 | INTENT: focus=2 ratio=0.20
[t=5,136s] step=260 | MISSION=NORMAL_C | USV: 10/10 (avail=0 int=10 lock=0 frz=0) | UAV: air=10 rtb=0 chg=0 loiter=0 | TRACKS: vis=55 lost=0 engaged=0 | TOP: black_usv18(x209,049) black_usv20(x209,068) black_usv9(x209,123) | KILL=0 | ACTIONS=20 | INTENT: focus=2 ratio=0.20
[t=5,331s] step=270 | MISSION=NORMAL_C | USV: 10/10 (avail=0 int=10 lock=0 frz=0) | UAV: air=10 rtb=0 chg=0 loiter=0 | TRACKS: vis=55 lost=0 engaged=0 | TOP: black_usv18(x207,115) black_usv20(x207,135) black_usv9(x207,192) | KILL=0 | ACTIONS=20 | INTENT: focus=2 ratio=0.20
[t=5,563s] step=280 | MISSION=NORMAL_C | USV: 10/10 (avail=0 int=10 lock=0 frz=0) | UAV: air=10 rtb=0 chg=0 loiter=0 | TRACKS: vis=55 lost=0 engaged=0 | TOP: black_usv18(x204,814) black_usv20(x204,835) black_usv9(x204,894) | KILL=0 | ACTIONS=20 | INTENT: focus=2 ratio=0.20
[t=5,804s] step=290 | MISSION=NORMAL_C | USV: 10/10 (avail=0 int=10 lock=0 frz=0) | UAV: air=10 rtb=0 chg=0 loiter=0 | TRACKS: vis=54 lost=1 engaged=0 | TOP: black_usv18(x202,423) black_usv20(x202,444) black_usv9(x202,507) | KILL=0 | ACTIONS=20 | INTENT: focus=2 ratio=0.20
[t=6,075s] step=300 | MISSION=NORMAL_C | USV: 10/10 (avail=0 int=10 lock=0 frz=0) | UAV: air=10 rtb=0 chg=0 loiter=0 | TRACKS: vis=28 lost=22 engaged=0 | TOP: black_usv18(x199,736) black_usv20(x199,759) black_usv9(x199,824) | KILL=0 | ACTIONS=20 | INTENT: focus=2 ratio=0.20
[t=6,327s] step=310 | MISSION=NORMAL_C | USV: 10/10 (avail=0 int=10 lock=0 frz=0) | UAV: air=10 rtb=0 chg=0 loiter=0 | TRACKS: vis=28 lost=0 engaged=0 | TOP: black_usv18(x197,236) black_usv20(x197,260) black_usv9(x197,328) | KILL=0 | ACTIONS=20 | INTENT: focus=2 ratio=0.20
[t=6,607s] step=320 | MISSION=NORMAL_C | USV: 10/10 (avail=0 int=10 lock=0 frz=0) | UAV: air=10 rtb=0 chg=0 loiter=0 | TRACKS: vis=28 lost=0 engaged=0 | TOP: black_usv18(x194,459) black_usv20(x194,484) black_usv9(x194,555) | KILL=0 | ACTIONS=20 | INTENT: focus=2 ratio=0.20
[t=6,877s] step=330 | MISSION=NORMAL_C | USV: 10/10 (avail=0 int=10 lock=0 frz=0) | UAV: air=10 rtb=0 chg=0 loiter=0 | TRACKS: vis=28 lost=0 engaged=0 | TOP: black_usv18(x191,781) black_usv20(x191,807) black_usv9(x191,881) | KILL=0 | ACTIONS=20 | INTENT: focus=2 ratio=0.20
[t=7,153s] step=340 | MISSION=NORMAL_C | USV: 10/10 (avail=0 int=10 lock=0 frz=0) | UAV: air=10 rtb=0 chg=0 loiter=0 | TRACKS: vis=28 lost=0 engaged=0 | TOP: black_usv18(x189,044) black_usv20(x189,070) black_usv9(x189,147) | KILL=0 | ACTIONS=20 | INTENT: focus=2 ratio=0.20
      [ASSIGN] white_usv4->black_usv12(机会锁定)
      [ASSIGN] white_usv8->black_usv19(机会锁定)
[t=7,435s] step=350 | MISSION=NORMAL_C | USV: 10/10 (avail=0 int=2 lock=8 frz=0) | UAV: air=10 rtb=0 chg=0 loiter=0 | TRACKS: vis=26 lost=2 engaged=6 | TOP: black_usv13(x185,707) black_usv18(x186,247) black_usv20(x186,275) | KILL=0 | ACTIONS=20 | INTENT: focus=2 ratio=0.20
      [ASSIGN] white_usv3->black_usv19(机会锁定)
      [ASSIGN] white_usv9->black_usv13(机会锁定)
      [ASSIGN] white_usv5->black_usv18(机会锁定)
      [ASSIGN] white_usv6->black_usv9(机会锁定)
      [ASSIGN] white_usv7->black_usv14(机会锁定)
      [ASSIGN] white_usv2->black_usv2(机会锁定)
      [ASSIGN] white_usv4->black_usv9(机会锁定)
      [ASSIGN] white_usv10->black_usv22(机会锁定)
      [ASSIGN] white_usv1->black_usv5(机会锁定)
      [ASSIGN] white_usv8->black_usv28(机会锁定)
[t=7,713s] step=360 | MISSION=NORMAL_C | USV: 10/10 (avail=0 int=2 lock=8 frz=0) | UAV: air=10 rtb=0 chg=0 loiter=0 | TRACKS: vis=24 lost=4 engaged=7 | TOP: black_usv5(x182,874) black_usv11(x182,948) black_usv28(x183,379) | KILL=0 | ACTIONS=20 | INTENT: focus=2 ratio=0.20
      [ASSIGN] white_usv3->black_usv20(机会锁定)
      [ASSIGN] white_usv9->black_usv11(机会锁定)
[t=7,961s] step=370 | MISSION=NORMAL_C | USV: 10/10 (avail=0 int=0 lock=10 frz=0) | UAV: air=10 rtb=0 chg=0 loiter=0 | TRACKS: vis=27 lost=0 engaged=9 | TOP: black_usv4(x180,873) black_usv13(x181,961) black_usv1(x181,356) | KILL=0 | ACTIONS=20 | INTENT: focus=2 ratio=0.20
      [ASSIGN] white_usv5->black_usv8(机会锁定)
      [ASSIGN] white_usv6->black_usv18(机会锁定)
      [ASSIGN] white_usv7->black_usv19(机会锁定)
      [ASSIGN] white_usv2->black_usv4(机会锁定)
      [ASSIGN] white_usv4->black_usv18(机会锁定)
      [ASSIGN] white_usv10->black_usv24(机会锁定)
      [ASSIGN] white_usv1->black_usv2(机会锁定)
      [ASSIGN] white_usv8->black_usv14(机会锁定)
      [DETECT] black_usv7
      [ASSIGN] white_usv3->black_usv9(机会锁定)
      [ASSIGN] white_usv9->black_usv20(机会锁定)
[t=8,239s] step=380 | MISSION=NORMAL_C | USV: 10/10 (avail=0 int=0 lock=10 frz=0) | UAV: air=10 rtb=0 chg=0 loiter=0 | TRACKS: vis=26 lost=2 engaged=9 | TOP: black_usv11(x177,694) black_usv1(x178,610) black_usv5(x179,804) | KILL=1 | ACTIONS=20 | INTENT: focus=2 ratio=0.20
      [ASSIGN] white_usv5->black_usv11(机会锁定)
      [ASSIGN] white_usv6->black_usv8(机会锁定)
      [ASSIGN] white_usv7->black_usv8(机会锁定)
      [ASSIGN] white_usv2->black_usv5(机会锁定)
      [ASSIGN] white_usv4->black_usv8(机会锁定)
      [ASSIGN] white_usv10->black_usv22(机会锁定)
      [ASSIGN] white_usv1->black_usv4(机会锁定)
      [ASSIGN] white_usv8->black_usv24(机会锁定)
      [ASSIGN] white_usv3->black_usv25(机会锁定)
      [ASSIGN] white_usv9->black_usv12(机会锁定)
[t=8,487s] step=390 | MISSION=NORMAL_C | USV: 10/10 (avail=0 int=0 lock=10 frz=0) | UAV: air=10 rtb=0 chg=0 loiter=0 | TRACKS: vis=27 lost=0 engaged=8 | TOP: black_usv1(x176,160) black_usv13(x178,204) black_usv20(x178,829) | KILL=5 | ACTIONS=20 | INTENT: focus=2 ratio=0.20
      [DETECT] black_usv7
      [ASSIGN] white_usv5->black_usv13(机会锁定)
      [KILL] black_usv28
      [ASSIGN] white_usv7->black_usv11(机会锁定)
      [ASSIGN] white_usv2->black_usv11(机会锁定)
      [ASSIGN] white_usv10->black_usv23(机会锁定)
      [ASSIGN] white_usv1->black_usv1(机会锁定)
      [ASSIGN] white_usv8->black_usv22(机会锁定)
      [ASSIGN] white_usv8->black_usv24(机会锁定)
      [ASSIGN] white_usv8->black_usv22(机会锁定)
      [ASSIGN] white_usv3->black_usv8(机会锁定)
[t=8,790s] step=400 | MISSION=NORMAL_C | USV: 7/10 (avail=0 int=2 lock=5 frz=0) | UAV: air=10 rtb=0 chg=0 loiter=0 | TRACKS: vis=26 lost=1 engaged=4 | TOP: black_usv5(x175,115) black_usv8(x174,534) black_usv12(x175,254) | KILL=9 | ACTIONS=17 | INTENT: focus=2 ratio=0.20
      [ASSIGN] white_usv8->black_usv24(机会锁定)
      [ASSIGN] white_usv8->black_usv22(机会锁定)
      [ASSIGN] white_usv8->black_usv24(机会锁定)
      [ASSIGN] white_usv8->black_usv20(机会锁定)
      [KILL] black_usv14
      [KILL] black_usv19
      [KILL] black_usv18
      [KILL] black_usv2
      [ASSIGN] white_usv5->black_usv9(机会锁定)
      [ASSIGN] white_usv7->black_usv25(机会锁定)
      [ASSIGN] white_usv2->black_usv5(机会锁定)
      [ASSIGN] white_usv10->black_usv22(机会锁定)
      [ASSIGN] white_usv1->black_usv4(机会锁定)
      [ASSIGN] white_usv10->black_usv23(机会锁定)
      [ASSIGN] white_usv1->black_usv1(机会锁定)
      [ASSIGN] white_usv3->black_usv11(机会锁定)
      [ASSIGN] white_usv3->black_usv8(机会锁定)
[t=9,167s] step=410 | MISSION=NORMAL_C | USV: 6/10 (avail=0 int=1 lock=5 frz=0) | UAV: air=10 rtb=0 chg=0 loiter=0 | TRACKS: vis=22 lost=1 engaged=5 | TOP: black_usv5(x171,346) black_usv8(x172,964) black_usv13(x173,628) | KILL=12 | ACTIONS=16 | INTENT: focus=2 ratio=0.20
      [ASSIGN] white_usv3->black_usv11(机会锁定)
      [ASSIGN] white_usv3->black_usv8(机会锁定)
      [KILL] black_usv22
      [ASSIGN] white_usv8->black_usv24(机会锁定)
      [ASSIGN] white_usv3->black_usv11(机会锁定)
      [KILL] black_usv24
      [KILL] black_usv4
      [ASSIGN] white_usv5->black_usv20(机会锁定)
      [RELEASE] white_usv8->black_usv24(目标失效)
      [ASSIGN] white_usv8->black_usv20(机会锁定)
      [ASSIGN] white_usv3->black_usv20(机会锁定)
      [ASSIGN] white_usv5->black_usv9(机会锁定)
      [ASSIGN] white_usv8->black_usv9(机会锁定)
      [ASSIGN] white_usv7->black_usv9(机会锁定)
      [ASSIGN] white_usv3->black_usv9(机会锁定)
      [KILL] black_usv12
      [ASSIGN] white_usv5->black_usv20(机会锁定)
      [ASSIGN] white_usv8->black_usv20(机会锁定)
      [ASSIGN] white_usv7->black_usv20(机会锁定)
      [ASSIGN] white_usv3->black_usv20(机会锁定)
      [ASSIGN] white_usv1->black_usv5(机会锁定)
      [ASSIGN] white_usv5->black_usv9(机会锁定)
      [ASSIGN] white_usv8->black_usv9(机会锁定)
      [ASSIGN] white_usv7->black_usv9(机会锁定)
      [ASSIGN] white_usv3->black_usv9(机会锁定)
      [ASSIGN] white_usv5->black_usv20(机会锁定)
      [ASSIGN] white_usv8->black_usv20(机会锁定)
      [ASSIGN] white_usv3->black_usv20(机会锁定)
      [ASSIGN] white_usv5->black_usv9(机会锁定)
      [ASSIGN] white_usv8->black_usv9(机会锁定)
      [ASSIGN] white_usv3->black_usv9(机会锁定)
      [ASSIGN] white_usv5->black_usv20(机会锁定)
      [ASSIGN] white_usv8->black_usv20(机会锁定)
      [ASSIGN] white_usv3->black_usv20(机会锁定)
[t=9,569s] step=420 | MISSION=NORMAL_C | USV: 5/10 (avail=0 int=3 lock=2 frz=0) | UAV: air=10 rtb=0 chg=0 loiter=0 | TRACKS: vis=19 lost=0 engaged=2 | TOP: black_usv26(x169,612) black_usv1(x170,145) black_usv20(x171,214) | KILL=16 | ACTIONS=15 | INTENT: focus=2 ratio=0.20
      [KILL] black_usv13
      [ASSIGN] white_usv5->black_usv9(机会锁定)
      [ASSIGN] white_usv8->black_usv9(机会锁定)
      [ASSIGN] white_usv3->black_usv23(机会锁定)
      [KILL] black_usv11
      [ASSIGN] white_usv5->black_usv5(机会锁定)
      [KILL] black_usv8
      [ASSIGN] white_usv3->black_usv9(机会锁定)
      [ASSIGN] white_usv5->black_usv20(机会锁定)
      [ASSIGN] white_usv3->black_usv17(机会锁定)
      [ASSIGN] white_usv10->black_usv27(机会锁定)
      [KILL] black_usv20
      [RELEASE] white_usv5->black_usv20(目标失效)
      [ASSIGN] white_usv5->black_usv5(机会锁定)
      [KILL] black_usv9
      [ASSIGN] white_usv5->black_usv25(机会锁定)
      [KILL] black_usv25
      [RELEASE] white_usv5->black_usv25(目标失效)
      [ASSIGN] white_usv5->black_usv5(机会锁定)
      [KILL] black_usv1
[t=10,048s] step=430 | MISSION=NORMAL_C | USV: 3/10 (avail=0 int=1 lock=2 frz=0) | UAV: air=10 rtb=0 chg=0 loiter=0 | TRACKS: vis=12 lost=0 engaged=2 | TOP: black_usv26(x164,881) black_usv6(x171,367) black_usv16(x170,615) | KILL=18 | ACTIONS=13 | INTENT: focus=2 ratio=0.20
      [ASSIGN] white_usv3->black_usv23(机会锁定)
      [ASSIGN] white_usv10->black_usv23(机会锁定)
      [ASSIGN] white_usv5->black_usv17(机会锁定)
      [ASSIGN] white_usv3->black_usv17(机会锁定)
      [ASSIGN] white_usv10->black_usv27(机会锁定)
      [KILL] black_usv23
      [KILL] black_usv5
[t=10,558s] step=440 | MISSION=NORMAL_C | USV: 3/10 (avail=0 int=0 lock=3 frz=0) | UAV: air=10 rtb=0 chg=0 loiter=0 | TRACKS: vis=10 lost=0 engaged=2 | TOP: black_usv26(x159,844) black_usv6(x166,869) black_usv16(x166,376) | KILL=18 | ACTIONS=13 | INTENT: focus=2 ratio=0.20
      [ASSIGN] white_usv5->black_usv10(机会锁定)
      [ASSIGN] white_usv10->black_usv26(机会锁定)
      [ASSIGN] white_usv5->black_usv3(机会锁定)
      [ASSIGN] white_usv10->black_usv27(机会锁定)
      [ASSIGN] white_usv10->black_usv26(机会锁定)
[t=11,095s] step=450 | MISSION=NORMAL_C | USV: 3/10 (avail=0 int=1 lock=2 frz=0) | UAV: air=10 rtb=0 chg=0 loiter=0 | TRACKS: vis=9 lost=1 engaged=2 | TOP: black_usv6(x162,132) black_usv16(x161,913) black_usv15(x165,475) | KILL=20 | ACTIONS=13 | INTENT: focus=2 ratio=0.20
      [KILL] black_usv17
      [KILL] black_usv27
      [RELEASE] white_usv3->black_usv17(目标失效)
      [ASSIGN] white_usv3->black_usv6
      [ASSIGN] white_usv5->black_usv10(机会锁定)
      [ASSIGN] white_usv10->black_usv16(机会锁定)
[t=11,559s] step=460 | MISSION=NORMAL_C | USV: 2/10 (avail=0 int=1 lock=1 frz=0) | UAV: air=10 rtb=0 chg=0 loiter=0 | TRACKS: vis=7 lost=1 engaged=1 | TOP: black_usv26(x154,777) black_usv15(x161,522) black_usv7(x162,947) | KILL=21 | ACTIONS=12 | INTENT: focus=2 ratio=0.20
      [ASSIGN] white_usv10->black_usv26(机会锁定)
      [ASSIGN] white_usv10->black_usv16(机会锁定)
      [KILL] black_usv26
      [ASSIGN] white_usv3->black_usv10(机会锁定)
[t=12,152s] step=470 | MISSION=NORMAL_C | USV: 2/10 (avail=0 int=1 lock=1 frz=0) | UAV: air=10 rtb=0 chg=0 loiter=0 | TRACKS: vis=7 lost=0 engaged=1 | TOP: black_usv6(x152,810) black_usv15(x156,471) black_usv7(x157,969) | KILL=22 | ACTIONS=12 | INTENT: focus=2 ratio=0.20
      [KILL] black_usv16
      [RELEASE] white_usv10->black_usv16(目标失效)
[t=12,780s] step=480 | MISSION=NORMAL_C | USV: 2/10 (avail=0 int=2 lock=0 frz=0) | UAV: air=10 rtb=0 chg=0 loiter=0 | TRACKS: vis=6 lost=0 engaged=0 | TOP: black_usv6(x147,271) black_usv15(x151,121) black_usv7(x152,697) | KILL=23 | ACTIONS=12 | INTENT: focus=2 ratio=0.20
      [ASSIGN] white_usv10->black_usv6
      [ASSIGN] white_usv3->black_usv3(机会锁定)
      [KILL] black_usv10
[t=13,456s] step=490 | MISSION=NORMAL_C | USV: 2/10 (avail=0 int=2 lock=0 frz=0) | UAV: air=10 rtb=0 chg=0 loiter=0 | TRACKS: vis=5 lost=0 engaged=0 | TOP: black_usv15(x145,362) black_usv7(x147,021) black_usv21(x147,286) | KILL=24 | ACTIONS=12 | INTENT: focus=2 ratio=0.20
      [KILL] black_usv3
      [RELEASE] white_usv3->black_usv3(目标失效)
      [ASSIGN] white_usv3->black_usv15
[t=14,165s] step=500 | MISSION=NORMAL_C | USV: 2/10 (avail=0 int=2 lock=0 frz=0) | UAV: air=10 rtb=0 chg=0 loiter=0 | TRACKS: vis=3 lost=1 engaged=0 | TOP: black_usv7(x141,069) black_usv21(x141,348) black_usv6(x135,055) | KILL=24 | ACTIONS=12 | INTENT: focus=2 ratio=0.20
[t=14,770s] step=510 | MISSION=NORMAL_C | USV: 2/10 (avail=0 int=2 lock=0 frz=0) | UAV: air=10 rtb=0 chg=0 loiter=0 | TRACKS: vis=3 lost=1 engaged=0 | TOP: black_usv7(x135,990) black_usv21(x136,280) black_usv6(x129,719) | KILL=24 | ACTIONS=12 | INTENT: focus=2 ratio=0.20
      [ASSIGN] white_usv3->black_usv21(机会锁定)
[t=15,460s] step=520 | MISSION=NORMAL_C | USV: 2/10 (avail=0 int=1 lock=1 frz=0) | UAV: air=10 rtb=0 chg=0 loiter=0 | TRACKS: vis=2 lost=2 engaged=1 | TOP: black_usv15(x128,290) black_usv7(x130,197) black_usv21(x130,501) | KILL=24 | ACTIONS=12 | INTENT: focus=2 ratio=0.20
[t=16,171s] step=530 | MISSION=NORMAL_C | USV: 2/10 (avail=0 int=2 lock=0 frz=0) | UAV: air=10 rtb=0 chg=0 loiter=0 | TRACKS: vis=3 lost=0 engaged=0 | TOP: black_usv15(x122,233) black_usv6(x117,362) black_usv21(x128,432) | KILL=25 | ACTIONS=12 | INTENT: focus=2 ratio=0.20
      [ASSIGN] white_usv10->black_usv21(机会锁定)
      [KILL] black_usv21
      [RELEASE] white_usv3->black_usv21(目标失效)
      [ASSIGN] white_usv3->black_usv15(机会锁定)
      [RELEASE] white_usv10->black_usv21(目标失效)
      [ASSIGN] white_usv10->black_usv6
      [DETECT] black_usv7
[t=16,948s] step=540 | MISSION=NORMAL_C | USV: 2/10 (avail=0 int=1 lock=1 frz=0) | UAV: air=10 rtb=0 chg=0 loiter=0 | TRACKS: vis=3 lost=0 engaged=1 | TOP: black_usv7(x117,704) black_usv15(x115,614) black_usv6(x110,509) | KILL=25 | ACTIONS=12 | INTENT: focus=2 ratio=0.20
[t=17,729s] step=550 | MISSION=NORMAL_C | USV: 2/10 (avail=0 int=2 lock=0 frz=0) | UAV: air=10 rtb=0 chg=0 loiter=0 | TRACKS: vis=3 lost=0 engaged=0 | TOP: black_usv7(x111,147) black_usv6(x103,620) black_usv15(x113,953) | KILL=26 | ACTIONS=12 | INTENT: focus=2 ratio=0.20
      [ASSIGN] white_usv10->black_usv15(机会锁定)
      [KILL] black_usv15
      [RELEASE] white_usv3->black_usv15(目标失效)
      [RELEASE] white_usv10->black_usv15(目标失效)
      [ASSIGN] white_usv3->black_usv6
      [ASSIGN] white_usv10->black_usv7
[t=18,385s] step=560 | MISSION=NORMAL_C | USV: 2/10 (avail=0 int=2 lock=0 frz=0) | UAV: air=10 rtb=0 chg=0 loiter=0 | TRACKS: vis=2 lost=0 engaged=0 | TOP: black_usv6(x97,834) black_usv7(x105,640) | KILL=26 | ACTIONS=12 | INTENT: focus=2 ratio=0.20
      [ASSIGN] white_usv10->black_usv6(机会锁定)
[t=19,206s] step=570 | MISSION=NORMAL_C | USV: 2/10 (avail=0 int=1 lock=1 frz=0) | UAV: air=10 rtb=0 chg=0 loiter=0 | TRACKS: vis=2 lost=0 engaged=1 | TOP: black_usv6(x93,248) black_usv7(x98,747) | KILL=26 | ACTIONS=12 | INTENT: focus=2 ratio=0.20
      [ASSIGN] white_usv10->black_usv7(机会锁定)
[t=20,095s] step=580 | MISSION=NORMAL_C | USV: 2/10 (avail=0 int=1 lock=1 frz=0) | UAV: air=10 rtb=0 chg=0 loiter=0 | TRACKS: vis=2 lost=0 engaged=1 | TOP: black_usv7(x91,283) black_usv6(x89,420) | KILL=27 | ACTIONS=12 | INTENT: focus=2 ratio=0.20
      [KILL] black_usv6
      [RELEASE] white_usv3->black_usv6(目标失效)
      [ASSIGN] white_usv3->black_usv7(机会锁定)

========================================================================
对局结果: Result.Victory — 敌方所有单位被击毁
  击杀蓝舰: 28 | 命中: 56 | 我方USV损失: 8 | UAV损失: 0 | 突破: 0
[META] result=Result.Victory victory_time=20776 first_detection=1555 first_lock=7378 first_kill=8669 enemy_kills=28 friendly_usv_losses=8 friendly_uav_losses=0 black_breakthrough=0 reacquire_attempts=99 reacquire_success=99 sensor_assisted_locks=74 low_conf_commitments=0 global_reacquire_entries=0 global_reacquire_success=0 coverage_collapse_events=1 active_clusters_max=1 coverage_quality_final=0.17 commander_source=default_intent commander_calls=0 commander_changes=0 commander_no_change=0 commander_parse_failures=0 commander_api_failures=0 commander_policy_failures=0 commander_avg_latency=0.0
Done
