========================================================================
HYBRID AGENT V5 — Variable-Cardinality Hierarchical Maritime Agent
  启用UAV: True | LLM_ENABLED: False
========================================================================
对局 116 开始
      [UAV RELAUNCH] white_uav5
      [UAV RELAUNCH] white_uav9
      [UAV RELAUNCH] white_uav3
      [UAV RELAUNCH] white_uav10
      [UAV RELAUNCH] white_uav1
      [UAV RELAUNCH] white_uav6
      [UAV RELAUNCH] white_uav7
      [UAV RELAUNCH] white_uav2
      [UAV RELAUNCH] white_uav8
      [UAV RELAUNCH] white_uav4
[t=205s] step=10 | MISSION=NORMAL_C | USV: 10/10 (avail=10 int=0 lock=0 frz=0) | UAV: air=10 rtb=0 chg=0 loiter=0 | TRACKS: vis=0 lost=0 engaged=0 | TOP:  | KILL=0 | ACTIONS=20 | INTENT: focus=2 ratio=0.20
  [INTENT APPLIED]
    ThreatAllocator: focus 2 emergency 3 reserve_ratio 0.20 reserve_usvs None bias breakthrough_eta
    UAVManager: mode search_and_reacquire uav_priority []
[t=448s] step=20 | MISSION=NORMAL_C | USV: 10/10 (avail=10 int=0 lock=0 frz=0) | UAV: air=10 rtb=0 chg=0 loiter=0 | TRACKS: vis=0 lost=0 engaged=0 | TOP:  | KILL=0 | ACTIONS=20 | INTENT: focus=2 ratio=0.20
[t=693s] step=30 | MISSION=NORMAL_C | USV: 10/10 (avail=10 int=0 lock=0 frz=0) | UAV: air=10 rtb=0 chg=0 loiter=0 | TRACKS: vis=0 lost=0 engaged=0 | TOP:  | KILL=0 | ACTIONS=20 | INTENT: focus=2 ratio=0.20
[t=934s] step=40 | MISSION=NORMAL_C | USV: 10/10 (avail=10 int=0 lock=0 frz=0) | UAV: air=10 rtb=0 chg=0 loiter=0 | TRACKS: vis=0 lost=0 engaged=0 | TOP:  | KILL=0 | ACTIONS=20 | INTENT: focus=2 ratio=0.20
[t=1,186s] step=50 | MISSION=NORMAL_C | USV: 10/10 (avail=10 int=0 lock=0 frz=0) | UAV: air=10 rtb=0 chg=0 loiter=0 | TRACKS: vis=0 lost=0 engaged=0 | TOP:  | KILL=0 | ACTIONS=20 | INTENT: focus=2 ratio=0.20
[t=1,438s] step=60 | MISSION=NORMAL_C | USV: 10/10 (avail=10 int=0 lock=0 frz=0) | UAV: air=10 rtb=0 chg=0 loiter=0 | TRACKS: vis=0 lost=0 engaged=0 | TOP:  | KILL=0 | ACTIONS=20 | INTENT: focus=2 ratio=0.20
      [DETECT] black_uav7
      [DETECT] black_uav28
      [DETECT] black_uav13
      [DETECT] black_uav23
      [DETECT] black_uav17
      [DETECT] black_uav6
      [DETECT] black_uav21
      [DETECT] black_uav26
      [DETECT] black_uav19
      [DETECT] black_uav20
      [DETECT] black_uav25
      [DETECT] black_uav12
      [DETECT] black_uav10
      [DETECT] black_uav30
      [DETECT] black_uav14
      [DETECT] black_uav15
      [DETECT] black_uav18
      [DETECT] black_uav24
      [DETECT] black_uav4
      [DETECT] black_uav27
      [DETECT] black_uav11
      [DETECT] black_uav8
      [DETECT] black_uav9
      [DETECT] black_uav16
      [DETECT] black_uav22
      [DETECT] black_uav29
      [DETECT] black_uav5
      [DETECT] black_uav2
      [DETECT] black_uav31
      [DETECT] black_uav3
      [DETECT] black_uav1
      [DETECT] black_uav32
[t=1,692s] step=70 | MISSION=NORMAL_C | USV: 10/10 (avail=10 int=0 lock=0 frz=0) | UAV: air=10 rtb=0 chg=0 loiter=0 | TRACKS: vis=32 lost=0 engaged=0 | TOP: black_uav7(x208,468) black_uav28(x208,468) black_uav13(x208,468) | KILL=0 | ACTIONS=20 | INTENT: focus=2 ratio=0.20
      [DETECT] black_usv21
      [DETECT] black_usv24
      [DETECT] black_usv25
      [DETECT] black_usv20
      [DETECT] black_usv13
      [DETECT] black_usv23
      [DETECT] black_usv11
      [ASSIGN] white_usv2->black_usv24
      [ASSIGN] white_usv7->black_usv24
      [ASSIGN] white_usv8->black_usv23
      [ASSIGN] white_usv4->black_usv11
      [ASSIGN] white_usv6->black_usv20
      [ASSIGN] white_usv5->black_usv21
      [ASSIGN] white_usv9->black_usv25
      [ASSIGN] white_usv3->black_usv13
      [DETECT] black_usv22
      [DETECT] black_usv16
      [DETECT] black_usv10
      [DETECT] black_usv8
      [DETECT] black_usv1
      [DETECT] black_usv6
      [DETECT] black_usv7
      [DETECT] black_usv30
      [DETECT] black_usv14
      [DETECT] black_usv5
      [DETECT] black_usv26
      [DETECT] black_usv19
      [DETECT] black_usv4
      [DETECT] black_usv18
      [DETECT] black_usv15
      [DETECT] black_usv29
      [DETECT] black_usv28
      [DETECT] black_usv17
      [DETECT] black_usv31
      [DETECT] black_usv12
      [DETECT] black_usv27
      [DETECT] black_usv9
      [DETECT] black_usv3
      [ASSIGN] white_usv1->black_usv16
      [ASSIGN] white_usv10->black_usv8
      [DETECT] black_usv2
      [DETECT] black_usv33
      [DETECT] black_usv32
[t=1,944s] step=80 | MISSION=NORMAL_C | USV: 10/10 (avail=0 int=10 lock=0 frz=0) | UAV: air=10 rtb=0 chg=0 loiter=0 | TRACKS: vis=63 lost=2 engaged=0 | TOP: black_usv1(x240,558) black_usv33(x240,570) black_usv29(x240,573) | KILL=0 | ACTIONS=20 | INTENT: focus=2 ratio=0.20
[t=2,182s] step=90 | MISSION=NORMAL_C | USV: 10/10 (avail=0 int=10 lock=0 frz=0) | UAV: air=10 rtb=0 chg=0 loiter=0 | TRACKS: vis=58 lost=2 engaged=0 | TOP: black_usv1(x238,180) black_usv33(x238,194) black_usv29(x238,198) | KILL=0 | ACTIONS=20 | INTENT: focus=2 ratio=0.20
[t=2,410s] step=100 | MISSION=NORMAL_C | USV: 10/10 (avail=0 int=10 lock=0 frz=0) | UAV: air=10 rtb=0 chg=0 loiter=0 | TRACKS: vis=37 lost=20 engaged=0 | TOP: black_usv1(x235,902) black_usv33(x235,917) black_usv29(x235,921) | KILL=0 | ACTIONS=20 | INTENT: focus=2 ratio=0.20
      [DETECT] black_uav10
      [DETECT] black_uav12
      [DETECT] black_uav13
      [DETECT] black_uav24
[t=2,629s] step=110 | MISSION=NORMAL_C | USV: 10/10 (avail=0 int=10 lock=0 frz=0) | UAV: air=10 rtb=0 chg=0 loiter=0 | TRACKS: vis=38 lost=4 engaged=0 | TOP: black_usv1(x233,714) black_usv33(x233,731) black_usv29(x233,735) | KILL=0 | ACTIONS=20 | INTENT: focus=2 ratio=0.20
      [DETECT] black_uav25
      [DETECT] black_uav27
      [DETECT] black_uav26
      [DETECT] black_uav32
      [DETECT] black_uav14
      [DETECT] black_uav9
      [DETECT] black_uav28
      [DETECT] black_uav29
[t=2,861s] step=120 | MISSION=NORMAL_C | USV: 10/10 (avail=0 int=10 lock=0 frz=0) | UAV: air=10 rtb=0 chg=0 loiter=0 | TRACKS: vis=44 lost=6 engaged=0 | TOP: black_usv1(x231,396) black_usv33(x231,414) black_usv29(x231,419) | KILL=0 | ACTIONS=20 | INTENT: focus=2 ratio=0.20
      [DETECT] black_uav30
      [DETECT] black_uav15
      [DETECT] black_uav8
      [DETECT] black_uav31
      [DETECT] black_uav32
      [DETECT] black_uav16
[t=3,090s] step=130 | MISSION=NORMAL_C | USV: 10/10 (avail=0 int=10 lock=0 frz=0) | UAV: air=10 rtb=0 chg=0 loiter=0 | TRACKS: vis=51 lost=2 engaged=0 | TOP: black_usv1(x229,108) black_usv33(x229,128) black_usv29(x229,133) | KILL=0 | ACTIONS=20 | INTENT: focus=2 ratio=0.20
      [DETECT] black_uav17
      [DETECT] black_uav7
      [DETECT] black_uav18
[t=3,330s] step=140 | MISSION=NORMAL_C | USV: 10/10 (avail=0 int=10 lock=0 frz=0) | UAV: air=10 rtb=0 chg=0 loiter=0 | TRACKS: vis=53 lost=2 engaged=0 | TOP: black_usv1(x226,710) black_usv33(x226,732) black_usv29(x226,737) | KILL=0 | ACTIONS=20 | INTENT: focus=2 ratio=0.20
      [DETECT] black_uav19
      [DETECT] black_uav20
      [DETECT] black_uav6
[t=3,561s] step=150 | MISSION=NORMAL_C | USV: 10/10 (avail=0 int=10 lock=0 frz=0) | UAV: air=10 rtb=0 chg=0 loiter=0 | TRACKS: vis=51 lost=4 engaged=0 | TOP: black_usv1(x224,402) black_usv33(x224,425) black_usv29(x224,431) | KILL=0 | ACTIONS=20 | INTENT: focus=2 ratio=0.20
      [DETECT] black_uav21
      [DETECT] black_uav22
      [DETECT] black_uav5
[t=3,796s] step=160 | MISSION=NORMAL_C | USV: 10/10 (avail=0 int=10 lock=0 frz=0) | UAV: air=10 rtb=0 chg=0 loiter=0 | TRACKS: vis=52 lost=4 engaged=0 | TOP: black_usv1(x222,054) black_usv33(x222,079) black_usv29(x222,085) | KILL=0 | ACTIONS=20 | INTENT: focus=2 ratio=0.20
      [DETECT] black_uav23
      [DETECT] black_uav4
      [DETECT] black_uav24
[t=4,011s] step=170 | MISSION=NORMAL_C | USV: 10/10 (avail=0 int=10 lock=0 frz=0) | UAV: air=10 rtb=0 chg=0 loiter=0 | TRACKS: vis=54 lost=1 engaged=0 | TOP: black_usv1(x219,906) black_usv33(x219,932) black_usv29(x219,939) | KILL=0 | ACTIONS=20 | INTENT: focus=2 ratio=0.20
      [DETECT] black_uav25
[t=4,112s] step=180 | MISSION=NORMAL_C | USV: 10/10 (avail=0 int=10 lock=0 frz=0) | UAV: air=10 rtb=0 chg=0 loiter=0 | TRACKS: vis=54 lost=1 engaged=0 | TOP: black_usv1(x218,897) black_usv33(x218,924) black_usv29(x218,931) | KILL=0 | ACTIONS=20 | INTENT: focus=2 ratio=0.20
      [DETECT] black_uav26
[t=4,209s] step=190 | MISSION=NORMAL_C | USV: 10/10 (avail=0 int=10 lock=0 frz=0) | UAV: air=10 rtb=0 chg=0 loiter=0 | TRACKS: vis=56 lost=0 engaged=0 | TOP: black_usv1(x217,928) black_usv33(x217,955) black_usv29(x217,962) | KILL=0 | ACTIONS=20 | INTENT: focus=2 ratio=0.20
      [DETECT] black_uav27
[t=4,301s] step=200 | MISSION=NORMAL_C | USV: 10/10 (avail=0 int=10 lock=0 frz=0) | UAV: air=10 rtb=0 chg=0 loiter=0 | TRACKS: vis=57 lost=0 engaged=0 | TOP: black_usv1(x217,008) black_usv33(x217,037) black_usv29(x217,044) | KILL=0 | ACTIONS=20 | INTENT: focus=2 ratio=0.20
      [DETECT] black_uav28
[t=4,409s] step=210 | MISSION=NORMAL_C | USV: 10/10 (avail=0 int=10 lock=0 frz=0) | UAV: air=10 rtb=0 chg=0 loiter=0 | TRACKS: vis=57 lost=1 engaged=0 | TOP: black_usv1(x215,929) black_usv33(x215,958) black_usv29(x215,966) | KILL=0 | ACTIONS=20 | INTENT: focus=2 ratio=0.20
      [DETECT] black_uav29
      [DETECT] black_uav30
      [DETECT] black_uav31
      [DETECT] black_uav3
[t=4,509s] step=220 | MISSION=NORMAL_C | USV: 10/10 (avail=0 int=10 lock=0 frz=0) | UAV: air=10 rtb=0 chg=0 loiter=0 | TRACKS: vis=62 lost=0 engaged=0 | TOP: black_usv1(x214,930) black_usv33(x214,960) black_usv29(x214,967) | KILL=0 | ACTIONS=20 | INTENT: focus=2 ratio=0.20
      [DETECT] black_uav1
      [DETECT] black_uav32
      [DETECT] black_uav2
[t=4,610s] step=230 | MISSION=NORMAL_C | USV: 10/10 (avail=0 int=10 lock=0 frz=0) | UAV: air=10 rtb=0 chg=0 loiter=0 | TRACKS: vis=65 lost=0 engaged=0 | TOP: black_usv1(x213,921) black_usv33(x213,951) black_usv29(x213,959) | KILL=0 | ACTIONS=20 | INTENT: focus=2 ratio=0.20
[t=4,710s] step=240 | MISSION=NORMAL_C | USV: 10/10 (avail=0 int=10 lock=0 frz=0) | UAV: air=10 rtb=0 chg=0 loiter=0 | TRACKS: vis=64 lost=1 engaged=0 | TOP: black_usv1(x212,922) black_usv33(x212,953) black_usv29(x212,961) | KILL=0 | ACTIONS=20 | INTENT: focus=2 ratio=0.20
[t=4,816s] step=250 | MISSION=NORMAL_C | USV: 10/10 (avail=0 int=10 lock=0 frz=0) | UAV: air=10 rtb=0 chg=0 loiter=0 | TRACKS: vis=65 lost=0 engaged=0 | TOP: black_usv1(x211,863) black_usv33(x211,895) black_usv29(x211,903) | KILL=0 | ACTIONS=20 | INTENT: focus=2 ratio=0.20
[t=4,923s] step=260 | MISSION=NORMAL_C | USV: 10/10 (avail=0 int=10 lock=0 frz=0) | UAV: air=10 rtb=0 chg=0 loiter=0 | TRACKS: vis=65 lost=0 engaged=0 | TOP: black_usv1(x210,794) black_usv33(x210,826) black_usv29(x210,834) | KILL=0 | ACTIONS=20 | INTENT: focus=2 ratio=0.20
[t=5,046s] step=270 | MISSION=NORMAL_C | USV: 10/10 (avail=0 int=10 lock=0 frz=0) | UAV: air=10 rtb=0 chg=0 loiter=0 | TRACKS: vis=65 lost=0 engaged=0 | TOP: black_usv1(x209,565) black_usv33(x209,598) black_usv29(x209,607) | KILL=0 | ACTIONS=20 | INTENT: focus=2 ratio=0.20
[t=5,168s] step=280 | MISSION=NORMAL_C | USV: 10/10 (avail=0 int=10 lock=0 frz=0) | UAV: air=10 rtb=0 chg=0 loiter=0 | TRACKS: vis=64 lost=1 engaged=0 | TOP: black_usv1(x208,346) black_usv33(x208,380) black_usv29(x208,389) | KILL=0 | ACTIONS=20 | INTENT: focus=2 ratio=0.20
[t=5,362s] step=290 | MISSION=NORMAL_C | USV: 10/10 (avail=0 int=10 lock=0 frz=0) | UAV: air=10 rtb=0 chg=0 loiter=0 | TRACKS: vis=65 lost=0 engaged=0 | TOP: black_usv1(x206,408) black_usv33(x206,443) black_usv29(x206,452) | KILL=0 | ACTIONS=20 | INTENT: focus=2 ratio=0.20
[t=5,590s] step=300 | MISSION=NORMAL_C | USV: 10/10 (avail=0 int=10 lock=0 frz=0) | UAV: air=10 rtb=0 chg=0 loiter=0 | TRACKS: vis=65 lost=0 engaged=0 | TOP: black_usv1(x204,130) black_usv33(x204,167) black_usv29(x204,176) | KILL=0 | ACTIONS=20 | INTENT: focus=2 ratio=0.20
[t=5,810s] step=310 | MISSION=NORMAL_C | USV: 10/10 (avail=0 int=10 lock=0 frz=0) | UAV: air=10 rtb=0 chg=0 loiter=0 | TRACKS: vis=64 lost=1 engaged=0 | TOP: black_usv1(x201,932) black_usv33(x201,970) black_usv29(x201,980) | KILL=0 | ACTIONS=20 | INTENT: focus=2 ratio=0.20
[t=6,037s] step=320 | MISSION=NORMAL_C | USV: 10/10 (avail=0 int=10 lock=0 frz=0) | UAV: air=10 rtb=0 chg=0 loiter=0 | TRACKS: vis=33 lost=32 engaged=0 | TOP: black_usv1(x199,664) black_usv33(x199,703) black_usv29(x199,714) | KILL=0 | ACTIONS=20 | INTENT: focus=2 ratio=0.20
[t=6,288s] step=330 | MISSION=NORMAL_C | USV: 10/10 (avail=0 int=10 lock=0 frz=0) | UAV: air=10 rtb=0 chg=0 loiter=0 | TRACKS: vis=33 lost=0 engaged=0 | TOP: black_usv1(x197,156) black_usv33(x197,197) black_usv29(x197,208) | KILL=0 | ACTIONS=20 | INTENT: focus=2 ratio=0.20
[t=6,553s] step=340 | MISSION=NORMAL_C | USV: 10/10 (avail=0 int=10 lock=0 frz=0) | UAV: air=10 rtb=0 chg=0 loiter=0 | TRACKS: vis=32 lost=1 engaged=0 | TOP: black_usv1(x194,509) black_usv33(x194,551) black_usv29(x194,562) | KILL=0 | ACTIONS=20 | INTENT: focus=2 ratio=0.20
[t=6,806s] step=350 | MISSION=NORMAL_C | USV: 10/10 (avail=0 int=10 lock=0 frz=0) | UAV: air=10 rtb=0 chg=0 loiter=0 | TRACKS: vis=32 lost=0 engaged=0 | TOP: black_usv1(x191,972) black_usv33(x192,016) black_usv29(x192,028) | KILL=0 | ACTIONS=20 | INTENT: focus=2 ratio=0.20
      [DETECT] black_usv32
[t=7,065s] step=360 | MISSION=NORMAL_C | USV: 10/10 (avail=0 int=10 lock=0 frz=0) | UAV: air=10 rtb=0 chg=0 loiter=0 | TRACKS: vis=32 lost=1 engaged=0 | TOP: black_usv1(x189,393) black_usv33(x189,439) black_usv29(x189,451) | KILL=0 | ACTIONS=20 | INTENT: focus=2 ratio=0.20
[t=7,325s] step=370 | MISSION=NORMAL_C | USV: 10/10 (avail=0 int=10 lock=0 frz=0) | UAV: air=10 rtb=0 chg=0 loiter=0 | TRACKS: vis=32 lost=0 engaged=0 | TOP: black_usv1(x186,795) black_usv33(x186,843) black_usv29(x186,856) | KILL=0 | ACTIONS=20 | INTENT: focus=2 ratio=0.20
      [ASSIGN] white_usv7->black_usv23(机会锁定)
      [ASSIGN] white_usv4->black_usv8(机会锁定)
      [ASSIGN] white_usv6->black_usv23(机会锁定)
      [ASSIGN] white_usv5->black_usv16(机会锁定)
      [ASSIGN] white_usv3->black_usv8(机会锁定)
      [ASSIGN] white_usv9->black_usv20(机会锁定)
      [ASSIGN] white_usv2->black_usv16(机会锁定)
      [ASSIGN] white_usv1->black_usv6(机会锁定)
      [DETECT] black_usv32
      [ASSIGN] white_usv10->black_usv21(机会锁定)
[t=7,590s] step=380 | MISSION=NORMAL_C | USV: 10/10 (avail=0 int=0 lock=10 frz=0) | UAV: air=10 rtb=0 chg=0 loiter=0 | TRACKS: vis=33 lost=0 engaged=6 | TOP: black_usv1(x184,148) black_usv33(x184,197) black_usv29(x184,210) | KILL=0 | ACTIONS=20 | INTENT: focus=2 ratio=0.20
      [ASSIGN] white_usv7->black_usv24(机会锁定)
      [ASSIGN] white_usv8->black_usv29(机会锁定)
      [ASSIGN] white_usv4->black_usv13(机会锁定)
      [ASSIGN] white_usv6->black_usv25(机会锁定)
      [ASSIGN] white_usv5->black_usv25(机会锁定)
      [ASSIGN] white_usv3->black_usv11(机会锁定)
      [ASSIGN] white_usv9->black_usv23(机会锁定)
      [ASSIGN] white_usv2->black_usv12(机会锁定)
      [ASSIGN] white_usv9->black_usv20(机会锁定)
      [ASSIGN] white_usv1->black_usv8(机会锁定)
      [ASSIGN] white_usv1->black_usv6(机会锁定)
      [ASSIGN] white_usv10->black_usv16(机会锁定)
      [ASSIGN] white_usv10->black_usv21(机会锁定)
[t=7,855s] step=390 | MISSION=NORMAL_C | USV: 10/10 (avail=0 int=1 lock=9 frz=0) | UAV: air=10 rtb=0 chg=0 loiter=0 | TRACKS: vis=31 lost=2 engaged=8 | TOP: black_usv33(x181,552) black_usv1(x181,500) black_usv3(x181,710) | KILL=3 | ACTIONS=20 | INTENT: focus=2 ratio=0.20
      [ASSIGN] white_usv7->black_usv31(机会锁定)
      [ASSIGN] white_usv8->black_usv24(机会锁定)
      [ASSIGN] white_usv4->black_usv14(机会锁定)
      [ASSIGN] white_usv6->black_usv24(机会锁定)
      [ASSIGN] white_usv5->black_usv24(机会锁定)
      [ASSIGN] white_usv3->black_usv14(机会锁定)
      [ASSIGN] white_usv2->black_usv25(机会锁定)
      [ASSIGN] white_usv9->black_usv29(机会锁定)
      [ASSIGN] white_usv2->black_usv12(机会锁定)
      [ASSIGN] white_usv1->black_usv13(机会锁定)
[t=8,120s] step=400 | MISSION=NORMAL_C | USV: 10/10 (avail=0 int=0 lock=10 frz=0) | UAV: air=10 rtb=0 chg=0 loiter=0 | TRACKS: vis=31 lost=2 engaged=7 | TOP: black_usv1(x178,853) black_usv33(x178,906) black_usv3(x179,069) | KILL=6 | ACTIONS=20 | INTENT: focus=2 ratio=0.20
      [ASSIGN] white_usv10->black_usv25(机会锁定)
      [ASSIGN] white_usv10->black_usv21(机会锁定)
      [ASSIGN] white_usv10->black_usv25(机会锁定)
      [ASSIGN] white_usv10->black_usv5(机会锁定)
      [KILL] black_usv23
      [KILL] black_usv16
      [KILL] black_usv8
      [ASSIGN] white_usv7->black_usv30(机会锁定)
      [ASSIGN] white_usv8->black_usv31(机会锁定)
      [ASSIGN] white_usv4->black_usv1(机会锁定)
      [ASSIGN] white_usv6->black_usv31(机会锁定)
      [ASSIGN] white_usv5->black_usv31(机会锁定)
      [ASSIGN] white_usv3->black_usv1(机会锁定)
      [ASSIGN] white_usv2->black_usv24(机会锁定)
      [ASSIGN] white_usv9->black_usv24(机会锁定)
[t=8,408s] step=410 | MISSION=NORMAL_C | USV: 10/10 (avail=0 int=2 lock=8 frz=0) | UAV: air=10 rtb=0 chg=0 loiter=0 | TRACKS: vis=29 lost=0 engaged=5 | TOP: black_usv33(x176,030) black_usv3(x176,199) black_usv28(x178,090) | KILL=9 | ACTIONS=20 | INTENT: focus=2 ratio=0.20
      [ASSIGN] white_usv2->black_usv12(机会锁定)
      [ASSIGN] white_usv9->black_usv12(机会锁定)
      [ASSIGN] white_usv1->black_usv14(机会锁定)
      [ASSIGN] white_usv1->black_usv22(机会锁定)
      [DETECT] black_usv10
      [ASSIGN] white_usv10->black_usv4(机会锁定)
      [KILL] black_usv25
      [ASSIGN] white_usv7->black_usv29(机会锁定)
      [KILL] black_usv20
      [ASSIGN] white_usv8->black_usv30(机会锁定)
      [ASSIGN] white_usv4->black_usv11(机会锁定)
      [ASSIGN] white_usv6->black_usv30(机会锁定)
      [ASSIGN] white_usv5->black_usv5(机会锁定)
      [ASSIGN] white_usv3->black_usv11(机会锁定)
      [KILL] black_usv6
[t=8,720s] step=420 | MISSION=NORMAL_C | USV: 10/10 (avail=0 int=0 lock=10 frz=0) | UAV: air=10 rtb=0 chg=0 loiter=0 | TRACKS: vis=27 lost=0 engaged=7 | TOP: black_usv33(x172,915) black_usv3(x173,090) black_usv1(x173,438) | KILL=12 | ACTIONS=20 | INTENT: focus=2 ratio=0.20
      [ASSIGN] white_usv2->black_usv31(机会锁定)
      [ASSIGN] white_usv9->black_usv31(机会锁定)
      [KILL] black_usv21
      [ASSIGN] white_usv2->black_usv12(机会锁定)
      [ASSIGN] white_usv9->black_usv12(机会锁定)
      [ASSIGN] white_usv1->black_usv1(机会锁定)
      [ASSIGN] white_usv2->black_usv22(机会锁定)
      [ASSIGN] white_usv9->black_usv31(机会锁定)
      [ASSIGN] white_usv1->black_usv22(机会锁定)
      [ASSIGN] white_usv9->black_usv12(机会锁定)
      [ASSIGN] white_usv9->black_usv33(机会锁定)
      [ASSIGN] white_usv10->black_usv31(机会锁定)
      [KILL] black_usv24
      [KILL] black_usv14
      [ASSIGN] white_usv7->black_usv4(机会锁定)
      [ASSIGN] white_usv10->black_usv4(机会锁定)
      [ASSIGN] white_usv8->black_usv29(机会锁定)
      [ASSIGN] white_usv4->black_usv18(机会锁定)
      [ASSIGN] white_usv6->black_usv29(机会锁定)
      [ASSIGN] white_usv5->black_usv12(机会锁定)
      [ASSIGN] white_usv3->black_usv18(机会锁定)
      [KILL] black_usv13
      [ASSIGN] white_usv8->black_usv30(机会锁定)
      [ASSIGN] white_usv6->black_usv30(机会锁定)
      [ASSIGN] white_usv5->black_usv5(机会锁定)
      [ASSIGN] white_usv8->black_usv29(机会锁定)
      [ASSIGN] white_usv6->black_usv29(机会锁定)
      [ASSIGN] white_usv5->black_usv12(机会锁定)
      [ASSIGN] white_usv2->black_usv11(机会锁定)
      [ASSIGN] white_usv8->black_usv30(机会锁定)
      [ASSIGN] white_usv6->black_usv5(机会锁定)
      [ASSIGN] white_usv5->black_usv5(机会锁定)
      [ASSIGN] white_usv1->black_usv11(机会锁定)
[t=9,170s] step=430 | MISSION=NORMAL_C | USV: 10/10 (avail=0 int=5 lock=5 frz=0) | UAV: air=10 rtb=0 chg=0 loiter=0 | TRACKS: vis=22 lost=1 engaged=3 | TOP: black_usv3(x168,606) black_usv28(x170,508) black_usv26(x170,716) | KILL=18 | ACTIONS=20 | INTENT: focus=2 ratio=0.20
      [ASSIGN] white_usv2->black_usv22(机会锁定)
      [ASSIGN] white_usv8->black_usv29(机会锁定)
      [ASSIGN] white_usv6->black_usv29(机会锁定)
      [ASSIGN] white_usv5->black_usv12(机会锁定)
      [ASSIGN] white_usv1->black_usv22(机会锁定)
      [ASSIGN] white_usv2->black_usv11(机会锁定)
      [ASSIGN] white_usv8->black_usv10(机会锁定)
      [ASSIGN] white_usv6->black_usv5(机会锁定)
      [ASSIGN] white_usv5->black_usv5(机会锁定)
      [ASSIGN] white_usv9->black_usv30(机会锁定)
      [ASSIGN] white_usv1->black_usv11(机会锁定)
      [KILL] black_usv1
      [KILL] black_usv31
      [ASSIGN] white_usv2->black_usv12(机会锁定)
      [ASSIGN] white_usv7->black_usv29(机会锁定)
      [ASSIGN] white_usv6->black_usv29(机会锁定)
      [ASSIGN] white_usv5->black_usv12(机会锁定)
      [ASSIGN] white_usv9->black_usv29(机会锁定)
      [ASSIGN] white_usv1->black_usv22(机会锁定)
      [ASSIGN] white_usv10->black_usv12(机会锁定)
      [KILL] black_usv12
      [RELEASE] white_usv2->black_usv12(目标失效)
      [ASSIGN] white_usv2->black_usv4(机会锁定)
      [ASSIGN] white_usv7->black_usv4(机会锁定)
      [ASSIGN] white_usv8->black_usv4(机会锁定)
      [ASSIGN] white_usv4->black_usv3(机会锁定)
      [ASSIGN] white_usv6->black_usv4(机会锁定)
      [RELEASE] white_usv5->black_usv12(目标失效)
      [ASSIGN] white_usv5->black_usv4(机会锁定)
      [ASSIGN] white_usv9->black_usv4(机会锁定)
      [ASSIGN] white_usv3->black_usv3(机会锁定)
      [ASSIGN] white_usv1->black_usv11(机会锁定)
      [RELEASE] white_usv10->black_usv12(目标失效)
      [ASSIGN] white_usv10->black_usv4(机会锁定)
      [ASSIGN] white_usv2->black_usv18(机会锁定)
      [ASSIGN] white_usv7->black_usv29(机会锁定)
      [ASSIGN] white_usv8->black_usv29(机会锁定)
      [ASSIGN] white_usv9->black_usv10(机会锁定)
      [ASSIGN] white_usv1->black_usv18(机会锁定)
      [ASSIGN] white_usv10->black_usv5(机会锁定)
      [ASSIGN] white_usv2->black_usv11(机会锁定)
      [ASSIGN] white_usv7->black_usv4(机会锁定)
      [ASSIGN] white_usv8->black_usv30(机会锁定)
      [ASSIGN] white_usv1->black_usv11(机会锁定)
      [ASSIGN] white_usv10->black_usv4(机会锁定)
      [ASSIGN] white_usv2->black_usv18(机会锁定)
      [ASSIGN] white_usv8->black_usv29(机会锁定)
      [ASSIGN] white_usv1->black_usv18(机会锁定)
      [ASSIGN] white_usv2->black_usv4(机会锁定)
      [ASSIGN] white_usv8->black_usv30(机会锁定)
      [KILL] black_usv29
      [ASSIGN] white_usv8->black_usv33(机会锁定)
      [KILL] black_usv11
      [KILL] black_usv30
      [KILL] black_usv5
      [ASSIGN] white_usv1->black_usv3(机会锁定)
[t=9,632s] step=440 | MISSION=NORMAL_C | USV: 10/10 (avail=0 int=6 lock=4 frz=0) | UAV: air=10 rtb=0 chg=0 loiter=0 | TRACKS: vis=16 lost=0 engaged=3 | TOP: black_usv28(x165,911) black_usv26(x166,127) black_usv9(x166,633) | KILL=20 | ACTIONS=20 | INTENT: focus=2 ratio=0.20
      [ASSIGN] white_usv7->black_usv10(机会锁定)
      [ASSIGN] white_usv4->black_usv18(机会锁定)
      [ASSIGN] white_usv3->black_usv18(机会锁定)
      [ASSIGN] white_usv4->black_usv17(机会锁定)
      [ASSIGN] white_usv3->black_usv17(机会锁定)
      [KILL] black_usv22
      [ASSIGN] white_usv4->black_usv18(机会锁定)
      [ASSIGN] white_usv9->black_usv26(机会锁定)
      [ASSIGN] white_usv3->black_usv18(机会锁定)
      [ASSIGN] white_usv1->black_usv18(机会锁定)
      [ASSIGN] white_usv4->black_usv3(机会锁定)
      [ASSIGN] white_usv5->black_usv10(机会锁定)
      [ASSIGN] white_usv3->black_usv3(机会锁定)
      [ASSIGN] white_usv1->black_usv3(机会锁定)
      [ASSIGN] white_usv4->black_usv17(机会锁定)
      [ASSIGN] white_usv6->black_usv10(机会锁定)
      [ASSIGN] white_usv3->black_usv17(机会锁定)
      [ASSIGN] white_usv1->black_usv17(机会锁定)
      [KILL] black_usv4
      [RELEASE] white_usv2->black_usv4(目标失效)
      [ASSIGN] white_usv8->black_usv28(机会锁定)
      [RELEASE] white_usv10->black_usv4(目标失效)
      [ASSIGN] white_usv10->black_usv10(机会锁定)
      [ASSIGN] white_usv2->black_usv10(机会锁定)
      [KILL] black_usv18
      [ASSIGN] white_usv7->black_usv33(机会锁定)
[t=10,068s] step=450 | MISSION=NORMAL_C | USV: 9/10 (avail=0 int=0 lock=9 frz=0) | UAV: air=10 rtb=0 chg=0 loiter=0 | TRACKS: vis=12 lost=1 engaged=4 | TOP: black_usv3(x163,295) black_usv9(x162,408) black_usv2(x162,515) | KILL=21 | ACTIONS=19 | INTENT: focus=2 ratio=0.20
      [ASSIGN] white_usv9->black_usv28(机会锁定)
      [ASSIGN] white_usv6->black_usv33(机会锁定)
      [ASSIGN] white_usv5->black_usv33(机会锁定)
      [ASSIGN] white_usv10->black_usv7(机会锁定)
      [ASSIGN] white_usv4->black_usv3(机会锁定)
      [ASSIGN] white_usv4->black_usv9(机会锁定)
      [ASSIGN] white_usv3->black_usv9(机会锁定)
      [ASSIGN] white_usv1->black_usv9(机会锁定)
      [KILL] black_usv3
      [ASSIGN] white_usv7->black_usv26(机会锁定)
      [ASSIGN] white_usv6->black_usv10(机会锁定)
      [ASSIGN] white_usv5->black_usv10(机会锁定)
      [ASSIGN] white_usv2->black_usv33(机会锁定)
      [ASSIGN] white_usv6->black_usv33(机会锁定)
      [ASSIGN] white_usv5->black_usv33(机会锁定)
      [ASSIGN] white_usv2->black_usv10(机会锁定)
      [ASSIGN] white_usv6->black_usv10(机会锁定)
      [ASSIGN] white_usv5->black_usv10(机会锁定)
      [ASSIGN] white_usv2->black_usv33(机会锁定)
      [ASSIGN] white_usv6->black_usv33(机会锁定)
      [ASSIGN] white_usv5->black_usv33(机会锁定)
      [ASSIGN] white_usv10->black_usv17(机会锁定)
      [ASSIGN] white_usv2->black_usv10(机会锁定)
      [ASSIGN] white_usv4->black_usv7(机会锁定)
      [ASSIGN] white_usv6->black_usv10(机会锁定)
      [ASSIGN] white_usv5->black_usv10(机会锁定)
      [ASSIGN] white_usv3->black_usv7(机会锁定)
      [ASSIGN] white_usv1->black_usv7(机会锁定)
      [ASSIGN] white_usv10->black_usv7(机会锁定)
[t=10,569s] step=460 | MISSION=NORMAL_C | USV: 8/10 (avail=0 int=7 lock=1 frz=0) | UAV: air=10 rtb=0 chg=0 loiter=0 | TRACKS: vis=12 lost=0 engaged=1 | TOP: black_usv2(x157,665) black_usv28(x159,861) black_usv15(x162,003) | KILL=26 | ACTIONS=18 | INTENT: focus=2 ratio=0.20
      [KILL] black_usv10
      [RELEASE] white_usv2->black_usv10(目标失效)
      [ASSIGN] white_usv2->black_usv33(机会锁定)
      [RELEASE] white_usv6->black_usv10(目标失效)
      [ASSIGN] white_usv6->black_usv33(机会锁定)
      [RELEASE] white_usv5->black_usv10(目标失效)
      [ASSIGN] white_usv5->black_usv33(机会锁定)
      [ASSIGN] white_usv2->black_usv28(机会锁定)
      [ASSIGN] white_usv7->black_usv28(机会锁定)
      [ASSIGN] white_usv6->black_usv28(机会锁定)
      [ASSIGN] white_usv5->black_usv28(机会锁定)
      [ASSIGN] white_usv2->black_usv33(机会锁定)
      [ASSIGN] white_usv7->black_usv33(机会锁定)
      [ASSIGN] white_usv6->black_usv33(机会锁定)
      [ASSIGN] white_usv5->black_usv33(机会锁定)
      [ASSIGN] white_usv2->black_usv26(机会锁定)
      [ASSIGN] white_usv7->black_usv26(机会锁定)
      [ASSIGN] white_usv6->black_usv26(机会锁定)
      [ASSIGN] white_usv5->black_usv26(机会锁定)
      [KILL] black_usv28
      [KILL] black_usv17
      [ASSIGN] white_usv2->black_usv33(机会锁定)
      [ASSIGN] white_usv7->black_usv33(机会锁定)
      [ASSIGN] white_usv6->black_usv33(机会锁定)
      [ASSIGN] white_usv5->black_usv33(机会锁定)
      [KILL] black_usv33
      [RELEASE] white_usv2->black_usv33(目标失效)
      [ASSIGN] white_usv2->black_usv26(机会锁定)
      [RELEASE] white_usv7->black_usv33(目标失效)
      [ASSIGN] white_usv7->black_usv26(机会锁定)
      [ASSIGN] white_usv4->black_usv9(机会锁定)
      [RELEASE] white_usv6->black_usv33(目标失效)
      [ASSIGN] white_usv6->black_usv26(机会锁定)
      [RELEASE] white_usv5->black_usv33(目标失效)
      [ASSIGN] white_usv5->black_usv26(机会锁定)
      [ASSIGN] white_usv3->black_usv9(机会锁定)
      [ASSIGN] white_usv1->black_usv9(机会锁定)
      [ASSIGN] white_usv2->black_usv27(机会锁定)
      [ASSIGN] white_usv4->black_usv7(机会锁定)
      [ASSIGN] white_usv6->black_usv27(机会锁定)
      [ASSIGN] white_usv5->black_usv27(机会锁定)
      [ASSIGN] white_usv3->black_usv7(机会锁定)
      [ASSIGN] white_usv1->black_usv7(机会锁定)
      [ASSIGN] white_usv4->black_usv9(机会锁定)
      [ASSIGN] white_usv3->black_usv9(机会锁定)
      [ASSIGN] white_usv1->black_usv9(机会锁定)
      [ASSIGN] white_usv4->black_usv7(机会锁定)
      [ASSIGN] white_usv3->black_usv7(机会锁定)
      [ASSIGN] white_usv1->black_usv7(机会锁定)
      [KILL] black_usv9
[t=11,212s] step=470 | MISSION=NORMAL_C | USV: 8/10 (avail=0 int=5 lock=3 frz=0) | UAV: air=10 rtb=0 chg=0 loiter=0 | TRACKS: vis=7 lost=0 engaged=1 | TOP: black_usv2(x151,432) black_usv15(x156,034) black_usv19(x158,636) | KILL=28 | ACTIONS=18 | INTENT: focus=2 ratio=0.20
      [KILL] black_usv26
      [RELEASE] white_usv7->black_usv26(目标失效)
      [ASSIGN] white_usv2->black_usv32(机会锁定)
      [ASSIGN] white_usv7->black_usv2
      [ASSIGN] white_usv6->black_usv32(机会锁定)
      [ASSIGN] white_usv5->black_usv32(机会锁定)
      [ASSIGN] white_usv10->black_usv19(机会锁定)
      [KILL] black_usv7
      [RELEASE] white_usv4->black_usv7(目标失效)
      [ASSIGN] white_usv4->black_usv15(机会锁定)
      [RELEASE] white_usv3->black_usv7(目标失效)
      [RELEASE] white_usv1->black_usv7(目标失效)
      [ASSIGN] white_usv1->black_usv15(机会锁定)
      [ASSIGN] white_usv3->black_usv27
      [ASSIGN] white_usv2->black_usv27(机会锁定)
      [ASSIGN] white_usv6->black_usv27(机会锁定)
      [ASSIGN] white_usv5->black_usv27(机会锁定)
[t=11,787s] step=480 | MISSION=NORMAL_C | USV: 8/10 (avail=0 int=3 lock=5 frz=0) | UAV: air=10 rtb=0 chg=0 loiter=0 | TRACKS: vis=5 lost=0 engaged=2 | TOP: black_usv2(x145,874) black_usv19(x153,936) black_usv15(x150,712) | KILL=29 | ACTIONS=18 | INTENT: focus=2 ratio=0.20
      [ASSIGN] white_usv4->black_usv19(机会锁定)
      [ASSIGN] white_usv1->black_usv19(机会锁定)
      [ASSIGN] white_usv2->black_usv32(机会锁定)
      [ASSIGN] white_usv6->black_usv32(机会锁定)
      [ASSIGN] white_usv2->black_usv27(机会锁定)
      [ASSIGN] white_usv6->black_usv27(机会锁定)
      [ASSIGN] white_usv10->black_usv15(机会锁定)
      [ASSIGN] white_usv2->black_usv32(机会锁定)
      [ASSIGN] white_usv6->black_usv32(机会锁定)
      [ASSIGN] white_usv2->black_usv27(机会锁定)
      [ASSIGN] white_usv4->black_usv15(机会锁定)
      [ASSIGN] white_usv6->black_usv27(机会锁定)
      [ASSIGN] white_usv10->black_usv19(机会锁定)
      [KILL] black_usv32
      [ASSIGN] white_usv1->black_usv15(机会锁定)
      [ASSIGN] white_usv10->black_usv15(机会锁定)
      [ASSIGN] white_usv7->black_usv19(机会锁定)
[t=12,477s] step=490 | MISSION=NORMAL_C | USV: 7/10 (avail=0 int=4 lock=3 frz=0) | UAV: air=10 rtb=0 chg=0 loiter=0 | TRACKS: vis=4 lost=0 engaged=1 | TOP: black_usv2(x139,194) black_usv19(x151,821) black_usv15(x144,316) | KILL=31 | ACTIONS=17 | INTENT: focus=2 ratio=0.20
      [ASSIGN] white_usv4->black_usv19(机会锁定)
      [KILL] black_usv27
      [RELEASE] white_usv2->black_usv27(目标失效)
      [RELEASE] white_usv6->black_usv27(目标失效)
      [RELEASE] white_usv3->black_usv27(目标失效)
      [ASSIGN] white_usv1->black_usv19(机会锁定)
      [ASSIGN] white_usv10->black_usv19(机会锁定)
      [ASSIGN] white_usv2->black_usv2
      [ASSIGN] white_usv7->black_usv15(机会锁定)
      [ASSIGN] white_usv4->black_usv15(机会锁定)
      [ASSIGN] white_usv6->black_usv15
      [ASSIGN] white_usv3->black_usv2
      [ASSIGN] white_usv1->black_usv15(机会锁定)
      [ASSIGN] white_usv10->black_usv15(机会锁定)
      [ASSIGN] white_usv7->black_usv19(机会锁定)
      [ASSIGN] white_usv4->black_usv19(机会锁定)
      [ASSIGN] white_usv1->black_usv19(机会锁定)
      [ASSIGN] white_usv10->black_usv19(机会锁定)
      [ASSIGN] white_usv7->black_usv15(机会锁定)
      [ASSIGN] white_usv4->black_usv15(机会锁定)
      [ASSIGN] white_usv1->black_usv15(机会锁定)
      [ASSIGN] white_usv10->black_usv15(机会锁定)
      [KILL] black_usv19
      [ASSIGN] white_usv4->black_usv2(机会锁定)
      [ASSIGN] white_usv10->black_usv2(机会锁定)
      [ASSIGN] white_usv10->black_usv15(机会锁定)
      [ASSIGN] white_usv7->black_usv2(机会锁定)
      [ASSIGN] white_usv10->black_usv2(机会锁定)
[t=13,058s] step=500 | MISSION=NORMAL_C | USV: 7/10 (avail=0 int=6 lock=1 frz=0) | UAV: air=10 rtb=0 chg=0 loiter=0 | TRACKS: vis=2 lost=0 engaged=1 | TOP: black_usv2(x133,570) black_usv15(x143,111) | KILL=32 | ACTIONS=17 | INTENT: focus=2 ratio=0.20
      [KILL] black_usv15
      [RELEASE] white_usv6->black_usv15(目标失效)
      [RELEASE] white_usv1->black_usv15(目标失效)
      [KILL] black_usv2
      [RELEASE] white_usv2->black_usv2(目标失效)
      [RELEASE] white_usv7->black_usv2(目标失效)
      [RELEASE] white_usv4->black_usv2(目标失效)
      [RELEASE] white_usv3->black_usv2(目标失效)
      [RELEASE] white_usv10->black_usv2(目标失效)

========================================================================
对局结果: Result.Victory — 敌方所有单位被击毁
  击杀蓝舰: 33 | 命中: 66 | 我方USV损失: 3 | UAV损失: 0 | 突破: 0
[META] result=Result.Victory victory_time=14068 first_detection=1566 first_lock=7385 first_kill=8290 enemy_kills=33 friendly_usv_losses=3 friendly_uav_losses=0 black_breakthrough=0 reacquire_attempts=89 reacquire_success=89 sensor_assisted_locks=78 low_conf_commitments=0 global_reacquire_entries=0 global_reacquire_success=0 coverage_collapse_events=1 active_clusters_max=1 coverage_quality_final=0.29 commander_source=default_intent commander_calls=0 commander_changes=0 commander_no_change=0 commander_parse_failures=0 commander_api_failures=0 commander_policy_failures=0 commander_avg_latency=0.0
Done
