========================================================================
HYBRID AGENT V5 — Variable-Cardinality Hierarchical Maritime Agent
  启用UAV: True | LLM_ENABLED: False
========================================================================
对局 161 开始
      [UAV RELAUNCH] white_uav5
      [UAV RELAUNCH] white_uav7
      [UAV RELAUNCH] white_uav3
      [UAV RELAUNCH] white_uav8
      [UAV RELAUNCH] white_uav2
      [UAV RELAUNCH] white_uav10
      [UAV RELAUNCH] white_uav4
      [UAV RELAUNCH] white_uav1
      [UAV RELAUNCH] white_uav6
      [UAV RELAUNCH] white_uav9
[t=204s] step=10 | MISSION=NORMAL_C | USV: 10/10 (avail=10 int=0 lock=0 frz=0) | UAV: air=10 rtb=0 chg=0 loiter=0 | TRACKS: vis=0 lost=0 engaged=0 | TOP:  | KILL=0 | ACTIONS=20 | INTENT: focus=2 ratio=0.20
  [INTENT APPLIED]
    ThreatAllocator: focus 2 emergency 3 reserve_ratio 0.20 reserve_usvs None bias breakthrough_eta
    UAVManager: mode search_and_reacquire uav_priority []
[t=425s] step=20 | MISSION=NORMAL_C | USV: 10/10 (avail=10 int=0 lock=0 frz=0) | UAV: air=10 rtb=0 chg=0 loiter=0 | TRACKS: vis=0 lost=0 engaged=0 | TOP:  | KILL=0 | ACTIONS=20 | INTENT: focus=2 ratio=0.20
[t=638s] step=30 | MISSION=NORMAL_C | USV: 10/10 (avail=10 int=0 lock=0 frz=0) | UAV: air=10 rtb=0 chg=0 loiter=0 | TRACKS: vis=0 lost=0 engaged=0 | TOP:  | KILL=0 | ACTIONS=20 | INTENT: focus=2 ratio=0.20
[t=860s] step=40 | MISSION=NORMAL_C | USV: 10/10 (avail=10 int=0 lock=0 frz=0) | UAV: air=10 rtb=0 chg=0 loiter=0 | TRACKS: vis=0 lost=0 engaged=0 | TOP:  | KILL=0 | ACTIONS=20 | INTENT: focus=2 ratio=0.20
[t=1,088s] step=50 | MISSION=NORMAL_C | USV: 10/10 (avail=10 int=0 lock=0 frz=0) | UAV: air=10 rtb=0 chg=0 loiter=0 | TRACKS: vis=0 lost=0 engaged=0 | TOP:  | KILL=0 | ACTIONS=20 | INTENT: focus=2 ratio=0.20
[t=1,302s] step=60 | MISSION=NORMAL_C | USV: 10/10 (avail=10 int=0 lock=0 frz=0) | UAV: air=10 rtb=0 chg=0 loiter=0 | TRACKS: vis=0 lost=0 engaged=0 | TOP:  | KILL=0 | ACTIONS=20 | INTENT: focus=2 ratio=0.20
[t=1,504s] step=70 | MISSION=NORMAL_C | USV: 10/10 (avail=10 int=0 lock=0 frz=0) | UAV: air=10 rtb=0 chg=0 loiter=0 | TRACKS: vis=0 lost=0 engaged=0 | TOP:  | KILL=0 | ACTIONS=20 | INTENT: focus=2 ratio=0.20
      [DETECT] black_uav11
      [DETECT] black_uav26
      [DETECT] black_uav24
      [DETECT] black_uav14
      [DETECT] black_uav25
      [DETECT] black_uav22
      [DETECT] black_uav18
      [DETECT] black_uav16
      [DETECT] black_uav23
      [DETECT] black_uav17
      [DETECT] black_uav13
      [DETECT] black_uav15
      [DETECT] black_uav6
      [DETECT] black_uav20
      [DETECT] black_uav12
      [DETECT] black_uav7
      [DETECT] black_uav21
      [DETECT] black_uav8
      [DETECT] black_uav9
      [DETECT] black_uav10
      [DETECT] black_uav19
      [DETECT] black_uav2
      [DETECT] black_uav3
      [DETECT] black_uav1
      [DETECT] black_uav4
      [DETECT] black_uav30
      [DETECT] black_uav5
      [DETECT] black_uav28
      [DETECT] black_uav29
      [DETECT] black_uav27
[t=1,710s] step=80 | MISSION=NORMAL_C | USV: 10/10 (avail=10 int=0 lock=0 frz=0) | UAV: air=10 rtb=0 chg=0 loiter=0 | TRACKS: vis=30 lost=0 engaged=0 | TOP: black_uav11(x207,928) black_uav26(x207,928) black_uav24(x207,928) | KILL=0 | ACTIONS=20 | INTENT: focus=2 ratio=0.20
      [DETECT] black_usv20
      [DETECT] black_usv13
      [DETECT] black_usv19
      [DETECT] black_usv8
      [DETECT] black_usv23
      [DETECT] black_usv21
      [DETECT] black_usv22
      [DETECT] black_usv18
      [ASSIGN] white_usv5->black_usv13
      [ASSIGN] white_usv2->black_usv8
      [ASSIGN] white_usv6->black_usv18
      [ASSIGN] white_usv4->black_usv22
      [ASSIGN] white_usv8->black_usv23
      [ASSIGN] white_usv7->black_usv21
      [ASSIGN] white_usv3->black_usv19
      [ASSIGN] white_usv1->black_usv20
