========================================================================
HYBRID AGENT V5 — Variable-Cardinality Hierarchical Maritime Agent
  启用UAV: True | LLM_ENABLED: False
========================================================================
对局 149 开始
      [UAV RELAUNCH] white_uav1
      [UAV RELAUNCH] white_uav4
      [UAV RELAUNCH] white_uav7
      [UAV RELAUNCH] white_uav10
      [UAV RELAUNCH] white_uav3
      [UAV RELAUNCH] white_uav6
      [UAV RELAUNCH] white_uav8
      [UAV RELAUNCH] white_uav5
      [UAV RELAUNCH] white_uav9
      [UAV RELAUNCH] white_uav2
[t=233s] step=10 | MISSION=NORMAL_C | USV: 10/10 (avail=10 int=0 lock=0 frz=0) | UAV: air=10 rtb=0 chg=0 loiter=0 | TRACKS: vis=0 lost=0 engaged=0 | TOP:  | KILL=0 | ACTIONS=20 | INTENT: focus=2 ratio=0.20
  [INTENT APPLIED]
    ThreatAllocator: focus 2 emergency 3 reserve_ratio 0.20 reserve_usvs None bias breakthrough_eta
    UAVManager: mode search_and_reacquire uav_priority []
[t=481s] step=20 | MISSION=NORMAL_C | USV: 10/10 (avail=10 int=0 lock=0 frz=0) | UAV: air=10 rtb=0 chg=0 loiter=0 | TRACKS: vis=0 lost=0 engaged=0 | TOP:  | KILL=0 | ACTIONS=20 | INTENT: focus=2 ratio=0.20
[t=747s] step=30 | MISSION=NORMAL_C | USV: 10/10 (avail=10 int=0 lock=0 frz=0) | UAV: air=10 rtb=0 chg=0 loiter=0 | TRACKS: vis=0 lost=0 engaged=0 | TOP:  | KILL=0 | ACTIONS=20 | INTENT: focus=2 ratio=0.20
[t=1,009s] step=40 | MISSION=NORMAL_C | USV: 10/10 (avail=10 int=0 lock=0 frz=0) | UAV: air=10 rtb=0 chg=0 loiter=0 | TRACKS: vis=0 lost=0 engaged=0 | TOP:  | KILL=0 | ACTIONS=20 | INTENT: focus=2 ratio=0.20
[t=1,276s] step=50 | MISSION=NORMAL_C | USV: 10/10 (avail=10 int=0 lock=0 frz=0) | UAV: air=10 rtb=0 chg=0 loiter=0 | TRACKS: vis=0 lost=0 engaged=0 | TOP:  | KILL=0 | ACTIONS=20 | INTENT: focus=2 ratio=0.20
[t=1,543s] step=60 | MISSION=NORMAL_C | USV: 10/10 (avail=10 int=0 lock=0 frz=0) | UAV: air=10 rtb=0 chg=0 loiter=0 | TRACKS: vis=0 lost=0 engaged=0 | TOP:  | KILL=0 | ACTIONS=20 | INTENT: focus=2 ratio=0.20
      [DETECT] black_uav11
      [DETECT] black_uav14
      [DETECT] black_uav18
      [DETECT] black_uav16
      [DETECT] black_uav17
      [DETECT] black_uav13
      [DETECT] black_uav15
      [DETECT] black_uav4
      [DETECT] black_uav6
      [DETECT] black_uav20
      [DETECT] black_uav5
      [DETECT] black_uav12
      [DETECT] black_uav7
      [DETECT] black_uav8
      [DETECT] black_uav9
      [DETECT] black_uav10
      [DETECT] black_uav19
      [DETECT] black_uav22
      [DETECT] black_uav2
      [DETECT] black_uav3
      [DETECT] black_uav1
      [DETECT] black_uav21
[t=1,796s] step=70 | MISSION=NORMAL_C | USV: 10/10 (avail=10 int=0 lock=0 frz=0) | UAV: air=10 rtb=0 chg=0 loiter=0 | TRACKS: vis=22 lost=0 engaged=0 | TOP: black_uav11(x205,378) black_uav14(x205,378) black_uav18(x205,378) | KILL=0 | ACTIONS=20 | INTENT: focus=2 ratio=0.20
      [DETECT] black_usv9
      [DETECT] black_usv6
      [DETECT] black_usv10
      [DETECT] black_usv5
      [DETECT] black_usv17
      [ASSIGN] white_usv5->black_usv10
      [ASSIGN] white_usv8->black_usv17
      [ASSIGN] white_usv4->black_usv9
      [ASSIGN] white_usv7->black_usv9
      [ASSIGN] white_usv10->black_usv17
      [ASSIGN] white_usv1->black_usv10
      [ASSIGN] white_usv3->black_usv6
      [ASSIGN] white_usv2->black_usv5
      [DETECT] black_usv11
      [DETECT] black_usv20
      [DETECT] black_usv13
      [DETECT] black_usv2
      [DETECT] black_usv15
      [DETECT] black_usv12
      [DETECT] black_usv19
      [DETECT] black_usv14
      [DETECT] black_usv8
      [DETECT] black_usv23
      [DETECT] black_usv1
      [DETECT] black_usv4
      [DETECT] black_usv7
      [DETECT] black_usv16
      [DETECT] black_usv22
      [DETECT] black_usv18
      [ASSIGN] white_usv6->black_usv2
      [ASSIGN] white_usv9->black_usv22
      [DETECT] black_usv3
      [DETECT] black_usv21
[t=2,048s] step=80 | MISSION=NORMAL_C | USV: 10/10 (avail=0 int=10 lock=0 frz=0) | UAV: air=10 rtb=0 chg=0 loiter=0 | TRACKS: vis=45 lost=0 engaged=0 | TOP: black_usv4(x239,627) black_usv1(x239,637) black_usv13(x239,639) | KILL=0 | ACTIONS=20 | INTENT: focus=2 ratio=0.20
[t=2,302s] step=90 | MISSION=NORMAL_C | USV: 10/10 (avail=0 int=10 lock=0 frz=0) | UAV: air=10 rtb=0 chg=0 loiter=0 | TRACKS: vis=38 lost=7 engaged=0 | TOP: black_usv4(x237,101) black_usv1(x237,112) black_usv13(x237,115) | KILL=0 | ACTIONS=20 | INTENT: focus=2 ratio=0.20
[t=2,556s] step=100 | MISSION=NORMAL_C | USV: 10/10 (avail=0 int=10 lock=0 frz=0) | UAV: air=10 rtb=0 chg=0 loiter=0 | TRACKS: vis=31 lost=5 engaged=0 | TOP: black_usv4(x234,576) black_usv1(x234,588) black_usv13(x234,591) | KILL=0 | ACTIONS=20 | INTENT: focus=2 ratio=0.20
      [DETECT] black_uav20
      [DETECT] black_uav7
      [DETECT] black_uav21
      [DETECT] black_uav9
      [DETECT] black_uav3
      [DETECT] black_uav10
      [DETECT] black_uav4
      [DETECT] black_uav22
[t=2,813s] step=110 | MISSION=NORMAL_C | USV: 10/10 (avail=0 int=10 lock=0 frz=0) | UAV: air=10 rtb=0 chg=0 loiter=0 | TRACKS: vis=39 lost=0 engaged=0 | TOP: black_usv4(x232,021) black_usv1(x232,034) black_usv13(x232,037) | KILL=0 | ACTIONS=20 | INTENT: focus=2 ratio=0.20
      [DETECT] black_uav6
      [DETECT] black_uav5
      [DETECT] black_uav11
[t=3,075s] step=120 | MISSION=NORMAL_C | USV: 10/10 (avail=0 int=10 lock=0 frz=0) | UAV: air=10 rtb=0 chg=0 loiter=0 | TRACKS: vis=41 lost=1 engaged=0 | TOP: black_usv4(x229,416) black_usv1(x229,430) black_usv13(x229,434) | KILL=0 | ACTIONS=20 | INTENT: focus=2 ratio=0.20
      [DETECT] black_uav12
[t=3,335s] step=130 | MISSION=NORMAL_C | USV: 10/10 (avail=0 int=10 lock=0 frz=0) | UAV: air=10 rtb=0 chg=0 loiter=0 | TRACKS: vis=42 lost=0 engaged=0 | TOP: black_usv4(x226,830) black_usv1(x226,846) black_usv13(x226,850) | KILL=0 | ACTIONS=20 | INTENT: focus=2 ratio=0.20
[t=3,577s] step=140 | MISSION=NORMAL_C | USV: 10/10 (avail=0 int=10 lock=0 frz=0) | UAV: air=10 rtb=0 chg=0 loiter=0 | TRACKS: vis=40 lost=1 engaged=0 | TOP: black_usv4(x224,424) black_usv1(x224,441) black_usv13(x224,446) | KILL=0 | ACTIONS=20 | INTENT: focus=2 ratio=0.20
      [DETECT] black_uav16
      [DETECT] black_uav13
      [DETECT] black_uav14
[t=3,833s] step=150 | MISSION=NORMAL_C | USV: 10/10 (avail=0 int=10 lock=0 frz=0) | UAV: air=10 rtb=0 chg=0 loiter=0 | TRACKS: vis=42 lost=1 engaged=0 | TOP: black_usv4(x221,879) black_usv1(x221,897) black_usv13(x221,902) | KILL=0 | ACTIONS=20 | INTENT: focus=2 ratio=0.20
[t=4,051s] step=160 | MISSION=NORMAL_C | USV: 10/10 (avail=0 int=10 lock=0 frz=0) | UAV: air=10 rtb=0 chg=0 loiter=0 | TRACKS: vis=42 lost=1 engaged=0 | TOP: black_usv4(x219,711) black_usv1(x219,730) black_usv13(x219,735) | KILL=0 | ACTIONS=20 | INTENT: focus=2 ratio=0.20
      [DETECT] black_uav15
[t=4,194s] step=170 | MISSION=NORMAL_C | USV: 10/10 (avail=0 int=10 lock=0 frz=0) | UAV: air=10 rtb=0 chg=0 loiter=0 | TRACKS: vis=43 lost=0 engaged=0 | TOP: black_usv4(x218,289) black_usv1(x218,309) black_usv13(x218,314) | KILL=0 | ACTIONS=20 | INTENT: focus=2 ratio=0.20
[t=4,338s] step=180 | MISSION=NORMAL_C | USV: 10/10 (avail=0 int=10 lock=0 frz=0) | UAV: air=10 rtb=0 chg=0 loiter=0 | TRACKS: vis=42 lost=1 engaged=0 | TOP: black_usv4(x216,858) black_usv1(x216,878) black_usv13(x216,883) | KILL=0 | ACTIONS=20 | INTENT: focus=2 ratio=0.20
      [DETECT] black_uav18
[t=4,490s] step=190 | MISSION=NORMAL_C | USV: 10/10 (avail=0 int=10 lock=0 frz=0) | UAV: air=10 rtb=0 chg=0 loiter=0 | TRACKS: vis=43 lost=0 engaged=0 | TOP: black_usv4(x215,346) black_usv1(x215,367) black_usv13(x215,373) | KILL=0 | ACTIONS=20 | INTENT: focus=2 ratio=0.20
      [DETECT] black_uav16
      [DETECT] black_uav17
[t=4,640s] step=200 | MISSION=NORMAL_C | USV: 10/10 (avail=0 int=10 lock=0 frz=0) | UAV: air=10 rtb=0 chg=0 loiter=0 | TRACKS: vis=45 lost=0 engaged=0 | TOP: black_usv4(x213,855) black_usv1(x213,876) black_usv13(x213,882) | KILL=0 | ACTIONS=20 | INTENT: focus=2 ratio=0.20
[t=4,794s] step=210 | MISSION=NORMAL_C | USV: 10/10 (avail=0 int=10 lock=0 frz=0) | UAV: air=10 rtb=0 chg=0 loiter=0 | TRACKS: vis=45 lost=0 engaged=0 | TOP: black_usv4(x212,324) black_usv1(x212,346) black_usv13(x212,352) | KILL=0 | ACTIONS=20 | INTENT: focus=2 ratio=0.20
[t=4,954s] step=220 | MISSION=NORMAL_C | USV: 10/10 (avail=0 int=10 lock=0 frz=0) | UAV: air=10 rtb=0 chg=0 loiter=0 | TRACKS: vis=45 lost=0 engaged=0 | TOP: black_usv4(x210,733) black_usv1(x210,756) black_usv11(x210,904) | KILL=0 | ACTIONS=20 | INTENT: focus=2 ratio=0.20
[t=5,119s] step=230 | MISSION=NORMAL_C | USV: 10/10 (avail=0 int=10 lock=0 frz=0) | UAV: air=10 rtb=0 chg=0 loiter=0 | TRACKS: vis=44 lost=1 engaged=0 | TOP: black_usv4(x209,092) black_usv1(x209,116) black_usv11(x209,269) | KILL=0 | ACTIONS=20 | INTENT: focus=2 ratio=0.20
[t=5,335s] step=240 | MISSION=NORMAL_C | USV: 10/10 (avail=0 int=10 lock=0 frz=0) | UAV: air=10 rtb=0 chg=0 loiter=0 | TRACKS: vis=44 lost=0 engaged=0 | TOP: black_usv4(x206,944) black_usv1(x206,969) black_usv11(x207,128) | KILL=0 | ACTIONS=20 | INTENT: focus=2 ratio=0.20
[t=5,587s] step=250 | MISSION=NORMAL_C | USV: 10/10 (avail=0 int=10 lock=0 frz=0) | UAV: air=10 rtb=0 chg=0 loiter=0 | TRACKS: vis=43 lost=1 engaged=0 | TOP: black_usv4(x204,439) black_usv1(x204,465) black_usv11(x204,632) | KILL=0 | ACTIONS=20 | INTENT: focus=2 ratio=0.20
      [DETECT] black_usv21
[t=5,842s] step=260 | MISSION=NORMAL_C | USV: 10/10 (avail=0 int=10 lock=0 frz=0) | UAV: air=10 rtb=0 chg=0 loiter=0 | TRACKS: vis=45 lost=0 engaged=0 | TOP: black_usv4(x201,903) black_usv1(x201,931) black_usv11(x202,105) | KILL=0 | ACTIONS=20 | INTENT: focus=2 ratio=0.20
[t=6,135s] step=270 | MISSION=NORMAL_C | USV: 10/10 (avail=0 int=10 lock=0 frz=0) | UAV: air=10 rtb=0 chg=0 loiter=0 | TRACKS: vis=22 lost=1 engaged=0 | TOP: black_usv4(x198,990) black_usv1(x199,019) black_usv11(x199,202) | KILL=0 | ACTIONS=20 | INTENT: focus=2 ratio=0.20
[t=6,419s] step=280 | MISSION=NORMAL_C | USV: 10/10 (avail=0 int=10 lock=0 frz=0) | UAV: air=10 rtb=0 chg=0 loiter=0 | TRACKS: vis=22 lost=1 engaged=0 | TOP: black_usv4(x196,166) black_usv1(x196,196) black_usv11(x196,388) | KILL=0 | ACTIONS=20 | INTENT: focus=2 ratio=0.20
[t=6,715s] step=290 | MISSION=NORMAL_C | USV: 10/10 (avail=0 int=10 lock=0 frz=0) | UAV: air=10 rtb=0 chg=0 loiter=0 | TRACKS: vis=23 lost=0 engaged=0 | TOP: black_usv1(x193,254) black_usv11(x193,455) black_usv14(x193,468) | KILL=0 | ACTIONS=20 | INTENT: focus=2 ratio=0.20
[t=7,011s] step=300 | MISSION=NORMAL_C | USV: 10/10 (avail=0 int=10 lock=0 frz=0) | UAV: air=10 rtb=0 chg=0 loiter=0 | TRACKS: vis=23 lost=0 engaged=0 | TOP: black_usv1(x190,313) black_usv11(x190,522) black_usv20(x191,097) | KILL=0 | ACTIONS=20 | INTENT: focus=2 ratio=0.20
[t=7,324s] step=310 | MISSION=NORMAL_C | USV: 10/10 (avail=0 int=10 lock=0 frz=0) | UAV: air=10 rtb=0 chg=0 loiter=0 | TRACKS: vis=23 lost=0 engaged=0 | TOP: black_usv1(x187,202) black_usv11(x187,421) black_usv20(x187,970) | KILL=0 | ACTIONS=20 | INTENT: focus=2 ratio=0.20
      [ASSIGN] white_usv5->black_usv9(机会锁定)
      [ASSIGN] white_usv3->black_usv9(机会锁定)
      [ASSIGN] white_usv7->black_usv10(机会锁定)
      [ASSIGN] white_usv10->black_usv23(机会锁定)
      [ASSIGN] white_usv2->black_usv4(机会锁定)
      [ASSIGN] white_usv6->black_usv4(机会锁定)
[t=7,644s] step=320 | MISSION=NORMAL_C | USV: 10/10 (avail=0 int=0 lock=10 frz=0) | UAV: air=10 rtb=0 chg=0 loiter=0 | TRACKS: vis=23 lost=0 engaged=6 | TOP: black_usv2(x183,550) black_usv1(x184,022) black_usv5(x184,567) | KILL=0 | ACTIONS=20 | INTENT: focus=2 ratio=0.20
      [ASSIGN] white_usv5->black_usv5(机会锁定)
      [ASSIGN] white_usv8->black_usv12(机会锁定)
      [ASSIGN] white_usv4->black_usv13(机会锁定)
      [ASSIGN] white_usv3->black_usv13(机会锁定)
      [ASSIGN] white_usv7->black_usv9(机会锁定)
      [ASSIGN] white_usv9->black_usv20(机会锁定)
      [ASSIGN] white_usv7->black_usv6(机会锁定)
      [ASSIGN] white_usv10->black_usv17(机会锁定)
      [ASSIGN] white_usv1->black_usv1(机会锁定)
      [ASSIGN] white_usv2->black_usv1(机会锁定)
      [ASSIGN] white_usv6->black_usv2(机会锁定)
[t=7,957s] step=330 | MISSION=NORMAL_C | USV: 10/10 (avail=0 int=0 lock=10 frz=0) | UAV: air=10 rtb=0 chg=0 loiter=0 | TRACKS: vis=23 lost=0 engaged=8 | TOP: black_usv23(x181,278) black_usv11(x181,148) black_usv10(x183,068) | KILL=2 | ACTIONS=20 | INTENT: focus=2 ratio=0.20
      [ASSIGN] white_usv5->black_usv10(机会锁定)
      [ASSIGN] white_usv8->black_usv23(机会锁定)
      [ASSIGN] white_usv4->black_usv10(机会锁定)
      [ASSIGN] white_usv5->black_usv5(机会锁定)
      [ASSIGN] white_usv4->black_usv5(机会锁定)
      [ASSIGN] white_usv3->black_usv5(机会锁定)
      [ASSIGN] white_usv7->black_usv13(机会锁定)
      [ASSIGN] white_usv10->black_usv12(机会锁定)
      [ASSIGN] white_usv1->black_usv13(机会锁定)
      [ASSIGN] white_usv9->black_usv22(机会锁定)
      [ASSIGN] white_usv7->black_usv6(机会锁定)
      [ASSIGN] white_usv1->black_usv6(机会锁定)
      [ASSIGN] white_usv2->black_usv6(机会锁定)
      [ASSIGN] white_usv9->black_usv20(机会锁定)
      [ASSIGN] white_usv6->black_usv1(机会锁定)
      [KILL] black_usv9
[t=8,286s] step=340 | MISSION=NORMAL_C | USV: 10/10 (avail=0 int=0 lock=10 frz=0) | UAV: air=10 rtb=0 chg=0 loiter=0 | TRACKS: vis=19 lost=3 engaged=6 | TOP: black_usv2(x177,130) black_usv11(x177,889) black_usv22(x180,300) | KILL=4 | ACTIONS=20 | INTENT: focus=2 ratio=0.20
      [KILL] black_usv10
      [ASSIGN] white_usv8->black_usv11(机会锁定)
      [ASSIGN] white_usv5->black_usv14(机会锁定)
      [ASSIGN] white_usv4->black_usv2(机会锁定)
      [ASSIGN] white_usv3->black_usv2(机会锁定)
      [ASSIGN] white_usv10->black_usv23(机会锁定)
      [ASSIGN] white_usv7->black_usv5(机会锁定)
      [ASSIGN] white_usv1->black_usv5(机会锁定)
      [ASSIGN] white_usv2->black_usv5(机会锁定)
      [ASSIGN] white_usv9->black_usv22(机会锁定)
      [ASSIGN] white_usv6->black_usv4(机会锁定)
      [KILL] black_usv13
      [ASSIGN] white_usv8->black_usv23(机会锁定)
[t=8,625s] step=350 | MISSION=NORMAL_C | USV: 8/10 (avail=0 int=1 lock=7 frz=0) | UAV: air=10 rtb=0 chg=0 loiter=0 | TRACKS: vis=20 lost=0 engaged=5 | TOP: black_usv23(x174,602) black_usv18(x176,575) black_usv8(x176,649) | KILL=8 | ACTIONS=18 | INTENT: focus=2 ratio=0.20
      [KILL] black_usv17
      [ASSIGN] white_usv5->black_usv11(机会锁定)
      [ASSIGN] white_usv4->black_usv15(机会锁定)
      [ASSIGN] white_usv3->black_usv15(机会锁定)
      [ASSIGN] white_usv7->black_usv14(机会锁定)
      [ASSIGN] white_usv2->black_usv2(机会锁定)
      [ASSIGN] white_usv9->black_usv18(机会锁定)
      [ASSIGN] white_usv2->black_usv5(机会锁定)
      [ASSIGN] white_usv6->black_usv5(机会锁定)
      [ASSIGN] white_usv2->black_usv4(机会锁定)
      [ASSIGN] white_usv6->black_usv2(机会锁定)
      [ASSIGN] white_usv6->black_usv5(机会锁定)
      [ASSIGN] white_usv8->black_usv22(机会锁定)
      [ASSIGN] white_usv6->black_usv2(机会锁定)
      [KILL] black_usv12
      [ASSIGN] white_usv5->black_usv5(机会锁定)
      [ASSIGN] white_usv8->black_usv23(机会锁定)
      [ASSIGN] white_usv6->black_usv5(机会锁定)
      [KILL] black_usv6
      [KILL] black_usv20
      [KILL] black_usv1
      [ASSIGN] white_usv5->black_usv11(机会锁定)
      [ASSIGN] white_usv8->black_usv11(机会锁定)
      [ASSIGN] white_usv4->black_usv2(机会锁定)
      [ASSIGN] white_usv3->black_usv2(机会锁定)
      [ASSIGN] white_usv6->black_usv2(机会锁定)
      [ASSIGN] white_usv5->black_usv5(机会锁定)
      [ASSIGN] white_usv8->black_usv23(机会锁定)
      [ASSIGN] white_usv4->black_usv5(机会锁定)
      [ASSIGN] white_usv7->black_usv5(机会锁定)
      [ASSIGN] white_usv3->black_usv5(机会锁定)
      [ASSIGN] white_usv6->black_usv15(机会锁定)
      [ASSIGN] white_usv9->black_usv23(机会锁定)
[t=9,123s] step=360 | MISSION=NORMAL_C | USV: 8/10 (avail=0 int=7 lock=1 frz=0) | UAV: air=10 rtb=0 chg=0 loiter=0 | TRACKS: vis=14 lost=0 engaged=1 | TOP: black_usv8(x171,837) black_usv23(x173,903) black_usv3(x172,450) | KILL=15 | ACTIONS=18 | INTENT: focus=2 ratio=0.20
      [ASSIGN] white_usv5->black_usv2(机会锁定)
      [ASSIGN] white_usv8->black_usv11(机会锁定)
      [ASSIGN] white_usv4->black_usv2(机会锁定)
      [ASSIGN] white_usv7->black_usv11(机会锁定)
      [ASSIGN] white_usv3->black_usv2(机会锁定)
      [ASSIGN] white_usv6->black_usv4(机会锁定)
      [ASSIGN] white_usv9->black_usv18(机会锁定)
      [ASSIGN] white_usv5->black_usv5(机会锁定)
      [ASSIGN] white_usv8->black_usv23(机会锁定)
      [ASSIGN] white_usv4->black_usv5(机会锁定)
      [ASSIGN] white_usv7->black_usv14(机会锁定)
      [ASSIGN] white_usv3->black_usv5(机会锁定)
      [ASSIGN] white_usv2->black_usv15(机会锁定)
      [ASSIGN] white_usv9->black_usv23(机会锁定)
      [ASSIGN] white_usv5->black_usv2(机会锁定)
      [ASSIGN] white_usv4->black_usv2(机会锁定)
      [ASSIGN] white_usv7->black_usv11(机会锁定)
      [ASSIGN] white_usv3->black_usv2(机会锁定)
      [ASSIGN] white_usv2->black_usv2(机会锁定)
      [ASSIGN] white_usv9->black_usv18(机会锁定)
      [KILL] black_usv2
      [KILL] black_usv23
      [RELEASE] white_usv5->black_usv2(目标失效)
      [ASSIGN] white_usv5->black_usv5(机会锁定)
      [RELEASE] white_usv8->black_usv23(目标失效)
      [RELEASE] white_usv4->black_usv2(目标失效)
      [ASSIGN] white_usv4->black_usv5(机会锁定)
      [ASSIGN] white_usv7->black_usv14(机会锁定)
      [RELEASE] white_usv3->black_usv2(目标失效)
      [ASSIGN] white_usv3->black_usv5(机会锁定)
      [RELEASE] white_usv2->black_usv2(目标失效)
      [ASSIGN] white_usv2->black_usv15(机会锁定)
      [KILL] black_usv5
      [KILL] black_usv22
      [RELEASE] white_usv5->black_usv5(目标失效)
      [ASSIGN] white_usv5->black_usv4(机会锁定)
      [ASSIGN] white_usv8->black_usv8
      [RELEASE] white_usv4->black_usv5(目标失效)
      [ASSIGN] white_usv4->black_usv4(机会锁定)
      [ASSIGN] white_usv7->black_usv11(机会锁定)
      [RELEASE] white_usv3->black_usv5(目标失效)
      [ASSIGN] white_usv3->black_usv4(机会锁定)
      [ASSIGN] white_usv2->black_usv4(机会锁定)
      [ASSIGN] white_usv5->black_usv15(机会锁定)
      [ASSIGN] white_usv8->black_usv11(机会锁定)
      [ASSIGN] white_usv7->black_usv14(机会锁定)
      [ASSIGN] white_usv5->black_usv8(机会锁定)
      [ASSIGN] white_usv7->black_usv8(机会锁定)
      [ASSIGN] white_usv6->black_usv8(机会锁定)
      [ASSIGN] white_usv6->black_usv4(机会锁定)
      [ASSIGN] white_usv8->black_usv14(机会锁定)
      [ASSIGN] white_usv6->black_usv15(机会锁定)
      [KILL] black_usv11
[t=9,643s] step=370 | MISSION=NORMAL_C | USV: 8/10 (avail=0 int=5 lock=3 frz=0) | UAV: air=10 rtb=0 chg=0 loiter=0 | TRACKS: vis=8 lost=1 engaged=2 | TOP: black_usv3(x167,460) black_usv19(x176,899) black_usv18(x169,473) | KILL=16 | ACTIONS=18 | INTENT: focus=2 ratio=0.20
      [KILL] black_usv15
      [ASSIGN] white_usv8->black_usv16(机会锁定)
      [ASSIGN] white_usv2->black_usv8(机会锁定)
      [RELEASE] white_usv6->black_usv15(目标失效)
      [ASSIGN] white_usv6->black_usv7(机会锁定)
      [KILL] black_usv14
      [KILL] black_usv4
      [RELEASE] white_usv4->black_usv4(目标失效)
      [ASSIGN] white_usv4->black_usv8(机会锁定)
      [RELEASE] white_usv3->black_usv4(目标失效)
      [ASSIGN] white_usv3->black_usv8(机会锁定)
      [ASSIGN] white_usv5->black_usv19(机会锁定)
      [ASSIGN] white_usv7->black_usv19(机会锁定)
      [ASSIGN] white_usv9->black_usv16(机会锁定)
      [ASSIGN] white_usv8->black_usv18(机会锁定)
      [ASSIGN] white_usv4->black_usv7(机会锁定)
      [ASSIGN] white_usv3->black_usv7(机会锁定)
      [ASSIGN] white_usv2->black_usv7(机会锁定)
      [ASSIGN] white_usv8->black_usv16(机会锁定)
      [ASSIGN] white_usv2->black_usv8(机会锁定)
      [ASSIGN] white_usv5->black_usv8(机会锁定)
      [ASSIGN] white_usv8->black_usv18(机会锁定)
      [ASSIGN] white_usv7->black_usv8(机会锁定)
      [ASSIGN] white_usv9->black_usv18(机会锁定)
[t=10,239s] step=380 | MISSION=NORMAL_C | USV: 8/10 (avail=0 int=5 lock=3 frz=0) | UAV: air=10 rtb=0 chg=0 loiter=0 | TRACKS: vis=6 lost=0 engaged=1 | TOP: black_usv3(x161,741) black_usv18(x168,163) black_usv8(x165,053) | KILL=20 | ACTIONS=18 | INTENT: focus=2 ratio=0.20
      [ASSIGN] white_usv5->black_usv19(机会锁定)
      [ASSIGN] white_usv8->black_usv16(机会锁定)
      [ASSIGN] white_usv7->black_usv19(机会锁定)
      [ASSIGN] white_usv2->black_usv19(机会锁定)
      [ASSIGN] white_usv9->black_usv16(机会锁定)
      [ASSIGN] white_usv5->black_usv8(机会锁定)
      [ASSIGN] white_usv8->black_usv18(机会锁定)
      [ASSIGN] white_usv7->black_usv8(机会锁定)
      [ASSIGN] white_usv2->black_usv8(机会锁定)
      [ASSIGN] white_usv9->black_usv18(机会锁定)
      [KILL] black_usv18
      [ASSIGN] white_usv5->black_usv19(机会锁定)
      [RELEASE] white_usv8->black_usv18(目标失效)
      [ASSIGN] white_usv8->black_usv16(机会锁定)
      [ASSIGN] white_usv4->black_usv19(机会锁定)
      [ASSIGN] white_usv7->black_usv19(机会锁定)
      [ASSIGN] white_usv3->black_usv19(机会锁定)
      [ASSIGN] white_usv2->black_usv19(机会锁定)
      [ASSIGN] white_usv6->black_usv19(机会锁定)
      [RELEASE] white_usv9->black_usv18(目标失效)
      [ASSIGN] white_usv9->black_usv16(机会锁定)
      [KILL] black_usv8
      [ASSIGN] white_usv5->black_usv7(机会锁定)
      [ASSIGN] white_usv4->black_usv7(机会锁定)
      [ASSIGN] white_usv7->black_usv7(机会锁定)
      [ASSIGN] white_usv3->black_usv7(机会锁定)
      [ASSIGN] white_usv2->black_usv7(机会锁定)
      [ASSIGN] white_usv6->black_usv7(机会锁定)
      [ASSIGN] white_usv5->black_usv19(机会锁定)
      [ASSIGN] white_usv4->black_usv19(机会锁定)
      [ASSIGN] white_usv7->black_usv19(机会锁定)
      [ASSIGN] white_usv3->black_usv19(机会锁定)
      [ASSIGN] white_usv2->black_usv19(机会锁定)
      [ASSIGN] white_usv6->black_usv19(机会锁定)
      [ASSIGN] white_usv5->black_usv7(机会锁定)
      [ASSIGN] white_usv4->black_usv7(机会锁定)
      [ASSIGN] white_usv7->black_usv7(机会锁定)
      [ASSIGN] white_usv3->black_usv7(机会锁定)
      [ASSIGN] white_usv2->black_usv7(机会锁定)
      [ASSIGN] white_usv6->black_usv7(机会锁定)
      [KILL] black_usv16
      [RELEASE] white_usv8->black_usv16(目标失效)
      [ASSIGN] white_usv4->black_usv19(机会锁定)
      [ASSIGN] white_usv7->black_usv19(机会锁定)
      [ASSIGN] white_usv3->black_usv19(机会锁定)
      [ASSIGN] white_usv2->black_usv19(机会锁定)
      [ASSIGN] white_usv6->black_usv19(机会锁定)
      [RELEASE] white_usv9->black_usv16(目标失效)
      [ASSIGN] white_usv8->black_usv3
      [ASSIGN] white_usv4->black_usv7(机会锁定)
      [ASSIGN] white_usv7->black_usv7(机会锁定)
      [ASSIGN] white_usv3->black_usv7(机会锁定)
      [ASSIGN] white_usv2->black_usv7(机会锁定)
      [ASSIGN] white_usv6->black_usv7(机会锁定)
      [ASSIGN] white_usv9->black_usv7
      [ASSIGN] white_usv4->black_usv19(机会锁定)
      [ASSIGN] white_usv7->black_usv19(机会锁定)
      [ASSIGN] white_usv3->black_usv19(机会锁定)
      [ASSIGN] white_usv2->black_usv19(机会锁定)
      [ASSIGN] white_usv6->black_usv19(机会锁定)
      [KILL] black_usv19
      [RELEASE] white_usv4->black_usv19(目标失效)
      [ASSIGN] white_usv4->black_usv7(机会锁定)
      [RELEASE] white_usv7->black_usv19(目标失效)
      [ASSIGN] white_usv7->black_usv7(机会锁定)
      [RELEASE] white_usv3->black_usv19(目标失效)
      [ASSIGN] white_usv3->black_usv7(机会锁定)
      [RELEASE] white_usv2->black_usv19(目标失效)
      [ASSIGN] white_usv2->black_usv7(机会锁定)
      [RELEASE] white_usv6->black_usv19(目标失效)
      [ASSIGN] white_usv6->black_usv7(机会锁定)
[t=10,895s] step=390 | MISSION=NORMAL_C | USV: 7/10 (avail=0 int=7 lock=0 frz=0) | UAV: air=10 rtb=0 chg=0 loiter=0 | TRACKS: vis=2 lost=0 engaged=0 | TOP: black_usv3(x155,446) black_usv7(x170,269) | KILL=21 | ACTIONS=17 | INTENT: focus=2 ratio=0.20
      [ASSIGN] white_usv4->black_usv3(机会锁定)
      [ASSIGN] white_usv3->black_usv3(机会锁定)
      [ASSIGN] white_usv2->black_usv3(机会锁定)
      [ASSIGN] white_usv6->black_usv3(机会锁定)
      [KILL] black_usv7
      [RELEASE] white_usv7->black_usv7(目标失效)
      [ASSIGN] white_usv7->black_usv3(机会锁定)
      [RELEASE] white_usv9->black_usv7(目标失效)
[t=11,616s] step=400 | MISSION=NORMAL_C | USV: 7/10 (avail=1 int=6 lock=0 frz=0) | UAV: air=10 rtb=0 chg=0 loiter=0 | TRACKS: vis=1 lost=0 engaged=0 | TOP: black_usv3(x151,560) | KILL=22 | ACTIONS=17 | INTENT: focus=2 ratio=0.20
      [KILL] black_usv3
      [RELEASE] white_usv8->black_usv3(目标失效)
      [RELEASE] white_usv4->black_usv3(目标失效)
      [RELEASE] white_usv7->black_usv3(目标失效)
      [RELEASE] white_usv3->black_usv3(目标失效)
      [RELEASE] white_usv2->black_usv3(目标失效)
      [RELEASE] white_usv6->black_usv3(目标失效)
[t=12,356s] step=410 | MISSION=GLOBAL_R | USV: 7/10 (avail=7 int=0 lock=0 frz=0) | UAV: air=10 rtb=0 chg=0 loiter=0 | TRACKS: vis=0 lost=0 engaged=0 | TOP:  | KILL=22 | ACTIONS=17 | INTENT: focus=2 ratio=0.20
[t=13,022s] step=420 | MISSION=GLOBAL_R | USV: 7/10 (avail=7 int=0 lock=0 frz=0) | UAV: air=10 rtb=0 chg=0 loiter=0 | TRACKS: vis=0 lost=0 engaged=0 | TOP:  | KILL=22 | ACTIONS=17 | INTENT: focus=2 ratio=0.20
[t=13,744s] step=430 | MISSION=GLOBAL_R | USV: 7/10 (avail=7 int=0 lock=0 frz=0) | UAV: air=10 rtb=0 chg=0 loiter=0 | TRACKS: vis=0 lost=0 engaged=0 | TOP:  | KILL=22 | ACTIONS=17 | INTENT: focus=2 ratio=0.20
[t=14,448s] step=440 | MISSION=GLOBAL_R | USV: 7/10 (avail=7 int=0 lock=0 frz=0) | UAV: air=10 rtb=0 chg=0 loiter=0 | TRACKS: vis=0 lost=0 engaged=0 | TOP:  | KILL=22 | ACTIONS=17 | INTENT: focus=2 ratio=0.20
[t=15,178s] step=450 | MISSION=GLOBAL_R | USV: 7/10 (avail=7 int=0 lock=0 frz=0) | UAV: air=10 rtb=0 chg=0 loiter=0 | TRACKS: vis=0 lost=0 engaged=0 | TOP:  | KILL=22 | ACTIONS=17 | INTENT: focus=2 ratio=0.20
[t=15,907s] step=460 | MISSION=GLOBAL_R | USV: 7/10 (avail=7 int=0 lock=0 frz=0) | UAV: air=10 rtb=0 chg=0 loiter=0 | TRACKS: vis=0 lost=0 engaged=0 | TOP:  | KILL=22 | ACTIONS=17 | INTENT: focus=2 ratio=0.20
[t=16,565s] step=470 | MISSION=GLOBAL_R | USV: 7/10 (avail=7 int=0 lock=0 frz=0) | UAV: air=10 rtb=0 chg=0 loiter=0 | TRACKS: vis=0 lost=0 engaged=0 | TOP:  | KILL=22 | ACTIONS=17 | INTENT: focus=2 ratio=0.20
[t=17,292s] step=480 | MISSION=GLOBAL_R | USV: 7/10 (avail=7 int=0 lock=0 frz=0) | UAV: air=10 rtb=0 chg=0 loiter=0 | TRACKS: vis=0 lost=0 engaged=0 | TOP:  | KILL=22 | ACTIONS=17 | INTENT: focus=2 ratio=0.20
      [DETECT] black_usv21
      [ASSIGN] white_usv8->black_usv21
      [ASSIGN] white_usv6->black_usv21
      [ASSIGN] white_usv9->black_usv21
      [RELEASE] white_usv8->black_usv21(目标失效)
      [RELEASE] white_usv6->black_usv21(目标失效)
      [RELEASE] white_usv9->black_usv21(目标失效)
      [DETECT] black_usv21
      [ASSIGN] white_usv8->black_usv21
      [ASSIGN] white_usv6->black_usv21
      [ASSIGN] white_usv9->black_usv21(机会锁定)
[t=18,027s] step=490 | MISSION=NORMAL_C | USV: 7/10 (avail=4 int=2 lock=1 frz=0) | UAV: air=10 rtb=0 chg=0 loiter=0 | TRACKS: vis=1 lost=0 engaged=1 | TOP: black_usv21(x141,712) | KILL=22 | ACTIONS=17 | INTENT: focus=2 ratio=0.20

========================================================================
对局结果: Result.Victory — 敌方所有单位被击毁
  击杀蓝舰: 23 | 命中: 46 | 我方USV损失: 3 | UAV损失: 0 | 突破: 0
[META] result=Result.Victory victory_time=19042 first_detection=1565 first_lock=7389 first_kill=8286 enemy_kills=23 friendly_usv_losses=3 friendly_uav_losses=0 black_breakthrough=0 reacquire_attempts=136 reacquire_success=136 sensor_assisted_locks=43 low_conf_commitments=0 global_reacquire_entries=1 global_reacquire_success=1 coverage_collapse_events=1 active_clusters_max=1 coverage_quality_final=0.34 commander_source=default_intent commander_calls=0 commander_changes=0 commander_no_change=0 commander_parse_failures=0 commander_api_failures=0 commander_policy_failures=0 commander_avg_latency=0.0
Done
