========================================================================
HYBRID AGENT V5 — Variable-Cardinality Hierarchical Maritime Agent
  启用UAV: True | LLM_ENABLED: False
========================================================================
对局 120 开始
      [UAV RELAUNCH] white_uav4
      [UAV RELAUNCH] white_uav8
      [UAV RELAUNCH] white_uav10
      [UAV RELAUNCH] white_uav7
      [UAV RELAUNCH] white_uav2
      [UAV RELAUNCH] white_uav5
      [UAV RELAUNCH] white_uav3
      [UAV RELAUNCH] white_uav9
      [UAV RELAUNCH] white_uav1
      [UAV RELAUNCH] white_uav6
[t=240s] step=10 | MISSION=NORMAL_C | USV: 10/10 (avail=10 int=0 lock=0 frz=0) | UAV: air=10 rtb=0 chg=0 loiter=0 | TRACKS: vis=0 lost=0 engaged=0 | TOP:  | KILL=0 | ACTIONS=20 | INTENT: focus=2 ratio=0.20
  [INTENT APPLIED]
    ThreatAllocator: focus 2 emergency 3 reserve_ratio 0.20 reserve_usvs None bias breakthrough_eta
    UAVManager: mode search_and_reacquire uav_priority []
[t=546s] step=20 | MISSION=NORMAL_C | USV: 10/10 (avail=10 int=0 lock=0 frz=0) | UAV: air=10 rtb=0 chg=0 loiter=0 | TRACKS: vis=0 lost=0 engaged=0 | TOP:  | KILL=0 | ACTIONS=20 | INTENT: focus=2 ratio=0.20
[t=853s] step=30 | MISSION=NORMAL_C | USV: 10/10 (avail=10 int=0 lock=0 frz=0) | UAV: air=10 rtb=0 chg=0 loiter=0 | TRACKS: vis=0 lost=0 engaged=0 | TOP:  | KILL=0 | ACTIONS=20 | INTENT: focus=2 ratio=0.20
[t=1,148s] step=40 | MISSION=NORMAL_C | USV: 10/10 (avail=10 int=0 lock=0 frz=0) | UAV: air=10 rtb=0 chg=0 loiter=0 | TRACKS: vis=0 lost=0 engaged=0 | TOP:  | KILL=0 | ACTIONS=20 | INTENT: focus=2 ratio=0.20
[t=1,459s] step=50 | MISSION=NORMAL_C | USV: 10/10 (avail=10 int=0 lock=0 frz=0) | UAV: air=10 rtb=0 chg=0 loiter=0 | TRACKS: vis=0 lost=0 engaged=0 | TOP:  | KILL=0 | ACTIONS=20 | INTENT: focus=2 ratio=0.20
      [DETECT] black_uav6
      [DETECT] black_uav2
      [DETECT] black_uav5
      [DETECT] black_uav3
      [DETECT] black_uav7
      [DETECT] black_uav8
      [DETECT] black_uav9
      [DETECT] black_uav4
      [DETECT] black_uav1
      [DETECT] black_uav10
[t=1,761s] step=60 | MISSION=NORMAL_C | USV: 10/10 (avail=10 int=0 lock=0 frz=0) | UAV: air=10 rtb=0 chg=0 loiter=0 | TRACKS: vis=10 lost=0 engaged=0 | TOP: black_uav6(x206,371) black_uav2(x206,371) black_uav5(x206,371) | KILL=0 | ACTIONS=20 | INTENT: focus=2 ratio=0.20
      [DETECT] black_usv3
      [DETECT] black_usv8
      [DETECT] black_usv2
      [DETECT] black_usv4
      [DETECT] black_usv5
      [ASSIGN] white_usv1->black_usv2
      [ASSIGN] white_usv4->black_usv4
      [ASSIGN] white_usv3->black_usv2
      [ASSIGN] white_usv7->black_usv5
      [ASSIGN] white_usv8->black_usv8
      [ASSIGN] white_usv9->black_usv4
      [ASSIGN] white_usv5->black_usv5
      [ASSIGN] white_usv6->black_usv3
      [DETECT] black_usv9
      [DETECT] black_usv6
      [DETECT] black_usv1
      [DETECT] black_usv10
      [DETECT] black_usv7
      [ASSIGN] white_usv2->black_usv10
      [ASSIGN] white_usv10->black_usv9
[t=2,069s] step=70 | MISSION=NORMAL_C | USV: 10/10 (avail=0 int=10 lock=0 frz=0) | UAV: air=10 rtb=0 chg=0 loiter=0 | TRACKS: vis=18 lost=1 engaged=0 | TOP: black_usv1(x239,544) black_usv6(x241,733) black_usv7(x242,613) | KILL=0 | ACTIONS=20 | INTENT: focus=2 ratio=0.20
[t=2,372s] step=80 | MISSION=NORMAL_C | USV: 10/10 (avail=0 int=10 lock=0 frz=0) | UAV: air=10 rtb=0 chg=0 loiter=0 | TRACKS: vis=13 lost=5 engaged=0 | TOP: black_usv1(x236,551) black_usv6(x239,061) black_usv7(x240,069) | KILL=0 | ACTIONS=20 | INTENT: focus=2 ratio=0.20
[t=2,688s] step=90 | MISSION=NORMAL_C | USV: 10/10 (avail=0 int=10 lock=0 frz=0) | UAV: air=10 rtb=0 chg=0 loiter=0 | TRACKS: vis=12 lost=2 engaged=0 | TOP: black_usv1(x233,430) black_usv6(x236,274) black_usv7(x237,416) | KILL=0 | ACTIONS=20 | INTENT: focus=2 ratio=0.20
      [DETECT] black_uav6
      [DETECT] black_uav3
      [DETECT] black_uav5
[t=3,014s] step=100 | MISSION=NORMAL_C | USV: 10/10 (avail=0 int=10 lock=0 frz=0) | UAV: air=10 rtb=0 chg=0 loiter=0 | TRACKS: vis=17 lost=0 engaged=0 | TOP: black_usv1(x230,210) black_usv6(x233,398) black_usv7(x234,679) | KILL=0 | ACTIONS=20 | INTENT: focus=2 ratio=0.20
      [DETECT] black_uav2
[t=3,347s] step=110 | MISSION=NORMAL_C | USV: 10/10 (avail=0 int=10 lock=0 frz=0) | UAV: air=10 rtb=0 chg=0 loiter=0 | TRACKS: vis=16 lost=1 engaged=0 | TOP: black_usv1(x226,921) black_usv6(x230,461) black_usv7(x231,883) | KILL=0 | ACTIONS=20 | INTENT: focus=2 ratio=0.20
      [DETECT] black_uav8
      [DETECT] black_uav9
      [DETECT] black_uav1
[t=3,679s] step=120 | MISSION=NORMAL_C | USV: 10/10 (avail=0 int=10 lock=0 frz=0) | UAV: air=10 rtb=0 chg=0 loiter=0 | TRACKS: vis=18 lost=2 engaged=0 | TOP: black_usv1(x223,641) black_usv6(x227,533) black_usv7(x229,096) | KILL=0 | ACTIONS=20 | INTENT: focus=2 ratio=0.20
[t=4,010s] step=130 | MISSION=NORMAL_C | USV: 10/10 (avail=0 int=10 lock=0 frz=0) | UAV: air=10 rtb=0 chg=0 loiter=0 | TRACKS: vis=18 lost=2 engaged=0 | TOP: black_usv1(x220,372) black_usv6(x224,614) black_usv7(x226,317) | KILL=0 | ACTIONS=20 | INTENT: focus=2 ratio=0.20
[t=4,268s] step=140 | MISSION=NORMAL_C | USV: 10/10 (avail=0 int=10 lock=0 frz=0) | UAV: air=10 rtb=0 chg=0 loiter=0 | TRACKS: vis=17 lost=3 engaged=0 | TOP: black_usv1(x217,823) black_usv6(x222,338) black_usv7(x224,151) | KILL=0 | ACTIONS=20 | INTENT: focus=2 ratio=0.20
[t=4,530s] step=150 | MISSION=NORMAL_C | USV: 10/10 (avail=0 int=10 lock=0 frz=0) | UAV: air=10 rtb=0 chg=0 loiter=0 | TRACKS: vis=20 lost=0 engaged=0 | TOP: black_usv1(x215,236) black_usv6(x220,027) black_usv7(x221,951) | KILL=0 | ACTIONS=20 | INTENT: focus=2 ratio=0.20
[t=4,782s] step=160 | MISSION=NORMAL_C | USV: 10/10 (avail=0 int=10 lock=0 frz=0) | UAV: air=10 rtb=0 chg=0 loiter=0 | TRACKS: vis=20 lost=0 engaged=0 | TOP: black_usv1(x212,746) black_usv6(x217,805) black_usv7(x219,835) | KILL=0 | ACTIONS=20 | INTENT: focus=2 ratio=0.20
[t=5,031s] step=170 | MISSION=NORMAL_C | USV: 10/10 (avail=0 int=10 lock=0 frz=0) | UAV: air=10 rtb=0 chg=0 loiter=0 | TRACKS: vis=20 lost=0 engaged=0 | TOP: black_usv1(x210,278) black_usv6(x215,600) black_usv7(x217,737) | KILL=0 | ACTIONS=20 | INTENT: focus=2 ratio=0.20
[t=5,312s] step=180 | MISSION=NORMAL_C | USV: 10/10 (avail=0 int=10 lock=0 frz=0) | UAV: air=10 rtb=0 chg=0 loiter=0 | TRACKS: vis=20 lost=0 engaged=0 | TOP: black_usv1(x207,511) black_usv6(x213,130) black_usv7(x215,386) | KILL=0 | ACTIONS=20 | INTENT: focus=2 ratio=0.20
[t=5,633s] step=190 | MISSION=NORMAL_C | USV: 10/10 (avail=0 int=10 lock=0 frz=0) | UAV: air=10 rtb=0 chg=0 loiter=0 | TRACKS: vis=20 lost=0 engaged=0 | TOP: black_usv1(x204,341) black_usv6(x210,299) black_usv7(x212,691) | KILL=0 | ACTIONS=20 | INTENT: focus=2 ratio=0.20
[t=5,977s] step=200 | MISSION=NORMAL_C | USV: 10/10 (avail=0 int=10 lock=0 frz=0) | UAV: air=10 rtb=0 chg=0 loiter=0 | TRACKS: vis=9 lost=11 engaged=0 | TOP: black_usv1(x200,943) black_usv6(x207,265) black_usv7(x209,803) | KILL=0 | ACTIONS=20 | INTENT: focus=2 ratio=0.20
[t=6,332s] step=210 | MISSION=NORMAL_C | USV: 10/10 (avail=0 int=10 lock=0 frz=0) | UAV: air=10 rtb=0 chg=0 loiter=0 | TRACKS: vis=10 lost=0 engaged=0 | TOP: black_usv1(x197,436) black_usv6(x204,134) black_usv7(x206,822) | KILL=0 | ACTIONS=20 | INTENT: focus=2 ratio=0.20
[t=6,682s] step=220 | MISSION=NORMAL_C | USV: 10/10 (avail=0 int=10 lock=0 frz=0) | UAV: air=10 rtb=0 chg=0 loiter=0 | TRACKS: vis=10 lost=0 engaged=0 | TOP: black_usv1(x193,970) black_usv6(x201,039) black_usv7(x203,876) | KILL=0 | ACTIONS=20 | INTENT: focus=2 ratio=0.20
[t=7,044s] step=230 | MISSION=NORMAL_C | USV: 10/10 (avail=0 int=10 lock=0 frz=0) | UAV: air=10 rtb=0 chg=0 loiter=0 | TRACKS: vis=10 lost=0 engaged=0 | TOP: black_usv1(x190,404) black_usv6(x197,854) black_usv7(x200,845) | KILL=0 | ACTIONS=20 | INTENT: focus=2 ratio=0.20
      [ASSIGN] white_usv4->black_usv2(机会锁定)
      [ASSIGN] white_usv6->black_usv5(机会锁定)
[t=7,404s] step=240 | MISSION=NORMAL_C | USV: 10/10 (avail=0 int=4 lock=6 frz=0) | UAV: air=10 rtb=0 chg=0 loiter=0 | TRACKS: vis=10 lost=0 engaged=2 | TOP: black_usv1(x186,848) black_usv6(x194,678) black_usv7(x197,822) | KILL=0 | ACTIONS=20 | INTENT: focus=2 ratio=0.20
      [ASSIGN] white_usv9->black_usv5(机会锁定)
      [ASSIGN] white_usv2->black_usv5(机会锁定)
      [ASSIGN] white_usv1->black_usv4(机会锁定)
      [ASSIGN] white_usv4->black_usv4(机会锁定)
      [ASSIGN] white_usv3->black_usv4(机会锁定)
      [ASSIGN] white_usv7->black_usv4(机会锁定)
      [ASSIGN] white_usv9->black_usv4(机会锁定)
      [ASSIGN] white_usv5->black_usv4(机会锁定)
      [ASSIGN] white_usv6->black_usv4(机会锁定)
      [ASSIGN] white_usv2->black_usv4(机会锁定)
      [ASSIGN] white_usv10->black_usv8(机会锁定)
[t=7,782s] step=250 | MISSION=NORMAL_C | USV: 10/10 (avail=0 int=0 lock=10 frz=0) | UAV: air=10 rtb=0 chg=0 loiter=0 | TRACKS: vis=10 lost=0 engaged=2 | TOP: black_usv5(x183,164) black_usv2(x183,456) black_usv1(x183,114) | KILL=2 | ACTIONS=20 | INTENT: focus=2 ratio=0.20
      [ASSIGN] white_usv1->black_usv2(机会锁定)
      [ASSIGN] white_usv4->black_usv2(机会锁定)
      [ASSIGN] white_usv3->black_usv2(机会锁定)
      [ASSIGN] white_usv7->black_usv5(机会锁定)
      [ASSIGN] white_usv9->black_usv5(机会锁定)
      [ASSIGN] white_usv5->black_usv5(机会锁定)
      [ASSIGN] white_usv6->black_usv5(机会锁定)
      [ASSIGN] white_usv2->black_usv5(机会锁定)
      [ASSIGN] white_usv1->black_usv4(机会锁定)
      [ASSIGN] white_usv4->black_usv4(机会锁定)
      [ASSIGN] white_usv3->black_usv4(机会锁定)
      [ASSIGN] white_usv7->black_usv4(机会锁定)
      [ASSIGN] white_usv8->black_usv9(机会锁定)
      [ASSIGN] white_usv9->black_usv4(机会锁定)
      [ASSIGN] white_usv5->black_usv4(机会锁定)
      [ASSIGN] white_usv6->black_usv4(机会锁定)
      [ASSIGN] white_usv2->black_usv4(机会锁定)
      [ASSIGN] white_usv10->black_usv9(机会锁定)
      [ASSIGN] white_usv1->black_usv2(机会锁定)
      [ASSIGN] white_usv4->black_usv2(机会锁定)
      [ASSIGN] white_usv3->black_usv2(机会锁定)
      [ASSIGN] white_usv7->black_usv5(机会锁定)
      [ASSIGN] white_usv9->black_usv5(机会锁定)
      [ASSIGN] white_usv5->black_usv5(机会锁定)
      [ASSIGN] white_usv6->black_usv5(机会锁定)
      [ASSIGN] white_usv2->black_usv5(机会锁定)
      [ASSIGN] white_usv1->black_usv4(机会锁定)
      [ASSIGN] white_usv4->black_usv4(机会锁定)
      [ASSIGN] white_usv3->black_usv4(机会锁定)
      [ASSIGN] white_usv7->black_usv4(机会锁定)
      [ASSIGN] white_usv9->black_usv4(机会锁定)
      [ASSIGN] white_usv5->black_usv4(机会锁定)
      [ASSIGN] white_usv6->black_usv4(机会锁定)
      [ASSIGN] white_usv2->black_usv4(机会锁定)
[t=8,186s] step=260 | MISSION=NORMAL_C | USV: 10/10 (avail=0 int=8 lock=2 frz=0) | UAV: air=10 rtb=0 chg=0 loiter=0 | TRACKS: vis=10 lost=0 engaged=1 | TOP: black_usv1(x179,119) black_usv4(x180,396) black_usv8(x180,400) | KILL=4 | ACTIONS=20 | INTENT: focus=2 ratio=0.20
      [ASSIGN] white_usv1->black_usv2(机会锁定)
      [ASSIGN] white_usv7->black_usv5(机会锁定)
      [ASSIGN] white_usv9->black_usv5(机会锁定)
      [ASSIGN] white_usv5->black_usv5(机会锁定)
      [ASSIGN] white_usv6->black_usv5(机会锁定)
      [ASSIGN] white_usv2->black_usv5(机会锁定)
      [ASSIGN] white_usv1->black_usv1(机会锁定)
      [ASSIGN] white_usv7->black_usv4(机会锁定)
      [ASSIGN] white_usv9->black_usv4(机会锁定)
      [ASSIGN] white_usv5->black_usv4(机会锁定)
      [ASSIGN] white_usv6->black_usv4(机会锁定)
      [ASSIGN] white_usv2->black_usv3(机会锁定)
      [KILL] black_usv2
      [KILL] black_usv5
      [ASSIGN] white_usv8->black_usv8(机会锁定)
      [ASSIGN] white_usv10->black_usv8(机会锁定)
      [ASSIGN] white_usv7->black_usv10(机会锁定)
      [ASSIGN] white_usv8->black_usv9(机会锁定)
      [ASSIGN] white_usv9->black_usv3(机会锁定)
      [ASSIGN] white_usv6->black_usv10(机会锁定)
      [ASSIGN] white_usv10->black_usv9(机会锁定)
      [ASSIGN] white_usv4->black_usv3(机会锁定)
      [ASSIGN] white_usv8->black_usv8(机会锁定)
      [ASSIGN] white_usv5->black_usv3(机会锁定)
      [ASSIGN] white_usv10->black_usv8(机会锁定)
      [ASSIGN] white_usv8->black_usv9(机会锁定)
      [ASSIGN] white_usv10->black_usv9(机会锁定)
[t=8,586s] step=270 | MISSION=NORMAL_C | USV: 10/10 (avail=0 int=3 lock=7 frz=0) | UAV: air=10 rtb=0 chg=0 loiter=0 | TRACKS: vis=8 lost=0 engaged=3 | TOP: black_usv9(x179,629) black_usv6(x184,245) black_usv7(x187,891) | KILL=5 | ACTIONS=20 | INTENT: focus=2 ratio=0.20
      [ASSIGN] white_usv1->black_usv6(机会锁定)
      [ASSIGN] white_usv8->black_usv8(机会锁定)
      [ASSIGN] white_usv10->black_usv8(机会锁定)
      [KILL] black_usv4
      [RELEASE] white_usv3->black_usv4(目标失效)
      [ASSIGN] white_usv3->black_usv1(机会锁定)
      [ASSIGN] white_usv8->black_usv9(机会锁定)
      [ASSIGN] white_usv10->black_usv9(机会锁定)
      [KILL] black_usv8
      [ASSIGN] white_usv9->black_usv10(机会锁定)
      [ASSIGN] white_usv4->black_usv1(机会锁定)
      [ASSIGN] white_usv4->black_usv3(机会锁定)
      [ASSIGN] white_usv1->black_usv7(机会锁定)
      [ASSIGN] white_usv3->black_usv6(机会锁定)
      [KILL] black_usv9
      [RELEASE] white_usv8->black_usv9(目标失效)
      [ASSIGN] white_usv8->black_usv10(机会锁定)
      [RELEASE] white_usv10->black_usv9(目标失效)
[t=9,111s] step=280 | MISSION=NORMAL_C | USV: 8/10 (avail=0 int=4 lock=4 frz=0) | UAV: air=10 rtb=0 chg=0 loiter=0 | TRACKS: vis=5 lost=0 engaged=2 | TOP: black_usv1(x174,057) black_usv6(x181,113) black_usv7(x183,491) | KILL=7 | ACTIONS=18 | INTENT: focus=2 ratio=0.20
      [ASSIGN] white_usv7->black_usv3(机会锁定)
      [ASSIGN] white_usv9->black_usv3(机会锁定)
      [ASSIGN] white_usv5->black_usv10(机会锁定)
      [ASSIGN] white_usv6->black_usv3(机会锁定)
      [ASSIGN] white_usv10->black_usv1
      [ASSIGN] white_usv7->black_usv10(机会锁定)
      [ASSIGN] white_usv9->black_usv10(机会锁定)
      [ASSIGN] white_usv6->black_usv10(机会锁定)
      [ASSIGN] white_usv9->black_usv3(机会锁定)
      [ASSIGN] white_usv3->black_usv7(机会锁定)
      [ASSIGN] white_usv9->black_usv10(机会锁定)
      [ASSIGN] white_usv10->black_usv10(机会锁定)
      [KILL] black_usv3
      [RELEASE] white_usv4->black_usv3(目标失效)
      [ASSIGN] white_usv4->black_usv10(机会锁定)
      [ASSIGN] white_usv4->black_usv1(机会锁定)
      [KILL] black_usv1
      [RELEASE] white_usv4->black_usv1(目标失效)
      [ASSIGN] white_usv4->black_usv10(机会锁定)
      [KILL] black_usv6
      [KILL] black_usv10
      [RELEASE] white_usv4->black_usv10(目标失效)
      [ASSIGN] white_usv4->black_usv7(机会锁定)
      [RELEASE] white_usv7->black_usv10(目标失效)
      [RELEASE] white_usv8->black_usv10(目标失效)
      [RELEASE] white_usv9->black_usv10(目标失效)
      [RELEASE] white_usv5->black_usv10(目标失效)
      [RELEASE] white_usv6->black_usv10(目标失效)
      [RELEASE] white_usv10->black_usv10(目标失效)

========================================================================
对局结果: Result.Victory — 敌方所有单位被击毁
  击杀蓝舰: 10 | 命中: 20 | 我方USV损失: 2 | UAV损失: 0 | 突破: 0
[META] result=Result.Victory victory_time=9993 first_detection=1577 first_lock=7404 first_kill=8330 enemy_kills=10 friendly_usv_losses=2 friendly_uav_losses=0 black_breakthrough=0 reacquire_attempts=18 reacquire_success=18 sensor_assisted_locks=28 low_conf_commitments=0 global_reacquire_entries=0 global_reacquire_success=0 coverage_collapse_events=1 active_clusters_max=1 coverage_quality_final=0.22 commander_source=default_intent commander_calls=0 commander_changes=0 commander_no_change=0 commander_parse_failures=0 commander_api_failures=0 commander_policy_failures=0 commander_avg_latency=0.0
Done
