========================================================================
HYBRID AGENT V5 — Variable-Cardinality Hierarchical Maritime Agent
  启用UAV: True | LLM_ENABLED: False
========================================================================
对局 152 开始
      [UAV RELAUNCH] white_uav1
      [UAV RELAUNCH] white_uav3
      [UAV RELAUNCH] white_uav8
      [UAV RELAUNCH] white_uav10
      [UAV RELAUNCH] white_uav2
      [UAV RELAUNCH] white_uav4
      [UAV RELAUNCH] white_uav9
      [UAV RELAUNCH] white_uav5
      [UAV RELAUNCH] white_uav6
      [UAV RELAUNCH] white_uav7
[t=213s] step=10 | MISSION=NORMAL_C | USV: 10/10 (avail=10 int=0 lock=0 frz=0) | UAV: air=10 rtb=0 chg=0 loiter=0 | TRACKS: vis=0 lost=0 engaged=0 | TOP:  | KILL=0 | ACTIONS=20 | INTENT: focus=2 ratio=0.20
  [INTENT APPLIED]
    ThreatAllocator: focus 2 emergency 3 reserve_ratio 0.20 reserve_usvs None bias breakthrough_eta
    UAVManager: mode search_and_reacquire uav_priority []
[t=409s] step=20 | MISSION=NORMAL_C | USV: 10/10 (avail=10 int=0 lock=0 frz=0) | UAV: air=10 rtb=0 chg=0 loiter=0 | TRACKS: vis=0 lost=0 engaged=0 | TOP:  | KILL=0 | ACTIONS=20 | INTENT: focus=2 ratio=0.20
[t=623s] step=30 | MISSION=NORMAL_C | USV: 10/10 (avail=10 int=0 lock=0 frz=0) | UAV: air=10 rtb=0 chg=0 loiter=0 | TRACKS: vis=0 lost=0 engaged=0 | TOP:  | KILL=0 | ACTIONS=20 | INTENT: focus=2 ratio=0.20
[t=887s] step=40 | MISSION=NORMAL_C | USV: 10/10 (avail=10 int=0 lock=0 frz=0) | UAV: air=10 rtb=0 chg=0 loiter=0 | TRACKS: vis=0 lost=0 engaged=0 | TOP:  | KILL=0 | ACTIONS=20 | INTENT: focus=2 ratio=0.20
[t=1,157s] step=50 | MISSION=NORMAL_C | USV: 10/10 (avail=10 int=0 lock=0 frz=0) | UAV: air=10 rtb=0 chg=0 loiter=0 | TRACKS: vis=0 lost=0 engaged=0 | TOP:  | KILL=0 | ACTIONS=20 | INTENT: focus=2 ratio=0.20
[t=1,417s] step=60 | MISSION=NORMAL_C | USV: 10/10 (avail=10 int=0 lock=0 frz=0) | UAV: air=10 rtb=0 chg=0 loiter=0 | TRACKS: vis=0 lost=0 engaged=0 | TOP:  | KILL=0 | ACTIONS=20 | INTENT: focus=2 ratio=0.20
      [DETECT] black_uav11
      [DETECT] black_uav14
      [DETECT] black_uav22
      [DETECT] black_uav18
      [DETECT] black_uav16
      [DETECT] black_uav17
      [DETECT] black_uav13
      [DETECT] black_uav15
      [DETECT] black_uav4
      [DETECT] black_uav6
      [DETECT] black_uav20
      [DETECT] black_uav19
      [DETECT] black_uav5
      [DETECT] black_uav12
      [DETECT] black_uav7
      [DETECT] black_uav21
      [DETECT] black_uav8
      [DETECT] black_uav9
      [DETECT] black_uav10
      [DETECT] black_uav24
      [DETECT] black_uav25
      [DETECT] black_uav2
      [DETECT] black_uav3
      [DETECT] black_uav23
      [DETECT] black_uav1
[t=1,661s] step=70 | MISSION=NORMAL_C | USV: 10/10 (avail=10 int=0 lock=0 frz=0) | UAV: air=10 rtb=0 chg=0 loiter=0 | TRACKS: vis=25 lost=0 engaged=0 | TOP: black_uav11(x209,428) black_uav14(x209,428) black_uav22(x209,428) | KILL=0 | ACTIONS=20 | INTENT: focus=2 ratio=0.20
      [DETECT] black_usv11
      [DETECT] black_usv20
      [DETECT] black_usv13
      [DETECT] black_usv9
      [DETECT] black_usv17
      [DETECT] black_usv12
      [DETECT] black_usv14
      [DETECT] black_usv8
      [DETECT] black_usv23
      [DETECT] black_usv6
      [DETECT] black_usv21
      [DETECT] black_usv5
      [DETECT] black_usv7
      [DETECT] black_usv16
      [DETECT] black_usv22
      [DETECT] black_usv18
      [ASSIGN] white_usv2->black_usv13
      [ASSIGN] white_usv5->black_usv11
      [ASSIGN] white_usv3->black_usv6
      [ASSIGN] white_usv4->black_usv8
      [ASSIGN] white_usv6->black_usv21
      [ASSIGN] white_usv9->black_usv23
      [ASSIGN] white_usv10->black_usv20
      [ASSIGN] white_usv7->black_usv16
      [DETECT] black_usv2
      [DETECT] black_usv15
      [DETECT] black_usv19
      [DETECT] black_usv3
      [DETECT] black_usv25
      [DETECT] black_usv24
      [DETECT] black_usv1
      [DETECT] black_usv4
      [DETECT] black_usv10
      [ASSIGN] white_usv8->black_usv24
      [ASSIGN] white_usv1->black_usv1
[t=1,908s] step=80 | MISSION=NORMAL_C | USV: 10/10 (avail=0 int=10 lock=0 frz=0) | UAV: air=10 rtb=0 chg=0 loiter=0 | TRACKS: vis=50 lost=0 engaged=0 | TOP: black_usv3(x240,978) black_usv25(x241,061) black_usv12(x241,168) | KILL=0 | ACTIONS=20 | INTENT: focus=2 ratio=0.20
[t=2,169s] step=90 | MISSION=NORMAL_C | USV: 10/10 (avail=0 int=10 lock=0 frz=0) | UAV: air=10 rtb=0 chg=0 loiter=0 | TRACKS: vis=38 lost=9 engaged=0 | TOP: black_usv3(x238,377) black_usv25(x238,472) black_usv12(x238,593) | KILL=0 | ACTIONS=20 | INTENT: focus=2 ratio=0.20
[t=2,447s] step=100 | MISSION=NORMAL_C | USV: 10/10 (avail=0 int=10 lock=0 frz=0) | UAV: air=10 rtb=0 chg=0 loiter=0 | TRACKS: vis=28 lost=10 engaged=0 | TOP: black_usv3(x235,607) black_usv25(x235,714) black_usv12(x235,850) | KILL=0 | ACTIONS=20 | INTENT: focus=2 ratio=0.20
[t=2,722s] step=110 | MISSION=NORMAL_C | USV: 10/10 (avail=0 int=10 lock=0 frz=0) | UAV: air=10 rtb=0 chg=0 loiter=0 | TRACKS: vis=30 lost=0 engaged=0 | TOP: black_usv3(x232,867) black_usv25(x232,985) black_usv12(x233,138) | KILL=0 | ACTIONS=20 | INTENT: focus=2 ratio=0.20
      [DETECT] black_uav25
      [DETECT] black_uav16
      [DETECT] black_uav10
      [DETECT] black_uav7
      [DETECT] black_uav19
      [DETECT] black_uav11
      [DETECT] black_uav20
      [DETECT] black_uav6
      [DETECT] black_uav15
      [DETECT] black_uav12
      [DETECT] black_uav21
[t=2,997s] step=120 | MISSION=NORMAL_C | USV: 10/10 (avail=0 int=10 lock=0 frz=0) | UAV: air=10 rtb=0 chg=0 loiter=0 | TRACKS: vis=41 lost=0 engaged=0 | TOP: black_usv3(x230,127) black_usv25(x230,257) black_usv12(x230,425) | KILL=0 | ACTIONS=20 | INTENT: focus=2 ratio=0.20
      [DETECT] black_uav14
      [DETECT] black_uav13
      [DETECT] black_uav5
      [DETECT] black_uav24
      [DETECT] black_uav22
[t=3,265s] step=130 | MISSION=NORMAL_C | USV: 10/10 (avail=0 int=10 lock=0 frz=0) | UAV: air=10 rtb=0 chg=0 loiter=0 | TRACKS: vis=40 lost=6 engaged=0 | TOP: black_usv3(x227,447) black_usv25(x227,589) black_usv12(x227,772) | KILL=0 | ACTIONS=20 | INTENT: focus=2 ratio=0.20
      [DETECT] black_uav4
      [DETECT] black_uav23
[t=3,545s] step=140 | MISSION=NORMAL_C | USV: 10/10 (avail=0 int=10 lock=0 frz=0) | UAV: air=10 rtb=0 chg=0 loiter=0 | TRACKS: vis=47 lost=0 engaged=0 | TOP: black_usv3(x224,666) black_usv25(x224,820) black_usv12(x225,019) | KILL=0 | ACTIONS=20 | INTENT: focus=2 ratio=0.20
      [DETECT] black_uav3
[t=3,823s] step=150 | MISSION=NORMAL_C | USV: 10/10 (avail=0 int=10 lock=0 frz=0) | UAV: air=10 rtb=0 chg=0 loiter=0 | TRACKS: vis=48 lost=0 engaged=0 | TOP: black_usv3(x221,896) black_usv25(x222,062) black_usv12(x222,276) | KILL=0 | ACTIONS=20 | INTENT: focus=2 ratio=0.20
      [DETECT] black_uav2
[t=4,057s] step=160 | MISSION=NORMAL_C | USV: 10/10 (avail=0 int=10 lock=0 frz=0) | UAV: air=10 rtb=0 chg=0 loiter=0 | TRACKS: vis=49 lost=0 engaged=0 | TOP: black_usv3(x219,564) black_usv25(x219,741) black_usv12(x219,968) | KILL=0 | ACTIONS=20 | INTENT: focus=2 ratio=0.20
      [DETECT] black_uav1
[t=4,197s] step=170 | MISSION=NORMAL_C | USV: 10/10 (avail=0 int=10 lock=0 frz=0) | UAV: air=10 rtb=0 chg=0 loiter=0 | TRACKS: vis=50 lost=0 engaged=0 | TOP: black_usv3(x218,169) black_usv25(x218,352) black_usv12(x218,587) | KILL=0 | ACTIONS=20 | INTENT: focus=2 ratio=0.20
[t=4,333s] step=180 | MISSION=NORMAL_C | USV: 10/10 (avail=0 int=10 lock=0 frz=0) | UAV: air=10 rtb=0 chg=0 loiter=0 | TRACKS: vis=50 lost=0 engaged=0 | TOP: black_usv3(x216,814) black_usv25(x217,003) black_usv12(x217,245) | KILL=0 | ACTIONS=20 | INTENT: focus=2 ratio=0.20
[t=4,481s] step=190 | MISSION=NORMAL_C | USV: 10/10 (avail=0 int=10 lock=0 frz=0) | UAV: air=10 rtb=0 chg=0 loiter=0 | TRACKS: vis=50 lost=0 engaged=0 | TOP: black_usv3(x215,340) black_usv25(x215,534) black_usv12(x215,785) | KILL=0 | ACTIONS=20 | INTENT: focus=2 ratio=0.20
[t=4,623s] step=200 | MISSION=NORMAL_C | USV: 10/10 (avail=0 int=10 lock=0 frz=0) | UAV: air=10 rtb=0 chg=0 loiter=0 | TRACKS: vis=50 lost=0 engaged=0 | TOP: black_usv3(x213,925) black_usv25(x214,126) black_usv12(x214,384) | KILL=0 | ACTIONS=20 | INTENT: focus=2 ratio=0.20
[t=4,771s] step=210 | MISSION=NORMAL_C | USV: 10/10 (avail=0 int=10 lock=0 frz=0) | UAV: air=10 rtb=0 chg=0 loiter=0 | TRACKS: vis=50 lost=0 engaged=0 | TOP: black_usv3(x212,445) black_usv25(x212,652) black_usv12(x212,919) | KILL=0 | ACTIONS=20 | INTENT: focus=2 ratio=0.20
[t=4,919s] step=220 | MISSION=NORMAL_C | USV: 10/10 (avail=0 int=10 lock=0 frz=0) | UAV: air=10 rtb=0 chg=0 loiter=0 | TRACKS: vis=50 lost=0 engaged=0 | TOP: black_usv3(x210,975) black_usv25(x211,189) black_usv12(x211,464) | KILL=0 | ACTIONS=20 | INTENT: focus=2 ratio=0.20
[t=5,074s] step=230 | MISSION=NORMAL_C | USV: 10/10 (avail=0 int=10 lock=0 frz=0) | UAV: air=10 rtb=0 chg=0 loiter=0 | TRACKS: vis=50 lost=0 engaged=0 | TOP: black_usv3(x209,431) black_usv25(x209,651) black_usv12(x209,935) | KILL=0 | ACTIONS=20 | INTENT: focus=2 ratio=0.20
[t=5,269s] step=240 | MISSION=NORMAL_C | USV: 10/10 (avail=0 int=10 lock=0 frz=0) | UAV: air=10 rtb=0 chg=0 loiter=0 | TRACKS: vis=50 lost=0 engaged=0 | TOP: black_usv3(x207,488) black_usv25(x207,717) black_usv12(x208,011) | KILL=0 | ACTIONS=20 | INTENT: focus=2 ratio=0.20
[t=5,533s] step=250 | MISSION=NORMAL_C | USV: 10/10 (avail=0 int=10 lock=0 frz=0) | UAV: air=10 rtb=0 chg=0 loiter=0 | TRACKS: vis=50 lost=0 engaged=0 | TOP: black_usv3(x204,857) black_usv25(x205,097) black_usv12(x205,407) | KILL=0 | ACTIONS=20 | INTENT: focus=2 ratio=0.20
[t=5,791s] step=260 | MISSION=NORMAL_C | USV: 10/10 (avail=0 int=10 lock=0 frz=0) | UAV: air=10 rtb=0 chg=0 loiter=0 | TRACKS: vis=50 lost=0 engaged=0 | TOP: black_usv3(x202,286) black_usv25(x202,538) black_usv12(x202,862) | KILL=0 | ACTIONS=20 | INTENT: focus=2 ratio=0.20
[t=6,091s] step=270 | MISSION=NORMAL_C | USV: 10/10 (avail=0 int=10 lock=0 frz=0) | UAV: air=10 rtb=0 chg=0 loiter=0 | TRACKS: vis=25 lost=0 engaged=0 | TOP: black_usv3(x199,297) black_usv25(x199,562) black_usv12(x199,902) | KILL=0 | ACTIONS=20 | INTENT: focus=2 ratio=0.20
[t=6,389s] step=280 | MISSION=NORMAL_C | USV: 10/10 (avail=0 int=10 lock=0 frz=0) | UAV: air=10 rtb=0 chg=0 loiter=0 | TRACKS: vis=25 lost=0 engaged=0 | TOP: black_usv3(x196,327) black_usv25(x196,605) black_usv12(x196,962) | KILL=0 | ACTIONS=20 | INTENT: focus=2 ratio=0.20
[t=6,694s] step=290 | MISSION=NORMAL_C | USV: 10/10 (avail=0 int=10 lock=0 frz=0) | UAV: air=10 rtb=0 chg=0 loiter=0 | TRACKS: vis=23 lost=2 engaged=0 | TOP: black_usv3(x193,288) black_usv25(x193,579) black_usv12(x193,953) | KILL=0 | ACTIONS=20 | INTENT: focus=2 ratio=0.20
[t=6,995s] step=300 | MISSION=NORMAL_C | USV: 10/10 (avail=0 int=10 lock=0 frz=0) | UAV: air=10 rtb=0 chg=0 loiter=0 | TRACKS: vis=25 lost=0 engaged=0 | TOP: black_usv3(x190,289) black_usv25(x190,593) black_usv12(x190,984) | KILL=0 | ACTIONS=20 | INTENT: focus=2 ratio=0.20
[t=7,289s] step=310 | MISSION=NORMAL_C | USV: 10/10 (avail=0 int=10 lock=0 frz=0) | UAV: air=10 rtb=0 chg=0 loiter=0 | TRACKS: vis=25 lost=0 engaged=0 | TOP: black_usv3(x187,359) black_usv25(x187,676) black_usv12(x188,084) | KILL=0 | ACTIONS=20 | INTENT: focus=2 ratio=0.20
      [ASSIGN] white_usv5->black_usv8(机会锁定)
      [ASSIGN] white_usv3->black_usv8(机会锁定)
      [ASSIGN] white_usv10->black_usv23(机会锁定)
      [ASSIGN] white_usv8->black_usv23(机会锁定)
      [ASSIGN] white_usv1->black_usv3(机会锁定)
      [ASSIGN] white_usv2->black_usv11(机会锁定)
      [ASSIGN] white_usv6->black_usv12(机会锁定)
[t=7,599s] step=320 | MISSION=NORMAL_C | USV: 10/10 (avail=0 int=0 lock=10 frz=0) | UAV: air=10 rtb=0 chg=0 loiter=0 | TRACKS: vis=25 lost=0 engaged=6 | TOP: black_usv1(x184,068) black_usv21(x184,174) black_usv20(x184,124) | KILL=0 | ACTIONS=20 | INTENT: focus=2 ratio=0.20
      [ASSIGN] white_usv5->black_usv6(机会锁定)
      [ASSIGN] white_usv3->black_usv6(机会锁定)
      [ASSIGN] white_usv4->black_usv6(机会锁定)
      [ASSIGN] white_usv9->black_usv20(机会锁定)
      [ASSIGN] white_usv10->black_usv20(机会锁定)
      [ASSIGN] white_usv7->black_usv21(机会锁定)
      [ASSIGN] white_usv8->black_usv20(机会锁定)
      [ASSIGN] white_usv1->black_usv1(机会锁定)
      [ASSIGN] white_usv2->black_usv8(机会锁定)
      [ASSIGN] white_usv6->black_usv16(机会锁定)
      [ASSIGN] white_usv2->black_usv11(机会锁定)
[t=7,914s] step=330 | MISSION=NORMAL_C | USV: 10/10 (avail=0 int=0 lock=10 frz=0) | UAV: air=10 rtb=0 chg=0 loiter=0 | TRACKS: vis=25 lost=0 engaged=6 | TOP: black_usv3(x181,132) black_usv13(x181,504) black_usv24(x181,340) | KILL=2 | ACTIONS=20 | INTENT: focus=2 ratio=0.20
      [ASSIGN] white_usv5->black_usv13(机会锁定)
      [ASSIGN] white_usv3->black_usv13(机会锁定)
      [ASSIGN] white_usv4->black_usv13(机会锁定)
      [ASSIGN] white_usv9->black_usv24(机会锁定)
      [ASSIGN] white_usv10->black_usv24(机会锁定)
      [ASSIGN] white_usv7->black_usv24(机会锁定)
      [ASSIGN] white_usv8->black_usv24(机会锁定)
      [ASSIGN] white_usv6->black_usv21(机会锁定)
      [ASSIGN] white_usv1->black_usv3(机会锁定)
      [ASSIGN] white_usv2->black_usv14(机会锁定)
[t=8,235s] step=340 | MISSION=NORMAL_C | USV: 10/10 (avail=0 int=0 lock=10 frz=0) | UAV: air=10 rtb=0 chg=0 loiter=0 | TRACKS: vis=25 lost=0 engaged=5 | TOP: black_usv1(x177,714) black_usv25(x178,291) black_usv16(x179,628) | KILL=5 | ACTIONS=20 | INTENT: focus=2 ratio=0.20
      [KILL] black_usv8
      [KILL] black_usv23
      [ASSIGN] white_usv5->black_usv18(机会锁定)
      [ASSIGN] white_usv3->black_usv1(机会锁定)
      [ASSIGN] white_usv4->black_usv1(机会锁定)
      [ASSIGN] white_usv9->black_usv25(机会锁定)
      [ASSIGN] white_usv10->black_usv25(机会锁定)
      [ASSIGN] white_usv7->black_usv25(机会锁定)
      [ASSIGN] white_usv8->black_usv25(机会锁定)
      [ASSIGN] white_usv6->black_usv24(机会锁定)
      [ASSIGN] white_usv1->black_usv9(机会锁定)
      [ASSIGN] white_usv2->black_usv13(机会锁定)
      [ASSIGN] white_usv6->black_usv21(机会锁定)
[t=8,561s] step=350 | MISSION=NORMAL_C | USV: 9/10 (avail=0 int=0 lock=9 frz=0) | UAV: air=10 rtb=0 chg=0 loiter=0 | TRACKS: vis=23 lost=0 engaged=5 | TOP: black_usv3(x176,638) black_usv16(x177,419) black_usv13(x177,479) | KILL=7 | ACTIONS=19 | INTENT: focus=2 ratio=0.20
      [KILL] black_usv20
      [KILL] black_usv6
      [ASSIGN] white_usv5->black_usv14(机会锁定)
      [ASSIGN] white_usv3->black_usv14(机会锁定)
      [ASSIGN] white_usv4->black_usv14(机会锁定)
      [ASSIGN] white_usv9->black_usv24(机会锁定)
      [ASSIGN] white_usv10->black_usv24(机会锁定)
      [ASSIGN] white_usv7->black_usv16(机会锁定)
      [ASSIGN] white_usv8->black_usv24(机会锁定)
      [KILL] black_usv11
      [ASSIGN] white_usv9->black_usv25(机会锁定)
      [ASSIGN] white_usv10->black_usv25(机会锁定)
      [ASSIGN] white_usv8->black_usv25(机会锁定)
      [ASSIGN] white_usv1->black_usv1(机会锁定)
      [ASSIGN] white_usv6->black_usv12(机会锁定)
      [ASSIGN] white_usv9->black_usv24(机会锁定)
      [ASSIGN] white_usv10->black_usv24(机会锁定)
      [ASSIGN] white_usv8->black_usv24(机会锁定)
      [ASSIGN] white_usv9->black_usv25(机会锁定)
      [ASSIGN] white_usv10->black_usv25(机会锁定)
      [ASSIGN] white_usv8->black_usv25(机会锁定)
      [ASSIGN] white_usv8->black_usv21(机会锁定)
      [ASSIGN] white_usv8->black_usv25(机会锁定)
      [KILL] black_usv13
      [KILL] black_usv24
[t=8,963s] step=360 | MISSION=NORMAL_C | USV: 9/10 (avail=0 int=3 lock=6 frz=0) | UAV: air=10 rtb=0 chg=0 loiter=0 | TRACKS: vis=18 lost=0 engaged=4 | TOP: black_usv3(x173,678) black_usv9(x173,127) black_usv2(x173,222) | KILL=9 | ACTIONS=19 | INTENT: focus=2 ratio=0.20
      [ASSIGN] white_usv5->black_usv18(机会锁定)
      [ASSIGN] white_usv3->black_usv18(机会锁定)
      [ASSIGN] white_usv4->black_usv18(机会锁定)
      [ASSIGN] white_usv7->black_usv4(机会锁定)
      [ASSIGN] white_usv1->black_usv9(机会锁定)
      [ASSIGN] white_usv6->black_usv16(机会锁定)
      [ASSIGN] white_usv6->black_usv12(机会锁定)
      [ASSIGN] white_usv10->black_usv10(机会锁定)
      [ASSIGN] white_usv8->black_usv12(机会锁定)
      [ASSIGN] white_usv6->black_usv16(机会锁定)
      [ASSIGN] white_usv8->black_usv16(机会锁定)
      [ASSIGN] white_usv6->black_usv12(机会锁定)
      [ASSIGN] white_usv9->black_usv12(机会锁定)
      [ASSIGN] white_usv8->black_usv12(机会锁定)
      [ASSIGN] white_usv6->black_usv16(机会锁定)
      [ASSIGN] white_usv9->black_usv25(机会锁定)
      [ASSIGN] white_usv8->black_usv25(机会锁定)
      [KILL] black_usv25
      [ASSIGN] white_usv6->black_usv12(机会锁定)
      [RELEASE] white_usv9->black_usv25(目标失效)
      [ASSIGN] white_usv9->black_usv12(机会锁定)
      [RELEASE] white_usv8->black_usv25(目标失效)
      [ASSIGN] white_usv8->black_usv12(机会锁定)
      [ASSIGN] white_usv5->black_usv22(机会锁定)
      [ASSIGN] white_usv3->black_usv22(机会锁定)
      [ASSIGN] white_usv4->black_usv22(机会锁定)
      [ASSIGN] white_usv6->black_usv16(机会锁定)
      [ASSIGN] white_usv9->black_usv21(机会锁定)
      [ASSIGN] white_usv7->black_usv5(机会锁定)
      [ASSIGN] white_usv8->black_usv16(机会锁定)
      [KILL] black_usv21
      [ASSIGN] white_usv6->black_usv4(机会锁定)
      [RELEASE] white_usv9->black_usv21(目标失效)
      [ASSIGN] white_usv9->black_usv12(机会锁定)
      [ASSIGN] white_usv8->black_usv12(机会锁定)
      [ASSIGN] white_usv1->black_usv3(机会锁定)
[t=9,376s] step=370 | MISSION=NORMAL_C | USV: 9/10 (avail=0 int=4 lock=5 frz=0) | UAV: air=10 rtb=0 chg=0 loiter=0 | TRACKS: vis=16 lost=0 engaged=3 | TOP: black_usv3(x169,563) black_usv2(x169,224) black_usv1(x172,819) | KILL=14 | ACTIONS=19 | INTENT: focus=2 ratio=0.20
      [ASSIGN] white_usv9->black_usv16(机会锁定)
      [ASSIGN] white_usv8->black_usv16(机会锁定)
      [ASSIGN] white_usv9->black_usv12(机会锁定)
      [ASSIGN] white_usv10->black_usv12(机会锁定)
      [ASSIGN] white_usv8->black_usv12(机会锁定)
      [ASSIGN] white_usv9->black_usv10(机会锁定)
      [ASSIGN] white_usv10->black_usv10(机会锁定)
      [ASSIGN] white_usv8->black_usv10(机会锁定)
      [KILL] black_usv14
      [KILL] black_usv16
      [KILL] black_usv1
      [ASSIGN] white_usv5->black_usv17(机会锁定)
      [ASSIGN] white_usv3->black_usv17(机会锁定)
      [ASSIGN] white_usv4->black_usv17(机会锁定)
      [ASSIGN] white_usv7->black_usv4(机会锁定)
      [KILL] black_usv12
      [ASSIGN] white_usv7->black_usv5(机会锁定)
      [ASSIGN] white_usv1->black_usv9(机会锁定)
[t=9,811s] step=380 | MISSION=NORMAL_C | USV: 8/10 (avail=0 int=0 lock=8 frz=0) | UAV: air=10 rtb=0 chg=0 loiter=0 | TRACKS: vis=12 lost=0 engaged=4 | TOP: black_usv3(x165,228) black_usv2(x165,013) black_usv22(x167,988) | KILL=16 | ACTIONS=18 | INTENT: focus=2 ratio=0.20
      [ASSIGN] white_usv9->black_usv4(机会锁定)
      [ASSIGN] white_usv10->black_usv4(机会锁定)
      [ASSIGN] white_usv8->black_usv4(机会锁定)
      [ASSIGN] white_usv9->black_usv10(机会锁定)
      [ASSIGN] white_usv10->black_usv10(机会锁定)
      [ASSIGN] white_usv8->black_usv10(机会锁定)
      [KILL] black_usv18
      [ASSIGN] white_usv9->black_usv4(机会锁定)
      [ASSIGN] white_usv8->black_usv4(机会锁定)
      [ASSIGN] white_usv5->black_usv22(机会锁定)
      [ASSIGN] white_usv3->black_usv22(机会锁定)
      [ASSIGN] white_usv4->black_usv22(机会锁定)
      [ASSIGN] white_usv9->black_usv10(机会锁定)
      [ASSIGN] white_usv8->black_usv10(机会锁定)
      [ASSIGN] white_usv5->black_usv17(机会锁定)
      [ASSIGN] white_usv3->black_usv17(机会锁定)
      [ASSIGN] white_usv4->black_usv17(机会锁定)
      [ASSIGN] white_usv7->black_usv4(机会锁定)
      [ASSIGN] white_usv8->black_usv4(机会锁定)
      [ASSIGN] white_usv1->black_usv3(机会锁定)
      [ASSIGN] white_usv5->black_usv5(机会锁定)
      [ASSIGN] white_usv3->black_usv5(机会锁定)
      [ASSIGN] white_usv4->black_usv5(机会锁定)
      [ASSIGN] white_usv7->black_usv5(机会锁定)
      [ASSIGN] white_usv8->black_usv5(机会锁定)
      [ASSIGN] white_usv7->black_usv22(机会锁定)
      [ASSIGN] white_usv7->black_usv5(机会锁定)
      [KILL] black_usv22
      [KILL] black_usv4
[t=10,326s] step=390 | MISSION=NORMAL_C | USV: 7/10 (avail=0 int=3 lock=4 frz=0) | UAV: air=10 rtb=0 chg=0 loiter=0 | TRACKS: vis=8 lost=1 engaged=1 | TOP: black_usv3(x160,097) black_usv2(x160,027) black_usv9(x165,616) | KILL=19 | ACTIONS=17 | INTENT: focus=2 ratio=0.20
      [KILL] black_usv10
      [ASSIGN] white_usv5->black_usv17(机会锁定)
      [ASSIGN] white_usv3->black_usv3(机会锁定)
      [ASSIGN] white_usv4->black_usv3(机会锁定)
      [RELEASE] white_usv9->black_usv10(目标失效)
      [ASSIGN] white_usv9->black_usv5(机会锁定)
      [RELEASE] white_usv10->black_usv10(目标失效)
      [ASSIGN] white_usv10->black_usv2
      [ASSIGN] white_usv5->black_usv5(机会锁定)
      [KILL] black_usv9
      [KILL] black_usv17
      [ASSIGN] white_usv10->black_usv5(机会锁定)
      [ASSIGN] white_usv7->black_usv7(机会锁定)
      [ASSIGN] white_usv3->black_usv19(机会锁定)
      [ASSIGN] white_usv4->black_usv19(机会锁定)
      [ASSIGN] white_usv8->black_usv7(机会锁定)
[t=10,924s] step=400 | MISSION=NORMAL_C | USV: 7/10 (avail=0 int=4 lock=3 frz=0) | UAV: air=10 rtb=0 chg=0 loiter=0 | TRACKS: vis=6 lost=0 engaged=2 | TOP: black_usv3(x155,124) black_usv2(x154,232) black_usv15(x158,716) | KILL=21 | ACTIONS=17 | INTENT: focus=2 ratio=0.20
      [ASSIGN] white_usv5->black_usv7(机会锁定)
      [KILL] black_usv5
      [RELEASE] white_usv9->black_usv5(目标失效)
      [RELEASE] white_usv10->black_usv5(目标失效)
      [ASSIGN] white_usv9->black_usv3
      [ASSIGN] white_usv10->black_usv2
      [ASSIGN] white_usv3->black_usv15(机会锁定)
      [ASSIGN] white_usv4->black_usv15(机会锁定)
      [ASSIGN] white_usv5->black_usv19(机会锁定)
      [ASSIGN] white_usv5->black_usv3(机会锁定)
      [ASSIGN] white_usv10->black_usv7(机会锁定)
      [ASSIGN] white_usv5->black_usv19(机会锁定)
      [ASSIGN] white_usv7->black_usv19(机会锁定)
      [KILL] black_usv3
      [ASSIGN] white_usv5->black_usv7(机会锁定)
      [RELEASE] white_usv9->black_usv3(目标失效)
      [ASSIGN] white_usv7->black_usv7(机会锁定)
      [ASSIGN] white_usv5->black_usv19(机会锁定)
      [ASSIGN] white_usv3->black_usv19(机会锁定)
      [ASSIGN] white_usv4->black_usv19(机会锁定)
      [ASSIGN] white_usv9->black_usv2
      [ASSIGN] white_usv7->black_usv19(机会锁定)
[t=11,592s] step=410 | MISSION=NORMAL_C | USV: 7/10 (avail=1 int=6 lock=0 frz=0) | UAV: air=10 rtb=0 chg=0 loiter=0 | TRACKS: vis=4 lost=0 engaged=0 | TOP: black_usv19(x158,925) black_usv2(x147,771) black_usv15(x152,807) | KILL=24 | ACTIONS=17 | INTENT: focus=2 ratio=0.20
      [ASSIGN] white_usv5->black_usv15(机会锁定)
      [ASSIGN] white_usv3->black_usv15(机会锁定)
      [ASSIGN] white_usv4->black_usv15(机会锁定)
      [ASSIGN] white_usv7->black_usv15(机会锁定)
      [KILL] black_usv7
      [ASSIGN] white_usv5->black_usv19(机会锁定)
      [ASSIGN] white_usv3->black_usv19(机会锁定)
      [ASSIGN] white_usv4->black_usv19(机会锁定)
      [RELEASE] white_usv10->black_usv7(目标失效)
      [ASSIGN] white_usv7->black_usv19(机会锁定)
      [RELEASE] white_usv8->black_usv7(目标失效)
      [ASSIGN] white_usv5->black_usv15(机会锁定)
      [ASSIGN] white_usv3->black_usv15(机会锁定)
      [ASSIGN] white_usv4->black_usv15(机会锁定)
      [ASSIGN] white_usv10->black_usv19(机会锁定)
      [ASSIGN] white_usv7->black_usv15(机会锁定)
      [ASSIGN] white_usv8->black_usv2
      [KILL] black_usv19
      [RELEASE] white_usv10->black_usv19(目标失效)
      [ASSIGN] white_usv10->black_usv2
      [ASSIGN] white_usv10->black_usv15(机会锁定)
      [KILL] black_usv15
      [RELEASE] white_usv5->black_usv15(目标失效)
      [RELEASE] white_usv3->black_usv15(目标失效)
      [RELEASE] white_usv4->black_usv15(目标失效)
      [RELEASE] white_usv10->black_usv15(目标失效)
      [RELEASE] white_usv7->black_usv15(目标失效)
      [ASSIGN] white_usv5->black_usv2
[t=12,261s] step=420 | MISSION=NORMAL_C | USV: 7/10 (avail=5 int=2 lock=0 frz=0) | UAV: air=10 rtb=0 chg=0 loiter=0 | TRACKS: vis=0 lost=1 engaged=0 | TOP: black_usv2(x141,295) | KILL=24 | ACTIONS=17 | INTENT: focus=2 ratio=0.20
      [RELEASE] white_usv5->black_usv2(目标失效)
      [RELEASE] white_usv9->black_usv2(目标失效)
      [RELEASE] white_usv8->black_usv2(目标失效)
      [DETECT] black_usv2
      [ASSIGN] white_usv5->black_usv2(机会锁定)
      [ASSIGN] white_usv3->black_usv2
      [ASSIGN] white_usv4->black_usv2
[t=12,881s] step=430 | MISSION=NORMAL_C | USV: 7/10 (avail=4 int=2 lock=1 frz=0) | UAV: air=10 rtb=0 chg=0 loiter=0 | TRACKS: vis=1 lost=0 engaged=1 | TOP: black_usv2(x135,293) | KILL=24 | ACTIONS=17 | INTENT: focus=2 ratio=0.20

========================================================================
对局结果: Result.Victory — 敌方所有单位被击毁
  击杀蓝舰: 25 | 命中: 50 | 我方USV损失: 3 | UAV损失: 1 | 突破: 0
[META] result=Result.Victory victory_time=13947 first_detection=1567 first_lock=7389 first_kill=8298 enemy_kills=25 friendly_usv_losses=3 friendly_uav_losses=1 black_breakthrough=0 reacquire_attempts=36 reacquire_success=36 sensor_assisted_locks=52 low_conf_commitments=0 global_reacquire_entries=1 global_reacquire_success=1 coverage_collapse_events=1 active_clusters_max=1 coverage_quality_final=0.25 commander_source=default_intent commander_calls=0 commander_changes=0 commander_no_change=0 commander_parse_failures=0 commander_api_failures=0 commander_policy_failures=0 commander_avg_latency=0.0
Done
