========================================================================
HYBRID AGENT V5 — Variable-Cardinality Hierarchical Maritime Agent
  启用UAV: True | LLM_ENABLED: False
========================================================================
对局 130 开始
      [UAV RELAUNCH] white_uav3
      [UAV RELAUNCH] white_uav7
      [UAV RELAUNCH] white_uav9
      [UAV RELAUNCH] white_uav4
      [UAV RELAUNCH] white_uav1
      [UAV RELAUNCH] white_uav10
      [UAV RELAUNCH] white_uav6
      [UAV RELAUNCH] white_uav2
      [UAV RELAUNCH] white_uav5
      [UAV RELAUNCH] white_uav8
[t=250s] step=10 | MISSION=NORMAL_C | USV: 10/10 (avail=10 int=0 lock=0 frz=0) | UAV: air=10 rtb=0 chg=0 loiter=0 | TRACKS: vis=0 lost=0 engaged=0 | TOP:  | KILL=0 | ACTIONS=20 | INTENT: focus=2 ratio=0.20
  [INTENT APPLIED]
    ThreatAllocator: focus 2 emergency 3 reserve_ratio 0.20 reserve_usvs None bias breakthrough_eta
    UAVManager: mode search_and_reacquire uav_priority []
[t=529s] step=20 | MISSION=NORMAL_C | USV: 10/10 (avail=10 int=0 lock=0 frz=0) | UAV: air=10 rtb=0 chg=0 loiter=0 | TRACKS: vis=0 lost=0 engaged=0 | TOP:  | KILL=0 | ACTIONS=20 | INTENT: focus=2 ratio=0.20
[t=810s] step=30 | MISSION=NORMAL_C | USV: 10/10 (avail=10 int=0 lock=0 frz=0) | UAV: air=10 rtb=0 chg=0 loiter=0 | TRACKS: vis=0 lost=0 engaged=0 | TOP:  | KILL=0 | ACTIONS=20 | INTENT: focus=2 ratio=0.20
[t=1,096s] step=40 | MISSION=NORMAL_C | USV: 10/10 (avail=10 int=0 lock=0 frz=0) | UAV: air=10 rtb=0 chg=0 loiter=0 | TRACKS: vis=0 lost=0 engaged=0 | TOP:  | KILL=0 | ACTIONS=20 | INTENT: focus=2 ratio=0.20
[t=1,376s] step=50 | MISSION=NORMAL_C | USV: 10/10 (avail=10 int=0 lock=0 frz=0) | UAV: air=10 rtb=0 chg=0 loiter=0 | TRACKS: vis=0 lost=0 engaged=0 | TOP:  | KILL=0 | ACTIONS=20 | INTENT: focus=2 ratio=0.20
      [DETECT] black_uav6
      [DETECT] black_uav11
      [DETECT] black_uav5
      [DETECT] black_uav3
      [DETECT] black_uav12
      [DETECT] black_uav7
      [DETECT] black_uav13
      [DETECT] black_uav8
      [DETECT] black_uav9
      [DETECT] black_uav4
      [DETECT] black_uav10
      [DETECT] black_uav14
      [DETECT] black_uav2
      [DETECT] black_uav1
      [DETECT] black_uav15
[t=1,657s] step=60 | MISSION=NORMAL_C | USV: 10/10 (avail=10 int=0 lock=0 frz=0) | UAV: air=10 rtb=0 chg=0 loiter=0 | TRACKS: vis=15 lost=0 engaged=0 | TOP: black_uav6(x209,548) black_uav11(x209,548) black_uav5(x209,548) | KILL=0 | ACTIONS=20 | INTENT: focus=2 ratio=0.20
      [DETECT] black_usv11
      [DETECT] black_usv8
      [DETECT] black_usv3
      [DETECT] black_usv13
      [DETECT] black_usv9
      [DETECT] black_usv2
      [DETECT] black_usv4
      [DETECT] black_usv10
      [DETECT] black_usv5
      [DETECT] black_usv12
      [ASSIGN] white_usv6->black_usv11
      [ASSIGN] white_usv5->black_usv9
      [ASSIGN] white_usv7->black_usv12
      [ASSIGN] white_usv10->black_usv13
      [ASSIGN] white_usv4->black_usv5
      [ASSIGN] white_usv2->black_usv2
      [ASSIGN] white_usv1->black_usv10
      [ASSIGN] white_usv3->black_usv4
      [DETECT] black_usv14
      [DETECT] black_usv6
      [DETECT] black_usv1
      [DETECT] black_usv7
      [DETECT] black_usv15
      [ASSIGN] white_usv8->black_usv1
      [ASSIGN] white_usv9->black_usv14
[t=1,947s] step=70 | MISSION=NORMAL_C | USV: 10/10 (avail=0 int=10 lock=0 frz=0) | UAV: air=10 rtb=0 chg=0 loiter=0 | TRACKS: vis=29 lost=1 engaged=0 | TOP: black_usv8(x240,762) black_usv3(x241,032) black_usv6(x242,818) | KILL=0 | ACTIONS=20 | INTENT: focus=2 ratio=0.20
[t=2,239s] step=80 | MISSION=NORMAL_C | USV: 10/10 (avail=0 int=10 lock=0 frz=0) | UAV: air=10 rtb=0 chg=0 loiter=0 | TRACKS: vis=24 lost=6 engaged=0 | TOP: black_usv8(x237,878) black_usv3(x238,188) black_usv6(x240,243) | KILL=0 | ACTIONS=20 | INTENT: focus=2 ratio=0.20
[t=2,532s] step=90 | MISSION=NORMAL_C | USV: 10/10 (avail=0 int=10 lock=0 frz=0) | UAV: air=10 rtb=0 chg=0 loiter=0 | TRACKS: vis=17 lost=3 engaged=0 | TOP: black_usv8(x234,984) black_usv3(x235,335) black_usv6(x237,659) | KILL=0 | ACTIONS=20 | INTENT: focus=2 ratio=0.20
      [DETECT] black_uav6
      [DETECT] black_uav7
[t=2,837s] step=100 | MISSION=NORMAL_C | USV: 10/10 (avail=0 int=10 lock=0 frz=0) | UAV: air=10 rtb=0 chg=0 loiter=0 | TRACKS: vis=19 lost=3 engaged=0 | TOP: black_usv8(x231,972) black_usv3(x232,365) black_usv6(x234,968) | KILL=0 | ACTIONS=20 | INTENT: focus=2 ratio=0.20
      [DETECT] black_uav8
      [DETECT] black_uav12
      [DETECT] black_uav9
      [DETECT] black_uav14
[t=3,143s] step=110 | MISSION=NORMAL_C | USV: 10/10 (avail=0 int=10 lock=0 frz=0) | UAV: air=10 rtb=0 chg=0 loiter=0 | TRACKS: vis=21 lost=5 engaged=0 | TOP: black_usv8(x228,950) black_usv3(x229,386) black_usv6(x232,270) | KILL=0 | ACTIONS=20 | INTENT: focus=2 ratio=0.20
      [DETECT] black_uav2
[t=3,449s] step=120 | MISSION=NORMAL_C | USV: 10/10 (avail=0 int=10 lock=0 frz=0) | UAV: air=10 rtb=0 chg=0 loiter=0 | TRACKS: vis=25 lost=2 engaged=0 | TOP: black_usv8(x225,928) black_usv3(x226,406) black_usv6(x229,571) | KILL=0 | ACTIONS=20 | INTENT: focus=2 ratio=0.20
      [DETECT] black_uav13
[t=3,760s] step=130 | MISSION=NORMAL_C | USV: 10/10 (avail=0 int=10 lock=0 frz=0) | UAV: air=10 rtb=0 chg=0 loiter=0 | TRACKS: vis=23 lost=5 engaged=0 | TOP: black_usv8(x222,857) black_usv3(x223,378) black_usv6(x226,828) | KILL=0 | ACTIONS=20 | INTENT: focus=2 ratio=0.20
[t=4,050s] step=140 | MISSION=NORMAL_C | USV: 10/10 (avail=0 int=10 lock=0 frz=0) | UAV: air=10 rtb=0 chg=0 loiter=0 | TRACKS: vis=28 lost=0 engaged=0 | TOP: black_usv8(x219,993) black_usv3(x220,554) black_usv6(x224,270) | KILL=0 | ACTIONS=20 | INTENT: focus=2 ratio=0.20
[t=4,250s] step=150 | MISSION=NORMAL_C | USV: 10/10 (avail=0 int=10 lock=0 frz=0) | UAV: air=10 rtb=0 chg=0 loiter=0 | TRACKS: vis=28 lost=0 engaged=0 | TOP: black_usv8(x218,018) black_usv3(x218,606) black_usv6(x222,506) | KILL=0 | ACTIONS=20 | INTENT: focus=2 ratio=0.20
      [DETECT] black_uav4
[t=4,447s] step=160 | MISSION=NORMAL_C | USV: 10/10 (avail=0 int=10 lock=0 frz=0) | UAV: air=10 rtb=0 chg=0 loiter=0 | TRACKS: vis=29 lost=0 engaged=0 | TOP: black_usv8(x216,072) black_usv3(x216,688) black_usv6(x220,768) | KILL=0 | ACTIONS=20 | INTENT: focus=2 ratio=0.20
      [DETECT] black_uav3
[t=4,647s] step=170 | MISSION=NORMAL_C | USV: 10/10 (avail=0 int=10 lock=0 frz=0) | UAV: air=10 rtb=0 chg=0 loiter=0 | TRACKS: vis=30 lost=0 engaged=0 | TOP: black_usv8(x214,097) black_usv3(x214,741) black_usv6(x219,004) | KILL=0 | ACTIONS=20 | INTENT: focus=2 ratio=0.20
[t=4,904s] step=180 | MISSION=NORMAL_C | USV: 10/10 (avail=0 int=10 lock=0 frz=0) | UAV: air=10 rtb=0 chg=0 loiter=0 | TRACKS: vis=29 lost=1 engaged=0 | TOP: black_usv8(x211,559) black_usv3(x212,238) black_usv6(x216,737) | KILL=0 | ACTIONS=20 | INTENT: focus=2 ratio=0.20
[t=5,136s] step=190 | MISSION=NORMAL_C | USV: 10/10 (avail=0 int=10 lock=0 frz=0) | UAV: air=10 rtb=0 chg=0 loiter=0 | TRACKS: vis=30 lost=0 engaged=0 | TOP: black_usv8(x209,268) black_usv3(x209,979) black_usv6(x214,691) | KILL=0 | ACTIONS=20 | INTENT: focus=2 ratio=0.20
[t=5,420s] step=200 | MISSION=NORMAL_C | USV: 10/10 (avail=0 int=10 lock=0 frz=0) | UAV: air=10 rtb=0 chg=0 loiter=0 | TRACKS: vis=28 lost=2 engaged=0 | TOP: black_usv8(x206,463) black_usv3(x207,214) black_usv6(x212,186) | KILL=0 | ACTIONS=20 | INTENT: focus=2 ratio=0.20
[t=5,717s] step=210 | MISSION=NORMAL_C | USV: 10/10 (avail=0 int=10 lock=0 frz=0) | UAV: air=10 rtb=0 chg=0 loiter=0 | TRACKS: vis=30 lost=0 engaged=0 | TOP: black_usv8(x203,530) black_usv3(x204,322) black_usv6(x209,567) | KILL=0 | ACTIONS=20 | INTENT: focus=2 ratio=0.20
[t=6,022s] step=220 | MISSION=NORMAL_C | USV: 10/10 (avail=0 int=10 lock=0 frz=0) | UAV: air=10 rtb=0 chg=0 loiter=0 | TRACKS: vis=15 lost=15 engaged=0 | TOP: black_usv8(x200,518) black_usv3(x201,352) black_usv6(x206,877) | KILL=0 | ACTIONS=20 | INTENT: focus=2 ratio=0.20
[t=6,346s] step=230 | MISSION=NORMAL_C | USV: 10/10 (avail=0 int=10 lock=0 frz=0) | UAV: air=10 rtb=0 chg=0 loiter=0 | TRACKS: vis=15 lost=0 engaged=0 | TOP: black_usv8(x197,318) black_usv3(x198,197) black_usv6(x204,019) | KILL=0 | ACTIONS=20 | INTENT: focus=2 ratio=0.20
[t=6,669s] step=240 | MISSION=NORMAL_C | USV: 10/10 (avail=0 int=10 lock=0 frz=0) | UAV: air=10 rtb=0 chg=0 loiter=0 | TRACKS: vis=14 lost=1 engaged=0 | TOP: black_usv8(x194,128) black_usv3(x195,052) black_usv6(x201,170) | KILL=0 | ACTIONS=20 | INTENT: focus=2 ratio=0.20
[t=6,986s] step=250 | MISSION=NORMAL_C | USV: 10/10 (avail=0 int=10 lock=0 frz=0) | UAV: air=10 rtb=0 chg=0 loiter=0 | TRACKS: vis=15 lost=0 engaged=0 | TOP: black_usv8(x190,997) black_usv6(x198,374) black_usv15(x200,479) | KILL=0 | ACTIONS=20 | INTENT: focus=2 ratio=0.20
[t=7,310s] step=260 | MISSION=NORMAL_C | USV: 10/10 (avail=0 int=10 lock=0 frz=0) | UAV: air=10 rtb=0 chg=0 loiter=0 | TRACKS: vis=15 lost=0 engaged=0 | TOP: black_usv8(x187,797) black_usv6(x195,516) black_usv15(x197,719) | KILL=0 | ACTIONS=20 | INTENT: focus=2 ratio=0.20
      [ASSIGN] white_usv6->black_usv8(机会锁定)
      [ASSIGN] white_usv3->black_usv2(机会锁定)
      [ASSIGN] white_usv5->black_usv11(机会锁定)
      [ASSIGN] white_usv1->black_usv5(机会锁定)
      [ASSIGN] white_usv8->black_usv2(机会锁定)
[t=7,636s] step=270 | MISSION=NORMAL_C | USV: 10/10 (avail=0 int=0 lock=10 frz=0) | UAV: air=10 rtb=0 chg=0 loiter=0 | TRACKS: vis=15 lost=0 engaged=7 | TOP: black_usv4(x184,094) black_usv9(x184,355) black_usv1(x184,557) | KILL=0 | ACTIONS=20 | INTENT: focus=2 ratio=0.20
      [ASSIGN] white_usv7->black_usv9(机会锁定)
      [ASSIGN] white_usv4->black_usv4(机会锁定)
      [ASSIGN] white_usv6->black_usv12(机会锁定)
      [ASSIGN] white_usv10->black_usv12(机会锁定)
      [ASSIGN] white_usv2->black_usv4(机会锁定)
      [ASSIGN] white_usv3->black_usv4(机会锁定)
      [ASSIGN] white_usv5->black_usv8(机会锁定)
      [ASSIGN] white_usv1->black_usv3(机会锁定)
      [ASSIGN] white_usv9->black_usv13(机会锁定)
      [ASSIGN] white_usv8->black_usv5(机会锁定)
      [ASSIGN] white_usv8->black_usv2(机会锁定)
      [ASSIGN] white_usv7->black_usv11(机会锁定)
      [ASSIGN] white_usv8->black_usv5(机会锁定)
[t=7,981s] step=280 | MISSION=NORMAL_C | USV: 10/10 (avail=0 int=2 lock=8 frz=0) | UAV: air=10 rtb=0 chg=0 loiter=0 | TRACKS: vis=15 lost=0 engaged=5 | TOP: black_usv1(x181,158) black_usv11(x182,839) black_usv5(x183,443) | KILL=2 | ACTIONS=20 | INTENT: focus=2 ratio=0.20
      [ASSIGN] white_usv6->black_usv9(机会锁定)
      [ASSIGN] white_usv10->black_usv9(机会锁定)
      [ASSIGN] white_usv4->black_usv2(机会锁定)
      [ASSIGN] white_usv8->black_usv2(机会锁定)
      [ASSIGN] white_usv5->black_usv12(机会锁定)
      [ASSIGN] white_usv4->black_usv5(机会锁定)
      [ASSIGN] white_usv2->black_usv5(机会锁定)
      [ASSIGN] white_usv3->black_usv5(机会锁定)
      [ASSIGN] white_usv8->black_usv5(机会锁定)
      [ASSIGN] white_usv5->black_usv8(机会锁定)
      [ASSIGN] white_usv4->black_usv4(机会锁定)
      [ASSIGN] white_usv2->black_usv4(机会锁定)
      [ASSIGN] white_usv1->black_usv4(机会锁定)
      [ASSIGN] white_usv3->black_usv4(机会锁定)
      [ASSIGN] white_usv8->black_usv4(机会锁定)
      [ASSIGN] white_usv9->black_usv14(机会锁定)
      [ASSIGN] white_usv5->black_usv12(机会锁定)
      [ASSIGN] white_usv4->black_usv5(机会锁定)
      [ASSIGN] white_usv2->black_usv2(机会锁定)
      [ASSIGN] white_usv1->black_usv5(机会锁定)
      [ASSIGN] white_usv3->black_usv2(机会锁定)
      [ASSIGN] white_usv8->black_usv2(机会锁定)
      [ASSIGN] white_usv5->black_usv8(机会锁定)
      [ASSIGN] white_usv4->black_usv4(机会锁定)
      [ASSIGN] white_usv2->black_usv4(机会锁定)
      [ASSIGN] white_usv1->black_usv4(机会锁定)
      [ASSIGN] white_usv3->black_usv4(机会锁定)
      [ASSIGN] white_usv8->black_usv4(机会锁定)
      [ASSIGN] white_usv5->black_usv12(机会锁定)
      [ASSIGN] white_usv4->black_usv5(机会锁定)
      [ASSIGN] white_usv1->black_usv5(机会锁定)
      [ASSIGN] white_usv3->black_usv2(机会锁定)
      [ASSIGN] white_usv8->black_usv2(机会锁定)
      [ASSIGN] white_usv5->black_usv8(机会锁定)
      [ASSIGN] white_usv4->black_usv3(机会锁定)
      [ASSIGN] white_usv1->black_usv3(机会锁定)
      [ASSIGN] white_usv3->black_usv1(机会锁定)
      [ASSIGN] white_usv8->black_usv3(机会锁定)
      [KILL] black_usv2
      [KILL] black_usv5
      [ASSIGN] white_usv5->black_usv12(机会锁定)
      [ASSIGN] white_usv7->black_usv13(机会锁定)
      [ASSIGN] white_usv6->black_usv11(机会锁定)
      [ASSIGN] white_usv5->black_usv11(机会锁定)
      [ASSIGN] white_usv7->black_usv11(机会锁定)
      [ASSIGN] white_usv10->black_usv11(机会锁定)
      [ASSIGN] white_usv6->black_usv9(机会锁定)
      [ASSIGN] white_usv5->black_usv9(机会锁定)
      [ASSIGN] white_usv7->black_usv9(机会锁定)
      [ASSIGN] white_usv10->black_usv9(机会锁定)
[t=8,386s] step=290 | MISSION=NORMAL_C | USV: 10/10 (avail=0 int=5 lock=5 frz=0) | UAV: air=10 rtb=0 chg=0 loiter=0 | TRACKS: vis=13 lost=0 engaged=3 | TOP: black_usv9(x177,460) black_usv13(x182,460) black_usv12(x182,873) | KILL=7 | ACTIONS=20 | INTENT: focus=2 ratio=0.20
      [ASSIGN] white_usv9->black_usv11(机会锁定)
      [ASSIGN] white_usv9->black_usv14(机会锁定)
      [ASSIGN] white_usv4->black_usv10(机会锁定)
      [ASSIGN] white_usv1->black_usv10(机会锁定)
      [ASSIGN] white_usv3->black_usv10(机会锁定)
      [ASSIGN] white_usv8->black_usv10(机会锁定)
      [KILL] black_usv4
      [KILL] black_usv12
      [RELEASE] white_usv2->black_usv4(目标失效)
      [ASSIGN] white_usv2->black_usv1(机会锁定)
      [KILL] black_usv8
      [KILL] black_usv13
      [ASSIGN] white_usv6->black_usv11(机会锁定)
      [ASSIGN] white_usv5->black_usv11(机会锁定)
      [ASSIGN] white_usv7->black_usv11(机会锁定)
      [ASSIGN] white_usv10->black_usv11(机会锁定)
      [ASSIGN] white_usv6->black_usv9(机会锁定)
      [ASSIGN] white_usv5->black_usv9(机会锁定)
      [ASSIGN] white_usv7->black_usv9(机会锁定)
      [ASSIGN] white_usv10->black_usv9(机会锁定)
      [ASSIGN] white_usv6->black_usv11(机会锁定)
      [ASSIGN] white_usv5->black_usv11(机会锁定)
      [ASSIGN] white_usv7->black_usv11(机会锁定)
      [ASSIGN] white_usv10->black_usv11(机会锁定)
      [ASSIGN] white_usv9->black_usv11(机会锁定)
[t=8,813s] step=300 | MISSION=NORMAL_C | USV: 9/10 (avail=0 int=5 lock=4 frz=0) | UAV: air=10 rtb=0 chg=0 loiter=0 | TRACKS: vis=9 lost=0 engaged=2 | TOP: black_usv11(x180,142) black_usv6(x182,260) black_usv15(x184,915) | KILL=9 | ACTIONS=19 | INTENT: focus=2 ratio=0.20
      [ASSIGN] white_usv6->black_usv9(机会锁定)
      [ASSIGN] white_usv5->black_usv9(机会锁定)
      [ASSIGN] white_usv7->black_usv9(机会锁定)
      [ASSIGN] white_usv10->black_usv14(机会锁定)
      [ASSIGN] white_usv9->black_usv14(机会锁定)
      [KILL] black_usv11
      [ASSIGN] white_usv5->black_usv14(机会锁定)
      [ASSIGN] white_usv4->black_usv15(机会锁定)
      [ASSIGN] white_usv1->black_usv15(机会锁定)
      [ASSIGN] white_usv3->black_usv15(机会锁定)
      [ASSIGN] white_usv2->black_usv10(机会锁定)
      [ASSIGN] white_usv2->black_usv1(机会锁定)
      [KILL] black_usv3
      [ASSIGN] white_usv10->black_usv9(机会锁定)
      [ASSIGN] white_usv9->black_usv9(机会锁定)
      [ASSIGN] white_usv7->black_usv14(机会锁定)
      [ASSIGN] white_usv10->black_usv14(机会锁定)
      [ASSIGN] white_usv4->black_usv10(机会锁定)
      [ASSIGN] white_usv1->black_usv10(机会锁定)
      [ASSIGN] white_usv3->black_usv10(机会锁定)
      [ASSIGN] white_usv9->black_usv14(机会锁定)
      [KILL] black_usv9
      [RELEASE] white_usv6->black_usv9(目标失效)
      [ASSIGN] white_usv4->black_usv15(机会锁定)
      [ASSIGN] white_usv2->black_usv15(机会锁定)
      [ASSIGN] white_usv1->black_usv15(机会锁定)
      [ASSIGN] white_usv3->black_usv15(机会锁定)
[t=9,352s] step=310 | MISSION=NORMAL_C | USV: 9/10 (avail=0 int=9 lock=0 frz=0) | UAV: air=10 rtb=0 chg=0 loiter=0 | TRACKS: vis=6 lost=0 engaged=0 | TOP: black_usv6(x177,506) black_usv15(x181,132) black_usv7(x181,476) | KILL=13 | ACTIONS=19 | INTENT: focus=2 ratio=0.20
      [ASSIGN] white_usv6->black_usv14(机会锁定)
      [ASSIGN] white_usv4->black_usv10(机会锁定)
      [ASSIGN] white_usv2->black_usv10(机会锁定)
      [ASSIGN] white_usv1->black_usv10(机会锁定)
      [ASSIGN] white_usv3->black_usv10(机会锁定)
      [ASSIGN] white_usv4->black_usv15(机会锁定)
      [ASSIGN] white_usv2->black_usv1(机会锁定)
      [ASSIGN] white_usv1->black_usv15(机会锁定)
      [ASSIGN] white_usv3->black_usv1(机会锁定)
      [KILL] black_usv10
      [ASSIGN] white_usv3->black_usv6(机会锁定)
      [ASSIGN] white_usv2->black_usv15(机会锁定)
      [ASSIGN] white_usv4->black_usv1(机会锁定)
      [KILL] black_usv14
      [KILL] black_usv15
      [RELEASE] white_usv6->black_usv14(目标失效)
      [RELEASE] white_usv5->black_usv14(目标失效)
      [RELEASE] white_usv7->black_usv14(目标失效)
      [RELEASE] white_usv10->black_usv14(目标失效)
      [RELEASE] white_usv2->black_usv15(目标失效)
      [RELEASE] white_usv1->black_usv15(目标失效)
      [RELEASE] white_usv9->black_usv14(目标失效)
      [ASSIGN] white_usv6->black_usv7
      [ASSIGN] white_usv5->black_usv6
      [ASSIGN] white_usv7->black_usv1
      [ASSIGN] white_usv10->black_usv6
      [ASSIGN] white_usv2->black_usv1(机会锁定)
      [ASSIGN] white_usv1->black_usv1(机会锁定)
      [ASSIGN] white_usv3->black_usv1(机会锁定)
      [ASSIGN] white_usv9->black_usv7
      [KILL] black_usv1
      [RELEASE] white_usv7->black_usv1(目标失效)
      [RELEASE] white_usv4->black_usv1(目标失效)
      [RELEASE] white_usv2->black_usv1(目标失效)
      [RELEASE] white_usv1->black_usv1(目标失效)
      [RELEASE] white_usv3->black_usv1(目标失效)
      [ASSIGN] white_usv3->black_usv6(机会锁定)
[t=10,028s] step=320 | MISSION=NORMAL_C | USV: 9/10 (avail=0 int=9 lock=0 frz=0) | UAV: air=10 rtb=0 chg=0 loiter=0 | TRACKS: vis=2 lost=0 engaged=0 | TOP: black_usv6(x172,469) black_usv7(x175,801) | KILL=13 | ACTIONS=19 | INTENT: focus=2 ratio=0.20
      [ASSIGN] white_usv4->black_usv7
      [ASSIGN] white_usv4->black_usv6(机会锁定)
      [ASSIGN] white_usv2->black_usv7
[t=10,648s] step=330 | MISSION=NORMAL_C | USV: 9/10 (avail=2 int=5 lock=2 frz=0) | UAV: air=10 rtb=0 chg=0 loiter=0 | TRACKS: vis=1 lost=1 engaged=1 | TOP: black_usv6(x168,730) black_usv7(x170,596) | KILL=13 | ACTIONS=19 | INTENT: focus=2 ratio=0.20
      [RELEASE] white_usv6->black_usv7(目标失效)
      [RELEASE] white_usv2->black_usv7(目标失效)
      [RELEASE] white_usv9->black_usv7(目标失效)
      [ASSIGN] white_usv2->black_usv6(机会锁定)
      [DETECT] black_usv7
      [ASSIGN] white_usv6->black_usv7
      [ASSIGN] white_usv7->black_usv7
      [ASSIGN] white_usv4->black_usv7(机会锁定)
      [ASSIGN] white_usv1->black_usv7
      [ASSIGN] white_usv3->black_usv7(机会锁定)
[t=11,312s] step=340 | MISSION=NORMAL_C | USV: 9/10 (avail=1 int=6 lock=2 frz=0) | UAV: air=10 rtb=0 chg=0 loiter=0 | TRACKS: vis=2 lost=0 engaged=1 | TOP: black_usv7(x165,021) black_usv6(x167,945) | KILL=14 | ACTIONS=19 | INTENT: focus=2 ratio=0.20
      [ASSIGN] white_usv1->black_usv6(机会锁定)
      [KILL] black_usv6
      [RELEASE] white_usv5->black_usv6(目标失效)
      [RELEASE] white_usv10->black_usv6(目标失效)
      [RELEASE] white_usv2->black_usv6(目标失效)
      [RELEASE] white_usv1->black_usv6(目标失效)

========================================================================
对局结果: Result.Victory — 敌方所有单位被击毁
  击杀蓝舰: 15 | 命中: 30 | 我方USV损失: 1 | UAV损失: 0 | 突破: 0
[META] result=Result.Victory victory_time=12139 first_detection=1570 first_lock=7377 first_kill=8310 enemy_kills=15 friendly_usv_losses=1 friendly_uav_losses=0 black_breakthrough=0 reacquire_attempts=33 reacquire_success=33 sensor_assisted_locks=40 low_conf_commitments=0 global_reacquire_entries=0 global_reacquire_success=0 coverage_collapse_events=1 active_clusters_max=1 coverage_quality_final=0.17 commander_source=default_intent commander_calls=0 commander_changes=0 commander_no_change=0 commander_parse_failures=0 commander_api_failures=0 commander_policy_failures=0 commander_avg_latency=0.0
Done
