========================================================================
HYBRID AGENT V5 — Variable-Cardinality Hierarchical Maritime Agent
  启用UAV: True | LLM_ENABLED: False
========================================================================
对局 153 开始
      [UAV RELAUNCH] white_uav3
      [UAV RELAUNCH] white_uav6
      [UAV RELAUNCH] white_uav9
      [UAV RELAUNCH] white_uav5
      [UAV RELAUNCH] white_uav8
      [UAV RELAUNCH] white_uav2
      [UAV RELAUNCH] white_uav1
      [UAV RELAUNCH] white_uav4
      [UAV RELAUNCH] white_uav7
      [UAV RELAUNCH] white_uav10
[t=235s] step=10 | MISSION=NORMAL_C | USV: 10/10 (avail=10 int=0 lock=0 frz=0) | UAV: air=10 rtb=0 chg=0 loiter=0 | TRACKS: vis=0 lost=0 engaged=0 | TOP:  | KILL=0 | ACTIONS=20 | INTENT: focus=2 ratio=0.20
  [INTENT APPLIED]
    ThreatAllocator: focus 2 emergency 3 reserve_ratio 0.20 reserve_usvs None bias breakthrough_eta
    UAVManager: mode search_and_reacquire uav_priority []
[t=509s] step=20 | MISSION=NORMAL_C | USV: 10/10 (avail=10 int=0 lock=0 frz=0) | UAV: air=10 rtb=0 chg=0 loiter=0 | TRACKS: vis=0 lost=0 engaged=0 | TOP:  | KILL=0 | ACTIONS=20 | INTENT: focus=2 ratio=0.20
[t=767s] step=30 | MISSION=NORMAL_C | USV: 10/10 (avail=10 int=0 lock=0 frz=0) | UAV: air=10 rtb=0 chg=0 loiter=0 | TRACKS: vis=0 lost=0 engaged=0 | TOP:  | KILL=0 | ACTIONS=20 | INTENT: focus=2 ratio=0.20
[t=1,043s] step=40 | MISSION=NORMAL_C | USV: 10/10 (avail=10 int=0 lock=0 frz=0) | UAV: air=10 rtb=0 chg=0 loiter=0 | TRACKS: vis=0 lost=0 engaged=0 | TOP:  | KILL=0 | ACTIONS=20 | INTENT: focus=2 ratio=0.20
[t=1,311s] step=50 | MISSION=NORMAL_C | USV: 10/10 (avail=10 int=0 lock=0 frz=0) | UAV: air=10 rtb=0 chg=0 loiter=0 | TRACKS: vis=0 lost=0 engaged=0 | TOP:  | KILL=0 | ACTIONS=20 | INTENT: focus=2 ratio=0.20
      [DETECT] black_uav11
      [DETECT] black_uav9
      [DETECT] black_uav14
      [DETECT] black_uav18
      [DETECT] black_uav12
      [DETECT] black_uav16
      [DETECT] black_uav17
      [DETECT] black_uav7
      [DETECT] black_uav8
      [DETECT] black_uav15
      [DETECT] black_uav10
      [DETECT] black_uav19
      [DETECT] black_uav24
      [DETECT] black_uav22
      [DETECT] black_uav2
      [DETECT] black_uav3
      [DETECT] black_uav23
      [DETECT] black_uav13
      [DETECT] black_uav4
      [DETECT] black_uav6
      [DETECT] black_uav20
      [DETECT] black_uav5
      [DETECT] black_uav21
[t=1,576s] step=60 | MISSION=NORMAL_C | USV: 10/10 (avail=10 int=0 lock=0 frz=0) | UAV: air=10 rtb=0 chg=0 loiter=0 | TRACKS: vis=23 lost=0 engaged=0 | TOP: black_uav11(x211,978) black_uav9(x211,978) black_uav14(x211,978) | KILL=0 | ACTIONS=20 | INTENT: focus=2 ratio=0.20
      [DETECT] black_uav25
      [DETECT] black_uav1
[t=1,819s] step=70 | MISSION=NORMAL_C | USV: 10/10 (avail=10 int=0 lock=0 frz=0) | UAV: air=10 rtb=0 chg=0 loiter=0 | TRACKS: vis=25 lost=0 engaged=0 | TOP: black_uav11(x204,688) black_uav9(x204,688) black_uav14(x204,688) | KILL=0 | ACTIONS=20 | INTENT: focus=2 ratio=0.20
      [DETECT] black_usv11
      [DETECT] black_usv7
      [ASSIGN] white_usv4->black_usv11
      [ASSIGN] white_usv7->black_usv11
      [ASSIGN] white_usv8->black_usv7
      [ASSIGN] white_usv6->black_usv11
      [ASSIGN] white_usv1->black_usv7
      [ASSIGN] white_usv3->black_usv7
      [DETECT] black_usv20
      [DETECT] black_usv13
      [DETECT] black_usv9
      [DETECT] black_usv2
      [DETECT] black_usv17
      [DETECT] black_usv15
      [DETECT] black_usv12
      [DETECT] black_usv19
      [DETECT] black_usv14
      [DETECT] black_usv3
      [DETECT] black_usv8
      [DETECT] black_usv23
      [DETECT] black_usv24
      [DETECT] black_usv21
      [DETECT] black_usv1
      [DETECT] black_usv10
      [DETECT] black_usv4
      [DETECT] black_usv5
      [DETECT] black_usv16
      [DETECT] black_usv22
      [DETECT] black_usv18
      [ASSIGN] white_usv10->black_usv20
      [ASSIGN] white_usv9->black_usv2
      [ASSIGN] white_usv2->black_usv5
      [DETECT] black_usv6
      [ASSIGN] white_usv5->black_usv13
      [DETECT] black_usv25
[t=2,061s] step=80 | MISSION=NORMAL_C | USV: 10/10 (avail=0 int=10 lock=0 frz=0) | UAV: air=10 rtb=0 chg=0 loiter=0 | TRACKS: vis=46 lost=4 engaged=0 | TOP: black_usv24(x239,460) black_usv15(x239,647) black_usv23(x239,685) | KILL=0 | ACTIONS=20 | INTENT: focus=2 ratio=0.20
[t=2,313s] step=90 | MISSION=NORMAL_C | USV: 10/10 (avail=0 int=10 lock=0 frz=0) | UAV: air=10 rtb=0 chg=0 loiter=0 | TRACKS: vis=31 lost=10 engaged=0 | TOP: black_usv24(x236,950) black_usv15(x237,159) black_usv23(x237,203) | KILL=0 | ACTIONS=20 | INTENT: focus=2 ratio=0.20
[t=2,574s] step=100 | MISSION=NORMAL_C | USV: 10/10 (avail=0 int=10 lock=0 frz=0) | UAV: air=10 rtb=0 chg=0 loiter=0 | TRACKS: vis=29 lost=0 engaged=0 | TOP: black_usv24(x234,350) black_usv15(x234,583) black_usv23(x234,631) | KILL=0 | ACTIONS=20 | INTENT: focus=2 ratio=0.20
      [DETECT] black_uav25
      [DETECT] black_uav16
      [DETECT] black_uav1
      [DETECT] black_uav7
      [DETECT] black_uav6
      [DETECT] black_uav10
      [DETECT] black_uav15
      [DETECT] black_uav19
[t=2,845s] step=110 | MISSION=NORMAL_C | USV: 10/10 (avail=0 int=10 lock=0 frz=0) | UAV: air=10 rtb=0 chg=0 loiter=0 | TRACKS: vis=31 lost=6 engaged=0 | TOP: black_usv24(x231,651) black_usv15(x231,908) black_usv23(x231,962) | KILL=0 | ACTIONS=20 | INTENT: focus=2 ratio=0.20
      [DETECT] black_uav5
      [DETECT] black_uav14
      [DETECT] black_uav4
      [DETECT] black_uav3
      [DETECT] black_uav13
      [DETECT] black_uav12
[t=3,111s] step=120 | MISSION=NORMAL_C | USV: 10/10 (avail=0 int=10 lock=0 frz=0) | UAV: air=10 rtb=0 chg=0 loiter=0 | TRACKS: vis=41 lost=2 engaged=0 | TOP: black_usv24(x229,001) black_usv15(x229,283) black_usv23(x229,341) | KILL=0 | ACTIONS=20 | INTENT: focus=2 ratio=0.20
      [DETECT] black_uav24
      [DETECT] black_uav2
      [DETECT] black_uav11
      [DETECT] black_uav20
[t=3,393s] step=130 | MISSION=NORMAL_C | USV: 10/10 (avail=0 int=10 lock=0 frz=0) | UAV: air=10 rtb=0 chg=0 loiter=0 | TRACKS: vis=44 lost=3 engaged=0 | TOP: black_usv24(x226,192) black_usv15(x226,499) black_usv23(x226,563) | KILL=0 | ACTIONS=20 | INTENT: focus=2 ratio=0.20
      [DETECT] black_uav23
[t=3,668s] step=140 | MISSION=NORMAL_C | USV: 10/10 (avail=0 int=10 lock=0 frz=0) | UAV: air=10 rtb=0 chg=0 loiter=0 | TRACKS: vis=48 lost=0 engaged=0 | TOP: black_usv24(x223,443) black_usv15(x223,775) black_usv23(x223,844) | KILL=0 | ACTIONS=20 | INTENT: focus=2 ratio=0.20
      [DETECT] black_uav21
[t=3,941s] step=150 | MISSION=NORMAL_C | USV: 10/10 (avail=0 int=10 lock=0 frz=0) | UAV: air=10 rtb=0 chg=0 loiter=0 | TRACKS: vis=39 lost=10 engaged=0 | TOP: black_usv24(x220,734) black_usv15(x221,090) black_usv23(x221,164) | KILL=0 | ACTIONS=20 | INTENT: focus=2 ratio=0.20
[t=4,112s] step=160 | MISSION=NORMAL_C | USV: 10/10 (avail=0 int=10 lock=0 frz=0) | UAV: air=10 rtb=0 chg=0 loiter=0 | TRACKS: vis=49 lost=0 engaged=0 | TOP: black_usv24(x219,027) black_usv15(x219,399) black_usv9(x219,723) | KILL=0 | ACTIONS=20 | INTENT: focus=2 ratio=0.20
[t=4,247s] step=170 | MISSION=NORMAL_C | USV: 10/10 (avail=0 int=10 lock=0 frz=0) | UAV: air=10 rtb=0 chg=0 loiter=0 | TRACKS: vis=48 lost=1 engaged=0 | TOP: black_usv24(x217,685) black_usv15(x218,070) black_usv9(x218,389) | KILL=0 | ACTIONS=20 | INTENT: focus=2 ratio=0.20
[t=4,385s] step=180 | MISSION=NORMAL_C | USV: 10/10 (avail=0 int=10 lock=0 frz=0) | UAV: air=10 rtb=0 chg=0 loiter=0 | TRACKS: vis=48 lost=1 engaged=0 | TOP: black_usv24(x216,311) black_usv15(x216,707) black_usv9(x217,023) | KILL=0 | ACTIONS=20 | INTENT: focus=2 ratio=0.20
      [DETECT] black_uav22
[t=4,525s] step=190 | MISSION=NORMAL_C | USV: 10/10 (avail=0 int=10 lock=0 frz=0) | UAV: air=10 rtb=0 chg=0 loiter=0 | TRACKS: vis=50 lost=0 engaged=0 | TOP: black_usv24(x214,916) black_usv15(x215,326) black_usv17(x215,686) | KILL=0 | ACTIONS=20 | INTENT: focus=2 ratio=0.20
[t=4,659s] step=200 | MISSION=NORMAL_C | USV: 10/10 (avail=0 int=10 lock=0 frz=0) | UAV: air=10 rtb=0 chg=0 loiter=0 | TRACKS: vis=50 lost=0 engaged=0 | TOP: black_usv24(x213,573) black_usv17(x214,347) black_usv15(x213,995) | KILL=0 | ACTIONS=20 | INTENT: focus=2 ratio=0.20
[t=4,799s] step=210 | MISSION=NORMAL_C | USV: 10/10 (avail=0 int=10 lock=0 frz=0) | UAV: air=10 rtb=0 chg=0 loiter=0 | TRACKS: vis=50 lost=0 engaged=0 | TOP: black_usv24(x212,179) black_usv17(x212,957) black_usv15(x212,613) | KILL=0 | ACTIONS=20 | INTENT: focus=2 ratio=0.20
[t=4,943s] step=220 | MISSION=NORMAL_C | USV: 10/10 (avail=0 int=10 lock=0 frz=0) | UAV: air=10 rtb=0 chg=0 loiter=0 | TRACKS: vis=50 lost=0 engaged=0 | TOP: black_usv24(x210,753) black_usv17(x211,534) black_usv15(x211,200) | KILL=0 | ACTIONS=20 | INTENT: focus=2 ratio=0.20
[t=5,095s] step=230 | MISSION=NORMAL_C | USV: 10/10 (avail=0 int=10 lock=0 frz=0) | UAV: air=10 rtb=0 chg=0 loiter=0 | TRACKS: vis=50 lost=0 engaged=0 | TOP: black_usv24(x209,238) black_usv17(x210,024) black_usv15(x209,699) | KILL=0 | ACTIONS=20 | INTENT: focus=2 ratio=0.20
[t=5,299s] step=240 | MISSION=NORMAL_C | USV: 10/10 (avail=0 int=10 lock=0 frz=0) | UAV: air=10 rtb=0 chg=0 loiter=0 | TRACKS: vis=50 lost=0 engaged=0 | TOP: black_usv24(x207,206) black_usv17(x207,998) black_usv15(x207,686) | KILL=0 | ACTIONS=20 | INTENT: focus=2 ratio=0.20
[t=5,553s] step=250 | MISSION=NORMAL_C | USV: 10/10 (avail=0 int=10 lock=0 frz=0) | UAV: air=10 rtb=0 chg=0 loiter=0 | TRACKS: vis=49 lost=1 engaged=0 | TOP: black_usv24(x204,676) black_usv17(x205,475) black_usv15(x205,178) | KILL=0 | ACTIONS=20 | INTENT: focus=2 ratio=0.20
[t=5,809s] step=260 | MISSION=NORMAL_C | USV: 10/10 (avail=0 int=10 lock=0 frz=0) | UAV: air=10 rtb=0 chg=0 loiter=0 | TRACKS: vis=50 lost=0 engaged=0 | TOP: black_usv24(x202,126) black_usv17(x202,932) black_usv9(x202,922) | KILL=0 | ACTIONS=20 | INTENT: focus=2 ratio=0.20
[t=6,083s] step=270 | MISSION=NORMAL_C | USV: 10/10 (avail=0 int=10 lock=0 frz=0) | UAV: air=10 rtb=0 chg=0 loiter=0 | TRACKS: vis=23 lost=26 engaged=0 | TOP: black_usv24(x199,397) black_usv17(x200,211) black_usv9(x200,209) | KILL=0 | ACTIONS=20 | INTENT: focus=2 ratio=0.20
[t=6,377s] step=280 | MISSION=NORMAL_C | USV: 10/10 (avail=0 int=10 lock=0 frz=0) | UAV: air=10 rtb=0 chg=0 loiter=0 | TRACKS: vis=23 lost=0 engaged=0 | TOP: black_usv24(x196,468) black_usv17(x197,290) black_usv9(x197,298) | KILL=0 | ACTIONS=20 | INTENT: focus=2 ratio=0.20
[t=6,676s] step=290 | MISSION=NORMAL_C | USV: 10/10 (avail=0 int=10 lock=0 frz=0) | UAV: air=10 rtb=0 chg=0 loiter=0 | TRACKS: vis=22 lost=1 engaged=0 | TOP: black_usv24(x193,490) black_usv9(x194,337) black_usv23(x194,219) | KILL=0 | ACTIONS=20 | INTENT: focus=2 ratio=0.20
[t=6,979s] step=300 | MISSION=NORMAL_C | USV: 10/10 (avail=0 int=10 lock=0 frz=0) | UAV: air=10 rtb=0 chg=0 loiter=0 | TRACKS: vis=23 lost=0 engaged=0 | TOP: black_usv24(x190,472) black_usv9(x191,337) black_usv23(x191,234) | KILL=0 | ACTIONS=20 | INTENT: focus=2 ratio=0.20
[t=7,243s] step=310 | MISSION=NORMAL_C | USV: 10/10 (avail=0 int=10 lock=0 frz=0) | UAV: air=10 rtb=0 chg=0 loiter=0 | TRACKS: vis=23 lost=0 engaged=0 | TOP: black_usv24(x187,842) black_usv9(x188,723) black_usv23(x188,633) | KILL=0 | ACTIONS=20 | INTENT: focus=2 ratio=0.20
      [ASSIGN] white_usv4->black_usv13(机会锁定)
      [ASSIGN] white_usv10->black_usv24(机会锁定)
      [ASSIGN] white_usv6->black_usv13(机会锁定)
      [ASSIGN] white_usv3->black_usv11(机会锁定)
      [ASSIGN] white_usv7->black_usv7(机会锁定)
      [ASSIGN] white_usv1->black_usv5(机会锁定)
      [ASSIGN] white_usv8->black_usv11(机会锁定)
      [ASSIGN] white_usv9->black_usv13(机会锁定)
[t=7,547s] step=320 | MISSION=NORMAL_C | USV: 10/10 (avail=0 int=0 lock=10 frz=0) | UAV: air=10 rtb=0 chg=0 loiter=0 | TRACKS: vis=23 lost=0 engaged=5 | TOP: black_usv20(x184,752) black_usv9(x185,713) black_usv23(x185,638) | KILL=0 | ACTIONS=20 | INTENT: focus=2 ratio=0.20
      [DETECT] black_usv6
      [ASSIGN] white_usv4->black_usv14(机会锁定)
      [ASSIGN] white_usv10->black_usv20(机会锁定)
      [ASSIGN] white_usv9->black_usv9(机会锁定)
      [ASSIGN] white_usv6->black_usv9(机会锁定)
      [ASSIGN] white_usv3->black_usv1(机会锁定)
      [ASSIGN] white_usv2->black_usv1(机会锁定)
      [ASSIGN] white_usv5->black_usv9(机会锁定)
      [ASSIGN] white_usv7->black_usv13(机会锁定)
      [ASSIGN] white_usv1->black_usv13(机会锁定)
      [ASSIGN] white_usv7->black_usv7(机会锁定)
      [ASSIGN] white_usv8->black_usv7(机会锁定)
      [ASSIGN] white_usv1->black_usv5(机会锁定)
[t=7,858s] step=330 | MISSION=NORMAL_C | USV: 10/10 (avail=0 int=0 lock=10 frz=0) | UAV: air=10 rtb=0 chg=0 loiter=0 | TRACKS: vis=24 lost=0 engaged=6 | TOP: black_usv23(x182,574) black_usv11(x183,380) black_usv21(x183,520) | KILL=2 | ACTIONS=20 | INTENT: focus=2 ratio=0.20
      [DETECT] black_usv25
      [ASSIGN] white_usv4->black_usv4(机会锁定)
      [ASSIGN] white_usv10->black_usv17(机会锁定)
      [ASSIGN] white_usv9->black_usv4(机会锁定)
      [ASSIGN] white_usv6->black_usv4(机会锁定)
      [ASSIGN] white_usv3->black_usv4(机会锁定)
      [ASSIGN] white_usv2->black_usv14(机会锁定)
      [ASSIGN] white_usv5->black_usv14(机会锁定)
      [ASSIGN] white_usv7->black_usv9(机会锁定)
      [ASSIGN] white_usv8->black_usv9(机会锁定)
      [ASSIGN] white_usv7->black_usv7(机会锁定)
      [ASSIGN] white_usv8->black_usv23(机会锁定)
      [ASSIGN] white_usv1->black_usv1(机会锁定)
      [ASSIGN] white_usv7->black_usv9(机会锁定)
      [ASSIGN] white_usv1->black_usv5(机会锁定)
      [ASSIGN] white_usv7->black_usv22(机会锁定)
      [ASSIGN] white_usv1->black_usv1(机会锁定)
[t=8,177s] step=340 | MISSION=NORMAL_C | USV: 10/10 (avail=0 int=2 lock=8 frz=0) | UAV: air=10 rtb=0 chg=0 loiter=0 | TRACKS: vis=25 lost=0 engaged=4 | TOP: black_usv20(x178,488) black_usv21(x180,335) black_usv24(x181,537) | KILL=6 | ACTIONS=20 | INTENT: focus=2 ratio=0.20
      [ASSIGN] white_usv1->black_usv5(机会锁定)
      [ASSIGN] white_usv1->black_usv1(机会锁定)
      [ASSIGN] white_usv1->black_usv5(机会锁定)
      [KILL] black_usv11
      [KILL] black_usv13
      [ASSIGN] white_usv1->black_usv1(机会锁定)
      [ASSIGN] white_usv4->black_usv7(机会锁定)
      [ASSIGN] white_usv10->black_usv20(机会锁定)
      [ASSIGN] white_usv9->black_usv9(机会锁定)
      [ASSIGN] white_usv6->black_usv9(机会锁定)
      [ASSIGN] white_usv1->black_usv5(机会锁定)
      [ASSIGN] white_usv3->black_usv7(机会锁定)
      [ASSIGN] white_usv4->black_usv4(机会锁定)
      [ASSIGN] white_usv9->black_usv4(机会锁定)
      [ASSIGN] white_usv6->black_usv4(机会锁定)
      [ASSIGN] white_usv1->black_usv4(机会锁定)
      [ASSIGN] white_usv3->black_usv4(机会锁定)
      [ASSIGN] white_usv2->black_usv1(机会锁定)
      [ASSIGN] white_usv5->black_usv4(机会锁定)
      [ASSIGN] white_usv4->black_usv14(机会锁定)
      [ASSIGN] white_usv9->black_usv3(机会锁定)
      [ASSIGN] white_usv6->black_usv10(机会锁定)
      [ASSIGN] white_usv1->black_usv14(机会锁定)
      [ASSIGN] white_usv3->black_usv14(机会锁定)
      [ASSIGN] white_usv2->black_usv14(机会锁定)
      [ASSIGN] white_usv5->black_usv10(机会锁定)
      [ASSIGN] white_usv4->black_usv4(机会锁定)
      [ASSIGN] white_usv8->black_usv4(机会锁定)
      [ASSIGN] white_usv1->black_usv4(机会锁定)
      [ASSIGN] white_usv3->black_usv4(机会锁定)
      [ASSIGN] white_usv2->black_usv1(机会锁定)
      [ASSIGN] white_usv4->black_usv22(机会锁定)
      [ASSIGN] white_usv8->black_usv22(机会锁定)
      [ASSIGN] white_usv1->black_usv22(机会锁定)
      [ASSIGN] white_usv3->black_usv22(机会锁定)
      [ASSIGN] white_usv2->black_usv14(机会锁定)
      [ASSIGN] white_usv3->black_usv4(机会锁定)
      [ASSIGN] white_usv2->black_usv1(机会锁定)
[t=8,501s] step=350 | MISSION=NORMAL_C | USV: 9/10 (avail=0 int=3 lock=6 frz=0) | UAV: air=10 rtb=0 chg=0 loiter=0 | TRACKS: vis=20 lost=3 engaged=4 | TOP: black_usv21(x177,101) black_usv24(x178,309) black_usv16(x177,909) | KILL=8 | ACTIONS=19 | INTENT: focus=2 ratio=0.20
      [ASSIGN] white_usv1->black_usv4(机会锁定)
      [ASSIGN] white_usv3->black_usv14(机会锁定)
      [ASSIGN] white_usv2->black_usv14(机会锁定)
      [ASSIGN] white_usv1->black_usv1(机会锁定)
      [ASSIGN] white_usv3->black_usv4(机会锁定)
      [ASSIGN] white_usv2->black_usv1(机会锁定)
      [ASSIGN] white_usv1->black_usv14(机会锁定)
      [ASSIGN] white_usv2->black_usv14(机会锁定)
      [KILL] black_usv9
      [KILL] black_usv1
      [ASSIGN] white_usv1->black_usv5(机会锁定)
      [ASSIGN] white_usv2->black_usv19(机会锁定)
      [ASSIGN] white_usv10->black_usv21(机会锁定)
      [ASSIGN] white_usv1->black_usv14(机会锁定)
      [KILL] black_usv7
      [KILL] black_usv5
      [ASSIGN] white_usv1->black_usv15(机会锁定)
      [ASSIGN] white_usv9->black_usv12(机会锁定)
      [ASSIGN] white_usv6->black_usv12(机会锁定)
      [ASSIGN] white_usv3->black_usv14(机会锁定)
      [ASSIGN] white_usv4->black_usv10(机会锁定)
      [ASSIGN] white_usv8->black_usv10(机会锁定)
      [ASSIGN] white_usv3->black_usv10(机会锁定)
[t=8,890s] step=360 | MISSION=NORMAL_C | USV: 8/10 (avail=0 int=0 lock=8 frz=0) | UAV: air=10 rtb=0 chg=0 loiter=0 | TRACKS: vis=18 lost=1 engaged=5 | TOP: black_usv20(x173,766) black_usv24(x174,434) black_usv16(x174,153) | KILL=9 | ACTIONS=18 | INTENT: focus=2 ratio=0.20
      [KILL] black_usv4
      [ASSIGN] white_usv2->black_usv14(机会锁定)
      [KILL] black_usv14
      [ASSIGN] white_usv10->black_usv16(机会锁定)
      [RELEASE] white_usv2->black_usv14(目标失效)
      [ASSIGN] white_usv2->black_usv19(机会锁定)
      [ASSIGN] white_usv1->black_usv22(机会锁定)
      [ASSIGN] white_usv1->black_usv15(机会锁定)
      [ASSIGN] white_usv9->black_usv23(机会锁定)
      [ASSIGN] white_usv6->black_usv23(机会锁定)
      [ASSIGN] white_usv4->black_usv12(机会锁定)
      [ASSIGN] white_usv8->black_usv12(机会锁定)
      [ASSIGN] white_usv3->black_usv22(机会锁定)
      [ASSIGN] white_usv4->black_usv10(机会锁定)
      [ASSIGN] white_usv8->black_usv17(机会锁定)
      [ASSIGN] white_usv3->black_usv10(机会锁定)
      [ASSIGN] white_usv4->black_usv12(机会锁定)
      [ASSIGN] white_usv3->black_usv22(机会锁定)
      [ASSIGN] white_usv4->black_usv10(机会锁定)
      [ASSIGN] white_usv3->black_usv10(机会锁定)
[t=9,263s] step=370 | MISSION=NORMAL_C | USV: 8/10 (avail=0 int=2 lock=6 frz=0) | UAV: air=10 rtb=0 chg=0 loiter=0 | TRACKS: vis=16 lost=0 engaged=5 | TOP: black_usv24(x170,719) black_usv20(x170,684) black_usv21(x172,239) | KILL=11 | ACTIONS=18 | INTENT: focus=2 ratio=0.20
      [ASSIGN] white_usv4->black_usv12(机会锁定)
      [ASSIGN] white_usv3->black_usv22(机会锁定)
      [ASSIGN] white_usv4->black_usv10(机会锁定)
      [ASSIGN] white_usv10->black_usv24(机会锁定)
      [ASSIGN] white_usv3->black_usv10(机会锁定)
      [ASSIGN] white_usv2->black_usv10(机会锁定)
      [ASSIGN] white_usv4->black_usv12(机会锁定)
      [ASSIGN] white_usv3->black_usv19(机会锁定)
      [ASSIGN] white_usv2->black_usv19(机会锁定)
      [KILL] black_usv22
      [ASSIGN] white_usv4->black_usv10(机会锁定)
      [ASSIGN] white_usv9->black_usv20(机会锁定)
      [ASSIGN] white_usv6->black_usv10(机会锁定)
      [ASSIGN] white_usv1->black_usv10(机会锁定)
      [ASSIGN] white_usv3->black_usv10(机会锁定)
      [ASSIGN] white_usv2->black_usv10(机会锁定)
      [ASSIGN] white_usv6->black_usv23(机会锁定)
      [ASSIGN] white_usv1->black_usv19(机会锁定)
      [ASSIGN] white_usv2->black_usv19(机会锁定)
      [ASSIGN] white_usv4->black_usv17(机会锁定)
      [ASSIGN] white_usv8->black_usv3(机会锁定)
      [ASSIGN] white_usv6->black_usv3(机会锁定)
      [ASSIGN] white_usv1->black_usv3(机会锁定)
      [ASSIGN] white_usv2->black_usv15(机会锁定)
      [ASSIGN] white_usv2->black_usv19(机会锁定)
      [ASSIGN] white_usv10->black_usv16(机会锁定)
      [ASSIGN] white_usv3->black_usv12(机会锁定)
[t=9,699s] step=380 | MISSION=NORMAL_C | USV: 8/10 (avail=0 int=2 lock=6 frz=0) | UAV: air=10 rtb=0 chg=0 loiter=0 | TRACKS: vis=14 lost=1 engaged=4 | TOP: black_usv24(x166,376) black_usv21(x168,146) black_usv6(x174,540) | KILL=14 | ACTIONS=18 | INTENT: focus=2 ratio=0.20
      [KILL] black_usv12
      [KILL] black_usv10
      [ASSIGN] white_usv9->black_usv24(机会锁定)
      [RELEASE] white_usv3->black_usv12(目标失效)
      [ASSIGN] white_usv3->black_usv23(机会锁定)
      [ASSIGN] white_usv3->black_usv20(机会锁定)
      [ASSIGN] white_usv4->black_usv23(机会锁定)
      [ASSIGN] white_usv8->black_usv23(机会锁定)
      [ASSIGN] white_usv6->black_usv23(机会锁定)
      [ASSIGN] white_usv1->black_usv23(机会锁定)
      [ASSIGN] white_usv2->black_usv15(机会锁定)
      [ASSIGN] white_usv4->black_usv17(机会锁定)
      [ASSIGN] white_usv8->black_usv17(机会锁定)
      [ASSIGN] white_usv6->black_usv17(机会锁定)
      [ASSIGN] white_usv1->black_usv17(机会锁定)
      [ASSIGN] white_usv2->black_usv19(机会锁定)
      [KILL] black_usv19
      [ASSIGN] white_usv4->black_usv3(机会锁定)
      [ASSIGN] white_usv8->black_usv3(机会锁定)
      [ASSIGN] white_usv6->black_usv3(机会锁定)
      [ASSIGN] white_usv1->black_usv3(机会锁定)
      [RELEASE] white_usv2->black_usv19(目标失效)
      [ASSIGN] white_usv2->black_usv15(机会锁定)
      [ASSIGN] white_usv4->black_usv17(机会锁定)
      [ASSIGN] white_usv10->black_usv21(机会锁定)
      [ASSIGN] white_usv8->black_usv17(机会锁定)
      [ASSIGN] white_usv6->black_usv17(机会锁定)
      [ASSIGN] white_usv1->black_usv17(机会锁定)
      [ASSIGN] white_usv4->black_usv3(机会锁定)
      [ASSIGN] white_usv8->black_usv3(机会锁定)
      [ASSIGN] white_usv6->black_usv3(机会锁定)
      [ASSIGN] white_usv1->black_usv3(机会锁定)
      [DETECT] black_usv8
      [KILL] black_usv15
      [KILL] black_usv23
      [ASSIGN] white_usv4->black_usv17(机会锁定)
      [ASSIGN] white_usv9->black_usv17(机会锁定)
      [ASSIGN] white_usv8->black_usv17(机会锁定)
      [ASSIGN] white_usv6->black_usv17(机会锁定)
      [ASSIGN] white_usv1->black_usv17(机会锁定)
      [RELEASE] white_usv2->black_usv15(目标失效)
      [ASSIGN] white_usv2->black_usv8(机会锁定)
      [ASSIGN] white_usv4->black_usv20(机会锁定)
      [ASSIGN] white_usv9->black_usv24(机会锁定)
      [ASSIGN] white_usv8->black_usv24(机会锁定)
      [ASSIGN] white_usv6->black_usv24(机会锁定)
      [ASSIGN] white_usv1->black_usv3(机会锁定)
      [ASSIGN] white_usv9->black_usv17(机会锁定)
      [ASSIGN] white_usv6->black_usv17(机会锁定)
      [ASSIGN] white_usv1->black_usv17(机会锁定)
      [ASSIGN] white_usv3->black_usv17(机会锁定)
[t=10,174s] step=390 | MISSION=NORMAL_C | USV: 7/10 (avail=0 int=5 lock=2 frz=0) | UAV: air=10 rtb=0 chg=0 loiter=0 | TRACKS: vis=10 lost=1 engaged=2 | TOP: black_usv16(x163,491) black_usv6(x170,355) black_usv25(x173,674) | KILL=18 | ACTIONS=17 | INTENT: focus=2 ratio=0.20
      [ASSIGN] white_usv4->black_usv17(机会锁定)
      [ASSIGN] white_usv9->black_usv24(机会锁定)
      [ASSIGN] white_usv6->black_usv24(机会锁定)
      [ASSIGN] white_usv3->black_usv3(机会锁定)
      [ASSIGN] white_usv4->black_usv20(机会锁定)
      [ASSIGN] white_usv9->black_usv20(机会锁定)
      [ASSIGN] white_usv6->black_usv20(机会锁定)
      [ASSIGN] white_usv3->black_usv20(机会锁定)
      [ASSIGN] white_usv4->black_usv24(机会锁定)
      [ASSIGN] white_usv10->black_usv24(机会锁定)
      [ASSIGN] white_usv9->black_usv24(机会锁定)
      [ASSIGN] white_usv3->black_usv3(机会锁定)
      [ASSIGN] white_usv4->black_usv2(机会锁定)
      [ASSIGN] white_usv10->black_usv21(机会锁定)
      [ASSIGN] white_usv9->black_usv20(机会锁定)
      [ASSIGN] white_usv3->black_usv2(机会锁定)
      [KILL] black_usv17
      [KILL] black_usv3
      [ASSIGN] white_usv10->black_usv24(机会锁定)
      [RELEASE] white_usv1->black_usv17(目标失效)
      [ASSIGN] white_usv1->black_usv2(机会锁定)
      [ASSIGN] white_usv10->black_usv16(机会锁定)
      [ASSIGN] white_usv6->black_usv24(机会锁定)
      [ASSIGN] white_usv6->black_usv20(机会锁定)
      [ASSIGN] white_usv9->black_usv24(机会锁定)
      [ASSIGN] white_usv6->black_usv24(机会锁定)
      [ASSIGN] white_usv9->black_usv20(机会锁定)
      [ASSIGN] white_usv6->black_usv20(机会锁定)
      [KILL] black_usv24
[t=10,700s] step=400 | MISSION=NORMAL_C | USV: 7/10 (avail=0 int=2 lock=5 frz=0) | UAV: air=10 rtb=0 chg=0 loiter=0 | TRACKS: vis=7 lost=1 engaged=3 | TOP: black_usv21(x162,157) black_usv6(x165,720) black_usv25(x168,802) | KILL=19 | ACTIONS=17 | INTENT: focus=2 ratio=0.20
      [ASSIGN] white_usv4->black_usv20(机会锁定)
      [ASSIGN] white_usv1->black_usv20(机会锁定)
      [KILL] black_usv20
      [RELEASE] white_usv4->black_usv20(目标失效)
      [ASSIGN] white_usv4->black_usv2(机会锁定)
      [RELEASE] white_usv9->black_usv20(目标失效)
      [ASSIGN] white_usv9->black_usv2(机会锁定)
      [RELEASE] white_usv6->black_usv20(目标失效)
      [ASSIGN] white_usv6->black_usv2(机会锁定)
      [RELEASE] white_usv1->black_usv20(目标失效)
      [ASSIGN] white_usv1->black_usv2(机会锁定)
      [ASSIGN] white_usv2->black_usv2(机会锁定)
      [ASSIGN] white_usv10->black_usv21(机会锁定)
      [ASSIGN] white_usv2->black_usv8(机会锁定)
      [ASSIGN] white_usv10->black_usv16(机会锁定)
      [KILL] black_usv21
      [ASSIGN] white_usv10->black_usv25(机会锁定)
      [ASSIGN] white_usv9->black_usv16(机会锁定)
      [ASSIGN] white_usv6->black_usv16(机会锁定)
      [ASSIGN] white_usv9->black_usv2(机会锁定)
      [ASSIGN] white_usv6->black_usv2(机会锁定)
      [ASSIGN] white_usv4->black_usv16(机会锁定)
      [ASSIGN] white_usv9->black_usv16(机会锁定)
      [ASSIGN] white_usv6->black_usv16(机会锁定)
      [ASSIGN] white_usv2->black_usv2(机会锁定)
      [ASSIGN] white_usv4->black_usv2(机会锁定)
      [ASSIGN] white_usv9->black_usv2(机会锁定)
      [ASSIGN] white_usv6->black_usv2(机会锁定)
      [ASSIGN] white_usv4->black_usv16(机会锁定)
      [ASSIGN] white_usv9->black_usv16(机会锁定)
      [ASSIGN] white_usv6->black_usv16(机会锁定)
[t=11,298s] step=410 | MISSION=NORMAL_C | USV: 6/10 (avail=0 int=5 lock=1 frz=0) | UAV: air=10 rtb=0 chg=0 loiter=0 | TRACKS: vis=5 lost=1 engaged=1 | TOP: black_usv16(x158,243) black_usv8(x162,453) black_usv6(x160,452) | KILL=22 | ACTIONS=16 | INTENT: focus=2 ratio=0.20
      [KILL] black_usv2
      [ASSIGN] white_usv6->black_usv25(机会锁定)
      [RELEASE] white_usv1->black_usv2(目标失效)
      [RELEASE] white_usv2->black_usv2(目标失效)
      [KILL] black_usv16
      [KILL] black_usv8
      [RELEASE] white_usv4->black_usv16(目标失效)
      [RELEASE] white_usv9->black_usv16(目标失效)
      [ASSIGN] white_usv9->black_usv25(机会锁定)
      [ASSIGN] white_usv1->black_usv6
      [ASSIGN] white_usv2->black_usv18
      [ASSIGN] white_usv4->black_usv6
      [RELEASE] white_usv4->black_usv6(目标失效)
      [RELEASE] white_usv1->black_usv6(目标失效)
      [ASSIGN] white_usv4->black_usv18
      [ASSIGN] white_usv1->black_usv18
[t=11,988s] step=420 | MISSION=NORMAL_C | USV: 6/10 (avail=2 int=4 lock=0 frz=0) | UAV: air=10 rtb=0 chg=0 loiter=0 | TRACKS: vis=2 lost=0 engaged=0 | TOP: black_usv25(x159,382) black_usv18(x159,648) | KILL=23 | ACTIONS=16 | INTENT: focus=2 ratio=0.20
      [ASSIGN] white_usv2->black_usv25(机会锁定)
      [KILL] black_usv25
      [RELEASE] white_usv10->black_usv25(目标失效)
      [ASSIGN] white_usv10->black_usv18(机会锁定)
      [RELEASE] white_usv9->black_usv25(目标失效)
      [RELEASE] white_usv6->black_usv25(目标失效)
      [RELEASE] white_usv2->black_usv25(目标失效)
[t=12,704s] step=430 | MISSION=NORMAL_C | USV: 6/10 (avail=3 int=2 lock=1 frz=0) | UAV: air=10 rtb=0 chg=0 loiter=0 | TRACKS: vis=1 lost=0 engaged=1 | TOP: black_usv18(x152,584) | KILL=23 | ACTIONS=16 | INTENT: focus=2 ratio=0.20
[t=13,382s] step=440 | MISSION=NORMAL_C | USV: 6/10 (avail=3 int=1 lock=2 frz=0) | UAV: air=10 rtb=0 chg=0 loiter=0 | TRACKS: vis=1 lost=0 engaged=1 | TOP: black_usv18(x146,655) | KILL=23 | ACTIONS=16 | INTENT: focus=2 ratio=0.20
[t=14,164s] step=450 | MISSION=NORMAL_C | USV: 6/10 (avail=3 int=3 lock=0 frz=0) | UAV: air=10 rtb=0 chg=0 loiter=0 | TRACKS: vis=1 lost=0 engaged=0 | TOP: black_usv18(x146,250) | KILL=24 | ACTIONS=16 | INTENT: focus=2 ratio=0.20
      [KILL] black_usv18
      [RELEASE] white_usv4->black_usv18(目标失效)
      [RELEASE] white_usv10->black_usv18(目标失效)
      [RELEASE] white_usv1->black_usv18(目标失效)
      [DETECT] black_usv6
      [ASSIGN] white_usv4->black_usv6
      [ASSIGN] white_usv9->black_usv6
      [ASSIGN] white_usv6->black_usv6
[t=14,947s] step=460 | MISSION=NORMAL_C | USV: 6/10 (avail=6 int=0 lock=0 frz=0) | UAV: air=10 rtb=0 chg=0 loiter=0 | TRACKS: vis=1 lost=0 engaged=0 | TOP: black_usv6(x128,303) | KILL=24 | ACTIONS=16 | INTENT: focus=2 ratio=0.20
[t=15,700s] step=470 | MISSION=NORMAL_C | USV: 6/10 (avail=3 int=3 lock=0 frz=0) | UAV: air=10 rtb=0 chg=0 loiter=0 | TRACKS: vis=1 lost=0 engaged=0 | TOP: black_usv6(x121,669) | KILL=24 | ACTIONS=16 | INTENT: focus=2 ratio=0.20
      [RELEASE] white_usv4->black_usv6(目标失效)
      [RELEASE] white_usv9->black_usv6(目标失效)
      [RELEASE] white_usv6->black_usv6(目标失效)
[t=16,450s] step=480 | MISSION=GLOBAL_R | USV: 6/10 (avail=6 int=0 lock=0 frz=0) | UAV: air=10 rtb=0 chg=0 loiter=0 | TRACKS: vis=0 lost=0 engaged=0 | TOP:  | KILL=24 | ACTIONS=16 | INTENT: focus=2 ratio=0.20
      [DETECT] black_usv6
      [ASSIGN] white_usv4->black_usv6
      [ASSIGN] white_usv9->black_usv6
      [ASSIGN] white_usv6->black_usv6
      [RELEASE] white_usv4->black_usv6(目标失效)
      [RELEASE] white_usv9->black_usv6(目标失效)
      [RELEASE] white_usv6->black_usv6(目标失效)
[t=17,201s] step=490 | MISSION=GLOBAL_R | USV: 6/10 (avail=6 int=0 lock=0 frz=0) | UAV: air=10 rtb=0 chg=0 loiter=0 | TRACKS: vis=0 lost=0 engaged=0 | TOP:  | KILL=24 | ACTIONS=16 | INTENT: focus=2 ratio=0.20
      [DETECT] black_usv6
      [ASSIGN] white_usv4->black_usv6
      [ASSIGN] white_usv9->black_usv6
      [ASSIGN] white_usv6->black_usv6
[t=17,956s] step=500 | MISSION=NORMAL_C | USV: 6/10 (avail=3 int=3 lock=0 frz=0) | UAV: air=10 rtb=0 chg=0 loiter=0 | TRACKS: vis=1 lost=0 engaged=0 | TOP: black_usv6(x101,793) | KILL=24 | ACTIONS=16 | INTENT: focus=2 ratio=0.20
      [RELEASE] white_usv4->black_usv6(目标失效)
      [RELEASE] white_usv9->black_usv6(目标失效)
      [RELEASE] white_usv6->black_usv6(目标失效)
[t=18,712s] step=510 | MISSION=GLOBAL_R | USV: 6/10 (avail=6 int=0 lock=0 frz=0) | UAV: air=10 rtb=0 chg=0 loiter=0 | TRACKS: vis=0 lost=0 engaged=0 | TOP:  | KILL=24 | ACTIONS=16 | INTENT: focus=2 ratio=0.20
[t=19,493s] step=520 | MISSION=GLOBAL_R | USV: 6/10 (avail=6 int=0 lock=0 frz=0) | UAV: air=10 rtb=0 chg=0 loiter=0 | TRACKS: vis=0 lost=0 engaged=0 | TOP:  | KILL=24 | ACTIONS=16 | INTENT: focus=2 ratio=0.20
      [DETECT] black_usv6
      [ASSIGN] white_usv4->black_usv6
      [ASSIGN] white_usv9->black_usv6
      [ASSIGN] white_usv6->black_usv6
[t=20,254s] step=530 | MISSION=NORMAL_C | USV: 6/10 (avail=3 int=3 lock=0 frz=0) | UAV: air=10 rtb=0 chg=0 loiter=0 | TRACKS: vis=0 lost=1 engaged=0 | TOP: black_usv6(x81,546) | KILL=24 | ACTIONS=16 | INTENT: focus=2 ratio=0.20
      [RELEASE] white_usv4->black_usv6(目标失效)
      [RELEASE] white_usv9->black_usv6(目标失效)
      [RELEASE] white_usv6->black_usv6(目标失效)
[t=21,030s] step=540 | MISSION=GLOBAL_R | USV: 6/10 (avail=6 int=0 lock=0 frz=0) | UAV: air=10 rtb=0 chg=0 loiter=0 | TRACKS: vis=0 lost=0 engaged=0 | TOP:  | KILL=24 | ACTIONS=16 | INTENT: focus=2 ratio=0.20
      [DETECT] black_usv6
      [ASSIGN] white_usv4->black_usv6
      [ASSIGN] white_usv9->black_usv6
      [ASSIGN] white_usv6->black_usv6
      [UAV RTB] white_uav10(电量3292<3003+300)
[t=21,805s] step=550 | MISSION=NORMAL_C | USV: 6/10 (avail=3 int=3 lock=0 frz=0) | UAV: air=9 rtb=1 chg=0 loiter=0 | TRACKS: vis=1 lost=0 engaged=0 | TOP: black_usv6(x67,882) | KILL=24 | ACTIONS=16 | INTENT: focus=2 ratio=0.20
      [RELEASE] white_usv4->black_usv6(目标失效)
      [RELEASE] white_usv9->black_usv6(目标失效)
      [RELEASE] white_usv6->black_usv6(目标失效)
[t=22,566s] step=560 | MISSION=GLOBAL_R | USV: 6/10 (avail=6 int=0 lock=0 frz=0) | UAV: air=9 rtb=1 chg=0 loiter=0 | TRACKS: vis=0 lost=0 engaged=0 | TOP:  | KILL=24 | ACTIONS=16 | INTENT: focus=2 ratio=0.20
[t=23,342s] step=570 | MISSION=GLOBAL_R | USV: 6/10 (avail=6 int=0 lock=0 frz=0) | UAV: air=9 rtb=1 chg=0 loiter=0 | TRACKS: vis=0 lost=0 engaged=0 | TOP:  | KILL=24 | ACTIONS=16 | INTENT: focus=2 ratio=0.20
      [UAV RTB] white_uav3(电量1337<1164+300)
      [UAV RTB] white_uav6(电量490<702+300)
      [UAV RTB] white_uav9(电量490<395+300)
      [UAV RTB] white_uav5(电量491<863+300)
      [UAV RTB] white_uav8(电量491<426+300)
      [UAV RTB] white_uav2(电量492<1089+300)
      [UAV RTB] white_uav1(电量492<1151+300)
      [UAV RTB] white_uav4(电量492<955+300)
      [UAV RTB] white_uav7(电量492<588+300)

========================================================================
对局结果: Result.Victory — 敌方所有单位被击毁
  击杀蓝舰: 25 | 命中: 48 | 我方USV损失: 4 | UAV损失: 0 | 突破: 1
[META] result=Result.Victory victory_time=24520 first_detection=1553 first_lock=7392 first_kill=8303 enemy_kills=25 friendly_usv_losses=4 friendly_uav_losses=0 black_breakthrough=1 reacquire_attempts=78 reacquire_success=77 sensor_assisted_locks=56 low_conf_commitments=0 global_reacquire_entries=6 global_reacquire_success=5 coverage_collapse_events=1 active_clusters_max=1 coverage_quality_final=0.27 commander_source=default_intent commander_calls=0 commander_changes=0 commander_no_change=0 commander_parse_failures=0 commander_api_failures=0 commander_policy_failures=0 commander_avg_latency=0.0
Done
