========================================================================
HYBRID AGENT V5 — Variable-Cardinality Hierarchical Maritime Agent
  启用UAV: True | LLM_ENABLED: False
========================================================================
对局 128 开始
      [UAV RELAUNCH] white_uav3
      [UAV RELAUNCH] white_uav4
      [UAV RELAUNCH] white_uav9
      [UAV RELAUNCH] white_uav7
      [UAV RELAUNCH] white_uav1
      [UAV RELAUNCH] white_uav10
      [UAV RELAUNCH] white_uav6
      [UAV RELAUNCH] white_uav2
      [UAV RELAUNCH] white_uav5
      [UAV RELAUNCH] white_uav8
[t=257s] step=10 | MISSION=NORMAL_C | USV: 10/10 (avail=10 int=0 lock=0 frz=0) | UAV: air=10 rtb=0 chg=0 loiter=0 | TRACKS: vis=0 lost=0 engaged=0 | TOP:  | KILL=0 | ACTIONS=20 | INTENT: focus=2 ratio=0.20
  [INTENT APPLIED]
    ThreatAllocator: focus 2 emergency 3 reserve_ratio 0.20 reserve_usvs None bias breakthrough_eta
    UAVManager: mode search_and_reacquire uav_priority []
[t=555s] step=20 | MISSION=NORMAL_C | USV: 10/10 (avail=10 int=0 lock=0 frz=0) | UAV: air=10 rtb=0 chg=0 loiter=0 | TRACKS: vis=0 lost=0 engaged=0 | TOP:  | KILL=0 | ACTIONS=20 | INTENT: focus=2 ratio=0.20
[t=852s] step=30 | MISSION=NORMAL_C | USV: 10/10 (avail=10 int=0 lock=0 frz=0) | UAV: air=10 rtb=0 chg=0 loiter=0 | TRACKS: vis=0 lost=0 engaged=0 | TOP:  | KILL=0 | ACTIONS=20 | INTENT: focus=2 ratio=0.20
[t=1,137s] step=40 | MISSION=NORMAL_C | USV: 10/10 (avail=10 int=0 lock=0 frz=0) | UAV: air=10 rtb=0 chg=0 loiter=0 | TRACKS: vis=0 lost=0 engaged=0 | TOP:  | KILL=0 | ACTIONS=20 | INTENT: focus=2 ratio=0.20
[t=1,415s] step=50 | MISSION=NORMAL_C | USV: 10/10 (avail=10 int=0 lock=0 frz=0) | UAV: air=10 rtb=0 chg=0 loiter=0 | TRACKS: vis=0 lost=0 engaged=0 | TOP:  | KILL=0 | ACTIONS=20 | INTENT: focus=2 ratio=0.20
      [DETECT] black_uav6
      [DETECT] black_uav11
      [DETECT] black_uav5
      [DETECT] black_uav3
      [DETECT] black_uav7
      [DETECT] black_uav8
      [DETECT] black_uav9
      [DETECT] black_uav4
      [DETECT] black_uav10
      [DETECT] black_uav2
      [DETECT] black_uav12
      [DETECT] black_uav1
[t=1,715s] step=60 | MISSION=NORMAL_C | USV: 10/10 (avail=10 int=0 lock=0 frz=0) | UAV: air=10 rtb=0 chg=0 loiter=0 | TRACKS: vis=12 lost=0 engaged=0 | TOP: black_uav6(x207,808) black_uav11(x207,808) black_uav5(x207,808) | KILL=0 | ACTIONS=20 | INTENT: focus=2 ratio=0.20
      [DETECT] black_usv5
      [ASSIGN] white_usv4->black_usv5
      [ASSIGN] white_usv5->black_usv5
      [ASSIGN] white_usv3->black_usv5
      [DETECT] black_usv11
      [DETECT] black_usv3
      [DETECT] black_usv8
      [DETECT] black_usv13
      [DETECT] black_usv9
      [DETECT] black_usv2
      [DETECT] black_usv6
      [DETECT] black_usv1
      [DETECT] black_usv4
      [DETECT] black_usv7
      [DETECT] black_usv10
      [ASSIGN] white_usv8->black_usv11
      [ASSIGN] white_usv10->black_usv13
      [ASSIGN] white_usv1->black_usv1
      [ASSIGN] white_usv2->black_usv2
      [ASSIGN] white_usv7->black_usv9
      [ASSIGN] white_usv6->black_usv7
      [DETECT] black_usv12
      [ASSIGN] white_usv9->black_usv4
[t=1,993s] step=70 | MISSION=NORMAL_C | USV: 10/10 (avail=0 int=10 lock=0 frz=0) | UAV: air=10 rtb=0 chg=0 loiter=0 | TRACKS: vis=21 lost=4 engaged=0 | TOP: black_usv3(x241,014) black_usv10(x241,130) black_usv12(x241,254) | KILL=0 | ACTIONS=20 | INTENT: focus=2 ratio=0.20
[t=2,299s] step=80 | MISSION=NORMAL_C | USV: 10/10 (avail=0 int=10 lock=0 frz=0) | UAV: air=10 rtb=0 chg=0 loiter=0 | TRACKS: vis=15 lost=5 engaged=0 | TOP: black_usv3(x238,101) black_usv10(x238,234) black_usv12(x238,378) | KILL=0 | ACTIONS=20 | INTENT: focus=2 ratio=0.20
      [DETECT] black_uav4
[t=2,613s] step=90 | MISSION=NORMAL_C | USV: 10/10 (avail=0 int=10 lock=0 frz=0) | UAV: air=10 rtb=0 chg=0 loiter=0 | TRACKS: vis=14 lost=3 engaged=0 | TOP: black_usv3(x235,111) black_usv10(x235,263) black_usv12(x235,426) | KILL=0 | ACTIONS=20 | INTENT: focus=2 ratio=0.20
      [DETECT] black_uav8
      [DETECT] black_uav10
      [DETECT] black_uav12
[t=2,928s] step=100 | MISSION=NORMAL_C | USV: 10/10 (avail=0 int=10 lock=0 frz=0) | UAV: air=10 rtb=0 chg=0 loiter=0 | TRACKS: vis=19 lost=1 engaged=0 | TOP: black_usv3(x232,112) black_usv10(x232,282) black_usv12(x232,464) | KILL=0 | ACTIONS=20 | INTENT: focus=2 ratio=0.20
      [DETECT] black_uav3
      [DETECT] black_uav6
      [DETECT] black_uav7
      [DETECT] black_uav2
[t=3,243s] step=110 | MISSION=NORMAL_C | USV: 10/10 (avail=0 int=10 lock=0 frz=0) | UAV: air=10 rtb=0 chg=0 loiter=0 | TRACKS: vis=20 lost=4 engaged=0 | TOP: black_usv3(x229,113) black_usv10(x229,301) black_usv12(x229,503) | KILL=0 | ACTIONS=20 | INTENT: focus=2 ratio=0.20
      [DETECT] black_uav11
[t=3,561s] step=120 | MISSION=NORMAL_C | USV: 10/10 (avail=0 int=10 lock=0 frz=0) | UAV: air=10 rtb=0 chg=0 loiter=0 | TRACKS: vis=24 lost=1 engaged=0 | TOP: black_usv3(x226,085) black_usv10(x226,292) black_usv12(x226,514) | KILL=0 | ACTIONS=20 | INTENT: focus=2 ratio=0.20
[t=3,881s] step=130 | MISSION=NORMAL_C | USV: 10/10 (avail=0 int=10 lock=0 frz=0) | UAV: air=10 rtb=0 chg=0 loiter=0 | TRACKS: vis=22 lost=3 engaged=0 | TOP: black_usv3(x223,038) black_usv10(x223,263) black_usv12(x223,505) | KILL=0 | ACTIONS=20 | INTENT: focus=2 ratio=0.20
[t=4,175s] step=140 | MISSION=NORMAL_C | USV: 10/10 (avail=0 int=10 lock=0 frz=0) | UAV: air=10 rtb=0 chg=0 loiter=0 | TRACKS: vis=23 lost=2 engaged=0 | TOP: black_usv3(x220,239) black_usv10(x220,481) black_usv12(x220,741) | KILL=0 | ACTIONS=20 | INTENT: focus=2 ratio=0.20
[t=4,437s] step=150 | MISSION=NORMAL_C | USV: 10/10 (avail=0 int=10 lock=0 frz=0) | UAV: air=10 rtb=0 chg=0 loiter=0 | TRACKS: vis=25 lost=0 engaged=0 | TOP: black_usv3(x217,744) black_usv10(x218,002) black_usv12(x218,278) | KILL=0 | ACTIONS=20 | INTENT: focus=2 ratio=0.20
[t=4,680s] step=160 | MISSION=NORMAL_C | USV: 10/10 (avail=0 int=10 lock=0 frz=0) | UAV: air=10 rtb=0 chg=0 loiter=0 | TRACKS: vis=25 lost=0 engaged=0 | TOP: black_usv3(x215,430) black_usv12(x215,994) black_usv8(x216,434) | KILL=0 | ACTIONS=20 | INTENT: focus=2 ratio=0.20
[t=4,905s] step=170 | MISSION=NORMAL_C | USV: 10/10 (avail=0 int=10 lock=0 frz=0) | UAV: air=10 rtb=0 chg=0 loiter=0 | TRACKS: vis=25 lost=0 engaged=0 | TOP: black_usv3(x213,288) black_usv12(x213,879) black_usv8(x214,340) | KILL=0 | ACTIONS=20 | INTENT: focus=2 ratio=0.20
[t=5,137s] step=180 | MISSION=NORMAL_C | USV: 10/10 (avail=0 int=10 lock=0 frz=0) | UAV: air=10 rtb=0 chg=0 loiter=0 | TRACKS: vis=25 lost=0 engaged=0 | TOP: black_usv3(x211,079) black_usv12(x211,698) black_usv8(x212,181) | KILL=0 | ACTIONS=20 | INTENT: focus=2 ratio=0.20
[t=5,429s] step=190 | MISSION=NORMAL_C | USV: 10/10 (avail=0 int=10 lock=0 frz=0) | UAV: air=10 rtb=0 chg=0 loiter=0 | TRACKS: vis=25 lost=0 engaged=0 | TOP: black_usv3(x208,299) black_usv12(x208,953) black_usv8(x209,463) | KILL=0 | ACTIONS=20 | INTENT: focus=2 ratio=0.20
[t=5,743s] step=200 | MISSION=NORMAL_C | USV: 10/10 (avail=0 int=10 lock=0 frz=0) | UAV: air=10 rtb=0 chg=0 loiter=0 | TRACKS: vis=25 lost=0 engaged=0 | TOP: black_usv3(x205,309) black_usv12(x206,001) black_usv8(x206,541) | KILL=0 | ACTIONS=20 | INTENT: focus=2 ratio=0.20
[t=6,081s] step=210 | MISSION=NORMAL_C | USV: 10/10 (avail=0 int=10 lock=0 frz=0) | UAV: air=10 rtb=0 chg=0 loiter=0 | TRACKS: vis=13 lost=12 engaged=0 | TOP: black_usv3(x202,091) black_usv8(x203,395) black_usv6(x206,415) | KILL=0 | ACTIONS=20 | INTENT: focus=2 ratio=0.20
[t=6,420s] step=220 | MISSION=NORMAL_C | USV: 10/10 (avail=0 int=10 lock=0 frz=0) | UAV: air=10 rtb=0 chg=0 loiter=0 | TRACKS: vis=13 lost=0 engaged=0 | TOP: black_usv3(x198,863) black_usv8(x200,240) black_usv6(x203,429) | KILL=0 | ACTIONS=20 | INTENT: focus=2 ratio=0.20
[t=6,753s] step=230 | MISSION=NORMAL_C | USV: 10/10 (avail=0 int=10 lock=0 frz=0) | UAV: air=10 rtb=0 chg=0 loiter=0 | TRACKS: vis=13 lost=0 engaged=0 | TOP: black_usv3(x195,692) black_usv8(x197,141) black_usv6(x200,495) | KILL=0 | ACTIONS=20 | INTENT: focus=2 ratio=0.20
[t=7,098s] step=240 | MISSION=NORMAL_C | USV: 10/10 (avail=0 int=10 lock=0 frz=0) | UAV: air=10 rtb=0 chg=0 loiter=0 | TRACKS: vis=13 lost=0 engaged=0 | TOP: black_usv3(x192,407) black_usv8(x193,930) black_usv6(x197,455) | KILL=0 | ACTIONS=20 | INTENT: focus=2 ratio=0.20
      [ASSIGN] white_usv2->black_usv5(机会锁定)
      [ASSIGN] white_usv7->black_usv11(机会锁定)
      [ASSIGN] white_usv9->black_usv7(机会锁定)
[t=7,456s] step=250 | MISSION=NORMAL_C | USV: 10/10 (avail=0 int=0 lock=10 frz=0) | UAV: air=10 rtb=0 chg=0 loiter=0 | TRACKS: vis=13 lost=0 engaged=5 | TOP: black_usv9(x186,614) black_usv4(x187,496) black_usv3(x188,999) | KILL=0 | ACTIONS=20 | INTENT: focus=2 ratio=0.20
      [ASSIGN] white_usv4->black_usv4(机会锁定)
      [ASSIGN] white_usv5->black_usv4(机会锁定)
      [ASSIGN] white_usv8->black_usv9(机会锁定)
      [ASSIGN] white_usv3->black_usv1(机会锁定)
      [ASSIGN] white_usv10->black_usv10(机会锁定)
      [ASSIGN] white_usv2->black_usv8(机会锁定)
      [ASSIGN] white_usv7->black_usv10(机会锁定)
      [ASSIGN] white_usv6->black_usv3(机会锁定)
      [ASSIGN] white_usv10->black_usv13(机会锁定)
      [ASSIGN] white_usv1->black_usv5(机会锁定)
      [ASSIGN] white_usv9->black_usv11(机会锁定)
      [ASSIGN] white_usv1->black_usv1(机会锁定)
[t=7,808s] step=260 | MISSION=NORMAL_C | USV: 10/10 (avail=0 int=1 lock=9 frz=0) | UAV: air=10 rtb=0 chg=0 loiter=0 | TRACKS: vis=12 lost=1 engaged=8 | TOP: black_usv7(x182,274) black_usv6(x191,200) black_usv12(x186,334) | KILL=1 | ACTIONS=20 | INTENT: focus=2 ratio=0.20
      [ASSIGN] white_usv4->black_usv5(机会锁定)
      [ASSIGN] white_usv5->black_usv5(机会锁定)
      [ASSIGN] white_usv8->black_usv7(机会锁定)
      [ASSIGN] white_usv4->black_usv4(机会锁定)
      [ASSIGN] white_usv5->black_usv4(机会锁定)
      [ASSIGN] white_usv1->black_usv5(机会锁定)
      [ASSIGN] white_usv3->black_usv5(机会锁定)
      [ASSIGN] white_usv1->black_usv1(机会锁定)
      [ASSIGN] white_usv2->black_usv1(机会锁定)
      [ASSIGN] white_usv7->black_usv9(机会锁定)
      [ASSIGN] white_usv3->black_usv1(机会锁定)
      [ASSIGN] white_usv6->black_usv9(机会锁定)
      [ASSIGN] white_usv10->black_usv12(机会锁定)
      [ASSIGN] white_usv1->black_usv8(机会锁定)
      [ASSIGN] white_usv2->black_usv5(机会锁定)
      [ASSIGN] white_usv3->black_usv5(机会锁定)
      [ASSIGN] white_usv9->black_usv3(机会锁定)
      [ASSIGN] white_usv2->black_usv1(机会锁定)
      [ASSIGN] white_usv3->black_usv1(机会锁定)
[t=8,157s] step=270 | MISSION=NORMAL_C | USV: 10/10 (avail=0 int=2 lock=8 frz=0) | UAV: air=10 rtb=0 chg=0 loiter=0 | TRACKS: vis=13 lost=0 engaged=6 | TOP: black_usv13(x182,456) black_usv11(x181,603) black_usv6(x188,125) | KILL=3 | ACTIONS=20 | INTENT: focus=2 ratio=0.20
      [ASSIGN] white_usv2->black_usv5(机会锁定)
      [ASSIGN] white_usv3->black_usv5(机会锁定)
      [ASSIGN] white_usv2->black_usv1(机会锁定)
      [ASSIGN] white_usv3->black_usv1(机会锁定)
      [KILL] black_usv5
      [ASSIGN] white_usv2->black_usv11(机会锁定)
      [ASSIGN] white_usv3->black_usv11(机会锁定)
      [ASSIGN] white_usv8->black_usv13(机会锁定)
      [ASSIGN] white_usv4->black_usv7(机会锁定)
      [ASSIGN] white_usv5->black_usv7(机会锁定)
      [ASSIGN] white_usv8->black_usv7(机会锁定)
      [KILL] black_usv1
      [ASSIGN] white_usv10->black_usv9(机会锁定)
      [ASSIGN] white_usv1->black_usv4(机会锁定)
      [ASSIGN] white_usv10->black_usv12(机会锁定)
[t=8,489s] step=280 | MISSION=NORMAL_C | USV: 7/10 (avail=0 int=1 lock=6 frz=0) | UAV: air=10 rtb=0 chg=0 loiter=0 | TRACKS: vis=11 lost=0 engaged=3 | TOP: black_usv13(x182,456) black_usv8(x183,785) black_usv6(x185,200) | KILL=5 | ACTIONS=17 | INTENT: focus=2 ratio=0.20
      [ASSIGN] white_usv2->black_usv8(机会锁定)
      [ASSIGN] white_usv4->black_usv11(机会锁定)
      [ASSIGN] white_usv5->black_usv11(机会锁定)
      [ASSIGN] white_usv8->black_usv9(机会锁定)
      [ASSIGN] white_usv4->black_usv7(机会锁定)
      [ASSIGN] white_usv5->black_usv7(机会锁定)
      [ASSIGN] white_usv8->black_usv7(机会锁定)
      [KILL] black_usv13
      [ASSIGN] white_usv4->black_usv8(机会锁定)
      [ASSIGN] white_usv5->black_usv11(机会锁定)
      [ASSIGN] white_usv8->black_usv9(机会锁定)
      [ASSIGN] white_usv5->black_usv7(机会锁定)
      [ASSIGN] white_usv8->black_usv7(机会锁定)
      [ASSIGN] white_usv1->black_usv7(机会锁定)
      [ASSIGN] white_usv5->black_usv4(机会锁定)
      [ASSIGN] white_usv1->black_usv4(机会锁定)
      [ASSIGN] white_usv4->black_usv11(机会锁定)
      [ASSIGN] white_usv5->black_usv11(机会锁定)
[t=8,907s] step=290 | MISSION=NORMAL_C | USV: 4/10 (avail=0 int=4 lock=0 frz=0) | UAV: air=10 rtb=0 chg=0 loiter=0 | TRACKS: vis=9 lost=1 engaged=0 | TOP: black_usv9(x177,264) black_usv11(x177,625) black_usv6(x181,517) | KILL=10 | ACTIONS=13 | INTENT: focus=2 ratio=0.20
      [ASSIGN] white_usv4->black_usv8(机会锁定)
      [ASSIGN] white_usv5->black_usv3(机会锁定)
      [ASSIGN] white_usv4->black_usv4(机会锁定)
      [ASSIGN] white_usv5->black_usv4(机会锁定)
      [KILL] black_usv9
      [ASSIGN] white_usv4->black_usv8(机会锁定)
      [ASSIGN] white_usv5->black_usv11(机会锁定)
      [KILL] black_usv3
      [ASSIGN] white_usv4->black_usv4(机会锁定)
      [ASSIGN] white_usv5->black_usv4(机会锁定)
      [ASSIGN] white_usv4->black_usv8(机会锁定)
      [ASSIGN] white_usv5->black_usv11(机会锁定)
      [ASSIGN] white_usv8->black_usv10(机会锁定)
      [KILL] black_usv11
      [ASSIGN] white_usv4->black_usv7(机会锁定)
      [RELEASE] white_usv5->black_usv11(目标失效)
      [ASSIGN] white_usv5->black_usv7(机会锁定)
      [ASSIGN] white_usv4->black_usv8(机会锁定)
      [ASSIGN] white_usv5->black_usv4(机会锁定)
      [KILL] black_usv7
      [ASSIGN] white_usv4->black_usv2(机会锁定)
      [ASSIGN] white_usv5->black_usv2(机会锁定)
[t=9,399s] step=300 | MISSION=NORMAL_C | USV: 3/10 (avail=0 int=0 lock=3 frz=0) | UAV: air=10 rtb=0 chg=0 loiter=0 | TRACKS: vis=6 lost=0 engaged=2 | TOP: black_usv4(x177,637) black_usv8(x179,932) black_usv6(x177,183) | KILL=10 | ACTIONS=13 | INTENT: focus=2 ratio=0.20
      [KILL] black_usv4
      [KILL] black_usv12
      [KILL] black_usv8
      [ASSIGN] white_usv4->black_usv6(机会锁定)
      [ASSIGN] white_usv4->black_usv2(机会锁定)
[t=10,061s] step=310 | MISSION=NORMAL_C | USV: 2/10 (avail=0 int=1 lock=1 frz=0) | UAV: air=10 rtb=0 chg=0 loiter=0 | TRACKS: vis=3 lost=0 engaged=1 | TOP: black_usv6(x171,350) black_usv2(x179,627) black_usv10(x173,976) | KILL=11 | ACTIONS=12 | INTENT: focus=2 ratio=0.20
      [KILL] black_usv10
      [RELEASE] white_usv8->black_usv10(目标失效)
      [ASSIGN] white_usv8->black_usv6
      [ASSIGN] white_usv8->black_usv2(机会锁定)
      [ASSIGN] white_usv4->black_usv6(机会锁定)
      [ASSIGN] white_usv4->black_usv2(机会锁定)
      [ASSIGN] white_usv4->black_usv6(机会锁定)
      [KILL] black_usv2
      [RELEASE] white_usv8->black_usv2(目标失效)
[t=10,884s] step=320 | MISSION=NORMAL_C | USV: 2/10 (avail=0 int=1 lock=1 frz=0) | UAV: air=10 rtb=0 chg=0 loiter=0 | TRACKS: vis=1 lost=0 engaged=1 | TOP: black_usv6(x164,091) | KILL=12 | ACTIONS=12 | INTENT: focus=2 ratio=0.20
      [ASSIGN] white_usv8->black_usv6
[t=11,712s] step=330 | MISSION=NORMAL_C | USV: 2/10 (avail=0 int=1 lock=1 frz=0) | UAV: air=10 rtb=0 chg=0 loiter=0 | TRACKS: vis=1 lost=0 engaged=1 | TOP: black_usv6(x159,456) | KILL=12 | ACTIONS=12 | INTENT: focus=2 ratio=0.20
[t=12,958s] step=340 | MISSION=TERMINAL | USV: 2/10 (avail=0 int=2 lock=0 frz=0) | UAV: air=9 rtb=0 chg=0 loiter=0 | TRACKS: vis=1 lost=0 engaged=0 | TOP: black_usv6(x152,804) | KILL=13 | ACTIONS=11 | INTENT: focus=2 ratio=0.20

========================================================================
对局结果: Result.Victory — 敌方所有单位被击毁
  击杀蓝舰: 13 | 命中: 26 | 我方USV损失: 8 | UAV损失: 1 | 突破: 0
[META] result=Result.Victory victory_time=12958 first_detection=1567 first_lock=7380 first_kill=8260 enemy_kills=13 friendly_usv_losses=8 friendly_uav_losses=1 black_breakthrough=0 reacquire_attempts=29 reacquire_success=29 sensor_assisted_locks=40 low_conf_commitments=0 global_reacquire_entries=0 global_reacquire_success=0 coverage_collapse_events=1 active_clusters_max=1 coverage_quality_final=0.18 commander_source=default_intent commander_calls=0 commander_changes=0 commander_no_change=0 commander_parse_failures=0 commander_api_failures=0 commander_policy_failures=0 commander_avg_latency=0.0
Done
