========================================================================
HYBRID AGENT V5 — Variable-Cardinality Hierarchical Maritime Agent
  启用UAV: True | LLM_ENABLED: False
========================================================================
对局 92 开始
      [UAV RELAUNCH] white_uav2
      [UAV RELAUNCH] white_uav4
      [UAV RELAUNCH] white_uav1
      [UAV RELAUNCH] white_uav5
      [UAV RELAUNCH] white_uav3
[t=176s] step=10 | MISSION=NORMAL_C | USV: 5/5 (avail=5 int=0 lock=0 frz=0) | UAV: air=5 rtb=0 chg=0 loiter=0 | TRACKS: vis=0 lost=0 engaged=0 | TOP:  | KILL=0 | ACTIONS=10 | INTENT: focus=2 ratio=0.20
  [INTENT APPLIED]
    ThreatAllocator: focus 2 emergency 3 reserve_ratio 0.20 reserve_usvs None bias breakthrough_eta
    UAVManager: mode search_and_reacquire uav_priority []
[t=393s] step=20 | MISSION=NORMAL_C | USV: 5/5 (avail=5 int=0 lock=0 frz=0) | UAV: air=5 rtb=0 chg=0 loiter=0 | TRACKS: vis=0 lost=0 engaged=0 | TOP:  | KILL=0 | ACTIONS=10 | INTENT: focus=2 ratio=0.20
[t=614s] step=30 | MISSION=NORMAL_C | USV: 5/5 (avail=5 int=0 lock=0 frz=0) | UAV: air=5 rtb=0 chg=0 loiter=0 | TRACKS: vis=0 lost=0 engaged=0 | TOP:  | KILL=0 | ACTIONS=10 | INTENT: focus=2 ratio=0.20
[t=839s] step=40 | MISSION=NORMAL_C | USV: 5/5 (avail=5 int=0 lock=0 frz=0) | UAV: air=5 rtb=0 chg=0 loiter=0 | TRACKS: vis=0 lost=0 engaged=0 | TOP:  | KILL=0 | ACTIONS=10 | INTENT: focus=2 ratio=0.20
[t=1,048s] step=50 | MISSION=NORMAL_C | USV: 5/5 (avail=5 int=0 lock=0 frz=0) | UAV: air=5 rtb=0 chg=0 loiter=0 | TRACKS: vis=0 lost=0 engaged=0 | TOP:  | KILL=0 | ACTIONS=10 | INTENT: focus=2 ratio=0.20
[t=1,260s] step=60 | MISSION=NORMAL_C | USV: 5/5 (avail=5 int=0 lock=0 frz=0) | UAV: air=5 rtb=0 chg=0 loiter=0 | TRACKS: vis=0 lost=0 engaged=0 | TOP:  | KILL=0 | ACTIONS=10 | INTENT: focus=2 ratio=0.20
[t=1,488s] step=70 | MISSION=NORMAL_C | USV: 5/5 (avail=5 int=0 lock=0 frz=0) | UAV: air=5 rtb=0 chg=0 loiter=0 | TRACKS: vis=0 lost=0 engaged=0 | TOP:  | KILL=0 | ACTIONS=10 | INTENT: focus=2 ratio=0.20
      [DETECT] black_uav6
      [DETECT] black_uav8
      [DETECT] black_uav7
      [DETECT] black_uav9
      [DETECT] black_uav5
      [DETECT] black_uav3
      [DETECT] black_uav4
      [DETECT] black_uav11
      [DETECT] black_uav10
      [DETECT] black_uav2
      [DETECT] black_uav12
      [DETECT] black_uav1
[t=1,714s] step=80 | MISSION=NORMAL_C | USV: 5/5 (avail=5 int=0 lock=0 frz=0) | UAV: air=5 rtb=0 chg=0 loiter=0 | TRACKS: vis=12 lost=0 engaged=0 | TOP: black_uav6(x207,808) black_uav8(x207,808) black_uav7(x207,808) | KILL=0 | ACTIONS=10 | INTENT: focus=2 ratio=0.20
      [DETECT] black_usv5
      [DETECT] black_usv8
      [DETECT] black_usv9
      [DETECT] black_usv6
      [DETECT] black_usv7
      [ASSIGN] white_usv1->black_usv5
      [ASSIGN] white_usv3->black_usv8
      [ASSIGN] white_usv5->black_usv9
      [ASSIGN] white_usv2->black_usv6
      [DETECT] black_usv4
      [DETECT] black_usv11
      [DETECT] black_usv3
      [ASSIGN] white_usv4->black_usv3
      [DETECT] black_usv10
      [DETECT] black_usv13
      [DETECT] black_usv2
      [DETECT] black_usv1
      [DETECT] black_usv12
[t=1,943s] step=90 | MISSION=NORMAL_C | USV: 5/5 (avail=0 int=5 lock=0 frz=0) | UAV: air=5 rtb=0 chg=0 loiter=0 | TRACKS: vis=25 lost=0 engaged=0 | TOP: black_usv1(x240,567) black_usv11(x240,653) black_usv13(x240,747) | KILL=0 | ACTIONS=10 | INTENT: focus=2 ratio=0.20
[t=2,189s] step=100 | MISSION=NORMAL_C | USV: 5/5 (avail=0 int=5 lock=0 frz=0) | UAV: air=5 rtb=0 chg=0 loiter=0 | TRACKS: vis=23 lost=2 engaged=0 | TOP: black_usv1(x238,110) black_usv11(x238,207) black_usv13(x238,312) | KILL=0 | ACTIONS=10 | INTENT: focus=2 ratio=0.20
[t=2,434s] step=110 | MISSION=NORMAL_C | USV: 5/5 (avail=0 int=5 lock=0 frz=0) | UAV: air=5 rtb=0 chg=0 loiter=0 | TRACKS: vis=15 lost=4 engaged=0 | TOP: black_usv1(x235,662) black_usv11(x235,770) black_usv13(x235,887) | KILL=0 | ACTIONS=10 | INTENT: focus=2 ratio=0.20
      [DETECT] black_uav6
      [DETECT] black_uav10
      [DETECT] black_uav11
[t=2,672s] step=120 | MISSION=NORMAL_C | USV: 5/5 (avail=0 int=5 lock=0 frz=0) | UAV: air=5 rtb=0 chg=0 loiter=0 | TRACKS: vis=17 lost=2 engaged=0 | TOP: black_usv1(x233,284) black_usv11(x233,402) black_usv13(x233,531) | KILL=0 | ACTIONS=10 | INTENT: focus=2 ratio=0.20
      [DETECT] black_uav9
[t=2,916s] step=130 | MISSION=NORMAL_C | USV: 5/5 (avail=0 int=5 lock=0 frz=0) | UAV: air=5 rtb=0 chg=0 loiter=0 | TRACKS: vis=18 lost=0 engaged=0 | TOP: black_usv1(x230,846) black_usv11(x230,975) black_usv13(x231,115) | KILL=0 | ACTIONS=10 | INTENT: focus=2 ratio=0.20
      [DETECT] black_uav5
      [DETECT] black_uav8
[t=3,162s] step=140 | MISSION=NORMAL_C | USV: 5/5 (avail=0 int=5 lock=0 frz=0) | UAV: air=5 rtb=0 chg=0 loiter=0 | TRACKS: vis=17 lost=3 engaged=0 | TOP: black_usv1(x228,388) black_usv11(x228,528) black_usv13(x228,680) | KILL=0 | ACTIONS=10 | INTENT: focus=2 ratio=0.20
      [DETECT] black_uav4
[t=3,407s] step=150 | MISSION=NORMAL_C | USV: 5/5 (avail=0 int=5 lock=0 frz=0) | UAV: air=5 rtb=0 chg=0 loiter=0 | TRACKS: vis=17 lost=3 engaged=0 | TOP: black_usv1(x225,941) black_usv11(x226,091) black_usv13(x226,255) | KILL=0 | ACTIONS=10 | INTENT: focus=2 ratio=0.20
      [DETECT] black_uav3
[t=3,668s] step=160 | MISSION=NORMAL_C | USV: 5/5 (avail=0 int=5 lock=0 frz=0) | UAV: air=5 rtb=0 chg=0 loiter=0 | TRACKS: vis=19 lost=1 engaged=0 | TOP: black_usv1(x223,333) black_usv11(x223,495) black_usv13(x223,672) | KILL=0 | ACTIONS=10 | INTENT: focus=2 ratio=0.20
      [DETECT] black_usv2
      [DETECT] black_uav2
[t=3,926s] step=170 | MISSION=NORMAL_C | USV: 5/5 (avail=0 int=5 lock=0 frz=0) | UAV: air=5 rtb=0 chg=0 loiter=0 | TRACKS: vis=21 lost=0 engaged=0 | TOP: black_usv1(x220,755) black_usv11(x220,929) black_usv13(x221,118) | KILL=0 | ACTIONS=10 | INTENT: focus=2 ratio=0.20
      [DETECT] black_uav1
[t=4,158s] step=180 | MISSION=NORMAL_C | USV: 5/5 (avail=0 int=5 lock=0 frz=0) | UAV: air=5 rtb=0 chg=0 loiter=0 | TRACKS: vis=22 lost=0 engaged=0 | TOP: black_usv1(x218,437) black_usv11(x218,621) black_usv13(x218,821) | KILL=0 | ACTIONS=10 | INTENT: focus=2 ratio=0.20
[t=4,376s] step=190 | MISSION=NORMAL_C | USV: 5/5 (avail=0 int=5 lock=0 frz=0) | UAV: air=5 rtb=0 chg=0 loiter=0 | TRACKS: vis=22 lost=0 engaged=0 | TOP: black_usv1(x216,259) black_usv11(x216,453) black_usv13(x216,663) | KILL=0 | ACTIONS=10 | INTENT: focus=2 ratio=0.20
      [DETECT] black_uav12
      [DETECT] black_uav11
      [DETECT] black_uav10
[t=4,596s] step=200 | MISSION=NORMAL_C | USV: 5/5 (avail=0 int=5 lock=0 frz=0) | UAV: air=5 rtb=0 chg=0 loiter=0 | TRACKS: vis=25 lost=0 engaged=0 | TOP: black_usv1(x214,061) black_usv11(x214,264) black_usv13(x214,486) | KILL=0 | ACTIONS=10 | INTENT: focus=2 ratio=0.20
[t=4,814s] step=210 | MISSION=NORMAL_C | USV: 5/5 (avail=0 int=5 lock=0 frz=0) | UAV: air=5 rtb=0 chg=0 loiter=0 | TRACKS: vis=25 lost=0 engaged=0 | TOP: black_usv1(x211,883) black_usv11(x212,096) black_usv13(x212,328) | KILL=0 | ACTIONS=10 | INTENT: focus=2 ratio=0.20
[t=5,036s] step=220 | MISSION=NORMAL_C | USV: 5/5 (avail=0 int=5 lock=0 frz=0) | UAV: air=5 rtb=0 chg=0 loiter=0 | TRACKS: vis=24 lost=1 engaged=0 | TOP: black_usv1(x209,665) black_usv11(x209,888) black_usv13(x210,130) | KILL=0 | ACTIONS=10 | INTENT: focus=2 ratio=0.20
[t=5,260s] step=230 | MISSION=NORMAL_C | USV: 5/5 (avail=0 int=5 lock=0 frz=0) | UAV: air=5 rtb=0 chg=0 loiter=0 | TRACKS: vis=24 lost=1 engaged=0 | TOP: black_usv1(x207,427) black_usv11(x207,660) black_usv13(x207,913) | KILL=0 | ACTIONS=10 | INTENT: focus=2 ratio=0.20
[t=5,492s] step=240 | MISSION=NORMAL_C | USV: 5/5 (avail=0 int=5 lock=0 frz=0) | UAV: air=5 rtb=0 chg=0 loiter=0 | TRACKS: vis=24 lost=0 engaged=0 | TOP: black_usv1(x205,109) black_usv11(x205,352) black_usv13(x205,616) | KILL=0 | ACTIONS=10 | INTENT: focus=2 ratio=0.20
[t=5,751s] step=250 | MISSION=NORMAL_C | USV: 5/5 (avail=0 int=5 lock=0 frz=0) | UAV: air=5 rtb=0 chg=0 loiter=0 | TRACKS: vis=23 lost=1 engaged=0 | TOP: black_usv1(x202,521) black_usv11(x202,776) black_usv13(x203,044) | KILL=0 | ACTIONS=10 | INTENT: focus=2 ratio=0.20
[t=6,016s] step=260 | MISSION=NORMAL_C | USV: 5/5 (avail=0 int=5 lock=0 frz=0) | UAV: air=5 rtb=0 chg=0 loiter=0 | TRACKS: vis=12 lost=12 engaged=0 | TOP: black_usv1(x199,874) black_usv11(x200,140) black_usv13(x200,403) | KILL=0 | ACTIONS=10 | INTENT: focus=2 ratio=0.20
[t=6,269s] step=270 | MISSION=NORMAL_C | USV: 5/5 (avail=0 int=5 lock=0 frz=0) | UAV: air=5 rtb=0 chg=0 loiter=0 | TRACKS: vis=12 lost=0 engaged=0 | TOP: black_usv1(x197,346) black_usv11(x197,623) black_usv13(x197,883) | KILL=0 | ACTIONS=10 | INTENT: focus=2 ratio=0.20
[t=6,537s] step=280 | MISSION=NORMAL_C | USV: 5/5 (avail=0 int=5 lock=0 frz=0) | UAV: air=5 rtb=0 chg=0 loiter=0 | TRACKS: vis=11 lost=1 engaged=0 | TOP: black_usv1(x194,668) black_usv11(x194,958) black_usv13(x195,213) | KILL=0 | ACTIONS=10 | INTENT: focus=2 ratio=0.20
[t=6,803s] step=290 | MISSION=NORMAL_C | USV: 5/5 (avail=0 int=5 lock=0 frz=0) | UAV: air=5 rtb=0 chg=0 loiter=0 | TRACKS: vis=12 lost=0 engaged=0 | TOP: black_usv1(x192,011) black_usv11(x192,312) black_usv13(x192,563) | KILL=0 | ACTIONS=10 | INTENT: focus=2 ratio=0.20
      [DETECT] black_usv10
[t=7,081s] step=300 | MISSION=NORMAL_C | USV: 5/5 (avail=0 int=5 lock=0 frz=0) | UAV: air=5 rtb=0 chg=0 loiter=0 | TRACKS: vis=11 lost=2 engaged=0 | TOP: black_usv1(x189,233) black_usv11(x189,546) black_usv13(x189,793) | KILL=0 | ACTIONS=10 | INTENT: focus=2 ratio=0.20
[t=7,360s] step=310 | MISSION=NORMAL_C | USV: 5/5 (avail=0 int=5 lock=0 frz=0) | UAV: air=5 rtb=0 chg=0 loiter=0 | TRACKS: vis=13 lost=0 engaged=0 | TOP: black_usv1(x186,446) black_usv11(x186,771) black_usv13(x187,013) | KILL=0 | ACTIONS=10 | INTENT: focus=2 ratio=0.20
      [ASSIGN] white_usv5->black_usv8(机会锁定)
      [ASSIGN] white_usv2->black_usv8(机会锁定)
      [ASSIGN] white_usv1->black_usv6(机会锁定)
      [ASSIGN] white_usv4->black_usv9(机会锁定)
[t=7,646s] step=320 | MISSION=NORMAL_C | USV: 5/5 (avail=0 int=0 lock=5 frz=0) | UAV: air=5 rtb=0 chg=0 loiter=0 | TRACKS: vis=9 lost=4 engaged=3 | TOP: black_usv1(x183,588) black_usv3(x183,792) black_usv11(x183,926) | KILL=0 | ACTIONS=10 | INTENT: focus=2 ratio=0.20
      [ASSIGN] white_usv3->black_usv11(机会锁定)
      [ASSIGN] white_usv5->black_usv5(机会锁定)
      [ASSIGN] white_usv2->black_usv6(机会锁定)
      [ASSIGN] white_usv1->black_usv8(机会锁定)
      [ASSIGN] white_usv1->black_usv1(机会锁定)
      [ASSIGN] white_usv4->black_usv1(机会锁定)
[t=7,941s] step=330 | MISSION=NORMAL_C | USV: 5/5 (avail=0 int=0 lock=5 frz=0) | UAV: air=5 rtb=0 chg=0 loiter=0 | TRACKS: vis=10 lost=2 engaged=4 | TOP: black_usv3(x180,851) black_usv13(x181,223) black_usv12(x181,642) | KILL=1 | ACTIONS=10 | INTENT: focus=2 ratio=0.20
      [ASSIGN] white_usv3->black_usv8(机会锁定)
      [ASSIGN] white_usv3->black_usv11(机会锁定)
      [ASSIGN] white_usv5->black_usv8(机会锁定)
      [ASSIGN] white_usv5->black_usv5(机会锁定)
      [ASSIGN] white_usv2->black_usv8(机会锁定)
      [ASSIGN] white_usv2->black_usv6(机会锁定)
      [ASSIGN] white_usv1->black_usv9(机会锁定)
      [ASSIGN] white_usv2->black_usv8(机会锁定)
      [ASSIGN] white_usv4->black_usv3(机会锁定)
      [ASSIGN] white_usv2->black_usv6(机会锁定)
[t=8,221s] step=340 | MISSION=NORMAL_C | USV: 5/5 (avail=0 int=1 lock=4 frz=0) | UAV: air=5 rtb=0 chg=0 loiter=0 | TRACKS: vis=10 lost=2 engaged=4 | TOP: black_usv1(x178,413) black_usv13(x178,435) black_usv12(x178,880) | KILL=3 | ACTIONS=10 | INTENT: focus=2 ratio=0.20
      [ASSIGN] white_usv2->black_usv8(机会锁定)
      [ASSIGN] white_usv2->black_usv6(机会锁定)
      [ASSIGN] white_usv2->black_usv8(机会锁定)
      [KILL] black_usv8
      [ASSIGN] white_usv3->black_usv6(机会锁定)
      [RELEASE] white_usv2->black_usv8(目标失效)
      [ASSIGN] white_usv2->black_usv6(机会锁定)
      [DETECT] black_usv2
      [ASSIGN] white_usv3->black_usv11(机会锁定)
      [ASSIGN] white_usv2->black_usv11(机会锁定)
      [ASSIGN] white_usv3->black_usv6(机会锁定)
      [ASSIGN] white_usv5->black_usv13(机会锁定)
      [ASSIGN] white_usv2->black_usv6(机会锁定)
      [KILL] black_usv6
      [RELEASE] white_usv3->black_usv6(目标失效)
      [ASSIGN] white_usv3->black_usv11(机会锁定)
      [RELEASE] white_usv2->black_usv6(目标失效)
      [ASSIGN] white_usv2->black_usv11(机会锁定)
      [ASSIGN] white_usv3->black_usv4(机会锁定)
      [ASSIGN] white_usv2->black_usv4(机会锁定)
      [ASSIGN] white_usv1->black_usv11(机会锁定)
      [ASSIGN] white_usv4->black_usv1(机会锁定)
      [ASSIGN] white_usv1->black_usv9(机会锁定)
      [ASSIGN] white_usv4->black_usv3(机会锁定)
[t=8,540s] step=350 | MISSION=NORMAL_C | USV: 5/5 (avail=0 int=2 lock=3 frz=0) | UAV: air=5 rtb=0 chg=0 loiter=0 | TRACKS: vis=11 lost=0 engaged=2 | TOP: black_usv3(x175,213) black_usv12(x175,733) black_usv2(x177,307) | KILL=6 | ACTIONS=10 | INTENT: focus=2 ratio=0.20
      [ASSIGN] white_usv1->black_usv11(机会锁定)
      [ASSIGN] white_usv1->black_usv9(机会锁定)
      [ASSIGN] white_usv1->black_usv11(机会锁定)
      [ASSIGN] white_usv1->black_usv9(机会锁定)
      [ASSIGN] white_usv5->black_usv11(机会锁定)
      [KILL] black_usv1
      [ASSIGN] white_usv3->black_usv13(机会锁定)
      [ASSIGN] white_usv5->black_usv13(机会锁定)
      [ASSIGN] white_usv3->black_usv4(机会锁定)
      [ASSIGN] white_usv5->black_usv4(机会锁定)
      [ASSIGN] white_usv3->black_usv13(机会锁定)
      [ASSIGN] white_usv5->black_usv13(机会锁定)
      [ASSIGN] white_usv4->black_usv7(机会锁定)
      [KILL] black_usv11
      [ASSIGN] white_usv1->black_usv4(机会锁定)
      [KILL] black_usv5
      [ASSIGN] white_usv1->black_usv9(机会锁定)
[t=9,039s] step=360 | MISSION=NORMAL_C | USV: 4/5 (avail=0 int=1 lock=3 frz=0) | UAV: air=5 rtb=0 chg=0 loiter=0 | TRACKS: vis=8 lost=0 engaged=2 | TOP: black_usv12(x170,810) black_usv2(x172,477) black_usv3(x174,715) | KILL=8 | ACTIONS=9 | INTENT: focus=2 ratio=0.20
      [ASSIGN] white_usv1->black_usv3(机会锁定)
      [KILL] black_usv9
      [ASSIGN] white_usv1->black_usv4(机会锁定)
      [ASSIGN] white_usv1->black_usv3(机会锁定)
      [ASSIGN] white_usv1->black_usv4(机会锁定)
      [ASSIGN] white_usv3->black_usv4(机会锁定)
      [ASSIGN] white_usv5->black_usv4(机会锁定)
      [ASSIGN] white_usv4->black_usv4(机会锁定)
      [ASSIGN] white_usv1->black_usv7(机会锁定)
      [ASSIGN] white_usv3->black_usv13(机会锁定)
      [ASSIGN] white_usv4->black_usv7(机会锁定)
      [KILL] black_usv4
      [KILL] black_usv3
      [ASSIGN] white_usv3->black_usv12(机会锁定)
      [ASSIGN] white_usv1->black_usv13(机会锁定)
[t=9,666s] step=370 | MISSION=NORMAL_C | USV: 3/5 (avail=0 int=2 lock=1 frz=0) | UAV: air=5 rtb=0 chg=0 loiter=0 | TRACKS: vis=5 lost=0 engaged=1 | TOP: black_usv2(x166,407) black_usv13(x171,212) black_usv10(x170,350) | KILL=10 | ACTIONS=8 | INTENT: focus=2 ratio=0.20
      [ASSIGN] white_usv1->black_usv7(机会锁定)
      [KILL] black_usv13
[t=10,111s] step=380 | MISSION=NORMAL_C | USV: 3/5 (avail=0 int=2 lock=1 frz=0) | UAV: air=5 rtb=0 chg=0 loiter=0 | TRACKS: vis=4 lost=0 engaged=1 | TOP: black_usv2(x162,099) black_usv10(x166,113) black_usv12(x162,533) | KILL=10 | ACTIONS=8 | INTENT: focus=2 ratio=0.20
      [KILL] black_usv7
      [RELEASE] white_usv1->black_usv7(目标失效)
      [RELEASE] white_usv4->black_usv7(目标失效)
      [ASSIGN] white_usv1->black_usv10
      [ASSIGN] white_usv4->black_usv2
[t=10,322s] step=390 | MISSION=NORMAL_C | USV: 3/5 (avail=0 int=3 lock=0 frz=0) | UAV: air=5 rtb=0 chg=0 loiter=0 | TRACKS: vis=3 lost=0 engaged=0 | TOP: black_usv2(x160,047) black_usv12(x162,040) black_usv10(x164,095) | KILL=11 | ACTIONS=8 | INTENT: focus=2 ratio=0.20
[t=10,541s] step=400 | MISSION=NORMAL_C | USV: 3/5 (avail=0 int=2 lock=1 frz=0) | UAV: air=5 rtb=0 chg=0 loiter=0 | TRACKS: vis=3 lost=0 engaged=1 | TOP: black_usv2(x157,928) black_usv12(x162,040) black_usv10(x162,010) | KILL=11 | ACTIONS=8 | INTENT: focus=2 ratio=0.20
[t=10,750s] step=410 | MISSION=NORMAL_C | USV: 3/5 (avail=0 int=2 lock=1 frz=0) | UAV: air=5 rtb=0 chg=0 loiter=0 | TRACKS: vis=3 lost=0 engaged=1 | TOP: black_usv2(x155,905) black_usv10(x160,020) black_usv12(x162,040) | KILL=11 | ACTIONS=8 | INTENT: focus=2 ratio=0.20
      [KILL] black_usv12
      [RELEASE] white_usv3->black_usv12(目标失效)
      [ASSIGN] white_usv3->black_usv2
[t=10,968s] step=420 | MISSION=NORMAL_C | USV: 3/5 (avail=0 int=2 lock=1 frz=0) | UAV: air=5 rtb=0 chg=0 loiter=0 | TRACKS: vis=2 lost=0 engaged=1 | TOP: black_usv10(x157,946) black_usv2(x153,797) | KILL=11 | ACTIONS=8 | INTENT: focus=2 ratio=0.20
[t=11,181s] step=430 | MISSION=NORMAL_C | USV: 3/5 (avail=0 int=2 lock=1 frz=0) | UAV: air=5 rtb=0 chg=0 loiter=0 | TRACKS: vis=2 lost=0 engaged=1 | TOP: black_usv10(x155,924) black_usv2(x151,740) | KILL=11 | ACTIONS=8 | INTENT: focus=2 ratio=0.20
[t=11,387s] step=440 | MISSION=NORMAL_C | USV: 3/5 (avail=0 int=2 lock=1 frz=0) | UAV: air=5 rtb=0 chg=0 loiter=0 | TRACKS: vis=2 lost=0 engaged=1 | TOP: black_usv10(x153,957) black_usv2(x149,741) | KILL=11 | ACTIONS=8 | INTENT: focus=2 ratio=0.20
[t=11,594s] step=450 | MISSION=NORMAL_C | USV: 3/5 (avail=0 int=1 lock=2 frz=0) | UAV: air=5 rtb=0 chg=0 loiter=0 | TRACKS: vis=2 lost=0 engaged=2 | TOP: black_usv10(x151,984) black_usv2(x148,943) | KILL=11 | ACTIONS=8 | INTENT: focus=2 ratio=0.20
[t=11,806s] step=460 | MISSION=NORMAL_C | USV: 3/5 (avail=0 int=2 lock=1 frz=0) | UAV: air=5 rtb=0 chg=0 loiter=0 | TRACKS: vis=2 lost=0 engaged=1 | TOP: black_usv10(x150,220) black_usv2(x148,598) | KILL=11 | ACTIONS=8 | INTENT: focus=2 ratio=0.20
[t=12,025s] step=470 | MISSION=NORMAL_C | USV: 3/5 (avail=0 int=1 lock=2 frz=0) | UAV: air=5 rtb=0 chg=0 loiter=0 | TRACKS: vis=2 lost=0 engaged=2 | TOP: black_usv10(x150,220) black_usv2(x146,484) | KILL=11 | ACTIONS=8 | INTENT: focus=2 ratio=0.20
[t=12,244s] step=480 | MISSION=NORMAL_C | USV: 3/5 (avail=0 int=1 lock=2 frz=0) | UAV: air=5 rtb=0 chg=0 loiter=0 | TRACKS: vis=2 lost=0 engaged=1 | TOP: black_usv10(x150,087) black_usv2(x144,357) | KILL=12 | ACTIONS=8 | INTENT: focus=2 ratio=0.20

========================================================================
对局结果: Result.Victory — 敌方所有单位被击毁
  击杀蓝舰: 13 | 命中: 26 | 我方USV损失: 2 | UAV损失: 0 | 突破: 0
[META] result=Result.Victory victory_time=12426 first_detection=1557 first_lock=7389 first_kill=8351 enemy_kills=13 friendly_usv_losses=2 friendly_uav_losses=0 black_breakthrough=0 reacquire_attempts=101 reacquire_success=101 sensor_assisted_locks=75 low_conf_commitments=0 global_reacquire_entries=0 global_reacquire_success=0 coverage_collapse_events=1 active_clusters_max=1 coverage_quality_final=0.16 commander_source=default_intent commander_calls=0 commander_changes=0 commander_no_change=0 commander_parse_failures=0 commander_api_failures=0 commander_policy_failures=0 commander_avg_latency=0.0
Done
