========================================================================
HYBRID AGENT V5 — Variable-Cardinality Hierarchical Maritime Agent
  启用UAV: True | LLM_ENABLED: False
========================================================================
对局 103 开始
      [UAV RELAUNCH] white_uav1
      [UAV RELAUNCH] white_uav3
      [UAV RELAUNCH] white_uav4
      [UAV RELAUNCH] white_uav5
      [UAV RELAUNCH] white_uav2
[t=176s] step=10 | MISSION=NORMAL_C | USV: 5/5 (avail=5 int=0 lock=0 frz=0) | UAV: air=5 rtb=0 chg=0 loiter=0 | TRACKS: vis=0 lost=0 engaged=0 | TOP:  | KILL=0 | ACTIONS=10 | INTENT: focus=2 ratio=0.20
  [INTENT APPLIED]
    ThreatAllocator: focus 2 emergency 3 reserve_ratio 0.20 reserve_usvs None bias breakthrough_eta
    UAVManager: mode search_and_reacquire uav_priority []
[t=366s] step=20 | MISSION=NORMAL_C | USV: 5/5 (avail=5 int=0 lock=0 frz=0) | UAV: air=5 rtb=0 chg=0 loiter=0 | TRACKS: vis=0 lost=0 engaged=0 | TOP:  | KILL=0 | ACTIONS=10 | INTENT: focus=2 ratio=0.20
[t=563s] step=30 | MISSION=NORMAL_C | USV: 5/5 (avail=5 int=0 lock=0 frz=0) | UAV: air=5 rtb=0 chg=0 loiter=0 | TRACKS: vis=0 lost=0 engaged=0 | TOP:  | KILL=0 | ACTIONS=10 | INTENT: focus=2 ratio=0.20
[t=762s] step=40 | MISSION=NORMAL_C | USV: 5/5 (avail=5 int=0 lock=0 frz=0) | UAV: air=5 rtb=0 chg=0 loiter=0 | TRACKS: vis=0 lost=0 engaged=0 | TOP:  | KILL=0 | ACTIONS=10 | INTENT: focus=2 ratio=0.20
[t=962s] step=50 | MISSION=NORMAL_C | USV: 5/5 (avail=5 int=0 lock=0 frz=0) | UAV: air=5 rtb=0 chg=0 loiter=0 | TRACKS: vis=0 lost=0 engaged=0 | TOP:  | KILL=0 | ACTIONS=10 | INTENT: focus=2 ratio=0.20
[t=1,162s] step=60 | MISSION=NORMAL_C | USV: 5/5 (avail=5 int=0 lock=0 frz=0) | UAV: air=5 rtb=0 chg=0 loiter=0 | TRACKS: vis=0 lost=0 engaged=0 | TOP:  | KILL=0 | ACTIONS=10 | INTENT: focus=2 ratio=0.20
[t=1,362s] step=70 | MISSION=NORMAL_C | USV: 5/5 (avail=5 int=0 lock=0 frz=0) | UAV: air=5 rtb=0 chg=0 loiter=0 | TRACKS: vis=0 lost=0 engaged=0 | TOP:  | KILL=0 | ACTIONS=10 | INTENT: focus=2 ratio=0.20
      [DETECT] black_uav6
      [DETECT] black_uav11
      [DETECT] black_uav14
      [DETECT] black_uav5
      [DETECT] black_uav12
      [DETECT] black_uav7
      [DETECT] black_uav13
      [DETECT] black_uav8
      [DETECT] black_uav9
      [DETECT] black_uav10
[t=1,562s] step=80 | MISSION=NORMAL_C | USV: 5/5 (avail=5 int=0 lock=0 frz=0) | UAV: air=5 rtb=0 chg=0 loiter=0 | TRACKS: vis=10 lost=0 engaged=0 | TOP: black_uav6(x212,368) black_uav11(x212,368) black_uav14(x212,368) | KILL=0 | ACTIONS=10 | INTENT: focus=2 ratio=0.20
      [DETECT] black_uav3
      [DETECT] black_uav16
      [DETECT] black_uav15
      [DETECT] black_uav4
      [DETECT] black_uav2
      [DETECT] black_uav17
      [DETECT] black_uav1
[t=1,761s] step=90 | MISSION=NORMAL_C | USV: 5/5 (avail=5 int=0 lock=0 frz=0) | UAV: air=5 rtb=0 chg=0 loiter=0 | TRACKS: vis=13 lost=4 engaged=0 | TOP: black_uav6(x206,398) black_uav11(x206,398) black_uav14(x206,398) | KILL=0 | ACTIONS=10 | INTENT: focus=2 ratio=0.20
      [DETECT] black_usv11
      [DETECT] black_usv13
      [DETECT] black_usv9
      [DETECT] black_usv7
      [ASSIGN] white_usv1->black_usv9
      [ASSIGN] white_usv4->black_usv13
      [ASSIGN] white_usv3->black_usv11
      [ASSIGN] white_usv2->black_usv7
      [DETECT] black_usv14
      [DETECT] black_usv3
      [DETECT] black_usv8
      [DETECT] black_usv4
      [DETECT] black_usv10
      [DETECT] black_usv5
      [DETECT] black_usv15
      [DETECT] black_usv12
      [ASSIGN] white_usv5->black_usv5
      [DETECT] black_usv2
      [DETECT] black_usv6
      [DETECT] black_usv16
      [DETECT] black_usv17
      [DETECT] black_usv1
      [DETECT] black_usv18
[t=1,968s] step=100 | MISSION=NORMAL_C | USV: 5/5 (avail=0 int=5 lock=0 frz=0) | UAV: air=5 rtb=0 chg=0 loiter=0 | TRACKS: vis=33 lost=2 engaged=0 | TOP: black_usv2(x240,345) black_usv15(x240,555) black_usv1(x240,682) | KILL=0 | ACTIONS=10 | INTENT: focus=2 ratio=0.20
      [DETECT] black_uav8
      [DETECT] black_uav12
[t=2,179s] step=110 | MISSION=NORMAL_C | USV: 5/5 (avail=0 int=5 lock=0 frz=0) | UAV: air=5 rtb=0 chg=0 loiter=0 | TRACKS: vis=33 lost=2 engaged=0 | TOP: black_usv2(x238,240) black_usv15(x238,472) black_usv1(x238,613) | KILL=0 | ACTIONS=10 | INTENT: focus=2 ratio=0.20
[t=2,390s] step=120 | MISSION=NORMAL_C | USV: 5/5 (avail=0 int=5 lock=0 frz=0) | UAV: air=5 rtb=0 chg=0 loiter=0 | TRACKS: vis=19 lost=9 engaged=0 | TOP: black_usv2(x236,135) black_usv15(x236,390) black_usv1(x236,544) | KILL=0 | ACTIONS=10 | INTENT: focus=2 ratio=0.20
[t=2,600s] step=130 | MISSION=NORMAL_C | USV: 5/5 (avail=0 int=5 lock=0 frz=0) | UAV: air=5 rtb=0 chg=0 loiter=0 | TRACKS: vis=18 lost=1 engaged=0 | TOP: black_usv2(x234,040) black_usv15(x234,317) black_usv1(x234,485) | KILL=0 | ACTIONS=10 | INTENT: focus=2 ratio=0.20
      [DETECT] black_uav8
      [DETECT] black_uav10
[t=2,812s] step=140 | MISSION=NORMAL_C | USV: 5/5 (avail=0 int=5 lock=0 frz=0) | UAV: air=5 rtb=0 chg=0 loiter=0 | TRACKS: vis=21 lost=0 engaged=0 | TOP: black_usv2(x231,925) black_usv15(x232,224) black_usv1(x232,406) | KILL=0 | ACTIONS=10 | INTENT: focus=2 ratio=0.20
      [DETECT] black_uav7
[t=3,030s] step=150 | MISSION=NORMAL_C | USV: 5/5 (avail=0 int=5 lock=0 frz=0) | UAV: air=5 rtb=0 chg=0 loiter=0 | TRACKS: vis=21 lost=1 engaged=0 | TOP: black_usv2(x229,750) black_usv15(x230,072) black_usv1(x230,268) | KILL=0 | ACTIONS=10 | INTENT: focus=2 ratio=0.20
      [DETECT] black_uav11
      [DETECT] black_uav6
      [DETECT] black_uav5
[t=3,250s] step=160 | MISSION=NORMAL_C | USV: 5/5 (avail=0 int=5 lock=0 frz=0) | UAV: air=5 rtb=0 chg=0 loiter=0 | TRACKS: vis=24 lost=1 engaged=0 | TOP: black_usv2(x227,555) black_usv15(x227,901) black_usv1(x228,111) | KILL=0 | ACTIONS=10 | INTENT: focus=2 ratio=0.20
      [DETECT] black_uav11
[t=3,470s] step=170 | MISSION=NORMAL_C | USV: 5/5 (avail=0 int=5 lock=0 frz=0) | UAV: air=5 rtb=0 chg=0 loiter=0 | TRACKS: vis=23 lost=2 engaged=0 | TOP: black_usv2(x225,360) black_usv15(x225,729) black_usv1(x225,954) | KILL=0 | ACTIONS=10 | INTENT: focus=2 ratio=0.20
      [DETECT] black_uav4
      [DETECT] black_uav3
[t=3,690s] step=180 | MISSION=NORMAL_C | USV: 5/5 (avail=0 int=5 lock=0 frz=0) | UAV: air=5 rtb=0 chg=0 loiter=0 | TRACKS: vis=27 lost=0 engaged=0 | TOP: black_usv2(x223,165) black_usv15(x223,558) black_usv1(x223,796) | KILL=0 | ACTIONS=10 | INTENT: focus=2 ratio=0.20
      [DETECT] black_uav2
      [DETECT] black_uav12
[t=3,910s] step=190 | MISSION=NORMAL_C | USV: 5/5 (avail=0 int=5 lock=0 frz=0) | UAV: air=5 rtb=0 chg=0 loiter=0 | TRACKS: vis=28 lost=1 engaged=0 | TOP: black_usv2(x220,970) black_usv15(x221,386) black_usv1(x221,639) | KILL=0 | ACTIONS=10 | INTENT: focus=2 ratio=0.20
      [DETECT] black_uav1
[t=4,090s] step=200 | MISSION=NORMAL_C | USV: 5/5 (avail=0 int=5 lock=0 frz=0) | UAV: air=5 rtb=0 chg=0 loiter=0 | TRACKS: vis=28 lost=2 engaged=0 | TOP: black_usv2(x219,174) black_usv15(x219,609) black_usv1(x219,874) | KILL=0 | ACTIONS=10 | INTENT: focus=2 ratio=0.20
[t=4,253s] step=210 | MISSION=NORMAL_C | USV: 5/5 (avail=0 int=5 lock=0 frz=0) | UAV: air=5 rtb=0 chg=0 loiter=0 | TRACKS: vis=29 lost=1 engaged=0 | TOP: black_usv2(x217,548) black_usv15(x218,000) black_usv1(x218,276) | KILL=0 | ACTIONS=10 | INTENT: focus=2 ratio=0.20
      [DETECT] black_uav13
[t=4,415s] step=220 | MISSION=NORMAL_C | USV: 5/5 (avail=0 int=5 lock=0 frz=0) | UAV: air=5 rtb=0 chg=0 loiter=0 | TRACKS: vis=30 lost=0 engaged=0 | TOP: black_usv2(x215,932) black_usv15(x216,401) black_usv1(x216,687) | KILL=0 | ACTIONS=10 | INTENT: focus=2 ratio=0.20
      [DETECT] black_uav14
      [DETECT] black_uav15
      [DETECT] black_uav16
      [DETECT] black_uav17
[t=4,574s] step=230 | MISSION=NORMAL_C | USV: 5/5 (avail=0 int=5 lock=0 frz=0) | UAV: air=5 rtb=0 chg=0 loiter=0 | TRACKS: vis=34 lost=0 engaged=0 | TOP: black_usv2(x214,345) black_usv15(x214,832) black_usv17(x215,190) | KILL=0 | ACTIONS=10 | INTENT: focus=2 ratio=0.20
[t=4,732s] step=240 | MISSION=NORMAL_C | USV: 5/5 (avail=0 int=5 lock=0 frz=0) | UAV: air=5 rtb=0 chg=0 loiter=0 | TRACKS: vis=34 lost=0 engaged=0 | TOP: black_usv2(x212,769) black_usv17(x213,620) black_usv15(x213,272) | KILL=0 | ACTIONS=10 | INTENT: focus=2 ratio=0.20
[t=4,904s] step=250 | MISSION=NORMAL_C | USV: 5/5 (avail=0 int=5 lock=0 frz=0) | UAV: air=5 rtb=0 chg=0 loiter=0 | TRACKS: vis=34 lost=0 engaged=0 | TOP: black_usv17(x211,912) black_usv15(x211,575) black_usv1(x211,892) | KILL=0 | ACTIONS=10 | INTENT: focus=2 ratio=0.20
[t=5,076s] step=260 | MISSION=NORMAL_C | USV: 5/5 (avail=0 int=5 lock=0 frz=0) | UAV: air=5 rtb=0 chg=0 loiter=0 | TRACKS: vis=34 lost=0 engaged=0 | TOP: black_usv17(x210,203) black_usv15(x209,877) black_usv1(x210,205) | KILL=0 | ACTIONS=10 | INTENT: focus=2 ratio=0.20
[t=5,258s] step=270 | MISSION=NORMAL_C | USV: 5/5 (avail=0 int=5 lock=0 frz=0) | UAV: air=5 rtb=0 chg=0 loiter=0 | TRACKS: vis=34 lost=0 engaged=0 | TOP: black_usv17(x208,395) black_usv15(x208,080) black_usv1(x208,421) | KILL=0 | ACTIONS=10 | INTENT: focus=2 ratio=0.20
[t=5,485s] step=280 | MISSION=NORMAL_C | USV: 5/5 (avail=0 int=5 lock=0 frz=0) | UAV: air=5 rtb=0 chg=0 loiter=0 | TRACKS: vis=34 lost=0 engaged=0 | TOP: black_usv17(x206,141) black_usv15(x205,840) black_usv1(x206,195) | KILL=0 | ACTIONS=10 | INTENT: focus=2 ratio=0.20
[t=5,710s] step=290 | MISSION=NORMAL_C | USV: 5/5 (avail=0 int=5 lock=0 frz=0) | UAV: air=5 rtb=0 chg=0 loiter=0 | TRACKS: vis=34 lost=0 engaged=0 | TOP: black_usv17(x203,906) black_usv1(x203,988) black_usv14(x204,243) | KILL=0 | ACTIONS=10 | INTENT: focus=2 ratio=0.20
[t=5,945s] step=300 | MISSION=NORMAL_C | USV: 5/5 (avail=0 int=5 lock=0 frz=0) | UAV: air=5 rtb=0 chg=0 loiter=0 | TRACKS: vis=30 lost=4 engaged=0 | TOP: black_usv17(x201,571) black_usv1(x201,684) black_usv14(x201,949) | KILL=0 | ACTIONS=10 | INTENT: focus=2 ratio=0.20
[t=6,180s] step=310 | MISSION=NORMAL_C | USV: 5/5 (avail=0 int=5 lock=0 frz=0) | UAV: air=5 rtb=0 chg=0 loiter=0 | TRACKS: vis=17 lost=0 engaged=0 | TOP: black_usv17(x199,237) black_usv1(x199,379) black_usv14(x199,655) | KILL=0 | ACTIONS=10 | INTENT: focus=2 ratio=0.20
[t=6,424s] step=320 | MISSION=NORMAL_C | USV: 5/5 (avail=0 int=5 lock=0 frz=0) | UAV: air=5 rtb=0 chg=0 loiter=0 | TRACKS: vis=16 lost=1 engaged=0 | TOP: black_usv17(x196,814) black_usv1(x196,987) black_usv14(x197,273) | KILL=0 | ACTIONS=10 | INTENT: focus=2 ratio=0.20
[t=6,660s] step=330 | MISSION=NORMAL_C | USV: 5/5 (avail=0 int=5 lock=0 frz=0) | UAV: air=5 rtb=0 chg=0 loiter=0 | TRACKS: vis=17 lost=0 engaged=0 | TOP: black_usv1(x194,673) black_usv14(x194,969) black_usv4(x195,226) | KILL=0 | ACTIONS=10 | INTENT: focus=2 ratio=0.20
[t=6,870s] step=340 | MISSION=NORMAL_C | USV: 5/5 (avail=0 int=5 lock=0 frz=0) | UAV: air=5 rtb=0 chg=0 loiter=0 | TRACKS: vis=17 lost=0 engaged=0 | TOP: black_usv1(x192,613) black_usv14(x192,920) black_usv4(x193,184) | KILL=0 | ACTIONS=10 | INTENT: focus=2 ratio=0.20
[t=7,102s] step=350 | MISSION=NORMAL_C | USV: 5/5 (avail=0 int=5 lock=0 frz=0) | UAV: air=5 rtb=0 chg=0 loiter=0 | TRACKS: vis=17 lost=0 engaged=0 | TOP: black_usv1(x190,338) black_usv14(x190,655) black_usv4(x190,928) | KILL=0 | ACTIONS=10 | INTENT: focus=2 ratio=0.20
[t=7,340s] step=360 | MISSION=NORMAL_C | USV: 5/5 (avail=0 int=5 lock=0 frz=0) | UAV: air=5 rtb=0 chg=0 loiter=0 | TRACKS: vis=16 lost=1 engaged=0 | TOP: black_usv1(x188,005) black_usv14(x188,332) black_usv4(x188,614) | KILL=0 | ACTIONS=10 | INTENT: focus=2 ratio=0.20
      [ASSIGN] white_usv1->black_usv7(机会锁定)
      [ASSIGN] white_usv5->black_usv11(机会锁定)
[t=7,590s] step=370 | MISSION=NORMAL_C | USV: 5/5 (avail=0 int=0 lock=5 frz=0) | UAV: air=5 rtb=0 chg=0 loiter=0 | TRACKS: vis=17 lost=0 engaged=3 | TOP: black_usv5(x184,080) black_usv9(x185,277) black_usv14(x185,891) | KILL=0 | ACTIONS=10 | INTENT: focus=2 ratio=0.20
      [DETECT] black_usv6
      [ASSIGN] white_usv3->black_usv14(机会锁定)
      [ASSIGN] white_usv4->black_usv9(机会锁定)
      [ASSIGN] white_usv2->black_usv5(机会锁定)
      [ASSIGN] white_usv1->black_usv4(机会锁定)
      [ASSIGN] white_usv5->black_usv7(机会锁定)
      [ASSIGN] white_usv5->black_usv11(机会锁定)
[t=7,846s] step=380 | MISSION=NORMAL_C | USV: 5/5 (avail=0 int=1 lock=4 frz=0) | UAV: air=5 rtb=0 chg=0 loiter=0 | TRACKS: vis=16 lost=2 engaged=4 | TOP: black_usv13(x183,442) black_usv11(x183,599) black_usv16(x184,224) | KILL=1 | ACTIONS=10 | INTENT: focus=2 ratio=0.20
      [ASSIGN] white_usv3->black_usv7(机会锁定)
      [ASSIGN] white_usv4->black_usv13(机会锁定)
      [ASSIGN] white_usv3->black_usv14(机会锁定)
      [ASSIGN] white_usv2->black_usv1(机会锁定)
[t=8,098s] step=390 | MISSION=NORMAL_C | USV: 5/5 (avail=0 int=0 lock=5 frz=0) | UAV: air=5 rtb=0 chg=0 loiter=0 | TRACKS: vis=18 lost=0 engaged=5 | TOP: black_usv5(x179,680) black_usv9(x181,197) black_usv7(x183,269) | KILL=1 | ACTIONS=10 | INTENT: focus=2 ratio=0.20
      [ASSIGN] white_usv1->black_usv5(机会锁定)
      [ASSIGN] white_usv5->black_usv4(机会锁定)
      [KILL] black_usv7
      [ASSIGN] white_usv4->black_usv9(机会锁定)
      [ASSIGN] white_usv3->black_usv11(机会锁定)
      [ASSIGN] white_usv3->black_usv13(机会锁定)
      [ASSIGN] white_usv2->black_usv14(机会锁定)
[t=8,361s] step=400 | MISSION=NORMAL_C | USV: 5/5 (avail=0 int=2 lock=3 frz=0) | UAV: air=5 rtb=0 chg=0 loiter=0 | TRACKS: vis=17 lost=0 engaged=3 | TOP: black_usv13(x179,954) black_usv16(x179,251) black_usv14(x181,577) | KILL=4 | ACTIONS=10 | INTENT: focus=2 ratio=0.20
      [ASSIGN] white_usv3->black_usv3(机会锁定)
      [ASSIGN] white_usv2->black_usv1(机会锁定)
      [ASSIGN] white_usv1->black_usv13(机会锁定)
      [ASSIGN] white_usv1->black_usv5(机会锁定)
      [ASSIGN] white_usv5->black_usv13(机会锁定)
      [ASSIGN] white_usv5->black_usv4(机会锁定)
      [ASSIGN] white_usv5->black_usv13(机会锁定)
      [ASSIGN] white_usv5->black_usv4(机会锁定)
      [ASSIGN] white_usv5->black_usv10(机会锁定)
[t=8,638s] step=410 | MISSION=NORMAL_C | USV: 5/5 (avail=0 int=0 lock=5 frz=0) | UAV: air=5 rtb=0 chg=0 loiter=0 | TRACKS: vis=16 lost=1 engaged=5 | TOP: black_usv16(x176,577) black_usv13(x179,954) black_usv4(x180,320) | KILL=5 | ACTIONS=10 | INTENT: focus=2 ratio=0.20
      [ASSIGN] white_usv4->black_usv12(机会锁定)
      [ASSIGN] white_usv3->black_usv9(机会锁定)
      [ASSIGN] white_usv2->black_usv4(机会锁定)
      [ASSIGN] white_usv3->black_usv3(机会锁定)
      [ASSIGN] white_usv2->black_usv1(机会锁定)
      [KILL] black_usv11
      [ASSIGN] white_usv1->black_usv4(机会锁定)
      [ASSIGN] white_usv1->black_usv5(机会锁定)
      [KILL] black_usv13
      [KILL] black_usv14
      [ASSIGN] white_usv5->black_usv9(机会锁定)
      [ASSIGN] white_usv5->black_usv10(机会锁定)
      [ASSIGN] white_usv4->black_usv9(机会锁定)
[t=9,025s] step=420 | MISSION=NORMAL_C | USV: 5/5 (avail=0 int=1 lock=4 frz=0) | UAV: air=5 rtb=0 chg=0 loiter=0 | TRACKS: vis=13 lost=1 engaged=4 | TOP: black_usv16(x172,840) black_usv9(x177,792) black_usv8(x175,986) | KILL=6 | ACTIONS=10 | INTENT: focus=2 ratio=0.20
      [ASSIGN] white_usv4->black_usv12(机会锁定)
      [KILL] black_usv4
      [ASSIGN] white_usv3->black_usv9(机会锁定)
      [ASSIGN] white_usv3->black_usv3(机会锁定)
      [ASSIGN] white_usv1->black_usv1(机会锁定)
      [ASSIGN] white_usv3->black_usv9(机会锁定)
      [ASSIGN] white_usv1->black_usv5(机会锁定)
      [ASSIGN] white_usv3->black_usv5(机会锁定)
      [KILL] black_usv9
      [ASSIGN] white_usv1->black_usv10(机会锁定)
      [ASSIGN] white_usv3->black_usv3(机会锁定)
      [ASSIGN] white_usv5->black_usv3(机会锁定)
      [ASSIGN] white_usv1->black_usv5(机会锁定)
      [ASSIGN] white_usv3->black_usv5(机会锁定)
      [ASSIGN] white_usv5->black_usv5(机会锁定)
      [ASSIGN] white_usv4->black_usv17(机会锁定)
      [ASSIGN] white_usv3->black_usv10(机会锁定)
      [ASSIGN] white_usv5->black_usv10(机会锁定)
      [ASSIGN] white_usv3->black_usv12(机会锁定)
      [ASSIGN] white_usv5->black_usv12(机会锁定)
      [ASSIGN] white_usv3->black_usv5(机会锁定)
[t=9,536s] step=430 | MISSION=NORMAL_C | USV: 4/5 (avail=0 int=2 lock=2 frz=0) | UAV: air=5 rtb=0 chg=0 loiter=0 | TRACKS: vis=11 lost=1 engaged=2 | TOP: black_usv16(x167,902) black_usv8(x171,230) black_usv6(x175,967) | KILL=10 | ACTIONS=9 | INTENT: focus=2 ratio=0.20
      [ASSIGN] white_usv1->black_usv10(机会锁定)
      [ASSIGN] white_usv1->black_usv15(机会锁定)
      [KILL] black_usv3
      [KILL] black_usv1
      [ASSIGN] white_usv4->black_usv10(机会锁定)
      [KILL] black_usv5
      [ASSIGN] white_usv4->black_usv17(机会锁定)
      [RELEASE] white_usv3->black_usv5(目标失效)
      [ASSIGN] white_usv3->black_usv15(机会锁定)
      [ASSIGN] white_usv5->black_usv17(机会锁定)
      [KILL] black_usv10
      [ASSIGN] white_usv1->black_usv12(机会锁定)
      [ASSIGN] white_usv1->black_usv2(机会锁定)
[t=10,083s] step=440 | MISSION=NORMAL_C | USV: 4/5 (avail=0 int=1 lock=3 frz=0) | UAV: air=5 rtb=0 chg=0 loiter=0 | TRACKS: vis=6 lost=2 engaged=2 | TOP: black_usv16(x162,516) black_usv8(x166,139) black_usv6(x171,148) | KILL=11 | ACTIONS=9 | INTENT: focus=2 ratio=0.20
      [ASSIGN] white_usv4->black_usv12(机会锁定)
      [ASSIGN] white_usv3->black_usv12(机会锁定)
      [ASSIGN] white_usv5->black_usv12(机会锁定)
      [ASSIGN] white_usv4->black_usv17(机会锁定)
      [ASSIGN] white_usv3->black_usv15(机会锁定)
      [ASSIGN] white_usv5->black_usv17(机会锁定)
      [ASSIGN] white_usv4->black_usv12(机会锁定)
      [ASSIGN] white_usv5->black_usv12(机会锁定)
      [ASSIGN] white_usv4->black_usv17(机会锁定)
      [ASSIGN] white_usv5->black_usv17(机会锁定)
      [ASSIGN] white_usv4->black_usv12(机会锁定)
      [ASSIGN] white_usv5->black_usv12(机会锁定)
      [ASSIGN] white_usv1->black_usv17(机会锁定)
      [ASSIGN] white_usv4->black_usv17(机会锁定)
      [ASSIGN] white_usv5->black_usv17(机会锁定)
      [KILL] black_usv12
      [ASSIGN] white_usv1->black_usv2(机会锁定)
      [ASSIGN] white_usv5->black_usv2(机会锁定)
      [ASSIGN] white_usv5->black_usv15(机会锁定)
      [ASSIGN] white_usv3->black_usv2(机会锁定)
      [ASSIGN] white_usv5->black_usv2(机会锁定)
[t=10,580s] step=450 | MISSION=NORMAL_C | USV: 4/5 (avail=0 int=3 lock=1 frz=0) | UAV: air=5 rtb=0 chg=0 loiter=0 | TRACKS: vis=6 lost=1 engaged=1 | TOP: black_usv16(x157,623) black_usv8(x161,513) black_usv6(x166,769) | KILL=13 | ACTIONS=9 | INTENT: focus=2 ratio=0.20
      [KILL] black_usv17
      [ASSIGN] white_usv1->black_usv15(机会锁定)
      [RELEASE] white_usv4->black_usv17(目标失效)
      [ASSIGN] white_usv4->black_usv2(机会锁定)
      [ASSIGN] white_usv3->black_usv15(机会锁定)
      [ASSIGN] white_usv5->black_usv15(机会锁定)
      [ASSIGN] white_usv1->black_usv2(机会锁定)
      [ASSIGN] white_usv3->black_usv2(机会锁定)
      [ASSIGN] white_usv5->black_usv2(机会锁定)
      [ASSIGN] white_usv1->black_usv15(机会锁定)
      [ASSIGN] white_usv3->black_usv15(机会锁定)
      [ASSIGN] white_usv5->black_usv15(机会锁定)
      [ASSIGN] white_usv1->black_usv2(机会锁定)
      [ASSIGN] white_usv3->black_usv2(机会锁定)
      [ASSIGN] white_usv5->black_usv2(机会锁定)
      [ASSIGN] white_usv1->black_usv15(机会锁定)
      [ASSIGN] white_usv3->black_usv15(机会锁定)
      [ASSIGN] white_usv5->black_usv15(机会锁定)
      [ASSIGN] white_usv5->black_usv2(机会锁定)
      [KILL] black_usv15
      [RELEASE] white_usv1->black_usv15(目标失效)
      [ASSIGN] white_usv4->black_usv16(机会锁定)
      [RELEASE] white_usv3->black_usv15(目标失效)
[t=11,260s] step=460 | MISSION=NORMAL_C | USV: 4/5 (avail=0 int=4 lock=0 frz=0) | UAV: air=5 rtb=0 chg=0 loiter=0 | TRACKS: vis=5 lost=0 engaged=0 | TOP: black_usv16(x150,927) black_usv8(x155,185) black_usv6(x160,778) | KILL=14 | ACTIONS=9 | INTENT: focus=2 ratio=0.20
      [ASSIGN] white_usv1->black_usv6
      [ASSIGN] white_usv3->black_usv8
      [KILL] black_usv2
      [RELEASE] white_usv5->black_usv2(目标失效)
      [ASSIGN] white_usv5->black_usv18
      [ASSIGN] white_usv1->black_usv8(机会锁定)
[t=11,918s] step=470 | MISSION=NORMAL_C | USV: 4/5 (avail=0 int=1 lock=3 frz=0) | UAV: air=5 rtb=0 chg=0 loiter=0 | TRACKS: vis=4 lost=0 engaged=2 | TOP: black_usv6(x154,981) black_usv16(x147,412) black_usv8(x149,061) | KILL=14 | ACTIONS=9 | INTENT: focus=2 ratio=0.20
      [ASSIGN] white_usv5->black_usv16(机会锁定)
      [ASSIGN] white_usv4->black_usv18(机会锁定)
      [KILL] black_usv16
      [RELEASE] white_usv5->black_usv16(目标失效)
[t=12,679s] step=480 | MISSION=NORMAL_C | USV: 4/5 (avail=0 int=3 lock=1 frz=0) | UAV: air=5 rtb=0 chg=0 loiter=0 | TRACKS: vis=2 lost=0 engaged=1 | TOP: black_usv18(x152,821) black_usv8(x147,171) | KILL=16 | ACTIONS=9 | INTENT: focus=2 ratio=0.20
      [ASSIGN] white_usv5->black_usv18
      [KILL] black_usv8
      [RELEASE] white_usv1->black_usv8(目标失效)
      [RELEASE] white_usv3->black_usv8(目标失效)
      [ASSIGN] white_usv3->black_usv18
[t=13,521s] step=490 | MISSION=NORMAL_C | USV: 4/5 (avail=1 int=3 lock=0 frz=0) | UAV: air=5 rtb=0 chg=0 loiter=0 | TRACKS: vis=1 lost=0 engaged=0 | TOP: black_usv18(x150,078) | KILL=17 | ACTIONS=9 | INTENT: focus=2 ratio=0.20
      [KILL] black_usv18
      [RELEASE] white_usv4->black_usv18(目标失效)
      [RELEASE] white_usv3->black_usv18(目标失效)
      [RELEASE] white_usv5->black_usv18(目标失效)
[t=14,402s] step=500 | MISSION=GLOBAL_R | USV: 4/5 (avail=4 int=0 lock=0 frz=0) | UAV: air=5 rtb=0 chg=0 loiter=0 | TRACKS: vis=0 lost=0 engaged=0 | TOP:  | KILL=17 | ACTIONS=9 | INTENT: focus=2 ratio=0.20
[t=15,268s] step=510 | MISSION=GLOBAL_R | USV: 4/5 (avail=4 int=0 lock=0 frz=0) | UAV: air=5 rtb=0 chg=0 loiter=0 | TRACKS: vis=0 lost=0 engaged=0 | TOP:  | KILL=17 | ACTIONS=9 | INTENT: focus=2 ratio=0.20
      [DETECT] black_usv6
      [ASSIGN] white_usv1->black_usv6
      [ASSIGN] white_usv3->black_usv6
      [ASSIGN] white_usv5->black_usv6
[t=15,579s] step=520 | MISSION=NORMAL_C | USV: 4/5 (avail=1 int=3 lock=0 frz=0) | UAV: air=5 rtb=0 chg=0 loiter=0 | TRACKS: vis=1 lost=0 engaged=0 | TOP: black_usv6(x122,728) | KILL=17 | ACTIONS=9 | INTENT: focus=2 ratio=0.20
[t=15,807s] step=530 | MISSION=NORMAL_C | USV: 4/5 (avail=1 int=3 lock=0 frz=0) | UAV: air=5 rtb=0 chg=0 loiter=0 | TRACKS: vis=1 lost=0 engaged=0 | TOP: black_usv6(x120,717) | KILL=17 | ACTIONS=9 | INTENT: focus=2 ratio=0.20
[t=16,028s] step=540 | MISSION=NORMAL_C | USV: 4/5 (avail=1 int=3 lock=0 frz=0) | UAV: air=5 rtb=0 chg=0 loiter=0 | TRACKS: vis=0 lost=1 engaged=0 | TOP: black_usv6(x118,770) | KILL=17 | ACTIONS=9 | INTENT: focus=2 ratio=0.20
[t=16,258s] step=550 | MISSION=NORMAL_C | USV: 4/5 (avail=1 int=3 lock=0 frz=0) | UAV: air=5 rtb=0 chg=0 loiter=0 | TRACKS: vis=0 lost=1 engaged=0 | TOP: black_usv6(x116,744) | KILL=17 | ACTIONS=9 | INTENT: focus=2 ratio=0.20
[t=16,482s] step=560 | MISSION=NORMAL_C | USV: 4/5 (avail=1 int=3 lock=0 frz=0) | UAV: air=5 rtb=0 chg=0 loiter=0 | TRACKS: vis=0 lost=1 engaged=0 | TOP: black_usv6(x114,772) | KILL=17 | ACTIONS=9 | INTENT: focus=2 ratio=0.20
[t=16,709s] step=570 | MISSION=NORMAL_C | USV: 4/5 (avail=1 int=3 lock=0 frz=0) | UAV: air=5 rtb=0 chg=0 loiter=0 | TRACKS: vis=1 lost=0 engaged=0 | TOP: black_usv6(x112,774) | KILL=17 | ACTIONS=9 | INTENT: focus=2 ratio=0.20
[t=16,958s] step=580 | MISSION=NORMAL_C | USV: 4/5 (avail=1 int=3 lock=0 frz=0) | UAV: air=5 rtb=0 chg=0 loiter=0 | TRACKS: vis=0 lost=1 engaged=0 | TOP: black_usv6(x110,580) | KILL=17 | ACTIONS=9 | INTENT: focus=2 ratio=0.20
      [RELEASE] white_usv1->black_usv6(目标失效)
      [RELEASE] white_usv3->black_usv6(目标失效)
      [RELEASE] white_usv5->black_usv6(目标失效)
[t=17,199s] step=590 | MISSION=GLOBAL_R | USV: 4/5 (avail=4 int=0 lock=0 frz=0) | UAV: air=5 rtb=0 chg=0 loiter=0 | TRACKS: vis=0 lost=0 engaged=0 | TOP:  | KILL=17 | ACTIONS=9 | INTENT: focus=2 ratio=0.20
[t=17,431s] step=600 | MISSION=GLOBAL_R | USV: 4/5 (avail=4 int=0 lock=0 frz=0) | UAV: air=5 rtb=0 chg=0 loiter=0 | TRACKS: vis=0 lost=0 engaged=0 | TOP:  | KILL=17 | ACTIONS=9 | INTENT: focus=2 ratio=0.20
      [DETECT] black_usv6
      [ASSIGN] white_usv1->black_usv6
      [ASSIGN] white_usv3->black_usv6
      [ASSIGN] white_usv5->black_usv6
[t=17,688s] step=610 | MISSION=NORMAL_C | USV: 4/5 (avail=1 int=3 lock=0 frz=0) | UAV: air=5 rtb=0 chg=0 loiter=0 | TRACKS: vis=0 lost=1 engaged=0 | TOP: black_usv6(x104,148) | KILL=17 | ACTIONS=9 | INTENT: focus=2 ratio=0.20
      [RELEASE] white_usv1->black_usv6(目标失效)
      [RELEASE] white_usv3->black_usv6(目标失效)
      [RELEASE] white_usv5->black_usv6(目标失效)
[t=17,943s] step=620 | MISSION=GLOBAL_R | USV: 4/5 (avail=4 int=0 lock=0 frz=0) | UAV: air=5 rtb=0 chg=0 loiter=0 | TRACKS: vis=0 lost=0 engaged=0 | TOP:  | KILL=17 | ACTIONS=9 | INTENT: focus=2 ratio=0.20
[t=18,178s] step=630 | MISSION=GLOBAL_R | USV: 4/5 (avail=4 int=0 lock=0 frz=0) | UAV: air=5 rtb=0 chg=0 loiter=0 | TRACKS: vis=0 lost=0 engaged=0 | TOP:  | KILL=17 | ACTIONS=9 | INTENT: focus=2 ratio=0.20
[t=18,433s] step=640 | MISSION=GLOBAL_R | USV: 4/5 (avail=4 int=0 lock=0 frz=0) | UAV: air=5 rtb=0 chg=0 loiter=0 | TRACKS: vis=0 lost=0 engaged=0 | TOP:  | KILL=17 | ACTIONS=9 | INTENT: focus=2 ratio=0.20
[t=18,665s] step=650 | MISSION=GLOBAL_R | USV: 4/5 (avail=4 int=0 lock=0 frz=0) | UAV: air=5 rtb=0 chg=0 loiter=0 | TRACKS: vis=0 lost=0 engaged=0 | TOP:  | KILL=17 | ACTIONS=9 | INTENT: focus=2 ratio=0.20
[t=18,904s] step=660 | MISSION=GLOBAL_R | USV: 4/5 (avail=4 int=0 lock=0 frz=0) | UAV: air=5 rtb=0 chg=0 loiter=0 | TRACKS: vis=0 lost=0 engaged=0 | TOP:  | KILL=17 | ACTIONS=9 | INTENT: focus=2 ratio=0.20
[t=19,141s] step=670 | MISSION=GLOBAL_R | USV: 4/5 (avail=4 int=0 lock=0 frz=0) | UAV: air=5 rtb=0 chg=0 loiter=0 | TRACKS: vis=0 lost=0 engaged=0 | TOP:  | KILL=17 | ACTIONS=9 | INTENT: focus=2 ratio=0.20
[t=19,380s] step=680 | MISSION=GLOBAL_R | USV: 4/5 (avail=4 int=0 lock=0 frz=0) | UAV: air=5 rtb=0 chg=0 loiter=0 | TRACKS: vis=0 lost=0 engaged=0 | TOP:  | KILL=17 | ACTIONS=9 | INTENT: focus=2 ratio=0.20
[t=19,619s] step=690 | MISSION=GLOBAL_R | USV: 4/5 (avail=4 int=0 lock=0 frz=0) | UAV: air=5 rtb=0 chg=0 loiter=0 | TRACKS: vis=0 lost=0 engaged=0 | TOP:  | KILL=17 | ACTIONS=9 | INTENT: focus=2 ratio=0.20
[t=19,858s] step=700 | MISSION=GLOBAL_R | USV: 4/5 (avail=4 int=0 lock=0 frz=0) | UAV: air=5 rtb=0 chg=0 loiter=0 | TRACKS: vis=0 lost=0 engaged=0 | TOP:  | KILL=17 | ACTIONS=9 | INTENT: focus=2 ratio=0.20
[t=20,086s] step=710 | MISSION=GLOBAL_R | USV: 4/5 (avail=4 int=0 lock=0 frz=0) | UAV: air=5 rtb=0 chg=0 loiter=0 | TRACKS: vis=0 lost=0 engaged=0 | TOP:  | KILL=17 | ACTIONS=9 | INTENT: focus=2 ratio=0.20
[t=20,322s] step=720 | MISSION=GLOBAL_R | USV: 4/5 (avail=4 int=0 lock=0 frz=0) | UAV: air=5 rtb=0 chg=0 loiter=0 | TRACKS: vis=0 lost=0 engaged=0 | TOP:  | KILL=17 | ACTIONS=9 | INTENT: focus=2 ratio=0.20
[t=20,556s] step=730 | MISSION=GLOBAL_R | USV: 4/5 (avail=4 int=0 lock=0 frz=0) | UAV: air=5 rtb=0 chg=0 loiter=0 | TRACKS: vis=0 lost=0 engaged=0 | TOP:  | KILL=17 | ACTIONS=9 | INTENT: focus=2 ratio=0.20
[t=20,793s] step=740 | MISSION=GLOBAL_R | USV: 4/5 (avail=4 int=0 lock=0 frz=0) | UAV: air=5 rtb=0 chg=0 loiter=0 | TRACKS: vis=0 lost=0 engaged=0 | TOP:  | KILL=17 | ACTIONS=9 | INTENT: focus=2 ratio=0.20
[t=21,032s] step=750 | MISSION=GLOBAL_R | USV: 4/5 (avail=4 int=0 lock=0 frz=0) | UAV: air=5 rtb=0 chg=0 loiter=0 | TRACKS: vis=0 lost=0 engaged=0 | TOP:  | KILL=17 | ACTIONS=9 | INTENT: focus=2 ratio=0.20
[t=21,273s] step=760 | MISSION=GLOBAL_R | USV: 4/5 (avail=4 int=0 lock=0 frz=0) | UAV: air=5 rtb=0 chg=0 loiter=0 | TRACKS: vis=0 lost=0 engaged=0 | TOP:  | KILL=17 | ACTIONS=9 | INTENT: focus=2 ratio=0.20
[t=21,502s] step=770 | MISSION=GLOBAL_R | USV: 4/5 (avail=4 int=0 lock=0 frz=0) | UAV: air=5 rtb=0 chg=0 loiter=0 | TRACKS: vis=0 lost=0 engaged=0 | TOP:  | KILL=17 | ACTIONS=9 | INTENT: focus=2 ratio=0.20
[t=21,734s] step=780 | MISSION=GLOBAL_R | USV: 4/5 (avail=4 int=0 lock=0 frz=0) | UAV: air=5 rtb=0 chg=0 loiter=0 | TRACKS: vis=0 lost=0 engaged=0 | TOP:  | KILL=17 | ACTIONS=9 | INTENT: focus=2 ratio=0.20
[t=21,996s] step=790 | MISSION=GLOBAL_R | USV: 4/5 (avail=4 int=0 lock=0 frz=0) | UAV: air=5 rtb=0 chg=0 loiter=0 | TRACKS: vis=0 lost=0 engaged=0 | TOP:  | KILL=17 | ACTIONS=9 | INTENT: focus=2 ratio=0.20
[t=22,254s] step=800 | MISSION=GLOBAL_R | USV: 4/5 (avail=4 int=0 lock=0 frz=0) | UAV: air=5 rtb=0 chg=0 loiter=0 | TRACKS: vis=0 lost=0 engaged=0 | TOP:  | KILL=17 | ACTIONS=9 | INTENT: focus=2 ratio=0.20
[t=22,515s] step=810 | MISSION=GLOBAL_R | USV: 4/5 (avail=4 int=0 lock=0 frz=0) | UAV: air=5 rtb=0 chg=0 loiter=0 | TRACKS: vis=0 lost=0 engaged=0 | TOP:  | KILL=17 | ACTIONS=9 | INTENT: focus=2 ratio=0.20
[t=22,780s] step=820 | MISSION=GLOBAL_R | USV: 4/5 (avail=4 int=0 lock=0 frz=0) | UAV: air=5 rtb=0 chg=0 loiter=0 | TRACKS: vis=0 lost=0 engaged=0 | TOP:  | KILL=17 | ACTIONS=9 | INTENT: focus=2 ratio=0.20
[t=23,043s] step=830 | MISSION=GLOBAL_R | USV: 4/5 (avail=4 int=0 lock=0 frz=0) | UAV: air=5 rtb=0 chg=0 loiter=0 | TRACKS: vis=0 lost=0 engaged=0 | TOP:  | KILL=17 | ACTIONS=9 | INTENT: focus=2 ratio=0.20
[t=23,289s] step=840 | MISSION=GLOBAL_R | USV: 4/5 (avail=4 int=0 lock=0 frz=0) | UAV: air=5 rtb=0 chg=0 loiter=0 | TRACKS: vis=0 lost=0 engaged=0 | TOP:  | KILL=17 | ACTIONS=9 | INTENT: focus=2 ratio=0.20
      [UAV RTB] white_uav3(电量1643<1364+300)
[t=23,555s] step=850 | MISSION=GLOBAL_R | USV: 4/5 (avail=4 int=0 lock=0 frz=0) | UAV: air=4 rtb=1 chg=0 loiter=0 | TRACKS: vis=0 lost=0 engaged=0 | TOP:  | KILL=17 | ACTIONS=9 | INTENT: focus=2 ratio=0.20
      [UAV RTB] white_uav5(电量1292<1015+300)
[t=23,826s] step=860 | MISSION=GLOBAL_R | USV: 4/5 (avail=4 int=0 lock=0 frz=0) | UAV: air=3 rtb=2 chg=0 loiter=0 | TRACKS: vis=0 lost=0 engaged=0 | TOP:  | KILL=17 | ACTIONS=9 | INTENT: focus=2 ratio=0.20
      [UAV RTB] white_uav1(电量1004<1000+300)

========================================================================
对局结果: Result.Victory — 敌方所有单位被击毁
  击杀蓝舰: 18 | 命中: 34 | 我方USV损失: 1 | UAV损失: 0 | 突破: 1
[META] result=Result.Victory victory_time=24005 first_detection=1562 first_lock=7365 first_kill=8333 enemy_kills=18 friendly_usv_losses=1 friendly_uav_losses=0 black_breakthrough=1 reacquire_attempts=121 reacquire_success=120 sensor_assisted_locks=66 low_conf_commitments=0 global_reacquire_entries=3 global_reacquire_success=2 coverage_collapse_events=1 active_clusters_max=1 coverage_quality_final=0.26 commander_source=default_intent commander_calls=0 commander_changes=0 commander_no_change=0 commander_parse_failures=0 commander_api_failures=0 commander_policy_failures=0 commander_avg_latency=0.0
Done
