========================================================================
HYBRID AGENT V5 — Variable-Cardinality Hierarchical Maritime Agent
  启用UAV: True | LLM_ENABLED: False
========================================================================
对局 118 开始
      [UAV RELAUNCH] white_uav5
      [UAV RELAUNCH] white_uav1
      [UAV RELAUNCH] white_uav2
      [UAV RELAUNCH] white_uav3
      [UAV RELAUNCH] white_uav4
[t=150s] step=10 | MISSION=NORMAL_C | USV: 5/5 (avail=5 int=0 lock=0 frz=0) | UAV: air=5 rtb=0 chg=0 loiter=0 | TRACKS: vis=0 lost=0 engaged=0 | TOP:  | KILL=0 | ACTIONS=10 | INTENT: focus=2 ratio=0.20
  [INTENT APPLIED]
    ThreatAllocator: focus 2 emergency 3 reserve_ratio 0.20 reserve_usvs None bias breakthrough_eta
    UAVManager: mode search_and_reacquire uav_priority []
[t=328s] step=20 | MISSION=NORMAL_C | USV: 5/5 (avail=5 int=0 lock=0 frz=0) | UAV: air=5 rtb=0 chg=0 loiter=0 | TRACKS: vis=0 lost=0 engaged=0 | TOP:  | KILL=0 | ACTIONS=10 | INTENT: focus=2 ratio=0.20
[t=504s] step=30 | MISSION=NORMAL_C | USV: 5/5 (avail=5 int=0 lock=0 frz=0) | UAV: air=5 rtb=0 chg=0 loiter=0 | TRACKS: vis=0 lost=0 engaged=0 | TOP:  | KILL=0 | ACTIONS=10 | INTENT: focus=2 ratio=0.20
[t=684s] step=40 | MISSION=NORMAL_C | USV: 5/5 (avail=5 int=0 lock=0 frz=0) | UAV: air=5 rtb=0 chg=0 loiter=0 | TRACKS: vis=0 lost=0 engaged=0 | TOP:  | KILL=0 | ACTIONS=10 | INTENT: focus=2 ratio=0.20
[t=864s] step=50 | MISSION=NORMAL_C | USV: 5/5 (avail=5 int=0 lock=0 frz=0) | UAV: air=5 rtb=0 chg=0 loiter=0 | TRACKS: vis=0 lost=0 engaged=0 | TOP:  | KILL=0 | ACTIONS=10 | INTENT: focus=2 ratio=0.20
[t=1,026s] step=60 | MISSION=NORMAL_C | USV: 5/5 (avail=5 int=0 lock=0 frz=0) | UAV: air=5 rtb=0 chg=0 loiter=0 | TRACKS: vis=0 lost=0 engaged=0 | TOP:  | KILL=0 | ACTIONS=10 | INTENT: focus=2 ratio=0.20
[t=1,208s] step=70 | MISSION=NORMAL_C | USV: 5/5 (avail=5 int=0 lock=0 frz=0) | UAV: air=5 rtb=0 chg=0 loiter=0 | TRACKS: vis=0 lost=0 engaged=0 | TOP:  | KILL=0 | ACTIONS=10 | INTENT: focus=2 ratio=0.20
[t=1,392s] step=80 | MISSION=NORMAL_C | USV: 5/5 (avail=5 int=0 lock=0 frz=0) | UAV: air=5 rtb=0 chg=0 loiter=0 | TRACKS: vis=0 lost=0 engaged=0 | TOP:  | KILL=0 | ACTIONS=10 | INTENT: focus=2 ratio=0.20
      [DETECT] black_uav11
      [DETECT] black_uav9
      [DETECT] black_uav14
      [DETECT] black_uav18
      [DETECT] black_uav12
      [DETECT] black_uav16
      [DETECT] black_uav17
      [DETECT] black_uav13
      [DETECT] black_uav8
      [DETECT] black_uav15
      [DETECT] black_uav10
      [DETECT] black_uav6
      [DETECT] black_uav20
      [DETECT] black_uav5
      [DETECT] black_uav7
      [DETECT] black_uav21
      [DETECT] black_uav19
[t=1,574s] step=90 | MISSION=NORMAL_C | USV: 5/5 (avail=5 int=0 lock=0 frz=0) | UAV: air=5 rtb=0 chg=0 loiter=0 | TRACKS: vis=17 lost=0 engaged=0 | TOP: black_uav11(x212,038) black_uav9(x212,038) black_uav14(x212,038) | KILL=0 | ACTIONS=10 | INTENT: focus=2 ratio=0.20
      [DETECT] black_uav22
      [DETECT] black_uav3
      [DETECT] black_uav23
      [DETECT] black_uav4
      [DETECT] black_uav24
      [DETECT] black_uav25
      [DETECT] black_uav2
      [DETECT] black_uav1
[t=1,739s] step=100 | MISSION=NORMAL_C | USV: 5/5 (avail=5 int=0 lock=0 frz=0) | UAV: air=5 rtb=0 chg=0 loiter=0 | TRACKS: vis=23 lost=2 engaged=0 | TOP: black_uav11(x207,088) black_uav9(x207,088) black_uav14(x207,088) | KILL=0 | ACTIONS=10 | INTENT: focus=2 ratio=0.20
      [DETECT] black_usv11
      [DETECT] black_usv13
      [DETECT] black_usv15
      [ASSIGN] white_usv3->black_usv11
      [ASSIGN] white_usv4->black_usv13
      [ASSIGN] white_usv1->black_usv11
      [ASSIGN] white_usv5->black_usv15
      [DETECT] black_usv9
      [DETECT] black_usv17
      [DETECT] black_usv12
      [DETECT] black_usv14
      [DETECT] black_usv10
      [DETECT] black_usv7
      [DETECT] black_usv16
      [ASSIGN] white_usv2->black_usv7
      [DETECT] black_usv20
      [DETECT] black_usv19
      [DETECT] black_usv3
      [DETECT] black_usv4
      [DETECT] black_usv5
      [DETECT] black_usv22
      [DETECT] black_usv2
      [DETECT] black_usv8
      [DETECT] black_usv23
      [DETECT] black_usv24
      [DETECT] black_usv18
      [DETECT] black_usv21
      [DETECT] black_usv1
[t=1,904s] step=110 | MISSION=NORMAL_C | USV: 5/5 (avail=0 int=5 lock=0 frz=0) | UAV: air=5 rtb=0 chg=0 loiter=0 | TRACKS: vis=48 lost=0 engaged=0 | TOP: black_usv5(x240,950) black_usv2(x240,994) black_usv20(x240,998) | KILL=0 | ACTIONS=10 | INTENT: focus=2 ratio=0.20
      [DETECT] black_usv6
[t=2,099s] step=120 | MISSION=NORMAL_C | USV: 5/5 (avail=0 int=5 lock=0 frz=0) | UAV: air=5 rtb=0 chg=0 loiter=0 | TRACKS: vis=47 lost=2 engaged=0 | TOP: black_usv5(x239,000) black_usv2(x239,048) black_usv20(x239,052) | KILL=0 | ACTIONS=10 | INTENT: focus=2 ratio=0.20
      [DETECT] black_usv25
[t=2,301s] step=130 | MISSION=NORMAL_C | USV: 5/5 (avail=0 int=5 lock=0 frz=0) | UAV: air=5 rtb=0 chg=0 loiter=0 | TRACKS: vis=38 lost=12 engaged=0 | TOP: black_usv5(x236,980) black_usv2(x237,033) black_usv20(x237,037) | KILL=0 | ACTIONS=10 | INTENT: focus=2 ratio=0.20
[t=2,502s] step=140 | MISSION=NORMAL_C | USV: 5/5 (avail=0 int=5 lock=0 frz=0) | UAV: air=5 rtb=0 chg=0 loiter=0 | TRACKS: vis=27 lost=8 engaged=0 | TOP: black_usv5(x234,970) black_usv2(x235,028) black_usv20(x235,032) | KILL=0 | ACTIONS=10 | INTENT: focus=2 ratio=0.20
      [DETECT] black_uav14
      [DETECT] black_uav12
[t=2,705s] step=150 | MISSION=NORMAL_C | USV: 5/5 (avail=0 int=5 lock=0 frz=0) | UAV: air=5 rtb=0 chg=0 loiter=0 | TRACKS: vis=26 lost=2 engaged=0 | TOP: black_usv5(x232,940) black_usv2(x233,002) black_usv20(x233,008) | KILL=0 | ACTIONS=10 | INTENT: focus=2 ratio=0.20
      [DETECT] black_uav15
      [DETECT] black_uav11
[t=2,903s] step=160 | MISSION=NORMAL_C | USV: 5/5 (avail=0 int=5 lock=0 frz=0) | UAV: air=5 rtb=0 chg=0 loiter=0 | TRACKS: vis=28 lost=0 engaged=0 | TOP: black_usv5(x230,960) black_usv2(x231,027) black_usv20(x231,032) | KILL=0 | ACTIONS=10 | INTENT: focus=2 ratio=0.20
      [DETECT] black_uav16
[t=3,110s] step=170 | MISSION=NORMAL_C | USV: 5/5 (avail=0 int=5 lock=0 frz=0) | UAV: air=5 rtb=0 chg=0 loiter=0 | TRACKS: vis=29 lost=0 engaged=0 | TOP: black_usv5(x228,890) black_usv2(x228,962) black_usv20(x228,968) | KILL=0 | ACTIONS=10 | INTENT: focus=2 ratio=0.20
      [DETECT] black_uav17
      [DETECT] black_uav10
      [DETECT] black_uav18
[t=3,313s] step=180 | MISSION=NORMAL_C | USV: 5/5 (avail=0 int=5 lock=0 frz=0) | UAV: air=5 rtb=0 chg=0 loiter=0 | TRACKS: vis=32 lost=0 engaged=0 | TOP: black_usv5(x226,860) black_usv2(x226,936) black_usv20(x226,943) | KILL=0 | ACTIONS=10 | INTENT: focus=2 ratio=0.20
      [DETECT] black_uav9
      [DETECT] black_uav19
[t=3,525s] step=190 | MISSION=NORMAL_C | USV: 5/5 (avail=0 int=5 lock=0 frz=0) | UAV: air=5 rtb=0 chg=0 loiter=0 | TRACKS: vis=34 lost=0 engaged=0 | TOP: black_usv5(x224,740) black_usv2(x224,821) black_usv20(x224,828) | KILL=0 | ACTIONS=10 | INTENT: focus=2 ratio=0.20
      [DETECT] black_uav20
[t=3,729s] step=200 | MISSION=NORMAL_C | USV: 5/5 (avail=0 int=5 lock=0 frz=0) | UAV: air=5 rtb=0 chg=0 loiter=0 | TRACKS: vis=34 lost=1 engaged=0 | TOP: black_usv5(x222,700) black_usv2(x222,786) black_usv20(x222,793) | KILL=0 | ACTIONS=10 | INTENT: focus=2 ratio=0.20
      [DETECT] black_uav8
      [DETECT] black_uav21
[t=3,937s] step=210 | MISSION=NORMAL_C | USV: 5/5 (avail=0 int=5 lock=0 frz=0) | UAV: air=5 rtb=0 chg=0 loiter=0 | TRACKS: vis=35 lost=2 engaged=0 | TOP: black_usv5(x220,620) black_usv2(x220,711) black_usv20(x220,718) | KILL=0 | ACTIONS=10 | INTENT: focus=2 ratio=0.20
      [DETECT] black_uav22
      [DETECT] black_uav7
[t=4,080s] step=220 | MISSION=NORMAL_C | USV: 5/5 (avail=0 int=5 lock=0 frz=0) | UAV: air=5 rtb=0 chg=0 loiter=0 | TRACKS: vis=37 lost=0 engaged=0 | TOP: black_usv5(x219,190) black_usv2(x219,284) black_usv20(x219,292) | KILL=0 | ACTIONS=10 | INTENT: focus=2 ratio=0.20
      [DETECT] black_uav23
[t=4,199s] step=230 | MISSION=NORMAL_C | USV: 5/5 (avail=0 int=5 lock=0 frz=0) | UAV: air=5 rtb=0 chg=0 loiter=0 | TRACKS: vis=38 lost=0 engaged=0 | TOP: black_usv5(x218,000) black_usv2(x218,097) black_usv20(x218,105) | KILL=0 | ACTIONS=10 | INTENT: focus=2 ratio=0.20
      [DETECT] black_uav24
[t=4,320s] step=240 | MISSION=NORMAL_C | USV: 5/5 (avail=0 int=5 lock=0 frz=0) | UAV: air=5 rtb=0 chg=0 loiter=0 | TRACKS: vis=39 lost=0 engaged=0 | TOP: black_usv5(x216,790) black_usv2(x216,890) black_usv20(x216,898) | KILL=0 | ACTIONS=10 | INTENT: focus=2 ratio=0.20
      [DETECT] black_uav25
      [DETECT] black_uav6
[t=4,463s] step=250 | MISSION=NORMAL_C | USV: 5/5 (avail=0 int=5 lock=0 frz=0) | UAV: air=5 rtb=0 chg=0 loiter=0 | TRACKS: vis=41 lost=0 engaged=0 | TOP: black_usv5(x215,360) black_usv2(x215,463) black_usv20(x215,471) | KILL=0 | ACTIONS=10 | INTENT: focus=2 ratio=0.20
      [DETECT] black_uav3
      [DETECT] black_uav4
      [DETECT] black_uav5
      [DETECT] black_uav2
      [DETECT] black_uav1
[t=4,593s] step=260 | MISSION=NORMAL_C | USV: 5/5 (avail=0 int=5 lock=0 frz=0) | UAV: air=5 rtb=0 chg=0 loiter=0 | TRACKS: vis=46 lost=0 engaged=0 | TOP: black_usv5(x214,060) black_usv2(x214,166) black_usv20(x214,175) | KILL=0 | ACTIONS=10 | INTENT: focus=2 ratio=0.20
[t=4,717s] step=270 | MISSION=NORMAL_C | USV: 5/5 (avail=0 int=5 lock=0 frz=0) | UAV: air=5 rtb=0 chg=0 loiter=0 | TRACKS: vis=46 lost=0 engaged=0 | TOP: black_usv5(x212,820) black_usv2(x212,929) black_usv20(x212,938) | KILL=0 | ACTIONS=10 | INTENT: focus=2 ratio=0.20
[t=4,843s] step=280 | MISSION=NORMAL_C | USV: 5/5 (avail=0 int=5 lock=0 frz=0) | UAV: air=5 rtb=0 chg=0 loiter=0 | TRACKS: vis=46 lost=0 engaged=0 | TOP: black_usv5(x211,560) black_usv20(x211,681) black_usv24(x211,749) | KILL=0 | ACTIONS=10 | INTENT: focus=2 ratio=0.20
[t=4,977s] step=290 | MISSION=NORMAL_C | USV: 5/5 (avail=0 int=5 lock=0 frz=0) | UAV: air=5 rtb=0 chg=0 loiter=0 | TRACKS: vis=46 lost=0 engaged=0 | TOP: black_usv5(x210,220) black_usv20(x210,344) black_usv24(x210,414) | KILL=0 | ACTIONS=10 | INTENT: focus=2 ratio=0.20
[t=5,110s] step=300 | MISSION=NORMAL_C | USV: 5/5 (avail=0 int=5 lock=0 frz=0) | UAV: air=5 rtb=0 chg=0 loiter=0 | TRACKS: vis=46 lost=0 engaged=0 | TOP: black_usv5(x208,890) black_usv20(x209,017) black_usv24(x209,089) | KILL=0 | ACTIONS=10 | INTENT: focus=2 ratio=0.20
[t=5,280s] step=310 | MISSION=NORMAL_C | USV: 5/5 (avail=0 int=5 lock=0 frz=0) | UAV: air=5 rtb=0 chg=0 loiter=0 | TRACKS: vis=46 lost=0 engaged=0 | TOP: black_usv5(x207,190) black_usv20(x207,322) black_usv24(x207,396) | KILL=0 | ACTIONS=10 | INTENT: focus=2 ratio=0.20
[t=5,473s] step=320 | MISSION=NORMAL_C | USV: 5/5 (avail=0 int=5 lock=0 frz=0) | UAV: air=5 rtb=0 chg=0 loiter=0 | TRACKS: vis=46 lost=0 engaged=0 | TOP: black_usv5(x205,260) black_usv20(x205,396) black_usv24(x205,473) | KILL=0 | ACTIONS=10 | INTENT: focus=2 ratio=0.20
      [DETECT] black_usv18
[t=5,677s] step=330 | MISSION=NORMAL_C | USV: 5/5 (avail=0 int=5 lock=0 frz=0) | UAV: air=5 rtb=0 chg=0 loiter=0 | TRACKS: vis=47 lost=0 engaged=0 | TOP: black_usv5(x203,220) black_usv20(x203,362) black_usv24(x203,441) | KILL=0 | ACTIONS=10 | INTENT: focus=2 ratio=0.20
      [DETECT] black_usv6
[t=5,882s] step=340 | MISSION=NORMAL_C | USV: 5/5 (avail=0 int=5 lock=0 frz=0) | UAV: air=5 rtb=0 chg=0 loiter=0 | TRACKS: vis=48 lost=0 engaged=0 | TOP: black_usv5(x201,170) black_usv20(x201,317) black_usv24(x201,399) | KILL=0 | ACTIONS=10 | INTENT: focus=2 ratio=0.20
[t=6,102s] step=350 | MISSION=NORMAL_C | USV: 5/5 (avail=0 int=5 lock=0 frz=0) | UAV: air=5 rtb=0 chg=0 loiter=0 | TRACKS: vis=22 lost=8 engaged=0 | TOP: black_usv5(x198,970) black_usv20(x199,122) black_usv24(x199,208) | KILL=0 | ACTIONS=10 | INTENT: focus=2 ratio=0.20
[t=6,328s] step=360 | MISSION=NORMAL_C | USV: 5/5 (avail=0 int=5 lock=0 frz=0) | UAV: air=5 rtb=0 chg=0 loiter=0 | TRACKS: vis=23 lost=0 engaged=0 | TOP: black_usv5(x196,710) black_usv24(x196,956) black_usv20(x196,871) | KILL=0 | ACTIONS=10 | INTENT: focus=2 ratio=0.20
[t=6,534s] step=370 | MISSION=NORMAL_C | USV: 5/5 (avail=0 int=5 lock=0 frz=0) | UAV: air=5 rtb=0 chg=0 loiter=0 | TRACKS: vis=23 lost=0 engaged=0 | TOP: black_usv5(x194,650) black_usv24(x194,904) black_usv20(x194,823) | KILL=0 | ACTIONS=10 | INTENT: focus=2 ratio=0.20
      [DETECT] black_usv21
[t=6,725s] step=380 | MISSION=NORMAL_C | USV: 5/5 (avail=0 int=5 lock=0 frz=0) | UAV: air=5 rtb=0 chg=0 loiter=0 | TRACKS: vis=23 lost=1 engaged=0 | TOP: black_usv5(x192,740) black_usv24(x193,002) black_usv20(x192,924) | KILL=0 | ACTIONS=10 | INTENT: focus=2 ratio=0.20
[t=6,906s] step=390 | MISSION=NORMAL_C | USV: 5/5 (avail=0 int=5 lock=0 frz=0) | UAV: air=5 rtb=0 chg=0 loiter=0 | TRACKS: vis=22 lost=2 engaged=0 | TOP: black_usv5(x190,930) black_usv24(x191,199) black_usv20(x191,125) | KILL=0 | ACTIONS=10 | INTENT: focus=2 ratio=0.20
      [DETECT] black_usv6
[t=7,110s] step=400 | MISSION=NORMAL_C | USV: 5/5 (avail=0 int=5 lock=0 frz=0) | UAV: air=5 rtb=0 chg=0 loiter=0 | TRACKS: vis=23 lost=1 engaged=0 | TOP: black_usv5(x188,890) black_usv24(x189,167) black_usv20(x189,097) | KILL=0 | ACTIONS=10 | INTENT: focus=2 ratio=0.20
      [DETECT] black_usv25
[t=7,315s] step=410 | MISSION=NORMAL_C | USV: 5/5 (avail=0 int=5 lock=0 frz=0) | UAV: air=5 rtb=0 chg=0 loiter=0 | TRACKS: vis=25 lost=0 engaged=0 | TOP: black_usv5(x186,840) black_usv24(x187,125) black_usv20(x187,058) | KILL=0 | ACTIONS=10 | INTENT: focus=2 ratio=0.20
      [ASSIGN] white_usv3->black_usv13(机会锁定)
      [ASSIGN] white_usv1->black_usv5(机会锁定)
      [ASSIGN] white_usv4->black_usv9(机会锁定)
      [ASSIGN] white_usv5->black_usv9(机会锁定)
[t=7,551s] step=420 | MISSION=NORMAL_C | USV: 5/5 (avail=0 int=0 lock=5 frz=0) | UAV: air=5 rtb=0 chg=0 loiter=0 | TRACKS: vis=24 lost=1 engaged=4 | TOP: black_usv11(x184,617) black_usv24(x184,774) black_usv20(x184,712) | KILL=0 | ACTIONS=10 | INTENT: focus=2 ratio=0.20
      [ASSIGN] white_usv3->black_usv11(机会锁定)
      [ASSIGN] white_usv2->black_usv11(机会锁定)
      [ASSIGN] white_usv1->black_usv1(机会锁定)
      [ASSIGN] white_usv4->black_usv13(机会锁定)
[t=7,785s] step=430 | MISSION=NORMAL_C | USV: 5/5 (avail=0 int=0 lock=5 frz=0) | UAV: air=5 rtb=0 chg=0 loiter=0 | TRACKS: vis=24 lost=0 engaged=4 | TOP: black_usv24(x182,443) black_usv20(x182,386) black_usv5(x183,000) | KILL=0 | ACTIONS=10 | INTENT: focus=2 ratio=0.20
      [ASSIGN] white_usv5->black_usv23(机会锁定)
      [ASSIGN] white_usv3->black_usv4(机会锁定)
      [ASSIGN] white_usv2->black_usv14(机会锁定)
[t=8,011s] step=440 | MISSION=NORMAL_C | USV: 5/5 (avail=0 int=2 lock=3 frz=0) | UAV: air=5 rtb=0 chg=0 loiter=0 | TRACKS: vis=24 lost=0 engaged=3 | TOP: black_usv24(x180,192) black_usv20(x180,139) black_usv21(x181,992) | KILL=1 | ACTIONS=10 | INTENT: focus=2 ratio=0.20
      [ASSIGN] white_usv1->black_usv11(机会锁定)
      [ASSIGN] white_usv4->black_usv9(机会锁定)
      [ASSIGN] white_usv1->black_usv1(机会锁定)
      [ASSIGN] white_usv5->black_usv20(机会锁定)
[t=8,240s] step=450 | MISSION=NORMAL_C | USV: 5/5 (avail=0 int=0 lock=5 frz=0) | UAV: air=5 rtb=0 chg=0 loiter=0 | TRACKS: vis=24 lost=0 engaged=5 | TOP: black_usv24(x177,911) black_usv21(x179,706) black_usv5(x180,600) | KILL=2 | ACTIONS=10 | INTENT: focus=2 ratio=0.20
      [ASSIGN] white_usv3->black_usv7(机会锁定)
      [ASSIGN] white_usv2->black_usv11(机会锁定)
      [ASSIGN] white_usv2->black_usv14(机会锁定)
      [ASSIGN] white_usv4->black_usv4(机会锁定)
      [ASSIGN] white_usv1->black_usv5(机会锁定)
      [ASSIGN] white_usv5->black_usv17(机会锁定)
[t=8,474s] step=460 | MISSION=NORMAL_C | USV: 5/5 (avail=0 int=0 lock=5 frz=0) | UAV: air=5 rtb=0 chg=0 loiter=0 | TRACKS: vis=24 lost=0 engaged=5 | TOP: black_usv24(x175,580) black_usv20(x175,536) black_usv21(x177,370) | KILL=3 | ACTIONS=10 | INTENT: focus=2 ratio=0.20
      [KILL] black_usv11
      [ASSIGN] white_usv3->black_usv22(机会锁定)
      [KILL] black_usv13
      [ASSIGN] white_usv2->black_usv7(机会锁定)
      [ASSIGN] white_usv4->black_usv20(机会锁定)
      [ASSIGN] white_usv1->black_usv1(机会锁定)
      [ASSIGN] white_usv2->black_usv1(机会锁定)
[t=8,716s] step=470 | MISSION=NORMAL_C | USV: 5/5 (avail=0 int=3 lock=2 frz=0) | UAV: air=5 rtb=0 chg=0 loiter=0 | TRACKS: vis=22 lost=0 engaged=2 | TOP: black_usv24(x173,169) black_usv20(x173,130) black_usv21(x174,954) | KILL=7 | ACTIONS=10 | INTENT: focus=2 ratio=0.20
      [DETECT] black_usv6
      [ASSIGN] white_usv5->black_usv24(机会锁定)
      [KILL] black_usv9
      [ASSIGN] white_usv3->black_usv10(机会锁定)
      [ASSIGN] white_usv4->black_usv12(机会锁定)
      [ASSIGN] white_usv1->black_usv22(机会锁定)
      [ASSIGN] white_usv2->black_usv7(机会锁定)
[t=9,079s] step=480 | MISSION=NORMAL_C | USV: 5/5 (avail=0 int=1 lock=4 frz=0) | UAV: air=5 rtb=0 chg=0 loiter=0 | TRACKS: vis=22 lost=0 engaged=4 | TOP: black_usv20(x169,968) black_usv21(x171,330) black_usv16(x172,328) | KILL=7 | ACTIONS=10 | INTENT: focus=2 ratio=0.20
      [ASSIGN] white_usv5->black_usv20(机会锁定)
      [ASSIGN] white_usv2->black_usv1(机会锁定)
      [KILL] black_usv7
      [KILL] black_usv14
      [KILL] black_usv4
      [KILL] black_usv5
      [ASSIGN] white_usv3->black_usv3(机会锁定)
      [ASSIGN] white_usv4->black_usv10(机会锁定)
      [ASSIGN] white_usv1->black_usv10(机会锁定)
      [ASSIGN] white_usv5->black_usv12(机会锁定)
      [ASSIGN] white_usv2->black_usv22(机会锁定)
[t=9,440s] step=490 | MISSION=NORMAL_C | USV: 5/5 (avail=0 int=2 lock=3 frz=0) | UAV: air=5 rtb=0 chg=0 loiter=0 | TRACKS: vis=17 lost=1 engaged=2 | TOP: black_usv21(x167,727) black_usv24(x168,956) black_usv16(x168,843) | KILL=10 | ACTIONS=10 | INTENT: focus=2 ratio=0.20
      [ASSIGN] white_usv2->black_usv1(机会锁定)
      [ASSIGN] white_usv2->black_usv22(机会锁定)
      [ASSIGN] white_usv2->black_usv1(机会锁定)
      [ASSIGN] white_usv2->black_usv22(机会锁定)
      [ASSIGN] white_usv2->black_usv1(机会锁定)
      [ASSIGN] white_usv2->black_usv22(机会锁定)
      [ASSIGN] white_usv2->black_usv1(机会锁定)
      [ASSIGN] white_usv3->black_usv17(机会锁定)
      [ASSIGN] white_usv4->black_usv23(机会锁定)
      [ASSIGN] white_usv2->black_usv10(机会锁定)
[t=9,725s] step=500 | MISSION=NORMAL_C | USV: 4/5 (avail=0 int=2 lock=2 frz=0) | UAV: air=5 rtb=0 chg=0 loiter=0 | TRACKS: vis=16 lost=2 engaged=2 | TOP: black_usv21(x164,882) black_usv24(x166,117) black_usv16(x166,051) | KILL=11 | ACTIONS=9 | INTENT: focus=2 ratio=0.20
      [ASSIGN] white_usv5->black_usv24(机会锁定)
      [KILL] black_usv22
      [KILL] black_usv20
      [KILL] black_usv1
      [ASSIGN] white_usv4->black_usv17(机会锁定)
      [ASSIGN] white_usv4->black_usv23(机会锁定)
      [ASSIGN] white_usv5->black_usv23(机会锁定)
      [ASSIGN] white_usv4->black_usv17(机会锁定)
      [ASSIGN] white_usv5->black_usv17(机会锁定)
      [ASSIGN] white_usv2->black_usv17(机会锁定)
[t=10,155s] step=510 | MISSION=NORMAL_C | USV: 3/5 (avail=0 int=3 lock=0 frz=0) | UAV: air=5 rtb=0 chg=0 loiter=0 | TRACKS: vis=15 lost=0 engaged=0 | TOP: black_usv21(x160,590) black_usv16(x161,817) black_usv24(x162,620) | KILL=15 | ACTIONS=8 | INTENT: focus=2 ratio=0.20
      [ASSIGN] white_usv4->black_usv23(机会锁定)
      [ASSIGN] white_usv5->black_usv23(机会锁定)
      [ASSIGN] white_usv2->black_usv10(机会锁定)
      [ASSIGN] white_usv4->black_usv17(机会锁定)
      [ASSIGN] white_usv5->black_usv17(机会锁定)
      [ASSIGN] white_usv2->black_usv17(机会锁定)
      [ASSIGN] white_usv4->black_usv23(机会锁定)
      [ASSIGN] white_usv5->black_usv23(机会锁定)
      [ASSIGN] white_usv2->black_usv10(机会锁定)
      [KILL] black_usv10
      [ASSIGN] white_usv4->black_usv17(机会锁定)
      [ASSIGN] white_usv5->black_usv17(机会锁定)
      [RELEASE] white_usv2->black_usv10(目标失效)
      [ASSIGN] white_usv2->black_usv17(机会锁定)
      [KILL] black_usv12
      [ASSIGN] white_usv4->black_usv23(机会锁定)
      [ASSIGN] white_usv5->black_usv23(机会锁定)
      [ASSIGN] white_usv2->black_usv23(机会锁定)
      [ASSIGN] white_usv4->black_usv17(机会锁定)
      [ASSIGN] white_usv5->black_usv17(机会锁定)
      [ASSIGN] white_usv2->black_usv17(机会锁定)
      [ASSIGN] white_usv4->black_usv23(机会锁定)
      [ASSIGN] white_usv5->black_usv23(机会锁定)
      [ASSIGN] white_usv2->black_usv23(机会锁定)
      [ASSIGN] white_usv4->black_usv17(机会锁定)
      [ASSIGN] white_usv5->black_usv17(机会锁定)
      [ASSIGN] white_usv2->black_usv17(机会锁定)
      [ASSIGN] white_usv4->black_usv23(机会锁定)
      [ASSIGN] white_usv5->black_usv23(机会锁定)
      [ASSIGN] white_usv2->black_usv23(机会锁定)
      [ASSIGN] white_usv4->black_usv17(机会锁定)
      [ASSIGN] white_usv5->black_usv17(机会锁定)
      [ASSIGN] white_usv2->black_usv17(机会锁定)
[t=10,523s] step=520 | MISSION=NORMAL_C | USV: 3/5 (avail=0 int=3 lock=0 frz=0) | UAV: air=5 rtb=0 chg=0 loiter=0 | TRACKS: vis=13 lost=0 engaged=0 | TOP: black_usv21(x156,917) black_usv16(x158,194) black_usv24(x162,620) | KILL=15 | ACTIONS=8 | INTENT: focus=2 ratio=0.20
      [ASSIGN] white_usv4->black_usv23(机会锁定)
      [ASSIGN] white_usv5->black_usv23(机会锁定)
      [ASSIGN] white_usv2->black_usv3(机会锁定)
      [ASSIGN] white_usv4->black_usv17(机会锁定)
      [ASSIGN] white_usv5->black_usv17(机会锁定)
      [ASSIGN] white_usv4->black_usv23(机会锁定)
      [ASSIGN] white_usv5->black_usv23(机会锁定)
      [KILL] black_usv17
      [ASSIGN] white_usv4->black_usv24(机会锁定)
      [ASSIGN] white_usv5->black_usv24(机会锁定)
      [ASSIGN] white_usv4->black_usv23(机会锁定)
      [KILL] black_usv23
      [KILL] black_usv24
      [ASSIGN] white_usv2->black_usv19(机会锁定)
[t=10,890s] step=530 | MISSION=NORMAL_C | USV: 1/5 (avail=0 int=1 lock=0 frz=0) | UAV: air=5 rtb=0 chg=0 loiter=0 | TRACKS: vis=10 lost=0 engaged=0 | TOP: black_usv21(x153,253) black_usv16(x154,580) black_usv8(x158,638) | KILL=16 | ACTIONS=6 | INTENT: focus=2 ratio=0.20
      [ASSIGN] white_usv2->black_usv3(机会锁定)
      [ASSIGN] white_usv2->black_usv19(机会锁定)
[t=11,428s] step=540 | MISSION=NORMAL_C | USV: 1/5 (avail=0 int=0 lock=1 frz=0) | UAV: air=5 rtb=0 chg=0 loiter=0 | TRACKS: vis=7 lost=3 engaged=1 | TOP: black_usv21(x147,883) black_usv16(x149,283) black_usv8(x153,630) | KILL=16 | ACTIONS=6 | INTENT: focus=2 ratio=0.20
      [KILL] black_usv3
      [ASSIGN] white_usv2->black_usv2(机会锁定)
[t=11,921s] step=550 | MISSION=NORMAL_C | USV: 1/5 (avail=0 int=0 lock=1 frz=0) | UAV: air=5 rtb=0 chg=0 loiter=0 | TRACKS: vis=9 lost=0 engaged=1 | TOP: black_usv21(x142,962) black_usv16(x144,429) black_usv8(x149,042) | KILL=17 | ACTIONS=6 | INTENT: focus=2 ratio=0.20
      [ASSIGN] white_usv2->black_usv19(机会锁定)
      [ASSIGN] white_usv2->black_usv2(机会锁定)
      [KILL] black_usv19
      [ASSIGN] white_usv2->black_usv15(机会锁定)
[t=12,489s] step=560 | MISSION=NORMAL_C | USV: 1/5 (avail=0 int=0 lock=1 frz=0) | UAV: air=5 rtb=0 chg=0 loiter=0 | TRACKS: vis=7 lost=1 engaged=1 | TOP: black_usv21(x137,293) black_usv16(x138,836) black_usv8(x143,756) | KILL=18 | ACTIONS=6 | INTENT: focus=2 ratio=0.20
      [ASSIGN] white_usv2->black_usv2(机会锁定)
      [ASSIGN] white_usv2->black_usv15(机会锁定)
      [KILL] black_usv2
      [DETECT] black_usv18
[t=13,091s] step=570 | MISSION=NORMAL_C | USV: 1/5 (avail=0 int=0 lock=1 frz=0) | UAV: air=5 rtb=0 chg=0 loiter=0 | TRACKS: vis=6 lost=1 engaged=1 | TOP: black_usv21(x131,284) black_usv16(x132,909) black_usv8(x138,153) | KILL=18 | ACTIONS=6 | INTENT: focus=2 ratio=0.20
      [DETECT] black_usv6
[t=13,712s] step=580 | MISSION=NORMAL_C | USV: 1/5 (avail=0 int=0 lock=1 frz=0) | UAV: air=5 rtb=0 chg=0 loiter=0 | TRACKS: vis=5 lost=1 engaged=1 | TOP: black_usv21(x125,085) black_usv16(x126,794) black_usv8(x132,373) | KILL=18 | ACTIONS=6 | INTENT: focus=2 ratio=0.20
[t=14,380s] step=590 | MISSION=NORMAL_C | USV: 1/5 (avail=0 int=1 lock=0 frz=0) | UAV: air=5 rtb=0 chg=0 loiter=0 | TRACKS: vis=5 lost=1 engaged=0 | TOP: black_usv21(x118,417) black_usv16(x120,217) black_usv8(x126,156) | KILL=19 | ACTIONS=6 | INTENT: focus=2 ratio=0.20
      [ASSIGN] white_usv2->black_usv8(机会锁定)
      [KILL] black_usv15
[t=15,079s] step=600 | MISSION=NORMAL_C | USV: 1/5 (avail=0 int=0 lock=1 frz=0) | UAV: air=5 rtb=0 chg=0 loiter=0 | TRACKS: vis=5 lost=0 engaged=1 | TOP: black_usv21(x111,440) black_usv16(x113,334) black_usv18(x129,153) | KILL=19 | ACTIONS=6 | INTENT: focus=2 ratio=0.20
[t=15,801s] step=610 | MISSION=NORMAL_C | USV: 1/5 (avail=0 int=1 lock=0 frz=0) | UAV: air=5 rtb=0 chg=0 loiter=0 | TRACKS: vis=5 lost=0 engaged=0 | TOP: black_usv16(x106,225) black_usv18(x122,030) black_usv25(x120,771) | KILL=20 | ACTIONS=6 | INTENT: focus=2 ratio=0.20
      [KILL] black_usv8
      [RELEASE] white_usv2->black_usv8(目标失效)
      [ASSIGN] white_usv2->black_usv16
[t=16,558s] step=620 | MISSION=NORMAL_C | USV: 1/5 (avail=0 int=1 lock=0 frz=0) | UAV: air=5 rtb=0 chg=0 loiter=0 | TRACKS: vis=3 lost=1 engaged=0 | TOP: black_usv18(x114,561) black_usv25(x113,543) black_usv21(x97,622) | KILL=20 | ACTIONS=6 | INTENT: focus=2 ratio=0.20
[t=17,271s] step=630 | MISSION=NORMAL_C | USV: 1/5 (avail=0 int=1 lock=0 frz=0) | UAV: air=5 rtb=0 chg=0 loiter=0 | TRACKS: vis=4 lost=0 engaged=0 | TOP: black_usv18(x107,457) black_usv25(x106,736) black_usv21(x91,018) | KILL=20 | ACTIONS=6 | INTENT: focus=2 ratio=0.20
[t=17,999s] step=640 | MISSION=NORMAL_C | USV: 1/5 (avail=0 int=1 lock=0 frz=0) | UAV: air=5 rtb=0 chg=0 loiter=0 | TRACKS: vis=4 lost=0 engaged=0 | TOP: black_usv18(x100,183) black_usv25(x99,785) black_usv21(x84,275) | KILL=20 | ACTIONS=6 | INTENT: focus=2 ratio=0.20
      [ASSIGN] white_usv2->black_usv25(机会锁定)
[t=18,713s] step=650 | MISSION=NORMAL_C | USV: 1/5 (avail=0 int=0 lock=1 frz=0) | UAV: air=5 rtb=0 chg=0 loiter=0 | TRACKS: vis=4 lost=0 engaged=1 | TOP: black_usv16(x77,553) black_usv18(x93,049) black_usv21(x77,662) | KILL=20 | ACTIONS=6 | INTENT: focus=2 ratio=0.20
[t=19,450s] step=660 | MISSION=NORMAL_C | USV: 1/5 (avail=0 int=0 lock=1 frz=0) | UAV: air=5 rtb=0 chg=0 loiter=0 | TRACKS: vis=3 lost=1 engaged=1 | TOP: black_usv16(x70,296) black_usv18(x85,686) black_usv21(x71,121) | KILL=20 | ACTIONS=6 | INTENT: focus=2 ratio=0.20
[t=20,081s] step=670 | MISSION=NORMAL_C | USV: 1/5 (avail=0 int=1 lock=0 frz=0) | UAV: air=5 rtb=0 chg=0 loiter=0 | TRACKS: vis=4 lost=0 engaged=0 | TOP: black_usv16(x64,083) black_usv18(x79,381) black_usv21(x65,727) | KILL=21 | ACTIONS=6 | INTENT: focus=2 ratio=0.20
      [KILL] black_usv25
      [RELEASE] white_usv2->black_usv25(目标失效)
      [ASSIGN] white_usv2->black_usv16
[t=20,732s] step=680 | MISSION=NORMAL_C | USV: 1/5 (avail=0 int=1 lock=0 frz=0) | UAV: air=5 rtb=0 chg=0 loiter=0 | TRACKS: vis=2 lost=1 engaged=0 | TOP: black_usv18(x72,877) black_usv21(x60,158) black_usv16(x57,738) | KILL=21 | ACTIONS=6 | INTENT: focus=2 ratio=0.20
[t=21,517s] step=690 | MISSION=NORMAL_C | USV: 1/5 (avail=0 int=1 lock=0 frz=0) | UAV: air=5 rtb=0 chg=0 loiter=0 | TRACKS: vis=3 lost=0 engaged=0 | TOP: black_usv18(x65,034) black_usv21(x53,450) black_usv16(x50,259) | KILL=21 | ACTIONS=6 | INTENT: focus=2 ratio=0.20
      [RELEASE] white_usv2->black_usv16(目标失效)

========================================================================
对局结果: Result.Defeat — 敌方2艘艇突破防线
  击杀蓝舰: 23 | 命中: 42 | 我方USV损失: 4 | UAV损失: 0 | 突破: 2
[META] result=Result.Defeat victory_time=22394 first_detection=1558 first_lock=7389 first_kill=8635 enemy_kills=23 friendly_usv_losses=4 friendly_uav_losses=0 black_breakthrough=2 reacquire_attempts=161 reacquire_success=160 sensor_assisted_locks=64 low_conf_commitments=0 global_reacquire_entries=0 global_reacquire_success=0 coverage_collapse_events=1 active_clusters_max=1 coverage_quality_final=0.13 commander_source=default_intent commander_calls=0 commander_changes=0 commander_no_change=0 commander_parse_failures=0 commander_api_failures=0 commander_policy_failures=0 commander_avg_latency=0.0
Done
