========================================================================
HYBRID AGENT V5 — Variable-Cardinality Hierarchical Maritime Agent
  启用UAV: True | LLM_ENABLED: False
========================================================================
对局 58 开始
      [UAV RELAUNCH] white_uav8
      [UAV RELAUNCH] white_uav2
      [UAV RELAUNCH] white_uav3
      [UAV RELAUNCH] white_uav5
      [UAV RELAUNCH] white_uav6
      [UAV RELAUNCH] white_uav9
      [UAV RELAUNCH] white_uav7
      [UAV RELAUNCH] white_uav1
      [UAV RELAUNCH] white_uav4
      [UAV RELAUNCH] white_uav10
[t=271s] step=10 | MISSION=NORMAL_C | USV: 10/10 (avail=10 int=0 lock=0 frz=0) | UAV: air=10 rtb=0 chg=0 loiter=0 | TRACKS: vis=0 lost=0 engaged=0 | TOP:  | KILL=0 | ACTIONS=20 | INTENT: focus=2 ratio=0.20
  [INTENT APPLIED]
    ThreatAllocator: focus 2 emergency 3 reserve_ratio 0.20 reserve_usvs None bias breakthrough_eta
    UAVManager: mode search_and_reacquire uav_priority []
[t=577s] step=20 | MISSION=NORMAL_C | USV: 10/10 (avail=10 int=0 lock=0 frz=0) | UAV: air=10 rtb=0 chg=0 loiter=0 | TRACKS: vis=0 lost=0 engaged=0 | TOP:  | KILL=0 | ACTIONS=20 | INTENT: focus=2 ratio=0.20
[t=891s] step=30 | MISSION=NORMAL_C | USV: 10/10 (avail=10 int=0 lock=0 frz=0) | UAV: air=10 rtb=0 chg=0 loiter=0 | TRACKS: vis=0 lost=0 engaged=0 | TOP:  | KILL=0 | ACTIONS=20 | INTENT: focus=2 ratio=0.20
[t=1,206s] step=40 | MISSION=NORMAL_C | USV: 10/10 (avail=10 int=0 lock=0 frz=0) | UAV: air=10 rtb=0 chg=0 loiter=0 | TRACKS: vis=0 lost=0 engaged=0 | TOP:  | KILL=0 | ACTIONS=20 | INTENT: focus=2 ratio=0.20
[t=1,499s] step=50 | MISSION=NORMAL_C | USV: 10/10 (avail=10 int=0 lock=0 frz=0) | UAV: air=10 rtb=0 chg=0 loiter=0 | TRACKS: vis=0 lost=0 engaged=0 | TOP:  | KILL=0 | ACTIONS=20 | INTENT: focus=2 ratio=0.20
      [DETECT] black_uav6
      [DETECT] black_uav3
      [DETECT] black_uav7
      [DETECT] black_uav4
      [DETECT] black_uav8
      [DETECT] black_uav5
      [DETECT] black_uav2
      [DETECT] black_uav1
      [DETECT] black_uav9
      [DETECT] black_uav10
[t=1,811s] step=60 | MISSION=NORMAL_C | USV: 10/10 (avail=10 int=0 lock=0 frz=0) | UAV: air=10 rtb=0 chg=0 loiter=0 | TRACKS: vis=10 lost=0 engaged=0 | TOP: black_uav6(x204,928) black_uav3(x204,928) black_uav7(x204,928) | KILL=0 | ACTIONS=20 | INTENT: focus=2 ratio=0.20
      [DETECT] black_usv7
      [ASSIGN] white_usv7->black_usv7
      [ASSIGN] white_usv6->black_usv7
      [ASSIGN] white_usv9->black_usv7
      [DETECT] black_usv8
      [DETECT] black_usv2
      [DETECT] black_usv6
      [DETECT] black_usv1
      [DETECT] black_usv5
      [DETECT] black_usv9
      [DETECT] black_usv4
      [DETECT] black_usv3
      [ASSIGN] white_usv10->black_usv8
      [ASSIGN] white_usv2->black_usv6
      [ASSIGN] white_usv4->black_usv9
      [ASSIGN] white_usv3->black_usv3
      [ASSIGN] white_usv1->black_usv1
      [ASSIGN] white_usv5->black_usv5
      [DETECT] black_usv10
      [ASSIGN] white_usv8->black_usv4
[t=2,122s] step=70 | MISSION=NORMAL_C | USV: 10/10 (avail=0 int=10 lock=0 frz=0) | UAV: air=10 rtb=0 chg=0 loiter=0 | TRACKS: vis=10 lost=8 engaged=0 | TOP: black_usv2(x241,420) black_usv10(x243,029) black_usv8(x238,771) | KILL=0 | ACTIONS=20 | INTENT: focus=2 ratio=0.20
[t=2,437s] step=80 | MISSION=NORMAL_C | USV: 10/10 (avail=0 int=10 lock=0 frz=0) | UAV: air=10 rtb=0 chg=0 loiter=0 | TRACKS: vis=12 lost=2 engaged=0 | TOP: black_usv2(x238,663) black_usv10(x240,512) black_usv8(x235,621) | KILL=0 | ACTIONS=20 | INTENT: focus=2 ratio=0.20
      [DETECT] black_uav1
[t=2,737s] step=90 | MISSION=NORMAL_C | USV: 10/10 (avail=0 int=10 lock=0 frz=0) | UAV: air=10 rtb=0 chg=0 loiter=0 | TRACKS: vis=11 lost=3 engaged=0 | TOP: black_usv2(x236,037) black_usv10(x238,113) black_usv8(x232,621) | KILL=0 | ACTIONS=20 | INTENT: focus=2 ratio=0.20
      [DETECT] black_uav6
      [DETECT] black_uav3
      [DETECT] black_uav5
[t=3,041s] step=100 | MISSION=NORMAL_C | USV: 10/10 (avail=0 int=10 lock=0 frz=0) | UAV: air=10 rtb=0 chg=0 loiter=0 | TRACKS: vis=16 lost=1 engaged=0 | TOP: black_usv2(x233,377) black_usv10(x235,683) black_usv8(x229,581) | KILL=0 | ACTIONS=20 | INTENT: focus=2 ratio=0.20
      [DETECT] black_uav8
[t=3,378s] step=110 | MISSION=NORMAL_C | USV: 10/10 (avail=0 int=10 lock=0 frz=0) | UAV: air=10 rtb=0 chg=0 loiter=0 | TRACKS: vis=15 lost=3 engaged=0 | TOP: black_usv2(x230,427) black_usv10(x232,990) black_usv8(x226,211) | KILL=0 | ACTIONS=20 | INTENT: focus=2 ratio=0.20
      [DETECT] black_uav2
      [DETECT] black_uav9
[t=3,709s] step=120 | MISSION=NORMAL_C | USV: 10/10 (avail=0 int=10 lock=0 frz=0) | UAV: air=10 rtb=0 chg=0 loiter=0 | TRACKS: vis=19 lost=1 engaged=0 | TOP: black_usv2(x227,530) black_usv10(x230,344) black_usv8(x222,901) | KILL=0 | ACTIONS=20 | INTENT: focus=2 ratio=0.20
[t=4,041s] step=130 | MISSION=NORMAL_C | USV: 10/10 (avail=0 int=10 lock=0 frz=0) | UAV: air=10 rtb=0 chg=0 loiter=0 | TRACKS: vis=18 lost=2 engaged=0 | TOP: black_usv2(x224,625) black_usv10(x227,690) black_usv8(x219,581) | KILL=0 | ACTIONS=20 | INTENT: focus=2 ratio=0.20
[t=4,290s] step=140 | MISSION=NORMAL_C | USV: 10/10 (avail=0 int=10 lock=0 frz=0) | UAV: air=10 rtb=0 chg=0 loiter=0 | TRACKS: vis=19 lost=0 engaged=0 | TOP: black_usv2(x222,446) black_usv10(x225,700) black_usv8(x217,091) | KILL=0 | ACTIONS=20 | INTENT: focus=2 ratio=0.20
      [DETECT] black_uav10
[t=4,547s] step=150 | MISSION=NORMAL_C | USV: 10/10 (avail=0 int=10 lock=0 frz=0) | UAV: air=10 rtb=0 chg=0 loiter=0 | TRACKS: vis=20 lost=0 engaged=0 | TOP: black_usv10(x223,645) black_usv2(x221,150) black_usv8(x214,521) | KILL=0 | ACTIONS=20 | INTENT: focus=2 ratio=0.20
[t=4,789s] step=160 | MISSION=NORMAL_C | USV: 10/10 (avail=0 int=10 lock=0 frz=0) | UAV: air=10 rtb=0 chg=0 loiter=0 | TRACKS: vis=20 lost=0 engaged=0 | TOP: black_usv10(x221,711) black_usv2(x220,003) black_usv8(x212,101) | KILL=0 | ACTIONS=20 | INTENT: focus=2 ratio=0.20
[t=5,038s] step=170 | MISSION=NORMAL_C | USV: 10/10 (avail=0 int=10 lock=0 frz=0) | UAV: air=10 rtb=0 chg=0 loiter=0 | TRACKS: vis=20 lost=0 engaged=0 | TOP: black_usv10(x219,721) black_usv8(x209,611) black_usv1(x209,674) | KILL=0 | ACTIONS=20 | INTENT: focus=2 ratio=0.20
[t=5,300s] step=180 | MISSION=NORMAL_C | USV: 10/10 (avail=0 int=10 lock=0 frz=0) | UAV: air=10 rtb=0 chg=0 loiter=0 | TRACKS: vis=18 lost=2 engaged=0 | TOP: black_usv10(x217,626) black_usv8(x206,991) black_usv1(x207,057) | KILL=0 | ACTIONS=20 | INTENT: focus=2 ratio=0.20
[t=5,615s] step=190 | MISSION=NORMAL_C | USV: 10/10 (avail=0 int=10 lock=0 frz=0) | UAV: air=10 rtb=0 chg=0 loiter=0 | TRACKS: vis=20 lost=0 engaged=0 | TOP: black_usv10(x215,108) black_usv2(x215,129) black_usv8(x203,841) | KILL=0 | ACTIONS=20 | INTENT: focus=2 ratio=0.20
[t=5,957s] step=200 | MISSION=NORMAL_C | USV: 10/10 (avail=0 int=10 lock=0 frz=0) | UAV: air=10 rtb=0 chg=0 loiter=0 | TRACKS: vis=10 lost=10 engaged=0 | TOP: black_usv10(x212,375) black_usv2(x211,710) black_usv8(x200,421) | KILL=0 | ACTIONS=20 | INTENT: focus=2 ratio=0.20
[t=6,318s] step=210 | MISSION=NORMAL_C | USV: 10/10 (avail=0 int=10 lock=0 frz=0) | UAV: air=10 rtb=0 chg=0 loiter=0 | TRACKS: vis=10 lost=0 engaged=0 | TOP: black_usv10(x209,489) black_usv2(x208,102) black_usv8(x196,811) | KILL=0 | ACTIONS=20 | INTENT: focus=2 ratio=0.20
[t=6,634s] step=220 | MISSION=NORMAL_C | USV: 10/10 (avail=0 int=10 lock=0 frz=0) | UAV: air=10 rtb=0 chg=0 loiter=0 | TRACKS: vis=10 lost=0 engaged=0 | TOP: black_usv10(x206,963) black_usv2(x204,943) black_usv8(x193,651) | KILL=0 | ACTIONS=20 | INTENT: focus=2 ratio=0.20
[t=6,960s] step=230 | MISSION=NORMAL_C | USV: 10/10 (avail=0 int=10 lock=0 frz=0) | UAV: air=10 rtb=0 chg=0 loiter=0 | TRACKS: vis=10 lost=0 engaged=0 | TOP: black_usv10(x204,357) black_usv2(x201,685) black_usv8(x190,391) | KILL=0 | ACTIONS=20 | INTENT: focus=2 ratio=0.20
[t=7,316s] step=240 | MISSION=NORMAL_C | USV: 10/10 (avail=0 int=10 lock=0 frz=0) | UAV: air=10 rtb=0 chg=0 loiter=0 | TRACKS: vis=10 lost=0 engaged=0 | TOP: black_usv10(x201,512) black_usv2(x198,126) black_usv8(x186,831) | KILL=0 | ACTIONS=20 | INTENT: focus=2 ratio=0.20
      [ASSIGN] white_usv7->black_usv8(机会锁定)
      [ASSIGN] white_usv9->black_usv8(机会锁定)
      [ASSIGN] white_usv6->black_usv5(机会锁定)
      [ASSIGN] white_usv8->black_usv5(机会锁定)
      [ASSIGN] white_usv2->black_usv3(机会锁定)
      [ASSIGN] white_usv4->black_usv8(机会锁定)
      [ASSIGN] white_usv7->black_usv9(机会锁定)
      [ASSIGN] white_usv10->black_usv7(机会锁定)
      [ASSIGN] white_usv4->black_usv9(机会锁定)
      [ASSIGN] white_usv9->black_usv7(机会锁定)
[t=7,696s] step=250 | MISSION=NORMAL_C | USV: 10/10 (avail=0 int=5 lock=5 frz=0) | UAV: air=10 rtb=0 chg=0 loiter=0 | TRACKS: vis=10 lost=0 engaged=2 | TOP: black_usv9(x184,938) black_usv7(x184,572) black_usv4(x187,907) | KILL=1 | ACTIONS=20 | INTENT: focus=2 ratio=0.20
      [ASSIGN] white_usv6->black_usv8(机会锁定)
      [ASSIGN] white_usv3->black_usv1(机会锁定)
      [ASSIGN] white_usv5->black_usv8(机会锁定)
      [ASSIGN] white_usv8->black_usv8(机会锁定)
      [ASSIGN] white_usv2->black_usv5(机会锁定)
      [ASSIGN] white_usv6->black_usv5(机会锁定)
      [ASSIGN] white_usv5->black_usv5(机会锁定)
      [ASSIGN] white_usv8->black_usv5(机会锁定)
      [ASSIGN] white_usv2->black_usv3(机会锁定)
      [ASSIGN] white_usv6->black_usv8(机会锁定)
      [ASSIGN] white_usv5->black_usv3(机会锁定)
      [ASSIGN] white_usv8->black_usv8(机会锁定)
      [ASSIGN] white_usv2->black_usv5(机会锁定)
      [ASSIGN] white_usv6->black_usv5(机会锁定)
      [ASSIGN] white_usv5->black_usv5(机会锁定)
      [ASSIGN] white_usv8->black_usv5(机会锁定)
      [ASSIGN] white_usv2->black_usv3(机会锁定)
      [ASSIGN] white_usv6->black_usv8(机会锁定)
      [ASSIGN] white_usv5->black_usv3(机会锁定)
      [ASSIGN] white_usv8->black_usv8(机会锁定)
      [ASSIGN] white_usv2->black_usv5(机会锁定)
      [ASSIGN] white_usv6->black_usv5(机会锁定)
      [ASSIGN] white_usv5->black_usv5(机会锁定)
      [ASSIGN] white_usv8->black_usv5(机会锁定)
      [ASSIGN] white_usv2->black_usv3(机会锁定)
      [ASSIGN] white_usv6->black_usv8(机会锁定)
      [ASSIGN] white_usv5->black_usv3(机会锁定)
      [ASSIGN] white_usv8->black_usv8(机会锁定)
      [ASSIGN] white_usv7->black_usv5(机会锁定)
      [ASSIGN] white_usv10->black_usv4(机会锁定)
      [ASSIGN] white_usv2->black_usv5(机会锁定)
      [ASSIGN] white_usv6->black_usv5(机会锁定)
      [ASSIGN] white_usv4->black_usv5(机会锁定)
      [ASSIGN] white_usv9->black_usv5(机会锁定)
      [ASSIGN] white_usv5->black_usv5(机会锁定)
      [ASSIGN] white_usv8->black_usv5(机会锁定)
      [ASSIGN] white_usv7->black_usv9(机会锁定)
      [ASSIGN] white_usv2->black_usv3(机会锁定)
      [ASSIGN] white_usv6->black_usv9(机会锁定)
      [ASSIGN] white_usv4->black_usv9(机会锁定)
      [ASSIGN] white_usv3->black_usv3(机会锁定)
      [ASSIGN] white_usv9->black_usv7(机会锁定)
      [ASSIGN] white_usv1->black_usv3(机会锁定)
      [ASSIGN] white_usv5->black_usv9(机会锁定)
      [ASSIGN] white_usv8->black_usv9(机会锁定)
      [ASSIGN] white_usv2->black_usv5(机会锁定)
      [ASSIGN] white_usv3->black_usv1(机会锁定)
      [ASSIGN] white_usv9->black_usv8(机会锁定)
      [ASSIGN] white_usv1->black_usv1(机会锁定)
[t=8,127s] step=260 | MISSION=NORMAL_C | USV: 10/10 (avail=0 int=4 lock=6 frz=0) | UAV: air=10 rtb=0 chg=0 loiter=0 | TRACKS: vis=10 lost=0 engaged=2 | TOP: black_usv1(x182,518) black_usv8(x183,352) black_usv5(x183,602) | KILL=5 | ACTIONS=20 | INTENT: focus=2 ratio=0.20
      [ASSIGN] white_usv2->black_usv3(机会锁定)
      [ASSIGN] white_usv3->black_usv3(机会锁定)
      [ASSIGN] white_usv9->black_usv7(机会锁定)
      [ASSIGN] white_usv2->black_usv5(机会锁定)
      [ASSIGN] white_usv3->black_usv5(机会锁定)
      [ASSIGN] white_usv9->black_usv8(机会锁定)
      [ASSIGN] white_usv2->black_usv3(机会锁定)
      [ASSIGN] white_usv3->black_usv3(机会锁定)
      [ASSIGN] white_usv9->black_usv7(机会锁定)
      [ASSIGN] white_usv2->black_usv5(机会锁定)
      [ASSIGN] white_usv3->black_usv1(机会锁定)
      [ASSIGN] white_usv9->black_usv8(机会锁定)
      [KILL] black_usv8
      [ASSIGN] white_usv2->black_usv3(机会锁定)
      [ASSIGN] white_usv3->black_usv3(机会锁定)
      [RELEASE] white_usv9->black_usv8(目标失效)
      [ASSIGN] white_usv9->black_usv7(机会锁定)
      [KILL] black_usv5
      [KILL] black_usv3
      [ASSIGN] white_usv10->black_usv7(机会锁定)
      [RELEASE] white_usv2->black_usv3(目标失效)
      [ASSIGN] white_usv2->black_usv2(机会锁定)
      [RELEASE] white_usv3->black_usv3(目标失效)
      [ASSIGN] white_usv3->black_usv1(机会锁定)
      [ASSIGN] white_usv7->black_usv4(机会锁定)
      [ASSIGN] white_usv10->black_usv4(机会锁定)
      [ASSIGN] white_usv4->black_usv4(机会锁定)
      [ASSIGN] white_usv9->black_usv4(机会锁定)
[t=8,538s] step=270 | MISSION=NORMAL_C | USV: 6/10 (avail=0 int=2 lock=4 frz=0) | UAV: air=10 rtb=0 chg=0 loiter=0 | TRACKS: vis=7 lost=0 engaged=1 | TOP: black_usv9(x181,037) black_usv10(x191,744) black_usv7(x181,593) | KILL=6 | ACTIONS=16 | INTENT: focus=2 ratio=0.20
      [ASSIGN] white_usv3->black_usv2(机会锁定)
      [KILL] black_usv7
      [KILL] black_usv1
      [RELEASE] white_usv1->black_usv1(目标失效)
      [ASSIGN] white_usv7->black_usv9(机会锁定)
      [ASSIGN] white_usv10->black_usv9(机会锁定)
      [ASSIGN] white_usv4->black_usv9(机会锁定)
      [ASSIGN] white_usv1->black_usv9
      [ASSIGN] white_usv7->black_usv4(机会锁定)
      [ASSIGN] white_usv10->black_usv4(机会锁定)
      [ASSIGN] white_usv4->black_usv4(机会锁定)
      [ASSIGN] white_usv1->black_usv2(机会锁定)
      [ASSIGN] white_usv7->black_usv9(机会锁定)
      [ASSIGN] white_usv10->black_usv9(机会锁定)
      [ASSIGN] white_usv4->black_usv9(机会锁定)
      [ASSIGN] white_usv7->black_usv4(机会锁定)
      [ASSIGN] white_usv10->black_usv4(机会锁定)
      [ASSIGN] white_usv4->black_usv4(机会锁定)
      [ASSIGN] white_usv7->black_usv9(机会锁定)
      [ASSIGN] white_usv10->black_usv9(机会锁定)
      [ASSIGN] white_usv4->black_usv9(机会锁定)
      [ASSIGN] white_usv3->black_usv6(机会锁定)
      [ASSIGN] white_usv1->black_usv6(机会锁定)
      [ASSIGN] white_usv7->black_usv4(机会锁定)
      [ASSIGN] white_usv10->black_usv4(机会锁定)
      [ASSIGN] white_usv4->black_usv4(机会锁定)
[t=8,963s] step=280 | MISSION=NORMAL_C | USV: 5/10 (avail=0 int=3 lock=2 frz=0) | UAV: air=10 rtb=0 chg=0 loiter=0 | TRACKS: vis=5 lost=0 engaged=1 | TOP: black_usv10(x188,346) black_usv4(x181,123) black_usv2(x184,342) | KILL=8 | ACTIONS=15 | INTENT: focus=2 ratio=0.20
      [ASSIGN] white_usv7->black_usv9(机会锁定)
      [ASSIGN] white_usv10->black_usv9(机会锁定)
      [ASSIGN] white_usv4->black_usv9(机会锁定)
      [KILL] black_usv9
      [RELEASE] white_usv7->black_usv9(目标失效)
      [RELEASE] white_usv10->black_usv9(目标失效)
      [ASSIGN] white_usv10->black_usv4(机会锁定)
      [RELEASE] white_usv4->black_usv9(目标失效)
      [ASSIGN] white_usv7->black_usv2
      [ASSIGN] white_usv4->black_usv10
      [ASSIGN] white_usv7->black_usv4(机会锁定)
      [ASSIGN] white_usv4->black_usv4(机会锁定)
      [ASSIGN] white_usv10->black_usv2(机会锁定)
      [ASSIGN] white_usv3->black_usv2(机会锁定)
      [ASSIGN] white_usv1->black_usv10(机会锁定)
      [KILL] black_usv2
      [ASSIGN] white_usv7->black_usv6(机会锁定)
      [RELEASE] white_usv10->black_usv2(目标失效)
      [ASSIGN] white_usv10->black_usv6(机会锁定)
      [ASSIGN] white_usv4->black_usv6(机会锁定)
      [RELEASE] white_usv3->black_usv2(目标失效)
      [ASSIGN] white_usv3->black_usv6(机会锁定)
      [KILL] black_usv4
[t=9,404s] step=290 | MISSION=NORMAL_C | USV: 5/10 (avail=0 int=4 lock=1 frz=0) | UAV: air=10 rtb=0 chg=0 loiter=0 | TRACKS: vis=2 lost=0 engaged=1 | TOP: black_usv10(x184,821) black_usv6(x179,773) | KILL=9 | ACTIONS=15 | INTENT: focus=2 ratio=0.20
      [KILL] black_usv6
      [RELEASE] white_usv7->black_usv6(目标失效)
      [RELEASE] white_usv10->black_usv6(目标失效)
      [RELEASE] white_usv4->black_usv6(目标失效)
      [RELEASE] white_usv3->black_usv6(目标失效)
      [ASSIGN] white_usv3->black_usv10(机会锁定)
[t=9,877s] step=300 | MISSION=NORMAL_C | USV: 5/10 (avail=0 int=4 lock=1 frz=0) | UAV: air=10 rtb=0 chg=0 loiter=0 | TRACKS: vis=1 lost=0 engaged=1 | TOP: black_usv10(x181,041) | KILL=9 | ACTIONS=15 | INTENT: focus=2 ratio=0.20
      [ASSIGN] white_usv7->black_usv10
      [ASSIGN] white_usv4->black_usv10(机会锁定)

========================================================================
对局结果: Result.Victory — 敌方所有单位被击毁
  击杀蓝舰: 10 | 命中: 20 | 我方USV损失: 5 | UAV损失: 0 | 突破: 0
[META] result=Result.Victory victory_time=10215 first_detection=1563 first_lock=7391 first_kill=8337 enemy_kills=10 friendly_usv_losses=5 friendly_uav_losses=0 black_breakthrough=0 reacquire_attempts=46 reacquire_success=46 sensor_assisted_locks=29 low_conf_commitments=0 global_reacquire_entries=0 global_reacquire_success=0 coverage_collapse_events=1 active_clusters_max=1 coverage_quality_final=0.19 commander_source=default_intent commander_calls=0 commander_changes=0 commander_no_change=0 commander_parse_failures=0 commander_api_failures=0 commander_policy_failures=0 commander_avg_latency=0.0
Done
