========================================================================
HYBRID AGENT V5 — Variable-Cardinality Hierarchical Maritime Agent
  启用UAV: True | LLM_ENABLED: False
========================================================================
对局 48 开始
      [UAV RELAUNCH] white_uav1
      [UAV RELAUNCH] white_uav6
      [UAV RELAUNCH] white_uav8
      [UAV RELAUNCH] white_uav2
      [UAV RELAUNCH] white_uav4
      [UAV RELAUNCH] white_uav5
      [UAV RELAUNCH] white_uav7
      [UAV RELAUNCH] white_uav3
      [UAV RELAUNCH] white_uav9
      [UAV RELAUNCH] white_uav10
[t=278s] step=10 | MISSION=NORMAL_C | USV: 10/10 (avail=10 int=0 lock=0 frz=0) | UAV: air=10 rtb=0 chg=0 loiter=0 | TRACKS: vis=0 lost=0 engaged=0 | TOP:  | KILL=0 | ACTIONS=20 | INTENT: focus=2 ratio=0.20
  [INTENT APPLIED]
    ThreatAllocator: focus 2 emergency 3 reserve_ratio 0.20 reserve_usvs None bias breakthrough_eta
    UAVManager: mode search_and_reacquire uav_priority []
[t=586s] step=20 | MISSION=NORMAL_C | USV: 10/10 (avail=10 int=0 lock=0 frz=0) | UAV: air=10 rtb=0 chg=0 loiter=0 | TRACKS: vis=0 lost=0 engaged=0 | TOP:  | KILL=0 | ACTIONS=20 | INTENT: focus=2 ratio=0.20
[t=877s] step=30 | MISSION=NORMAL_C | USV: 10/10 (avail=10 int=0 lock=0 frz=0) | UAV: air=10 rtb=0 chg=0 loiter=0 | TRACKS: vis=0 lost=0 engaged=0 | TOP:  | KILL=0 | ACTIONS=20 | INTENT: focus=2 ratio=0.20
[t=1,169s] step=40 | MISSION=NORMAL_C | USV: 10/10 (avail=10 int=0 lock=0 frz=0) | UAV: air=10 rtb=0 chg=0 loiter=0 | TRACKS: vis=0 lost=0 engaged=0 | TOP:  | KILL=0 | ACTIONS=20 | INTENT: focus=2 ratio=0.20
[t=1,460s] step=50 | MISSION=NORMAL_C | USV: 10/10 (avail=10 int=0 lock=0 frz=0) | UAV: air=10 rtb=0 chg=0 loiter=0 | TRACKS: vis=0 lost=0 engaged=0 | TOP:  | KILL=0 | ACTIONS=20 | INTENT: focus=2 ratio=0.20
      [DETECT] black_uav2
      [DETECT] black_uav3
      [DETECT] black_uav7
      [DETECT] black_uav4
      [DETECT] black_uav6
      [DETECT] black_uav8
      [DETECT] black_uav9
      [DETECT] black_uav5
      [DETECT] black_uav1
      [DETECT] black_uav10
[t=1,748s] step=60 | MISSION=NORMAL_C | USV: 10/10 (avail=10 int=0 lock=0 frz=0) | UAV: air=10 rtb=0 chg=0 loiter=0 | TRACKS: vis=10 lost=0 engaged=0 | TOP: black_uav2(x206,818) black_uav3(x206,818) black_uav7(x206,818) | KILL=0 | ACTIONS=20 | INTENT: focus=2 ratio=0.20
      [DETECT] black_usv5
      [DETECT] black_usv9
      [DETECT] black_usv2
      [DETECT] black_usv6
      [DETECT] black_usv7
      [ASSIGN] white_usv2->black_usv2
      [ASSIGN] white_usv9->black_usv7
      [ASSIGN] white_usv4->black_usv5
      [ASSIGN] white_usv6->black_usv6
      [ASSIGN] white_usv7->black_usv6
      [ASSIGN] white_usv8->black_usv9
      [ASSIGN] white_usv10->black_usv5
      [ASSIGN] white_usv1->black_usv2
      [DETECT] black_usv8
      [DETECT] black_usv4
      [ASSIGN] white_usv3->black_usv4
      [ASSIGN] white_usv5->black_usv8
      [DETECT] black_usv10
[t=2,060s] step=70 | MISSION=NORMAL_C | USV: 10/10 (avail=0 int=10 lock=0 frz=0) | UAV: air=10 rtb=0 chg=0 loiter=0 | TRACKS: vis=18 lost=0 engaged=0 | TOP: black_usv10(x242,043) black_usv9(x240,359) black_usv7(x241,839) | KILL=0 | ACTIONS=20 | INTENT: focus=2 ratio=0.20
[t=2,376s] step=80 | MISSION=NORMAL_C | USV: 10/10 (avail=0 int=10 lock=0 frz=0) | UAV: air=10 rtb=0 chg=0 loiter=0 | TRACKS: vis=17 lost=1 engaged=0 | TOP: black_usv10(x239,290) black_usv9(x237,348) black_usv7(x239,054) | KILL=0 | ACTIONS=20 | INTENT: focus=2 ratio=0.20
[t=2,700s] step=90 | MISSION=NORMAL_C | USV: 10/10 (avail=0 int=10 lock=0 frz=0) | UAV: air=10 rtb=0 chg=0 loiter=0 | TRACKS: vis=12 lost=2 engaged=0 | TOP: black_usv10(x236,461) black_usv9(x234,254) black_usv7(x236,193) | KILL=0 | ACTIONS=20 | INTENT: focus=2 ratio=0.20
      [DETECT] black_uav6
      [DETECT] black_uav8
      [RELEASE] white_usv2->black_usv2(目标失效)
      [RELEASE] white_usv1->black_usv2(目标失效)
      [ASSIGN] white_usv2->black_usv10
      [ASSIGN] white_usv1->black_usv9
      [DETECT] black_uav9
      [DETECT] black_uav5
[t=3,018s] step=100 | MISSION=NORMAL_C | USV: 10/10 (avail=0 int=10 lock=0 frz=0) | UAV: air=10 rtb=0 chg=0 loiter=0 | TRACKS: vis=15 lost=2 engaged=0 | TOP: black_usv7(x233,397) black_usv10(x233,697) black_usv8(x233,968) | KILL=0 | ACTIONS=20 | INTENT: focus=2 ratio=0.20
[t=3,357s] step=110 | MISSION=NORMAL_C | USV: 10/10 (avail=0 int=10 lock=0 frz=0) | UAV: air=10 rtb=0 chg=0 loiter=0 | TRACKS: vis=17 lost=0 engaged=0 | TOP: black_usv7(x230,410) black_usv8(x231,045) black_usv4(x232,848) | KILL=0 | ACTIONS=20 | INTENT: focus=2 ratio=0.20
[t=3,688s] step=120 | MISSION=NORMAL_C | USV: 10/10 (avail=0 int=10 lock=0 frz=0) | UAV: air=10 rtb=0 chg=0 loiter=0 | TRACKS: vis=17 lost=0 engaged=0 | TOP: black_usv7(x227,493) black_usv8(x228,190) black_usv4(x230,171) | KILL=0 | ACTIONS=20 | INTENT: focus=2 ratio=0.20
[t=4,004s] step=130 | MISSION=NORMAL_C | USV: 10/10 (avail=0 int=10 lock=0 frz=0) | UAV: air=10 rtb=0 chg=0 loiter=0 | TRACKS: vis=17 lost=0 engaged=0 | TOP: black_usv7(x224,709) black_usv4(x227,687) black_usv10(x224,278) | KILL=0 | ACTIONS=20 | INTENT: focus=2 ratio=0.20
[t=4,247s] step=140 | MISSION=NORMAL_C | USV: 10/10 (avail=0 int=10 lock=0 frz=0) | UAV: air=10 rtb=0 chg=0 loiter=0 | TRACKS: vis=17 lost=0 engaged=0 | TOP: black_usv7(x222,567) black_usv10(x221,850) black_usv4(x225,911) | KILL=0 | ACTIONS=20 | INTENT: focus=2 ratio=0.20
[t=4,502s] step=150 | MISSION=NORMAL_C | USV: 10/10 (avail=0 int=10 lock=0 frz=0) | UAV: air=10 rtb=0 chg=0 loiter=0 | TRACKS: vis=16 lost=1 engaged=0 | TOP: black_usv10(x219,303) black_usv8(x220,162) black_usv4(x224,047) | KILL=0 | ACTIONS=20 | INTENT: focus=2 ratio=0.20
[t=4,746s] step=160 | MISSION=NORMAL_C | USV: 10/10 (avail=0 int=10 lock=0 frz=0) | UAV: air=10 rtb=0 chg=0 loiter=0 | TRACKS: vis=17 lost=0 engaged=0 | TOP: black_usv10(x216,865) black_usv8(x217,731) black_usv4(x222,264) | KILL=0 | ACTIONS=20 | INTENT: focus=2 ratio=0.20
[t=5,025s] step=170 | MISSION=NORMAL_C | USV: 10/10 (avail=0 int=10 lock=0 frz=0) | UAV: air=10 rtb=0 chg=0 loiter=0 | TRACKS: vis=17 lost=0 engaged=0 | TOP: black_usv10(x214,077) black_usv8(x214,950) black_usv4(x220,226) | KILL=0 | ACTIONS=20 | INTENT: focus=2 ratio=0.20
[t=5,289s] step=180 | MISSION=NORMAL_C | USV: 10/10 (avail=0 int=10 lock=0 frz=0) | UAV: air=10 rtb=0 chg=0 loiter=0 | TRACKS: vis=17 lost=0 engaged=0 | TOP: black_usv10(x211,439) black_usv8(x212,319) black_usv4(x218,296) | KILL=0 | ACTIONS=20 | INTENT: focus=2 ratio=0.20
[t=5,603s] step=190 | MISSION=NORMAL_C | USV: 10/10 (avail=0 int=10 lock=0 frz=0) | UAV: air=10 rtb=0 chg=0 loiter=0 | TRACKS: vis=17 lost=0 engaged=0 | TOP: black_usv10(x208,302) black_usv8(x209,190) black_usv4(x216,002) | KILL=0 | ACTIONS=20 | INTENT: focus=2 ratio=0.20
      [DETECT] black_usv1
      [DETECT] black_usv2
[t=5,931s] step=200 | MISSION=NORMAL_C | USV: 10/10 (avail=0 int=10 lock=0 frz=0) | UAV: air=10 rtb=0 chg=0 loiter=0 | TRACKS: vis=16 lost=3 engaged=0 | TOP: black_usv2(x201,015) black_usv1(x204,392) black_usv10(x205,025) | KILL=0 | ACTIONS=20 | INTENT: focus=2 ratio=0.20
      [DETECT] black_usv3
[t=6,302s] step=210 | MISSION=NORMAL_C | USV: 10/10 (avail=0 int=10 lock=0 frz=0) | UAV: air=10 rtb=0 chg=0 loiter=0 | TRACKS: vis=10 lost=0 engaged=0 | TOP: black_usv2(x197,326) black_usv1(x200,914) black_usv3(x210,507) | KILL=0 | ACTIONS=20 | INTENT: focus=2 ratio=0.20
[t=6,659s] step=220 | MISSION=NORMAL_C | USV: 10/10 (avail=0 int=10 lock=0 frz=0) | UAV: air=10 rtb=0 chg=0 loiter=0 | TRACKS: vis=10 lost=0 engaged=0 | TOP: black_usv2(x193,776) black_usv1(x197,568) black_usv3(x207,704) | KILL=0 | ACTIONS=20 | INTENT: focus=2 ratio=0.20
[t=7,031s] step=230 | MISSION=NORMAL_C | USV: 10/10 (avail=0 int=10 lock=0 frz=0) | UAV: air=10 rtb=0 chg=0 loiter=0 | TRACKS: vis=10 lost=0 engaged=0 | TOP: black_usv1(x194,080) black_usv2(x190,120) black_usv3(x204,783) | KILL=0 | ACTIONS=20 | INTENT: focus=2 ratio=0.20
      [ASSIGN] white_usv8->black_usv6(机会锁定)
[t=7,398s] step=240 | MISSION=NORMAL_C | USV: 10/10 (avail=0 int=7 lock=3 frz=0) | UAV: air=10 rtb=0 chg=0 loiter=0 | TRACKS: vis=10 lost=0 engaged=2 | TOP: black_usv1(x190,640) black_usv2(x186,558) black_usv3(x201,901) | KILL=0 | ACTIONS=20 | INTENT: focus=2 ratio=0.20
      [ASSIGN] white_usv9->black_usv6(机会锁定)
      [ASSIGN] white_usv10->black_usv6(机会锁定)
      [ASSIGN] white_usv1->black_usv5(机会锁定)
      [ASSIGN] white_usv3->black_usv6(机会锁定)
      [ASSIGN] white_usv5->black_usv6(机会锁定)
      [ASSIGN] white_usv4->black_usv2(机会锁定)
      [ASSIGN] white_usv6->black_usv9(机会锁定)
      [ASSIGN] white_usv7->black_usv9(机会锁定)
      [ASSIGN] white_usv9->black_usv8(机会锁定)
      [ASSIGN] white_usv8->black_usv9(机会锁定)
      [ASSIGN] white_usv10->black_usv5(机会锁定)
      [ASSIGN] white_usv3->black_usv5(机会锁定)
      [ASSIGN] white_usv5->black_usv8(机会锁定)
      [ASSIGN] white_usv3->black_usv6(机会锁定)
      [ASSIGN] white_usv5->black_usv6(机会锁定)
[t=7,761s] step=250 | MISSION=NORMAL_C | USV: 10/10 (avail=0 int=3 lock=7 frz=0) | UAV: air=10 rtb=0 chg=0 loiter=0 | TRACKS: vis=10 lost=0 engaged=4 | TOP: black_usv6(x183,241) black_usv1(x187,237) black_usv3(x199,051) | KILL=1 | ACTIONS=20 | INTENT: focus=2 ratio=0.20
      [ASSIGN] white_usv10->black_usv6(机会锁定)
      [ASSIGN] white_usv1->black_usv2(机会锁定)
      [ASSIGN] white_usv5->black_usv8(机会锁定)
      [ASSIGN] white_usv2->black_usv6(机会锁定)
      [ASSIGN] white_usv10->black_usv5(机会锁定)
      [ASSIGN] white_usv2->black_usv8(机会锁定)
      [ASSIGN] white_usv9->black_usv10(机会锁定)
      [ASSIGN] white_usv4->black_usv5(机会锁定)
      [ASSIGN] white_usv6->black_usv6(机会锁定)
      [ASSIGN] white_usv7->black_usv6(机会锁定)
      [ASSIGN] white_usv8->black_usv6(机会锁定)
      [ASSIGN] white_usv10->black_usv6(机会锁定)
      [ASSIGN] white_usv4->black_usv9(机会锁定)
      [ASSIGN] white_usv6->black_usv9(机会锁定)
      [ASSIGN] white_usv7->black_usv9(机会锁定)
      [ASSIGN] white_usv8->black_usv9(机会锁定)
      [ASSIGN] white_usv10->black_usv9(机会锁定)
      [ASSIGN] white_usv2->black_usv6(机会锁定)
      [ASSIGN] white_usv4->black_usv5(机会锁定)
      [ASSIGN] white_usv6->black_usv5(机会锁定)
      [ASSIGN] white_usv7->black_usv5(机会锁定)
      [ASSIGN] white_usv8->black_usv5(机会锁定)
      [ASSIGN] white_usv10->black_usv5(机会锁定)
      [ASSIGN] white_usv1->black_usv5(机会锁定)
      [ASSIGN] white_usv5->black_usv6(机会锁定)
      [ASSIGN] white_usv2->black_usv8(机会锁定)
      [ASSIGN] white_usv4->black_usv9(机会锁定)
      [ASSIGN] white_usv6->black_usv9(机会锁定)
      [ASSIGN] white_usv7->black_usv9(机会锁定)
      [ASSIGN] white_usv8->black_usv9(机会锁定)
      [ASSIGN] white_usv10->black_usv9(机会锁定)
      [ASSIGN] white_usv1->black_usv9(机会锁定)
      [ASSIGN] white_usv5->black_usv8(机会锁定)
[t=8,153s] step=260 | MISSION=NORMAL_C | USV: 10/10 (avail=0 int=9 lock=1 frz=0) | UAV: air=10 rtb=0 chg=0 loiter=0 | TRACKS: vis=10 lost=0 engaged=1 | TOP: black_usv9(x183,658) black_usv1(x183,562) black_usv2(x180,638) | KILL=5 | ACTIONS=20 | INTENT: focus=2 ratio=0.20
      [ASSIGN] white_usv2->black_usv6(机会锁定)
      [ASSIGN] white_usv4->black_usv5(机会锁定)
      [ASSIGN] white_usv6->black_usv5(机会锁定)
      [ASSIGN] white_usv7->black_usv6(机会锁定)
      [ASSIGN] white_usv8->black_usv5(机会锁定)
      [ASSIGN] white_usv10->black_usv5(机会锁定)
      [ASSIGN] white_usv1->black_usv5(机会锁定)
      [ASSIGN] white_usv5->black_usv6(机会锁定)
      [ASSIGN] white_usv2->black_usv8(机会锁定)
      [ASSIGN] white_usv4->black_usv9(机会锁定)
      [ASSIGN] white_usv6->black_usv9(机会锁定)
      [ASSIGN] white_usv7->black_usv9(机会锁定)
      [ASSIGN] white_usv8->black_usv9(机会锁定)
      [ASSIGN] white_usv10->black_usv9(机会锁定)
      [ASSIGN] white_usv1->black_usv9(机会锁定)
      [ASSIGN] white_usv3->black_usv9(机会锁定)
      [ASSIGN] white_usv5->black_usv8(机会锁定)
      [KILL] black_usv5
      [KILL] black_usv6
      [ASSIGN] white_usv2->black_usv4(机会锁定)
      [ASSIGN] white_usv4->black_usv2(机会锁定)
      [ASSIGN] white_usv6->black_usv2(机会锁定)
      [ASSIGN] white_usv8->black_usv8(机会锁定)
      [ASSIGN] white_usv10->black_usv2(机会锁定)
      [ASSIGN] white_usv1->black_usv2(机会锁定)
      [ASSIGN] white_usv5->black_usv4(机会锁定)
      [ASSIGN] white_usv4->black_usv9(机会锁定)
      [ASSIGN] white_usv6->black_usv9(机会锁定)
      [ASSIGN] white_usv8->black_usv7(机会锁定)
      [ASSIGN] white_usv10->black_usv7(机会锁定)
      [ASSIGN] white_usv1->black_usv9(机会锁定)
      [ASSIGN] white_usv9->black_usv8(机会锁定)
      [ASSIGN] white_usv6->black_usv2(机会锁定)
      [ASSIGN] white_usv8->black_usv8(机会锁定)
      [ASSIGN] white_usv10->black_usv2(机会锁定)
      [ASSIGN] white_usv1->black_usv2(机会锁定)
      [ASSIGN] white_usv9->black_usv10(机会锁定)
      [ASSIGN] white_usv6->black_usv7(机会锁定)
      [ASSIGN] white_usv8->black_usv7(机会锁定)
      [ASSIGN] white_usv10->black_usv7(机会锁定)
      [ASSIGN] white_usv4->black_usv2(机会锁定)
[t=8,604s] step=270 | MISSION=NORMAL_C | USV: 10/10 (avail=0 int=4 lock=6 frz=0) | UAV: air=10 rtb=0 chg=0 loiter=0 | TRACKS: vis=8 lost=0 engaged=3 | TOP: black_usv1(x179,335) black_usv8(x184,843) black_usv3(x192,432) | KILL=5 | ACTIONS=20 | INTENT: focus=2 ratio=0.20
      [KILL] black_usv9
      [KILL] black_usv8
      [KILL] black_usv2
      [ASSIGN] white_usv2->black_usv10(机会锁定)
      [RELEASE] white_usv4->black_usv2(目标失效)
      [RELEASE] white_usv7->black_usv9(目标失效)
      [RELEASE] white_usv1->black_usv2(目标失效)
      [ASSIGN] white_usv1->black_usv7(机会锁定)
      [RELEASE] white_usv3->black_usv9(目标失效)
      [ASSIGN] white_usv5->black_usv10(机会锁定)
      [ASSIGN] white_usv4->black_usv1
      [ASSIGN] white_usv7->black_usv4
      [ASSIGN] white_usv3->black_usv7(机会锁定)
      [ASSIGN] white_usv2->black_usv4(机会锁定)
      [ASSIGN] white_usv9->black_usv4(机会锁定)
      [ASSIGN] white_usv8->black_usv4(机会锁定)
      [ASSIGN] white_usv5->black_usv4(机会锁定)
      [ASSIGN] white_usv2->black_usv10(机会锁定)
      [ASSIGN] white_usv9->black_usv10(机会锁定)
      [ASSIGN] white_usv8->black_usv7(机会锁定)
      [ASSIGN] white_usv5->black_usv10(机会锁定)
      [ASSIGN] white_usv2->black_usv4(机会锁定)
      [ASSIGN] white_usv9->black_usv4(机会锁定)
      [ASSIGN] white_usv7->black_usv7(机会锁定)
      [ASSIGN] white_usv8->black_usv4(机会锁定)
      [ASSIGN] white_usv3->black_usv4(机会锁定)
      [ASSIGN] white_usv5->black_usv4(机会锁定)
      [ASSIGN] white_usv2->black_usv10(机会锁定)
      [ASSIGN] white_usv9->black_usv10(机会锁定)
      [ASSIGN] white_usv8->black_usv7(机会锁定)
      [ASSIGN] white_usv3->black_usv7(机会锁定)
      [ASSIGN] white_usv5->black_usv10(机会锁定)
      [ASSIGN] white_usv2->black_usv4(机会锁定)
      [ASSIGN] white_usv8->black_usv4(机会锁定)
      [ASSIGN] white_usv3->black_usv4(机会锁定)
      [ASSIGN] white_usv5->black_usv4(机会锁定)
      [ASSIGN] white_usv2->black_usv10(机会锁定)
      [ASSIGN] white_usv8->black_usv7(机会锁定)
      [ASSIGN] white_usv3->black_usv7(机会锁定)
      [ASSIGN] white_usv5->black_usv10(机会锁定)
      [ASSIGN] white_usv2->black_usv4(机会锁定)
      [ASSIGN] white_usv7->black_usv4(机会锁定)
      [ASSIGN] white_usv8->black_usv4(机会锁定)
      [ASSIGN] white_usv10->black_usv4(机会锁定)
      [ASSIGN] white_usv3->black_usv4(机会锁定)
      [ASSIGN] white_usv5->black_usv4(机会锁定)
      [ASSIGN] white_usv2->black_usv10(机会锁定)
      [ASSIGN] white_usv7->black_usv7(机会锁定)
      [ASSIGN] white_usv8->black_usv7(机会锁定)
      [ASSIGN] white_usv10->black_usv7(机会锁定)
      [ASSIGN] white_usv3->black_usv7(机会锁定)
      [ASSIGN] white_usv5->black_usv10(机会锁定)
[t=9,173s] step=280 | MISSION=NORMAL_C | USV: 10/10 (avail=0 int=10 lock=0 frz=0) | UAV: air=10 rtb=0 chg=0 loiter=0 | TRACKS: vis=5 lost=0 engaged=0 | TOP: black_usv3(x187,964) black_usv1(x174,001) black_usv10(x179,987) | KILL=8 | ACTIONS=20 | INTENT: focus=2 ratio=0.20
      [ASSIGN] white_usv9->black_usv4(机会锁定)
      [ASSIGN] white_usv7->black_usv4(机会锁定)
      [ASSIGN] white_usv8->black_usv4(机会锁定)
      [ASSIGN] white_usv10->black_usv4(机会锁定)
      [ASSIGN] white_usv3->black_usv4(机会锁定)
      [ASSIGN] white_usv5->black_usv4(机会锁定)
      [KILL] black_usv4
      [RELEASE] white_usv9->black_usv4(目标失效)
      [ASSIGN] white_usv9->black_usv10(机会锁定)
      [RELEASE] white_usv7->black_usv4(目标失效)
      [ASSIGN] white_usv7->black_usv10(机会锁定)
      [RELEASE] white_usv8->black_usv4(目标失效)
      [ASSIGN] white_usv8->black_usv10(机会锁定)
      [RELEASE] white_usv10->black_usv4(目标失效)
      [ASSIGN] white_usv10->black_usv7(机会锁定)
      [RELEASE] white_usv3->black_usv4(目标失效)
      [ASSIGN] white_usv3->black_usv10(机会锁定)
      [RELEASE] white_usv5->black_usv4(目标失效)
      [ASSIGN] white_usv5->black_usv10(机会锁定)
      [ASSIGN] white_usv7->black_usv7(机会锁定)
      [ASSIGN] white_usv8->black_usv7(机会锁定)
      [ASSIGN] white_usv3->black_usv7(机会锁定)
      [ASSIGN] white_usv5->black_usv7(机会锁定)
      [KILL] black_usv7
      [KILL] black_usv10
      [RELEASE] white_usv2->black_usv10(目标失效)
      [RELEASE] white_usv9->black_usv10(目标失效)
      [RELEASE] white_usv6->black_usv7(目标失效)
      [RELEASE] white_usv7->black_usv7(目标失效)
      [RELEASE] white_usv8->black_usv7(目标失效)
      [RELEASE] white_usv10->black_usv7(目标失效)
      [RELEASE] white_usv1->black_usv7(目标失效)
      [RELEASE] white_usv3->black_usv7(目标失效)
      [RELEASE] white_usv5->black_usv7(目标失效)
      [ASSIGN] white_usv6->black_usv3
      [ASSIGN] white_usv8->black_usv1
      [ASSIGN] white_usv10->black_usv1
      [ASSIGN] white_usv1->black_usv3
      [ASSIGN] white_usv3->black_usv3
[t=9,672s] step=290 | MISSION=NORMAL_C | USV: 10/10 (avail=4 int=6 lock=0 frz=0) | UAV: air=10 rtb=0 chg=0 loiter=0 | TRACKS: vis=0 lost=2 engaged=0 | TOP: black_usv1(x169,323) black_usv3(x184,046) | KILL=8 | ACTIONS=20 | INTENT: focus=2 ratio=0.20
      [RELEASE] white_usv6->black_usv3(目标失效)
      [RELEASE] white_usv1->black_usv3(目标失效)
      [RELEASE] white_usv3->black_usv3(目标失效)
[t=10,264s] step=300 | MISSION=NORMAL_C | USV: 10/10 (avail=7 int=2 lock=1 frz=0) | UAV: air=10 rtb=0 chg=0 loiter=0 | TRACKS: vis=1 lost=0 engaged=1 | TOP: black_usv1(x163,773) | KILL=8 | ACTIONS=20 | INTENT: focus=2 ratio=0.20
[t=10,912s] step=310 | MISSION=NORMAL_C | USV: 10/10 (avail=7 int=3 lock=0 frz=0) | UAV: air=10 rtb=0 chg=0 loiter=0 | TRACKS: vis=1 lost=0 engaged=0 | TOP: black_usv1(x161,139) | KILL=9 | ACTIONS=20 | INTENT: focus=2 ratio=0.20
      [KILL] black_usv1
      [RELEASE] white_usv4->black_usv1(目标失效)
      [RELEASE] white_usv8->black_usv1(目标失效)
      [RELEASE] white_usv10->black_usv1(目标失效)
[t=11,593s] step=320 | MISSION=NORMAL_C | USV: 10/10 (avail=10 int=0 lock=0 frz=0) | UAV: air=10 rtb=0 chg=0 loiter=0 | TRACKS: vis=0 lost=0 engaged=0 | TOP:  | KILL=9 | ACTIONS=20 | INTENT: focus=2 ratio=0.20
[t=12,253s] step=330 | MISSION=GLOBAL_R | USV: 10/10 (avail=10 int=0 lock=0 frz=0) | UAV: air=10 rtb=0 chg=0 loiter=0 | TRACKS: vis=0 lost=0 engaged=0 | TOP:  | KILL=9 | ACTIONS=20 | INTENT: focus=2 ratio=0.20
      [DETECT] black_usv3
      [ASSIGN] white_usv4->black_usv3
      [ASSIGN] white_usv8->black_usv3
      [ASSIGN] white_usv10->black_usv3
[t=12,931s] step=340 | MISSION=NORMAL_C | USV: 10/10 (avail=7 int=3 lock=0 frz=0) | UAV: air=10 rtb=0 chg=0 loiter=0 | TRACKS: vis=1 lost=0 engaged=0 | TOP: black_usv3(x158,455) | KILL=9 | ACTIONS=20 | INTENT: focus=2 ratio=0.20
[t=13,609s] step=350 | MISSION=NORMAL_C | USV: 10/10 (avail=7 int=1 lock=2 frz=0) | UAV: air=10 rtb=0 chg=0 loiter=0 | TRACKS: vis=1 lost=0 engaged=1 | TOP: black_usv3(x154,859) | KILL=9 | ACTIONS=20 | INTENT: focus=2 ratio=0.20

========================================================================
对局结果: Result.Victory — 敌方所有单位被击毁
  击杀蓝舰: 10 | 命中: 20 | 我方USV损失: 0 | UAV损失: 0 | 突破: 0
[META] result=Result.Victory victory_time=13750 first_detection=1571 first_lock=7398 first_kill=8303 enemy_kills=10 friendly_usv_losses=0 friendly_uav_losses=0 black_breakthrough=0 reacquire_attempts=30 reacquire_success=30 sensor_assisted_locks=38 low_conf_commitments=0 global_reacquire_entries=1 global_reacquire_success=1 coverage_collapse_events=1 active_clusters_max=1 coverage_quality_final=0.27 commander_source=default_intent commander_calls=0 commander_changes=0 commander_no_change=0 commander_parse_failures=0 commander_api_failures=0 commander_policy_failures=0 commander_avg_latency=0.0
Done
