========================================================================
HYBRID AGENT V5 — Variable-Cardinality Hierarchical Maritime Agent
  启用UAV: True | LLM_ENABLED: False
========================================================================
对局 61 开始
      [UAV RELAUNCH] white_uav2
      [UAV RELAUNCH] white_uav5
      [UAV RELAUNCH] white_uav6
      [UAV RELAUNCH] white_uav8
      [UAV RELAUNCH] white_uav3
      [UAV RELAUNCH] white_uav9
      [UAV RELAUNCH] white_uav1
      [UAV RELAUNCH] white_uav4
      [UAV RELAUNCH] white_uav7
      [UAV RELAUNCH] white_uav10
[t=278s] step=10 | MISSION=NORMAL_C | USV: 10/10 (avail=10 int=0 lock=0 frz=0) | UAV: air=10 rtb=0 chg=0 loiter=0 | TRACKS: vis=0 lost=0 engaged=0 | TOP:  | KILL=0 | ACTIONS=20 | INTENT: focus=2 ratio=0.20
  [INTENT APPLIED]
    ThreatAllocator: focus 2 emergency 3 reserve_ratio 0.20 reserve_usvs None bias breakthrough_eta
    UAVManager: mode search_and_reacquire uav_priority []
[t=584s] step=20 | MISSION=NORMAL_C | USV: 10/10 (avail=10 int=0 lock=0 frz=0) | UAV: air=10 rtb=0 chg=0 loiter=0 | TRACKS: vis=0 lost=0 engaged=0 | TOP:  | KILL=0 | ACTIONS=20 | INTENT: focus=2 ratio=0.20
[t=895s] step=30 | MISSION=NORMAL_C | USV: 10/10 (avail=10 int=0 lock=0 frz=0) | UAV: air=10 rtb=0 chg=0 loiter=0 | TRACKS: vis=0 lost=0 engaged=0 | TOP:  | KILL=0 | ACTIONS=20 | INTENT: focus=2 ratio=0.20
[t=1,213s] step=40 | MISSION=NORMAL_C | USV: 10/10 (avail=10 int=0 lock=0 frz=0) | UAV: air=10 rtb=0 chg=0 loiter=0 | TRACKS: vis=0 lost=0 engaged=0 | TOP:  | KILL=0 | ACTIONS=20 | INTENT: focus=2 ratio=0.20
[t=1,527s] step=50 | MISSION=NORMAL_C | USV: 10/10 (avail=10 int=0 lock=0 frz=0) | UAV: air=10 rtb=0 chg=0 loiter=0 | TRACKS: vis=0 lost=0 engaged=0 | TOP:  | KILL=0 | ACTIONS=20 | INTENT: focus=2 ratio=0.20
      [DETECT] black_uav6
      [DETECT] black_uav3
      [DETECT] black_uav7
      [DETECT] black_uav4
      [DETECT] black_uav5
      [DETECT] black_uav2
      [DETECT] black_uav1
      [DETECT] black_uav8
      [DETECT] black_uav9
      [DETECT] black_uav10
[t=1,834s] step=60 | MISSION=NORMAL_C | USV: 10/10 (avail=10 int=0 lock=0 frz=0) | UAV: air=10 rtb=0 chg=0 loiter=0 | TRACKS: vis=10 lost=0 engaged=0 | TOP: black_uav6(x204,238) black_uav3(x204,238) black_uav7(x204,238) | KILL=0 | ACTIONS=20 | INTENT: focus=2 ratio=0.20
      [DETECT] black_usv10
      [DETECT] black_usv2
      [DETECT] black_usv6
      [DETECT] black_usv7
      [DETECT] black_usv5
      [DETECT] black_usv9
      [DETECT] black_usv4
      [DETECT] black_usv3
      [ASSIGN] white_usv1->black_usv2
      [ASSIGN] white_usv6->black_usv5
      [ASSIGN] white_usv4->black_usv4
      [ASSIGN] white_usv3->black_usv3
      [ASSIGN] white_usv9->black_usv10
      [ASSIGN] white_usv10->black_usv9
      [ASSIGN] white_usv7->black_usv7
      [ASSIGN] white_usv2->black_usv6
      [DETECT] black_usv8
      [DETECT] black_usv1
      [ASSIGN] white_usv5->black_usv1
      [ASSIGN] white_usv8->black_usv8
[t=2,146s] step=70 | MISSION=NORMAL_C | USV: 10/10 (avail=0 int=10 lock=0 frz=0) | UAV: air=10 rtb=0 chg=0 loiter=0 | TRACKS: vis=14 lost=6 engaged=0 | TOP: black_usv3(x238,531) black_usv5(x238,564) black_usv1(x238,593) | KILL=0 | ACTIONS=20 | INTENT: focus=2 ratio=0.20
[t=2,465s] step=80 | MISSION=NORMAL_C | USV: 10/10 (avail=0 int=10 lock=0 frz=0) | UAV: air=10 rtb=0 chg=0 loiter=0 | TRACKS: vis=11 lost=5 engaged=0 | TOP: black_usv3(x235,341) black_usv5(x235,378) black_usv1(x235,413) | KILL=0 | ACTIONS=20 | INTENT: focus=2 ratio=0.20
      [DETECT] black_uav1
      [DETECT] black_uav4
      [DETECT] black_uav8
      [DETECT] black_uav5
[t=2,780s] step=90 | MISSION=NORMAL_C | USV: 10/10 (avail=0 int=10 lock=0 frz=0) | UAV: air=10 rtb=0 chg=0 loiter=0 | TRACKS: vis=10 lost=6 engaged=0 | TOP: black_usv3(x232,191) black_usv5(x232,233) black_usv1(x232,272) | KILL=0 | ACTIONS=20 | INTENT: focus=2 ratio=0.20
      [DETECT] black_uav6
      [DETECT] black_uav9
[t=3,106s] step=100 | MISSION=NORMAL_C | USV: 10/10 (avail=0 int=10 lock=0 frz=0) | UAV: air=10 rtb=0 chg=0 loiter=0 | TRACKS: vis=17 lost=0 engaged=0 | TOP: black_usv3(x228,931) black_usv5(x228,978) black_usv1(x229,021) | KILL=0 | ACTIONS=20 | INTENT: focus=2 ratio=0.20
      [DETECT] black_uav10
[t=3,442s] step=110 | MISSION=NORMAL_C | USV: 10/10 (avail=0 int=10 lock=0 frz=0) | UAV: air=10 rtb=0 chg=0 loiter=0 | TRACKS: vis=18 lost=0 engaged=0 | TOP: black_usv3(x225,571) black_usv5(x225,624) black_usv1(x225,671) | KILL=0 | ACTIONS=20 | INTENT: focus=2 ratio=0.20
      [DETECT] black_uav2
[t=3,778s] step=120 | MISSION=NORMAL_C | USV: 10/10 (avail=0 int=10 lock=0 frz=0) | UAV: air=10 rtb=0 chg=0 loiter=0 | TRACKS: vis=18 lost=1 engaged=0 | TOP: black_usv3(x222,211) black_usv5(x222,269) black_usv1(x222,321) | KILL=0 | ACTIONS=20 | INTENT: focus=2 ratio=0.20
      [DETECT] black_uav3
[t=4,086s] step=130 | MISSION=NORMAL_C | USV: 10/10 (avail=0 int=10 lock=0 frz=0) | UAV: air=10 rtb=0 chg=0 loiter=0 | TRACKS: vis=20 lost=0 engaged=0 | TOP: black_usv3(x219,131) black_usv5(x219,194) black_usv1(x219,250) | KILL=0 | ACTIONS=20 | INTENT: focus=2 ratio=0.20
[t=4,357s] step=140 | MISSION=NORMAL_C | USV: 10/10 (avail=0 int=10 lock=0 frz=0) | UAV: air=10 rtb=0 chg=0 loiter=0 | TRACKS: vis=20 lost=0 engaged=0 | TOP: black_usv3(x216,421) black_usv5(x216,488) black_usv1(x216,548) | KILL=0 | ACTIONS=20 | INTENT: focus=2 ratio=0.20
[t=4,627s] step=150 | MISSION=NORMAL_C | USV: 10/10 (avail=0 int=10 lock=0 frz=0) | UAV: air=10 rtb=0 chg=0 loiter=0 | TRACKS: vis=20 lost=0 engaged=0 | TOP: black_usv3(x213,721) black_usv5(x213,792) black_usv1(x213,856) | KILL=0 | ACTIONS=20 | INTENT: focus=2 ratio=0.20
[t=4,881s] step=160 | MISSION=NORMAL_C | USV: 10/10 (avail=0 int=10 lock=0 frz=0) | UAV: air=10 rtb=0 chg=0 loiter=0 | TRACKS: vis=20 lost=0 engaged=0 | TOP: black_usv3(x211,181) black_usv5(x211,256) black_usv1(x211,324) | KILL=0 | ACTIONS=20 | INTENT: focus=2 ratio=0.20
[t=5,162s] step=170 | MISSION=NORMAL_C | USV: 10/10 (avail=0 int=10 lock=0 frz=0) | UAV: air=10 rtb=0 chg=0 loiter=0 | TRACKS: vis=20 lost=0 engaged=0 | TOP: black_usv3(x208,371) black_usv5(x208,450) black_usv1(x208,522) | KILL=0 | ACTIONS=20 | INTENT: focus=2 ratio=0.20
[t=5,462s] step=180 | MISSION=NORMAL_C | USV: 10/10 (avail=0 int=10 lock=0 frz=0) | UAV: air=10 rtb=0 chg=0 loiter=0 | TRACKS: vis=20 lost=0 engaged=0 | TOP: black_usv3(x205,371) black_usv5(x205,455) black_usv1(x205,531) | KILL=0 | ACTIONS=20 | INTENT: focus=2 ratio=0.20
[t=5,787s] step=190 | MISSION=NORMAL_C | USV: 10/10 (avail=0 int=10 lock=0 frz=0) | UAV: air=10 rtb=0 chg=0 loiter=0 | TRACKS: vis=20 lost=0 engaged=0 | TOP: black_usv3(x202,121) black_usv5(x202,210) black_usv1(x202,290) | KILL=0 | ACTIONS=20 | INTENT: focus=2 ratio=0.20
[t=6,137s] step=200 | MISSION=NORMAL_C | USV: 10/10 (avail=0 int=10 lock=0 frz=0) | UAV: air=10 rtb=0 chg=0 loiter=0 | TRACKS: vis=10 lost=0 engaged=0 | TOP: black_usv3(x198,621) black_usv5(x198,716) black_usv1(x198,800) | KILL=0 | ACTIONS=20 | INTENT: focus=2 ratio=0.20
[t=6,504s] step=210 | MISSION=NORMAL_C | USV: 10/10 (avail=0 int=10 lock=0 frz=0) | UAV: air=10 rtb=0 chg=0 loiter=0 | TRACKS: vis=10 lost=0 engaged=0 | TOP: black_usv3(x194,951) black_usv5(x195,051) black_usv1(x195,141) | KILL=0 | ACTIONS=20 | INTENT: focus=2 ratio=0.20
[t=6,876s] step=220 | MISSION=NORMAL_C | USV: 10/10 (avail=0 int=10 lock=0 frz=0) | UAV: air=10 rtb=0 chg=0 loiter=0 | TRACKS: vis=10 lost=0 engaged=0 | TOP: black_usv3(x191,231) black_usv5(x191,337) black_usv1(x191,432) | KILL=0 | ACTIONS=20 | INTENT: focus=2 ratio=0.20
[t=7,247s] step=230 | MISSION=NORMAL_C | USV: 10/10 (avail=0 int=10 lock=0 frz=0) | UAV: air=10 rtb=0 chg=0 loiter=0 | TRACKS: vis=10 lost=0 engaged=0 | TOP: black_usv3(x187,521) black_usv5(x187,633) black_usv1(x187,733) | KILL=0 | ACTIONS=20 | INTENT: focus=2 ratio=0.20
      [ASSIGN] white_usv4->black_usv5(机会锁定)
      [ASSIGN] white_usv2->black_usv1(机会锁定)
      [ASSIGN] white_usv5->black_usv3(机会锁定)
      [ASSIGN] white_usv10->black_usv10(机会锁定)
      [ASSIGN] white_usv8->black_usv5(机会锁定)
[t=7,631s] step=240 | MISSION=NORMAL_C | USV: 10/10 (avail=0 int=0 lock=10 frz=0) | UAV: air=10 rtb=0 chg=0 loiter=0 | TRACKS: vis=10 lost=0 engaged=6 | TOP: black_usv4(x185,020) black_usv9(x186,209) black_usv6(x191,351) | KILL=0 | ACTIONS=20 | INTENT: focus=2 ratio=0.20
      [ASSIGN] white_usv6->black_usv4(机会锁定)
      [ASSIGN] white_usv4->black_usv4(机会锁定)
      [ASSIGN] white_usv3->black_usv1(机会锁定)
      [ASSIGN] white_usv7->black_usv4(机会锁定)
      [ASSIGN] white_usv8->black_usv4(机会锁定)
      [ASSIGN] white_usv9->black_usv7(机会锁定)
      [ASSIGN] white_usv5->black_usv5(机会锁定)
      [ASSIGN] white_usv10->black_usv9(机会锁定)
      [ASSIGN] white_usv5->black_usv3(机会锁定)
      [ASSIGN] white_usv5->black_usv5(机会锁定)
      [ASSIGN] white_usv5->black_usv3(机会锁定)
      [ASSIGN] white_usv5->black_usv5(机会锁定)
      [ASSIGN] white_usv5->black_usv3(机会锁定)
      [ASSIGN] white_usv5->black_usv5(机会锁定)
      [ASSIGN] white_usv1->black_usv3(机会锁定)
      [ASSIGN] white_usv5->black_usv3(机会锁定)
[t=8,017s] step=250 | MISSION=NORMAL_C | USV: 10/10 (avail=0 int=2 lock=8 frz=0) | UAV: air=10 rtb=0 chg=0 loiter=0 | TRACKS: vis=10 lost=0 engaged=4 | TOP: black_usv3(x183,181) black_usv10(x183,809) black_usv6(x187,879) | KILL=3 | ACTIONS=20 | INTENT: focus=2 ratio=0.20
      [ASSIGN] white_usv1->black_usv2(机会锁定)
      [ASSIGN] white_usv6->black_usv5(机会锁定)
      [ASSIGN] white_usv4->black_usv5(机会锁定)
      [ASSIGN] white_usv3->black_usv2(机会锁定)
      [ASSIGN] white_usv7->black_usv5(机会锁定)
      [ASSIGN] white_usv2->black_usv2(机会锁定)
      [ASSIGN] white_usv5->black_usv2(机会锁定)
      [ASSIGN] white_usv8->black_usv5(机会锁定)
      [ASSIGN] white_usv6->black_usv4(机会锁定)
      [ASSIGN] white_usv4->black_usv4(机会锁定)
      [ASSIGN] white_usv9->black_usv10(机会锁定)
      [ASSIGN] white_usv7->black_usv4(机会锁定)
      [ASSIGN] white_usv8->black_usv4(机会锁定)
      [ASSIGN] white_usv6->black_usv7(机会锁定)
      [ASSIGN] white_usv4->black_usv5(机会锁定)
      [ASSIGN] white_usv9->black_usv7(机会锁定)
      [ASSIGN] white_usv10->black_usv7(机会锁定)
      [ASSIGN] white_usv7->black_usv7(机会锁定)
      [ASSIGN] white_usv8->black_usv5(机会锁定)
      [ASSIGN] white_usv6->black_usv9(机会锁定)
      [ASSIGN] white_usv4->black_usv9(机会锁定)
      [ASSIGN] white_usv9->black_usv10(机会锁定)
      [ASSIGN] white_usv10->black_usv4(机会锁定)
      [ASSIGN] white_usv7->black_usv9(机会锁定)
      [ASSIGN] white_usv8->black_usv9(机会锁定)
      [ASSIGN] white_usv9->black_usv7(机会锁定)
      [ASSIGN] white_usv10->black_usv7(机会锁定)
      [ASSIGN] white_usv9->black_usv10(机会锁定)
      [ASSIGN] white_usv10->black_usv4(机会锁定)
      [KILL] black_usv5
      [KILL] black_usv3
      [ASSIGN] white_usv9->black_usv7(机会锁定)
      [ASSIGN] white_usv10->black_usv7(机会锁定)
      [ASSIGN] white_usv9->black_usv10(机会锁定)
      [ASSIGN] white_usv10->black_usv4(机会锁定)
      [KILL] black_usv10
      [ASSIGN] white_usv1->black_usv1(机会锁定)
      [ASSIGN] white_usv3->black_usv1(机会锁定)
      [RELEASE] white_usv9->black_usv10(目标失效)
      [ASSIGN] white_usv9->black_usv4(机会锁定)
      [ASSIGN] white_usv10->black_usv7(机会锁定)
      [ASSIGN] white_usv2->black_usv1(机会锁定)
      [ASSIGN] white_usv1->black_usv2(机会锁定)
      [ASSIGN] white_usv3->black_usv2(机会锁定)
      [ASSIGN] white_usv9->black_usv9(机会锁定)
      [ASSIGN] white_usv10->black_usv4(机会锁定)
      [ASSIGN] white_usv2->black_usv2(机会锁定)
[t=8,429s] step=260 | MISSION=NORMAL_C | USV: 9/10 (avail=0 int=5 lock=4 frz=0) | UAV: air=10 rtb=0 chg=0 loiter=0 | TRACKS: vis=7 lost=0 engaged=1 | TOP: black_usv2(x179,998) black_usv6(x184,173) black_usv8(x187,919) | KILL=7 | ACTIONS=19 | INTENT: focus=2 ratio=0.20
      [ASSIGN] white_usv1->black_usv1(机会锁定)
      [ASSIGN] white_usv3->black_usv1(机会锁定)
      [ASSIGN] white_usv2->black_usv1(机会锁定)
      [ASSIGN] white_usv1->black_usv2(机会锁定)
      [ASSIGN] white_usv6->black_usv7(机会锁定)
      [ASSIGN] white_usv3->black_usv2(机会锁定)
      [ASSIGN] white_usv10->black_usv9(机会锁定)
      [ASSIGN] white_usv7->black_usv7(机会锁定)
      [ASSIGN] white_usv2->black_usv2(机会锁定)
      [ASSIGN] white_usv8->black_usv7(机会锁定)
      [ASSIGN] white_usv6->black_usv4(机会锁定)
      [ASSIGN] white_usv3->black_usv1(机会锁定)
      [ASSIGN] white_usv2->black_usv1(机会锁定)
      [ASSIGN] white_usv8->black_usv4(机会锁定)
      [ASSIGN] white_usv6->black_usv9(机会锁定)
      [ASSIGN] white_usv3->black_usv6(机会锁定)
      [ASSIGN] white_usv2->black_usv2(机会锁定)
      [ASSIGN] white_usv8->black_usv9(机会锁定)
      [ASSIGN] white_usv9->black_usv4(机会锁定)
      [ASSIGN] white_usv8->black_usv4(机会锁定)
      [KILL] black_usv4
      [KILL] black_usv1
      [RELEASE] white_usv9->black_usv4(目标失效)
      [ASSIGN] white_usv9->black_usv7(机会锁定)
      [RELEASE] white_usv8->black_usv4(目标失效)
      [ASSIGN] white_usv8->black_usv9(机会锁定)
      [KILL] black_usv7
      [RELEASE] white_usv9->black_usv7(目标失效)
      [ASSIGN] white_usv9->black_usv9(机会锁定)
      [ASSIGN] white_usv1->black_usv6(机会锁定)
      [ASSIGN] white_usv2->black_usv6(机会锁定)
[t=8,840s] step=270 | MISSION=NORMAL_C | USV: 7/10 (avail=0 int=4 lock=3 frz=0) | UAV: air=10 rtb=0 chg=0 loiter=0 | TRACKS: vis=4 lost=0 engaged=1 | TOP: black_usv2(x179,998) black_usv8(x184,405) black_usv6(x180,476) | KILL=8 | ACTIONS=17 | INTENT: focus=2 ratio=0.20
      [ASSIGN] white_usv3->black_usv2(机会锁定)
      [ASSIGN] white_usv3->black_usv8(机会锁定)
      [KILL] black_usv2
      [KILL] black_usv9
      [RELEASE] white_usv6->black_usv9(目标失效)
      [RELEASE] white_usv9->black_usv9(目标失效)
      [RELEASE] white_usv10->black_usv9(目标失效)
      [RELEASE] white_usv8->black_usv9(目标失效)
      [ASSIGN] white_usv6->black_usv8
      [ASSIGN] white_usv10->black_usv6
      [ASSIGN] white_usv8->black_usv8
      [ASSIGN] white_usv2->black_usv8(机会锁定)
      [ASSIGN] white_usv9->black_usv6
[t=9,282s] step=280 | MISSION=NORMAL_C | USV: 7/10 (avail=0 int=5 lock=2 frz=0) | UAV: air=10 rtb=0 chg=0 loiter=0 | TRACKS: vis=2 lost=0 engaged=1 | TOP: black_usv8(x180,626) black_usv6(x179,999) | KILL=9 | ACTIONS=17 | INTENT: focus=2 ratio=0.20
      [ASSIGN] white_usv3->black_usv6(机会锁定)
      [ASSIGN] white_usv1->black_usv8(机会锁定)
      [ASSIGN] white_usv3->black_usv8(机会锁定)
      [KILL] black_usv6
      [RELEASE] white_usv9->black_usv6(目标失效)
      [RELEASE] white_usv10->black_usv6(目标失效)
[t=9,937s] step=290 | MISSION=TERMINAL | USV: 7/10 (avail=2 int=5 lock=0 frz=0) | UAV: air=10 rtb=0 chg=0 loiter=0 | TRACKS: vis=1 lost=0 engaged=0 | TOP: black_usv8(x178,625) | KILL=10 | ACTIONS=17 | INTENT: focus=2 ratio=0.20

========================================================================
对局结果: Result.Victory — 敌方所有单位被击毁
  击杀蓝舰: 10 | 命中: 20 | 我方USV损失: 3 | UAV损失: 0 | 突破: 0
[META] result=Result.Victory victory_time=9937 first_detection=1557 first_lock=7407 first_kill=8303 enemy_kills=10 friendly_usv_losses=3 friendly_uav_losses=0 black_breakthrough=0 reacquire_attempts=28 reacquire_success=28 sensor_assisted_locks=28 low_conf_commitments=0 global_reacquire_entries=0 global_reacquire_success=0 coverage_collapse_events=1 active_clusters_max=1 coverage_quality_final=0.26 commander_source=default_intent commander_calls=0 commander_changes=0 commander_no_change=0 commander_parse_failures=0 commander_api_failures=0 commander_policy_failures=0 commander_avg_latency=0.0
Done
