========================================================================
HYBRID AGENT V5 — Variable-Cardinality Hierarchical Maritime Agent
  启用UAV: True | LLM_ENABLED: False
========================================================================
对局 57 开始
      [UAV RELAUNCH] white_uav2
      [UAV RELAUNCH] white_uav9
      [UAV RELAUNCH] white_uav4
      [UAV RELAUNCH] white_uav8
      [UAV RELAUNCH] white_uav3
      [UAV RELAUNCH] white_uav7
      [UAV RELAUNCH] white_uav5
      [UAV RELAUNCH] white_uav1
      [UAV RELAUNCH] white_uav10
      [UAV RELAUNCH] white_uav6
[t=266s] step=10 | MISSION=NORMAL_C | USV: 10/10 (avail=10 int=0 lock=0 frz=0) | UAV: air=10 rtb=0 chg=0 loiter=0 | TRACKS: vis=0 lost=0 engaged=0 | TOP:  | KILL=0 | ACTIONS=20 | INTENT: focus=2 ratio=0.20
  [INTENT APPLIED]
    ThreatAllocator: focus 2 emergency 3 reserve_ratio 0.20 reserve_usvs None bias breakthrough_eta
    UAVManager: mode search_and_reacquire uav_priority []
[t=554s] step=20 | MISSION=NORMAL_C | USV: 10/10 (avail=10 int=0 lock=0 frz=0) | UAV: air=10 rtb=0 chg=0 loiter=0 | TRACKS: vis=0 lost=0 engaged=0 | TOP:  | KILL=0 | ACTIONS=20 | INTENT: focus=2 ratio=0.20
[t=862s] step=30 | MISSION=NORMAL_C | USV: 10/10 (avail=10 int=0 lock=0 frz=0) | UAV: air=10 rtb=0 chg=0 loiter=0 | TRACKS: vis=0 lost=0 engaged=0 | TOP:  | KILL=0 | ACTIONS=20 | INTENT: focus=2 ratio=0.20
[t=1,179s] step=40 | MISSION=NORMAL_C | USV: 10/10 (avail=10 int=0 lock=0 frz=0) | UAV: air=10 rtb=0 chg=0 loiter=0 | TRACKS: vis=0 lost=0 engaged=0 | TOP:  | KILL=0 | ACTIONS=20 | INTENT: focus=2 ratio=0.20
[t=1,493s] step=50 | MISSION=NORMAL_C | USV: 10/10 (avail=10 int=0 lock=0 frz=0) | UAV: air=10 rtb=0 chg=0 loiter=0 | TRACKS: vis=0 lost=0 engaged=0 | TOP:  | KILL=0 | ACTIONS=20 | INTENT: focus=2 ratio=0.20
      [DETECT] black_uav6
      [DETECT] black_uav7
      [DETECT] black_uav4
      [DETECT] black_uav2
      [DETECT] black_uav1
      [DETECT] black_uav3
      [DETECT] black_uav8
      [DETECT] black_uav9
      [DETECT] black_uav10
      [DETECT] black_uav5
[t=1,800s] step=60 | MISSION=NORMAL_C | USV: 10/10 (avail=10 int=0 lock=0 frz=0) | UAV: air=10 rtb=0 chg=0 loiter=0 | TRACKS: vis=10 lost=0 engaged=0 | TOP: black_uav6(x205,258) black_uav7(x205,258) black_uav4(x205,258) | KILL=0 | ACTIONS=20 | INTENT: focus=2 ratio=0.20
      [DETECT] black_usv8
      [DETECT] black_usv2
      [DETECT] black_usv6
      [DETECT] black_usv7
      [DETECT] black_usv5
      [DETECT] black_usv4
      [DETECT] black_usv3
      [ASSIGN] white_usv7->black_usv8
      [ASSIGN] white_usv10->black_usv8
      [ASSIGN] white_usv4->black_usv5
      [ASSIGN] white_usv2->black_usv4
      [ASSIGN] white_usv3->black_usv2
      [ASSIGN] white_usv6->black_usv6
      [ASSIGN] white_usv9->black_usv7
      [ASSIGN] white_usv1->black_usv3
      [DETECT] black_usv10
      [DETECT] black_usv1
      [DETECT] black_usv9
      [ASSIGN] white_usv5->black_usv1
      [ASSIGN] white_usv8->black_usv10
[t=2,113s] step=70 | MISSION=NORMAL_C | USV: 10/10 (avail=0 int=10 lock=0 frz=0) | UAV: air=10 rtb=0 chg=0 loiter=0 | TRACKS: vis=17 lost=3 engaged=0 | TOP: black_usv9(x241,864) black_usv6(x238,947) black_usv5(x238,993) | KILL=0 | ACTIONS=20 | INTENT: focus=2 ratio=0.20
[t=2,427s] step=80 | MISSION=NORMAL_C | USV: 10/10 (avail=0 int=10 lock=0 frz=0) | UAV: air=10 rtb=0 chg=0 loiter=0 | TRACKS: vis=12 lost=4 engaged=0 | TOP: black_usv9(x239,170) black_usv6(x235,819) black_usv5(x235,873) | KILL=0 | ACTIONS=20 | INTENT: focus=2 ratio=0.20
      [DETECT] black_uav8
      [DETECT] black_uav3
[t=2,752s] step=90 | MISSION=NORMAL_C | USV: 10/10 (avail=0 int=10 lock=0 frz=0) | UAV: air=10 rtb=0 chg=0 loiter=0 | TRACKS: vis=15 lost=1 engaged=0 | TOP: black_usv9(x236,382) black_usv6(x232,583) black_usv5(x232,644) | KILL=0 | ACTIONS=20 | INTENT: focus=2 ratio=0.20
      [DETECT] black_uav9
[t=3,086s] step=100 | MISSION=NORMAL_C | USV: 10/10 (avail=0 int=10 lock=0 frz=0) | UAV: air=10 rtb=0 chg=0 loiter=0 | TRACKS: vis=14 lost=3 engaged=0 | TOP: black_usv9(x233,517) black_usv6(x229,256) black_usv5(x229,325) | KILL=0 | ACTIONS=20 | INTENT: focus=2 ratio=0.20
      [DETECT] black_uav2
      [DETECT] black_uav5
[t=3,397s] step=110 | MISSION=NORMAL_C | USV: 10/10 (avail=0 int=10 lock=0 frz=0) | UAV: air=10 rtb=0 chg=0 loiter=0 | TRACKS: vis=18 lost=1 engaged=0 | TOP: black_usv9(x230,843) black_usv6(x226,152) black_usv5(x226,227) | KILL=0 | ACTIONS=20 | INTENT: focus=2 ratio=0.20
[t=3,726s] step=120 | MISSION=NORMAL_C | USV: 10/10 (avail=0 int=10 lock=0 frz=0) | UAV: air=10 rtb=0 chg=0 loiter=0 | TRACKS: vis=16 lost=3 engaged=0 | TOP: black_usv9(x228,026) black_usv6(x222,883) black_usv5(x222,965) | KILL=0 | ACTIONS=20 | INTENT: focus=2 ratio=0.20
      [DETECT] black_uav6
[t=4,046s] step=130 | MISSION=NORMAL_C | USV: 10/10 (avail=0 int=10 lock=0 frz=0) | UAV: air=10 rtb=0 chg=0 loiter=0 | TRACKS: vis=17 lost=3 engaged=0 | TOP: black_usv9(x225,281) black_usv6(x219,696) black_usv5(x219,785) | KILL=0 | ACTIONS=20 | INTENT: focus=2 ratio=0.20
[t=4,306s] step=140 | MISSION=NORMAL_C | USV: 10/10 (avail=0 int=10 lock=0 frz=0) | UAV: air=10 rtb=0 chg=0 loiter=0 | TRACKS: vis=20 lost=0 engaged=0 | TOP: black_usv9(x223,050) black_usv6(x217,106) black_usv5(x217,201) | KILL=0 | ACTIONS=20 | INTENT: focus=2 ratio=0.20
[t=4,569s] step=150 | MISSION=NORMAL_C | USV: 10/10 (avail=0 int=10 lock=0 frz=0) | UAV: air=10 rtb=0 chg=0 loiter=0 | TRACKS: vis=20 lost=0 engaged=0 | TOP: black_usv9(x220,794) black_usv6(x214,487) black_usv5(x214,588) | KILL=0 | ACTIONS=20 | INTENT: focus=2 ratio=0.20
[t=4,825s] step=160 | MISSION=NORMAL_C | USV: 10/10 (avail=0 int=10 lock=0 frz=0) | UAV: air=10 rtb=0 chg=0 loiter=0 | TRACKS: vis=20 lost=0 engaged=0 | TOP: black_usv9(x218,598) black_usv6(x211,938) black_usv5(x212,044) | KILL=0 | ACTIONS=20 | INTENT: focus=2 ratio=0.20
[t=5,091s] step=170 | MISSION=NORMAL_C | USV: 10/10 (avail=0 int=10 lock=0 frz=0) | UAV: air=10 rtb=0 chg=0 loiter=0 | TRACKS: vis=20 lost=0 engaged=0 | TOP: black_usv9(x216,316) black_usv6(x209,288) black_usv5(x209,401) | KILL=0 | ACTIONS=20 | INTENT: focus=2 ratio=0.20
[t=5,386s] step=180 | MISSION=NORMAL_C | USV: 10/10 (avail=0 int=10 lock=0 frz=0) | UAV: air=10 rtb=0 chg=0 loiter=0 | TRACKS: vis=20 lost=0 engaged=0 | TOP: black_usv9(x213,785) black_usv6(x206,351) black_usv5(x206,469) | KILL=0 | ACTIONS=20 | INTENT: focus=2 ratio=0.20
[t=5,697s] step=190 | MISSION=NORMAL_C | USV: 10/10 (avail=0 int=10 lock=0 frz=0) | UAV: air=10 rtb=0 chg=0 loiter=0 | TRACKS: vis=20 lost=0 engaged=0 | TOP: black_usv9(x211,117) black_usv6(x203,253) black_usv5(x203,379) | KILL=0 | ACTIONS=20 | INTENT: focus=2 ratio=0.20
[t=6,019s] step=200 | MISSION=NORMAL_C | USV: 10/10 (avail=0 int=10 lock=0 frz=0) | UAV: air=10 rtb=0 chg=0 loiter=0 | TRACKS: vis=10 lost=10 engaged=0 | TOP: black_usv9(x208,355) black_usv6(x200,046) black_usv5(x200,179) | KILL=0 | ACTIONS=20 | INTENT: focus=2 ratio=0.20
[t=6,382s] step=210 | MISSION=NORMAL_C | USV: 10/10 (avail=0 int=10 lock=0 frz=0) | UAV: air=10 rtb=0 chg=0 loiter=0 | TRACKS: vis=10 lost=0 engaged=0 | TOP: black_usv9(x205,240) black_usv6(x196,431) black_usv10(x197,825) | KILL=0 | ACTIONS=20 | INTENT: focus=2 ratio=0.20
[t=6,747s] step=220 | MISSION=NORMAL_C | USV: 10/10 (avail=0 int=10 lock=0 frz=0) | UAV: air=10 rtb=0 chg=0 loiter=0 | TRACKS: vis=10 lost=0 engaged=0 | TOP: black_usv9(x202,109) black_usv10(x194,231) black_usv2(x194,158) | KILL=0 | ACTIONS=20 | INTENT: focus=2 ratio=0.20
[t=7,113s] step=230 | MISSION=NORMAL_C | USV: 10/10 (avail=0 int=10 lock=0 frz=0) | UAV: air=10 rtb=0 chg=0 loiter=0 | TRACKS: vis=10 lost=0 engaged=0 | TOP: black_usv9(x198,969) black_usv10(x190,628) black_usv2(x190,587) | KILL=0 | ACTIONS=20 | INTENT: focus=2 ratio=0.20
      [ASSIGN] white_usv4->black_usv2(机会锁定)
      [ASSIGN] white_usv6->black_usv2(机会锁定)
      [ASSIGN] white_usv1->black_usv6(机会锁定)
[t=7,483s] step=240 | MISSION=NORMAL_C | USV: 10/10 (avail=0 int=4 lock=6 frz=0) | UAV: air=10 rtb=0 chg=0 loiter=0 | TRACKS: vis=10 lost=0 engaged=3 | TOP: black_usv9(x195,795) black_usv7(x187,539) black_usv6(x187,436) | KILL=0 | ACTIONS=20 | INTENT: focus=2 ratio=0.20
      [ASSIGN] white_usv5->black_usv3(机会锁定)
      [ASSIGN] white_usv8->black_usv7(机会锁定)
      [ASSIGN] white_usv4->black_usv3(机会锁定)
      [ASSIGN] white_usv3->black_usv3(机会锁定)
      [ASSIGN] white_usv6->black_usv3(机会锁定)
      [ASSIGN] white_usv1->black_usv2(机会锁定)
      [ASSIGN] white_usv1->black_usv6(机会锁定)
      [ASSIGN] white_usv5->black_usv6(机会锁定)
      [ASSIGN] white_usv8->black_usv10(机会锁定)
[t=7,859s] step=250 | MISSION=NORMAL_C | USV: 10/10 (avail=0 int=4 lock=6 frz=0) | UAV: air=10 rtb=0 chg=0 loiter=0 | TRACKS: vis=9 lost=1 engaged=3 | TOP: black_usv9(x192,569) black_usv6(x185,036) black_usv4(x186,740) | KILL=2 | ACTIONS=20 | INTENT: focus=2 ratio=0.20
      [ASSIGN] white_usv2->black_usv5(机会锁定)
      [ASSIGN] white_usv8->black_usv7(机会锁定)
      [ASSIGN] white_usv8->black_usv10(机会锁定)
      [ASSIGN] white_usv7->black_usv7(机会锁定)
      [ASSIGN] white_usv10->black_usv7(机会锁定)
      [ASSIGN] white_usv7->black_usv8(机会锁定)
      [ASSIGN] white_usv10->black_usv8(机会锁定)
      [ASSIGN] white_usv9->black_usv8(机会锁定)
      [ASSIGN] white_usv7->black_usv7(机会锁定)
      [ASSIGN] white_usv10->black_usv7(机会锁定)
      [ASSIGN] white_usv4->black_usv2(机会锁定)
      [ASSIGN] white_usv3->black_usv2(机会锁定)
      [ASSIGN] white_usv6->black_usv2(机会锁定)
      [ASSIGN] white_usv9->black_usv7(机会锁定)
      [ASSIGN] white_usv7->black_usv8(机会锁定)
      [ASSIGN] white_usv10->black_usv8(机会锁定)
      [ASSIGN] white_usv4->black_usv3(机会锁定)
      [ASSIGN] white_usv3->black_usv3(机会锁定)
      [ASSIGN] white_usv6->black_usv3(机会锁定)
      [ASSIGN] white_usv9->black_usv8(机会锁定)
      [ASSIGN] white_usv1->black_usv3(机会锁定)
      [ASSIGN] white_usv5->black_usv3(机会锁定)
      [ASSIGN] white_usv7->black_usv7(机会锁定)
      [ASSIGN] white_usv10->black_usv7(机会锁定)
      [ASSIGN] white_usv4->black_usv6(机会锁定)
      [ASSIGN] white_usv2->black_usv4(机会锁定)
      [ASSIGN] white_usv3->black_usv6(机会锁定)
      [ASSIGN] white_usv6->black_usv2(机会锁定)
      [ASSIGN] white_usv1->black_usv6(机会锁定)
      [ASSIGN] white_usv5->black_usv6(机会锁定)
      [ASSIGN] white_usv7->black_usv3(机会锁定)
      [ASSIGN] white_usv10->black_usv3(机会锁定)
      [ASSIGN] white_usv4->black_usv3(机会锁定)
      [ASSIGN] white_usv3->black_usv3(机会锁定)
      [ASSIGN] white_usv6->black_usv3(机会锁定)
      [ASSIGN] white_usv1->black_usv3(机会锁定)
      [ASSIGN] white_usv5->black_usv3(机会锁定)
[t=8,268s] step=260 | MISSION=NORMAL_C | USV: 10/10 (avail=0 int=9 lock=1 frz=0) | UAV: air=10 rtb=0 chg=0 loiter=0 | TRACKS: vis=10 lost=0 engaged=1 | TOP: black_usv9(x189,061) black_usv3(x183,948) black_usv4(x182,928) | KILL=5 | ACTIONS=20 | INTENT: focus=2 ratio=0.20
      [ASSIGN] white_usv7->black_usv7(机会锁定)
      [ASSIGN] white_usv10->black_usv7(机会锁定)
      [ASSIGN] white_usv4->black_usv6(机会锁定)
      [ASSIGN] white_usv3->black_usv6(机会锁定)
      [ASSIGN] white_usv6->black_usv2(机会锁定)
      [ASSIGN] white_usv9->black_usv7(机会锁定)
      [ASSIGN] white_usv1->black_usv6(机会锁定)
      [ASSIGN] white_usv5->black_usv6(机会锁定)
      [KILL] black_usv8
      [ASSIGN] white_usv7->black_usv3(机会锁定)
      [ASSIGN] white_usv10->black_usv3(机会锁定)
      [ASSIGN] white_usv4->black_usv3(机会锁定)
      [ASSIGN] white_usv3->black_usv3(机会锁定)
      [ASSIGN] white_usv6->black_usv3(机会锁定)
      [ASSIGN] white_usv1->black_usv3(机会锁定)
      [ASSIGN] white_usv5->black_usv3(机会锁定)
      [KILL] black_usv2
      [KILL] black_usv7
      [ASSIGN] white_usv7->black_usv6(机会锁定)
      [ASSIGN] white_usv10->black_usv6(机会锁定)
      [ASSIGN] white_usv4->black_usv6(机会锁定)
      [ASSIGN] white_usv6->black_usv6(机会锁定)
      [RELEASE] white_usv9->black_usv7(目标失效)
      [ASSIGN] white_usv1->black_usv6(机会锁定)
      [ASSIGN] white_usv5->black_usv6(机会锁定)
      [KILL] black_usv3
      [ASSIGN] white_usv4->black_usv5(机会锁定)
      [RELEASE] white_usv3->black_usv3(目标失效)
      [ASSIGN] white_usv6->black_usv9(机会锁定)
      [ASSIGN] white_usv9->black_usv9
      [ASSIGN] white_usv1->black_usv5(机会锁定)
      [ASSIGN] white_usv3->black_usv6(机会锁定)
      [ASSIGN] white_usv3->black_usv9(机会锁定)
      [ASSIGN] white_usv5->black_usv1(机会锁定)
[t=8,710s] step=270 | MISSION=NORMAL_C | USV: 9/10 (avail=0 int=4 lock=5 frz=0) | UAV: air=10 rtb=0 chg=0 loiter=0 | TRACKS: vis=6 lost=0 engaged=3 | TOP: black_usv4(x180,392) black_usv1(x183,975) black_usv9(x185,269) | KILL=6 | ACTIONS=19 | INTENT: focus=2 ratio=0.20
      [ASSIGN] white_usv4->black_usv4(机会锁定)
      [ASSIGN] white_usv6->black_usv1(机会锁定)
      [ASSIGN] white_usv1->black_usv4(机会锁定)
      [KILL] black_usv6
      [RELEASE] white_usv7->black_usv6(目标失效)
      [ASSIGN] white_usv7->black_usv9(机会锁定)
      [RELEASE] white_usv10->black_usv6(目标失效)
      [ASSIGN] white_usv10->black_usv5
      [ASSIGN] white_usv3->black_usv4(机会锁定)
      [ASSIGN] white_usv10->black_usv9(机会锁定)
      [ASSIGN] white_usv3->black_usv9(机会锁定)
      [ASSIGN] white_usv5->black_usv4(机会锁定)
[t=9,134s] step=280 | MISSION=NORMAL_C | USV: 7/10 (avail=0 int=2 lock=5 frz=0) | UAV: air=10 rtb=0 chg=0 loiter=0 | TRACKS: vis=5 lost=0 engaged=3 | TOP: black_usv4(x177,661) black_usv1(x179,737) black_usv5(x187,691) | KILL=7 | ACTIONS=17 | INTENT: focus=2 ratio=0.20
      [ASSIGN] white_usv3->black_usv1(机会锁定)
      [ASSIGN] white_usv6->black_usv5(机会锁定)
      [KILL] black_usv10
      [ASSIGN] white_usv6->black_usv1(机会锁定)
      [RELEASE] white_usv8->black_usv10(目标失效)
      [ASSIGN] white_usv8->black_usv5
      [ASSIGN] white_usv10->black_usv1(机会锁定)
      [KILL] black_usv5
      [RELEASE] white_usv8->black_usv5(目标失效)
      [ASSIGN] white_usv5->black_usv1(机会锁定)
      [ASSIGN] white_usv8->black_usv4
      [ASSIGN] white_usv10->black_usv9(机会锁定)
      [ASSIGN] white_usv3->black_usv9(机会锁定)
      [ASSIGN] white_usv5->black_usv9(机会锁定)

========================================================================
对局结果: Result.Victory — 敌方所有单位被击毁
  击杀蓝舰: 10 | 命中: 20 | 我方USV损失: 4 | UAV损失: 0 | 突破: 0
[META] result=Result.Victory victory_time=9647 first_detection=1557 first_lock=7405 first_kill=8364 enemy_kills=10 friendly_usv_losses=4 friendly_uav_losses=0 black_breakthrough=0 reacquire_attempts=11 reacquire_success=11 sensor_assisted_locks=33 low_conf_commitments=0 global_reacquire_entries=0 global_reacquire_success=0 coverage_collapse_events=1 active_clusters_max=1 coverage_quality_final=0.21 commander_source=default_intent commander_calls=0 commander_changes=0 commander_no_change=0 commander_parse_failures=0 commander_api_failures=0 commander_policy_failures=0 commander_avg_latency=0.0
Done
