========================================================================
HYBRID AGENT V5 — Variable-Cardinality Hierarchical Maritime Agent
  启用UAV: True | LLM_ENABLED: False
========================================================================
对局 63 开始
      [UAV RELAUNCH] white_uav4
      [UAV RELAUNCH] white_uav2
      [UAV RELAUNCH] white_uav7
      [UAV RELAUNCH] white_uav1
      [UAV RELAUNCH] white_uav6
      [UAV RELAUNCH] white_uav8
      [UAV RELAUNCH] white_uav5
      [UAV RELAUNCH] white_uav9
      [UAV RELAUNCH] white_uav3
      [UAV RELAUNCH] white_uav10
[t=254s] step=10 | MISSION=NORMAL_C | USV: 10/10 (avail=10 int=0 lock=0 frz=0) | UAV: air=10 rtb=0 chg=0 loiter=0 | TRACKS: vis=0 lost=0 engaged=0 | TOP:  | KILL=0 | ACTIONS=20 | INTENT: focus=2 ratio=0.20
  [INTENT APPLIED]
    ThreatAllocator: focus 2 emergency 3 reserve_ratio 0.20 reserve_usvs None bias breakthrough_eta
    UAVManager: mode search_and_reacquire uav_priority []
[t=539s] step=20 | MISSION=NORMAL_C | USV: 10/10 (avail=10 int=0 lock=0 frz=0) | UAV: air=10 rtb=0 chg=0 loiter=0 | TRACKS: vis=0 lost=0 engaged=0 | TOP:  | KILL=0 | ACTIONS=20 | INTENT: focus=2 ratio=0.20
[t=834s] step=30 | MISSION=NORMAL_C | USV: 10/10 (avail=10 int=0 lock=0 frz=0) | UAV: air=10 rtb=0 chg=0 loiter=0 | TRACKS: vis=0 lost=0 engaged=0 | TOP:  | KILL=0 | ACTIONS=20 | INTENT: focus=2 ratio=0.20
[t=1,126s] step=40 | MISSION=NORMAL_C | USV: 10/10 (avail=10 int=0 lock=0 frz=0) | UAV: air=10 rtb=0 chg=0 loiter=0 | TRACKS: vis=0 lost=0 engaged=0 | TOP:  | KILL=0 | ACTIONS=20 | INTENT: focus=2 ratio=0.20
[t=1,441s] step=50 | MISSION=NORMAL_C | USV: 10/10 (avail=10 int=0 lock=0 frz=0) | UAV: air=10 rtb=0 chg=0 loiter=0 | TRACKS: vis=0 lost=0 engaged=0 | TOP:  | KILL=0 | ACTIONS=20 | INTENT: focus=2 ratio=0.20
      [DETECT] black_uav6
      [DETECT] black_uav3
      [DETECT] black_uav7
      [DETECT] black_uav4
      [DETECT] black_uav8
      [DETECT] black_uav5
      [DETECT] black_uav2
      [DETECT] black_uav1
      [DETECT] black_uav9
      [DETECT] black_uav10
[t=1,744s] step=60 | MISSION=NORMAL_C | USV: 10/10 (avail=10 int=0 lock=0 frz=0) | UAV: air=10 rtb=0 chg=0 loiter=0 | TRACKS: vis=10 lost=0 engaged=0 | TOP: black_uav6(x206,938) black_uav3(x206,938) black_uav7(x206,938) | KILL=0 | ACTIONS=20 | INTENT: focus=2 ratio=0.20
      [DETECT] black_usv8
      [DETECT] black_usv2
      [DETECT] black_usv6
      [DETECT] black_usv7
      [DETECT] black_usv5
      [DETECT] black_usv9
      [DETECT] black_usv4
      [DETECT] black_usv3
      [ASSIGN] white_usv1->black_usv2
      [ASSIGN] white_usv8->black_usv7
      [ASSIGN] white_usv5->black_usv5
      [ASSIGN] white_usv2->black_usv3
      [ASSIGN] white_usv4->black_usv4
      [ASSIGN] white_usv6->black_usv6
      [ASSIGN] white_usv9->black_usv9
      [ASSIGN] white_usv10->black_usv8
      [DETECT] black_usv10
      [DETECT] black_usv1
      [ASSIGN] white_usv3->black_usv1
      [ASSIGN] white_usv7->black_usv10
[t=2,049s] step=70 | MISSION=NORMAL_C | USV: 10/10 (avail=0 int=10 lock=0 frz=0) | UAV: air=10 rtb=0 chg=0 loiter=0 | TRACKS: vis=16 lost=4 engaged=0 | TOP: black_usv6(x239,534) black_usv7(x239,546) black_usv9(x239,588) | KILL=0 | ACTIONS=20 | INTENT: focus=2 ratio=0.20
[t=2,369s] step=80 | MISSION=NORMAL_C | USV: 10/10 (avail=0 int=10 lock=0 frz=0) | UAV: air=10 rtb=0 chg=0 loiter=0 | TRACKS: vis=13 lost=4 engaged=0 | TOP: black_usv6(x236,339) black_usv7(x236,353) black_usv9(x236,402) | KILL=0 | ACTIONS=20 | INTENT: focus=2 ratio=0.20
      [DETECT] black_uav8
[t=2,679s] step=90 | MISSION=NORMAL_C | USV: 10/10 (avail=0 int=10 lock=0 frz=0) | UAV: air=10 rtb=0 chg=0 loiter=0 | TRACKS: vis=15 lost=0 engaged=0 | TOP: black_usv6(x233,244) black_usv7(x233,260) black_usv9(x233,315) | KILL=0 | ACTIONS=20 | INTENT: focus=2 ratio=0.20
      [DETECT] black_uav3
      [DETECT] black_uav9
      [DETECT] black_uav5
[t=3,008s] step=100 | MISSION=NORMAL_C | USV: 10/10 (avail=0 int=10 lock=0 frz=0) | UAV: air=10 rtb=0 chg=0 loiter=0 | TRACKS: vis=14 lost=4 engaged=0 | TOP: black_usv6(x229,960) black_usv7(x229,977) black_usv9(x230,039) | KILL=0 | ACTIONS=20 | INTENT: focus=2 ratio=0.20
      [DETECT] black_uav2
[t=3,345s] step=110 | MISSION=NORMAL_C | USV: 10/10 (avail=0 int=10 lock=0 frz=0) | UAV: air=10 rtb=0 chg=0 loiter=0 | TRACKS: vis=18 lost=1 engaged=0 | TOP: black_usv6(x226,595) black_usv7(x226,614) black_usv9(x226,684) | KILL=0 | ACTIONS=20 | INTENT: focus=2 ratio=0.20
      [DETECT] black_uav6
[t=3,685s] step=120 | MISSION=NORMAL_C | USV: 10/10 (avail=0 int=10 lock=0 frz=0) | UAV: air=10 rtb=0 chg=0 loiter=0 | TRACKS: vis=20 lost=0 engaged=0 | TOP: black_usv6(x223,201) black_usv7(x223,222) black_usv9(x223,298) | KILL=0 | ACTIONS=20 | INTENT: focus=2 ratio=0.20
[t=4,019s] step=130 | MISSION=NORMAL_C | USV: 10/10 (avail=0 int=10 lock=0 frz=0) | UAV: air=10 rtb=0 chg=0 loiter=0 | TRACKS: vis=20 lost=0 engaged=0 | TOP: black_usv6(x219,867) black_usv7(x219,889) black_usv9(x219,973) | KILL=0 | ACTIONS=20 | INTENT: focus=2 ratio=0.20
[t=4,280s] step=140 | MISSION=NORMAL_C | USV: 10/10 (avail=0 int=10 lock=0 frz=0) | UAV: air=10 rtb=0 chg=0 loiter=0 | TRACKS: vis=20 lost=0 engaged=0 | TOP: black_usv6(x217,261) black_usv7(x217,285) black_usv9(x217,374) | KILL=0 | ACTIONS=20 | INTENT: focus=2 ratio=0.20
[t=4,545s] step=150 | MISSION=NORMAL_C | USV: 10/10 (avail=0 int=10 lock=0 frz=0) | UAV: air=10 rtb=0 chg=0 loiter=0 | TRACKS: vis=20 lost=0 engaged=0 | TOP: black_usv6(x214,615) black_usv7(x214,641) black_usv9(x214,735) | KILL=0 | ACTIONS=20 | INTENT: focus=2 ratio=0.20
[t=4,795s] step=160 | MISSION=NORMAL_C | USV: 10/10 (avail=0 int=10 lock=0 frz=0) | UAV: air=10 rtb=0 chg=0 loiter=0 | TRACKS: vis=20 lost=0 engaged=0 | TOP: black_usv6(x212,119) black_usv7(x212,147) black_usv9(x212,246) | KILL=0 | ACTIONS=20 | INTENT: focus=2 ratio=0.20
[t=5,039s] step=170 | MISSION=NORMAL_C | USV: 10/10 (avail=0 int=10 lock=0 frz=0) | UAV: air=10 rtb=0 chg=0 loiter=0 | TRACKS: vis=20 lost=0 engaged=0 | TOP: black_usv6(x209,683) black_usv7(x209,712) black_usv9(x209,816) | KILL=0 | ACTIONS=20 | INTENT: focus=2 ratio=0.20
[t=5,309s] step=180 | MISSION=NORMAL_C | USV: 10/10 (avail=0 int=10 lock=0 frz=0) | UAV: air=10 rtb=0 chg=0 loiter=0 | TRACKS: vis=20 lost=0 engaged=0 | TOP: black_usv6(x206,988) black_usv7(x207,018) black_usv9(x207,128) | KILL=0 | ACTIONS=20 | INTENT: focus=2 ratio=0.20
[t=5,633s] step=190 | MISSION=NORMAL_C | USV: 10/10 (avail=0 int=10 lock=0 frz=0) | UAV: air=10 rtb=0 chg=0 loiter=0 | TRACKS: vis=20 lost=0 engaged=0 | TOP: black_usv6(x203,753) black_usv7(x203,785) black_usv9(x203,902) | KILL=0 | ACTIONS=20 | INTENT: focus=2 ratio=0.20
[t=5,974s] step=200 | MISSION=NORMAL_C | USV: 10/10 (avail=0 int=10 lock=0 frz=0) | UAV: air=10 rtb=0 chg=0 loiter=0 | TRACKS: vis=9 lost=11 engaged=0 | TOP: black_usv6(x200,349) black_usv7(x200,383) black_usv9(x200,507) | KILL=0 | ACTIONS=20 | INTENT: focus=2 ratio=0.20
[t=6,324s] step=210 | MISSION=NORMAL_C | USV: 10/10 (avail=0 int=10 lock=0 frz=0) | UAV: air=10 rtb=0 chg=0 loiter=0 | TRACKS: vis=10 lost=0 engaged=0 | TOP: black_usv6(x196,855) black_usv7(x196,890) black_usv9(x197,022) | KILL=0 | ACTIONS=20 | INTENT: focus=2 ratio=0.20
[t=6,665s] step=220 | MISSION=NORMAL_C | USV: 10/10 (avail=0 int=10 lock=0 frz=0) | UAV: air=10 rtb=0 chg=0 loiter=0 | TRACKS: vis=10 lost=0 engaged=0 | TOP: black_usv6(x193,450) black_usv7(x193,488) black_usv9(x193,626) | KILL=0 | ACTIONS=20 | INTENT: focus=2 ratio=0.20
[t=7,020s] step=230 | MISSION=NORMAL_C | USV: 10/10 (avail=0 int=10 lock=0 frz=0) | UAV: air=10 rtb=0 chg=0 loiter=0 | TRACKS: vis=10 lost=0 engaged=0 | TOP: black_usv6(x189,906) black_usv7(x189,946) black_usv9(x190,091) | KILL=0 | ACTIONS=20 | INTENT: focus=2 ratio=0.20
      [ASSIGN] white_usv4->black_usv6(机会锁定)
[t=7,357s] step=240 | MISSION=NORMAL_C | USV: 10/10 (avail=0 int=10 lock=0 frz=0) | UAV: air=10 rtb=0 chg=0 loiter=0 | TRACKS: vis=10 lost=0 engaged=0 | TOP: black_usv7(x186,583) black_usv6(x186,551) black_usv9(x186,736) | KILL=0 | ACTIONS=20 | INTENT: focus=2 ratio=0.20
      [ASSIGN] white_usv1->black_usv5(机会锁定)
      [ASSIGN] white_usv10->black_usv9(机会锁定)
      [ASSIGN] white_usv7->black_usv9(机会锁定)
      [ASSIGN] white_usv3->black_usv3(机会锁定)
      [ASSIGN] white_usv8->black_usv4(机会锁定)
      [ASSIGN] white_usv4->black_usv4(机会锁定)
      [ASSIGN] white_usv6->black_usv4(机会锁定)
      [ASSIGN] white_usv9->black_usv10(机会锁定)
      [ASSIGN] white_usv1->black_usv6(机会锁定)
      [ASSIGN] white_usv5->black_usv6(机会锁定)
      [ASSIGN] white_usv10->black_usv7(机会锁定)
      [ASSIGN] white_usv7->black_usv7(机会锁定)
[t=7,729s] step=250 | MISSION=NORMAL_C | USV: 10/10 (avail=0 int=5 lock=5 frz=0) | UAV: air=10 rtb=0 chg=0 loiter=0 | TRACKS: vis=10 lost=0 engaged=3 | TOP: black_usv7(x183,460) black_usv6(x183,399) black_usv2(x185,285) | KILL=2 | ACTIONS=20 | INTENT: focus=2 ratio=0.20
      [ASSIGN] white_usv8->black_usv2(机会锁定)
      [ASSIGN] white_usv4->black_usv2(机会锁定)
      [ASSIGN] white_usv6->black_usv2(机会锁定)
      [ASSIGN] white_usv9->black_usv9(机会锁定)
      [ASSIGN] white_usv1->black_usv5(机会锁定)
      [ASSIGN] white_usv5->black_usv4(机会锁定)
      [ASSIGN] white_usv2->black_usv5(机会锁定)
      [ASSIGN] white_usv9->black_usv10(机会锁定)
      [ASSIGN] white_usv10->black_usv10(机会锁定)
      [ASSIGN] white_usv3->black_usv1(机会锁定)
      [ASSIGN] white_usv7->black_usv10(机会锁定)
      [ASSIGN] white_usv1->black_usv6(机会锁定)
      [ASSIGN] white_usv5->black_usv6(机会锁定)
      [ASSIGN] white_usv2->black_usv3(机会锁定)
[t=8,120s] step=260 | MISSION=NORMAL_C | USV: 10/10 (avail=0 int=3 lock=7 frz=0) | UAV: air=10 rtb=0 chg=0 loiter=0 | TRACKS: vis=10 lost=0 engaged=3 | TOP: black_usv7(x182,702) black_usv6(x182,782) black_usv9(x183,540) | KILL=6 | ACTIONS=20 | INTENT: focus=2 ratio=0.20
      [ASSIGN] white_usv1->black_usv5(机会锁定)
      [ASSIGN] white_usv5->black_usv4(机会锁定)
      [ASSIGN] white_usv2->black_usv5(机会锁定)
      [ASSIGN] white_usv1->black_usv6(机会锁定)
      [ASSIGN] white_usv5->black_usv6(机会锁定)
      [ASSIGN] white_usv2->black_usv3(机会锁定)
      [ASSIGN] white_usv1->black_usv5(机会锁定)
      [ASSIGN] white_usv5->black_usv4(机会锁定)
      [ASSIGN] white_usv2->black_usv5(机会锁定)
      [KILL] black_usv9
      [ASSIGN] white_usv1->black_usv6(机会锁定)
      [ASSIGN] white_usv5->black_usv6(机会锁定)
      [ASSIGN] white_usv2->black_usv3(机会锁定)
      [KILL] black_usv5
      [ASSIGN] white_usv1->black_usv4(机会锁定)
      [ASSIGN] white_usv5->black_usv4(机会锁定)
      [ASSIGN] white_usv2->black_usv4(机会锁定)
      [ASSIGN] white_usv1->black_usv2(机会锁定)
      [ASSIGN] white_usv8->black_usv7(机会锁定)
      [ASSIGN] white_usv5->black_usv2(机会锁定)
      [ASSIGN] white_usv2->black_usv3(机会锁定)
      [ASSIGN] white_usv4->black_usv6(机会锁定)
      [ASSIGN] white_usv6->black_usv6(机会锁定)
      [KILL] black_usv3
      [ASSIGN] white_usv8->black_usv4(机会锁定)
      [RELEASE] white_usv2->black_usv3(目标失效)
      [ASSIGN] white_usv2->black_usv4(机会锁定)
      [ASSIGN] white_usv4->black_usv4(机会锁定)
      [ASSIGN] white_usv6->black_usv4(机会锁定)
      [ASSIGN] white_usv9->black_usv7(机会锁定)
      [ASSIGN] white_usv10->black_usv7(机会锁定)
      [ASSIGN] white_usv8->black_usv10(机会锁定)
      [ASSIGN] white_usv2->black_usv6(机会锁定)
      [ASSIGN] white_usv4->black_usv6(机会锁定)
      [ASSIGN] white_usv6->black_usv6(机会锁定)
      [ASSIGN] white_usv9->black_usv10(机会锁定)
      [ASSIGN] white_usv10->black_usv10(机会锁定)
      [ASSIGN] white_usv8->black_usv7(机会锁定)
      [ASSIGN] white_usv2->black_usv4(机会锁定)
      [ASSIGN] white_usv4->black_usv4(机会锁定)
      [ASSIGN] white_usv6->black_usv4(机会锁定)
      [ASSIGN] white_usv9->black_usv7(机会锁定)
      [ASSIGN] white_usv10->black_usv7(机会锁定)
      [ASSIGN] white_usv8->black_usv10(机会锁定)
      [ASSIGN] white_usv2->black_usv6(机会锁定)
      [ASSIGN] white_usv4->black_usv2(机会锁定)
      [ASSIGN] white_usv6->black_usv2(机会锁定)
      [ASSIGN] white_usv9->black_usv10(机会锁定)
      [ASSIGN] white_usv10->black_usv10(机会锁定)
[t=8,567s] step=270 | MISSION=NORMAL_C | USV: 9/10 (avail=0 int=8 lock=1 frz=0) | UAV: air=10 rtb=0 chg=0 loiter=0 | TRACKS: vis=7 lost=0 engaged=1 | TOP: black_usv10(x179,707) black_usv6(x182,782) black_usv1(x179,290) | KILL=8 | ACTIONS=19 | INTENT: focus=2 ratio=0.20
      [ASSIGN] white_usv8->black_usv7(机会锁定)
      [ASSIGN] white_usv2->black_usv4(机会锁定)
      [ASSIGN] white_usv10->black_usv7(机会锁定)
      [KILL] black_usv4
      [RELEASE] white_usv2->black_usv4(目标失效)
      [ASSIGN] white_usv2->black_usv6(机会锁定)
      [ASSIGN] white_usv10->black_usv10(机会锁定)
      [KILL] black_usv6
      [KILL] black_usv7
      [RELEASE] white_usv8->black_usv7(目标失效)
      [RELEASE] white_usv2->black_usv6(目标失效)
      [ASSIGN] white_usv2->black_usv1(机会锁定)
      [ASSIGN] white_usv8->black_usv8
      [ASSIGN] white_usv8->black_usv10(机会锁定)
      [ASSIGN] white_usv8->black_usv8(机会锁定)
[t=8,981s] step=280 | MISSION=NORMAL_C | USV: 9/10 (avail=0 int=9 lock=0 frz=0) | UAV: air=10 rtb=0 chg=0 loiter=0 | TRACKS: vis=4 lost=0 engaged=0 | TOP: black_usv8(x188,091) black_usv10(x179,707) black_usv1(x178,666) | KILL=9 | ACTIONS=19 | INTENT: focus=2 ratio=0.20
      [KILL] black_usv2
      [RELEASE] white_usv1->black_usv2(目标失效)
      [RELEASE] white_usv5->black_usv2(目标失效)
      [RELEASE] white_usv4->black_usv2(目标失效)
      [RELEASE] white_usv6->black_usv2(目标失效)
      [KILL] black_usv10
      [ASSIGN] white_usv1->black_usv1
      [ASSIGN] white_usv5->black_usv8
      [ASSIGN] white_usv6->black_usv8
      [RELEASE] white_usv9->black_usv10(目标失效)
      [RELEASE] white_usv10->black_usv10(目标失效)
      [ASSIGN] white_usv9->black_usv8(机会锁定)
      [ASSIGN] white_usv10->black_usv8(机会锁定)
[t=9,344s] step=290 | MISSION=NORMAL_C | USV: 9/10 (avail=1 int=5 lock=3 frz=0) | UAV: air=10 rtb=0 chg=0 loiter=0 | TRACKS: vis=2 lost=0 engaged=1 | TOP: black_usv1(x178,666) black_usv8(x187,469) | KILL=9 | ACTIONS=19 | INTENT: focus=2 ratio=0.20
      [KILL] black_usv1
      [RELEASE] white_usv1->black_usv1(目标失效)
      [RELEASE] white_usv2->black_usv1(目标失效)
      [RELEASE] white_usv3->black_usv1(目标失效)

========================================================================
对局结果: Result.Victory — 敌方所有单位被击毁
  击杀蓝舰: 10 | 命中: 20 | 我方USV损失: 1 | UAV损失: 0 | 突破: 0
[META] result=Result.Victory victory_time=9628 first_detection=1564 first_lock=7397 first_kill=8300 enemy_kills=10 friendly_usv_losses=1 friendly_uav_losses=0 black_breakthrough=0 reacquire_attempts=36 reacquire_success=36 sensor_assisted_locks=27 low_conf_commitments=0 global_reacquire_entries=0 global_reacquire_success=0 coverage_collapse_events=1 active_clusters_max=1 coverage_quality_final=0.26 commander_source=default_intent commander_calls=0 commander_changes=0 commander_no_change=0 commander_parse_failures=0 commander_api_failures=0 commander_policy_failures=0 commander_avg_latency=0.0
Done
