========================================================================
HYBRID AGENT V5 — Variable-Cardinality Hierarchical Maritime Agent
  启用UAV: True | LLM_ENABLED: False
========================================================================
对局 78 开始
      [UAV RELAUNCH] white_uav1
      [UAV RELAUNCH] white_uav4
      [UAV RELAUNCH] white_uav3
      [UAV RELAUNCH] white_uav9
      [UAV RELAUNCH] white_uav12
      [UAV RELAUNCH] white_uav15
      [UAV RELAUNCH] white_uav7
      [UAV RELAUNCH] white_uav2
      [UAV RELAUNCH] white_uav5
      [UAV RELAUNCH] white_uav8
      [UAV RELAUNCH] white_uav14
      [UAV RELAUNCH] white_uav6
      [UAV RELAUNCH] white_uav11
      [UAV RELAUNCH] white_uav10
      [UAV RELAUNCH] white_uav13
[t=311s] step=10 | MISSION=NORMAL_C | USV: 15/15 (avail=15 int=0 lock=0 frz=0) | UAV: air=15 rtb=0 chg=0 loiter=0 | TRACKS: vis=0 lost=0 engaged=0 | TOP:  | KILL=0 | ACTIONS=30 | INTENT: focus=2 ratio=0.20
  [INTENT APPLIED]
    ThreatAllocator: focus 2 emergency 3 reserve_ratio 0.20 reserve_usvs None bias breakthrough_eta
    UAVManager: mode search_and_reacquire uav_priority []
[t=666s] step=20 | MISSION=NORMAL_C | USV: 15/15 (avail=15 int=0 lock=0 frz=0) | UAV: air=15 rtb=0 chg=0 loiter=0 | TRACKS: vis=0 lost=0 engaged=0 | TOP:  | KILL=0 | ACTIONS=30 | INTENT: focus=2 ratio=0.20
[t=1,027s] step=30 | MISSION=NORMAL_C | USV: 15/15 (avail=15 int=0 lock=0 frz=0) | UAV: air=15 rtb=0 chg=0 loiter=0 | TRACKS: vis=0 lost=0 engaged=0 | TOP:  | KILL=0 | ACTIONS=30 | INTENT: focus=2 ratio=0.20
[t=1,391s] step=40 | MISSION=NORMAL_C | USV: 15/15 (avail=15 int=0 lock=0 frz=0) | UAV: air=15 rtb=0 chg=0 loiter=0 | TRACKS: vis=0 lost=0 engaged=0 | TOP:  | KILL=0 | ACTIONS=30 | INTENT: focus=2 ratio=0.20
      [DETECT] black_uav3
      [DETECT] black_uav7
      [DETECT] black_uav4
      [DETECT] black_uav13
      [DETECT] black_uav11
      [DETECT] black_uav6
      [DETECT] black_uav8
      [DETECT] black_uav9
      [DETECT] black_uav10
      [DETECT] black_uav12
      [DETECT] black_uav5
      [DETECT] black_uav2
      [DETECT] black_uav1
      [DETECT] black_uav14
      [DETECT] black_uav15
[t=1,717s] step=50 | MISSION=NORMAL_C | USV: 15/15 (avail=15 int=0 lock=0 frz=0) | UAV: air=15 rtb=0 chg=0 loiter=0 | TRACKS: vis=15 lost=0 engaged=0 | TOP: black_uav3(x207,748) black_uav7(x207,748) black_uav4(x207,748) | KILL=0 | ACTIONS=30 | INTENT: focus=2 ratio=0.20
      [DETECT] black_usv10
      [DETECT] black_usv8
      [DETECT] black_usv6
      [DETECT] black_usv1
      [DETECT] black_usv7
      [DETECT] black_usv2
      [DETECT] black_usv12
      [DETECT] black_usv14
      [DETECT] black_usv5
      [DETECT] black_usv13
      [DETECT] black_usv9
      [DETECT] black_usv4
      [DETECT] black_usv11
      [DETECT] black_usv3
      [ASSIGN] white_usv2->black_usv2
      [ASSIGN] white_usv9->black_usv5
      [ASSIGN] white_usv10->black_usv10
      [ASSIGN] white_usv13->black_usv14
      [ASSIGN] white_usv12->black_usv12
      [ASSIGN] white_usv15->black_usv1
      [ASSIGN] white_usv4->black_usv4
      [ASSIGN] white_usv5->black_usv3
      [ASSIGN] white_usv6->black_usv7
      [ASSIGN] white_usv8->black_usv8
      [ASSIGN] white_usv14->black_usv13
      [ASSIGN] white_usv11->black_usv9
      [ASSIGN] white_usv1->black_usv6
      [ASSIGN] white_usv3->black_usv11
      [DETECT] black_usv15
      [ASSIGN] white_usv7->black_usv15
[t=2,035s] step=60 | MISSION=NORMAL_C | USV: 15/15 (avail=0 int=15 lock=0 frz=0) | UAV: air=15 rtb=0 chg=0 loiter=0 | TRACKS: vis=28 lost=2 engaged=0 | TOP: black_usv14(x239,644) black_usv12(x239,659) black_usv13(x239,721) | KILL=0 | ACTIONS=30 | INTENT: focus=2 ratio=0.20
[t=2,375s] step=70 | MISSION=NORMAL_C | USV: 15/15 (avail=0 int=15 lock=0 frz=0) | UAV: air=15 rtb=0 chg=0 loiter=0 | TRACKS: vis=20 lost=7 engaged=0 | TOP: black_usv14(x236,244) black_usv12(x236,262) black_usv13(x236,335) | KILL=0 | ACTIONS=30 | INTENT: focus=2 ratio=0.20
      [DETECT] black_uav4
      [DETECT] black_uav5
      [DETECT] black_uav7
      [DETECT] black_uav9
      [DETECT] black_uav2
      [DETECT] black_uav14
[t=2,717s] step=80 | MISSION=NORMAL_C | USV: 15/15 (avail=0 int=15 lock=0 frz=0) | UAV: air=15 rtb=0 chg=0 loiter=0 | TRACKS: vis=20 lost=6 engaged=0 | TOP: black_usv14(x232,825) black_usv12(x232,845) black_usv13(x232,928) | KILL=0 | ACTIONS=30 | INTENT: focus=2 ratio=0.20
      [DETECT] black_uav10
      [DETECT] black_uav6
      [DETECT] black_uav13
      [DETECT] black_uav3
[t=3,086s] step=90 | MISSION=NORMAL_C | USV: 15/15 (avail=0 int=15 lock=0 frz=0) | UAV: air=15 rtb=0 chg=0 loiter=0 | TRACKS: vis=30 lost=0 engaged=0 | TOP: black_usv14(x229,135) black_usv12(x229,159) black_usv13(x229,253) | KILL=0 | ACTIONS=30 | INTENT: focus=2 ratio=0.20
[t=3,441s] step=100 | MISSION=NORMAL_C | USV: 15/15 (avail=0 int=15 lock=0 frz=0) | UAV: air=15 rtb=0 chg=0 loiter=0 | TRACKS: vis=28 lost=2 engaged=0 | TOP: black_usv14(x225,586) black_usv12(x225,612) black_usv13(x225,717) | KILL=0 | ACTIONS=30 | INTENT: focus=2 ratio=0.20
[t=3,779s] step=110 | MISSION=NORMAL_C | USV: 15/15 (avail=0 int=15 lock=0 frz=0) | UAV: air=15 rtb=0 chg=0 loiter=0 | TRACKS: vis=28 lost=2 engaged=0 | TOP: black_usv14(x222,207) black_usv12(x222,235) black_usv13(x222,350) | KILL=0 | ACTIONS=30 | INTENT: focus=2 ratio=0.20
[t=4,056s] step=120 | MISSION=NORMAL_C | USV: 15/15 (avail=0 int=15 lock=0 frz=0) | UAV: air=15 rtb=0 chg=0 loiter=0 | TRACKS: vis=30 lost=0 engaged=0 | TOP: black_usv14(x219,437) black_usv12(x219,468) black_usv13(x219,591) | KILL=0 | ACTIONS=30 | INTENT: focus=2 ratio=0.20
[t=4,245s] step=130 | MISSION=NORMAL_C | USV: 15/15 (avail=0 int=15 lock=0 frz=0) | UAV: air=15 rtb=0 chg=0 loiter=0 | TRACKS: vis=30 lost=0 engaged=0 | TOP: black_usv14(x217,547) black_usv12(x217,579) black_usv13(x217,709) | KILL=0 | ACTIONS=30 | INTENT: focus=2 ratio=0.20
[t=4,453s] step=140 | MISSION=NORMAL_C | USV: 15/15 (avail=0 int=15 lock=0 frz=0) | UAV: air=15 rtb=0 chg=0 loiter=0 | TRACKS: vis=30 lost=0 engaged=0 | TOP: black_usv14(x215,468) black_usv12(x215,501) black_usv13(x215,637) | KILL=0 | ACTIONS=30 | INTENT: focus=2 ratio=0.20
[t=4,653s] step=150 | MISSION=NORMAL_C | USV: 15/15 (avail=0 int=15 lock=0 frz=0) | UAV: air=15 rtb=0 chg=0 loiter=0 | TRACKS: vis=29 lost=1 engaged=0 | TOP: black_usv14(x213,468) black_usv12(x213,503) black_usv13(x213,645) | KILL=0 | ACTIONS=30 | INTENT: focus=2 ratio=0.20
[t=4,845s] step=160 | MISSION=NORMAL_C | USV: 15/15 (avail=0 int=15 lock=0 frz=0) | UAV: air=15 rtb=0 chg=0 loiter=0 | TRACKS: vis=30 lost=0 engaged=0 | TOP: black_usv14(x211,549) black_usv12(x211,585) black_usv13(x211,733) | KILL=0 | ACTIONS=30 | INTENT: focus=2 ratio=0.20
[t=5,068s] step=170 | MISSION=NORMAL_C | USV: 15/15 (avail=0 int=15 lock=0 frz=0) | UAV: air=15 rtb=0 chg=0 loiter=0 | TRACKS: vis=30 lost=0 engaged=0 | TOP: black_usv14(x209,319) black_usv12(x209,357) black_usv13(x209,512) | KILL=0 | ACTIONS=30 | INTENT: focus=2 ratio=0.20
[t=5,334s] step=180 | MISSION=NORMAL_C | USV: 15/15 (avail=0 int=15 lock=0 frz=0) | UAV: air=15 rtb=0 chg=0 loiter=0 | TRACKS: vis=30 lost=0 engaged=0 | TOP: black_usv14(x206,659) black_usv12(x206,699) black_usv13(x206,862) | KILL=0 | ACTIONS=30 | INTENT: focus=2 ratio=0.20
[t=5,635s] step=190 | MISSION=NORMAL_C | USV: 15/15 (avail=0 int=15 lock=0 frz=0) | UAV: air=15 rtb=0 chg=0 loiter=0 | TRACKS: vis=30 lost=0 engaged=0 | TOP: black_usv14(x203,650) black_usv12(x203,692) black_usv13(x203,864) | KILL=0 | ACTIONS=30 | INTENT: focus=2 ratio=0.20
[t=5,969s] step=200 | MISSION=NORMAL_C | USV: 15/15 (avail=0 int=15 lock=0 frz=0) | UAV: air=15 rtb=0 chg=0 loiter=0 | TRACKS: vis=19 lost=11 engaged=0 | TOP: black_usv14(x200,310) black_usv12(x200,355) black_usv13(x200,538) | KILL=0 | ACTIONS=30 | INTENT: focus=2 ratio=0.20
[t=6,345s] step=210 | MISSION=NORMAL_C | USV: 15/15 (avail=0 int=15 lock=0 frz=0) | UAV: air=15 rtb=0 chg=0 loiter=0 | TRACKS: vis=10 lost=5 engaged=0 | TOP: black_usv14(x196,551) black_usv12(x196,599) black_usv13(x196,793) | KILL=0 | ACTIONS=30 | INTENT: focus=2 ratio=0.20
[t=6,711s] step=220 | MISSION=NORMAL_C | USV: 15/15 (avail=0 int=15 lock=0 frz=0) | UAV: air=15 rtb=0 chg=0 loiter=0 | TRACKS: vis=14 lost=1 engaged=0 | TOP: black_usv14(x192,892) black_usv12(x192,942) black_usv13(x193,147) | KILL=0 | ACTIONS=30 | INTENT: focus=2 ratio=0.20
[t=7,088s] step=230 | MISSION=NORMAL_C | USV: 15/15 (avail=0 int=15 lock=0 frz=0) | UAV: air=15 rtb=0 chg=0 loiter=0 | TRACKS: vis=14 lost=1 engaged=0 | TOP: black_usv14(x189,122) black_usv12(x189,176) black_usv13(x189,392) | KILL=0 | ACTIONS=30 | INTENT: focus=2 ratio=0.20
      [RELEASE] white_usv8->black_usv8(目标失效)
      [ASSIGN] white_usv8->black_usv14
      [ASSIGN] white_usv14->black_usv14(机会锁定)
      [ASSIGN] white_usv10->black_usv12(机会锁定)
      [ASSIGN] white_usv1->black_usv2(机会锁定)
      [ASSIGN] white_usv5->black_usv7(机会锁定)
      [ASSIGN] white_usv3->black_usv7(机会锁定)
      [DETECT] black_usv8
      [ASSIGN] white_usv8->black_usv5(机会锁定)
      [ASSIGN] white_usv11->black_usv5(机会锁定)
[t=7,479s] step=240 | MISSION=NORMAL_C | USV: 15/15 (avail=0 int=4 lock=11 frz=0) | UAV: air=15 rtb=0 chg=0 loiter=0 | TRACKS: vis=11 lost=4 engaged=6 | TOP: black_usv13(x185,498) black_usv10(x186,989) black_usv11(x192,679) | KILL=0 | ACTIONS=30 | INTENT: focus=2 ratio=0.20
      [ASSIGN] white_usv15->black_usv5(机会锁定)
      [ASSIGN] white_usv7->black_usv13(机会锁定)
      [ASSIGN] white_usv13->black_usv10(机会锁定)
      [ASSIGN] white_usv12->black_usv10(机会锁定)
      [ASSIGN] white_usv14->black_usv10(机会锁定)
      [ASSIGN] white_usv2->black_usv3(机会锁定)
      [ASSIGN] white_usv10->black_usv14(机会锁定)
      [ASSIGN] white_usv4->black_usv3(机会锁定)
      [ASSIGN] white_usv1->black_usv3(机会锁定)
      [ASSIGN] white_usv9->black_usv12(机会锁定)
      [ASSIGN] white_usv5->black_usv4(机会锁定)
      [ASSIGN] white_usv6->black_usv4(机会锁定)
      [ASSIGN] white_usv8->black_usv9(机会锁定)
      [ASSIGN] white_usv11->black_usv9(机会锁定)
      [ASSIGN] white_usv3->black_usv9(机会锁定)
      [ASSIGN] white_usv9->black_usv5(机会锁定)
      [ASSIGN] white_usv9->black_usv12(机会锁定)
      [ASSIGN] white_usv15->black_usv12(机会锁定)
[t=7,881s] step=250 | MISSION=NORMAL_C | USV: 15/15 (avail=0 int=2 lock=13 frz=0) | UAV: air=15 rtb=0 chg=0 loiter=0 | TRACKS: vis=15 lost=0 engaged=6 | TOP: black_usv12(x183,451) black_usv2(x183,451) black_usv7(x184,206) | KILL=4 | ACTIONS=30 | INTENT: focus=2 ratio=0.20
      [ASSIGN] white_usv9->black_usv5(机会锁定)
      [ASSIGN] white_usv15->black_usv5(机会锁定)
      [ASSIGN] white_usv9->black_usv12(机会锁定)
      [ASSIGN] white_usv15->black_usv12(机会锁定)
      [ASSIGN] white_usv9->black_usv5(机会锁定)
      [ASSIGN] white_usv13->black_usv13(机会锁定)
      [ASSIGN] white_usv12->black_usv5(机会锁定)
      [ASSIGN] white_usv15->black_usv5(机会锁定)
      [ASSIGN] white_usv14->black_usv13(机会锁定)
      [ASSIGN] white_usv2->black_usv2(机会锁定)
      [ASSIGN] white_usv10->black_usv10(机会锁定)
      [ASSIGN] white_usv12->black_usv12(机会锁定)
      [ASSIGN] white_usv15->black_usv12(机会锁定)
      [ASSIGN] white_usv4->black_usv7(机会锁定)
      [ASSIGN] white_usv1->black_usv2(机会锁定)
      [ASSIGN] white_usv2->black_usv3(机会锁定)
      [ASSIGN] white_usv10->black_usv14(机会锁定)
      [ASSIGN] white_usv12->black_usv14(机会锁定)
      [ASSIGN] white_usv15->black_usv5(机会锁定)
      [ASSIGN] white_usv4->black_usv3(机会锁定)
      [ASSIGN] white_usv5->black_usv3(机会锁定)
      [ASSIGN] white_usv6->black_usv3(机会锁定)
      [ASSIGN] white_usv1->black_usv3(机会锁定)
      [ASSIGN] white_usv10->black_usv10(机会锁定)
      [ASSIGN] white_usv12->black_usv12(机会锁定)
      [ASSIGN] white_usv4->black_usv4(机会锁定)
      [ASSIGN] white_usv5->black_usv7(机会锁定)
      [ASSIGN] white_usv6->black_usv7(机会锁定)
      [ASSIGN] white_usv1->black_usv4(机会锁定)
      [ASSIGN] white_usv10->black_usv14(机会锁定)
      [ASSIGN] white_usv12->black_usv14(机会锁定)
      [ASSIGN] white_usv4->black_usv1(机会锁定)
      [ASSIGN] white_usv5->black_usv1(机会锁定)
      [ASSIGN] white_usv6->black_usv1(机会锁定)
      [ASSIGN] white_usv8->black_usv1(机会锁定)
      [ASSIGN] white_usv11->black_usv1(机会锁定)
      [ASSIGN] white_usv1->black_usv2(机会锁定)
      [ASSIGN] white_usv3->black_usv1(机会锁定)
      [ASSIGN] white_usv10->black_usv10(机会锁定)
      [ASSIGN] white_usv12->black_usv12(机会锁定)
      [ASSIGN] white_usv1->black_usv4(机会锁定)
      [ASSIGN] white_usv9->black_usv12(机会锁定)
      [ASSIGN] white_usv10->black_usv14(机会锁定)
      [ASSIGN] white_usv12->black_usv14(机会锁定)
      [ASSIGN] white_usv1->black_usv2(机会锁定)
      [KILL] black_usv12
      [RELEASE] white_usv9->black_usv12(目标失效)
      [ASSIGN] white_usv9->black_usv5(机会锁定)
      [ASSIGN] white_usv10->black_usv10(机会锁定)
      [ASSIGN] white_usv12->black_usv13(机会锁定)
      [ASSIGN] white_usv1->black_usv4(机会锁定)
[t=8,289s] step=260 | MISSION=NORMAL_C | USV: 15/15 (avail=0 int=5 lock=10 frz=0) | UAV: air=15 rtb=0 chg=0 loiter=0 | TRACKS: vis=13 lost=1 engaged=3 | TOP: black_usv4(x182,820) black_usv10(x182,079) black_usv9(x182,358) | KILL=8 | ACTIONS=30 | INTENT: focus=2 ratio=0.20
      [KILL] black_usv2
      [ASSIGN] white_usv10->black_usv14(机会锁定)
      [ASSIGN] white_usv13->black_usv14(机会锁定)
      [ASSIGN] white_usv14->black_usv14(机会锁定)
      [ASSIGN] white_usv1->black_usv9(机会锁定)
      [ASSIGN] white_usv7->black_usv10(机会锁定)
      [KILL] black_usv7
      [ASSIGN] white_usv9->black_usv13(机会锁定)
      [ASSIGN] white_usv10->black_usv13(机会锁定)
      [ASSIGN] white_usv13->black_usv13(机会锁定)
      [ASSIGN] white_usv15->black_usv9(机会锁定)
      [ASSIGN] white_usv14->black_usv13(机会锁定)
      [ASSIGN] white_usv1->black_usv4(机会锁定)
      [ASSIGN] white_usv7->black_usv13(机会锁定)
      [KILL] black_usv5
      [ASSIGN] white_usv2->black_usv11(机会锁定)
      [ASSIGN] white_usv9->black_usv9(机会锁定)
      [ASSIGN] white_usv13->black_usv10(机会锁定)
      [ASSIGN] white_usv9->black_usv14(机会锁定)
      [ASSIGN] white_usv13->black_usv13(机会锁定)
      [ASSIGN] white_usv4->black_usv3(机会锁定)
      [ASSIGN] white_usv5->black_usv3(机会锁定)
      [ASSIGN] white_usv6->black_usv3(机会锁定)
      [ASSIGN] white_usv8->black_usv3(机会锁定)
      [ASSIGN] white_usv11->black_usv3(机会锁定)
      [ASSIGN] white_usv1->black_usv1(机会锁定)
      [ASSIGN] white_usv3->black_usv3(机会锁定)
      [ASSIGN] white_usv9->black_usv10(机会锁定)
      [ASSIGN] white_usv4->black_usv4(机会锁定)
      [ASSIGN] white_usv6->black_usv4(机会锁定)
      [ASSIGN] white_usv8->black_usv4(机会锁定)
      [ASSIGN] white_usv11->black_usv4(机会锁定)
      [ASSIGN] white_usv3->black_usv4(机会锁定)
      [ASSIGN] white_usv9->black_usv14(机会锁定)
      [ASSIGN] white_usv15->black_usv3(机会锁定)
      [ASSIGN] white_usv4->black_usv3(机会锁定)
      [ASSIGN] white_usv6->black_usv3(机会锁定)
      [ASSIGN] white_usv8->black_usv3(机会锁定)
      [ASSIGN] white_usv11->black_usv3(机会锁定)
      [ASSIGN] white_usv3->black_usv3(机会锁定)
      [KILL] black_usv10
      [ASSIGN] white_usv9->black_usv9(机会锁定)
      [ASSIGN] white_usv15->black_usv9(机会锁定)
      [ASSIGN] white_usv4->black_usv9(机会锁定)
      [ASSIGN] white_usv6->black_usv9(机会锁定)
      [ASSIGN] white_usv8->black_usv9(机会锁定)
      [ASSIGN] white_usv11->black_usv9(机会锁定)
      [ASSIGN] white_usv3->black_usv9(机会锁定)
      [KILL] black_usv14
      [KILL] black_usv4
      [ASSIGN] white_usv9->black_usv3(机会锁定)
      [ASSIGN] white_usv15->black_usv3(机会锁定)
      [ASSIGN] white_usv4->black_usv1(机会锁定)
      [ASSIGN] white_usv6->black_usv3(机会锁定)
      [ASSIGN] white_usv8->black_usv3(机会锁定)
      [ASSIGN] white_usv11->black_usv3(机会锁定)
      [ASSIGN] white_usv3->black_usv1(机会锁定)
      [ASSIGN] white_usv2->black_usv9(机会锁定)
      [ASSIGN] white_usv9->black_usv9(机会锁定)
      [ASSIGN] white_usv15->black_usv9(机会锁定)
      [ASSIGN] white_usv4->black_usv11(机会锁定)
      [ASSIGN] white_usv6->black_usv9(机会锁定)
      [ASSIGN] white_usv8->black_usv9(机会锁定)
      [ASSIGN] white_usv11->black_usv9(机会锁定)
      [ASSIGN] white_usv1->black_usv11(机会锁定)
      [ASSIGN] white_usv3->black_usv9(机会锁定)
      [KILL] black_usv9
      [RELEASE] white_usv2->black_usv9(目标失效)
      [ASSIGN] white_usv2->black_usv1(机会锁定)
      [RELEASE] white_usv9->black_usv9(目标失效)
      [ASSIGN] white_usv9->black_usv1(机会锁定)
      [RELEASE] white_usv15->black_usv9(目标失效)
      [ASSIGN] white_usv15->black_usv1(机会锁定)
      [ASSIGN] white_usv4->black_usv1(机会锁定)
      [RELEASE] white_usv6->black_usv9(目标失效)
      [ASSIGN] white_usv6->black_usv1(机会锁定)
      [RELEASE] white_usv8->black_usv9(目标失效)
      [RELEASE] white_usv11->black_usv9(目标失效)
      [ASSIGN] white_usv11->black_usv1(机会锁定)
      [ASSIGN] white_usv1->black_usv1(机会锁定)
      [RELEASE] white_usv3->black_usv9(目标失效)
      [ASSIGN] white_usv3->black_usv1(机会锁定)
[t=8,783s] step=270 | MISSION=NORMAL_C | USV: 13/15 (avail=0 int=13 lock=0 frz=0) | UAV: air=15 rtb=0 chg=0 loiter=0 | TRACKS: vis=7 lost=0 engaged=0 | TOP: black_usv15(x181,784) black_usv6(x180,966) black_usv1(x180,409) | KILL=11 | ACTIONS=28 | INTENT: focus=2 ratio=0.20
      [ASSIGN] white_usv2->black_usv11(机会锁定)
      [ASSIGN] white_usv9->black_usv3(机会锁定)
      [ASSIGN] white_usv15->black_usv3(机会锁定)
      [ASSIGN] white_usv8->black_usv15
      [ASSIGN] white_usv1->black_usv11(机会锁定)
      [ASSIGN] white_usv1->black_usv6(机会锁定)
      [KILL] black_usv13
      [ASSIGN] white_usv9->black_usv11(机会锁定)
      [RELEASE] white_usv13->black_usv13(目标失效)
      [RELEASE] white_usv12->black_usv13(目标失效)
      [ASSIGN] white_usv15->black_usv11(机会锁定)
      [RELEASE] white_usv14->black_usv13(目标失效)
      [RELEASE] white_usv7->black_usv13(目标失效)
      [ASSIGN] white_usv13->black_usv8
      [ASSIGN] white_usv12->black_usv3
      [ASSIGN] white_usv4->black_usv11(机会锁定)
      [ASSIGN] white_usv6->black_usv11(机会锁定)
      [ASSIGN] white_usv14->black_usv6
      [ASSIGN] white_usv7->black_usv15
      [KILL] black_usv3
      [RELEASE] white_usv12->black_usv3(目标失效)
      [KILL] black_usv1
      [ASSIGN] white_usv12->black_usv8
      [RELEASE] white_usv11->black_usv1(目标失效)
      [ASSIGN] white_usv11->black_usv11(机会锁定)
      [RELEASE] white_usv3->black_usv1(目标失效)
      [ASSIGN] white_usv3->black_usv11(机会锁定)
      [ASSIGN] white_usv2->black_usv6(机会锁定)
      [ASSIGN] white_usv9->black_usv8(机会锁定)
[t=9,384s] step=280 | MISSION=NORMAL_C | USV: 13/15 (avail=0 int=10 lock=3 frz=0) | UAV: air=15 rtb=0 chg=0 loiter=0 | TRACKS: vis=4 lost=0 engaged=2 | TOP: black_usv6(x177,069) black_usv15(x176,034) black_usv11(x179,233) | KILL=12 | ACTIONS=28 | INTENT: focus=2 ratio=0.20
      [ASSIGN] white_usv3->black_usv6(机会锁定)
      [ASSIGN] white_usv2->black_usv11(机会锁定)
      [ASSIGN] white_usv1->black_usv11(机会锁定)
      [ASSIGN] white_usv3->black_usv11(机会锁定)
      [ASSIGN] white_usv2->black_usv6(机会锁定)
      [ASSIGN] white_usv1->black_usv6(机会锁定)
      [ASSIGN] white_usv3->black_usv6(机会锁定)
      [ASSIGN] white_usv2->black_usv11(机会锁定)
      [ASSIGN] white_usv1->black_usv11(机会锁定)
      [ASSIGN] white_usv3->black_usv11(机会锁定)
      [ASSIGN] white_usv11->black_usv6(机会锁定)
      [ASSIGN] white_usv1->black_usv6(机会锁定)
      [ASSIGN] white_usv3->black_usv6(机会锁定)
      [ASSIGN] white_usv11->black_usv11(机会锁定)
      [ASSIGN] white_usv1->black_usv11(机会锁定)
      [ASSIGN] white_usv3->black_usv11(机会锁定)
      [KILL] black_usv11
      [RELEASE] white_usv2->black_usv11(目标失效)
      [RELEASE] white_usv15->black_usv11(目标失效)
      [RELEASE] white_usv4->black_usv11(目标失效)
      [RELEASE] white_usv6->black_usv11(目标失效)
      [RELEASE] white_usv11->black_usv11(目标失效)
      [ASSIGN] white_usv11->black_usv6(机会锁定)
      [RELEASE] white_usv1->black_usv11(目标失效)
      [RELEASE] white_usv3->black_usv11(目标失效)
      [ASSIGN] white_usv3->black_usv6(机会锁定)
      [ASSIGN] white_usv15->black_usv6(机会锁定)
[t=10,058s] step=290 | MISSION=NORMAL_C | USV: 13/15 (avail=5 int=7 lock=1 frz=0) | UAV: air=15 rtb=0 chg=0 loiter=0 | TRACKS: vis=3 lost=0 engaged=1 | TOP: black_usv15(x172,459) black_usv6(x176,457) black_usv8(x196,298) | KILL=14 | ACTIONS=28 | INTENT: focus=2 ratio=0.20
      [ASSIGN] white_usv6->black_usv15
      [ASSIGN] white_usv1->black_usv6(机会锁定)
      [KILL] black_usv6
      [KILL] black_usv8
      [RELEASE] white_usv9->black_usv8(目标失效)
      [RELEASE] white_usv13->black_usv8(目标失效)
      [RELEASE] white_usv12->black_usv8(目标失效)
      [RELEASE] white_usv15->black_usv6(目标失效)
      [RELEASE] white_usv14->black_usv6(目标失效)
      [RELEASE] white_usv11->black_usv6(目标失效)
      [RELEASE] white_usv1->black_usv6(目标失效)
      [RELEASE] white_usv3->black_usv6(目标失效)

========================================================================
对局结果: Result.Victory — 敌方所有单位被击毁
  击杀蓝舰: 15 | 命中: 30 | 我方USV损失: 2 | UAV损失: 0 | 突破: 0
[META] result=Result.Victory victory_time=10400 first_detection=1568 first_lock=7386 first_kill=8289 enemy_kills=15 friendly_usv_losses=2 friendly_uav_losses=0 black_breakthrough=0 reacquire_attempts=79 reacquire_success=79 sensor_assisted_locks=33 low_conf_commitments=0 global_reacquire_entries=0 global_reacquire_success=0 coverage_collapse_events=1 active_clusters_max=1 coverage_quality_final=0.34 commander_source=default_intent commander_calls=0 commander_changes=0 commander_no_change=0 commander_parse_failures=0 commander_api_failures=0 commander_policy_failures=0 commander_avg_latency=0.0
Done
