========================================================================
HYBRID AGENT V5 — Variable-Cardinality Hierarchical Maritime Agent
  启用UAV: True | LLM_ENABLED: False
========================================================================
对局 1 开始
      [UAV RELAUNCH] white_uav3
      [UAV RELAUNCH] white_uav7
      [UAV RELAUNCH] white_uav6
      [UAV RELAUNCH] white_uav10
      [UAV RELAUNCH] white_uav2
      [UAV RELAUNCH] white_uav5
      [UAV RELAUNCH] white_uav4
      [UAV RELAUNCH] white_uav1
      [UAV RELAUNCH] white_uav9
      [UAV RELAUNCH] white_uav8
[t=185s] step=10 | MISSION=NORMAL_C | USV: 10/10 (avail=10 int=0 lock=0 frz=0) | UAV: air=10 rtb=0 chg=0 loiter=0 | TRACKS: vis=0 lost=0 engaged=0 | TOP:  | KILL=0 | ACTIONS=20 | INTENT: focus=2 ratio=0.20
  [INTENT APPLIED]
    ThreatAllocator: focus 2 emergency 3 reserve_ratio 0.20 reserve_usvs None bias breakthrough_eta
    UAVManager: mode search_and_reacquire uav_priority []
[t=398s] step=20 | MISSION=NORMAL_C | USV: 10/10 (avail=10 int=0 lock=0 frz=0) | UAV: air=10 rtb=0 chg=0 loiter=0 | TRACKS: vis=0 lost=0 engaged=0 | TOP:  | KILL=0 | ACTIONS=20 | INTENT: focus=2 ratio=0.20
[t=614s] step=30 | MISSION=NORMAL_C | USV: 10/10 (avail=10 int=0 lock=0 frz=0) | UAV: air=10 rtb=0 chg=0 loiter=0 | TRACKS: vis=0 lost=0 engaged=0 | TOP:  | KILL=0 | ACTIONS=20 | INTENT: focus=2 ratio=0.20
[t=834s] step=40 | MISSION=NORMAL_C | USV: 10/10 (avail=10 int=0 lock=0 frz=0) | UAV: air=10 rtb=0 chg=0 loiter=0 | TRACKS: vis=0 lost=0 engaged=0 | TOP:  | KILL=0 | ACTIONS=20 | INTENT: focus=2 ratio=0.20
[t=1,058s] step=50 | MISSION=NORMAL_C | USV: 10/10 (avail=10 int=0 lock=0 frz=0) | UAV: air=10 rtb=0 chg=0 loiter=0 | TRACKS: vis=0 lost=0 engaged=0 | TOP:  | KILL=0 | ACTIONS=20 | INTENT: focus=2 ratio=0.20
[t=1,275s] step=60 | MISSION=NORMAL_C | USV: 10/10 (avail=10 int=0 lock=0 frz=0) | UAV: air=10 rtb=0 chg=0 loiter=0 | TRACKS: vis=0 lost=0 engaged=0 | TOP:  | KILL=0 | ACTIONS=20 | INTENT: focus=2 ratio=0.20
[t=1,510s] step=70 | MISSION=NORMAL_C | USV: 10/10 (avail=10 int=0 lock=0 frz=0) | UAV: air=10 rtb=0 chg=0 loiter=0 | TRACKS: vis=0 lost=0 engaged=0 | TOP:  | KILL=0 | ACTIONS=20 | INTENT: focus=2 ratio=0.20
[t=1,740s] step=80 | MISSION=NORMAL_C | USV: 10/10 (avail=10 int=0 lock=0 frz=0) | UAV: air=10 rtb=0 chg=0 loiter=0 | TRACKS: vis=0 lost=0 engaged=0 | TOP:  | KILL=0 | ACTIONS=20 | INTENT: focus=2 ratio=0.20
      [DETECT] black_usv8
      [DETECT] black_usv3
      [DETECT] black_usv6
      [DETECT] black_usv13
      [DETECT] black_usv16
      [DETECT] black_usv10
      [DETECT] black_usv12
      [DETECT] black_usv14
      [DETECT] black_usv11
      [DETECT] black_usv9
      [DETECT] black_usv5
      [ASSIGN] white_usv10->black_usv12
      [ASSIGN] white_usv1->black_usv10
      [ASSIGN] white_usv2->black_usv3
      [ASSIGN] white_usv5->black_usv9
      [ASSIGN] white_usv6->black_usv13
      [ASSIGN] white_usv8->black_usv16
      [ASSIGN] white_usv9->black_usv14
      [ASSIGN] white_usv3->black_usv5
      [DETECT] black_usv17
      [DETECT] black_usv18
      [DETECT] black_usv7
      [DETECT] black_usv4
      [DETECT] black_usv20
      [DETECT] black_usv1
      [DETECT] black_usv19
      [DETECT] black_usv2
      [DETECT] black_usv15
      [ASSIGN] white_usv4->black_usv2
      [ASSIGN] white_usv7->black_usv1
[t=1,975s] step=90 | MISSION=NORMAL_C | USV: 10/10 (avail=0 int=10 lock=0 frz=0) | UAV: air=10 rtb=0 chg=0 loiter=0 | TRACKS: vis=20 lost=0 engaged=0 | TOP: black_usv19(x240,335) black_usv18(x240,336) black_usv20(x240,671) | KILL=0 | ACTIONS=20 | INTENT: focus=2 ratio=0.20
[t=2,209s] step=100 | MISSION=NORMAL_C | USV: 10/10 (avail=0 int=10 lock=0 frz=0) | UAV: air=10 rtb=0 chg=0 loiter=0 | TRACKS: vis=20 lost=0 engaged=0 | TOP: black_usv19(x238,006) black_usv18(x238,008) black_usv20(x238,382) | KILL=0 | ACTIONS=20 | INTENT: focus=2 ratio=0.20
[t=2,454s] step=110 | MISSION=NORMAL_C | USV: 10/10 (avail=0 int=10 lock=0 frz=0) | UAV: air=10 rtb=0 chg=0 loiter=0 | TRACKS: vis=20 lost=0 engaged=0 | TOP: black_usv19(x235,568) black_usv18(x235,570) black_usv20(x235,985) | KILL=0 | ACTIONS=20 | INTENT: focus=2 ratio=0.20
[t=2,686s] step=120 | MISSION=NORMAL_C | USV: 10/10 (avail=0 int=10 lock=0 frz=0) | UAV: air=10 rtb=0 chg=0 loiter=0 | TRACKS: vis=20 lost=0 engaged=0 | TOP: black_usv19(x233,259) black_usv18(x233,261) black_usv20(x233,715) | KILL=0 | ACTIONS=20 | INTENT: focus=2 ratio=0.20
[t=2,923s] step=130 | MISSION=NORMAL_C | USV: 10/10 (avail=0 int=10 lock=0 frz=0) | UAV: air=10 rtb=0 chg=0 loiter=0 | TRACKS: vis=20 lost=0 engaged=0 | TOP: black_usv19(x230,900) black_usv18(x230,902) black_usv20(x231,397) | KILL=0 | ACTIONS=20 | INTENT: focus=2 ratio=0.20
[t=3,169s] step=140 | MISSION=NORMAL_C | USV: 10/10 (avail=0 int=10 lock=0 frz=0) | UAV: air=10 rtb=0 chg=0 loiter=0 | TRACKS: vis=20 lost=0 engaged=0 | TOP: black_usv19(x228,452) black_usv18(x228,454) black_usv20(x228,991) | KILL=0 | ACTIONS=20 | INTENT: focus=2 ratio=0.20
[t=3,381s] step=150 | MISSION=NORMAL_C | USV: 10/10 (avail=0 int=10 lock=0 frz=0) | UAV: air=10 rtb=0 chg=0 loiter=0 | TRACKS: vis=20 lost=0 engaged=0 | TOP: black_usv19(x226,342) black_usv18(x226,345) black_usv20(x226,917) | KILL=0 | ACTIONS=20 | INTENT: focus=2 ratio=0.20
[t=3,626s] step=160 | MISSION=NORMAL_C | USV: 10/10 (avail=0 int=10 lock=0 frz=0) | UAV: air=10 rtb=0 chg=0 loiter=0 | TRACKS: vis=20 lost=0 engaged=0 | TOP: black_usv19(x223,904) black_usv18(x223,907) black_usv20(x224,520) | KILL=0 | ACTIONS=20 | INTENT: focus=2 ratio=0.20
[t=3,868s] step=170 | MISSION=NORMAL_C | USV: 10/10 (avail=0 int=10 lock=0 frz=0) | UAV: air=10 rtb=0 chg=0 loiter=0 | TRACKS: vis=20 lost=0 engaged=0 | TOP: black_usv19(x221,496) black_usv18(x221,498) black_usv20(x222,153) | KILL=0 | ACTIONS=20 | INTENT: focus=2 ratio=0.20
[t=4,110s] step=180 | MISSION=NORMAL_C | USV: 10/10 (avail=0 int=10 lock=0 frz=0) | UAV: air=10 rtb=0 chg=0 loiter=0 | TRACKS: vis=20 lost=0 engaged=0 | TOP: black_usv19(x219,087) black_usv18(x219,090) black_usv20(x219,786) | KILL=0 | ACTIONS=20 | INTENT: focus=2 ratio=0.20
[t=4,356s] step=190 | MISSION=NORMAL_C | USV: 10/10 (avail=0 int=10 lock=0 frz=0) | UAV: air=10 rtb=0 chg=0 loiter=0 | TRACKS: vis=20 lost=0 engaged=0 | TOP: black_usv19(x216,640) black_usv18(x216,643) black_usv20(x217,380) | KILL=0 | ACTIONS=20 | INTENT: focus=2 ratio=0.20
[t=4,597s] step=200 | MISSION=NORMAL_C | USV: 10/10 (avail=0 int=10 lock=0 frz=0) | UAV: air=10 rtb=0 chg=0 loiter=0 | TRACKS: vis=20 lost=0 engaged=0 | TOP: black_usv18(x214,239) black_usv19(x214,240) black_usv20(x215,022) | KILL=0 | ACTIONS=20 | INTENT: focus=2 ratio=0.20
[t=4,847s] step=210 | MISSION=NORMAL_C | USV: 10/10 (avail=0 int=10 lock=0 frz=0) | UAV: air=10 rtb=0 chg=0 loiter=0 | TRACKS: vis=20 lost=0 engaged=0 | TOP: black_usv18(x211,744) black_usv19(x211,752) black_usv20(x212,576) | KILL=0 | ACTIONS=20 | INTENT: focus=2 ratio=0.20
[t=5,097s] step=220 | MISSION=NORMAL_C | USV: 10/10 (avail=0 int=10 lock=0 frz=0) | UAV: air=10 rtb=0 chg=0 loiter=0 | TRACKS: vis=20 lost=0 engaged=0 | TOP: black_usv18(x209,249) black_usv19(x209,264) black_usv20(x210,131) | KILL=0 | ACTIONS=20 | INTENT: focus=2 ratio=0.20
[t=5,352s] step=230 | MISSION=NORMAL_C | USV: 10/10 (avail=0 int=10 lock=0 frz=0) | UAV: air=10 rtb=0 chg=0 loiter=0 | TRACKS: vis=20 lost=0 engaged=0 | TOP: black_usv18(x206,701) black_usv19(x206,723) black_usv20(x207,632) | KILL=0 | ACTIONS=20 | INTENT: focus=2 ratio=0.20
[t=5,610s] step=240 | MISSION=NORMAL_C | USV: 10/10 (avail=0 int=10 lock=0 frz=0) | UAV: air=10 rtb=0 chg=0 loiter=0 | TRACKS: vis=20 lost=0 engaged=0 | TOP: black_usv18(x204,130) black_usv19(x204,159) black_usv20(x205,112) | KILL=0 | ACTIONS=20 | INTENT: focus=2 ratio=0.20
[t=5,847s] step=250 | MISSION=NORMAL_C | USV: 10/10 (avail=0 int=10 lock=0 frz=0) | UAV: air=10 rtb=0 chg=0 loiter=0 | TRACKS: vis=20 lost=0 engaged=0 | TOP: black_usv18(x201,768) black_usv19(x201,803) black_usv20(x202,797) | KILL=0 | ACTIONS=20 | INTENT: focus=2 ratio=0.20
[t=6,090s] step=260 | MISSION=NORMAL_C | USV: 10/10 (avail=0 int=10 lock=0 frz=0) | UAV: air=10 rtb=0 chg=0 loiter=0 | TRACKS: vis=20 lost=0 engaged=0 | TOP: black_usv18(x199,340) black_usv19(x199,382) black_usv20(x200,417) | KILL=0 | ACTIONS=20 | INTENT: focus=2 ratio=0.20
[t=6,333s] step=270 | MISSION=NORMAL_C | USV: 10/10 (avail=0 int=10 lock=0 frz=0) | UAV: air=10 rtb=0 chg=0 loiter=0 | TRACKS: vis=19 lost=1 engaged=0 | TOP: black_usv18(x196,915) black_usv19(x196,964) black_usv20(x198,040) | KILL=0 | ACTIONS=20 | INTENT: focus=2 ratio=0.20
[t=6,573s] step=280 | MISSION=NORMAL_C | USV: 10/10 (avail=0 int=10 lock=0 frz=0) | UAV: air=10 rtb=0 chg=0 loiter=0 | TRACKS: vis=20 lost=0 engaged=0 | TOP: black_usv18(x194,520) black_usv19(x194,575) black_usv20(x195,692) | KILL=0 | ACTIONS=20 | INTENT: focus=2 ratio=0.20
[t=6,826s] step=290 | MISSION=NORMAL_C | USV: 10/10 (avail=0 int=10 lock=0 frz=0) | UAV: air=10 rtb=0 chg=0 loiter=0 | TRACKS: vis=20 lost=0 engaged=0 | TOP: black_usv18(x191,996) black_usv19(x192,057) black_usv20(x193,217) | KILL=0 | ACTIONS=20 | INTENT: focus=2 ratio=0.20
[t=7,057s] step=300 | MISSION=NORMAL_C | USV: 10/10 (avail=0 int=10 lock=0 frz=0) | UAV: air=10 rtb=0 chg=0 loiter=0 | TRACKS: vis=20 lost=0 engaged=0 | TOP: black_usv18(x189,691) black_usv19(x189,758) black_usv20(x190,958) | KILL=0 | ACTIONS=20 | INTENT: focus=2 ratio=0.20
[t=7,296s] step=310 | MISSION=NORMAL_C | USV: 10/10 (avail=0 int=10 lock=0 frz=0) | UAV: air=10 rtb=0 chg=0 loiter=0 | TRACKS: vis=19 lost=1 engaged=0 | TOP: black_usv18(x187,306) black_usv19(x187,380) black_usv20(x188,620) | KILL=0 | ACTIONS=20 | INTENT: focus=2 ratio=0.20
      [ASSIGN] white_usv2->black_usv5(机会锁定)
      [ASSIGN] white_usv9->black_usv19(机会锁定)
      [ASSIGN] white_usv10->black_usv13(机会锁定)
      [ASSIGN] white_usv7->black_usv9(机会锁定)
      [ASSIGN] white_usv1->black_usv13(机会锁定)
[t=7,549s] step=320 | MISSION=NORMAL_C | USV: 10/10 (avail=0 int=0 lock=10 frz=0) | UAV: air=10 rtb=0 chg=0 loiter=0 | TRACKS: vis=19 lost=1 engaged=6 | TOP: black_usv18(x184,781) black_usv14(x185,052) black_usv1(x184,802) | KILL=0 | ACTIONS=20 | INTENT: focus=2 ratio=0.20
      [ASSIGN] white_usv2->black_usv1(机会锁定)
      [ASSIGN] white_usv5->black_usv7(机会锁定)
      [ASSIGN] white_usv6->black_usv20(机会锁定)
      [ASSIGN] white_usv8->black_usv14(机会锁定)
      [ASSIGN] white_usv9->black_usv16(机会锁定)
      [ASSIGN] white_usv3->black_usv3(机会锁定)
      [ASSIGN] white_usv4->black_usv3(机会锁定)
      [ASSIGN] white_usv10->black_usv19(机会锁定)
      [ASSIGN] white_usv1->black_usv2(机会锁定)
      [ASSIGN] white_usv7->black_usv5(机会锁定)
      [ASSIGN] white_usv7->black_usv9(机会锁定)
[t=7,832s] step=330 | MISSION=NORMAL_C | USV: 10/10 (avail=0 int=1 lock=9 frz=0) | UAV: air=10 rtb=0 chg=0 loiter=0 | TRACKS: vis=19 lost=1 engaged=8 | TOP: black_usv18(x181,959) black_usv13(x183,453) black_usv9(x183,457) | KILL=2 | ACTIONS=20 | INTENT: focus=2 ratio=0.20
      [DETECT] black_usv15
      [ASSIGN] white_usv2->black_usv5(机会锁定)
      [ASSIGN] white_usv5->black_usv13(机会锁定)
      [ASSIGN] white_usv6->black_usv13(机会锁定)
      [ASSIGN] white_usv8->black_usv10(机会锁定)
      [ASSIGN] white_usv2->black_usv1(机会锁定)
      [ASSIGN] white_usv5->black_usv7(机会锁定)
      [ASSIGN] white_usv6->black_usv14(机会锁定)
      [ASSIGN] white_usv9->black_usv14(机会锁定)
      [ASSIGN] white_usv3->black_usv1(机会锁定)
      [ASSIGN] white_usv4->black_usv1(机会锁定)
      [ASSIGN] white_usv10->black_usv16(机会锁定)
      [ASSIGN] white_usv1->black_usv16(机会锁定)
[t=8,113s] step=340 | MISSION=NORMAL_C | USV: 10/10 (avail=0 int=0 lock=10 frz=0) | UAV: air=10 rtb=0 chg=0 loiter=0 | TRACKS: vis=19 lost=1 engaged=6 | TOP: black_usv18(x179,153) black_usv19(x182,782) black_usv13(x183,453) | KILL=5 | ACTIONS=20 | INTENT: focus=2 ratio=0.20
      [ASSIGN] white_usv7->black_usv2(机会锁定)
      [ASSIGN] white_usv7->black_usv9(机会锁定)
      [DETECT] black_usv17
      [KILL] black_usv13
      [KILL] black_usv5
      [ASSIGN] white_usv8->black_usv18(机会锁定)
      [ASSIGN] white_usv2->black_usv8(机会锁定)
      [ASSIGN] white_usv5->black_usv4(机会锁定)
      [ASSIGN] white_usv6->black_usv10(机会锁定)
      [ASSIGN] white_usv9->black_usv10(机会锁定)
      [ASSIGN] white_usv3->black_usv2(机会锁定)
      [ASSIGN] white_usv4->black_usv2(机会锁定)
      [ASSIGN] white_usv1->black_usv7(机会锁定)
      [ASSIGN] white_usv3->black_usv1(机会锁定)
      [ASSIGN] white_usv4->black_usv1(机会锁定)
      [ASSIGN] white_usv3->black_usv2(机会锁定)
      [ASSIGN] white_usv4->black_usv2(机会锁定)
[t=8,442s] step=350 | MISSION=NORMAL_C | USV: 9/10 (avail=0 int=2 lock=7 frz=0) | UAV: air=10 rtb=0 chg=0 loiter=0 | TRACKS: vis=15 lost=3 engaged=6 | TOP: black_usv16(x179,246) black_usv14(x180,009) black_usv19(x182,782) | KILL=8 | ACTIONS=19 | INTENT: focus=2 ratio=0.20
      [ASSIGN] white_usv3->black_usv1(机会锁定)
      [ASSIGN] white_usv4->black_usv1(机会锁定)
      [ASSIGN] white_usv3->black_usv2(机会锁定)
      [ASSIGN] white_usv4->black_usv2(机会锁定)
      [ASSIGN] white_usv3->black_usv1(机会锁定)
      [ASSIGN] white_usv4->black_usv1(机会锁定)
      [ASSIGN] white_usv3->black_usv2(机会锁定)
      [ASSIGN] white_usv4->black_usv2(机会锁定)
      [ASSIGN] white_usv7->black_usv2(机会锁定)
      [ASSIGN] white_usv3->black_usv9(机会锁定)
      [ASSIGN] white_usv4->black_usv9(机会锁定)
      [ASSIGN] white_usv7->black_usv9(机会锁定)
      [ASSIGN] white_usv3->black_usv1(机会锁定)
      [ASSIGN] white_usv4->black_usv1(机会锁定)
      [ASSIGN] white_usv7->black_usv1(机会锁定)
      [ASSIGN] white_usv3->black_usv9(机会锁定)
      [ASSIGN] white_usv4->black_usv9(机会锁定)
      [ASSIGN] white_usv7->black_usv9(机会锁定)
      [KILL] black_usv3
      [KILL] black_usv19
      [KILL] black_usv2
      [ASSIGN] white_usv8->black_usv11(机会锁定)
      [ASSIGN] white_usv3->black_usv1(机会锁定)
      [ASSIGN] white_usv7->black_usv1(机会锁定)
      [ASSIGN] white_usv6->black_usv4(机会锁定)
      [ASSIGN] white_usv9->black_usv18(机会锁定)
      [ASSIGN] white_usv3->black_usv9(机会锁定)
      [ASSIGN] white_usv7->black_usv4(机会锁定)
[t=8,733s] step=360 | MISSION=NORMAL_C | USV: 6/10 (avail=0 int=2 lock=4 frz=0) | UAV: air=10 rtb=0 chg=0 loiter=0 | TRACKS: vis=14 lost=1 engaged=4 | TOP: black_usv10(x175,440) black_usv16(x179,246) black_usv14(x180,009) | KILL=11 | ACTIONS=16 | INTENT: focus=2 ratio=0.20
      [KILL] black_usv14
      [KILL] black_usv1
      [KILL] black_usv16
      [ASSIGN] white_usv8->black_usv10(机会锁定)
      [ASSIGN] white_usv9->black_usv10(机会锁定)
      [ASSIGN] white_usv7->black_usv7(机会锁定)
      [ASSIGN] white_usv8->black_usv11(机会锁定)
      [ASSIGN] white_usv9->black_usv18(机会锁定)
      [ASSIGN] white_usv7->black_usv4(机会锁定)
      [ASSIGN] white_usv9->black_usv10(机会锁定)
      [ASSIGN] white_usv7->black_usv7(机会锁定)
[t=9,110s] step=370 | MISSION=NORMAL_C | USV: 6/10 (avail=0 int=5 lock=1 frz=0) | UAV: air=10 rtb=0 chg=0 loiter=0 | TRACKS: vis=11 lost=0 engaged=1 | TOP: black_usv10(x175,440) black_usv17(x183,408) black_usv15(x189,024) | KILL=14 | ACTIONS=16 | INTENT: focus=2 ratio=0.20
      [KILL] black_usv9
      [ASSIGN] white_usv9->black_usv18(机会锁定)
      [RELEASE] white_usv3->black_usv9(目标失效)
      [RELEASE] white_usv4->black_usv9(目标失效)
      [ASSIGN] white_usv4->black_usv4(机会锁定)
      [ASSIGN] white_usv7->black_usv4(机会锁定)
      [ASSIGN] white_usv3->black_usv8(机会锁定)
      [ASSIGN] white_usv4->black_usv7(机会锁定)
      [ASSIGN] white_usv7->black_usv7(机会锁定)
      [ASSIGN] white_usv9->black_usv10(机会锁定)
      [ASSIGN] white_usv3->black_usv4(机会锁定)
      [ASSIGN] white_usv4->black_usv4(机会锁定)
      [ASSIGN] white_usv7->black_usv4(机会锁定)
      [ASSIGN] white_usv9->black_usv18(机会锁定)
      [ASSIGN] white_usv3->black_usv7(机会锁定)
      [ASSIGN] white_usv4->black_usv7(机会锁定)
      [ASSIGN] white_usv7->black_usv7(机会锁定)
      [KILL] black_usv10
      [ASSIGN] white_usv2->black_usv4(机会锁定)
      [ASSIGN] white_usv3->black_usv4(机会锁定)
      [ASSIGN] white_usv4->black_usv4(机会锁定)
      [ASSIGN] white_usv7->black_usv4(机会锁定)
      [KILL] black_usv7
      [ASSIGN] white_usv2->black_usv8(机会锁定)
      [ASSIGN] white_usv3->black_usv8(机会锁定)
      [ASSIGN] white_usv4->black_usv8(机会锁定)
      [ASSIGN] white_usv7->black_usv8(机会锁定)
      [ASSIGN] white_usv2->black_usv4(机会锁定)
      [ASSIGN] white_usv8->black_usv4(机会锁定)
      [ASSIGN] white_usv3->black_usv4(机会锁定)
      [ASSIGN] white_usv4->black_usv4(机会锁定)
      [ASSIGN] white_usv2->black_usv8(机会锁定)
      [ASSIGN] white_usv8->black_usv11(机会锁定)
      [ASSIGN] white_usv9->black_usv11(机会锁定)
      [ASSIGN] white_usv3->black_usv11(机会锁定)
      [ASSIGN] white_usv4->black_usv11(机会锁定)
      [ASSIGN] white_usv2->black_usv4(机会锁定)
      [ASSIGN] white_usv2->black_usv8(机会锁定)
[t=9,491s] step=380 | MISSION=NORMAL_C | USV: 6/10 (avail=0 int=2 lock=4 frz=0) | UAV: air=10 rtb=0 chg=0 loiter=0 | TRACKS: vis=8 lost=0 engaged=1 | TOP: black_usv18(x173,186) black_usv17(x179,622) black_usv15(x185,267) | KILL=14 | ACTIONS=16 | INTENT: focus=2 ratio=0.20
      [ASSIGN] white_usv2->black_usv4(机会锁定)
      [ASSIGN] white_usv2->black_usv8(机会锁定)
      [ASSIGN] white_usv2->black_usv4(机会锁定)
      [KILL] black_usv8
      [KILL] black_usv18
      [KILL] black_usv4
      [RELEASE] white_usv2->black_usv4(目标失效)
      [RELEASE] white_usv7->black_usv8(目标失效)
      [ASSIGN] white_usv2->black_usv15
      [ASSIGN] white_usv7->black_usv17
      [DETECT] black_usv6
      [ASSIGN] white_usv8->black_usv12(机会锁定)
      [ASSIGN] white_usv3->black_usv12(机会锁定)
      [ASSIGN] white_usv4->black_usv12(机会锁定)
      [ASSIGN] white_usv8->black_usv11(机会锁定)
      [ASSIGN] white_usv3->black_usv11(机会锁定)
      [ASSIGN] white_usv4->black_usv11(机会锁定)
      [ASSIGN] white_usv3->black_usv12(机会锁定)
      [ASSIGN] white_usv4->black_usv12(机会锁定)
      [ASSIGN] white_usv7->black_usv11(机会锁定)
      [ASSIGN] white_usv3->black_usv11(机会锁定)
[t=9,879s] step=390 | MISSION=NORMAL_C | USV: 6/10 (avail=0 int=5 lock=1 frz=0) | UAV: air=10 rtb=0 chg=0 loiter=0 | TRACKS: vis=5 lost=1 engaged=1 | TOP: black_usv17(x175,766) black_usv20(x178,345) black_usv6(x194,839) | KILL=15 | ACTIONS=16 | INTENT: focus=2 ratio=0.20
      [ASSIGN] white_usv2->black_usv11(机会锁定)
      [ASSIGN] white_usv2->black_usv6(机会锁定)
      [ASSIGN] white_usv7->black_usv12(机会锁定)
      [ASSIGN] white_usv9->black_usv12(机会锁定)
[t=10,265s] step=400 | MISSION=NORMAL_C | USV: 6/10 (avail=0 int=2 lock=4 frz=0) | UAV: air=10 rtb=0 chg=0 loiter=0 | TRACKS: vis=6 lost=0 engaged=2 | TOP: black_usv17(x171,929) black_usv15(x177,634) black_usv20(x177,172) | KILL=15 | ACTIONS=16 | INTENT: focus=2 ratio=0.20
      [ASSIGN] white_usv7->black_usv11(机会锁定)
      [KILL] black_usv11
      [RELEASE] white_usv8->black_usv11(目标失效)
      [ASSIGN] white_usv8->black_usv12(机会锁定)
      [RELEASE] white_usv3->black_usv11(目标失效)
      [ASSIGN] white_usv3->black_usv12(机会锁定)
      [RELEASE] white_usv7->black_usv11(目标失效)
      [ASSIGN] white_usv7->black_usv12(机会锁定)
      [ASSIGN] white_usv8->black_usv20(机会锁定)
      [ASSIGN] white_usv3->black_usv6(机会锁定)
[t=10,689s] step=410 | MISSION=NORMAL_C | USV: 6/10 (avail=0 int=5 lock=1 frz=0) | UAV: air=10 rtb=0 chg=0 loiter=0 | TRACKS: vis=5 lost=0 engaged=1 | TOP: black_usv17(x167,742) black_usv15(x173,453) black_usv20(x174,013) | KILL=17 | ACTIONS=16 | INTENT: focus=2 ratio=0.20
      [ASSIGN] white_usv7->black_usv6(机会锁定)
      [ASSIGN] white_usv3->black_usv12(机会锁定)
      [ASSIGN] white_usv7->black_usv12(机会锁定)
      [ASSIGN] white_usv9->black_usv20(机会锁定)
      [ASSIGN] white_usv3->black_usv6(机会锁定)
      [ASSIGN] white_usv7->black_usv6(机会锁定)
      [ASSIGN] white_usv8->black_usv12(机会锁定)
      [ASSIGN] white_usv9->black_usv12(机会锁定)
      [ASSIGN] white_usv3->black_usv12(机会锁定)
      [ASSIGN] white_usv7->black_usv12(机会锁定)
      [ASSIGN] white_usv8->black_usv20(机会锁定)
      [ASSIGN] white_usv9->black_usv20(机会锁定)
      [ASSIGN] white_usv3->black_usv6(机会锁定)
      [ASSIGN] white_usv7->black_usv6(机会锁定)
      [KILL] black_usv12
      [ASSIGN] white_usv3->black_usv20(机会锁定)
      [RELEASE] white_usv4->black_usv12(目标失效)
[t=11,129s] step=420 | MISSION=NORMAL_C | USV: 6/10 (avail=0 int=6 lock=0 frz=0) | UAV: air=10 rtb=0 chg=0 loiter=0 | TRACKS: vis=4 lost=0 engaged=0 | TOP: black_usv17(x163,408) black_usv15(x169,114) black_usv20(x171,864) | KILL=18 | ACTIONS=16 | INTENT: focus=2 ratio=0.20
      [ASSIGN] white_usv3->black_usv6(机会锁定)
      [ASSIGN] white_usv4->black_usv17
      [ASSIGN] white_usv3->black_usv20(机会锁定)
      [ASSIGN] white_usv7->black_usv20(机会锁定)
      [KILL] black_usv6
      [RELEASE] white_usv2->black_usv6(目标失效)
      [ASSIGN] white_usv2->black_usv15
      [KILL] black_usv20
      [RELEASE] white_usv8->black_usv20(目标失效)
      [RELEASE] white_usv9->black_usv20(目标失效)
      [RELEASE] white_usv3->black_usv20(目标失效)
      [RELEASE] white_usv7->black_usv20(目标失效)
      [ASSIGN] white_usv8->black_usv15
      [ASSIGN] white_usv9->black_usv17
      [ASSIGN] white_usv3->black_usv17
      [ASSIGN] white_usv7->black_usv15
[t=11,601s] step=430 | MISSION=NORMAL_C | USV: 6/10 (avail=4 int=2 lock=0 frz=0) | UAV: air=10 rtb=0 chg=0 loiter=0 | TRACKS: vis=2 lost=0 engaged=0 | TOP: black_usv17(x158,759) black_usv15(x164,460) | KILL=18 | ACTIONS=16 | INTENT: focus=2 ratio=0.20
[t=12,033s] step=440 | MISSION=NORMAL_C | USV: 6/10 (avail=0 int=6 lock=0 frz=0) | UAV: air=10 rtb=0 chg=0 loiter=0 | TRACKS: vis=0 lost=2 engaged=0 | TOP: black_usv17(x154,503) black_usv15(x160,199) | KILL=18 | ACTIONS=16 | INTENT: focus=2 ratio=0.20
      [ASSIGN] white_usv9->black_usv15(机会锁定)
      [RELEASE] white_usv3->black_usv17(目标失效)
      [RELEASE] white_usv4->black_usv17(目标失效)
      [DETECT] black_usv17
      [ASSIGN] white_usv3->black_usv17
      [ASSIGN] white_usv4->black_usv17
[t=12,483s] step=450 | MISSION=NORMAL_C | USV: 6/10 (avail=0 int=6 lock=0 frz=0) | UAV: air=10 rtb=0 chg=0 loiter=0 | TRACKS: vis=1 lost=1 engaged=0 | TOP: black_usv17(x150,071) black_usv15(x155,781) | KILL=19 | ACTIONS=16 | INTENT: focus=2 ratio=0.20
      [RELEASE] white_usv3->black_usv17(目标失效)
      [RELEASE] white_usv4->black_usv17(目标失效)
[t=12,967s] step=460 | MISSION=NORMAL_C | USV: 6/10 (avail=2 int=4 lock=0 frz=0) | UAV: air=10 rtb=0 chg=0 loiter=0 | TRACKS: vis=1 lost=0 engaged=0 | TOP: black_usv15(x155,781) | KILL=19 | ACTIONS=16 | INTENT: focus=2 ratio=0.20
      [DETECT] black_usv17
      [ASSIGN] white_usv8->black_usv17(机会锁定)
      [ASSIGN] white_usv9->black_usv17(机会锁定)
      [ASSIGN] white_usv3->black_usv17
      [ASSIGN] white_usv4->black_usv17
      [ASSIGN] white_usv7->black_usv17(机会锁定)
      [KILL] black_usv15
      [RELEASE] white_usv2->black_usv15(目标失效)

========================================================================
对局结果: Result.Victory — 敌方所有单位被击毁
  击杀蓝舰: 20 | 命中: 40 | 我方USV损失: 4 | UAV损失: 0 | 突破: 0
[META] result=Result.Victory victory_time=13663 first_detection=1854 first_lock=7372 first_kill=8308 enemy_kills=20 friendly_usv_losses=4 friendly_uav_losses=0 black_breakthrough=0 reacquire_attempts=55 reacquire_success=55 sensor_assisted_locks=57 low_conf_commitments=0 global_reacquire_entries=0 global_reacquire_success=0 coverage_collapse_events=1 active_clusters_max=1 coverage_quality_final=0.19 commander_source=default_intent commander_calls=0 commander_changes=0 commander_no_change=0 commander_parse_failures=0 commander_api_failures=0 commander_policy_failures=0 commander_avg_latency=0.0
Done
