========================================================================
HYBRID AGENT V5 — Variable-Cardinality Hierarchical Maritime Agent
  启用UAV: True | LLM_ENABLED: False
========================================================================
对局 40 开始
      [UAV RELAUNCH] white_uav4
      [UAV RELAUNCH] white_uav3
      [UAV RELAUNCH] white_uav1
      [UAV RELAUNCH] white_uav5
      [UAV RELAUNCH] white_uav2
[t=162s] step=10 | MISSION=NORMAL_C | USV: 5/5 (avail=5 int=0 lock=0 frz=0) | UAV: air=5 rtb=0 chg=0 loiter=0 | TRACKS: vis=0 lost=0 engaged=0 | TOP:  | KILL=0 | ACTIONS=10 | INTENT: focus=2 ratio=0.20
  [INTENT APPLIED]
    ThreatAllocator: focus 2 emergency 3 reserve_ratio 0.20 reserve_usvs None bias breakthrough_eta
    UAVManager: mode search_and_reacquire uav_priority []
[t=340s] step=20 | MISSION=NORMAL_C | USV: 5/5 (avail=5 int=0 lock=0 frz=0) | UAV: air=5 rtb=0 chg=0 loiter=0 | TRACKS: vis=0 lost=0 engaged=0 | TOP:  | KILL=0 | ACTIONS=10 | INTENT: focus=2 ratio=0.20
[t=517s] step=30 | MISSION=NORMAL_C | USV: 5/5 (avail=5 int=0 lock=0 frz=0) | UAV: air=5 rtb=0 chg=0 loiter=0 | TRACKS: vis=0 lost=0 engaged=0 | TOP:  | KILL=0 | ACTIONS=10 | INTENT: focus=2 ratio=0.20
[t=693s] step=40 | MISSION=NORMAL_C | USV: 5/5 (avail=5 int=0 lock=0 frz=0) | UAV: air=5 rtb=0 chg=0 loiter=0 | TRACKS: vis=0 lost=0 engaged=0 | TOP:  | KILL=0 | ACTIONS=10 | INTENT: focus=2 ratio=0.20
[t=866s] step=50 | MISSION=NORMAL_C | USV: 5/5 (avail=5 int=0 lock=0 frz=0) | UAV: air=5 rtb=0 chg=0 loiter=0 | TRACKS: vis=0 lost=0 engaged=0 | TOP:  | KILL=0 | ACTIONS=10 | INTENT: focus=2 ratio=0.20
[t=1,042s] step=60 | MISSION=NORMAL_C | USV: 5/5 (avail=5 int=0 lock=0 frz=0) | UAV: air=5 rtb=0 chg=0 loiter=0 | TRACKS: vis=0 lost=0 engaged=0 | TOP:  | KILL=0 | ACTIONS=10 | INTENT: focus=2 ratio=0.20
[t=1,225s] step=70 | MISSION=NORMAL_C | USV: 5/5 (avail=5 int=0 lock=0 frz=0) | UAV: air=5 rtb=0 chg=0 loiter=0 | TRACKS: vis=0 lost=0 engaged=0 | TOP:  | KILL=0 | ACTIONS=10 | INTENT: focus=2 ratio=0.20
[t=1,410s] step=80 | MISSION=NORMAL_C | USV: 5/5 (avail=5 int=0 lock=0 frz=0) | UAV: air=5 rtb=0 chg=0 loiter=0 | TRACKS: vis=0 lost=0 engaged=0 | TOP:  | KILL=0 | ACTIONS=10 | INTENT: focus=2 ratio=0.20
[t=1,589s] step=90 | MISSION=NORMAL_C | USV: 5/5 (avail=5 int=0 lock=0 frz=0) | UAV: air=5 rtb=0 chg=0 loiter=0 | TRACKS: vis=0 lost=0 engaged=0 | TOP:  | KILL=0 | ACTIONS=10 | INTENT: focus=2 ratio=0.20
[t=1,764s] step=100 | MISSION=NORMAL_C | USV: 5/5 (avail=5 int=0 lock=0 frz=0) | UAV: air=5 rtb=0 chg=0 loiter=0 | TRACKS: vis=0 lost=0 engaged=0 | TOP:  | KILL=0 | ACTIONS=10 | INTENT: focus=2 ratio=0.20
      [DETECT] black_usv6
      [ASSIGN] white_usv2->black_usv6
      [ASSIGN] white_usv3->black_usv6
      [ASSIGN] white_usv4->black_usv6
      [DETECT] black_usv5
      [DETECT] black_usv4
      [DETECT] black_usv7
      [ASSIGN] white_usv5->black_usv7
      [ASSIGN] white_usv1->black_usv4
      [DETECT] black_usv2
      [DETECT] black_usv8
      [DETECT] black_usv9
      [DETECT] black_usv1
      [DETECT] black_usv10
      [DETECT] black_usv3
[t=1,948s] step=110 | MISSION=NORMAL_C | USV: 5/5 (avail=0 int=5 lock=0 frz=0) | UAV: air=5 rtb=0 chg=0 loiter=0 | TRACKS: vis=10 lost=0 engaged=0 | TOP: black_usv9(x240,520) black_usv10(x240,535) black_usv5(x240,968) | KILL=0 | ACTIONS=10 | INTENT: focus=2 ratio=0.20
[t=2,136s] step=120 | MISSION=NORMAL_C | USV: 5/5 (avail=0 int=5 lock=0 frz=0) | UAV: air=5 rtb=0 chg=0 loiter=0 | TRACKS: vis=10 lost=0 engaged=0 | TOP: black_usv9(x238,648) black_usv10(x238,664) black_usv5(x239,139) | KILL=0 | ACTIONS=10 | INTENT: focus=2 ratio=0.20
[t=2,321s] step=130 | MISSION=NORMAL_C | USV: 5/5 (avail=0 int=5 lock=0 frz=0) | UAV: air=5 rtb=0 chg=0 loiter=0 | TRACKS: vis=10 lost=0 engaged=0 | TOP: black_usv9(x236,798) black_usv10(x236,816) black_usv5(x237,333) | KILL=0 | ACTIONS=10 | INTENT: focus=2 ratio=0.20
[t=2,513s] step=140 | MISSION=NORMAL_C | USV: 5/5 (avail=0 int=5 lock=0 frz=0) | UAV: air=5 rtb=0 chg=0 loiter=0 | TRACKS: vis=10 lost=0 engaged=0 | TOP: black_usv9(x234,875) black_usv10(x234,895) black_usv5(x235,454) | KILL=0 | ACTIONS=10 | INTENT: focus=2 ratio=0.20
[t=2,707s] step=150 | MISSION=NORMAL_C | USV: 5/5 (avail=0 int=5 lock=0 frz=0) | UAV: air=5 rtb=0 chg=0 loiter=0 | TRACKS: vis=10 lost=0 engaged=0 | TOP: black_usv9(x232,938) black_usv10(x232,959) black_usv5(x233,561) | KILL=0 | ACTIONS=10 | INTENT: focus=2 ratio=0.20
[t=2,904s] step=160 | MISSION=NORMAL_C | USV: 5/5 (avail=0 int=5 lock=0 frz=0) | UAV: air=5 rtb=0 chg=0 loiter=0 | TRACKS: vis=10 lost=0 engaged=0 | TOP: black_usv9(x230,976) black_usv10(x230,999) black_usv5(x231,645) | KILL=0 | ACTIONS=10 | INTENT: focus=2 ratio=0.20
[t=3,097s] step=170 | MISSION=NORMAL_C | USV: 5/5 (avail=0 int=5 lock=0 frz=0) | UAV: air=5 rtb=0 chg=0 loiter=0 | TRACKS: vis=10 lost=0 engaged=0 | TOP: black_usv9(x229,046) black_usv10(x229,070) black_usv5(x229,759) | KILL=0 | ACTIONS=10 | INTENT: focus=2 ratio=0.20
[t=3,292s] step=180 | MISSION=NORMAL_C | USV: 5/5 (avail=0 int=5 lock=0 frz=0) | UAV: air=5 rtb=0 chg=0 loiter=0 | TRACKS: vis=10 lost=0 engaged=0 | TOP: black_usv9(x227,099) black_usv10(x227,124) black_usv5(x227,857) | KILL=0 | ACTIONS=10 | INTENT: focus=2 ratio=0.20
[t=3,492s] step=190 | MISSION=NORMAL_C | USV: 5/5 (avail=0 int=5 lock=0 frz=0) | UAV: air=5 rtb=0 chg=0 loiter=0 | TRACKS: vis=10 lost=0 engaged=0 | TOP: black_usv9(x225,102) black_usv10(x225,129) black_usv5(x225,906) | KILL=0 | ACTIONS=10 | INTENT: focus=2 ratio=0.20
[t=3,679s] step=200 | MISSION=NORMAL_C | USV: 5/5 (avail=0 int=5 lock=0 frz=0) | UAV: air=5 rtb=0 chg=0 loiter=0 | TRACKS: vis=10 lost=0 engaged=0 | TOP: black_usv9(x223,230) black_usv10(x223,258) black_usv5(x224,077) | KILL=0 | ACTIONS=10 | INTENT: focus=2 ratio=0.20
[t=3,870s] step=210 | MISSION=NORMAL_C | USV: 5/5 (avail=0 int=5 lock=0 frz=0) | UAV: air=5 rtb=0 chg=0 loiter=0 | TRACKS: vis=10 lost=0 engaged=0 | TOP: black_usv9(x221,319) black_usv10(x221,349) black_usv5(x222,210) | KILL=0 | ACTIONS=10 | INTENT: focus=2 ratio=0.20
[t=4,058s] step=220 | MISSION=NORMAL_C | USV: 5/5 (avail=0 int=5 lock=0 frz=0) | UAV: air=5 rtb=0 chg=0 loiter=0 | TRACKS: vis=10 lost=0 engaged=0 | TOP: black_usv9(x219,447) black_usv10(x219,478) black_usv5(x220,381) | KILL=0 | ACTIONS=10 | INTENT: focus=2 ratio=0.20
[t=4,263s] step=230 | MISSION=NORMAL_C | USV: 5/5 (avail=0 int=5 lock=0 frz=0) | UAV: air=5 rtb=0 chg=0 loiter=0 | TRACKS: vis=10 lost=0 engaged=0 | TOP: black_usv9(x217,399) black_usv10(x217,432) black_usv5(x218,380) | KILL=0 | ACTIONS=10 | INTENT: focus=2 ratio=0.20
[t=4,461s] step=240 | MISSION=NORMAL_C | USV: 5/5 (avail=0 int=5 lock=0 frz=0) | UAV: air=5 rtb=0 chg=0 loiter=0 | TRACKS: vis=10 lost=0 engaged=0 | TOP: black_usv9(x215,421) black_usv10(x215,455) black_usv2(x217,468) | KILL=0 | ACTIONS=10 | INTENT: focus=2 ratio=0.20
[t=4,646s] step=250 | MISSION=NORMAL_C | USV: 5/5 (avail=0 int=5 lock=0 frz=0) | UAV: air=5 rtb=0 chg=0 loiter=0 | TRACKS: vis=10 lost=0 engaged=0 | TOP: black_usv9(x213,568) black_usv10(x213,603) black_usv2(x215,699) | KILL=0 | ACTIONS=10 | INTENT: focus=2 ratio=0.20
[t=4,836s] step=260 | MISSION=NORMAL_C | USV: 5/5 (avail=0 int=5 lock=0 frz=0) | UAV: air=5 rtb=0 chg=0 loiter=0 | TRACKS: vis=10 lost=0 engaged=0 | TOP: black_usv9(x211,669) black_usv10(x211,706) black_usv3(x214,579) | KILL=0 | ACTIONS=10 | INTENT: focus=2 ratio=0.20
[t=5,042s] step=270 | MISSION=NORMAL_C | USV: 5/5 (avail=0 int=5 lock=0 frz=0) | UAV: air=5 rtb=0 chg=0 loiter=0 | TRACKS: vis=10 lost=0 engaged=0 | TOP: black_usv9(x209,612) black_usv10(x209,651) black_usv3(x212,646) | KILL=0 | ACTIONS=10 | INTENT: focus=2 ratio=0.20
[t=5,237s] step=280 | MISSION=NORMAL_C | USV: 5/5 (avail=0 int=5 lock=0 frz=0) | UAV: air=5 rtb=0 chg=0 loiter=0 | TRACKS: vis=10 lost=0 engaged=0 | TOP: black_usv9(x207,668) black_usv10(x207,708) black_usv3(x210,819) | KILL=0 | ACTIONS=10 | INTENT: focus=2 ratio=0.20
[t=5,428s] step=290 | MISSION=NORMAL_C | USV: 5/5 (avail=0 int=5 lock=0 frz=0) | UAV: air=5 rtb=0 chg=0 loiter=0 | TRACKS: vis=10 lost=0 engaged=0 | TOP: black_usv9(x205,755) black_usv10(x205,796) black_usv3(x209,021) | KILL=0 | ACTIONS=10 | INTENT: focus=2 ratio=0.20
[t=5,623s] step=300 | MISSION=NORMAL_C | USV: 5/5 (avail=0 int=5 lock=0 frz=0) | UAV: air=5 rtb=0 chg=0 loiter=0 | TRACKS: vis=10 lost=0 engaged=0 | TOP: black_usv9(x203,810) black_usv10(x203,854) black_usv3(x207,194) | KILL=0 | ACTIONS=10 | INTENT: focus=2 ratio=0.20
[t=5,816s] step=310 | MISSION=NORMAL_C | USV: 5/5 (avail=0 int=5 lock=0 frz=0) | UAV: air=5 rtb=0 chg=0 loiter=0 | TRACKS: vis=10 lost=0 engaged=0 | TOP: black_usv9(x201,881) black_usv10(x201,926) black_usv3(x205,381) | KILL=0 | ACTIONS=10 | INTENT: focus=2 ratio=0.20
[t=5,995s] step=320 | MISSION=NORMAL_C | USV: 5/5 (avail=0 int=5 lock=0 frz=0) | UAV: air=5 rtb=0 chg=0 loiter=0 | TRACKS: vis=10 lost=0 engaged=0 | TOP: black_usv9(x200,090) black_usv10(x200,136) black_usv3(x203,698) | KILL=0 | ACTIONS=10 | INTENT: focus=2 ratio=0.20
[t=6,193s] step=330 | MISSION=NORMAL_C | USV: 5/5 (avail=0 int=5 lock=0 frz=0) | UAV: air=5 rtb=0 chg=0 loiter=0 | TRACKS: vis=10 lost=0 engaged=0 | TOP: black_usv9(x198,112) black_usv10(x198,160) black_usv3(x201,839) | KILL=0 | ACTIONS=10 | INTENT: focus=2 ratio=0.20
[t=6,385s] step=340 | MISSION=NORMAL_C | USV: 5/5 (avail=0 int=5 lock=0 frz=0) | UAV: air=5 rtb=0 chg=0 loiter=0 | TRACKS: vis=10 lost=0 engaged=0 | TOP: black_usv9(x196,194) black_usv10(x196,243) black_usv3(x200,036) | KILL=0 | ACTIONS=10 | INTENT: focus=2 ratio=0.20
[t=6,569s] step=350 | MISSION=NORMAL_C | USV: 5/5 (avail=0 int=5 lock=0 frz=0) | UAV: air=5 rtb=0 chg=0 loiter=0 | TRACKS: vis=10 lost=0 engaged=0 | TOP: black_usv9(x194,356) black_usv10(x194,406) black_usv3(x198,309) | KILL=0 | ACTIONS=10 | INTENT: focus=2 ratio=0.20
[t=6,753s] step=360 | MISSION=NORMAL_C | USV: 5/5 (avail=0 int=5 lock=0 frz=0) | UAV: air=5 rtb=0 chg=0 loiter=0 | TRACKS: vis=10 lost=0 engaged=0 | TOP: black_usv9(x192,520) black_usv10(x192,572) black_usv3(x196,583) | KILL=0 | ACTIONS=10 | INTENT: focus=2 ratio=0.20
[t=6,950s] step=370 | MISSION=NORMAL_C | USV: 5/5 (avail=0 int=5 lock=0 frz=0) | UAV: air=5 rtb=0 chg=0 loiter=0 | TRACKS: vis=10 lost=0 engaged=0 | TOP: black_usv9(x190,550) black_usv10(x190,603) black_usv3(x194,732) | KILL=0 | ACTIONS=10 | INTENT: focus=2 ratio=0.20
[t=7,144s] step=380 | MISSION=NORMAL_C | USV: 5/5 (avail=0 int=5 lock=0 frz=0) | UAV: air=5 rtb=0 chg=0 loiter=0 | TRACKS: vis=10 lost=0 engaged=0 | TOP: black_usv9(x188,612) black_usv10(x188,667) black_usv3(x192,910) | KILL=0 | ACTIONS=10 | INTENT: focus=2 ratio=0.20
[t=7,333s] step=390 | MISSION=NORMAL_C | USV: 5/5 (avail=0 int=5 lock=0 frz=0) | UAV: air=5 rtb=0 chg=0 loiter=0 | TRACKS: vis=9 lost=1 engaged=0 | TOP: black_usv9(x186,724) black_usv10(x186,780) black_usv3(x191,136) | KILL=0 | ACTIONS=10 | INTENT: focus=2 ratio=0.20
      [ASSIGN] white_usv4->black_usv7(机会锁定)
      [ASSIGN] white_usv5->black_usv9(机会锁定)
[t=7,536s] step=400 | MISSION=NORMAL_C | USV: 5/5 (avail=0 int=0 lock=5 frz=0) | UAV: air=5 rtb=0 chg=0 loiter=0 | TRACKS: vis=10 lost=0 engaged=4 | TOP: black_usv10(x184,759) black_usv3(x189,235) black_usv8(x195,142) | KILL=0 | ACTIONS=10 | INTENT: focus=2 ratio=0.20
      [ASSIGN] white_usv3->black_usv7(机会锁定)
      [ASSIGN] white_usv4->black_usv10(机会锁定)
[t=7,736s] step=410 | MISSION=NORMAL_C | USV: 5/5 (avail=0 int=0 lock=5 frz=0) | UAV: air=5 rtb=0 chg=0 loiter=0 | TRACKS: vis=10 lost=0 engaged=5 | TOP: black_usv3(x187,357) black_usv8(x193,421) black_usv5(x184,017) | KILL=0 | ACTIONS=10 | INTENT: focus=2 ratio=0.20
      [ASSIGN] white_usv1->black_usv2(机会锁定)
[t=7,944s] step=420 | MISSION=NORMAL_C | USV: 5/5 (avail=0 int=0 lock=5 frz=0) | UAV: air=5 rtb=0 chg=0 loiter=0 | TRACKS: vis=10 lost=0 engaged=5 | TOP: black_usv3(x185,400) black_usv4(x185,291) black_usv8(x191,627) | KILL=0 | ACTIONS=10 | INTENT: focus=2 ratio=0.20
      [ASSIGN] white_usv3->black_usv5(机会锁定)
      [ASSIGN] white_usv2->black_usv7(机会锁定)
      [ASSIGN] white_usv4->black_usv7(机会锁定)
      [ASSIGN] white_usv5->black_usv7(机会锁定)
      [ASSIGN] white_usv1->black_usv4(机会锁定)
[t=8,151s] step=430 | MISSION=NORMAL_C | USV: 5/5 (avail=0 int=0 lock=5 frz=0) | UAV: air=5 rtb=0 chg=0 loiter=0 | TRACKS: vis=10 lost=0 engaged=3 | TOP: black_usv10(x180,272) black_usv9(x181,564) black_usv6(x182,970) | KILL=1 | ACTIONS=9 | INTENT: focus=2 ratio=0.20
      [ASSIGN] white_usv3->black_usv2(机会锁定)
      [ASSIGN] white_usv2->black_usv5(机会锁定)
      [ASSIGN] white_usv5->black_usv9(机会锁定)
[t=8,354s] step=440 | MISSION=NORMAL_C | USV: 4/5 (avail=0 int=0 lock=4 frz=0) | UAV: air=5 rtb=0 chg=0 loiter=0 | TRACKS: vis=10 lost=0 engaged=4 | TOP: black_usv7(x176,921) black_usv10(x179,596) black_usv6(x182,970) | KILL=2 | ACTIONS=9 | INTENT: focus=2 ratio=0.20
      [ASSIGN] white_usv1->black_usv1(机会锁定)
[t=8,541s] step=450 | MISSION=NORMAL_C | USV: 4/5 (avail=0 int=0 lock=4 frz=0) | UAV: air=5 rtb=0 chg=0 loiter=0 | TRACKS: vis=10 lost=0 engaged=4 | TOP: black_usv10(x177,728) black_usv7(x176,921) black_usv6(x182,970) | KILL=3 | ACTIONS=9 | INTENT: focus=2 ratio=0.20
      [KILL] black_usv6
      [ASSIGN] white_usv3->black_usv7(机会锁定)
      [ASSIGN] white_usv2->black_usv2(机会锁定)
      [ASSIGN] white_usv3->black_usv2(机会锁定)
      [ASSIGN] white_usv5->black_usv10(机会锁定)
      [ASSIGN] white_usv1->black_usv5(机会锁定)
[t=8,739s] step=460 | MISSION=NORMAL_C | USV: 4/5 (avail=0 int=0 lock=4 frz=0) | UAV: air=5 rtb=0 chg=0 loiter=0 | TRACKS: vis=9 lost=0 engaged=3 | TOP: black_usv9(x176,664) black_usv7(x176,921) black_usv3(x177,936) | KILL=4 | ACTIONS=9 | INTENT: focus=2 ratio=0.20
[t=8,924s] step=470 | MISSION=NORMAL_C | USV: 3/5 (avail=0 int=0 lock=3 frz=0) | UAV: air=5 rtb=0 chg=0 loiter=0 | TRACKS: vis=9 lost=0 engaged=2 | TOP: black_usv9(x176,664) black_usv7(x176,921) black_usv3(x176,199) | KILL=4 | ACTIONS=8 | INTENT: focus=2 ratio=0.20
      [KILL] black_usv7
      [ASSIGN] white_usv2->black_usv5(机会锁定)
      [ASSIGN] white_usv3->black_usv5(机会锁定)
      [ASSIGN] white_usv5->black_usv9(机会锁定)
      [KILL] black_usv4
      [ASSIGN] white_usv5->black_usv10(机会锁定)
      [ASSIGN] white_usv2->black_usv2(机会锁定)
      [ASSIGN] white_usv3->black_usv2(机会锁定)
      [ASSIGN] white_usv5->black_usv9(机会锁定)
      [ASSIGN] white_usv2->black_usv5(机会锁定)
      [ASSIGN] white_usv3->black_usv5(机会锁定)
      [ASSIGN] white_usv5->black_usv10(机会锁定)
      [ASSIGN] white_usv2->black_usv2(机会锁定)
      [ASSIGN] white_usv3->black_usv2(机会锁定)
      [ASSIGN] white_usv5->black_usv9(机会锁定)
      [ASSIGN] white_usv2->black_usv5(机会锁定)
      [ASSIGN] white_usv3->black_usv5(机会锁定)
      [ASSIGN] white_usv5->black_usv10(机会锁定)
      [ASSIGN] white_usv2->black_usv2(机会锁定)
      [ASSIGN] white_usv3->black_usv2(机会锁定)
      [ASSIGN] white_usv5->black_usv9(机会锁定)
      [ASSIGN] white_usv2->black_usv5(机会锁定)
      [ASSIGN] white_usv3->black_usv5(机会锁定)
      [ASSIGN] white_usv5->black_usv10(机会锁定)
[t=9,117s] step=480 | MISSION=NORMAL_C | USV: 3/5 (avail=0 int=3 lock=0 frz=0) | UAV: air=5 rtb=0 chg=0 loiter=0 | TRACKS: vis=7 lost=0 engaged=0 | TOP: black_usv10(x173,444) black_usv3(x174,384) black_usv8(x181,531) | KILL=7 | ACTIONS=8 | INTENT: focus=2 ratio=0.20
      [ASSIGN] white_usv2->black_usv2(机会锁定)
      [ASSIGN] white_usv3->black_usv2(机会锁定)
      [ASSIGN] white_usv5->black_usv9(机会锁定)
      [ASSIGN] white_usv2->black_usv5(机会锁定)
      [ASSIGN] white_usv3->black_usv5(机会锁定)
      [ASSIGN] white_usv5->black_usv10(机会锁定)
      [ASSIGN] white_usv2->black_usv2(机会锁定)
      [ASSIGN] white_usv3->black_usv2(机会锁定)
      [ASSIGN] white_usv2->black_usv5(机会锁定)
      [ASSIGN] white_usv3->black_usv5(机会锁定)
      [ASSIGN] white_usv2->black_usv2(机会锁定)
      [ASSIGN] white_usv3->black_usv2(机会锁定)
      [ASSIGN] white_usv2->black_usv5(机会锁定)
      [ASSIGN] white_usv3->black_usv5(机会锁定)
      [KILL] black_usv9
      [ASSIGN] white_usv2->black_usv2(机会锁定)
      [ASSIGN] white_usv3->black_usv2(机会锁定)
      [ASSIGN] white_usv2->black_usv5(机会锁定)
      [ASSIGN] white_usv3->black_usv5(机会锁定)
      [ASSIGN] white_usv2->black_usv2(机会锁定)
      [ASSIGN] white_usv2->black_usv5(机会锁定)
[t=9,318s] step=490 | MISSION=NORMAL_C | USV: 3/5 (avail=0 int=3 lock=0 frz=0) | UAV: air=5 rtb=0 chg=0 loiter=0 | TRACKS: vis=6 lost=0 engaged=0 | TOP: black_usv3(x172,505) black_usv8(x179,809) black_usv1(x176,228) | KILL=7 | ACTIONS=8 | INTENT: focus=2 ratio=0.20
      [ASSIGN] white_usv2->black_usv2(机会锁定)
      [ASSIGN] white_usv2->black_usv5(机会锁定)
[t=9,509s] step=500 | MISSION=NORMAL_C | USV: 3/5 (avail=0 int=3 lock=0 frz=0) | UAV: air=5 rtb=0 chg=0 loiter=0 | TRACKS: vis=6 lost=0 engaged=0 | TOP: black_usv3(x170,711) black_usv8(x178,165) black_usv1(x174,327) | KILL=7 | ACTIONS=8 | INTENT: focus=2 ratio=0.20
      [KILL] black_usv2
      [KILL] black_usv10
      [RELEASE] white_usv5->black_usv10(目标失效)
      [ASSIGN] white_usv2->black_usv1(机会锁定)
      [ASSIGN] white_usv5->black_usv3
      [KILL] black_usv5
      [RELEASE] white_usv3->black_usv5(目标失效)
      [ASSIGN] white_usv3->black_usv8
[t=9,708s] step=510 | MISSION=NORMAL_C | USV: 3/5 (avail=0 int=2 lock=1 frz=0) | UAV: air=5 rtb=0 chg=0 loiter=0 | TRACKS: vis=3 lost=0 engaged=1 | TOP: black_usv1(x172,342) black_usv3(x168,838) black_usv8(x176,448) | KILL=7 | ACTIONS=8 | INTENT: focus=2 ratio=0.20
      [ASSIGN] white_usv3->black_usv1(机会锁定)
[t=9,894s] step=520 | MISSION=NORMAL_C | USV: 3/5 (avail=0 int=1 lock=2 frz=0) | UAV: air=5 rtb=0 chg=0 loiter=0 | TRACKS: vis=3 lost=0 engaged=1 | TOP: black_usv8(x174,850) black_usv3(x167,095) black_usv1(x170,495) | KILL=7 | ACTIONS=8 | INTENT: focus=2 ratio=0.20
[t=10,078s] step=530 | MISSION=NORMAL_C | USV: 3/5 (avail=0 int=3 lock=0 frz=0) | UAV: air=5 rtb=0 chg=0 loiter=0 | TRACKS: vis=3 lost=0 engaged=0 | TOP: black_usv8(x173,264) black_usv3(x165,365) black_usv1(x170,214) | KILL=8 | ACTIONS=8 | INTENT: focus=2 ratio=0.20
      [ASSIGN] white_usv5->black_usv1(机会锁定)
      [ASSIGN] white_usv2->black_usv8(机会锁定)
[t=10,282s] step=540 | MISSION=NORMAL_C | USV: 3/5 (avail=0 int=2 lock=1 frz=0) | UAV: air=5 rtb=0 chg=0 loiter=0 | TRACKS: vis=3 lost=0 engaged=1 | TOP: black_usv3(x163,449) black_usv8(x171,509) black_usv1(x170,214) | KILL=8 | ACTIONS=8 | INTENT: focus=2 ratio=0.20
      [ASSIGN] white_usv3->black_usv8(机会锁定)
[t=10,475s] step=550 | MISSION=NORMAL_C | USV: 3/5 (avail=0 int=1 lock=2 frz=0) | UAV: air=5 rtb=0 chg=0 loiter=0 | TRACKS: vis=3 lost=0 engaged=1 | TOP: black_usv3(x161,640) black_usv1(x170,214) black_usv8(x169,851) | KILL=8 | ACTIONS=8 | INTENT: focus=2 ratio=0.20
      [KILL] black_usv1
      [RELEASE] white_usv5->black_usv1(目标失效)
      [ASSIGN] white_usv5->black_usv3
[t=10,660s] step=560 | MISSION=NORMAL_C | USV: 3/5 (avail=0 int=3 lock=0 frz=0) | UAV: air=5 rtb=0 chg=0 loiter=0 | TRACKS: vis=2 lost=0 engaged=0 | TOP: black_usv3(x159,901) black_usv8(x169,203) | KILL=9 | ACTIONS=8 | INTENT: focus=2 ratio=0.20
      [ASSIGN] white_usv5->black_usv8(机会锁定)
[t=10,858s] step=570 | MISSION=NORMAL_C | USV: 3/5 (avail=0 int=3 lock=0 frz=0) | UAV: air=5 rtb=0 chg=0 loiter=0 | TRACKS: vis=2 lost=0 engaged=0 | TOP: black_usv3(x158,044) black_usv8(x169,203) | KILL=9 | ACTIONS=8 | INTENT: focus=2 ratio=0.20
[t=11,060s] step=580 | MISSION=NORMAL_C | USV: 3/5 (avail=0 int=3 lock=0 frz=0) | UAV: air=5 rtb=0 chg=0 loiter=0 | TRACKS: vis=2 lost=0 engaged=0 | TOP: black_usv3(x156,151) black_usv8(x169,203) | KILL=9 | ACTIONS=8 | INTENT: focus=2 ratio=0.20
      [KILL] black_usv8
      [RELEASE] white_usv2->black_usv8(目标失效)
      [RELEASE] white_usv3->black_usv8(目标失效)
      [RELEASE] white_usv5->black_usv8(目标失效)
      [ASSIGN] white_usv2->black_usv3
      [ASSIGN] white_usv3->black_usv3
      [ASSIGN] white_usv5->black_usv3
[t=11,255s] step=590 | MISSION=NORMAL_C | USV: 3/5 (avail=0 int=3 lock=0 frz=0) | UAV: air=5 rtb=0 chg=0 loiter=0 | TRACKS: vis=0 lost=1 engaged=0 | TOP: black_usv3(x154,319) | KILL=9 | ACTIONS=8 | INTENT: focus=2 ratio=0.20
[t=11,429s] step=600 | MISSION=NORMAL_C | USV: 3/5 (avail=0 int=3 lock=0 frz=0) | UAV: air=5 rtb=0 chg=0 loiter=0 | TRACKS: vis=0 lost=1 engaged=0 | TOP: black_usv3(x152,682) | KILL=9 | ACTIONS=8 | INTENT: focus=2 ratio=0.20
[t=11,603s] step=610 | MISSION=NORMAL_C | USV: 3/5 (avail=0 int=1 lock=2 frz=0) | UAV: air=5 rtb=0 chg=0 loiter=0 | TRACKS: vis=1 lost=0 engaged=1 | TOP: black_usv3(x151,053) | KILL=9 | ACTIONS=8 | INTENT: focus=2 ratio=0.20
[t=11,789s] step=620 | MISSION=NORMAL_C | USV: 3/5 (avail=0 int=0 lock=3 frz=0) | UAV: air=5 rtb=0 chg=0 loiter=0 | TRACKS: vis=1 lost=0 engaged=1 | TOP: black_usv3(x149,601) | KILL=9 | ACTIONS=8 | INTENT: focus=2 ratio=0.20
[t=11,972s] step=630 | MISSION=NORMAL_C | USV: 3/5 (avail=0 int=0 lock=3 frz=0) | UAV: air=5 rtb=0 chg=0 loiter=0 | TRACKS: vis=1 lost=0 engaged=1 | TOP: black_usv3(x149,601) | KILL=9 | ACTIONS=8 | INTENT: focus=2 ratio=0.20

========================================================================
对局结果: Result.Victory — 敌方所有单位被击毁
  击杀蓝舰: 10 | 命中: 20 | 我方USV损失: 2 | UAV损失: 0 | 突破: 0
[META] result=Result.Victory victory_time=12028 first_detection=1839 first_lock=7375 first_kill=8616 enemy_kills=10 friendly_usv_losses=2 friendly_uav_losses=0 black_breakthrough=0 reacquire_attempts=12 reacquire_success=12 sensor_assisted_locks=91 low_conf_commitments=0 global_reacquire_entries=0 global_reacquire_success=0 coverage_collapse_events=1 active_clusters_max=1 coverage_quality_final=0.27 commander_source=default_intent commander_calls=0 commander_changes=0 commander_no_change=0 commander_parse_failures=0 commander_api_failures=0 commander_policy_failures=0 commander_avg_latency=0.0
Done
