========================================================================
HYBRID AGENT V5 — Variable-Cardinality Hierarchical Maritime Agent
  启用UAV: True | LLM_ENABLED: False
========================================================================
对局 6 开始
      [UAV RELAUNCH] white_uav2
      [UAV RELAUNCH] white_uav3
      [UAV RELAUNCH] white_uav5
      [UAV RELAUNCH] white_uav9
      [UAV RELAUNCH] white_uav7
      [UAV RELAUNCH] white_uav1
      [UAV RELAUNCH] white_uav10
      [UAV RELAUNCH] white_uav4
      [UAV RELAUNCH] white_uav8
      [UAV RELAUNCH] white_uav6
[t=200s] step=10 | MISSION=NORMAL_C | USV: 10/10 (avail=10 int=0 lock=0 frz=0) | UAV: air=10 rtb=0 chg=0 loiter=0 | TRACKS: vis=0 lost=0 engaged=0 | TOP:  | KILL=0 | ACTIONS=20 | INTENT: focus=2 ratio=0.20
  [INTENT APPLIED]
    ThreatAllocator: focus 2 emergency 3 reserve_ratio 0.20 reserve_usvs None bias breakthrough_eta
    UAVManager: mode search_and_reacquire uav_priority []
[t=400s] step=20 | MISSION=NORMAL_C | USV: 10/10 (avail=10 int=0 lock=0 frz=0) | UAV: air=10 rtb=0 chg=0 loiter=0 | TRACKS: vis=0 lost=0 engaged=0 | TOP:  | KILL=0 | ACTIONS=20 | INTENT: focus=2 ratio=0.20
[t=604s] step=30 | MISSION=NORMAL_C | USV: 10/10 (avail=10 int=0 lock=0 frz=0) | UAV: air=10 rtb=0 chg=0 loiter=0 | TRACKS: vis=0 lost=0 engaged=0 | TOP:  | KILL=0 | ACTIONS=20 | INTENT: focus=2 ratio=0.20
[t=809s] step=40 | MISSION=NORMAL_C | USV: 10/10 (avail=10 int=0 lock=0 frz=0) | UAV: air=10 rtb=0 chg=0 loiter=0 | TRACKS: vis=0 lost=0 engaged=0 | TOP:  | KILL=0 | ACTIONS=20 | INTENT: focus=2 ratio=0.20
[t=1,028s] step=50 | MISSION=NORMAL_C | USV: 10/10 (avail=10 int=0 lock=0 frz=0) | UAV: air=10 rtb=0 chg=0 loiter=0 | TRACKS: vis=0 lost=0 engaged=0 | TOP:  | KILL=0 | ACTIONS=20 | INTENT: focus=2 ratio=0.20
[t=1,254s] step=60 | MISSION=NORMAL_C | USV: 10/10 (avail=10 int=0 lock=0 frz=0) | UAV: air=10 rtb=0 chg=0 loiter=0 | TRACKS: vis=0 lost=0 engaged=0 | TOP:  | KILL=0 | ACTIONS=20 | INTENT: focus=2 ratio=0.20
[t=1,466s] step=70 | MISSION=NORMAL_C | USV: 10/10 (avail=10 int=0 lock=0 frz=0) | UAV: air=10 rtb=0 chg=0 loiter=0 | TRACKS: vis=0 lost=0 engaged=0 | TOP:  | KILL=0 | ACTIONS=20 | INTENT: focus=2 ratio=0.20
[t=1,702s] step=80 | MISSION=NORMAL_C | USV: 10/10 (avail=10 int=0 lock=0 frz=0) | UAV: air=10 rtb=0 chg=0 loiter=0 | TRACKS: vis=0 lost=0 engaged=0 | TOP:  | KILL=0 | ACTIONS=20 | INTENT: focus=2 ratio=0.20
      [DETECT] black_usv10
      [DETECT] black_usv3
      [DETECT] black_usv12
      [DETECT] black_usv5
      [DETECT] black_usv16
      [DETECT] black_usv4
      [DETECT] black_usv11
      [DETECT] black_usv9
      [DETECT] black_usv7
      [DETECT] black_usv6
      [DETECT] black_usv14
      [DETECT] black_usv13
      [ASSIGN] white_usv1->black_usv3
      [ASSIGN] white_usv2->black_usv4
      [ASSIGN] white_usv8->black_usv14
      [ASSIGN] white_usv3->black_usv5
      [ASSIGN] white_usv4->black_usv9
      [ASSIGN] white_usv6->black_usv13
      [ASSIGN] white_usv9->black_usv12
      [ASSIGN] white_usv10->black_usv16
      [DETECT] black_usv18
      [DETECT] black_usv15
      [DETECT] black_usv17
      [DETECT] black_usv8
      [DETECT] black_usv19
      [ASSIGN] white_usv5->black_usv18
      [ASSIGN] white_usv7->black_usv19
      [DETECT] black_usv1
      [DETECT] black_usv2
      [DETECT] black_usv20
[t=1,915s] step=90 | MISSION=NORMAL_C | USV: 10/10 (avail=0 int=10 lock=0 frz=0) | UAV: air=10 rtb=0 chg=0 loiter=0 | TRACKS: vis=20 lost=0 engaged=0 | TOP: black_usv1(x240,866) black_usv17(x241,188) black_usv6(x241,269) | KILL=0 | ACTIONS=20 | INTENT: focus=2 ratio=0.20
[t=2,135s] step=100 | MISSION=NORMAL_C | USV: 10/10 (avail=0 int=10 lock=0 frz=0) | UAV: air=10 rtb=0 chg=0 loiter=0 | TRACKS: vis=20 lost=0 engaged=0 | TOP: black_usv1(x238,671) black_usv17(x239,031) black_usv6(x239,120) | KILL=0 | ACTIONS=20 | INTENT: focus=2 ratio=0.20
[t=2,361s] step=110 | MISSION=NORMAL_C | USV: 10/10 (avail=0 int=10 lock=0 frz=0) | UAV: air=10 rtb=0 chg=0 loiter=0 | TRACKS: vis=20 lost=0 engaged=0 | TOP: black_usv1(x236,419) black_usv17(x236,816) black_usv6(x236,916) | KILL=0 | ACTIONS=20 | INTENT: focus=2 ratio=0.20
[t=2,590s] step=120 | MISSION=NORMAL_C | USV: 10/10 (avail=0 int=10 lock=0 frz=0) | UAV: air=10 rtb=0 chg=0 loiter=0 | TRACKS: vis=20 lost=0 engaged=0 | TOP: black_usv1(x234,129) black_usv17(x234,564) black_usv6(x234,673) | KILL=0 | ACTIONS=20 | INTENT: focus=2 ratio=0.20
[t=2,787s] step=130 | MISSION=NORMAL_C | USV: 10/10 (avail=0 int=10 lock=0 frz=0) | UAV: air=10 rtb=0 chg=0 loiter=0 | TRACKS: vis=20 lost=0 engaged=0 | TOP: black_usv1(x232,163) black_usv17(x232,631) black_usv6(x232,749) | KILL=0 | ACTIONS=20 | INTENT: focus=2 ratio=0.20
[t=2,984s] step=140 | MISSION=NORMAL_C | USV: 10/10 (avail=0 int=10 lock=0 frz=0) | UAV: air=10 rtb=0 chg=0 loiter=0 | TRACKS: vis=20 lost=0 engaged=0 | TOP: black_usv1(x230,196) black_usv17(x230,698) black_usv6(x230,824) | KILL=0 | ACTIONS=20 | INTENT: focus=2 ratio=0.20
[t=3,209s] step=150 | MISSION=NORMAL_C | USV: 10/10 (avail=0 int=10 lock=0 frz=0) | UAV: air=10 rtb=0 chg=0 loiter=0 | TRACKS: vis=20 lost=0 engaged=0 | TOP: black_usv1(x227,950) black_usv17(x228,490) black_usv6(x228,625) | KILL=0 | ACTIONS=20 | INTENT: focus=2 ratio=0.20
[t=3,424s] step=160 | MISSION=NORMAL_C | USV: 10/10 (avail=0 int=10 lock=0 frz=0) | UAV: air=10 rtb=0 chg=0 loiter=0 | TRACKS: vis=20 lost=0 engaged=0 | TOP: black_usv1(x225,804) black_usv17(x226,380) black_usv6(x226,524) | KILL=0 | ACTIONS=20 | INTENT: focus=2 ratio=0.20
[t=3,677s] step=170 | MISSION=NORMAL_C | USV: 10/10 (avail=0 int=10 lock=0 frz=0) | UAV: air=10 rtb=0 chg=0 loiter=0 | TRACKS: vis=20 lost=0 engaged=0 | TOP: black_usv1(x223,279) black_usv17(x223,897) black_usv6(x224,052) | KILL=0 | ACTIONS=20 | INTENT: focus=2 ratio=0.20
[t=3,941s] step=180 | MISSION=NORMAL_C | USV: 10/10 (avail=0 int=10 lock=0 frz=0) | UAV: air=10 rtb=0 chg=0 loiter=0 | TRACKS: vis=20 lost=0 engaged=0 | TOP: black_usv1(x220,644) black_usv17(x221,307) black_usv6(x221,473) | KILL=0 | ACTIONS=20 | INTENT: focus=2 ratio=0.20
[t=4,195s] step=190 | MISSION=NORMAL_C | USV: 10/10 (avail=0 int=10 lock=0 frz=0) | UAV: air=10 rtb=0 chg=0 loiter=0 | TRACKS: vis=20 lost=0 engaged=0 | TOP: black_usv1(x218,110) black_usv17(x218,816) black_usv6(x218,992) | KILL=0 | ACTIONS=20 | INTENT: focus=2 ratio=0.20
[t=4,413s] step=200 | MISSION=NORMAL_C | USV: 10/10 (avail=0 int=10 lock=0 frz=0) | UAV: air=10 rtb=0 chg=0 loiter=0 | TRACKS: vis=20 lost=0 engaged=0 | TOP: black_usv1(x215,933) black_usv17(x216,675) black_usv6(x216,861) | KILL=0 | ACTIONS=20 | INTENT: focus=2 ratio=0.20
[t=4,642s] step=210 | MISSION=NORMAL_C | USV: 10/10 (avail=0 int=10 lock=0 frz=0) | UAV: air=10 rtb=0 chg=0 loiter=0 | TRACKS: vis=13 lost=7 engaged=0 | TOP: black_usv1(x213,647) black_usv17(x214,428) black_usv6(x214,623) | KILL=0 | ACTIONS=20 | INTENT: focus=2 ratio=0.20
[t=4,868s] step=220 | MISSION=NORMAL_C | USV: 10/10 (avail=0 int=10 lock=0 frz=0) | UAV: air=10 rtb=0 chg=0 loiter=0 | TRACKS: vis=20 lost=0 engaged=0 | TOP: black_usv1(x211,392) black_usv17(x212,210) black_usv6(x212,415) | KILL=0 | ACTIONS=20 | INTENT: focus=2 ratio=0.20
[t=5,079s] step=230 | MISSION=NORMAL_C | USV: 10/10 (avail=0 int=10 lock=0 frz=0) | UAV: air=10 rtb=0 chg=0 loiter=0 | TRACKS: vis=20 lost=0 engaged=0 | TOP: black_usv1(x209,286) black_usv17(x210,139) black_usv6(x210,353) | KILL=0 | ACTIONS=20 | INTENT: focus=2 ratio=0.20
[t=5,290s] step=240 | MISSION=NORMAL_C | USV: 10/10 (avail=0 int=10 lock=0 frz=0) | UAV: air=10 rtb=0 chg=0 loiter=0 | TRACKS: vis=20 lost=0 engaged=0 | TOP: black_usv1(x207,179) black_usv17(x208,069) black_usv6(x208,281) | KILL=0 | ACTIONS=20 | INTENT: focus=2 ratio=0.20
[t=5,536s] step=250 | MISSION=NORMAL_C | USV: 10/10 (avail=0 int=10 lock=0 frz=0) | UAV: air=10 rtb=0 chg=0 loiter=0 | TRACKS: vis=20 lost=0 engaged=0 | TOP: black_usv1(x204,725) black_usv17(x205,656) black_usv6(x205,864) | KILL=0 | ACTIONS=20 | INTENT: focus=2 ratio=0.20
[t=5,786s] step=260 | MISSION=NORMAL_C | USV: 10/10 (avail=0 int=10 lock=0 frz=0) | UAV: air=10 rtb=0 chg=0 loiter=0 | TRACKS: vis=20 lost=0 engaged=0 | TOP: black_usv1(x202,275) black_usv17(x203,201) black_usv6(x203,405) | KILL=0 | ACTIONS=20 | INTENT: focus=2 ratio=0.20
[t=6,026s] step=270 | MISSION=NORMAL_C | USV: 10/10 (avail=0 int=10 lock=0 frz=0) | UAV: air=10 rtb=0 chg=0 loiter=0 | TRACKS: vis=20 lost=0 engaged=0 | TOP: black_usv1(x199,934) black_usv17(x200,847) black_usv6(x201,046) | KILL=0 | ACTIONS=20 | INTENT: focus=2 ratio=0.20
[t=6,231s] step=280 | MISSION=NORMAL_C | USV: 10/10 (avail=0 int=10 lock=0 frz=0) | UAV: air=10 rtb=0 chg=0 loiter=0 | TRACKS: vis=20 lost=0 engaged=0 | TOP: black_usv1(x197,934) black_usv17(x198,835) black_usv6(x199,031) | KILL=0 | ACTIONS=20 | INTENT: focus=2 ratio=0.20
[t=6,457s] step=290 | MISSION=NORMAL_C | USV: 10/10 (avail=0 int=10 lock=0 frz=0) | UAV: air=10 rtb=0 chg=0 loiter=0 | TRACKS: vis=20 lost=0 engaged=0 | TOP: black_usv1(x195,729) black_usv17(x196,617) black_usv6(x196,810) | KILL=0 | ACTIONS=20 | INTENT: focus=2 ratio=0.20
[t=6,683s] step=300 | MISSION=NORMAL_C | USV: 10/10 (avail=0 int=10 lock=0 frz=0) | UAV: air=10 rtb=0 chg=0 loiter=0 | TRACKS: vis=20 lost=0 engaged=0 | TOP: black_usv1(x193,524) black_usv17(x194,399) black_usv6(x194,588) | KILL=0 | ACTIONS=20 | INTENT: focus=2 ratio=0.20
[t=6,915s] step=310 | MISSION=NORMAL_C | USV: 10/10 (avail=0 int=10 lock=0 frz=0) | UAV: air=10 rtb=0 chg=0 loiter=0 | TRACKS: vis=19 lost=1 engaged=0 | TOP: black_usv1(x191,263) black_usv17(x192,125) black_usv6(x192,310) | KILL=0 | ACTIONS=20 | INTENT: focus=2 ratio=0.20
[t=7,142s] step=320 | MISSION=NORMAL_C | USV: 10/10 (avail=0 int=10 lock=0 frz=0) | UAV: air=10 rtb=0 chg=0 loiter=0 | TRACKS: vis=20 lost=0 engaged=0 | TOP: black_usv1(x189,046) black_usv17(x189,895) black_usv6(x190,077) | KILL=0 | ACTIONS=20 | INTENT: focus=2 ratio=0.20
      [ASSIGN] white_usv3->black_usv4(机会锁定)
      [ASSIGN] white_usv6->black_usv14(机会锁定)
      [ASSIGN] white_usv9->black_usv14(机会锁定)
      [ASSIGN] white_usv1->black_usv4(机会锁定)
      [ASSIGN] white_usv10->black_usv18(机会锁定)
[t=7,384s] step=330 | MISSION=NORMAL_C | USV: 10/10 (avail=0 int=4 lock=6 frz=0) | UAV: air=10 rtb=0 chg=0 loiter=0 | TRACKS: vis=19 lost=1 engaged=3 | TOP: black_usv5(x186,567) black_usv13(x186,784) black_usv12(x186,914) | KILL=0 | ACTIONS=20 | INTENT: focus=2 ratio=0.20
      [ASSIGN] white_usv7->black_usv18(机会锁定)
      [ASSIGN] white_usv5->black_usv13(机会锁定)
[t=7,642s] step=340 | MISSION=NORMAL_C | USV: 10/10 (avail=0 int=0 lock=10 frz=0) | UAV: air=10 rtb=0 chg=0 loiter=0 | TRACKS: vis=19 lost=0 engaged=5 | TOP: black_usv12(x184,362) black_usv1(x184,168) black_usv3(x184,926) | KILL=0 | ACTIONS=20 | INTENT: focus=2 ratio=0.20
      [ASSIGN] white_usv1->black_usv5(机会锁定)
      [ASSIGN] white_usv2->black_usv5(机会锁定)
      [ASSIGN] white_usv8->black_usv12(机会锁定)
      [ASSIGN] white_usv3->black_usv5(机会锁定)
      [ASSIGN] white_usv4->black_usv3(机会锁定)
      [ASSIGN] white_usv6->black_usv12(机会锁定)
      [ASSIGN] white_usv9->black_usv8(机会锁定)
      [ASSIGN] white_usv10->black_usv17(机会锁定)
      [ASSIGN] white_usv7->black_usv14(机会锁定)
      [ASSIGN] white_usv7->black_usv18(机会锁定)
      [ASSIGN] white_usv5->black_usv14(机会锁定)
      [ASSIGN] white_usv5->black_usv13(机会锁定)
[t=7,912s] step=350 | MISSION=NORMAL_C | USV: 10/10 (avail=0 int=0 lock=10 frz=0) | UAV: air=10 rtb=0 chg=0 loiter=0 | TRACKS: vis=19 lost=0 engaged=7 | TOP: black_usv1(x181,534) black_usv9(x183,318) black_usv14(x183,371) | KILL=2 | ACTIONS=20 | INTENT: focus=2 ratio=0.20
      [ASSIGN] white_usv1->black_usv1(机会锁定)
      [ASSIGN] white_usv2->black_usv1(机会锁定)
      [ASSIGN] white_usv8->black_usv14(机会锁定)
      [ASSIGN] white_usv3->black_usv1(机会锁定)
      [ASSIGN] white_usv4->black_usv9(机会锁定)
      [ASSIGN] white_usv6->black_usv14(机会锁定)
      [ASSIGN] white_usv8->black_usv12(机会锁定)
      [ASSIGN] white_usv6->black_usv12(机会锁定)
      [ASSIGN] white_usv8->black_usv14(机会锁定)
      [ASSIGN] white_usv6->black_usv14(机会锁定)
      [ASSIGN] white_usv9->black_usv14(机会锁定)
      [ASSIGN] white_usv10->black_usv20(机会锁定)
      [ASSIGN] white_usv8->black_usv12(机会锁定)
      [ASSIGN] white_usv6->black_usv12(机会锁定)
      [ASSIGN] white_usv9->black_usv12(机会锁定)
      [ASSIGN] white_usv8->black_usv14(机会锁定)
      [ASSIGN] white_usv6->black_usv14(机会锁定)
      [ASSIGN] white_usv9->black_usv14(机会锁定)
      [ASSIGN] white_usv7->black_usv17(机会锁定)
      [ASSIGN] white_usv8->black_usv12(机会锁定)
      [ASSIGN] white_usv6->black_usv12(机会锁定)
      [ASSIGN] white_usv9->black_usv12(机会锁定)
      [ASSIGN] white_usv5->black_usv12(机会锁定)
      [ASSIGN] white_usv8->black_usv13(机会锁定)
      [ASSIGN] white_usv6->black_usv13(机会锁定)
      [ASSIGN] white_usv9->black_usv13(机会锁定)
      [ASSIGN] white_usv5->black_usv13(机会锁定)
[t=8,180s] step=360 | MISSION=NORMAL_C | USV: 10/10 (avail=0 int=4 lock=6 frz=0) | UAV: air=10 rtb=0 chg=0 loiter=0 | TRACKS: vis=19 lost=0 engaged=4 | TOP: black_usv6(x179,874) black_usv3(x181,534) black_usv13(x181,878) | KILL=4 | ACTIONS=20 | INTENT: focus=2 ratio=0.20
      [KILL] black_usv4
      [KILL] black_usv14
      [ASSIGN] white_usv1->black_usv11(机会锁定)
      [ASSIGN] white_usv2->black_usv11(机会锁定)
      [ASSIGN] white_usv3->black_usv11(机会锁定)
      [ASSIGN] white_usv4->black_usv3(机会锁定)
      [ASSIGN] white_usv10->black_usv18(机会锁定)
      [ASSIGN] white_usv10->black_usv20(机会锁定)
      [ASSIGN] white_usv7->black_usv15(机会锁定)
[t=8,458s] step=370 | MISSION=NORMAL_C | USV: 9/10 (avail=0 int=1 lock=8 frz=0) | UAV: air=10 rtb=0 chg=0 loiter=0 | TRACKS: vis=17 lost=0 engaged=4 | TOP: black_usv1(x176,209) black_usv6(x177,143) black_usv9(x179,938) | KILL=6 | ACTIONS=19 | INTENT: focus=2 ratio=0.20
      [ASSIGN] white_usv8->black_usv12(机会锁定)
      [ASSIGN] white_usv6->black_usv12(机会锁定)
      [ASSIGN] white_usv5->black_usv12(机会锁定)
      [ASSIGN] white_usv8->black_usv13(机会锁定)
      [ASSIGN] white_usv6->black_usv13(机会锁定)
      [ASSIGN] white_usv5->black_usv13(机会锁定)
      [ASSIGN] white_usv8->black_usv12(机会锁定)
      [ASSIGN] white_usv6->black_usv8(机会锁定)
      [ASSIGN] white_usv5->black_usv12(机会锁定)
      [ASSIGN] white_usv8->black_usv13(机会锁定)
      [ASSIGN] white_usv5->black_usv13(机会锁定)
      [KILL] black_usv12
      [ASSIGN] white_usv8->black_usv15(机会锁定)
      [ASSIGN] white_usv5->black_usv15(机会锁定)
      [ASSIGN] white_usv1->black_usv1(机会锁定)
      [ASSIGN] white_usv2->black_usv1(机会锁定)
      [ASSIGN] white_usv3->black_usv1(机会锁定)
      [ASSIGN] white_usv4->black_usv9(机会锁定)
      [ASSIGN] white_usv4->black_usv3(机会锁定)
      [KILL] black_usv18
      [ASSIGN] white_usv10->black_usv17(机会锁定)
      [ASSIGN] white_usv10->black_usv20(机会锁定)
[t=8,752s] step=380 | MISSION=NORMAL_C | USV: 9/10 (avail=0 int=1 lock=8 frz=0) | UAV: air=10 rtb=0 chg=0 loiter=0 | TRACKS: vis=15 lost=0 engaged=4 | TOP: black_usv6(x174,251) black_usv7(x176,207) black_usv13(x178,786) | KILL=9 | ACTIONS=19 | INTENT: focus=2 ratio=0.20
      [ASSIGN] white_usv10->black_usv17(机会锁定)
      [ASSIGN] white_usv7->black_usv13(机会锁定)
      [ASSIGN] white_usv10->black_usv20(机会锁定)
      [ASSIGN] white_usv10->black_usv17(机会锁定)
      [ASSIGN] white_usv7->black_usv17(机会锁定)
      [ASSIGN] white_usv6->black_usv13(机会锁定)
      [ASSIGN] white_usv10->black_usv20(机会锁定)
      [ASSIGN] white_usv7->black_usv13(机会锁定)
      [KILL] black_usv9
      [ASSIGN] white_usv8->black_usv8(机会锁定)
      [ASSIGN] white_usv6->black_usv8(机会锁定)
      [ASSIGN] white_usv10->black_usv17(机会锁定)
      [ASSIGN] white_usv5->black_usv8(机会锁定)
      [ASSIGN] white_usv7->black_usv15(机会锁定)
      [ASSIGN] white_usv1->black_usv6(机会锁定)
      [ASSIGN] white_usv2->black_usv6(机会锁定)
      [ASSIGN] white_usv8->black_usv13(机会锁定)
      [ASSIGN] white_usv3->black_usv6(机会锁定)
      [ASSIGN] white_usv6->black_usv13(机会锁定)
      [ASSIGN] white_usv10->black_usv20(机会锁定)
      [ASSIGN] white_usv5->black_usv13(机会锁定)
      [ASSIGN] white_usv8->black_usv8(机会锁定)
      [ASSIGN] white_usv6->black_usv8(机会锁定)
      [ASSIGN] white_usv10->black_usv17(机会锁定)
      [ASSIGN] white_usv5->black_usv8(机会锁定)
      [ASSIGN] white_usv8->black_usv13(机会锁定)
      [ASSIGN] white_usv4->black_usv1(机会锁定)
      [ASSIGN] white_usv6->black_usv13(机会锁定)
      [ASSIGN] white_usv10->black_usv20(机会锁定)
      [ASSIGN] white_usv5->black_usv13(机会锁定)
      [KILL] black_usv17
      [ASSIGN] white_usv8->black_usv8(机会锁定)
      [ASSIGN] white_usv4->black_usv3(机会锁定)
      [ASSIGN] white_usv6->black_usv8(机会锁定)
      [ASSIGN] white_usv10->black_usv16(机会锁定)
      [ASSIGN] white_usv5->black_usv8(机会锁定)
      [KILL] black_usv13
      [ASSIGN] white_usv8->black_usv15(机会锁定)
      [ASSIGN] white_usv4->black_usv1(机会锁定)
      [ASSIGN] white_usv6->black_usv15(机会锁定)
      [ASSIGN] white_usv5->black_usv15(机会锁定)
[t=9,098s] step=390 | MISSION=NORMAL_C | USV: 9/10 (avail=0 int=5 lock=4 frz=0) | UAV: air=10 rtb=0 chg=0 loiter=0 | TRACKS: vis=12 lost=0 engaged=2 | TOP: black_usv7(x172,895) black_usv2(x173,324) black_usv10(x174,071) | KILL=13 | ACTIONS=19 | INTENT: focus=2 ratio=0.20
      [ASSIGN] white_usv8->black_usv8(机会锁定)
      [ASSIGN] white_usv4->black_usv3(机会锁定)
      [ASSIGN] white_usv6->black_usv8(机会锁定)
      [ASSIGN] white_usv8->black_usv15(机会锁定)
      [ASSIGN] white_usv4->black_usv1(机会锁定)
      [ASSIGN] white_usv6->black_usv5(机会锁定)
      [ASSIGN] white_usv8->black_usv8(机会锁定)
      [ASSIGN] white_usv4->black_usv3(机会锁定)
      [ASSIGN] white_usv6->black_usv8(机会锁定)
      [ASSIGN] white_usv6->black_usv5(机会锁定)
      [KILL] black_usv11
      [ASSIGN] white_usv1->black_usv1(机会锁定)
      [ASSIGN] white_usv2->black_usv1(机会锁定)
      [ASSIGN] white_usv3->black_usv1(机会锁定)
      [KILL] black_usv20
      [ASSIGN] white_usv1->black_usv6(机会锁定)
      [ASSIGN] white_usv2->black_usv6(机会锁定)
      [ASSIGN] white_usv3->black_usv6(机会锁定)
      [ASSIGN] white_usv7->black_usv8(机会锁定)
      [KILL] black_usv15
      [RELEASE] white_usv5->black_usv15(目标失效)
      [ASSIGN] white_usv7->black_usv16(机会锁定)
[t=9,420s] step=400 | MISSION=NORMAL_C | USV: 8/10 (avail=0 int=4 lock=4 frz=0) | UAV: air=10 rtb=0 chg=0 loiter=0 | TRACKS: vis=9 lost=0 engaged=2 | TOP: black_usv7(x169,813) black_usv2(x170,257) black_usv10(x171,031) | KILL=13 | ACTIONS=18 | INTENT: focus=2 ratio=0.20
      [ASSIGN] white_usv5->black_usv8(机会锁定)
      [KILL] black_usv8
      [RELEASE] white_usv8->black_usv8(目标失效)
      [RELEASE] white_usv5->black_usv8(目标失效)
      [ASSIGN] white_usv8->black_usv7
      [ASSIGN] white_usv4->black_usv1(机会锁定)
      [ASSIGN] white_usv6->black_usv3(机会锁定)
      [ASSIGN] white_usv5->black_usv2
      [KILL] black_usv1
      [ASSIGN] white_usv8->black_usv3(机会锁定)
      [RELEASE] white_usv4->black_usv1(目标失效)
      [ASSIGN] white_usv4->black_usv5(机会锁定)
      [ASSIGN] white_usv6->black_usv5(机会锁定)
      [KILL] black_usv3
      [RELEASE] white_usv8->black_usv3(目标失效)
      [ASSIGN] white_usv8->black_usv5(机会锁定)
      [ASSIGN] white_usv1->black_usv10(机会锁定)
      [ASSIGN] white_usv2->black_usv10(机会锁定)
      [ASSIGN] white_usv3->black_usv10(机会锁定)
[t=9,814s] step=410 | MISSION=NORMAL_C | USV: 8/10 (avail=0 int=2 lock=6 frz=0) | UAV: air=10 rtb=0 chg=0 loiter=0 | TRACKS: vis=6 lost=0 engaged=2 | TOP: black_usv7(x166,042) black_usv6(x168,471) black_usv2(x166,504) | KILL=15 | ACTIONS=18 | INTENT: focus=2 ratio=0.20
      [ASSIGN] white_usv5->black_usv5(机会锁定)
      [ASSIGN] white_usv4->black_usv10(机会锁定)
      [ASSIGN] white_usv4->black_usv5(机会锁定)
      [ASSIGN] white_usv1->black_usv6(机会锁定)
      [ASSIGN] white_usv2->black_usv6(机会锁定)
      [ASSIGN] white_usv3->black_usv7(机会锁定)
      [ASSIGN] white_usv1->black_usv10(机会锁定)
      [ASSIGN] white_usv2->black_usv10(机会锁定)
      [ASSIGN] white_usv1->black_usv6(机会锁定)
      [ASSIGN] white_usv2->black_usv6(机会锁定)
      [ASSIGN] white_usv1->black_usv10(机会锁定)
      [ASSIGN] white_usv2->black_usv10(机会锁定)
      [ASSIGN] white_usv1->black_usv6(机会锁定)
      [ASSIGN] white_usv2->black_usv6(机会锁定)
[t=10,233s] step=420 | MISSION=NORMAL_C | USV: 8/10 (avail=0 int=7 lock=1 frz=0) | UAV: air=10 rtb=0 chg=0 loiter=0 | TRACKS: vis=6 lost=0 engaged=1 | TOP: black_usv2(x162,513) black_usv6(x168,471) black_usv7(x162,031) | KILL=17 | ACTIONS=18 | INTENT: focus=2 ratio=0.20
      [KILL] black_usv6
      [RELEASE] white_usv1->black_usv6(目标失效)
      [ASSIGN] white_usv1->black_usv10(机会锁定)
      [RELEASE] white_usv2->black_usv6(目标失效)
      [ASSIGN] white_usv2->black_usv10(机会锁定)
      [ASSIGN] white_usv2->black_usv7(机会锁定)
      [ASSIGN] white_usv2->black_usv10(机会锁定)
      [ASSIGN] white_usv2->black_usv7(机会锁定)
      [KILL] black_usv16
      [ASSIGN] white_usv3->black_usv10(机会锁定)
      [RELEASE] white_usv7->black_usv16(目标失效)
      [ASSIGN] white_usv1->black_usv7(机会锁定)
      [ASSIGN] white_usv3->black_usv7(机会锁定)
      [ASSIGN] white_usv7->black_usv2
      [ASSIGN] white_usv6->black_usv10(机会锁定)
      [ASSIGN] white_usv4->black_usv10(机会锁定)
      [KILL] black_usv5
      [RELEASE] white_usv8->black_usv5(目标失效)
      [RELEASE] white_usv5->black_usv5(目标失效)
      [ASSIGN] white_usv8->black_usv7
      [ASSIGN] white_usv5->black_usv2
[t=10,627s] step=430 | MISSION=NORMAL_C | USV: 7/10 (avail=2 int=3 lock=2 frz=0) | UAV: air=10 rtb=0 chg=0 loiter=0 | TRACKS: vis=3 lost=0 engaged=1 | TOP: black_usv7(x160,863) black_usv2(x158,760) black_usv10(x165,696) | KILL=17 | ACTIONS=17 | INTENT: focus=2 ratio=0.20
      [DETECT] black_usv19
      [KILL] black_usv10
      [RELEASE] white_usv4->black_usv10(目标失效)
      [RELEASE] white_usv6->black_usv10(目标失效)
      [ASSIGN] white_usv4->black_usv19
      [ASSIGN] white_usv6->black_usv19
      [ASSIGN] white_usv4->black_usv7(机会锁定)
      [ASSIGN] white_usv5->black_usv7(机会锁定)
[t=11,087s] step=440 | MISSION=NORMAL_C | USV: 7/10 (avail=0 int=6 lock=1 frz=0) | UAV: air=10 rtb=0 chg=0 loiter=0 | TRACKS: vis=2 lost=1 engaged=1 | TOP: black_usv2(x154,379) black_usv19(x202,992) black_usv7(x160,787) | KILL=18 | ACTIONS=17 | INTENT: focus=2 ratio=0.20
      [RELEASE] white_usv7->black_usv2(目标失效)
      [ASSIGN] white_usv7->black_usv19
      [KILL] black_usv7
      [RELEASE] white_usv1->black_usv7(目标失效)
      [RELEASE] white_usv8->black_usv7(目标失效)
      [RELEASE] white_usv3->black_usv7(目标失效)
      [RELEASE] white_usv4->black_usv7(目标失效)
      [RELEASE] white_usv5->black_usv7(目标失效)
      [DETECT] black_usv2
      [ASSIGN] white_usv1->black_usv2(机会锁定)
      [ASSIGN] white_usv3->black_usv2(机会锁定)
      [ASSIGN] white_usv4->black_usv19
      [ASSIGN] white_usv5->black_usv2
[t=11,553s] step=450 | MISSION=NORMAL_C | USV: 7/10 (avail=1 int=4 lock=2 frz=0) | UAV: air=10 rtb=0 chg=0 loiter=0 | TRACKS: vis=2 lost=0 engaged=1 | TOP: black_usv2(x149,940) black_usv19(x202,504) | KILL=19 | ACTIONS=17 | INTENT: focus=2 ratio=0.20
      [ASSIGN] white_usv8->black_usv19(机会锁定)

========================================================================
对局结果: Result.Victory — 敌方所有单位被击毁
  击杀蓝舰: 20 | 命中: 40 | 我方USV损失: 3 | UAV损失: 0 | 突破: 0
[META] result=Result.Victory victory_time=11946 first_detection=1852 first_lock=7384 first_kill=8280 enemy_kills=20 friendly_usv_losses=3 friendly_uav_losses=0 black_breakthrough=0 reacquire_attempts=32 reacquire_success=32 sensor_assisted_locks=63 low_conf_commitments=0 global_reacquire_entries=0 global_reacquire_success=0 coverage_collapse_events=1 active_clusters_max=1 coverage_quality_final=0.26 commander_source=default_intent commander_calls=0 commander_changes=0 commander_no_change=0 commander_parse_failures=0 commander_api_failures=0 commander_policy_failures=0 commander_avg_latency=0.0
Done
