========================================================================
HYBRID AGENT V5 — Variable-Cardinality Hierarchical Maritime Agent
  启用UAV: True | LLM_ENABLED: False
========================================================================
对局 14 开始
      [UAV RELAUNCH] white_uav2
      [UAV RELAUNCH] white_uav1
      [UAV RELAUNCH] white_uav4
      [UAV RELAUNCH] white_uav10
      [UAV RELAUNCH] white_uav8
      [UAV RELAUNCH] white_uav3
      [UAV RELAUNCH] white_uav6
      [UAV RELAUNCH] white_uav9
      [UAV RELAUNCH] white_uav5
      [UAV RELAUNCH] white_uav7
[t=215s] step=10 | MISSION=NORMAL_C | USV: 10/10 (avail=10 int=0 lock=0 frz=0) | UAV: air=10 rtb=0 chg=0 loiter=0 | TRACKS: vis=0 lost=0 engaged=0 | TOP:  | KILL=0 | ACTIONS=20 | INTENT: focus=2 ratio=0.20
  [INTENT APPLIED]
    ThreatAllocator: focus 2 emergency 3 reserve_ratio 0.20 reserve_usvs None bias breakthrough_eta
    UAVManager: mode search_and_reacquire uav_priority []
[t=417s] step=20 | MISSION=NORMAL_C | USV: 10/10 (avail=10 int=0 lock=0 frz=0) | UAV: air=10 rtb=0 chg=0 loiter=0 | TRACKS: vis=0 lost=0 engaged=0 | TOP:  | KILL=0 | ACTIONS=20 | INTENT: focus=2 ratio=0.20
[t=660s] step=30 | MISSION=NORMAL_C | USV: 10/10 (avail=10 int=0 lock=0 frz=0) | UAV: air=10 rtb=0 chg=0 loiter=0 | TRACKS: vis=0 lost=0 engaged=0 | TOP:  | KILL=0 | ACTIONS=20 | INTENT: focus=2 ratio=0.20
[t=886s] step=40 | MISSION=NORMAL_C | USV: 10/10 (avail=10 int=0 lock=0 frz=0) | UAV: air=10 rtb=0 chg=0 loiter=0 | TRACKS: vis=0 lost=0 engaged=0 | TOP:  | KILL=0 | ACTIONS=20 | INTENT: focus=2 ratio=0.20
[t=1,079s] step=50 | MISSION=NORMAL_C | USV: 10/10 (avail=10 int=0 lock=0 frz=0) | UAV: air=10 rtb=0 chg=0 loiter=0 | TRACKS: vis=0 lost=0 engaged=0 | TOP:  | KILL=0 | ACTIONS=20 | INTENT: focus=2 ratio=0.20
[t=1,300s] step=60 | MISSION=NORMAL_C | USV: 10/10 (avail=10 int=0 lock=0 frz=0) | UAV: air=10 rtb=0 chg=0 loiter=0 | TRACKS: vis=0 lost=0 engaged=0 | TOP:  | KILL=0 | ACTIONS=20 | INTENT: focus=2 ratio=0.20
[t=1,498s] step=70 | MISSION=NORMAL_C | USV: 10/10 (avail=10 int=0 lock=0 frz=0) | UAV: air=10 rtb=0 chg=0 loiter=0 | TRACKS: vis=0 lost=0 engaged=0 | TOP:  | KILL=0 | ACTIONS=20 | INTENT: focus=2 ratio=0.20
[t=1,692s] step=80 | MISSION=NORMAL_C | USV: 10/10 (avail=10 int=0 lock=0 frz=0) | UAV: air=10 rtb=0 chg=0 loiter=0 | TRACKS: vis=0 lost=0 engaged=0 | TOP:  | KILL=0 | ACTIONS=20 | INTENT: focus=2 ratio=0.20
      [DETECT] black_usv15
      [DETECT] black_usv10
      [DETECT] black_usv12
      [DETECT] black_usv17
      [DETECT] black_usv18
      [DETECT] black_usv16
      [DETECT] black_usv5
      [DETECT] black_usv8
      [DETECT] black_usv11
      [DETECT] black_usv9
      [DETECT] black_usv7
      [DETECT] black_usv6
      [DETECT] black_usv14
      [DETECT] black_usv13
      [ASSIGN] white_usv8->black_usv16
      [ASSIGN] white_usv1->black_usv18
      [ASSIGN] white_usv5->black_usv9
      [ASSIGN] white_usv2->black_usv7
      [ASSIGN] white_usv3->black_usv5
      [ASSIGN] white_usv4->black_usv8
      [ASSIGN] white_usv6->black_usv12
      [ASSIGN] white_usv7->black_usv15
      [DETECT] black_usv3
      [DETECT] black_usv2
      [DETECT] black_usv4
      [DETECT] black_usv19
      [ASSIGN] white_usv9->black_usv2
      [ASSIGN] white_usv10->black_usv3
      [DETECT] black_usv20
      [DETECT] black_usv1
[t=1,901s] step=90 | MISSION=NORMAL_C | USV: 10/10 (avail=0 int=10 lock=0 frz=0) | UAV: air=10 rtb=0 chg=0 loiter=0 | TRACKS: vis=20 lost=0 engaged=0 | TOP: black_usv19(x241,257) black_usv17(x241,322) black_usv4(x241,480) | KILL=0 | ACTIONS=20 | INTENT: focus=2 ratio=0.20
[t=2,128s] step=100 | MISSION=NORMAL_C | USV: 10/10 (avail=0 int=10 lock=0 frz=0) | UAV: air=10 rtb=0 chg=0 loiter=0 | TRACKS: vis=20 lost=0 engaged=0 | TOP: black_usv19(x239,027) black_usv17(x239,101) black_usv4(x239,279) | KILL=0 | ACTIONS=20 | INTENT: focus=2 ratio=0.20
[t=2,323s] step=110 | MISSION=NORMAL_C | USV: 10/10 (avail=0 int=10 lock=0 frz=0) | UAV: air=10 rtb=0 chg=0 loiter=0 | TRACKS: vis=20 lost=0 engaged=0 | TOP: black_usv19(x237,103) black_usv17(x237,183) black_usv4(x237,378) | KILL=0 | ACTIONS=20 | INTENT: focus=2 ratio=0.20
[t=2,524s] step=120 | MISSION=NORMAL_C | USV: 10/10 (avail=0 int=10 lock=0 frz=0) | UAV: air=10 rtb=0 chg=0 loiter=0 | TRACKS: vis=20 lost=0 engaged=0 | TOP: black_usv19(x235,128) black_usv17(x235,215) black_usv4(x235,426) | KILL=0 | ACTIONS=20 | INTENT: focus=2 ratio=0.20
[t=2,720s] step=130 | MISSION=NORMAL_C | USV: 10/10 (avail=0 int=10 lock=0 frz=0) | UAV: air=10 rtb=0 chg=0 loiter=0 | TRACKS: vis=20 lost=0 engaged=0 | TOP: black_usv19(x233,198) black_usv17(x233,292) black_usv4(x233,519) | KILL=0 | ACTIONS=20 | INTENT: focus=2 ratio=0.20
[t=2,947s] step=140 | MISSION=NORMAL_C | USV: 10/10 (avail=0 int=10 lock=0 frz=0) | UAV: air=10 rtb=0 chg=0 loiter=0 | TRACKS: vis=20 lost=0 engaged=0 | TOP: black_usv19(x230,963) black_usv17(x231,065) black_usv4(x231,311) | KILL=0 | ACTIONS=20 | INTENT: focus=2 ratio=0.20
[t=3,156s] step=150 | MISSION=NORMAL_C | USV: 10/10 (avail=0 int=10 lock=0 frz=0) | UAV: air=10 rtb=0 chg=0 loiter=0 | TRACKS: vis=20 lost=0 engaged=0 | TOP: black_usv19(x228,905) black_usv17(x229,014) black_usv4(x229,278) | KILL=0 | ACTIONS=20 | INTENT: focus=2 ratio=0.20
[t=3,356s] step=160 | MISSION=NORMAL_C | USV: 10/10 (avail=0 int=10 lock=0 frz=0) | UAV: air=10 rtb=0 chg=0 loiter=0 | TRACKS: vis=20 lost=0 engaged=0 | TOP: black_usv19(x226,936) black_usv17(x227,052) black_usv4(x227,332) | KILL=0 | ACTIONS=20 | INTENT: focus=2 ratio=0.20
[t=3,563s] step=170 | MISSION=NORMAL_C | USV: 10/10 (avail=0 int=10 lock=0 frz=0) | UAV: air=10 rtb=0 chg=0 loiter=0 | TRACKS: vis=20 lost=0 engaged=0 | TOP: black_usv19(x224,898) black_usv17(x225,020) black_usv4(x225,318) | KILL=0 | ACTIONS=20 | INTENT: focus=2 ratio=0.20
[t=3,767s] step=180 | MISSION=NORMAL_C | USV: 10/10 (avail=0 int=10 lock=0 frz=0) | UAV: air=10 rtb=0 chg=0 loiter=0 | TRACKS: vis=20 lost=0 engaged=0 | TOP: black_usv19(x222,886) black_usv17(x223,016) black_usv4(x223,330) | KILL=0 | ACTIONS=20 | INTENT: focus=2 ratio=0.20
[t=4,005s] step=190 | MISSION=NORMAL_C | USV: 10/10 (avail=0 int=10 lock=0 frz=0) | UAV: air=10 rtb=0 chg=0 loiter=0 | TRACKS: vis=20 lost=0 engaged=0 | TOP: black_usv19(x220,546) black_usv17(x220,684) black_usv4(x221,018) | KILL=0 | ACTIONS=20 | INTENT: focus=2 ratio=0.20
[t=4,255s] step=200 | MISSION=NORMAL_C | USV: 10/10 (avail=0 int=10 lock=0 frz=0) | UAV: air=10 rtb=0 chg=0 loiter=0 | TRACKS: vis=20 lost=0 engaged=0 | TOP: black_usv19(x218,084) black_usv17(x218,231) black_usv4(x218,586) | KILL=0 | ACTIONS=20 | INTENT: focus=2 ratio=0.20
[t=4,472s] step=210 | MISSION=NORMAL_C | USV: 10/10 (avail=0 int=10 lock=0 frz=0) | UAV: air=10 rtb=0 chg=0 loiter=0 | TRACKS: vis=20 lost=0 engaged=0 | TOP: black_usv17(x216,075) black_usv19(x215,947) black_usv4(x216,475) | KILL=0 | ACTIONS=20 | INTENT: focus=2 ratio=0.20
[t=4,741s] step=220 | MISSION=NORMAL_C | USV: 10/10 (avail=0 int=10 lock=0 frz=0) | UAV: air=10 rtb=0 chg=0 loiter=0 | TRACKS: vis=20 lost=0 engaged=0 | TOP: black_usv17(x213,395) black_usv19(x213,299) black_usv4(x213,858) | KILL=0 | ACTIONS=20 | INTENT: focus=2 ratio=0.20
[t=4,976s] step=230 | MISSION=NORMAL_C | USV: 10/10 (avail=0 int=10 lock=0 frz=0) | UAV: air=10 rtb=0 chg=0 loiter=0 | TRACKS: vis=20 lost=0 engaged=0 | TOP: black_usv17(x211,053) black_usv19(x210,985) black_usv4(x211,572) | KILL=0 | ACTIONS=20 | INTENT: focus=2 ratio=0.20
[t=5,212s] step=240 | MISSION=NORMAL_C | USV: 10/10 (avail=0 int=10 lock=0 frz=0) | UAV: air=10 rtb=0 chg=0 loiter=0 | TRACKS: vis=20 lost=0 engaged=0 | TOP: black_usv17(x208,701) black_usv19(x208,661) black_usv4(x209,276) | KILL=0 | ACTIONS=20 | INTENT: focus=2 ratio=0.20
[t=5,430s] step=250 | MISSION=NORMAL_C | USV: 10/10 (avail=0 int=10 lock=0 frz=0) | UAV: air=10 rtb=0 chg=0 loiter=0 | TRACKS: vis=19 lost=1 engaged=0 | TOP: black_usv17(x206,529) black_usv19(x206,515) black_usv20(x207,140) | KILL=0 | ACTIONS=20 | INTENT: focus=2 ratio=0.20
[t=5,670s] step=260 | MISSION=NORMAL_C | USV: 10/10 (avail=0 int=10 lock=0 frz=0) | UAV: air=10 rtb=0 chg=0 loiter=0 | TRACKS: vis=20 lost=0 engaged=0 | TOP: black_usv17(x204,138) black_usv19(x204,151) black_usv20(x204,774) | KILL=0 | ACTIONS=20 | INTENT: focus=2 ratio=0.20
[t=5,887s] step=270 | MISSION=NORMAL_C | USV: 10/10 (avail=0 int=10 lock=0 frz=0) | UAV: air=10 rtb=0 chg=0 loiter=0 | TRACKS: vis=20 lost=0 engaged=0 | TOP: black_usv17(x201,976) black_usv19(x202,015) black_usv20(x202,634) | KILL=0 | ACTIONS=20 | INTENT: focus=2 ratio=0.20
[t=6,119s] step=280 | MISSION=NORMAL_C | USV: 10/10 (avail=0 int=10 lock=0 frz=0) | UAV: air=10 rtb=0 chg=0 loiter=0 | TRACKS: vis=20 lost=0 engaged=0 | TOP: black_usv17(x199,664) black_usv19(x199,730) black_usv20(x200,347) | KILL=0 | ACTIONS=20 | INTENT: focus=2 ratio=0.20
[t=6,355s] step=290 | MISSION=NORMAL_C | USV: 10/10 (avail=0 int=10 lock=0 frz=0) | UAV: air=10 rtb=0 chg=0 loiter=0 | TRACKS: vis=20 lost=0 engaged=0 | TOP: black_usv17(x197,312) black_usv19(x197,407) black_usv20(x198,020) | KILL=0 | ACTIONS=20 | INTENT: focus=2 ratio=0.20
[t=6,601s] step=300 | MISSION=NORMAL_C | USV: 10/10 (avail=0 int=10 lock=0 frz=0) | UAV: air=10 rtb=0 chg=0 loiter=0 | TRACKS: vis=20 lost=0 engaged=0 | TOP: black_usv17(x194,861) black_usv20(x195,594) black_usv4(x195,763) | KILL=0 | ACTIONS=20 | INTENT: focus=2 ratio=0.20
[t=6,823s] step=310 | MISSION=NORMAL_C | USV: 10/10 (avail=0 int=10 lock=0 frz=0) | UAV: air=10 rtb=0 chg=0 loiter=0 | TRACKS: vis=20 lost=0 engaged=0 | TOP: black_usv17(x192,649) black_usv20(x193,406) black_usv4(x193,603) | KILL=0 | ACTIONS=20 | INTENT: focus=2 ratio=0.20
[t=7,027s] step=320 | MISSION=NORMAL_C | USV: 10/10 (avail=0 int=10 lock=0 frz=0) | UAV: air=10 rtb=0 chg=0 loiter=0 | TRACKS: vis=20 lost=0 engaged=0 | TOP: black_usv17(x190,611) black_usv20(x191,389) black_usv4(x191,613) | KILL=0 | ACTIONS=20 | INTENT: focus=2 ratio=0.20
[t=7,235s] step=330 | MISSION=NORMAL_C | USV: 10/10 (avail=0 int=10 lock=0 frz=0) | UAV: air=10 rtb=0 chg=0 loiter=0 | TRACKS: vis=20 lost=0 engaged=0 | TOP: black_usv17(x188,544) black_usv20(x189,341) black_usv4(x189,595) | KILL=0 | ACTIONS=20 | INTENT: focus=2 ratio=0.20
      [ASSIGN] white_usv4->black_usv5(机会锁定)
      [ASSIGN] white_usv8->black_usv12(机会锁定)
      [ASSIGN] white_usv5->black_usv7(机会锁定)
      [ASSIGN] white_usv2->black_usv5(机会锁定)
      [ASSIGN] white_usv1->black_usv5(机会锁定)
      [ASSIGN] white_usv7->black_usv16(机会锁定)
[t=7,439s] step=340 | MISSION=NORMAL_C | USV: 10/10 (avail=0 int=2 lock=8 frz=0) | UAV: air=10 rtb=0 chg=0 loiter=0 | TRACKS: vis=20 lost=0 engaged=4 | TOP: black_usv17(x186,511) black_usv15(x186,760) black_usv20(x187,332) | KILL=0 | ACTIONS=20 | INTENT: focus=2 ratio=0.20
      [ASSIGN] white_usv10->black_usv5(机会锁定)
      [ASSIGN] white_usv3->black_usv3(机会锁定)
      [ASSIGN] white_usv4->black_usv8(机会锁定)
      [ASSIGN] white_usv6->black_usv17(机会锁定)
      [ASSIGN] white_usv9->black_usv5(机会锁定)
      [ASSIGN] white_usv8->black_usv19(机会锁定)
      [ASSIGN] white_usv1->black_usv7(机会锁定)
      [ASSIGN] white_usv5->black_usv9(机会锁定)
      [ASSIGN] white_usv2->black_usv7(机会锁定)
      [ASSIGN] white_usv10->black_usv7(机会锁定)
[t=7,680s] step=350 | MISSION=NORMAL_C | USV: 10/10 (avail=0 int=6 lock=4 frz=0) | UAV: air=10 rtb=0 chg=0 loiter=0 | TRACKS: vis=20 lost=0 engaged=4 | TOP: black_usv15(x184,385) black_usv20(x184,953) black_usv4(x185,263) | KILL=2 | ACTIONS=20 | INTENT: focus=2 ratio=0.20
      [ASSIGN] white_usv9->black_usv3(机会锁定)
      [ASSIGN] white_usv7->black_usv15(机会锁定)
[t=7,954s] step=360 | MISSION=NORMAL_C | USV: 10/10 (avail=0 int=0 lock=10 frz=0) | UAV: air=10 rtb=0 chg=0 loiter=0 | TRACKS: vis=19 lost=1 engaged=7 | TOP: black_usv20(x182,254) black_usv12(x183,376) black_usv16(x183,107) | KILL=2 | ACTIONS=20 | INTENT: focus=2 ratio=0.20
      [ASSIGN] white_usv3->black_usv5(机会锁定)
      [ASSIGN] white_usv4->black_usv5(机会锁定)
      [ASSIGN] white_usv6->black_usv16(机会锁定)
      [ASSIGN] white_usv8->black_usv17(机会锁定)
      [ASSIGN] white_usv1->black_usv8(机会锁定)
      [ASSIGN] white_usv5->black_usv17(机会锁定)
      [ASSIGN] white_usv2->black_usv8(机会锁定)
      [ASSIGN] white_usv3->black_usv8(机会锁定)
      [ASSIGN] white_usv4->black_usv8(机会锁定)
      [ASSIGN] white_usv10->black_usv8(机会锁定)
      [ASSIGN] white_usv9->black_usv6(机会锁定)
      [ASSIGN] white_usv7->black_usv11(机会锁定)
[t=8,249s] step=370 | MISSION=NORMAL_C | USV: 10/10 (avail=0 int=0 lock=10 frz=0) | UAV: air=10 rtb=0 chg=0 loiter=0 | TRACKS: vis=19 lost=1 engaged=5 | TOP: black_usv20(x179,346) black_usv3(x180,618) black_usv4(x179,724) | KILL=4 | ACTIONS=20 | INTENT: focus=2 ratio=0.20
      [KILL] black_usv12
      [KILL] black_usv5
      [ASSIGN] white_usv6->black_usv9(机会锁定)
      [ASSIGN] white_usv8->black_usv16(机会锁定)
      [ASSIGN] white_usv1->black_usv7(机会锁定)
      [ASSIGN] white_usv5->black_usv16(机会锁定)
      [ASSIGN] white_usv2->black_usv7(机会锁定)
      [ASSIGN] white_usv3->black_usv7(机会锁定)
      [ASSIGN] white_usv4->black_usv7(机会锁定)
      [ASSIGN] white_usv10->black_usv7(机会锁定)
      [ASSIGN] white_usv1->black_usv8(机会锁定)
      [ASSIGN] white_usv2->black_usv8(机会锁定)
      [ASSIGN] white_usv3->black_usv3(机会锁定)
      [ASSIGN] white_usv4->black_usv8(机会锁定)
      [ASSIGN] white_usv10->black_usv8(机会锁定)
      [ASSIGN] white_usv1->black_usv7(机会锁定)
      [ASSIGN] white_usv2->black_usv7(机会锁定)
      [ASSIGN] white_usv3->black_usv7(机会锁定)
      [ASSIGN] white_usv4->black_usv7(机会锁定)
      [ASSIGN] white_usv10->black_usv7(机会锁定)
      [ASSIGN] white_usv1->black_usv14(机会锁定)
      [ASSIGN] white_usv2->black_usv8(机会锁定)
      [ASSIGN] white_usv3->black_usv8(机会锁定)
      [ASSIGN] white_usv4->black_usv8(机会锁定)
      [ASSIGN] white_usv7->black_usv14(机会锁定)
      [ASSIGN] white_usv9->black_usv3(机会锁定)
      [ASSIGN] white_usv10->black_usv8(机会锁定)
      [ASSIGN] white_usv2->black_usv7(机会锁定)
      [ASSIGN] white_usv3->black_usv7(机会锁定)
      [ASSIGN] white_usv4->black_usv7(机会锁定)
      [ASSIGN] white_usv9->black_usv6(机会锁定)
      [ASSIGN] white_usv10->black_usv7(机会锁定)
      [ASSIGN] white_usv2->black_usv3(机会锁定)
      [ASSIGN] white_usv3->black_usv8(机会锁定)
      [ASSIGN] white_usv4->black_usv8(机会锁定)
      [ASSIGN] white_usv10->black_usv8(机会锁定)
      [ASSIGN] white_usv2->black_usv7(机会锁定)
      [ASSIGN] white_usv3->black_usv7(机会锁定)
      [ASSIGN] white_usv4->black_usv7(机会锁定)
      [ASSIGN] white_usv10->black_usv7(机会锁定)
      [ASSIGN] white_usv2->black_usv3(机会锁定)
      [ASSIGN] white_usv3->black_usv8(机会锁定)
      [ASSIGN] white_usv4->black_usv8(机会锁定)
      [ASSIGN] white_usv10->black_usv19(机会锁定)
[t=8,560s] step=380 | MISSION=NORMAL_C | USV: 10/10 (avail=0 int=4 lock=6 frz=0) | UAV: air=10 rtb=0 chg=0 loiter=0 | TRACKS: vis=18 lost=0 engaged=4 | TOP: black_usv20(x176,279) black_usv4(x176,704) black_usv15(x178,688) | KILL=6 | ACTIONS=20 | INTENT: focus=2 ratio=0.20
      [KILL] black_usv3
      [RELEASE] white_usv2->black_usv3(目标失效)
      [ASSIGN] white_usv2->black_usv7(机会锁定)
      [ASSIGN] white_usv3->black_usv7(机会锁定)
      [ASSIGN] white_usv4->black_usv7(机会锁定)
      [KILL] black_usv7
      [RELEASE] white_usv2->black_usv7(目标失效)
      [ASSIGN] white_usv2->black_usv9(机会锁定)
      [RELEASE] white_usv3->black_usv7(目标失效)
      [ASSIGN] white_usv3->black_usv8(机会锁定)
      [RELEASE] white_usv4->black_usv7(目标失效)
      [ASSIGN] white_usv4->black_usv8(机会锁定)
      [ASSIGN] white_usv8->black_usv11(机会锁定)
      [ASSIGN] white_usv5->black_usv17(机会锁定)
      [ASSIGN] white_usv3->black_usv17(机会锁定)
      [ASSIGN] white_usv4->black_usv17(机会锁定)
      [ASSIGN] white_usv6->black_usv17(机会锁定)
      [ASSIGN] white_usv5->black_usv16(机会锁定)
      [ASSIGN] white_usv3->black_usv16(机会锁定)
      [ASSIGN] white_usv4->black_usv16(机会锁定)
      [ASSIGN] white_usv6->black_usv16(机会锁定)
      [ASSIGN] white_usv5->black_usv17(机会锁定)
      [ASSIGN] white_usv3->black_usv8(机会锁定)
      [ASSIGN] white_usv4->black_usv8(机会锁定)
      [ASSIGN] white_usv6->black_usv17(机会锁定)
      [ASSIGN] white_usv1->black_usv16(机会锁定)
      [ASSIGN] white_usv5->black_usv16(机会锁定)
      [ASSIGN] white_usv3->black_usv16(机会锁定)
      [ASSIGN] white_usv6->black_usv16(机会锁定)
      [ASSIGN] white_usv1->black_usv8(机会锁定)
      [ASSIGN] white_usv5->black_usv9(机会锁定)
      [ASSIGN] white_usv6->black_usv17(机会锁定)
      [ASSIGN] white_usv7->black_usv15(机会锁定)
      [ASSIGN] white_usv1->black_usv14(机会锁定)
      [ASSIGN] white_usv6->black_usv14(机会锁定)
      [ASSIGN] white_usv9->black_usv4(机会锁定)
      [ASSIGN] white_usv1->black_usv16(机会锁定)
      [ASSIGN] white_usv6->black_usv16(机会锁定)
      [ASSIGN] white_usv1->black_usv14(机会锁定)
      [ASSIGN] white_usv6->black_usv14(机会锁定)
[t=8,867s] step=390 | MISSION=NORMAL_C | USV: 8/10 (avail=0 int=2 lock=6 frz=0) | UAV: air=10 rtb=0 chg=0 loiter=0 | TRACKS: vis=16 lost=0 engaged=5 | TOP: black_usv20(x173,253) black_usv1(x174,995) black_usv6(x176,890) | KILL=8 | ACTIONS=18 | INTENT: focus=2 ratio=0.20
      [ASSIGN] white_usv1->black_usv16(机会锁定)
      [ASSIGN] white_usv6->black_usv16(机会锁定)
      [ASSIGN] white_usv10->black_usv16(机会锁定)
      [ASSIGN] white_usv1->black_usv19(机会锁定)
      [ASSIGN] white_usv6->black_usv14(机会锁定)
      [ASSIGN] white_usv10->black_usv19(机会锁定)
      [KILL] black_usv17
      [KILL] black_usv8
      [ASSIGN] white_usv5->black_usv16(机会锁定)
      [ASSIGN] white_usv2->black_usv16(机会锁定)
      [ASSIGN] white_usv6->black_usv16(机会锁定)
      [ASSIGN] white_usv8->black_usv14(机会锁定)
      [ASSIGN] white_usv5->black_usv9(机会锁定)
      [ASSIGN] white_usv2->black_usv9(机会锁定)
      [ASSIGN] white_usv6->black_usv14(机会锁定)
      [ASSIGN] white_usv8->black_usv16(机会锁定)
      [ASSIGN] white_usv5->black_usv16(机会锁定)
      [ASSIGN] white_usv2->black_usv16(机会锁定)
      [ASSIGN] white_usv6->black_usv16(机会锁定)
      [ASSIGN] white_usv8->black_usv14(机会锁定)
      [ASSIGN] white_usv5->black_usv9(机会锁定)
      [ASSIGN] white_usv2->black_usv9(机会锁定)
      [ASSIGN] white_usv6->black_usv14(机会锁定)
      [ASSIGN] white_usv8->black_usv11(机会锁定)
      [ASSIGN] white_usv5->black_usv16(机会锁定)
      [ASSIGN] white_usv2->black_usv16(机会锁定)
      [ASSIGN] white_usv6->black_usv16(机会锁定)
      [ASSIGN] white_usv5->black_usv9(机会锁定)
      [ASSIGN] white_usv2->black_usv9(机会锁定)
      [ASSIGN] white_usv6->black_usv14(机会锁定)
      [ASSIGN] white_usv7->black_usv14(机会锁定)
      [ASSIGN] white_usv5->black_usv16(机会锁定)
      [ASSIGN] white_usv2->black_usv16(机会锁定)
      [ASSIGN] white_usv6->black_usv16(机会锁定)
      [ASSIGN] white_usv7->black_usv15(机会锁定)
      [ASSIGN] white_usv5->black_usv9(机会锁定)
      [ASSIGN] white_usv2->black_usv9(机会锁定)
      [ASSIGN] white_usv6->black_usv14(机会锁定)
      [ASSIGN] white_usv7->black_usv14(机会锁定)
      [ASSIGN] white_usv9->black_usv6(机会锁定)
[t=9,156s] step=400 | MISSION=NORMAL_C | USV: 8/10 (avail=0 int=5 lock=3 frz=0) | UAV: air=10 rtb=0 chg=0 loiter=0 | TRACKS: vis=13 lost=1 engaged=2 | TOP: black_usv20(x170,400) black_usv1(x172,225) black_usv6(x174,087) | KILL=10 | ACTIONS=18 | INTENT: focus=2 ratio=0.20
      [ASSIGN] white_usv5->black_usv16(机会锁定)
      [ASSIGN] white_usv2->black_usv16(机会锁定)
      [ASSIGN] white_usv7->black_usv15(机会锁定)
      [ASSIGN] white_usv5->black_usv9(机会锁定)
      [ASSIGN] white_usv2->black_usv9(机会锁定)
      [ASSIGN] white_usv7->black_usv13(机会锁定)
      [ASSIGN] white_usv10->black_usv9(机会锁定)
      [KILL] black_usv16
      [ASSIGN] white_usv5->black_usv19(机会锁定)
      [ASSIGN] white_usv2->black_usv19(机会锁定)
      [ASSIGN] white_usv10->black_usv19(机会锁定)
      [ASSIGN] white_usv5->black_usv9(机会锁定)
      [ASSIGN] white_usv2->black_usv9(机会锁定)
      [ASSIGN] white_usv10->black_usv9(机会锁定)
      [ASSIGN] white_usv5->black_usv19(机会锁定)
      [ASSIGN] white_usv2->black_usv19(机会锁定)
      [ASSIGN] white_usv10->black_usv19(机会锁定)
      [KILL] black_usv14
      [ASSIGN] white_usv5->black_usv9(机会锁定)
      [ASSIGN] white_usv2->black_usv9(机会锁定)
      [ASSIGN] white_usv10->black_usv9(机会锁定)
      [ASSIGN] white_usv5->black_usv19(机会锁定)
      [ASSIGN] white_usv10->black_usv19(机会锁定)
      [ASSIGN] white_usv10->black_usv6(机会锁定)
[t=9,473s] step=410 | MISSION=NORMAL_C | USV: 3/10 (avail=0 int=0 lock=3 frz=0) | UAV: air=10 rtb=0 chg=0 loiter=0 | TRACKS: vis=12 lost=0 engaged=2 | TOP: black_usv20(x167,278) black_usv1(x169,187) black_usv4(x170,751) | KILL=11 | ACTIONS=13 | INTENT: focus=2 ratio=0.20
      [ASSIGN] white_usv9->black_usv10(机会锁定)
      [KILL] black_usv9
      [ASSIGN] white_usv7->black_usv11(机会锁定)
      [KILL] black_usv15
      [ASSIGN] white_usv10->black_usv18(机会锁定)
      [ASSIGN] white_usv9->black_usv6(机会锁定)
[t=9,816s] step=420 | MISSION=NORMAL_C | USV: 3/10 (avail=0 int=1 lock=2 frz=0) | UAV: air=10 rtb=0 chg=0 loiter=0 | TRACKS: vis=9 lost=1 engaged=2 | TOP: black_usv20(x163,896) black_usv1(x165,899) black_usv4(x167,414) | KILL=12 | ACTIONS=13 | INTENT: focus=2 ratio=0.20
      [KILL] black_usv19
      [ASSIGN] white_usv9->black_usv4(机会锁定)
      [ASSIGN] white_usv7->black_usv13(机会锁定)
      [ASSIGN] white_usv10->black_usv6(机会锁定)
[t=10,123s] step=430 | MISSION=NORMAL_C | USV: 2/10 (avail=0 int=1 lock=1 frz=0) | UAV: air=10 rtb=0 chg=0 loiter=0 | TRACKS: vis=9 lost=0 engaged=1 | TOP: black_usv20(x160,869) black_usv1(x162,957) black_usv4(x164,428) | KILL=13 | ACTIONS=12 | INTENT: focus=2 ratio=0.20
      [ASSIGN] white_usv10->black_usv18(机会锁定)
      [ASSIGN] white_usv7->black_usv11(机会锁定)
      [ASSIGN] white_usv7->black_usv13(机会锁定)
      [ASSIGN] white_usv7->black_usv11(机会锁定)
      [ASSIGN] white_usv7->black_usv13(机会锁定)
      [KILL] black_usv6
      [ASSIGN] white_usv7->black_usv11(机会锁定)
      [ASSIGN] white_usv7->black_usv13(机会锁定)
      [ASSIGN] white_usv7->black_usv11(机会锁定)
      [ASSIGN] white_usv10->black_usv10(机会锁定)
      [KILL] black_usv11
      [RELEASE] white_usv7->black_usv11(目标失效)
      [ASSIGN] white_usv7->black_usv13(机会锁定)
[t=10,544s] step=440 | MISSION=NORMAL_C | USV: 2/10 (avail=0 int=1 lock=1 frz=0) | UAV: air=10 rtb=0 chg=0 loiter=0 | TRACKS: vis=6 lost=1 engaged=1 | TOP: black_usv20(x156,718) black_usv1(x158,922) black_usv4(x164,029) | KILL=15 | ACTIONS=12 | INTENT: focus=2 ratio=0.20
      [ASSIGN] white_usv7->black_usv18(机会锁定)
      [KILL] black_usv4
      [ASSIGN] white_usv10->black_usv13(机会锁定)
[t=10,824s] step=450 | MISSION=NORMAL_C | USV: 2/10 (avail=0 int=1 lock=1 frz=0) | UAV: air=10 rtb=0 chg=0 loiter=0 | TRACKS: vis=5 lost=1 engaged=1 | TOP: black_usv20(x153,958) black_usv1(x156,238) black_usv2(x164,349) | KILL=16 | ACTIONS=12 | INTENT: focus=2 ratio=0.20
      [KILL] black_usv13
      [RELEASE] white_usv10->black_usv13(目标失效)
      [ASSIGN] white_usv10->black_usv10(机会锁定)
      [ASSIGN] white_usv10->black_usv18(机会锁定)
      [ASSIGN] white_usv10->black_usv10(机会锁定)
[t=11,276s] step=460 | MISSION=NORMAL_C | USV: 0/10 (avail=0 int=0 lock=0 frz=0) | UAV: air=10 rtb=0 chg=0 loiter=0 | TRACKS: vis=4 lost=1 engaged=0 | TOP: black_usv20(x149,501) black_usv1(x151,906) black_usv10(x163,174) | KILL=17 | ACTIONS=10 | INTENT: focus=2 ratio=0.20
      [KILL] black_usv10
      [KILL] black_usv18
[t=11,649s] step=470 | MISSION=NORMAL_C | USV: 0/10 (avail=0 int=0 lock=0 frz=0) | UAV: air=10 rtb=0 chg=0 loiter=0 | TRACKS: vis=0 lost=2 engaged=0 | TOP: black_usv1(x148,331) black_usv2(x156,112) | KILL=17 | ACTIONS=10 | INTENT: focus=2 ratio=0.20
      [DETECT] black_usv20
[t=12,137s] step=480 | MISSION=NORMAL_C | USV: 0/10 (avail=0 int=0 lock=0 frz=0) | UAV: air=10 rtb=0 chg=0 loiter=0 | TRACKS: vis=2 lost=1 engaged=0 | TOP: black_usv20(x141,012) black_usv1(x143,653) black_usv2(x151,240) | KILL=17 | ACTIONS=10 | INTENT: focus=2 ratio=0.20
[t=12,474s] step=490 | MISSION=NORMAL_C | USV: 0/10 (avail=0 int=0 lock=0 frz=0) | UAV: air=10 rtb=0 chg=0 loiter=0 | TRACKS: vis=3 lost=0 engaged=0 | TOP: black_usv20(x137,689) black_usv1(x140,423) black_usv2(x147,875) | KILL=17 | ACTIONS=10 | INTENT: focus=2 ratio=0.20
[t=12,988s] step=500 | MISSION=NORMAL_C | USV: 0/10 (avail=0 int=0 lock=0 frz=0) | UAV: air=10 rtb=0 chg=0 loiter=0 | TRACKS: vis=3 lost=0 engaged=0 | TOP: black_usv20(x132,622) black_usv1(x135,497) black_usv2(x142,743) | KILL=17 | ACTIONS=10 | INTENT: focus=2 ratio=0.20
[t=13,388s] step=510 | MISSION=NORMAL_C | USV: 0/10 (avail=0 int=0 lock=0 frz=0) | UAV: air=10 rtb=0 chg=0 loiter=0 | TRACKS: vis=3 lost=0 engaged=0 | TOP: black_usv20(x128,678) black_usv1(x131,663) black_usv2(x138,750) | KILL=17 | ACTIONS=10 | INTENT: focus=2 ratio=0.20
[t=13,883s] step=520 | MISSION=NORMAL_C | USV: 0/10 (avail=0 int=0 lock=0 frz=0) | UAV: air=10 rtb=0 chg=0 loiter=0 | TRACKS: vis=2 lost=1 engaged=0 | TOP: black_usv20(x123,797) black_usv1(x126,919) black_usv2(x133,807) | KILL=17 | ACTIONS=10 | INTENT: focus=2 ratio=0.20
[t=14,301s] step=530 | MISSION=NORMAL_C | USV: 0/10 (avail=0 int=0 lock=0 frz=0) | UAV: air=10 rtb=0 chg=0 loiter=0 | TRACKS: vis=3 lost=0 engaged=0 | TOP: black_usv20(x119,676) black_usv1(x122,912) black_usv2(x129,634) | KILL=17 | ACTIONS=10 | INTENT: focus=2 ratio=0.20
[t=14,775s] step=540 | MISSION=NORMAL_C | USV: 0/10 (avail=0 int=0 lock=0 frz=0) | UAV: air=10 rtb=0 chg=0 loiter=0 | TRACKS: vis=2 lost=1 engaged=0 | TOP: black_usv20(x115,003) black_usv1(x118,369) black_usv2(x124,902) | KILL=17 | ACTIONS=10 | INTENT: focus=2 ratio=0.20
[t=15,240s] step=550 | MISSION=NORMAL_C | USV: 0/10 (avail=0 int=0 lock=0 frz=0) | UAV: air=10 rtb=0 chg=0 loiter=0 | TRACKS: vis=2 lost=1 engaged=0 | TOP: black_usv20(x110,389) black_usv1(x113,913) black_usv2(x120,252) | KILL=17 | ACTIONS=10 | INTENT: focus=2 ratio=0.20
      [DETECT] black_usv20
[t=15,731s] step=560 | MISSION=NORMAL_C | USV: 0/10 (avail=0 int=0 lock=0 frz=0) | UAV: air=10 rtb=0 chg=0 loiter=0 | TRACKS: vis=3 lost=0 engaged=0 | TOP: black_usv20(x105,516) black_usv1(x109,207) black_usv2(x115,342) | KILL=17 | ACTIONS=10 | INTENT: focus=2 ratio=0.20
[t=16,212s] step=570 | MISSION=NORMAL_C | USV: 0/10 (avail=0 int=0 lock=0 frz=0) | UAV: air=10 rtb=0 chg=0 loiter=0 | TRACKS: vis=2 lost=0 engaged=0 | TOP: black_usv1(x104,596) black_usv2(x110,532) | KILL=17 | ACTIONS=10 | INTENT: focus=2 ratio=0.20
      [DETECT] black_usv20
[t=16,707s] step=580 | MISSION=NORMAL_C | USV: 0/10 (avail=0 int=0 lock=0 frz=0) | UAV: air=10 rtb=0 chg=0 loiter=0 | TRACKS: vis=3 lost=0 engaged=0 | TOP: black_usv20(x95,829) black_usv1(x99,852) black_usv2(x105,583) | KILL=17 | ACTIONS=10 | INTENT: focus=2 ratio=0.20
[t=17,191s] step=590 | MISSION=NORMAL_C | USV: 0/10 (avail=0 int=0 lock=0 frz=0) | UAV: air=10 rtb=0 chg=0 loiter=0 | TRACKS: vis=3 lost=0 engaged=0 | TOP: black_usv20(x91,025) black_usv1(x95,213) black_usv2(x100,743) | KILL=17 | ACTIONS=10 | INTENT: focus=2 ratio=0.20
[t=17,614s] step=600 | MISSION=NORMAL_C | USV: 0/10 (avail=0 int=0 lock=0 frz=0) | UAV: air=10 rtb=0 chg=0 loiter=0 | TRACKS: vis=2 lost=1 engaged=0 | TOP: black_usv20(x86,827) black_usv1(x91,159) black_usv2(x96,513) | KILL=17 | ACTIONS=10 | INTENT: focus=2 ratio=0.20
[t=18,092s] step=610 | MISSION=NORMAL_C | USV: 0/10 (avail=0 int=0 lock=0 frz=0) | UAV: air=10 rtb=0 chg=0 loiter=0 | TRACKS: vis=2 lost=1 engaged=0 | TOP: black_usv20(x82,082) black_usv1(x86,574) black_usv2(x91,730) | KILL=17 | ACTIONS=10 | INTENT: focus=2 ratio=0.20
[t=18,485s] step=620 | MISSION=NORMAL_C | USV: 0/10 (avail=0 int=0 lock=0 frz=0) | UAV: air=10 rtb=0 chg=0 loiter=0 | TRACKS: vis=2 lost=1 engaged=0 | TOP: black_usv20(x78,182) black_usv1(x82,811) black_usv2(x87,804) | KILL=17 | ACTIONS=10 | INTENT: focus=2 ratio=0.20
[t=19,026s] step=630 | MISSION=NORMAL_C | USV: 0/10 (avail=0 int=0 lock=0 frz=0) | UAV: air=10 rtb=0 chg=0 loiter=0 | TRACKS: vis=1 lost=2 engaged=0 | TOP: black_usv20(x72,812) black_usv1(x77,625) black_usv2(x82,394) | KILL=17 | ACTIONS=10 | INTENT: focus=2 ratio=0.20
[t=19,437s] step=640 | MISSION=NORMAL_C | USV: 0/10 (avail=0 int=0 lock=0 frz=0) | UAV: air=10 rtb=0 chg=0 loiter=0 | TRACKS: vis=2 lost=1 engaged=0 | TOP: black_usv20(x68,733) black_usv1(x73,679) black_usv2(x78,285) | KILL=17 | ACTIONS=10 | INTENT: focus=2 ratio=0.20
[t=19,944s] step=650 | MISSION=NORMAL_C | USV: 0/10 (avail=0 int=0 lock=0 frz=0) | UAV: air=10 rtb=0 chg=0 loiter=0 | TRACKS: vis=1 lost=2 engaged=0 | TOP: black_usv20(x63,701) black_usv1(x68,827) black_usv2(x73,215) | KILL=17 | ACTIONS=10 | INTENT: focus=2 ratio=0.20
[t=20,433s] step=660 | MISSION=NORMAL_C | USV: 0/10 (avail=0 int=0 lock=0 frz=0) | UAV: air=10 rtb=0 chg=0 loiter=0 | TRACKS: vis=2 lost=0 engaged=0 | TOP: black_usv20(x58,850) black_usv2(x68,327) | KILL=17 | ACTIONS=10 | INTENT: focus=2 ratio=0.20
[t=20,896s] step=670 | MISSION=NORMAL_C | USV: 0/10 (avail=0 int=0 lock=0 frz=0) | UAV: air=10 rtb=0 chg=0 loiter=0 | TRACKS: vis=1 lost=1 engaged=0 | TOP: black_usv20(x54,252) black_usv2(x63,696) | KILL=17 | ACTIONS=10 | INTENT: focus=2 ratio=0.20

========================================================================
对局结果: Result.Defeat — 敌方1艘艇突破防线
  击杀蓝舰: 18 | 命中: 34 | 我方USV损失: 10 | UAV损失: 0 | 突破: 1
[META] result=Result.Defeat victory_time=21839 first_detection=1856 first_lock=7370 first_kill=8277 enemy_kills=18 friendly_usv_losses=10 friendly_uav_losses=0 black_breakthrough=1 reacquire_attempts=100 reacquire_success=98 sensor_assisted_locks=66 low_conf_commitments=0 global_reacquire_entries=0 global_reacquire_success=0 coverage_collapse_events=1 active_clusters_max=1 coverage_quality_final=0.24 commander_source=default_intent commander_calls=0 commander_changes=0 commander_no_change=0 commander_parse_failures=0 commander_api_failures=0 commander_policy_failures=0 commander_avg_latency=0.0
Done
