========================================================================
HYBRID AGENT V5 — Variable-Cardinality Hierarchical Maritime Agent
  启用UAV: True | LLM_ENABLED: False
========================================================================
对局 54 开始
      [UAV RELAUNCH] white_uav5
      [UAV RELAUNCH] white_uav8
      [UAV RELAUNCH] white_uav11
      [UAV RELAUNCH] white_uav14
      [UAV RELAUNCH] white_uav4
      [UAV RELAUNCH] white_uav7
      [UAV RELAUNCH] white_uav10
      [UAV RELAUNCH] white_uav13
      [UAV RELAUNCH] white_uav3
      [UAV RELAUNCH] white_uav1
      [UAV RELAUNCH] white_uav2
      [UAV RELAUNCH] white_uav6
      [UAV RELAUNCH] white_uav9
      [UAV RELAUNCH] white_uav12
      [UAV RELAUNCH] white_uav15
[t=279s] step=10 | MISSION=NORMAL_C | USV: 15/15 (avail=15 int=0 lock=0 frz=0) | UAV: air=15 rtb=0 chg=0 loiter=0 | TRACKS: vis=0 lost=0 engaged=0 | TOP:  | KILL=0 | ACTIONS=30 | INTENT: focus=2 ratio=0.20
  [INTENT APPLIED]
    ThreatAllocator: focus 2 emergency 3 reserve_ratio 0.20 reserve_usvs None bias breakthrough_eta
    UAVManager: mode search_and_reacquire uav_priority []
[t=611s] step=20 | MISSION=NORMAL_C | USV: 15/15 (avail=15 int=0 lock=0 frz=0) | UAV: air=15 rtb=0 chg=0 loiter=0 | TRACKS: vis=0 lost=0 engaged=0 | TOP:  | KILL=0 | ACTIONS=30 | INTENT: focus=2 ratio=0.20
[t=951s] step=30 | MISSION=NORMAL_C | USV: 15/15 (avail=15 int=0 lock=0 frz=0) | UAV: air=15 rtb=0 chg=0 loiter=0 | TRACKS: vis=0 lost=0 engaged=0 | TOP:  | KILL=0 | ACTIONS=30 | INTENT: focus=2 ratio=0.20
[t=1,287s] step=40 | MISSION=NORMAL_C | USV: 15/15 (avail=15 int=0 lock=0 frz=0) | UAV: air=15 rtb=0 chg=0 loiter=0 | TRACKS: vis=0 lost=0 engaged=0 | TOP:  | KILL=0 | ACTIONS=30 | INTENT: focus=2 ratio=0.20
[t=1,622s] step=50 | MISSION=NORMAL_C | USV: 15/15 (avail=15 int=0 lock=0 frz=0) | UAV: air=15 rtb=0 chg=0 loiter=0 | TRACKS: vis=0 lost=0 engaged=0 | TOP:  | KILL=0 | ACTIONS=30 | INTENT: focus=2 ratio=0.20
      [DETECT] black_usv23
      [DETECT] black_usv7
      [DETECT] black_usv17
      [DETECT] black_usv16
      [DETECT] black_usv20
      [DETECT] black_usv9
      [DETECT] black_usv13
      [DETECT] black_usv14
      [DETECT] black_usv12
      [DETECT] black_usv11
      [DETECT] black_usv5
      [DETECT] black_usv19
      [DETECT] black_usv18
      [DETECT] black_usv22
      [DETECT] black_usv10
      [DETECT] black_usv6
      [DETECT] black_usv21
      [DETECT] black_usv26
      [DETECT] black_usv15
      [DETECT] black_usv25
      [DETECT] black_usv8
      [ASSIGN] white_usv2->black_usv18
      [ASSIGN] white_usv5->black_usv12
      [ASSIGN] white_usv8->black_usv16
      [ASSIGN] white_usv11->black_usv23
      [ASSIGN] white_usv14->black_usv25
      [ASSIGN] white_usv1->black_usv22
      [ASSIGN] white_usv4->black_usv6
      [ASSIGN] white_usv3->black_usv17
      [ASSIGN] white_usv6->black_usv7
      [ASSIGN] white_usv7->black_usv13
      [ASSIGN] white_usv9->black_usv26
      [ASSIGN] white_usv10->black_usv19
      [DETECT] black_usv4
      [DETECT] black_usv27
      [DETECT] black_usv28
      [DETECT] black_usv1
      [DETECT] black_usv30
      [DETECT] black_usv24
      [DETECT] black_usv2
      [DETECT] black_usv3
      [DETECT] black_usv29
      [ASSIGN] white_usv15->black_usv4
      [ASSIGN] white_usv13->black_usv3
      [ASSIGN] white_usv12->black_usv28
[t=1,967s] step=60 | MISSION=NORMAL_C | USV: 15/15 (avail=0 int=15 lock=0 frz=0) | UAV: air=15 rtb=0 chg=0 loiter=0 | TRACKS: vis=30 lost=0 engaged=0 | TOP: black_usv1(x240,660) black_usv29(x240,691) black_usv27(x240,850) | KILL=0 | ACTIONS=30 | INTENT: focus=2 ratio=0.20
[t=2,313s] step=70 | MISSION=NORMAL_C | USV: 15/15 (avail=0 int=15 lock=0 frz=0) | UAV: air=15 rtb=0 chg=0 loiter=0 | TRACKS: vis=30 lost=0 engaged=0 | TOP: black_usv1(x237,261) black_usv29(x237,298) black_usv27(x237,485) | KILL=0 | ACTIONS=30 | INTENT: focus=2 ratio=0.20
[t=2,669s] step=80 | MISSION=NORMAL_C | USV: 15/15 (avail=0 int=15 lock=0 frz=0) | UAV: air=15 rtb=0 chg=0 loiter=0 | TRACKS: vis=30 lost=0 engaged=0 | TOP: black_usv1(x233,764) black_usv29(x233,806) black_usv27(x234,023) | KILL=0 | ACTIONS=30 | INTENT: focus=2 ratio=0.20
[t=3,026s] step=90 | MISSION=NORMAL_C | USV: 15/15 (avail=0 int=15 lock=0 frz=0) | UAV: air=15 rtb=0 chg=0 loiter=0 | TRACKS: vis=30 lost=0 engaged=0 | TOP: black_usv1(x230,258) black_usv29(x230,305) black_usv27(x230,551) | KILL=0 | ACTIONS=30 | INTENT: focus=2 ratio=0.20
[t=3,365s] step=100 | MISSION=NORMAL_C | USV: 15/15 (avail=0 int=15 lock=0 frz=0) | UAV: air=15 rtb=0 chg=0 loiter=0 | TRACKS: vis=30 lost=0 engaged=0 | TOP: black_usv1(x226,928) black_usv29(x226,981) black_usv27(x227,254) | KILL=0 | ACTIONS=30 | INTENT: focus=2 ratio=0.20
[t=3,723s] step=110 | MISSION=NORMAL_C | USV: 15/15 (avail=0 int=15 lock=0 frz=0) | UAV: air=15 rtb=0 chg=0 loiter=0 | TRACKS: vis=30 lost=0 engaged=0 | TOP: black_usv1(x223,411) black_usv29(x223,470) black_usv27(x223,772) | KILL=0 | ACTIONS=30 | INTENT: focus=2 ratio=0.20
[t=4,067s] step=120 | MISSION=NORMAL_C | USV: 15/15 (avail=0 int=15 lock=0 frz=0) | UAV: air=15 rtb=0 chg=0 loiter=0 | TRACKS: vis=30 lost=0 engaged=0 | TOP: black_usv1(x220,032) black_usv29(x220,097) black_usv27(x220,427) | KILL=0 | ACTIONS=30 | INTENT: focus=2 ratio=0.20
[t=4,419s] step=130 | MISSION=NORMAL_C | USV: 15/15 (avail=0 int=15 lock=0 frz=0) | UAV: air=15 rtb=0 chg=0 loiter=0 | TRACKS: vis=30 lost=0 engaged=0 | TOP: black_usv1(x216,575) black_usv29(x216,645) black_usv27(x217,003) | KILL=0 | ACTIONS=30 | INTENT: focus=2 ratio=0.20
[t=4,774s] step=140 | MISSION=NORMAL_C | USV: 15/15 (avail=0 int=15 lock=0 frz=0) | UAV: air=15 rtb=0 chg=0 loiter=0 | TRACKS: vis=29 lost=1 engaged=0 | TOP: black_usv1(x213,088) black_usv29(x213,163) black_usv27(x213,550) | KILL=0 | ACTIONS=30 | INTENT: focus=2 ratio=0.20
[t=5,108s] step=150 | MISSION=NORMAL_C | USV: 15/15 (avail=0 int=15 lock=0 frz=0) | UAV: air=15 rtb=0 chg=0 loiter=0 | TRACKS: vis=30 lost=0 engaged=0 | TOP: black_usv1(x209,807) black_usv29(x209,888) black_usv27(x210,302) | KILL=0 | ACTIONS=30 | INTENT: focus=2 ratio=0.20
[t=5,442s] step=160 | MISSION=NORMAL_C | USV: 15/15 (avail=0 int=15 lock=0 frz=0) | UAV: air=15 rtb=0 chg=0 loiter=0 | TRACKS: vis=30 lost=0 engaged=0 | TOP: black_usv1(x206,517) black_usv29(x206,604) black_usv8(x208,065) | KILL=0 | ACTIONS=30 | INTENT: focus=2 ratio=0.20
[t=5,782s] step=170 | MISSION=NORMAL_C | USV: 15/15 (avail=0 int=15 lock=0 frz=0) | UAV: air=15 rtb=0 chg=0 loiter=0 | TRACKS: vis=30 lost=0 engaged=0 | TOP: black_usv1(x203,177) black_usv29(x203,269) black_usv8(x204,680) | KILL=0 | ACTIONS=30 | INTENT: focus=2 ratio=0.20
[t=6,112s] step=180 | MISSION=NORMAL_C | USV: 15/15 (avail=0 int=15 lock=0 frz=0) | UAV: air=15 rtb=0 chg=0 loiter=0 | TRACKS: vis=29 lost=1 engaged=0 | TOP: black_usv1(x199,938) black_usv29(x200,035) black_usv8(x201,398) | KILL=0 | ACTIONS=30 | INTENT: focus=2 ratio=0.20
[t=6,442s] step=190 | MISSION=NORMAL_C | USV: 15/15 (avail=0 int=15 lock=0 frz=0) | UAV: air=15 rtb=0 chg=0 loiter=0 | TRACKS: vis=28 lost=2 engaged=0 | TOP: black_usv1(x196,704) black_usv29(x196,806) black_usv8(x198,122) | KILL=0 | ACTIONS=30 | INTENT: focus=2 ratio=0.20
[t=6,790s] step=200 | MISSION=NORMAL_C | USV: 15/15 (avail=0 int=15 lock=0 frz=0) | UAV: air=15 rtb=0 chg=0 loiter=0 | TRACKS: vis=28 lost=2 engaged=0 | TOP: black_usv1(x193,286) black_usv29(x193,393) black_usv8(x194,659) | KILL=0 | ACTIONS=30 | INTENT: focus=2 ratio=0.20
[t=7,137s] step=210 | MISSION=NORMAL_C | USV: 15/15 (avail=0 int=15 lock=0 frz=0) | UAV: air=15 rtb=0 chg=0 loiter=0 | TRACKS: vis=30 lost=0 engaged=0 | TOP: black_usv1(x189,878) black_usv29(x189,990) black_usv8(x191,206) | KILL=0 | ACTIONS=30 | INTENT: focus=2 ratio=0.20
      [ASSIGN] white_usv5->black_usv13(机会锁定)
      [ASSIGN] white_usv6->black_usv13(机会锁定)
      [ASSIGN] white_usv2->black_usv12(机会锁定)
      [ASSIGN] white_usv11->black_usv25(机会锁定)
      [ASSIGN] white_usv4->black_usv12(机会锁定)
      [ASSIGN] white_usv3->black_usv12(机会锁定)
      [ASSIGN] white_usv9->black_usv25(机会锁定)
      [ASSIGN] white_usv12->black_usv25(机会锁定)
      [ASSIGN] white_usv1->black_usv16(机会锁定)
[t=7,501s] step=220 | MISSION=NORMAL_C | USV: 15/15 (avail=0 int=2 lock=13 frz=0) | UAV: air=15 rtb=0 chg=0 loiter=0 | TRACKS: vis=30 lost=0 engaged=5 | TOP: black_usv28(x185,268) black_usv26(x185,365) black_usv18(x185,983) | KILL=0 | ACTIONS=30 | INTENT: focus=2 ratio=0.20
      [ASSIGN] white_usv13->black_usv13(机会锁定)
      [ASSIGN] white_usv15->black_usv16(机会锁定)
      [ASSIGN] white_usv5->black_usv18(机会锁定)
      [ASSIGN] white_usv8->black_usv18(机会锁定)
      [ASSIGN] white_usv14->black_usv23(机会锁定)
      [ASSIGN] white_usv6->black_usv18(机会锁定)
      [ASSIGN] white_usv7->black_usv18(机会锁定)
      [ASSIGN] white_usv10->black_usv29(机会锁定)
      [ASSIGN] white_usv13->black_usv18(机会锁定)
      [ASSIGN] white_usv2->black_usv13(机会锁定)
      [ASSIGN] white_usv11->black_usv26(机会锁定)
      [ASSIGN] white_usv4->black_usv3(机会锁定)
      [ASSIGN] white_usv3->black_usv13(机会锁定)
      [ASSIGN] white_usv9->black_usv26(机会锁定)
      [ASSIGN] white_usv12->black_usv26(机会锁定)
      [ASSIGN] white_usv2->black_usv12(机会锁定)
      [ASSIGN] white_usv3->black_usv12(机会锁定)
      [ASSIGN] white_usv2->black_usv13(机会锁定)
      [ASSIGN] white_usv1->black_usv13(机会锁定)
      [ASSIGN] white_usv3->black_usv13(机会锁定)
      [ASSIGN] white_usv2->black_usv12(机会锁定)
      [ASSIGN] white_usv1->black_usv19(机会锁定)
      [ASSIGN] white_usv3->black_usv12(机会锁定)
      [ASSIGN] white_usv2->black_usv13(机会锁定)
      [ASSIGN] white_usv3->black_usv13(机会锁定)
[t=7,879s] step=230 | MISSION=NORMAL_C | USV: 15/15 (avail=0 int=2 lock=13 frz=0) | UAV: air=15 rtb=0 chg=0 loiter=0 | TRACKS: vis=29 lost=1 engaged=7 | TOP: black_usv28(x181,503) black_usv1(x182,512) black_usv13(x183,418) | KILL=3 | ACTIONS=30 | INTENT: focus=2 ratio=0.20
      [ASSIGN] white_usv2->black_usv20(机会锁定)
      [ASSIGN] white_usv3->black_usv12(机会锁定)
      [ASSIGN] white_usv3->black_usv17(机会锁定)
      [ASSIGN] white_usv15->black_usv13(机会锁定)
      [ASSIGN] white_usv15->black_usv16(机会锁定)
      [ASSIGN] white_usv15->black_usv13(机会锁定)
      [ASSIGN] white_usv5->black_usv21(机会锁定)
      [ASSIGN] white_usv8->black_usv16(机会锁定)
      [ASSIGN] white_usv14->black_usv28(机会锁定)
      [ASSIGN] white_usv6->black_usv16(机会锁定)
      [ASSIGN] white_usv7->black_usv16(机会锁定)
      [ASSIGN] white_usv10->black_usv8(机会锁定)
      [ASSIGN] white_usv15->black_usv16(机会锁定)
      [ASSIGN] white_usv13->black_usv21(机会锁定)
      [ASSIGN] white_usv8->black_usv18(机会锁定)
      [ASSIGN] white_usv11->black_usv23(机会锁定)
      [ASSIGN] white_usv4->black_usv4(机会锁定)
      [ASSIGN] white_usv6->black_usv18(机会锁定)
      [ASSIGN] white_usv7->black_usv18(机会锁定)
      [ASSIGN] white_usv9->black_usv23(机会锁定)
      [ASSIGN] white_usv15->black_usv18(机会锁定)
      [ASSIGN] white_usv12->black_usv23(机会锁定)
      [ASSIGN] white_usv8->black_usv16(机会锁定)
      [ASSIGN] white_usv6->black_usv11(机会锁定)
      [ASSIGN] white_usv7->black_usv11(机会锁定)
      [ASSIGN] white_usv15->black_usv11(机会锁定)
      [ASSIGN] white_usv8->black_usv18(机会锁定)
      [ASSIGN] white_usv8->black_usv16(机会锁定)
      [ASSIGN] white_usv1->black_usv2(机会锁定)
      [ASSIGN] white_usv2->black_usv18(机会锁定)
      [ASSIGN] white_usv8->black_usv18(机会锁定)
[t=8,226s] step=240 | MISSION=NORMAL_C | USV: 14/15 (avail=0 int=2 lock=12 frz=0) | UAV: air=15 rtb=0 chg=0 loiter=0 | TRACKS: vis=30 lost=0 engaged=7 | TOP: black_usv1(x179,043) black_usv3(x179,726) black_usv26(x180,055) | KILL=7 | ACTIONS=29 | INTENT: focus=2 ratio=0.20
      [ASSIGN] white_usv2->black_usv20(机会锁定)
      [ASSIGN] white_usv8->black_usv10(机会锁定)
      [KILL] black_usv13
      [KILL] black_usv25
      [KILL] black_usv12
      [ASSIGN] white_usv5->black_usv17(机会锁定)
      [ASSIGN] white_usv8->black_usv18(机会锁定)
      [ASSIGN] white_usv14->black_usv26(机会锁定)
      [ASSIGN] white_usv10->black_usv14(机会锁定)
      [ASSIGN] white_usv13->black_usv17(机会锁定)
      [ASSIGN] white_usv8->black_usv8(机会锁定)
      [ASSIGN] white_usv11->black_usv28(机会锁定)
      [ASSIGN] white_usv14->black_usv28(机会锁定)
      [ASSIGN] white_usv4->black_usv3(机会锁定)
      [ASSIGN] white_usv9->black_usv28(机会锁定)
      [ASSIGN] white_usv12->black_usv28(机会锁定)
      [KILL] black_usv16
      [ASSIGN] white_usv6->black_usv10(机会锁定)
      [ASSIGN] white_usv7->black_usv10(机会锁定)
      [ASSIGN] white_usv1->black_usv11(机会锁定)
      [ASSIGN] white_usv1->black_usv2(机会锁定)
[t=8,533s] step=250 | MISSION=NORMAL_C | USV: 13/15 (avail=0 int=1 lock=12 frz=0) | UAV: air=15 rtb=0 chg=0 loiter=0 | TRACKS: vis=26 lost=0 engaged=7 | TOP: black_usv1(x175,972) black_usv2(x179,090) black_usv26(x180,055) | KILL=10 | ACTIONS=28 | INTENT: focus=2 ratio=0.20
      [ASSIGN] white_usv2->black_usv11(机会锁定)
      [ASSIGN] white_usv2->black_usv20(机会锁定)
      [KILL] black_usv18
      [ASSIGN] white_usv2->black_usv11(机会锁定)
      [ASSIGN] white_usv2->black_usv20(机会锁定)
      [KILL] black_usv26
      [ASSIGN] white_usv2->black_usv11(机会锁定)
      [ASSIGN] white_usv5->black_usv11(机会锁定)
      [ASSIGN] white_usv10->black_usv29(机会锁定)
      [ASSIGN] white_usv13->black_usv11(机会锁定)
      [ASSIGN] white_usv2->black_usv17(机会锁定)
      [ASSIGN] white_usv5->black_usv17(机会锁定)
      [ASSIGN] white_usv8->black_usv14(机会锁定)
      [ASSIGN] white_usv13->black_usv17(机会锁定)
      [ASSIGN] white_usv2->black_usv8(机会锁定)
      [ASSIGN] white_usv5->black_usv8(机会锁定)
      [ASSIGN] white_usv11->black_usv8(机会锁定)
      [ASSIGN] white_usv14->black_usv23(机会锁定)
      [ASSIGN] white_usv4->black_usv6(机会锁定)
      [ASSIGN] white_usv6->black_usv8(机会锁定)
      [ASSIGN] white_usv7->black_usv8(机会锁定)
      [ASSIGN] white_usv9->black_usv8(机会锁定)
      [ASSIGN] white_usv13->black_usv8(机会锁定)
      [ASSIGN] white_usv12->black_usv14(机会锁定)
      [KILL] black_usv19
      [ASSIGN] white_usv14->black_usv28(机会锁定)
[t=8,830s] step=260 | MISSION=NORMAL_C | USV: 13/15 (avail=0 int=1 lock=12 frz=0) | UAV: air=15 rtb=0 chg=0 loiter=0 | TRACKS: vis=23 lost=0 engaged=5 | TOP: black_usv1(x173,004) black_usv3(x176,051) black_usv17(x176,382) | KILL=15 | ACTIONS=28 | INTENT: focus=2 ratio=0.20
      [ASSIGN] white_usv1->black_usv10(机会锁定)
      [ASSIGN] white_usv1->black_usv2(机会锁定)
      [KILL] black_usv21
      [ASSIGN] white_usv1->black_usv10(机会锁定)
      [KILL] black_usv23
      [ASSIGN] white_usv1->black_usv2(机会锁定)
      [ASSIGN] white_usv10->black_usv2(机会锁定)
      [KILL] black_usv11
      [ASSIGN] white_usv8->black_usv29(机会锁定)
      [ASSIGN] white_usv1->black_usv10(机会锁定)
      [ASSIGN] white_usv10->black_usv29(机会锁定)
      [ASSIGN] white_usv2->black_usv17(机会锁定)
      [ASSIGN] white_usv5->black_usv17(机会锁定)
      [ASSIGN] white_usv8->black_usv2(机会锁定)
      [ASSIGN] white_usv11->black_usv14(机会锁定)
      [ASSIGN] white_usv14->black_usv14(机会锁定)
      [ASSIGN] white_usv1->black_usv2(机会锁定)
      [ASSIGN] white_usv4->black_usv15(机会锁定)
      [ASSIGN] white_usv6->black_usv17(机会锁定)
      [ASSIGN] white_usv7->black_usv17(机会锁定)
      [ASSIGN] white_usv9->black_usv14(机会锁定)
      [ASSIGN] white_usv10->black_usv14(机会锁定)
      [ASSIGN] white_usv13->black_usv17(机会锁定)
      [ASSIGN] white_usv12->black_usv28(机会锁定)
      [ASSIGN] white_usv2->black_usv10(机会锁定)
      [ASSIGN] white_usv5->black_usv10(机会锁定)
      [ASSIGN] white_usv8->black_usv8(机会锁定)
      [ASSIGN] white_usv11->black_usv29(机会锁定)
      [ASSIGN] white_usv14->black_usv29(机会锁定)
      [ASSIGN] white_usv1->black_usv8(机会锁定)
      [ASSIGN] white_usv6->black_usv10(机会锁定)
      [ASSIGN] white_usv7->black_usv8(机会锁定)
      [ASSIGN] white_usv9->black_usv29(机会锁定)
      [ASSIGN] white_usv10->black_usv29(机会锁定)
      [ASSIGN] white_usv13->black_usv10(机会锁定)
      [ASSIGN] white_usv12->black_usv29(机会锁定)
      [KILL] black_usv20
      [ASSIGN] white_usv2->black_usv17(机会锁定)
      [ASSIGN] white_usv5->black_usv17(机会锁定)
      [ASSIGN] white_usv8->black_usv14(机会锁定)
      [ASSIGN] white_usv11->black_usv14(机会锁定)
      [ASSIGN] white_usv14->black_usv28(机会锁定)
      [ASSIGN] white_usv1->black_usv14(机会锁定)
      [ASSIGN] white_usv6->black_usv17(机会锁定)
      [ASSIGN] white_usv7->black_usv9(机会锁定)
      [ASSIGN] white_usv9->black_usv14(机会锁定)
      [ASSIGN] white_usv10->black_usv14(机会锁定)
      [ASSIGN] white_usv13->black_usv17(机会锁定)
      [ASSIGN] white_usv12->black_usv28(机会锁定)
      [ASSIGN] white_usv2->black_usv10(机会锁定)
      [ASSIGN] white_usv5->black_usv10(机会锁定)
      [ASSIGN] white_usv8->black_usv8(机会锁定)
      [ASSIGN] white_usv11->black_usv29(机会锁定)
      [ASSIGN] white_usv14->black_usv29(机会锁定)
      [ASSIGN] white_usv1->black_usv8(机会锁定)
      [ASSIGN] white_usv6->black_usv10(机会锁定)
      [ASSIGN] white_usv9->black_usv29(机会锁定)
      [ASSIGN] white_usv10->black_usv29(机会锁定)
      [ASSIGN] white_usv13->black_usv10(机会锁定)
      [ASSIGN] white_usv12->black_usv29(机会锁定)
      [KILL] black_usv17
      [ASSIGN] white_usv2->black_usv6(机会锁定)
      [ASSIGN] white_usv5->black_usv6(机会锁定)
      [ASSIGN] white_usv8->black_usv14(机会锁定)
      [ASSIGN] white_usv11->black_usv14(机会锁定)
      [ASSIGN] white_usv14->black_usv28(机会锁定)
      [ASSIGN] white_usv6->black_usv2(机会锁定)
      [ASSIGN] white_usv9->black_usv14(机会锁定)
      [ASSIGN] white_usv10->black_usv14(机会锁定)
      [ASSIGN] white_usv13->black_usv6(机会锁定)
      [ASSIGN] white_usv12->black_usv28(机会锁定)
[t=9,307s] step=270 | MISSION=NORMAL_C | USV: 13/15 (avail=0 int=11 lock=2 frz=0) | UAV: air=15 rtb=0 chg=0 loiter=0 | TRACKS: vis=18 lost=0 engaged=2 | TOP: black_usv1(x168,235) black_usv28(x173,306) black_usv3(x176,051) | KILL=19 | ACTIONS=28 | INTENT: focus=2 ratio=0.20
      [KILL] black_usv10
      [KILL] black_usv28
      [KILL] black_usv3
      [ASSIGN] white_usv8->black_usv8(机会锁定)
      [ASSIGN] white_usv11->black_usv29(机会锁定)
      [RELEASE] white_usv14->black_usv28(目标失效)
      [ASSIGN] white_usv14->black_usv29(机会锁定)
      [ASSIGN] white_usv6->black_usv29(机会锁定)
      [ASSIGN] white_usv9->black_usv29(机会锁定)
      [ASSIGN] white_usv13->black_usv9(机会锁定)
      [RELEASE] white_usv12->black_usv28(目标失效)
      [ASSIGN] white_usv12->black_usv29(机会锁定)
      [ASSIGN] white_usv11->black_usv14(机会锁定)
      [ASSIGN] white_usv14->black_usv14(机会锁定)
      [ASSIGN] white_usv6->black_usv2(机会锁定)
      [ASSIGN] white_usv9->black_usv14(机会锁定)
      [ASSIGN] white_usv13->black_usv2(机会锁定)
      [ASSIGN] white_usv12->black_usv14(机会锁定)
      [ASSIGN] white_usv11->black_usv29(机会锁定)
      [ASSIGN] white_usv14->black_usv29(机会锁定)
      [ASSIGN] white_usv6->black_usv29(机会锁定)
      [ASSIGN] white_usv9->black_usv29(机会锁定)
      [ASSIGN] white_usv13->black_usv9(机会锁定)
      [ASSIGN] white_usv12->black_usv29(机会锁定)
      [ASSIGN] white_usv11->black_usv14(机会锁定)
      [ASSIGN] white_usv14->black_usv5(机会锁定)
      [ASSIGN] white_usv6->black_usv2(机会锁定)
      [ASSIGN] white_usv9->black_usv14(机会锁定)
      [ASSIGN] white_usv12->black_usv14(机会锁定)
      [ASSIGN] white_usv11->black_usv29(机会锁定)
      [ASSIGN] white_usv4->black_usv1(机会锁定)
      [ASSIGN] white_usv6->black_usv29(机会锁定)
      [ASSIGN] white_usv9->black_usv29(机会锁定)
      [KILL] black_usv2
      [ASSIGN] white_usv11->black_usv14(机会锁定)
      [ASSIGN] white_usv6->black_usv24(机会锁定)
      [ASSIGN] white_usv9->black_usv14(机会锁定)
      [ASSIGN] white_usv8->black_usv29(机会锁定)
      [ASSIGN] white_usv1->black_usv29(机会锁定)
      [ASSIGN] white_usv10->black_usv29(机会锁定)
      [ASSIGN] white_usv8->black_usv8(机会锁定)
      [ASSIGN] white_usv1->black_usv8(机会锁定)
      [ASSIGN] white_usv7->black_usv8(机会锁定)
      [ASSIGN] white_usv10->black_usv8(机会锁定)
      [ASSIGN] white_usv8->black_usv29(机会锁定)
      [ASSIGN] white_usv1->black_usv29(机会锁定)
      [ASSIGN] white_usv7->black_usv29(机会锁定)
      [ASSIGN] white_usv10->black_usv29(机会锁定)
      [ASSIGN] white_usv12->black_usv29(机会锁定)
      [KILL] black_usv29
      [ASSIGN] white_usv2->black_usv15(机会锁定)
      [ASSIGN] white_usv5->black_usv15(机会锁定)
      [RELEASE] white_usv8->black_usv29(目标失效)
      [ASSIGN] white_usv8->black_usv8(机会锁定)
      [RELEASE] white_usv1->black_usv29(目标失效)
      [ASSIGN] white_usv1->black_usv8(机会锁定)
      [RELEASE] white_usv7->black_usv29(目标失效)
      [ASSIGN] white_usv7->black_usv8(机会锁定)
      [RELEASE] white_usv10->black_usv29(目标失效)
      [ASSIGN] white_usv10->black_usv8(机会锁定)
      [RELEASE] white_usv12->black_usv29(目标失效)
      [ASSIGN] white_usv12->black_usv5(机会锁定)
[t=9,626s] step=280 | MISSION=NORMAL_C | USV: 12/15 (avail=0 int=9 lock=3 frz=0) | UAV: air=15 rtb=0 chg=0 loiter=0 | TRACKS: vis=13 lost=0 engaged=3 | TOP: black_usv15(x171,087) black_usv8(x175,193) black_usv1(x165,046) | KILL=20 | ACTIONS=27 | INTENT: focus=2 ratio=0.20
      [KILL] black_usv14
      [ASSIGN] white_usv8->black_usv9(机会锁定)
      [RELEASE] white_usv11->black_usv14(目标失效)
      [ASSIGN] white_usv1->black_usv9(机会锁定)
      [ASSIGN] white_usv7->black_usv9(机会锁定)
      [RELEASE] white_usv9->black_usv14(目标失效)
      [ASSIGN] white_usv10->black_usv9(机会锁定)
      [KILL] black_usv8
      [ASSIGN] white_usv11->black_usv5(机会锁定)
      [ASSIGN] white_usv14->black_usv22(机会锁定)
      [ASSIGN] white_usv9->black_usv5(机会锁定)
      [ASSIGN] white_usv13->black_usv6(机会锁定)
      [ASSIGN] white_usv4->black_usv24(机会锁定)
      [ASSIGN] white_usv13->black_usv24(机会锁定)
      [ASSIGN] white_usv2->black_usv6(机会锁定)
      [ASSIGN] white_usv5->black_usv6(机会锁定)
      [ASSIGN] white_usv11->black_usv22(机会锁定)
      [ASSIGN] white_usv9->black_usv22(机会锁定)
      [ASSIGN] white_usv12->black_usv22(机会锁定)
      [ASSIGN] white_usv2->black_usv15(机会锁定)
      [ASSIGN] white_usv5->black_usv15(机会锁定)
      [ASSIGN] white_usv8->black_usv5(机会锁定)
      [ASSIGN] white_usv7->black_usv15(机会锁定)
      [ASSIGN] white_usv10->black_usv5(机会锁定)
      [ASSIGN] white_usv2->black_usv6(机会锁定)
      [ASSIGN] white_usv5->black_usv6(机会锁定)
      [ASSIGN] white_usv8->black_usv9(机会锁定)
      [ASSIGN] white_usv7->black_usv9(机会锁定)
      [ASSIGN] white_usv10->black_usv9(机会锁定)
      [ASSIGN] white_usv2->black_usv15(机会锁定)
      [ASSIGN] white_usv5->black_usv15(机会锁定)
      [ASSIGN] white_usv14->black_usv5(机会锁定)
      [ASSIGN] white_usv10->black_usv5(机会锁定)
[t=10,090s] step=290 | MISSION=NORMAL_C | USV: 12/15 (avail=0 int=7 lock=5 frz=0) | UAV: air=15 rtb=0 chg=0 loiter=0 | TRACKS: vis=11 lost=0 engaged=2 | TOP: black_usv1(x160,407) black_usv15(x168,905) black_usv4(x166,316) | KILL=23 | ACTIONS=27 | INTENT: focus=2 ratio=0.20
      [ASSIGN] white_usv2->black_usv6(机会锁定)
      [ASSIGN] white_usv5->black_usv6(机会锁定)
      [ASSIGN] white_usv4->black_usv1(机会锁定)
      [ASSIGN] white_usv13->black_usv6(机会锁定)
      [ASSIGN] white_usv2->black_usv15(机会锁定)
      [ASSIGN] white_usv5->black_usv15(机会锁定)
      [ASSIGN] white_usv13->black_usv15(机会锁定)
      [KILL] black_usv6
      [ASSIGN] white_usv2->black_usv24(机会锁定)
      [ASSIGN] white_usv5->black_usv9(机会锁定)
      [ASSIGN] white_usv13->black_usv24(机会锁定)
      [ASSIGN] white_usv2->black_usv15(机会锁定)
      [ASSIGN] white_usv11->black_usv5(机会锁定)
      [ASSIGN] white_usv9->black_usv5(机会锁定)
      [ASSIGN] white_usv13->black_usv15(机会锁定)
      [ASSIGN] white_usv12->black_usv5(机会锁定)
      [KILL] black_usv5
      [ASSIGN] white_usv2->black_usv24(机会锁定)
      [RELEASE] white_usv11->black_usv5(目标失效)
      [ASSIGN] white_usv11->black_usv22(机会锁定)
      [RELEASE] white_usv14->black_usv5(目标失效)
      [ASSIGN] white_usv14->black_usv22(机会锁定)
      [RELEASE] white_usv9->black_usv5(目标失效)
      [ASSIGN] white_usv9->black_usv22(机会锁定)
      [RELEASE] white_usv10->black_usv5(目标失效)
      [ASSIGN] white_usv10->black_usv22(机会锁定)
      [ASSIGN] white_usv13->black_usv24(机会锁定)
      [RELEASE] white_usv12->black_usv5(目标失效)
      [ASSIGN] white_usv12->black_usv22(机会锁定)
      [ASSIGN] white_usv2->black_usv15(机会锁定)
      [ASSIGN] white_usv14->black_usv9(机会锁定)
      [ASSIGN] white_usv9->black_usv9(机会锁定)
      [ASSIGN] white_usv13->black_usv15(机会锁定)
      [KILL] black_usv24
      [ASSIGN] white_usv2->black_usv7(机会锁定)
      [ASSIGN] white_usv14->black_usv27(机会锁定)
      [ASSIGN] white_usv9->black_usv22(机会锁定)
      [ASSIGN] white_usv13->black_usv1(机会锁定)
      [ASSIGN] white_usv4->black_usv15(机会锁定)
      [ASSIGN] white_usv4->black_usv4(机会锁定)
      [KILL] black_usv15
      [ASSIGN] white_usv4->black_usv1(机会锁定)
[t=10,578s] step=300 | MISSION=NORMAL_C | USV: 12/15 (avail=0 int=9 lock=3 frz=0) | UAV: air=15 rtb=0 chg=0 loiter=0 | TRACKS: vis=7 lost=0 engaged=3 | TOP: black_usv1(x155,528) black_usv30(x163,798) black_usv4(x162,078) | KILL=25 | ACTIONS=27 | INTENT: focus=2 ratio=0.20
      [KILL] black_usv9
      [RELEASE] white_usv5->black_usv9(目标失效)
      [RELEASE] white_usv8->black_usv9(目标失效)
      [ASSIGN] white_usv8->black_usv22(机会锁定)
      [RELEASE] white_usv1->black_usv9(目标失效)
      [ASSIGN] white_usv1->black_usv22(机会锁定)
      [RELEASE] white_usv7->black_usv9(目标失效)
      [ASSIGN] white_usv5->black_usv4
      [ASSIGN] white_usv7->black_usv30
      [ASSIGN] white_usv9->black_usv27(机会锁定)
      [KILL] black_usv22
      [ASSIGN] white_usv5->black_usv1(机会锁定)
      [RELEASE] white_usv8->black_usv22(目标失效)
      [RELEASE] white_usv11->black_usv22(目标失效)
      [RELEASE] white_usv1->black_usv22(目标失效)
      [RELEASE] white_usv10->black_usv22(目标失效)
      [RELEASE] white_usv12->black_usv22(目标失效)
      [ASSIGN] white_usv8->black_usv7
      [ASSIGN] white_usv11->black_usv7
      [ASSIGN] white_usv1->black_usv4
      [ASSIGN] white_usv10->black_usv4
      [ASSIGN] white_usv12->black_usv30
      [ASSIGN] white_usv13->black_usv4(机会锁定)
      [ASSIGN] white_usv13->black_usv1(机会锁定)
      [ASSIGN] white_usv5->black_usv7(机会锁定)
      [ASSIGN] white_usv1->black_usv1(机会锁定)
[t=11,082s] step=310 | MISSION=NORMAL_C | USV: 11/15 (avail=0 int=9 lock=2 frz=0) | UAV: air=15 rtb=0 chg=0 loiter=0 | TRACKS: vis=5 lost=0 engaged=2 | TOP: black_usv1(x153,529) black_usv30(x158,762) black_usv4(x157,700) | KILL=27 | ACTIONS=26 | INTENT: focus=2 ratio=0.20
      [ASSIGN] white_usv5->black_usv4(机会锁定)
      [ASSIGN] white_usv1->black_usv7(机会锁定)
      [KILL] black_usv27
      [ASSIGN] white_usv8->black_usv1(机会锁定)
      [RELEASE] white_usv14->black_usv27(目标失效)
      [ASSIGN] white_usv1->black_usv1(机会锁定)
      [RELEASE] white_usv9->black_usv27(目标失效)
      [KILL] black_usv1
      [RELEASE] white_usv8->black_usv1(目标失效)
      [ASSIGN] white_usv8->black_usv7(机会锁定)
      [ASSIGN] white_usv14->black_usv4
      [RELEASE] white_usv1->black_usv1(目标失效)
      [ASSIGN] white_usv1->black_usv7(机会锁定)
      [RELEASE] white_usv4->black_usv1(目标失效)
      [ASSIGN] white_usv9->black_usv7
      [RELEASE] white_usv13->black_usv1(目标失效)
      [ASSIGN] white_usv8->black_usv4(机会锁定)
      [ASSIGN] white_usv1->black_usv4(机会锁定)
      [ASSIGN] white_usv13->black_usv30
      [ASSIGN] white_usv4->black_usv7
      [ASSIGN] white_usv5->black_usv7(机会锁定)
      [ASSIGN] white_usv8->black_usv7(机会锁定)
      [ASSIGN] white_usv1->black_usv7(机会锁定)
      [ASSIGN] white_usv4->black_usv4(机会锁定)
      [ASSIGN] white_usv10->black_usv7(机会锁定)
[t=11,620s] step=320 | MISSION=TERMINAL | USV: 11/15 (avail=0 int=11 lock=0 frz=0) | UAV: air=15 rtb=0 chg=0 loiter=0 | TRACKS: vis=3 lost=0 engaged=0 | TOP: black_usv4(x152,816) black_usv30(x156,434) black_usv7(x171,191) | KILL=30 | ACTIONS=26 | INTENT: focus=2 ratio=0.20

========================================================================
对局结果: Result.Victory — 敌方所有单位被击毁
  击杀蓝舰: 30 | 命中: 60 | 我方USV损失: 4 | UAV损失: 0 | 突破: 0
[META] result=Result.Victory victory_time=11620 first_detection=1858 first_lock=7389 first_kill=8307 enemy_kills=30 friendly_usv_losses=4 friendly_uav_losses=0 black_breakthrough=0 reacquire_attempts=99 reacquire_success=99 sensor_assisted_locks=72 low_conf_commitments=0 global_reacquire_entries=0 global_reacquire_success=0 coverage_collapse_events=1 active_clusters_max=1 coverage_quality_final=0.32 commander_source=default_intent commander_calls=0 commander_changes=0 commander_no_change=0 commander_parse_failures=0 commander_api_failures=0 commander_policy_failures=0 commander_avg_latency=0.0
Done
