========================================================================
HYBRID AGENT V5 — Variable-Cardinality Hierarchical Maritime Agent
  启用UAV: True | LLM_ENABLED: False
========================================================================
对局 40 开始
      [UAV RELAUNCH] white_uav1
      [UAV RELAUNCH] white_uav15
      [UAV RELAUNCH] white_uav4
      [UAV RELAUNCH] white_uav2
      [UAV RELAUNCH] white_uav5
      [UAV RELAUNCH] white_uav6
      [UAV RELAUNCH] white_uav11
      [UAV RELAUNCH] white_uav14
      [UAV RELAUNCH] white_uav3
      [UAV RELAUNCH] white_uav7
      [UAV RELAUNCH] white_uav8
      [UAV RELAUNCH] white_uav9
      [UAV RELAUNCH] white_uav10
      [UAV RELAUNCH] white_uav12
      [UAV RELAUNCH] white_uav13
[t=284s] step=10 | MISSION=NORMAL_C | USV: 15/15 (avail=15 int=0 lock=0 frz=0) | UAV: air=15 rtb=0 chg=0 loiter=0 | TRACKS: vis=0 lost=0 engaged=0 | TOP:  | KILL=0 | ACTIONS=30 | INTENT: focus=2 ratio=0.20
  [INTENT APPLIED]
    ThreatAllocator: focus 2 emergency 3 reserve_ratio 0.20 reserve_usvs None bias breakthrough_eta
    UAVManager: mode search_and_reacquire uav_priority []
[t=613s] step=20 | MISSION=NORMAL_C | USV: 15/15 (avail=15 int=0 lock=0 frz=0) | UAV: air=15 rtb=0 chg=0 loiter=0 | TRACKS: vis=0 lost=0 engaged=0 | TOP:  | KILL=0 | ACTIONS=30 | INTENT: focus=2 ratio=0.20
[t=939s] step=30 | MISSION=NORMAL_C | USV: 15/15 (avail=15 int=0 lock=0 frz=0) | UAV: air=15 rtb=0 chg=0 loiter=0 | TRACKS: vis=0 lost=0 engaged=0 | TOP:  | KILL=0 | ACTIONS=30 | INTENT: focus=2 ratio=0.20
[t=1,264s] step=40 | MISSION=NORMAL_C | USV: 15/15 (avail=15 int=0 lock=0 frz=0) | UAV: air=15 rtb=0 chg=0 loiter=0 | TRACKS: vis=0 lost=0 engaged=0 | TOP:  | KILL=0 | ACTIONS=30 | INTENT: focus=2 ratio=0.20
[t=1,600s] step=50 | MISSION=NORMAL_C | USV: 15/15 (avail=15 int=0 lock=0 frz=0) | UAV: air=15 rtb=0 chg=0 loiter=0 | TRACKS: vis=0 lost=0 engaged=0 | TOP:  | KILL=0 | ACTIONS=30 | INTENT: focus=2 ratio=0.20
      [DETECT] black_usv14
      [ASSIGN] white_usv6->black_usv14
      [ASSIGN] white_usv7->black_usv14
      [ASSIGN] white_usv8->black_usv14
      [DETECT] black_usv23
      [DETECT] black_usv4
      [DETECT] black_usv7
      [DETECT] black_usv27
      [DETECT] black_usv17
      [DETECT] black_usv16
      [DETECT] black_usv9
      [DETECT] black_usv20
      [DETECT] black_usv28
      [DETECT] black_usv13
      [DETECT] black_usv12
      [DETECT] black_usv11
      [DETECT] black_usv5
      [DETECT] black_usv18
      [DETECT] black_usv19
      [DETECT] black_usv1
      [DETECT] black_usv30
      [DETECT] black_usv22
      [DETECT] black_usv10
      [DETECT] black_usv6
      [DETECT] black_usv21
      [DETECT] black_usv24
      [DETECT] black_usv15
      [DETECT] black_usv26
      [DETECT] black_usv25
      [DETECT] black_usv8
      [DETECT] black_usv3
      [DETECT] black_usv29
      [ASSIGN] white_usv2->black_usv4
      [ASSIGN] white_usv5->black_usv9
      [ASSIGN] white_usv4->black_usv5
      [ASSIGN] white_usv13->black_usv25
      [ASSIGN] white_usv12->black_usv26
      [ASSIGN] white_usv14->black_usv28
      [ASSIGN] white_usv9->black_usv19
      [ASSIGN] white_usv11->black_usv30
      [ASSIGN] white_usv15->black_usv29
      [ASSIGN] white_usv1->black_usv1
      [DETECT] black_usv2
      [ASSIGN] white_usv3->black_usv12
      [ASSIGN] white_usv10->black_usv13
[t=1,939s] step=60 | MISSION=NORMAL_C | USV: 15/15 (avail=0 int=15 lock=0 frz=0) | UAV: air=15 rtb=0 chg=0 loiter=0 | TRACKS: vis=30 lost=0 engaged=0 | TOP: black_usv18(x240,795) black_usv24(x240,893) black_usv21(x240,896) | KILL=0 | ACTIONS=30 | INTENT: focus=2 ratio=0.20
[t=2,264s] step=70 | MISSION=NORMAL_C | USV: 15/15 (avail=0 int=15 lock=0 frz=0) | UAV: air=15 rtb=0 chg=0 loiter=0 | TRACKS: vis=30 lost=0 engaged=0 | TOP: black_usv18(x237,580) black_usv24(x237,694) black_usv21(x237,697) | KILL=0 | ACTIONS=30 | INTENT: focus=2 ratio=0.20
[t=2,604s] step=80 | MISSION=NORMAL_C | USV: 15/15 (avail=0 int=15 lock=0 frz=0) | UAV: air=15 rtb=0 chg=0 loiter=0 | TRACKS: vis=30 lost=0 engaged=0 | TOP: black_usv18(x234,216) black_usv24(x234,347) black_usv21(x234,350) | KILL=0 | ACTIONS=30 | INTENT: focus=2 ratio=0.20
[t=2,919s] step=90 | MISSION=NORMAL_C | USV: 15/15 (avail=0 int=15 lock=0 frz=0) | UAV: air=15 rtb=0 chg=0 loiter=0 | TRACKS: vis=30 lost=0 engaged=0 | TOP: black_usv18(x231,099) black_usv24(x231,246) black_usv21(x231,250) | KILL=0 | ACTIONS=30 | INTENT: focus=2 ratio=0.20
[t=3,230s] step=100 | MISSION=NORMAL_C | USV: 15/15 (avail=0 int=15 lock=0 frz=0) | UAV: air=15 rtb=0 chg=0 loiter=0 | TRACKS: vis=30 lost=0 engaged=0 | TOP: black_usv18(x228,022) black_usv24(x228,185) black_usv21(x228,189) | KILL=0 | ACTIONS=30 | INTENT: focus=2 ratio=0.20
[t=3,573s] step=110 | MISSION=NORMAL_C | USV: 15/15 (avail=0 int=15 lock=0 frz=0) | UAV: air=15 rtb=0 chg=0 loiter=0 | TRACKS: vis=30 lost=0 engaged=0 | TOP: black_usv18(x224,628) black_usv24(x224,808) black_usv21(x224,813) | KILL=0 | ACTIONS=30 | INTENT: focus=2 ratio=0.20
[t=3,919s] step=120 | MISSION=NORMAL_C | USV: 15/15 (avail=0 int=15 lock=0 frz=0) | UAV: air=15 rtb=0 chg=0 loiter=0 | TRACKS: vis=30 lost=0 engaged=0 | TOP: black_usv18(x221,205) black_usv24(x221,402) black_usv21(x221,407) | KILL=0 | ACTIONS=30 | INTENT: focus=2 ratio=0.20
[t=4,264s] step=130 | MISSION=NORMAL_C | USV: 15/15 (avail=0 int=15 lock=0 frz=0) | UAV: air=15 rtb=0 chg=0 loiter=0 | TRACKS: vis=30 lost=0 engaged=0 | TOP: black_usv18(x217,791) black_usv24(x218,006) black_usv21(x218,012) | KILL=0 | ACTIONS=30 | INTENT: focus=2 ratio=0.20
[t=4,611s] step=140 | MISSION=NORMAL_C | USV: 15/15 (avail=0 int=15 lock=0 frz=0) | UAV: air=15 rtb=0 chg=0 loiter=0 | TRACKS: vis=30 lost=0 engaged=0 | TOP: black_usv18(x214,358) black_usv24(x214,590) black_usv21(x214,596) | KILL=0 | ACTIONS=30 | INTENT: focus=2 ratio=0.20
[t=4,966s] step=150 | MISSION=NORMAL_C | USV: 15/15 (avail=0 int=15 lock=0 frz=0) | UAV: air=15 rtb=0 chg=0 loiter=0 | TRACKS: vis=30 lost=0 engaged=0 | TOP: black_usv18(x210,845) black_usv24(x211,096) black_usv21(x211,102) | KILL=0 | ACTIONS=30 | INTENT: focus=2 ratio=0.20
[t=5,297s] step=160 | MISSION=NORMAL_C | USV: 15/15 (avail=0 int=15 lock=0 frz=0) | UAV: air=15 rtb=0 chg=0 loiter=0 | TRACKS: vis=30 lost=0 engaged=0 | TOP: black_usv18(x207,563) black_usv24(x207,829) black_usv21(x207,837) | KILL=0 | ACTIONS=30 | INTENT: focus=2 ratio=0.20
[t=5,627s] step=170 | MISSION=NORMAL_C | USV: 15/15 (avail=0 int=15 lock=0 frz=0) | UAV: air=15 rtb=0 chg=0 loiter=0 | TRACKS: vis=30 lost=0 engaged=0 | TOP: black_usv18(x204,305) black_usv27(x205,163) black_usv24(x204,589) | KILL=0 | ACTIONS=30 | INTENT: focus=2 ratio=0.20
[t=5,956s] step=180 | MISSION=NORMAL_C | USV: 15/15 (avail=0 int=15 lock=0 frz=0) | UAV: air=15 rtb=0 chg=0 loiter=0 | TRACKS: vis=29 lost=1 engaged=0 | TOP: black_usv18(x201,050) black_usv27(x201,874) black_usv24(x201,350) | KILL=0 | ACTIONS=30 | INTENT: focus=2 ratio=0.20
[t=6,281s] step=190 | MISSION=NORMAL_C | USV: 15/15 (avail=0 int=15 lock=0 frz=0) | UAV: air=15 rtb=0 chg=0 loiter=0 | TRACKS: vis=30 lost=0 engaged=0 | TOP: black_usv18(x197,834) black_usv27(x198,625) black_usv24(x198,151) | KILL=0 | ACTIONS=30 | INTENT: focus=2 ratio=0.20
[t=6,598s] step=200 | MISSION=NORMAL_C | USV: 15/15 (avail=0 int=15 lock=0 frz=0) | UAV: air=15 rtb=0 chg=0 loiter=0 | TRACKS: vis=30 lost=0 engaged=0 | TOP: black_usv18(x194,698) black_usv27(x195,456) black_usv24(x195,030) | KILL=0 | ACTIONS=30 | INTENT: focus=2 ratio=0.20
[t=6,915s] step=210 | MISSION=NORMAL_C | USV: 15/15 (avail=0 int=15 lock=0 frz=0) | UAV: air=15 rtb=0 chg=0 loiter=0 | TRACKS: vis=30 lost=0 engaged=0 | TOP: black_usv18(x191,562) black_usv27(x192,287) black_usv3(x192,114) | KILL=0 | ACTIONS=30 | INTENT: focus=2 ratio=0.20
[t=7,236s] step=220 | MISSION=NORMAL_C | USV: 15/15 (avail=0 int=15 lock=0 frz=0) | UAV: air=15 rtb=0 chg=0 loiter=0 | TRACKS: vis=29 lost=1 engaged=0 | TOP: black_usv18(x188,385) black_usv27(x189,078) black_usv3(x188,940) | KILL=0 | ACTIONS=30 | INTENT: focus=2 ratio=0.20
      [ASSIGN] white_usv4->black_usv4(机会锁定)
      [ASSIGN] white_usv12->black_usv25(机会锁定)
      [ASSIGN] white_usv11->black_usv25(机会锁定)
      [ASSIGN] white_usv9->black_usv26(机会锁定)
      [ASSIGN] white_usv1->black_usv5(机会锁定)
      [ASSIGN] white_usv3->black_usv9(机会锁定)
[t=7,533s] step=230 | MISSION=NORMAL_C | USV: 15/15 (avail=0 int=0 lock=15 frz=0) | UAV: air=15 rtb=0 chg=0 loiter=0 | TRACKS: vis=29 lost=1 engaged=9 | TOP: black_usv12(x185,440) black_usv18(x185,447) black_usv27(x186,109) | KILL=0 | ACTIONS=30 | INTENT: focus=2 ratio=0.20
      [ASSIGN] white_usv2->black_usv1(机会锁定)
      [ASSIGN] white_usv5->black_usv3(机会锁定)
      [ASSIGN] white_usv4->black_usv1(机会锁定)
      [ASSIGN] white_usv6->black_usv12(机会锁定)
      [ASSIGN] white_usv7->black_usv12(机会锁定)
      [ASSIGN] white_usv13->black_usv18(机会锁定)
      [ASSIGN] white_usv12->black_usv18(机会锁定)
      [ASSIGN] white_usv14->black_usv21(机会锁定)
      [ASSIGN] white_usv8->black_usv12(机会锁定)
      [ASSIGN] white_usv11->black_usv18(机会锁定)
      [ASSIGN] white_usv15->black_usv24(机会锁定)
      [ASSIGN] white_usv9->black_usv25(机会锁定)
      [ASSIGN] white_usv1->black_usv4(机会锁定)
      [ASSIGN] white_usv3->black_usv14(机会锁定)
      [ASSIGN] white_usv10->black_usv14(机会锁定)
      [ASSIGN] white_usv9->black_usv26(机会锁定)
      [ASSIGN] white_usv3->black_usv9(机会锁定)
      [ASSIGN] white_usv10->black_usv13(机会锁定)
      [ASSIGN] white_usv3->black_usv14(机会锁定)
      [ASSIGN] white_usv3->black_usv9(机会锁定)
      [ASSIGN] white_usv3->black_usv14(机会锁定)
[t=7,889s] step=240 | MISSION=NORMAL_C | USV: 15/15 (avail=0 int=1 lock=14 frz=0) | UAV: air=15 rtb=0 chg=0 loiter=0 | TRACKS: vis=29 lost=1 engaged=9 | TOP: black_usv27(x182,550) black_usv29(x183,261) black_usv28(x183,297) | KILL=3 | ACTIONS=30 | INTENT: focus=2 ratio=0.20
      [ASSIGN] white_usv3->black_usv9(机会锁定)
      [ASSIGN] white_usv3->black_usv14(机会锁定)
      [ASSIGN] white_usv2->black_usv6(机会锁定)
      [ASSIGN] white_usv5->black_usv9(机会锁定)
      [ASSIGN] white_usv3->black_usv9(机会锁定)
      [ASSIGN] white_usv5->black_usv3(机会锁定)
      [ASSIGN] white_usv4->black_usv3(机会锁定)
      [ASSIGN] white_usv6->black_usv3(机会锁定)
      [ASSIGN] white_usv7->black_usv14(机会锁定)
      [ASSIGN] white_usv13->black_usv30(机会锁定)
      [ASSIGN] white_usv12->black_usv30(机会锁定)
      [ASSIGN] white_usv14->black_usv30(机会锁定)
      [ASSIGN] white_usv8->black_usv14(机会锁定)
      [ASSIGN] white_usv11->black_usv30(机会锁定)
      [ASSIGN] white_usv15->black_usv20(机会锁定)
      [ASSIGN] white_usv3->black_usv3(机会锁定)
      [ASSIGN] white_usv7->black_usv12(机会锁定)
      [ASSIGN] white_usv8->black_usv12(机会锁定)
      [ASSIGN] white_usv1->black_usv1(机会锁定)
      [ASSIGN] white_usv7->black_usv8(机会锁定)
      [ASSIGN] white_usv8->black_usv8(机会锁定)
      [ASSIGN] white_usv9->black_usv27(机会锁定)
      [ASSIGN] white_usv3->black_usv13(机会锁定)
      [ASSIGN] white_usv10->black_usv27(机会锁定)
[t=8,260s] step=250 | MISSION=NORMAL_C | USV: 15/15 (avail=0 int=0 lock=15 frz=0) | UAV: air=15 rtb=0 chg=0 loiter=0 | TRACKS: vis=29 lost=1 engaged=8 | TOP: black_usv21(x178,654) black_usv17(x178,924) black_usv28(x180,397) | KILL=7 | ACTIONS=30 | INTENT: focus=2 ratio=0.20
      [KILL] black_usv14
      [KILL] black_usv9
      [KILL] black_usv25
      [ASSIGN] white_usv2->black_usv11(机会锁定)
      [ASSIGN] white_usv5->black_usv4(机会锁定)
      [ASSIGN] white_usv4->black_usv11(机会锁定)
      [ASSIGN] white_usv6->black_usv12(机会锁定)
      [ASSIGN] white_usv13->black_usv17(机会锁定)
      [ASSIGN] white_usv12->black_usv17(机会锁定)
      [ASSIGN] white_usv5->black_usv3(机会锁定)
      [ASSIGN] white_usv6->black_usv3(机会锁定)
      [ASSIGN] white_usv14->black_usv21(机会锁定)
      [ASSIGN] white_usv11->black_usv21(机会锁定)
      [ASSIGN] white_usv15->black_usv21(机会锁定)
      [ASSIGN] white_usv5->black_usv4(机会锁定)
      [ASSIGN] white_usv6->black_usv12(机会锁定)
      [ASSIGN] white_usv7->black_usv15(机会锁定)
      [ASSIGN] white_usv8->black_usv15(机会锁定)
      [ASSIGN] white_usv9->black_usv30(机会锁定)
      [ASSIGN] white_usv5->black_usv3(机会锁定)
      [ASSIGN] white_usv6->black_usv8(机会锁定)
      [ASSIGN] white_usv9->black_usv28(机会锁定)
      [ASSIGN] white_usv3->black_usv8(机会锁定)
      [ASSIGN] white_usv10->black_usv8(机会锁定)
      [ASSIGN] white_usv5->black_usv1(机会锁定)
      [ASSIGN] white_usv6->black_usv13(机会锁定)
      [ASSIGN] white_usv3->black_usv13(机会锁定)
      [ASSIGN] white_usv10->black_usv27(机会锁定)
      [ASSIGN] white_usv6->black_usv8(机会锁定)
      [ASSIGN] white_usv3->black_usv8(机会锁定)
      [ASSIGN] white_usv10->black_usv8(机会锁定)
      [ASSIGN] white_usv6->black_usv13(机会锁定)
      [ASSIGN] white_usv3->black_usv13(机会锁定)
      [ASSIGN] white_usv10->black_usv27(机会锁定)
      [KILL] black_usv12
      [KILL] black_usv18
      [ASSIGN] white_usv6->black_usv8(机会锁定)
      [ASSIGN] white_usv3->black_usv8(机会锁定)
      [ASSIGN] white_usv10->black_usv8(机会锁定)
      [KILL] black_usv4
      [ASSIGN] white_usv2->black_usv6(机会锁定)
      [ASSIGN] white_usv4->black_usv6(机会锁定)
      [ASSIGN] white_usv6->black_usv3(机会锁定)
      [ASSIGN] white_usv13->black_usv23(机会锁定)
      [ASSIGN] white_usv12->black_usv27(机会锁定)
      [ASSIGN] white_usv3->black_usv13(机会锁定)
      [ASSIGN] white_usv10->black_usv27(机会锁定)
[t=8,678s] step=260 | MISSION=NORMAL_C | USV: 14/15 (avail=0 int=7 lock=7 frz=0) | UAV: air=15 rtb=0 chg=0 loiter=0 | TRACKS: vis=23 lost=0 engaged=4 | TOP: black_usv29(x176,243) black_usv27(x177,231) black_usv24(x177,518) | KILL=14 | ACTIONS=29 | INTENT: focus=2 ratio=0.20
      [KILL] black_usv26
      [ASSIGN] white_usv6->black_usv8(机会锁定)
      [ASSIGN] white_usv12->black_usv17(机会锁定)
      [ASSIGN] white_usv14->black_usv17(机会锁定)
      [ASSIGN] white_usv11->black_usv17(机会锁定)
      [ASSIGN] white_usv15->black_usv29(机会锁定)
      [ASSIGN] white_usv3->black_usv8(机会锁定)
      [ASSIGN] white_usv10->black_usv15(机会锁定)
      [ASSIGN] white_usv6->black_usv3(机会锁定)
      [ASSIGN] white_usv7->black_usv13(机会锁定)
      [ASSIGN] white_usv12->black_usv21(机会锁定)
      [ASSIGN] white_usv14->black_usv21(机会锁定)
      [ASSIGN] white_usv8->black_usv13(机会锁定)
      [ASSIGN] white_usv11->black_usv21(机会锁定)
      [ASSIGN] white_usv3->black_usv13(机会锁定)
      [ASSIGN] white_usv6->black_usv8(机会锁定)
      [ASSIGN] white_usv7->black_usv8(机会锁定)
      [ASSIGN] white_usv12->black_usv17(机会锁定)
      [ASSIGN] white_usv14->black_usv17(机会锁定)
      [ASSIGN] white_usv8->black_usv8(机会锁定)
      [ASSIGN] white_usv9->black_usv17(机会锁定)
      [ASSIGN] white_usv11->black_usv17(机会锁定)
      [ASSIGN] white_usv3->black_usv8(机会锁定)
      [ASSIGN] white_usv5->black_usv3(机会锁定)
      [ASSIGN] white_usv7->black_usv13(机会锁定)
      [ASSIGN] white_usv12->black_usv21(机会锁定)
      [ASSIGN] white_usv14->black_usv21(机会锁定)
      [ASSIGN] white_usv8->black_usv13(机会锁定)
      [ASSIGN] white_usv9->black_usv21(机会锁定)
      [ASSIGN] white_usv11->black_usv21(机会锁定)
      [ASSIGN] white_usv3->black_usv15(机会锁定)
      [ASSIGN] white_usv7->black_usv8(机会锁定)
      [ASSIGN] white_usv12->black_usv17(机会锁定)
      [ASSIGN] white_usv14->black_usv28(机会锁定)
      [ASSIGN] white_usv8->black_usv8(机会锁定)
      [ASSIGN] white_usv9->black_usv17(机会锁定)
      [ASSIGN] white_usv11->black_usv17(机会锁定)
      [ASSIGN] white_usv7->black_usv13(机会锁定)
      [ASSIGN] white_usv12->black_usv21(机会锁定)
      [ASSIGN] white_usv14->black_usv21(机会锁定)
      [ASSIGN] white_usv8->black_usv13(机会锁定)
      [ASSIGN] white_usv9->black_usv21(机会锁定)
      [ASSIGN] white_usv11->black_usv21(机会锁定)
      [KILL] black_usv30
      [KILL] black_usv3
      [ASSIGN] white_usv7->black_usv8(机会锁定)
      [ASSIGN] white_usv12->black_usv17(机会锁定)
      [ASSIGN] white_usv14->black_usv28(机会锁定)
      [ASSIGN] white_usv8->black_usv8(机会锁定)
      [ASSIGN] white_usv9->black_usv17(机会锁定)
      [ASSIGN] white_usv11->black_usv17(机会锁定)
      [ASSIGN] white_usv2->black_usv1(机会锁定)
      [ASSIGN] white_usv4->black_usv1(机会锁定)
      [ASSIGN] white_usv7->black_usv1(机会锁定)
      [ASSIGN] white_usv12->black_usv21(机会锁定)
      [ASSIGN] white_usv14->black_usv21(机会锁定)
      [ASSIGN] white_usv8->black_usv13(机会锁定)
      [ASSIGN] white_usv9->black_usv21(机会锁定)
      [ASSIGN] white_usv11->black_usv21(机会锁定)
      [ASSIGN] white_usv3->black_usv1(机会锁定)
      [ASSIGN] white_usv10->black_usv27(机会锁定)
      [KILL] black_usv27
      [KILL] black_usv8
      [ASSIGN] white_usv13->black_usv17(机会锁定)
      [ASSIGN] white_usv12->black_usv17(机会锁定)
      [ASSIGN] white_usv14->black_usv24(机会锁定)
      [ASSIGN] white_usv8->black_usv15(机会锁定)
      [ASSIGN] white_usv9->black_usv17(机会锁定)
      [ASSIGN] white_usv11->black_usv17(机会锁定)
      [RELEASE] white_usv10->black_usv27(目标失效)
      [ASSIGN] white_usv10->black_usv15(机会锁定)
      [ASSIGN] white_usv13->black_usv23(机会锁定)
      [ASSIGN] white_usv12->black_usv21(机会锁定)
      [ASSIGN] white_usv14->black_usv23(机会锁定)
      [ASSIGN] white_usv8->black_usv13(机会锁定)
      [ASSIGN] white_usv9->black_usv21(机会锁定)
      [ASSIGN] white_usv11->black_usv21(机会锁定)
      [ASSIGN] white_usv15->black_usv23(机会锁定)
      [ASSIGN] white_usv10->black_usv13(机会锁定)
[t=9,052s] step=270 | MISSION=NORMAL_C | USV: 11/15 (avail=0 int=8 lock=3 frz=0) | UAV: air=15 rtb=0 chg=0 loiter=0 | TRACKS: vis=18 lost=0 engaged=1 | TOP: black_usv21(x174,331) black_usv28(x175,138) black_usv7(x173,336) | KILL=18 | ACTIONS=26 | INTENT: focus=2 ratio=0.20
      [KILL] black_usv13
      [ASSIGN] white_usv12->black_usv17(机会锁定)
      [RELEASE] white_usv8->black_usv13(目标失效)
      [ASSIGN] white_usv8->black_usv15(机会锁定)
      [ASSIGN] white_usv9->black_usv17(机会锁定)
      [ASSIGN] white_usv11->black_usv29(机会锁定)
      [RELEASE] white_usv10->black_usv13(目标失效)
      [ASSIGN] white_usv10->black_usv15(机会锁定)
      [ASSIGN] white_usv12->black_usv21(机会锁定)
      [ASSIGN] white_usv14->black_usv24(机会锁定)
      [ASSIGN] white_usv8->black_usv5(机会锁定)
      [ASSIGN] white_usv9->black_usv21(机会锁定)
      [ASSIGN] white_usv12->black_usv17(机会锁定)
      [ASSIGN] white_usv9->black_usv17(机会锁定)
      [ASSIGN] white_usv10->black_usv17(机会锁定)
      [ASSIGN] white_usv12->black_usv21(机会锁定)
      [ASSIGN] white_usv9->black_usv29(机会锁定)
      [ASSIGN] white_usv10->black_usv15(机会锁定)
      [ASSIGN] white_usv10->black_usv17(机会锁定)
      [KILL] black_usv17
      [KILL] black_usv11
      [ASSIGN] white_usv7->black_usv15(机会锁定)
      [ASSIGN] white_usv3->black_usv15(机会锁定)
      [RELEASE] white_usv10->black_usv17(目标失效)
      [ASSIGN] white_usv10->black_usv15(机会锁定)
      [KILL] black_usv21
      [ASSIGN] white_usv7->black_usv1(机会锁定)
      [ASSIGN] white_usv3->black_usv1(机会锁定)
      [ASSIGN] white_usv10->black_usv22(机会锁定)
      [KILL] black_usv15
      [ASSIGN] white_usv7->black_usv5(机会锁定)
      [ASSIGN] white_usv13->black_usv28(机会锁定)
      [ASSIGN] white_usv15->black_usv28(机会锁定)
      [ASSIGN] white_usv3->black_usv5(机会锁定)
      [KILL] black_usv28
      [RELEASE] white_usv13->black_usv28(目标失效)
      [ASSIGN] white_usv13->black_usv23(机会锁定)
      [ASSIGN] white_usv9->black_usv23(机会锁定)
      [RELEASE] white_usv15->black_usv28(目标失效)
      [ASSIGN] white_usv15->black_usv23(机会锁定)
      [ASSIGN] white_usv7->black_usv1(机会锁定)
      [ASSIGN] white_usv13->black_usv29(机会锁定)
      [ASSIGN] white_usv14->black_usv29(机会锁定)
      [ASSIGN] white_usv8->black_usv29(机会锁定)
      [ASSIGN] white_usv9->black_usv29(机会锁定)
      [ASSIGN] white_usv15->black_usv29(机会锁定)
      [ASSIGN] white_usv3->black_usv1(机会锁定)
[t=9,475s] step=280 | MISSION=NORMAL_C | USV: 8/15 (avail=0 int=7 lock=1 frz=0) | UAV: air=15 rtb=0 chg=0 loiter=0 | TRACKS: vis=12 lost=0 engaged=1 | TOP: black_usv29(x168,876) black_usv7(x169,287) black_usv2(x169,733) | KILL=23 | ACTIONS=23 | INTENT: focus=2 ratio=0.20
      [ASSIGN] white_usv7->black_usv5(机会锁定)
      [ASSIGN] white_usv13->black_usv24(机会锁定)
      [ASSIGN] white_usv14->black_usv24(机会锁定)
      [ASSIGN] white_usv8->black_usv5(机会锁定)
      [ASSIGN] white_usv9->black_usv24(机会锁定)
      [ASSIGN] white_usv15->black_usv24(机会锁定)
      [ASSIGN] white_usv3->black_usv5(机会锁定)
      [ASSIGN] white_usv7->black_usv1(机会锁定)
      [ASSIGN] white_usv13->black_usv29(机会锁定)
      [ASSIGN] white_usv14->black_usv29(机会锁定)
      [ASSIGN] white_usv8->black_usv29(机会锁定)
      [ASSIGN] white_usv9->black_usv29(机会锁定)
      [ASSIGN] white_usv15->black_usv29(机会锁定)
      [ASSIGN] white_usv3->black_usv1(机会锁定)
      [KILL] black_usv6
      [ASSIGN] white_usv7->black_usv5(机会锁定)
      [ASSIGN] white_usv13->black_usv24(机会锁定)
      [ASSIGN] white_usv14->black_usv24(机会锁定)
      [ASSIGN] white_usv8->black_usv16(机会锁定)
      [ASSIGN] white_usv9->black_usv24(机会锁定)
      [ASSIGN] white_usv15->black_usv24(机会锁定)
      [ASSIGN] white_usv3->black_usv5(机会锁定)
      [ASSIGN] white_usv7->black_usv1(机会锁定)
      [ASSIGN] white_usv14->black_usv29(机会锁定)
      [ASSIGN] white_usv9->black_usv29(机会锁定)
      [ASSIGN] white_usv15->black_usv29(机会锁定)
      [ASSIGN] white_usv3->black_usv1(机会锁定)
      [ASSIGN] white_usv10->black_usv29(机会锁定)
      [ASSIGN] white_usv7->black_usv5(机会锁定)
      [ASSIGN] white_usv14->black_usv24(机会锁定)
      [ASSIGN] white_usv9->black_usv24(机会锁定)
      [ASSIGN] white_usv15->black_usv24(机会锁定)
      [ASSIGN] white_usv3->black_usv5(机会锁定)
      [ASSIGN] white_usv10->black_usv22(机会锁定)
      [ASSIGN] white_usv7->black_usv1(机会锁定)
      [ASSIGN] white_usv14->black_usv29(机会锁定)
      [ASSIGN] white_usv9->black_usv29(机会锁定)
      [ASSIGN] white_usv15->black_usv29(机会锁定)
      [ASSIGN] white_usv3->black_usv1(机会锁定)
      [ASSIGN] white_usv14->black_usv24(机会锁定)
      [ASSIGN] white_usv9->black_usv24(机会锁定)
      [ASSIGN] white_usv3->black_usv5(机会锁定)
      [ASSIGN] white_usv14->black_usv23(机会锁定)
      [ASSIGN] white_usv9->black_usv23(机会锁定)
      [ASSIGN] white_usv3->black_usv10(机会锁定)
      [ASSIGN] white_usv14->black_usv24(机会锁定)
      [ASSIGN] white_usv9->black_usv24(机会锁定)
      [ASSIGN] white_usv3->black_usv5(机会锁定)
      [KILL] black_usv1
      [RELEASE] white_usv7->black_usv1(目标失效)
      [ASSIGN] white_usv14->black_usv23(机会锁定)
      [ASSIGN] white_usv9->black_usv23(机会锁定)
      [ASSIGN] white_usv3->black_usv10(机会锁定)
[t=9,936s] step=290 | MISSION=NORMAL_C | USV: 7/15 (avail=0 int=5 lock=2 frz=0) | UAV: air=15 rtb=0 chg=0 loiter=0 | TRACKS: vis=10 lost=0 engaged=2 | TOP: black_usv7(x164,874) black_usv2(x165,342) black_usv10(x166,158) | KILL=23 | ACTIONS=22 | INTENT: focus=2 ratio=0.20
      [ASSIGN] white_usv7->black_usv7
      [ASSIGN] white_usv14->black_usv24(机会锁定)
      [ASSIGN] white_usv8->black_usv24(机会锁定)
      [ASSIGN] white_usv9->black_usv24(机会锁定)
      [KILL] black_usv23
      [ASSIGN] white_usv14->black_usv16(机会锁定)
      [ASSIGN] white_usv8->black_usv16(机会锁定)
      [ASSIGN] white_usv9->black_usv16(机会锁定)
      [KILL] black_usv29
      [RELEASE] white_usv15->black_usv29(目标失效)
      [ASSIGN] white_usv15->black_usv24(机会锁定)
      [ASSIGN] white_usv10->black_usv5(机会锁定)
      [KILL] black_usv5
      [KILL] black_usv24
      [RELEASE] white_usv15->black_usv24(目标失效)
      [RELEASE] white_usv10->black_usv5(目标失效)
      [ASSIGN] white_usv10->black_usv22(机会锁定)
      [ASSIGN] white_usv15->black_usv2
      [ASSIGN] white_usv7->black_usv10(机会锁定)
      [ASSIGN] white_usv15->black_usv16(机会锁定)
      [ASSIGN] white_usv8->black_usv22(机会锁定)
[t=10,339s] step=300 | MISSION=NORMAL_C | USV: 5/15 (avail=0 int=3 lock=2 frz=0) | UAV: air=15 rtb=0 chg=0 loiter=0 | TRACKS: vis=6 lost=0 engaged=1 | TOP: black_usv7(x161,017) black_usv2(x161,503) black_usv20(x173,119) | KILL=25 | ACTIONS=20 | INTENT: focus=2 ratio=0.20
      [ASSIGN] white_usv8->black_usv16(机会锁定)
      [ASSIGN] white_usv10->black_usv16(机会锁定)
      [ASSIGN] white_usv8->black_usv22(机会锁定)
      [ASSIGN] white_usv10->black_usv22(机会锁定)
      [ASSIGN] white_usv8->black_usv16(机会锁定)
      [ASSIGN] white_usv10->black_usv16(机会锁定)
      [ASSIGN] white_usv8->black_usv22(机会锁定)
      [ASSIGN] white_usv10->black_usv22(机会锁定)
      [ASSIGN] white_usv8->black_usv16(机会锁定)
      [ASSIGN] white_usv10->black_usv20(机会锁定)
      [ASSIGN] white_usv8->black_usv22(机会锁定)
      [ASSIGN] white_usv7->black_usv7(机会锁定)
      [ASSIGN] white_usv3->black_usv7(机会锁定)
      [KILL] black_usv22
      [RELEASE] white_usv8->black_usv22(目标失效)
      [ASSIGN] white_usv8->black_usv2
[t=10,727s] step=310 | MISSION=NORMAL_C | USV: 4/15 (avail=1 int=1 lock=2 frz=0) | UAV: air=15 rtb=0 chg=0 loiter=0 | TRACKS: vis=5 lost=0 engaged=1 | TOP: black_usv10(x162,967) black_usv20(x169,468) black_usv2(x157,808) | KILL=26 | ACTIONS=19 | INTENT: focus=2 ratio=0.20
      [ASSIGN] white_usv15->black_usv20(机会锁定)
      [ASSIGN] white_usv15->black_usv16(机会锁定)
      [ASSIGN] white_usv15->black_usv20(机会锁定)
      [KILL] black_usv16
      [ASSIGN] white_usv7->black_usv10(机会锁定)
      [ASSIGN] white_usv3->black_usv10(机会锁定)
      [ASSIGN] white_usv7->black_usv7(机会锁定)
      [ASSIGN] white_usv3->black_usv7(机会锁定)
      [ASSIGN] white_usv7->black_usv10(机会锁定)
      [ASSIGN] white_usv3->black_usv10(机会锁定)
      [ASSIGN] white_usv7->black_usv7(机会锁定)
      [ASSIGN] white_usv3->black_usv7(机会锁定)
      [ASSIGN] white_usv7->black_usv10(机会锁定)
      [ASSIGN] white_usv3->black_usv10(机会锁定)
      [KILL] black_usv10
      [RELEASE] white_usv7->black_usv10(目标失效)
      [ASSIGN] white_usv7->black_usv7(机会锁定)
      [RELEASE] white_usv3->black_usv10(目标失效)
      [ASSIGN] white_usv3->black_usv7(机会锁定)
[t=11,241s] step=320 | MISSION=NORMAL_C | USV: 4/15 (avail=0 int=4 lock=0 frz=0) | UAV: air=15 rtb=0 chg=0 loiter=0 | TRACKS: vis=3 lost=0 engaged=0 | TOP: black_usv7(x155,474) black_usv2(x152,912) black_usv20(x168,414) | KILL=28 | ACTIONS=19 | INTENT: focus=2 ratio=0.20
      [ASSIGN] white_usv8->black_usv7(机会锁定)
      [KILL] black_usv20
      [RELEASE] white_usv15->black_usv20(目标失效)
      [KILL] black_usv7
      [RELEASE] white_usv7->black_usv7(目标失效)
      [RELEASE] white_usv8->black_usv7(目标失效)
      [ASSIGN] white_usv15->black_usv2
      [RELEASE] white_usv3->black_usv7(目标失效)
      [ASSIGN] white_usv7->black_usv2
      [ASSIGN] white_usv8->black_usv2
      [DETECT] black_usv19
      [ASSIGN] white_usv3->black_usv19
[t=11,773s] step=330 | MISSION=NORMAL_C | USV: 4/15 (avail=1 int=3 lock=0 frz=0) | UAV: air=15 rtb=0 chg=0 loiter=0 | TRACKS: vis=1 lost=1 engaged=0 | TOP: black_usv2(x147,845) black_usv19(x200,581) | KILL=28 | ACTIONS=19 | INTENT: focus=2 ratio=0.20
[t=12,291s] step=340 | MISSION=NORMAL_C | USV: 4/15 (avail=0 int=1 lock=3 frz=0) | UAV: air=15 rtb=0 chg=0 loiter=0 | TRACKS: vis=2 lost=0 engaged=2 | TOP: black_usv2(x142,911) black_usv19(x198,761) | KILL=28 | ACTIONS=19 | INTENT: focus=2 ratio=0.20
[t=12,813s] step=350 | MISSION=NORMAL_C | USV: 4/15 (avail=0 int=4 lock=0 frz=0) | UAV: air=15 rtb=0 chg=0 loiter=0 | TRACKS: vis=2 lost=0 engaged=0 | TOP: black_usv2(x141,244) black_usv19(x197,074) | KILL=29 | ACTIONS=19 | INTENT: focus=2 ratio=0.20
      [KILL] black_usv2
      [RELEASE] white_usv7->black_usv2(目标失效)
      [RELEASE] white_usv8->black_usv2(目标失效)
      [RELEASE] white_usv15->black_usv2(目标失效)

========================================================================
对局结果: Result.Victory — 敌方所有单位被击毁
  击杀蓝舰: 30 | 命中: 60 | 我方USV损失: 11 | UAV损失: 0 | 突破: 0
[META] result=Result.Victory victory_time=13463 first_detection=1839 first_lock=7390 first_kill=8298 enemy_kills=30 friendly_usv_losses=11 friendly_uav_losses=0 black_breakthrough=0 reacquire_attempts=46 reacquire_success=46 sensor_assisted_locks=59 low_conf_commitments=0 global_reacquire_entries=0 global_reacquire_success=0 coverage_collapse_events=1 active_clusters_max=1 coverage_quality_final=0.22 commander_source=default_intent commander_calls=0 commander_changes=0 commander_no_change=0 commander_parse_failures=0 commander_api_failures=0 commander_policy_failures=0 commander_avg_latency=0.0
Done
