========================================================================
HYBRID AGENT V5 — Variable-Cardinality Hierarchical Maritime Agent
  启用UAV: True | LLM_ENABLED: False
========================================================================
对局 52 开始
      [UAV RELAUNCH] white_uav2
      [UAV RELAUNCH] white_uav4
      [UAV RELAUNCH] white_uav1
      [UAV RELAUNCH] white_uav7
      [UAV RELAUNCH] white_uav8
      [UAV RELAUNCH] white_uav10
      [UAV RELAUNCH] white_uav15
      [UAV RELAUNCH] white_uav13
      [UAV RELAUNCH] white_uav3
      [UAV RELAUNCH] white_uav6
      [UAV RELAUNCH] white_uav9
      [UAV RELAUNCH] white_uav5
      [UAV RELAUNCH] white_uav11
      [UAV RELAUNCH] white_uav14
      [UAV RELAUNCH] white_uav12
[t=303s] step=10 | MISSION=NORMAL_C | USV: 15/15 (avail=15 int=0 lock=0 frz=0) | UAV: air=15 rtb=0 chg=0 loiter=0 | TRACKS: vis=0 lost=0 engaged=0 | TOP:  | KILL=0 | ACTIONS=30 | INTENT: focus=2 ratio=0.20
  [INTENT APPLIED]
    ThreatAllocator: focus 2 emergency 3 reserve_ratio 0.20 reserve_usvs None bias breakthrough_eta
    UAVManager: mode search_and_reacquire uav_priority []
[t=649s] step=20 | MISSION=NORMAL_C | USV: 15/15 (avail=15 int=0 lock=0 frz=0) | UAV: air=15 rtb=0 chg=0 loiter=0 | TRACKS: vis=0 lost=0 engaged=0 | TOP:  | KILL=0 | ACTIONS=30 | INTENT: focus=2 ratio=0.20
[t=995s] step=30 | MISSION=NORMAL_C | USV: 15/15 (avail=15 int=0 lock=0 frz=0) | UAV: air=15 rtb=0 chg=0 loiter=0 | TRACKS: vis=0 lost=0 engaged=0 | TOP:  | KILL=0 | ACTIONS=30 | INTENT: focus=2 ratio=0.20
[t=1,336s] step=40 | MISSION=NORMAL_C | USV: 15/15 (avail=15 int=0 lock=0 frz=0) | UAV: air=15 rtb=0 chg=0 loiter=0 | TRACKS: vis=0 lost=0 engaged=0 | TOP:  | KILL=0 | ACTIONS=30 | INTENT: focus=2 ratio=0.20
[t=1,666s] step=50 | MISSION=NORMAL_C | USV: 15/15 (avail=15 int=0 lock=0 frz=0) | UAV: air=15 rtb=0 chg=0 loiter=0 | TRACKS: vis=0 lost=0 engaged=0 | TOP:  | KILL=0 | ACTIONS=30 | INTENT: focus=2 ratio=0.20
      [DETECT] black_usv19
      [DETECT] black_usv16
      [DETECT] black_usv20
      [DETECT] black_usv10
      [DETECT] black_usv22
      [DETECT] black_usv13
      [DETECT] black_usv15
      [DETECT] black_usv12
      [ASSIGN] white_usv7->black_usv13
      [ASSIGN] white_usv8->black_usv16
      [ASSIGN] white_usv10->black_usv20
      [ASSIGN] white_usv11->black_usv22
      [ASSIGN] white_usv5->black_usv10
      [ASSIGN] white_usv13->black_usv19
      [ASSIGN] white_usv14->black_usv20
      [ASSIGN] white_usv1->black_usv16
      [ASSIGN] white_usv3->black_usv10
      [ASSIGN] white_usv4->black_usv13
      [ASSIGN] white_usv6->black_usv12
      [ASSIGN] white_usv9->black_usv15
      [DETECT] black_usv23
      [DETECT] black_usv4
      [DETECT] black_usv7
      [DETECT] black_usv27
      [DETECT] black_usv17
      [DETECT] black_usv9
      [DETECT] black_usv28
      [DETECT] black_usv14
      [DETECT] black_usv11
      [DETECT] black_usv18
      [DETECT] black_usv24
      [DETECT] black_usv26
      [DETECT] black_usv21
      [DETECT] black_usv25
      [DETECT] black_usv8
      [DETECT] black_usv3
      [ASSIGN] white_usv12->black_usv8
      [ASSIGN] white_usv15->black_usv3
      [DETECT] black_usv5
      [DETECT] black_usv1
      [DETECT] black_usv30
      [DETECT] black_usv6
      [ASSIGN] white_usv2->black_usv30
      [DETECT] black_usv2
      [DETECT] black_usv29
[t=1,893s] step=60 | MISSION=NORMAL_C | USV: 15/15 (avail=0 int=15 lock=0 frz=0) | UAV: air=15 rtb=0 chg=0 loiter=0 | TRACKS: vis=30 lost=0 engaged=0 | TOP: black_usv28(x241,122) black_usv26(x241,141) black_usv7(x241,158) | KILL=0 | ACTIONS=30 | INTENT: focus=2 ratio=0.20
[t=2,146s] step=70 | MISSION=NORMAL_C | USV: 15/15 (avail=0 int=15 lock=0 frz=0) | UAV: air=15 rtb=0 chg=0 loiter=0 | TRACKS: vis=30 lost=0 engaged=0 | TOP: black_usv28(x238,600) black_usv26(x238,621) black_usv7(x238,641) | KILL=0 | ACTIONS=30 | INTENT: focus=2 ratio=0.20
[t=2,475s] step=80 | MISSION=NORMAL_C | USV: 15/15 (avail=0 int=15 lock=0 frz=0) | UAV: air=15 rtb=0 chg=0 loiter=0 | TRACKS: vis=30 lost=0 engaged=0 | TOP: black_usv28(x235,321) black_usv26(x235,345) black_usv7(x235,368) | KILL=0 | ACTIONS=30 | INTENT: focus=2 ratio=0.20
[t=2,810s] step=90 | MISSION=NORMAL_C | USV: 15/15 (avail=0 int=15 lock=0 frz=0) | UAV: air=15 rtb=0 chg=0 loiter=0 | TRACKS: vis=29 lost=1 engaged=0 | TOP: black_usv28(x231,982) black_usv26(x232,010) black_usv7(x232,035) | KILL=0 | ACTIONS=30 | INTENT: focus=2 ratio=0.20
[t=3,053s] step=100 | MISSION=NORMAL_C | USV: 15/15 (avail=0 int=15 lock=0 frz=0) | UAV: air=15 rtb=0 chg=0 loiter=0 | TRACKS: vis=30 lost=0 engaged=0 | TOP: black_usv28(x229,560) black_usv26(x229,590) black_usv7(x229,618) | KILL=0 | ACTIONS=30 | INTENT: focus=2 ratio=0.20
[t=3,391s] step=110 | MISSION=NORMAL_C | USV: 15/15 (avail=0 int=15 lock=0 frz=0) | UAV: air=15 rtb=0 chg=0 loiter=0 | TRACKS: vis=29 lost=1 engaged=0 | TOP: black_usv28(x226,191) black_usv26(x226,224) black_usv7(x226,255) | KILL=0 | ACTIONS=30 | INTENT: focus=2 ratio=0.20
[t=3,703s] step=120 | MISSION=NORMAL_C | USV: 15/15 (avail=0 int=15 lock=0 frz=0) | UAV: air=15 rtb=0 chg=0 loiter=0 | TRACKS: vis=30 lost=0 engaged=0 | TOP: black_usv28(x223,081) black_usv26(x223,118) black_usv7(x223,152) | KILL=0 | ACTIONS=30 | INTENT: focus=2 ratio=0.20
[t=3,998s] step=130 | MISSION=NORMAL_C | USV: 15/15 (avail=0 int=15 lock=0 frz=0) | UAV: air=15 rtb=0 chg=0 loiter=0 | TRACKS: vis=30 lost=0 engaged=0 | TOP: black_usv28(x220,141) black_usv26(x220,180) black_usv7(x220,217) | KILL=0 | ACTIONS=30 | INTENT: focus=2 ratio=0.20
[t=4,291s] step=140 | MISSION=NORMAL_C | USV: 15/15 (avail=0 int=15 lock=0 frz=0) | UAV: air=15 rtb=0 chg=0 loiter=0 | TRACKS: vis=29 lost=1 engaged=0 | TOP: black_usv28(x217,220) black_usv26(x217,263) black_usv7(x217,302) | KILL=0 | ACTIONS=30 | INTENT: focus=2 ratio=0.20
[t=4,589s] step=150 | MISSION=NORMAL_C | USV: 15/15 (avail=0 int=15 lock=0 frz=0) | UAV: air=15 rtb=0 chg=0 loiter=0 | TRACKS: vis=30 lost=0 engaged=0 | TOP: black_usv28(x214,250) black_usv26(x214,295) black_usv7(x214,337) | KILL=0 | ACTIONS=30 | INTENT: focus=2 ratio=0.20
[t=4,808s] step=160 | MISSION=NORMAL_C | USV: 15/15 (avail=0 int=15 lock=0 frz=0) | UAV: air=15 rtb=0 chg=0 loiter=0 | TRACKS: vis=30 lost=0 engaged=0 | TOP: black_usv28(x212,067) black_usv26(x212,115) black_usv7(x212,159) | KILL=0 | ACTIONS=30 | INTENT: focus=2 ratio=0.20
[t=5,129s] step=170 | MISSION=NORMAL_C | USV: 15/15 (avail=0 int=15 lock=0 frz=0) | UAV: air=15 rtb=0 chg=0 loiter=0 | TRACKS: vis=30 lost=0 engaged=0 | TOP: black_usv28(x208,868) black_usv26(x208,918) black_usv7(x208,965) | KILL=0 | ACTIONS=30 | INTENT: focus=2 ratio=0.20
[t=5,463s] step=180 | MISSION=NORMAL_C | USV: 15/15 (avail=0 int=15 lock=0 frz=0) | UAV: air=15 rtb=0 chg=0 loiter=0 | TRACKS: vis=29 lost=1 engaged=0 | TOP: black_usv28(x205,539) black_usv26(x205,593) black_usv7(x205,643) | KILL=0 | ACTIONS=30 | INTENT: focus=2 ratio=0.20
[t=5,795s] step=190 | MISSION=NORMAL_C | USV: 15/15 (avail=0 int=15 lock=0 frz=0) | UAV: air=15 rtb=0 chg=0 loiter=0 | TRACKS: vis=30 lost=0 engaged=0 | TOP: black_usv28(x202,230) black_usv26(x202,287) black_usv7(x202,340) | KILL=0 | ACTIONS=30 | INTENT: focus=2 ratio=0.20
[t=6,116s] step=200 | MISSION=NORMAL_C | USV: 15/15 (avail=0 int=15 lock=0 frz=0) | UAV: air=15 rtb=0 chg=0 loiter=0 | TRACKS: vis=30 lost=0 engaged=0 | TOP: black_usv28(x199,030) black_usv26(x199,090) black_usv7(x199,146) | KILL=0 | ACTIONS=30 | INTENT: focus=2 ratio=0.20
[t=6,456s] step=210 | MISSION=NORMAL_C | USV: 15/15 (avail=0 int=15 lock=0 frz=0) | UAV: air=15 rtb=0 chg=0 loiter=0 | TRACKS: vis=29 lost=1 engaged=0 | TOP: black_usv28(x195,641) black_usv26(x195,705) black_usv7(x195,764) | KILL=0 | ACTIONS=30 | INTENT: focus=2 ratio=0.20
[t=6,822s] step=220 | MISSION=NORMAL_C | USV: 15/15 (avail=0 int=15 lock=0 frz=0) | UAV: air=15 rtb=0 chg=0 loiter=0 | TRACKS: vis=29 lost=1 engaged=0 | TOP: black_usv28(x191,993) black_usv26(x192,060) black_usv7(x192,123) | KILL=0 | ACTIONS=30 | INTENT: focus=2 ratio=0.20
[t=7,132s] step=230 | MISSION=NORMAL_C | USV: 15/15 (avail=0 int=15 lock=0 frz=0) | UAV: air=15 rtb=0 chg=0 loiter=0 | TRACKS: vis=30 lost=0 engaged=0 | TOP: black_usv28(x188,903) black_usv26(x188,974) black_usv7(x189,039) | KILL=0 | ACTIONS=30 | INTENT: focus=2 ratio=0.20
      [ASSIGN] white_usv7->black_usv10(机会锁定)
      [ASSIGN] white_usv8->black_usv10(机会锁定)
      [ASSIGN] white_usv11->black_usv20(机会锁定)
      [ASSIGN] white_usv5->black_usv8(机会锁定)
      [ASSIGN] white_usv3->black_usv8(机会锁定)
      [ASSIGN] white_usv6->black_usv8(机会锁定)
[t=7,358s] step=240 | MISSION=NORMAL_C | USV: 15/15 (avail=0 int=15 lock=0 frz=0) | UAV: air=15 rtb=0 chg=0 loiter=0 | TRACKS: vis=30 lost=0 engaged=0 | TOP: black_usv28(x186,651) black_usv26(x186,723) black_usv7(x186,791) | KILL=0 | ACTIONS=30 | INTENT: focus=2 ratio=0.20
      [ASSIGN] white_usv1->black_usv8(机会锁定)
      [ASSIGN] white_usv4->black_usv12(机会锁定)
      [ASSIGN] white_usv13->black_usv10(机会锁定)
      [ASSIGN] white_usv12->black_usv10(机会锁定)
      [ASSIGN] white_usv15->black_usv10(机会锁定)
      [ASSIGN] white_usv2->black_usv20(机会锁定)
      [ASSIGN] white_usv7->black_usv4(机会锁定)
      [ASSIGN] white_usv8->black_usv22(机会锁定)
      [ASSIGN] white_usv10->black_usv16(机会锁定)
      [ASSIGN] white_usv11->black_usv16(机会锁定)
      [ASSIGN] white_usv5->black_usv1(机会锁定)
      [ASSIGN] white_usv1->black_usv3(机会锁定)
      [ASSIGN] white_usv3->black_usv3(机会锁定)
      [ASSIGN] white_usv6->black_usv3(机会锁定)
[t=7,702s] step=250 | MISSION=NORMAL_C | USV: 15/15 (avail=0 int=6 lock=9 frz=0) | UAV: air=15 rtb=0 chg=0 loiter=0 | TRACKS: vis=30 lost=0 engaged=6 | TOP: black_usv30(x183,051) black_usv3(x183,134) black_usv28(x183,222) | KILL=1 | ACTIONS=30 | INTENT: focus=2 ratio=0.20
      [ASSIGN] white_usv14->black_usv30(机会锁定)
      [ASSIGN] white_usv4->black_usv8(机会锁定)
      [ASSIGN] white_usv9->black_usv8(机会锁定)
      [ASSIGN] white_usv13->black_usv15(机会锁定)
      [ASSIGN] white_usv4->black_usv15(机会锁定)
      [ASSIGN] white_usv9->black_usv15(机会锁定)
      [ASSIGN] white_usv12->black_usv15(机会锁定)
      [ASSIGN] white_usv15->black_usv15(机会锁定)
      [ASSIGN] white_usv2->black_usv10(机会锁定)
      [ASSIGN] white_usv2->black_usv20(机会锁定)
      [ASSIGN] white_usv7->black_usv10(机会锁定)
      [ASSIGN] white_usv8->black_usv10(机会锁定)
      [ASSIGN] white_usv7->black_usv4(机会锁定)
      [ASSIGN] white_usv8->black_usv22(机会锁定)
      [ASSIGN] white_usv10->black_usv22(机会锁定)
      [ASSIGN] white_usv11->black_usv22(机会锁定)
      [ASSIGN] white_usv5->black_usv4(机会锁定)
      [ASSIGN] white_usv1->black_usv4(机会锁定)
      [ASSIGN] white_usv3->black_usv4(机会锁定)
      [ASSIGN] white_usv6->black_usv4(机会锁定)
      [ASSIGN] white_usv14->black_usv26(机会锁定)
[t=8,075s] step=260 | MISSION=NORMAL_C | USV: 15/15 (avail=0 int=1 lock=14 frz=0) | UAV: air=15 rtb=0 chg=0 loiter=0 | TRACKS: vis=29 lost=1 engaged=4 | TOP: black_usv28(x179,504) black_usv26(x179,584) black_usv7(x179,658) | KILL=4 | ACTIONS=30 | INTENT: focus=2 ratio=0.20
      [ASSIGN] white_usv13->black_usv27(机会锁定)
      [ASSIGN] white_usv4->black_usv19(机会锁定)
      [ASSIGN] white_usv9->black_usv19(机会锁定)
      [ASSIGN] white_usv12->black_usv19(机会锁定)
      [ASSIGN] white_usv15->black_usv19(机会锁定)
      [ASSIGN] white_usv2->black_usv30(机会锁定)
      [KILL] black_usv8
      [ASSIGN] white_usv7->black_usv12(机会锁定)
      [ASSIGN] white_usv8->black_usv20(机会锁定)
      [ASSIGN] white_usv10->black_usv20(机会锁定)
      [ASSIGN] white_usv5->black_usv11(机会锁定)
      [ASSIGN] white_usv1->black_usv11(机会锁定)
      [ASSIGN] white_usv3->black_usv11(机会锁定)
      [ASSIGN] white_usv6->black_usv11(机会锁定)
      [KILL] black_usv10
      [ASSIGN] white_usv8->black_usv22(机会锁定)
      [ASSIGN] white_usv10->black_usv22(机会锁定)
      [ASSIGN] white_usv14->black_usv21(机会锁定)
      [ASSIGN] white_usv8->black_usv4(机会锁定)
      [ASSIGN] white_usv10->black_usv20(机会锁定)
      [ASSIGN] white_usv13->black_usv20(机会锁定)
      [ASSIGN] white_usv4->black_usv7(机会锁定)
      [ASSIGN] white_usv9->black_usv4(机会锁定)
      [ASSIGN] white_usv12->black_usv4(机会锁定)
      [ASSIGN] white_usv15->black_usv4(机会锁定)
[t=8,457s] step=270 | MISSION=NORMAL_C | USV: 14/15 (avail=0 int=7 lock=7 frz=0) | UAV: air=15 rtb=0 chg=0 loiter=0 | TRACKS: vis=27 lost=1 engaged=4 | TOP: black_usv28(x175,696) black_usv7(x175,857) black_usv26(x176,467) | KILL=9 | ACTIONS=29 | INTENT: focus=2 ratio=0.20
      [ASSIGN] white_usv8->black_usv27(机会锁定)
      [ASSIGN] white_usv10->black_usv27(机会锁定)
      [ASSIGN] white_usv13->black_usv27(机会锁定)
      [ASSIGN] white_usv9->black_usv27(机会锁定)
      [ASSIGN] white_usv12->black_usv27(机会锁定)
      [ASSIGN] white_usv15->black_usv27(机会锁定)
      [ASSIGN] white_usv2->black_usv20(机会锁定)
      [ASSIGN] white_usv2->black_usv30(机会锁定)
      [ASSIGN] white_usv2->black_usv20(机会锁定)
      [KILL] black_usv16
      [KILL] black_usv3
      [ASSIGN] white_usv2->black_usv14(机会锁定)
      [ASSIGN] white_usv7->black_usv1(机会锁定)
      [ASSIGN] white_usv5->black_usv1(机会锁定)
      [ASSIGN] white_usv1->black_usv1(机会锁定)
      [ASSIGN] white_usv3->black_usv1(机会锁定)
      [ASSIGN] white_usv6->black_usv1(机会锁定)
      [KILL] black_usv15
      [ASSIGN] white_usv14->black_usv28(机会锁定)
      [ASSIGN] white_usv4->black_usv11(机会锁定)
      [KILL] black_usv20
      [ASSIGN] white_usv8->black_usv12(机会锁定)
      [ASSIGN] white_usv10->black_usv21(机会锁定)
      [ASSIGN] white_usv13->black_usv19(机会锁定)
      [ASSIGN] white_usv4->black_usv7(机会锁定)
      [ASSIGN] white_usv9->black_usv12(机会锁定)
      [ASSIGN] white_usv12->black_usv12(机会锁定)
      [ASSIGN] white_usv15->black_usv12(机会锁定)
      [ASSIGN] white_usv8->black_usv27(机会锁定)
      [ASSIGN] white_usv13->black_usv27(机会锁定)
      [ASSIGN] white_usv9->black_usv27(机会锁定)
      [ASSIGN] white_usv12->black_usv27(机会锁定)
      [ASSIGN] white_usv15->black_usv27(机会锁定)
[t=8,875s] step=280 | MISSION=NORMAL_C | USV: 14/15 (avail=0 int=5 lock=9 frz=0) | UAV: air=15 rtb=0 chg=0 loiter=0 | TRACKS: vis=23 lost=0 engaged=5 | TOP: black_usv24(x172,882) black_usv11(x174,248) black_usv2(x173,244) | KILL=13 | ACTIONS=29 | INTENT: focus=2 ratio=0.20
      [ASSIGN] white_usv8->black_usv12(机会锁定)
      [ASSIGN] white_usv13->black_usv19(机会锁定)
      [ASSIGN] white_usv9->black_usv11(机会锁定)
      [ASSIGN] white_usv12->black_usv11(机会锁定)
      [ASSIGN] white_usv15->black_usv12(机会锁定)
      [ASSIGN] white_usv8->black_usv27(机会锁定)
      [ASSIGN] white_usv13->black_usv27(机会锁定)
      [ASSIGN] white_usv9->black_usv27(机会锁定)
      [ASSIGN] white_usv12->black_usv27(机会锁定)
      [ASSIGN] white_usv15->black_usv27(机会锁定)
      [KILL] black_usv22
      [KILL] black_usv4
      [ASSIGN] white_usv8->black_usv7(机会锁定)
      [ASSIGN] white_usv13->black_usv19(机会锁定)
      [ASSIGN] white_usv9->black_usv7(机会锁定)
      [ASSIGN] white_usv12->black_usv11(机会锁定)
      [ASSIGN] white_usv15->black_usv12(机会锁定)
      [ASSIGN] white_usv2->black_usv26(机会锁定)
      [ASSIGN] white_usv7->black_usv27(机会锁定)
      [ASSIGN] white_usv8->black_usv27(机会锁定)
      [ASSIGN] white_usv5->black_usv27(机会锁定)
      [ASSIGN] white_usv13->black_usv27(机会锁定)
      [ASSIGN] white_usv1->black_usv27(机会锁定)
      [ASSIGN] white_usv3->black_usv27(机会锁定)
      [ASSIGN] white_usv6->black_usv27(机会锁定)
      [ASSIGN] white_usv12->black_usv27(机会锁定)
      [ASSIGN] white_usv15->black_usv27(机会锁定)
      [ASSIGN] white_usv2->black_usv27(机会锁定)
      [DETECT] black_usv6
      [KILL] black_usv19
      [ASSIGN] white_usv7->black_usv1(机会锁定)
      [ASSIGN] white_usv8->black_usv1(机会锁定)
      [ASSIGN] white_usv5->black_usv1(机会锁定)
      [ASSIGN] white_usv13->black_usv1(机会锁定)
      [ASSIGN] white_usv14->black_usv14(机会锁定)
      [ASSIGN] white_usv1->black_usv1(机会锁定)
      [ASSIGN] white_usv3->black_usv1(机会锁定)
      [ASSIGN] white_usv6->black_usv1(机会锁定)
      [ASSIGN] white_usv12->black_usv1(机会锁定)
      [ASSIGN] white_usv15->black_usv1(机会锁定)
      [ASSIGN] white_usv2->black_usv14(机会锁定)
      [ASSIGN] white_usv7->black_usv27(机会锁定)
      [ASSIGN] white_usv8->black_usv27(机会锁定)
      [ASSIGN] white_usv10->black_usv27(机会锁定)
      [ASSIGN] white_usv5->black_usv27(机会锁定)
      [ASSIGN] white_usv13->black_usv27(机会锁定)
      [ASSIGN] white_usv1->black_usv11(机会锁定)
      [ASSIGN] white_usv3->black_usv11(机会锁定)
      [ASSIGN] white_usv6->black_usv11(机会锁定)
      [ASSIGN] white_usv12->black_usv7(机会锁定)
      [ASSIGN] white_usv15->black_usv27(机会锁定)
      [KILL] black_usv30
      [ASSIGN] white_usv7->black_usv1(机会锁定)
      [ASSIGN] white_usv8->black_usv1(机会锁定)
      [ASSIGN] white_usv10->black_usv21(机会锁定)
      [ASSIGN] white_usv5->black_usv1(机会锁定)
      [ASSIGN] white_usv13->black_usv1(机会锁定)
      [ASSIGN] white_usv1->black_usv1(机会锁定)
      [ASSIGN] white_usv3->black_usv1(机会锁定)
      [ASSIGN] white_usv4->black_usv1(机会锁定)
      [ASSIGN] white_usv6->black_usv1(机会锁定)
      [ASSIGN] white_usv12->black_usv1(机会锁定)
      [ASSIGN] white_usv15->black_usv1(机会锁定)
      [ASSIGN] white_usv7->black_usv27(机会锁定)
      [ASSIGN] white_usv10->black_usv27(机会锁定)
      [ASSIGN] white_usv5->black_usv27(机会锁定)
      [ASSIGN] white_usv13->black_usv27(机会锁定)
      [ASSIGN] white_usv1->black_usv11(机会锁定)
      [ASSIGN] white_usv3->black_usv11(机会锁定)
      [ASSIGN] white_usv4->black_usv27(机会锁定)
      [ASSIGN] white_usv6->black_usv11(机会锁定)
      [ASSIGN] white_usv15->black_usv27(机会锁定)
      [ASSIGN] white_usv7->black_usv7(机会锁定)
      [ASSIGN] white_usv10->black_usv21(机会锁定)
      [ASSIGN] white_usv5->black_usv7(机会锁定)
      [ASSIGN] white_usv13->black_usv12(机会锁定)
      [ASSIGN] white_usv1->black_usv12(机会锁定)
      [ASSIGN] white_usv3->black_usv7(机会锁定)
      [ASSIGN] white_usv4->black_usv12(机会锁定)
      [ASSIGN] white_usv6->black_usv12(机会锁定)
      [ASSIGN] white_usv15->black_usv12(机会锁定)
      [ASSIGN] white_usv8->black_usv27(机会锁定)
      [ASSIGN] white_usv13->black_usv27(机会锁定)
      [ASSIGN] white_usv1->black_usv11(机会锁定)
      [ASSIGN] white_usv3->black_usv11(机会锁定)
      [ASSIGN] white_usv4->black_usv27(机会锁定)
      [ASSIGN] white_usv6->black_usv11(机会锁定)
      [ASSIGN] white_usv15->black_usv27(机会锁定)
[t=9,247s] step=290 | MISSION=NORMAL_C | USV: 14/15 (avail=0 int=8 lock=6 frz=0) | UAV: air=15 rtb=0 chg=0 loiter=0 | TRACKS: vis=20 lost=0 engaged=3 | TOP: black_usv24(x169,168) black_usv28(x169,666) black_usv2(x169,608) | KILL=14 | ACTIONS=29 | INTENT: focus=2 ratio=0.20
      [ASSIGN] white_usv8->black_usv1(机会锁定)
      [ASSIGN] white_usv13->black_usv12(机会锁定)
      [ASSIGN] white_usv1->black_usv1(机会锁定)
      [ASSIGN] white_usv3->black_usv1(机会锁定)
      [ASSIGN] white_usv4->black_usv12(机会锁定)
      [ASSIGN] white_usv6->black_usv1(机会锁定)
      [ASSIGN] white_usv15->black_usv12(机会锁定)
      [KILL] black_usv12
      [KILL] black_usv11
      [ASSIGN] white_usv8->black_usv27(机会锁定)
      [RELEASE] white_usv13->black_usv12(目标失效)
      [ASSIGN] white_usv13->black_usv27(机会锁定)
      [ASSIGN] white_usv1->black_usv7(机会锁定)
      [ASSIGN] white_usv3->black_usv7(机会锁定)
      [RELEASE] white_usv4->black_usv12(目标失效)
      [ASSIGN] white_usv4->black_usv27(机会锁定)
      [ASSIGN] white_usv6->black_usv7(机会锁定)
      [ASSIGN] white_usv12->black_usv27(机会锁定)
      [RELEASE] white_usv15->black_usv12(目标失效)
      [ASSIGN] white_usv15->black_usv27(机会锁定)
      [ASSIGN] white_usv8->black_usv1(机会锁定)
      [ASSIGN] white_usv13->black_usv1(机会锁定)
      [ASSIGN] white_usv4->black_usv1(机会锁定)
      [ASSIGN] white_usv9->black_usv1(机会锁定)
      [ASSIGN] white_usv12->black_usv1(机会锁定)
      [ASSIGN] white_usv15->black_usv1(机会锁定)
      [ASSIGN] white_usv8->black_usv27(机会锁定)
      [ASSIGN] white_usv13->black_usv27(机会锁定)
      [ASSIGN] white_usv4->black_usv27(机会锁定)
      [ASSIGN] white_usv9->black_usv27(机会锁定)
      [ASSIGN] white_usv12->black_usv27(机会锁定)
      [ASSIGN] white_usv15->black_usv27(机会锁定)
      [KILL] black_usv27
      [RELEASE] white_usv8->black_usv27(目标失效)
      [ASSIGN] white_usv8->black_usv1(机会锁定)
      [RELEASE] white_usv13->black_usv27(目标失效)
      [ASSIGN] white_usv13->black_usv1(机会锁定)
      [ASSIGN] white_usv14->black_usv26(机会锁定)
      [RELEASE] white_usv4->black_usv27(目标失效)
      [ASSIGN] white_usv4->black_usv1(机会锁定)
      [RELEASE] white_usv9->black_usv27(目标失效)
      [ASSIGN] white_usv9->black_usv1(机会锁定)
      [RELEASE] white_usv12->black_usv27(目标失效)
      [ASSIGN] white_usv12->black_usv1(机会锁定)
      [RELEASE] white_usv15->black_usv27(目标失效)
      [ASSIGN] white_usv15->black_usv1(机会锁定)
      [ASSIGN] white_usv2->black_usv18(机会锁定)
      [ASSIGN] white_usv8->black_usv7(机会锁定)
      [ASSIGN] white_usv13->black_usv13(机会锁定)
      [ASSIGN] white_usv9->black_usv7(机会锁定)
      [ASSIGN] white_usv12->black_usv7(机会锁定)
      [ASSIGN] white_usv15->black_usv13(机会锁定)
      [ASSIGN] white_usv7->black_usv1(机会锁定)
      [ASSIGN] white_usv8->black_usv1(机会锁定)
      [ASSIGN] white_usv10->black_usv14(机会锁定)
      [ASSIGN] white_usv5->black_usv1(机会锁定)
      [ASSIGN] white_usv1->black_usv1(机会锁定)
      [ASSIGN] white_usv3->black_usv1(机会锁定)
      [ASSIGN] white_usv6->black_usv1(机会锁定)
      [ASSIGN] white_usv9->black_usv1(机会锁定)
      [ASSIGN] white_usv12->black_usv1(机会锁定)
      [ASSIGN] white_usv7->black_usv7(机会锁定)
      [ASSIGN] white_usv8->black_usv7(机会锁定)
      [ASSIGN] white_usv5->black_usv7(机会锁定)
      [ASSIGN] white_usv1->black_usv7(机会锁定)
      [ASSIGN] white_usv3->black_usv7(机会锁定)
      [ASSIGN] white_usv4->black_usv7(机会锁定)
      [ASSIGN] white_usv6->black_usv7(机会锁定)
      [ASSIGN] white_usv9->black_usv7(机会锁定)
      [ASSIGN] white_usv12->black_usv7(机会锁定)
      [KILL] black_usv1
      [ASSIGN] white_usv8->black_usv14(机会锁定)
[t=9,664s] step=300 | MISSION=NORMAL_C | USV: 13/15 (avail=0 int=9 lock=4 frz=0) | UAV: air=15 rtb=0 chg=0 loiter=0 | TRACKS: vis=16 lost=0 engaged=4 | TOP: black_usv24(x165,004) black_usv2(x165,532) black_usv28(x166,666) | KILL=16 | ACTIONS=28 | INTENT: focus=2 ratio=0.20
      [ASSIGN] white_usv1->black_usv9(机会锁定)
      [ASSIGN] white_usv14->black_usv24(机会锁定)
      [ASSIGN] white_usv3->black_usv9(机会锁定)
      [ASSIGN] white_usv6->black_usv9(机会锁定)
      [ASSIGN] white_usv4->black_usv14(机会锁定)
      [ASSIGN] white_usv12->black_usv9(机会锁定)
      [ASSIGN] white_usv2->black_usv26(机会锁定)
      [ASSIGN] white_usv2->black_usv18(机会锁定)
      [ASSIGN] white_usv2->black_usv26(机会锁定)
      [ASSIGN] white_usv7->black_usv14(机会锁定)
      [ASSIGN] white_usv10->black_usv18(机会锁定)
      [ASSIGN] white_usv2->black_usv18(机会锁定)
      [ASSIGN] white_usv7->black_usv7(机会锁定)
      [ASSIGN] white_usv8->black_usv13(机会锁定)
      [ASSIGN] white_usv4->black_usv13(机会锁定)
      [ASSIGN] white_usv7->black_usv14(机会锁定)
      [ASSIGN] white_usv1->black_usv5(机会锁定)
      [ASSIGN] white_usv9->black_usv5(机会锁定)
[t=10,062s] step=310 | MISSION=NORMAL_C | USV: 12/15 (avail=0 int=4 lock=8 frz=0) | UAV: air=15 rtb=0 chg=0 loiter=0 | TRACKS: vis=16 lost=0 engaged=4 | TOP: black_usv23(x161,687) black_usv28(x162,699) black_usv2(x161,642) | KILL=18 | ACTIONS=27 | INTENT: focus=2 ratio=0.20
      [ASSIGN] white_usv7->black_usv26(机会锁定)
      [ASSIGN] white_usv14->black_usv28(机会锁定)
      [ASSIGN] white_usv3->black_usv2(机会锁定)
      [ASSIGN] white_usv6->black_usv2(机会锁定)
      [ASSIGN] white_usv12->black_usv2(机会锁定)
      [ASSIGN] white_usv7->black_usv14(机会锁定)
      [KILL] black_usv7
      [KILL] black_usv21
      [ASSIGN] white_usv7->black_usv29(机会锁定)
      [RELEASE] white_usv5->black_usv7(目标失效)
      [ASSIGN] white_usv10->black_usv14(机会锁定)
      [ASSIGN] white_usv5->black_usv23
      [ASSIGN] white_usv2->black_usv14(机会锁定)
      [ASSIGN] white_usv10->black_usv18(机会锁定)
      [ASSIGN] white_usv2->black_usv18(机会锁定)
      [ASSIGN] white_usv10->black_usv14(机会锁定)
      [ASSIGN] white_usv5->black_usv14(机会锁定)
      [ASSIGN] white_usv2->black_usv14(机会锁定)
      [KILL] black_usv26
      [ASSIGN] white_usv8->black_usv18(机会锁定)
      [ASSIGN] white_usv10->black_usv18(机会锁定)
      [ASSIGN] white_usv4->black_usv18(机会锁定)
      [ASSIGN] white_usv2->black_usv18(机会锁定)
      [ASSIGN] white_usv8->black_usv13(机会锁定)
      [ASSIGN] white_usv10->black_usv24(机会锁定)
      [ASSIGN] white_usv1->black_usv9(机会锁定)
      [ASSIGN] white_usv4->black_usv13(机会锁定)
      [ASSIGN] white_usv9->black_usv9(机会锁定)
      [ASSIGN] white_usv2->black_usv24(机会锁定)
      [ASSIGN] white_usv8->black_usv18(机会锁定)
      [ASSIGN] white_usv5->black_usv18(机会锁定)
      [ASSIGN] white_usv14->black_usv18(机会锁定)
      [ASSIGN] white_usv1->black_usv5(机会锁定)
      [ASSIGN] white_usv3->black_usv5(机会锁定)
      [ASSIGN] white_usv4->black_usv18(机会锁定)
      [ASSIGN] white_usv6->black_usv5(机会锁定)
      [ASSIGN] white_usv9->black_usv5(机会锁定)
      [ASSIGN] white_usv12->black_usv5(机会锁定)
      [ASSIGN] white_usv7->black_usv14(机会锁定)
      [ASSIGN] white_usv8->black_usv14(机会锁定)
      [ASSIGN] white_usv5->black_usv14(机会锁定)
      [ASSIGN] white_usv14->black_usv28(机会锁定)
      [ASSIGN] white_usv1->black_usv9(机会锁定)
      [ASSIGN] white_usv3->black_usv9(机会锁定)
      [ASSIGN] white_usv4->black_usv14(机会锁定)
      [ASSIGN] white_usv6->black_usv9(机会锁定)
      [ASSIGN] white_usv9->black_usv9(机会锁定)
      [ASSIGN] white_usv12->black_usv9(机会锁定)
[t=10,525s] step=320 | MISSION=NORMAL_C | USV: 12/15 (avail=0 int=10 lock=2 frz=0) | UAV: air=15 rtb=0 chg=0 loiter=0 | TRACKS: vis=13 lost=0 engaged=1 | TOP: black_usv23(x157,058) black_usv28(x159,071) black_usv2(x158,055) | KILL=24 | ACTIONS=27 | INTENT: focus=2 ratio=0.20
      [ASSIGN] white_usv7->black_usv29(机会锁定)
      [ASSIGN] white_usv8->black_usv29(机会锁定)
      [ASSIGN] white_usv5->black_usv29(机会锁定)
      [ASSIGN] white_usv14->black_usv29(机会锁定)
      [ASSIGN] white_usv1->black_usv5(机会锁定)
      [ASSIGN] white_usv3->black_usv5(机会锁定)
      [ASSIGN] white_usv4->black_usv29(机会锁定)
      [ASSIGN] white_usv6->black_usv5(机会锁定)
      [ASSIGN] white_usv9->black_usv5(机会锁定)
      [ASSIGN] white_usv12->black_usv5(机会锁定)
      [KILL] black_usv14
      [ASSIGN] white_usv1->black_usv9(机会锁定)
      [ASSIGN] white_usv3->black_usv9(机会锁定)
      [ASSIGN] white_usv6->black_usv9(机会锁定)
      [ASSIGN] white_usv9->black_usv9(机会锁定)
      [ASSIGN] white_usv12->black_usv9(机会锁定)
      [KILL] black_usv9
      [RELEASE] white_usv1->black_usv9(目标失效)
      [ASSIGN] white_usv1->black_usv5(机会锁定)
      [RELEASE] white_usv3->black_usv9(目标失效)
      [ASSIGN] white_usv3->black_usv5(机会锁定)
      [RELEASE] white_usv6->black_usv9(目标失效)
      [ASSIGN] white_usv6->black_usv5(机会锁定)
      [RELEASE] white_usv9->black_usv9(目标失效)
      [ASSIGN] white_usv9->black_usv5(机会锁定)
      [RELEASE] white_usv12->black_usv9(目标失效)
      [ASSIGN] white_usv12->black_usv5(机会锁定)
      [ASSIGN] white_usv3->black_usv2(机会锁定)
      [ASSIGN] white_usv6->black_usv2(机会锁定)
      [ASSIGN] white_usv9->black_usv13(机会锁定)
      [ASSIGN] white_usv12->black_usv2(机会锁定)
      [ASSIGN] white_usv3->black_usv5(机会锁定)
      [ASSIGN] white_usv6->black_usv5(机会锁定)
      [ASSIGN] white_usv9->black_usv18(机会锁定)
      [ASSIGN] white_usv12->black_usv5(机会锁定)
      [ASSIGN] white_usv10->black_usv23(机会锁定)
      [ASSIGN] white_usv3->black_usv2(机会锁定)
      [ASSIGN] white_usv6->black_usv2(机会锁定)
      [ASSIGN] white_usv9->black_usv13(机会锁定)
      [ASSIGN] white_usv12->black_usv2(机会锁定)
      [ASSIGN] white_usv2->black_usv23(机会锁定)
      [ASSIGN] white_usv3->black_usv5(机会锁定)
      [ASSIGN] white_usv6->black_usv5(机会锁定)
      [ASSIGN] white_usv9->black_usv18(机会锁定)
      [ASSIGN] white_usv12->black_usv5(机会锁定)
      [ASSIGN] white_usv2->black_usv24(机会锁定)
      [KILL] black_usv18
      [ASSIGN] white_usv1->black_usv2(机会锁定)
      [ASSIGN] white_usv3->black_usv2(机会锁定)
      [RELEASE] white_usv9->black_usv18(目标失效)
      [ASSIGN] white_usv9->black_usv13(机会锁定)
      [ASSIGN] white_usv12->black_usv2(机会锁定)
      [ASSIGN] white_usv2->black_usv28(机会锁定)
      [ASSIGN] white_usv1->black_usv5(机会锁定)
      [ASSIGN] white_usv3->black_usv5(机会锁定)
      [ASSIGN] white_usv12->black_usv5(机会锁定)
      [ASSIGN] white_usv2->black_usv24(机会锁定)
      [ASSIGN] white_usv7->black_usv24(机会锁定)
      [ASSIGN] white_usv8->black_usv13(机会锁定)
      [ASSIGN] white_usv5->black_usv24(机会锁定)
      [ASSIGN] white_usv1->black_usv2(机会锁定)
      [ASSIGN] white_usv3->black_usv2(机会锁定)
      [ASSIGN] white_usv12->black_usv2(机会锁定)
      [ASSIGN] white_usv2->black_usv28(机会锁定)
[t=10,931s] step=330 | MISSION=NORMAL_C | USV: 10/15 (avail=0 int=9 lock=1 frz=0) | UAV: air=15 rtb=0 chg=0 loiter=0 | TRACKS: vis=10 lost=0 engaged=1 | TOP: black_usv28(x159,071) black_usv2(x158,055) black_usv17(x159,027) | KILL=26 | ACTIONS=25 | INTENT: focus=2 ratio=0.20
      [ASSIGN] white_usv7->black_usv29(机会锁定)
      [ASSIGN] white_usv8->black_usv29(机会锁定)
      [ASSIGN] white_usv5->black_usv29(机会锁定)
      [ASSIGN] white_usv1->black_usv5(机会锁定)
      [ASSIGN] white_usv3->black_usv5(机会锁定)
      [ASSIGN] white_usv9->black_usv29(机会锁定)
      [ASSIGN] white_usv12->black_usv5(机会锁定)
      [ASSIGN] white_usv2->black_usv29(机会锁定)
      [KILL] black_usv13
      [ASSIGN] white_usv8->black_usv24(机会锁定)
      [ASSIGN] white_usv5->black_usv24(机会锁定)
      [ASSIGN] white_usv1->black_usv2(机会锁定)
      [ASSIGN] white_usv3->black_usv2(机会锁定)
      [ASSIGN] white_usv6->black_usv2(机会锁定)
      [ASSIGN] white_usv9->black_usv24(机会锁定)
      [ASSIGN] white_usv12->black_usv2(机会锁定)
      [ASSIGN] white_usv2->black_usv24(机会锁定)
      [KILL] black_usv28
      [KILL] black_usv5
      [KILL] black_usv2
      [ASSIGN] white_usv8->black_usv29(机会锁定)
      [ASSIGN] white_usv5->black_usv29(机会锁定)
      [RELEASE] white_usv1->black_usv2(目标失效)
      [RELEASE] white_usv3->black_usv2(目标失效)
      [RELEASE] white_usv6->black_usv2(目标失效)
      [ASSIGN] white_usv9->black_usv29(机会锁定)
      [RELEASE] white_usv12->black_usv2(目标失效)
      [ASSIGN] white_usv2->black_usv29(机会锁定)
      [ASSIGN] white_usv8->black_usv24(机会锁定)
      [ASSIGN] white_usv5->black_usv24(机会锁定)
      [ASSIGN] white_usv1->black_usv17
      [ASSIGN] white_usv3->black_usv6
      [ASSIGN] white_usv6->black_usv24
      [ASSIGN] white_usv9->black_usv24(机会锁定)
      [ASSIGN] white_usv12->black_usv25
      [ASSIGN] white_usv8->black_usv23(机会锁定)
      [ASSIGN] white_usv5->black_usv23(机会锁定)
      [ASSIGN] white_usv9->black_usv23(机会锁定)
      [ASSIGN] white_usv8->black_usv24(机会锁定)
      [ASSIGN] white_usv5->black_usv24(机会锁定)
      [ASSIGN] white_usv9->black_usv24(机会锁定)
      [ASSIGN] white_usv8->black_usv23(机会锁定)
      [ASSIGN] white_usv5->black_usv23(机会锁定)
      [ASSIGN] white_usv9->black_usv23(机会锁定)
      [ASSIGN] white_usv6->black_usv29(机会锁定)
      [KILL] black_usv24
[t=11,398s] step=340 | MISSION=NORMAL_C | USV: 10/15 (avail=0 int=6 lock=4 frz=0) | UAV: air=15 rtb=0 chg=0 loiter=0 | TRACKS: vis=5 lost=0 engaged=1 | TOP: black_usv17(x154,371) black_usv23(x151,340) black_usv25(x160,401) | KILL=26 | ACTIONS=25 | INTENT: focus=2 ratio=0.20
      [ASSIGN] white_usv8->black_usv25(机会锁定)
      [ASSIGN] white_usv10->black_usv29(机会锁定)
      [ASSIGN] white_usv5->black_usv29(机会锁定)
      [ASSIGN] white_usv9->black_usv29(机会锁定)
      [ASSIGN] white_usv8->black_usv23(机会锁定)
      [ASSIGN] white_usv10->black_usv23(机会锁定)
      [ASSIGN] white_usv5->black_usv23(机会锁定)
      [ASSIGN] white_usv1->black_usv29(机会锁定)
      [ASSIGN] white_usv9->black_usv23(机会锁定)
      [KILL] black_usv29
      [RELEASE] white_usv7->black_usv29(目标失效)
      [ASSIGN] white_usv7->black_usv23(机会锁定)
      [RELEASE] white_usv1->black_usv29(目标失效)
      [RELEASE] white_usv6->black_usv29(目标失效)
      [RELEASE] white_usv2->black_usv29(目标失效)
      [ASSIGN] white_usv2->black_usv23(机会锁定)
      [ASSIGN] white_usv1->black_usv17
      [ASSIGN] white_usv6->black_usv17
      [ASSIGN] white_usv6->black_usv23(机会锁定)
      [ASSIGN] white_usv7->black_usv25(机会锁定)
      [ASSIGN] white_usv2->black_usv17(机会锁定)
[t=11,924s] step=350 | MISSION=NORMAL_C | USV: 10/15 (avail=0 int=9 lock=1 frz=0) | UAV: air=15 rtb=0 chg=0 loiter=0 | TRACKS: vis=4 lost=0 engaged=1 | TOP: black_usv17(x149,128) black_usv23(x150,860) black_usv25(x155,149) | KILL=27 | ACTIONS=25 | INTENT: focus=2 ratio=0.20
      [ASSIGN] white_usv1->black_usv23(机会锁定)
      [ASSIGN] white_usv6->black_usv25(机会锁定)
      [KILL] black_usv23
      [RELEASE] white_usv8->black_usv23(目标失效)
      [RELEASE] white_usv10->black_usv23(目标失效)
      [ASSIGN] white_usv10->black_usv17(机会锁定)
      [RELEASE] white_usv5->black_usv23(目标失效)
      [ASSIGN] white_usv5->black_usv25(机会锁定)
      [RELEASE] white_usv1->black_usv23(目标失效)
      [RELEASE] white_usv9->black_usv23(目标失效)
      [ASSIGN] white_usv9->black_usv25(机会锁定)
      [ASSIGN] white_usv8->black_usv25(机会锁定)
      [ASSIGN] white_usv1->black_usv6
      [ASSIGN] white_usv7->black_usv17(机会锁定)
      [ASSIGN] white_usv8->black_usv17(机会锁定)
      [ASSIGN] white_usv5->black_usv17(机会锁定)
      [ASSIGN] white_usv6->black_usv17(机会锁定)
      [ASSIGN] white_usv9->black_usv17(机会锁定)
      [ASSIGN] white_usv7->black_usv25(机会锁定)
      [ASSIGN] white_usv8->black_usv25(机会锁定)
      [ASSIGN] white_usv10->black_usv25(机会锁定)
      [ASSIGN] white_usv5->black_usv25(机会锁定)
      [ASSIGN] white_usv6->black_usv25(机会锁定)
      [ASSIGN] white_usv9->black_usv25(机会锁定)
      [ASSIGN] white_usv2->black_usv25(机会锁定)
[t=12,475s] step=360 | MISSION=NORMAL_C | USV: 10/15 (avail=0 int=9 lock=1 frz=0) | UAV: air=15 rtb=0 chg=0 loiter=0 | TRACKS: vis=3 lost=0 engaged=1 | TOP: black_usv25(x152,549) black_usv17(x145,848) black_usv6(x200,568) | KILL=29 | ACTIONS=25 | INTENT: focus=2 ratio=0.20
      [ASSIGN] white_usv7->black_usv17(机会锁定)
      [ASSIGN] white_usv8->black_usv17(机会锁定)
      [ASSIGN] white_usv10->black_usv17(机会锁定)
      [ASSIGN] white_usv5->black_usv17(机会锁定)
      [ASSIGN] white_usv6->black_usv17(机会锁定)
      [ASSIGN] white_usv9->black_usv17(机会锁定)
      [ASSIGN] white_usv2->black_usv17(机会锁定)
      [ASSIGN] white_usv7->black_usv25(机会锁定)
      [ASSIGN] white_usv8->black_usv25(机会锁定)
      [ASSIGN] white_usv10->black_usv25(机会锁定)
      [ASSIGN] white_usv5->black_usv25(机会锁定)
      [ASSIGN] white_usv6->black_usv25(机会锁定)
      [ASSIGN] white_usv9->black_usv25(机会锁定)
      [ASSIGN] white_usv2->black_usv25(机会锁定)
      [ASSIGN] white_usv7->black_usv17(机会锁定)
      [ASSIGN] white_usv8->black_usv17(机会锁定)
      [ASSIGN] white_usv10->black_usv17(机会锁定)
      [ASSIGN] white_usv6->black_usv17(机会锁定)
      [ASSIGN] white_usv9->black_usv17(机会锁定)
      [ASSIGN] white_usv2->black_usv17(机会锁定)
      [ASSIGN] white_usv7->black_usv25(机会锁定)
      [ASSIGN] white_usv8->black_usv25(机会锁定)
      [ASSIGN] white_usv10->black_usv25(机会锁定)
      [ASSIGN] white_usv6->black_usv25(机会锁定)
      [ASSIGN] white_usv9->black_usv25(机会锁定)
      [ASSIGN] white_usv2->black_usv25(机会锁定)
      [ASSIGN] white_usv7->black_usv17(机会锁定)
      [ASSIGN] white_usv8->black_usv17(机会锁定)
      [ASSIGN] white_usv6->black_usv17(机会锁定)
      [ASSIGN] white_usv2->black_usv17(机会锁定)
      [KILL] black_usv25
      [RELEASE] white_usv10->black_usv25(目标失效)
      [RELEASE] white_usv5->black_usv25(目标失效)
      [RELEASE] white_usv9->black_usv25(目标失效)
      [RELEASE] white_usv12->black_usv25(目标失效)
      [ASSIGN] white_usv10->black_usv17(机会锁定)
      [ASSIGN] white_usv12->black_usv6
      [KILL] black_usv17
      [RELEASE] white_usv7->black_usv17(目标失效)
      [RELEASE] white_usv8->black_usv17(目标失效)
      [RELEASE] white_usv10->black_usv17(目标失效)
      [RELEASE] white_usv6->black_usv17(目标失效)
      [RELEASE] white_usv2->black_usv17(目标失效)
[t=13,265s] step=370 | MISSION=TERMINAL | USV: 10/15 (avail=7 int=3 lock=0 frz=0) | UAV: air=15 rtb=0 chg=0 loiter=0 | TRACKS: vis=1 lost=0 engaged=0 | TOP: black_usv6(x200,119) | KILL=30 | ACTIONS=25 | INTENT: focus=2 ratio=0.20

========================================================================
对局结果: Result.Victory — 敌方所有单位被击毁
  击杀蓝舰: 30 | 命中: 60 | 我方USV损失: 5 | UAV损失: 0 | 突破: 0
[META] result=Result.Victory victory_time=13265 first_detection=1848 first_lock=7398 first_kill=8333 enemy_kills=30 friendly_usv_losses=5 friendly_uav_losses=0 black_breakthrough=0 reacquire_attempts=66 reacquire_success=66 sensor_assisted_locks=84 low_conf_commitments=0 global_reacquire_entries=0 global_reacquire_success=0 coverage_collapse_events=1 active_clusters_max=1 coverage_quality_final=0.28 commander_source=default_intent commander_calls=0 commander_changes=0 commander_no_change=0 commander_parse_failures=0 commander_api_failures=0 commander_policy_failures=0 commander_avg_latency=0.0
Done
