========================================================================
HYBRID AGENT V5 — Variable-Cardinality Hierarchical Maritime Agent
  启用UAV: True | LLM_ENABLED: False
========================================================================
对局 37 开始
      [UAV RELAUNCH] white_uav1
      [UAV RELAUNCH] white_uav4
      [UAV RELAUNCH] white_uav3
      [UAV RELAUNCH] white_uav6
      [UAV RELAUNCH] white_uav9
      [UAV RELAUNCH] white_uav15
      [UAV RELAUNCH] white_uav2
      [UAV RELAUNCH] white_uav5
      [UAV RELAUNCH] white_uav8
      [UAV RELAUNCH] white_uav11
      [UAV RELAUNCH] white_uav12
      [UAV RELAUNCH] white_uav13
      [UAV RELAUNCH] white_uav7
      [UAV RELAUNCH] white_uav10
      [UAV RELAUNCH] white_uav14
[t=301s] step=10 | MISSION=NORMAL_C | USV: 15/15 (avail=15 int=0 lock=0 frz=0) | UAV: air=15 rtb=0 chg=0 loiter=0 | TRACKS: vis=0 lost=0 engaged=0 | TOP:  | KILL=0 | ACTIONS=30 | INTENT: focus=2 ratio=0.20
  [INTENT APPLIED]
    ThreatAllocator: focus 2 emergency 3 reserve_ratio 0.20 reserve_usvs None bias breakthrough_eta
    UAVManager: mode search_and_reacquire uav_priority []
[t=645s] step=20 | MISSION=NORMAL_C | USV: 15/15 (avail=15 int=0 lock=0 frz=0) | UAV: air=15 rtb=0 chg=0 loiter=0 | TRACKS: vis=0 lost=0 engaged=0 | TOP:  | KILL=0 | ACTIONS=30 | INTENT: focus=2 ratio=0.20
[t=978s] step=30 | MISSION=NORMAL_C | USV: 15/15 (avail=15 int=0 lock=0 frz=0) | UAV: air=15 rtb=0 chg=0 loiter=0 | TRACKS: vis=0 lost=0 engaged=0 | TOP:  | KILL=0 | ACTIONS=30 | INTENT: focus=2 ratio=0.20
[t=1,318s] step=40 | MISSION=NORMAL_C | USV: 15/15 (avail=15 int=0 lock=0 frz=0) | UAV: air=15 rtb=0 chg=0 loiter=0 | TRACKS: vis=0 lost=0 engaged=0 | TOP:  | KILL=0 | ACTIONS=30 | INTENT: focus=2 ratio=0.20
[t=1,661s] step=50 | MISSION=NORMAL_C | USV: 15/15 (avail=15 int=0 lock=0 frz=0) | UAV: air=15 rtb=0 chg=0 loiter=0 | TRACKS: vis=0 lost=0 engaged=0 | TOP:  | KILL=0 | ACTIONS=30 | INTENT: focus=2 ratio=0.20
      [DETECT] black_usv23
      [DETECT] black_usv7
      [DETECT] black_usv16
      [DETECT] black_usv9
      [DETECT] black_usv20
      [DETECT] black_usv13
      [DETECT] black_usv14
      [DETECT] black_usv12
      [DETECT] black_usv11
      [DETECT] black_usv5
      [DETECT] black_usv19
      [DETECT] black_usv18
      [DETECT] black_usv22
      [DETECT] black_usv10
      [DETECT] black_usv6
      [DETECT] black_usv24
      [DETECT] black_usv26
      [DETECT] black_usv15
      [DETECT] black_usv2
      [DETECT] black_usv25
      [DETECT] black_usv8
      [DETECT] black_usv29
      [ASSIGN] white_usv6->black_usv14
      [ASSIGN] white_usv7->black_usv15
      [ASSIGN] white_usv9->black_usv8
      [ASSIGN] white_usv10->black_usv7
      [ASSIGN] white_usv13->black_usv26
      [ASSIGN] white_usv12->black_usv24
      [ASSIGN] white_usv15->black_usv29
      [ASSIGN] white_usv5->black_usv10
      [ASSIGN] white_usv2->black_usv5
      [ASSIGN] white_usv8->black_usv2
      [ASSIGN] white_usv14->black_usv13
      [ASSIGN] white_usv11->black_usv22
      [DETECT] black_usv4
      [DETECT] black_usv27
      [DETECT] black_usv17
      [DETECT] black_usv28
      [DETECT] black_usv1
      [DETECT] black_usv30
      [DETECT] black_usv21
      [DETECT] black_usv3
      [ASSIGN] white_usv1->black_usv19
      [ASSIGN] white_usv4->black_usv30
      [ASSIGN] white_usv3->black_usv23
[t=2,002s] step=60 | MISSION=NORMAL_C | USV: 15/15 (avail=0 int=15 lock=0 frz=0) | UAV: air=15 rtb=0 chg=0 loiter=0 | TRACKS: vis=30 lost=0 engaged=0 | TOP: black_usv18(x240,477) black_usv6(x240,490) black_usv16(x240,571) | KILL=0 | ACTIONS=30 | INTENT: focus=2 ratio=0.20
[t=2,339s] step=70 | MISSION=NORMAL_C | USV: 15/15 (avail=0 int=15 lock=0 frz=0) | UAV: air=15 rtb=0 chg=0 loiter=0 | TRACKS: vis=30 lost=0 engaged=0 | TOP: black_usv18(x237,194) black_usv6(x237,209) black_usv16(x237,304) | KILL=0 | ACTIONS=30 | INTENT: focus=2 ratio=0.20
[t=2,664s] step=80 | MISSION=NORMAL_C | USV: 15/15 (avail=0 int=15 lock=0 frz=0) | UAV: air=15 rtb=0 chg=0 loiter=0 | TRACKS: vis=30 lost=0 engaged=0 | TOP: black_usv18(x234,028) black_usv6(x234,045) black_usv16(x234,153) | KILL=0 | ACTIONS=30 | INTENT: focus=2 ratio=0.20
[t=3,001s] step=90 | MISSION=NORMAL_C | USV: 15/15 (avail=0 int=15 lock=0 frz=0) | UAV: air=15 rtb=0 chg=0 loiter=0 | TRACKS: vis=30 lost=0 engaged=0 | TOP: black_usv18(x230,736) black_usv6(x230,756) black_usv16(x230,877) | KILL=0 | ACTIONS=30 | INTENT: focus=2 ratio=0.20
[t=3,348s] step=100 | MISSION=NORMAL_C | USV: 15/15 (avail=0 int=15 lock=0 frz=0) | UAV: air=15 rtb=0 chg=0 loiter=0 | TRACKS: vis=30 lost=0 engaged=0 | TOP: black_usv18(x227,365) black_usv6(x227,386) black_usv16(x227,522) | KILL=0 | ACTIONS=30 | INTENT: focus=2 ratio=0.20
[t=3,662s] step=110 | MISSION=NORMAL_C | USV: 15/15 (avail=0 int=15 lock=0 frz=0) | UAV: air=15 rtb=0 chg=0 loiter=0 | TRACKS: vis=30 lost=0 engaged=0 | TOP: black_usv18(x224,301) black_usv6(x224,325) black_usv16(x224,473) | KILL=0 | ACTIONS=30 | INTENT: focus=2 ratio=0.20
[t=3,998s] step=120 | MISSION=NORMAL_C | USV: 15/15 (avail=0 int=15 lock=0 frz=0) | UAV: air=15 rtb=0 chg=0 loiter=0 | TRACKS: vis=30 lost=0 engaged=0 | TOP: black_usv18(x221,033) black_usv6(x221,058) black_usv16(x221,220) | KILL=0 | ACTIONS=30 | INTENT: focus=2 ratio=0.20
[t=4,321s] step=130 | MISSION=NORMAL_C | USV: 15/15 (avail=0 int=15 lock=0 frz=0) | UAV: air=15 rtb=0 chg=0 loiter=0 | TRACKS: vis=30 lost=0 engaged=0 | TOP: black_usv18(x217,886) black_usv6(x217,914) black_usv16(x218,089) | KILL=0 | ACTIONS=30 | INTENT: focus=2 ratio=0.20
[t=4,648s] step=140 | MISSION=NORMAL_C | USV: 15/15 (avail=0 int=15 lock=0 frz=0) | UAV: air=15 rtb=0 chg=0 loiter=0 | TRACKS: vis=30 lost=0 engaged=0 | TOP: black_usv18(x214,700) black_usv6(x214,730) black_usv16(x214,919) | KILL=0 | ACTIONS=30 | INTENT: focus=2 ratio=0.20
[t=4,984s] step=150 | MISSION=NORMAL_C | USV: 15/15 (avail=0 int=15 lock=0 frz=0) | UAV: air=15 rtb=0 chg=0 loiter=0 | TRACKS: vis=30 lost=0 engaged=0 | TOP: black_usv18(x211,427) black_usv6(x211,459) black_usv16(x211,661) | KILL=0 | ACTIONS=30 | INTENT: focus=2 ratio=0.20
[t=5,312s] step=160 | MISSION=NORMAL_C | USV: 15/15 (avail=0 int=15 lock=0 frz=0) | UAV: air=15 rtb=0 chg=0 loiter=0 | TRACKS: vis=30 lost=0 engaged=0 | TOP: black_usv18(x208,232) black_usv6(x208,266) black_usv16(x208,481) | KILL=0 | ACTIONS=30 | INTENT: focus=2 ratio=0.20
[t=5,672s] step=170 | MISSION=NORMAL_C | USV: 15/15 (avail=0 int=15 lock=0 frz=0) | UAV: air=15 rtb=0 chg=0 loiter=0 | TRACKS: vis=30 lost=0 engaged=0 | TOP: black_usv18(x204,660) black_usv6(x204,761) black_usv16(x204,991) | KILL=0 | ACTIONS=30 | INTENT: focus=2 ratio=0.20
[t=6,017s] step=180 | MISSION=NORMAL_C | USV: 15/15 (avail=0 int=15 lock=0 frz=0) | UAV: air=15 rtb=0 chg=0 loiter=0 | TRACKS: vis=30 lost=0 engaged=0 | TOP: black_usv18(x201,211) black_usv6(x201,402) black_usv16(x201,646) | KILL=0 | ACTIONS=30 | INTENT: focus=2 ratio=0.20
[t=6,373s] step=190 | MISSION=NORMAL_C | USV: 15/15 (avail=0 int=15 lock=0 frz=0) | UAV: air=15 rtb=0 chg=0 loiter=0 | TRACKS: vis=30 lost=0 engaged=0 | TOP: black_usv18(x197,653) black_usv6(x197,937) black_usv16(x198,195) | KILL=0 | ACTIONS=30 | INTENT: focus=2 ratio=0.20
[t=6,741s] step=200 | MISSION=NORMAL_C | USV: 15/15 (avail=0 int=15 lock=0 frz=0) | UAV: air=15 rtb=0 chg=0 loiter=0 | TRACKS: vis=30 lost=0 engaged=0 | TOP: black_usv18(x193,975) black_usv6(x194,354) black_usv16(x194,627) | KILL=0 | ACTIONS=30 | INTENT: focus=2 ratio=0.20
[t=7,096s] step=210 | MISSION=NORMAL_C | USV: 15/15 (avail=0 int=15 lock=0 frz=0) | UAV: air=15 rtb=0 chg=0 loiter=0 | TRACKS: vis=30 lost=0 engaged=0 | TOP: black_usv18(x190,426) black_usv6(x190,898) black_usv16(x191,185) | KILL=0 | ACTIONS=30 | INTENT: focus=2 ratio=0.20
      [ASSIGN] white_usv6->black_usv15(机会锁定)
      [ASSIGN] white_usv13->black_usv24(机会锁定)
      [ASSIGN] white_usv9->black_usv18(机会锁定)
      [ASSIGN] white_usv5->black_usv2(机会锁定)
      [ASSIGN] white_usv2->black_usv8(机会锁定)
      [ASSIGN] white_usv8->black_usv8(机会锁定)
      [ASSIGN] white_usv1->black_usv8(机会锁定)
      [ASSIGN] white_usv3->black_usv8(机会锁定)
      [ASSIGN] white_usv10->black_usv8(机会锁定)
      [ASSIGN] white_usv14->black_usv22(机会锁定)
[t=7,445s] step=220 | MISSION=NORMAL_C | USV: 15/15 (avail=0 int=3 lock=12 frz=0) | UAV: air=15 rtb=0 chg=0 loiter=0 | TRACKS: vis=30 lost=0 engaged=7 | TOP: black_usv19(x186,558) black_usv23(x186,891) black_usv6(x187,500) | KILL=0 | ACTIONS=30 | INTENT: focus=2 ratio=0.20
      [ASSIGN] white_usv4->black_usv22(机会锁定)
      [ASSIGN] white_usv6->black_usv19(机会锁定)
      [ASSIGN] white_usv7->black_usv19(机会锁定)
      [ASSIGN] white_usv13->black_usv30(机会锁定)
      [ASSIGN] white_usv12->black_usv30(机会锁定)
      [ASSIGN] white_usv15->black_usv30(机会锁定)
      [ASSIGN] white_usv11->black_usv23(机会锁定)
      [ASSIGN] white_usv9->black_usv15(机会锁定)
      [ASSIGN] white_usv10->black_usv7(机会锁定)
      [ASSIGN] white_usv5->black_usv7(机会锁定)
      [ASSIGN] white_usv2->black_usv7(机会锁定)
      [ASSIGN] white_usv8->black_usv7(机会锁定)
      [ASSIGN] white_usv1->black_usv7(机会锁定)
      [ASSIGN] white_usv3->black_usv15(机会锁定)
      [ASSIGN] white_usv14->black_usv13(机会锁定)
      [ASSIGN] white_usv4->black_usv24(机会锁定)
      [ASSIGN] white_usv4->black_usv22(机会锁定)
[t=7,811s] step=230 | MISSION=NORMAL_C | USV: 15/15 (avail=0 int=1 lock=14 frz=0) | UAV: air=15 rtb=0 chg=0 loiter=0 | TRACKS: vis=30 lost=0 engaged=6 | TOP: black_usv29(x181,902) black_usv2(x182,935) black_usv8(x183,037) | KILL=3 | ACTIONS=30 | INTENT: focus=2 ratio=0.20
      [ASSIGN] white_usv4->black_usv24(机会锁定)
      [ASSIGN] white_usv4->black_usv22(机会锁定)
      [ASSIGN] white_usv4->black_usv29(机会锁定)
      [ASSIGN] white_usv6->black_usv6(机会锁定)
      [ASSIGN] white_usv7->black_usv6(机会锁定)
      [ASSIGN] white_usv13->black_usv24(机会锁定)
      [ASSIGN] white_usv12->black_usv24(机会锁定)
      [ASSIGN] white_usv15->black_usv24(机会锁定)
      [ASSIGN] white_usv11->black_usv6(机会锁定)
      [ASSIGN] white_usv9->black_usv18(机会锁定)
      [ASSIGN] white_usv10->black_usv18(机会锁定)
      [ASSIGN] white_usv13->black_usv30(机会锁定)
      [ASSIGN] white_usv12->black_usv30(机会锁定)
      [ASSIGN] white_usv15->black_usv30(机会锁定)
      [ASSIGN] white_usv5->black_usv16(机会锁定)
      [ASSIGN] white_usv2->black_usv18(机会锁定)
      [ASSIGN] white_usv8->black_usv18(机会锁定)
      [ASSIGN] white_usv1->black_usv18(机会锁定)
      [ASSIGN] white_usv3->black_usv18(机会锁定)
      [ASSIGN] white_usv13->black_usv24(机会锁定)
      [ASSIGN] white_usv12->black_usv24(机会锁定)
      [ASSIGN] white_usv15->black_usv24(机会锁定)
      [ASSIGN] white_usv14->black_usv23(机会锁定)
      [ASSIGN] white_usv13->black_usv30(机会锁定)
      [ASSIGN] white_usv12->black_usv30(机会锁定)
      [ASSIGN] white_usv15->black_usv30(机会锁定)
      [ASSIGN] white_usv14->black_usv13(机会锁定)
      [ASSIGN] white_usv13->black_usv29(机会锁定)
      [ASSIGN] white_usv12->black_usv9(机会锁定)
      [ASSIGN] white_usv15->black_usv29(机会锁定)
[t=8,183s] step=240 | MISSION=NORMAL_C | USV: 15/15 (avail=0 int=3 lock=12 frz=0) | UAV: air=15 rtb=0 chg=0 loiter=0 | TRACKS: vis=29 lost=1 engaged=5 | TOP: black_usv7(x179,910) black_usv19(x181,029) black_usv2(x181,275) | KILL=7 | ACTIONS=30 | INTENT: focus=2 ratio=0.20
      [ASSIGN] white_usv12->black_usv30(机会锁定)
      [ASSIGN] white_usv15->black_usv30(机会锁定)
      [ASSIGN] white_usv12->black_usv29(机会锁定)
      [ASSIGN] white_usv15->black_usv29(机会锁定)
      [ASSIGN] white_usv4->black_usv30(机会锁定)
      [KILL] black_usv22
      [KILL] black_usv24
      [ASSIGN] white_usv4->black_usv9(机会锁定)
      [KILL] black_usv8
      [ASSIGN] white_usv6->black_usv23(机会锁定)
      [ASSIGN] white_usv7->black_usv23(机会锁定)
      [ASSIGN] white_usv11->black_usv23(机会锁定)
      [ASSIGN] white_usv10->black_usv2(机会锁定)
      [ASSIGN] white_usv5->black_usv2(机会锁定)
      [ASSIGN] white_usv2->black_usv2(机会锁定)
      [ASSIGN] white_usv8->black_usv16(机会锁定)
      [ASSIGN] white_usv1->black_usv16(机会锁定)
      [ASSIGN] white_usv14->black_usv6(机会锁定)
      [ASSIGN] white_usv13->black_usv30(机会锁定)
      [ASSIGN] white_usv12->black_usv30(机会锁定)
      [ASSIGN] white_usv15->black_usv17(机会锁定)
      [ASSIGN] white_usv14->black_usv18(机会锁定)
      [ASSIGN] white_usv13->black_usv29(机会锁定)
      [ASSIGN] white_usv12->black_usv29(机会锁定)
      [ASSIGN] white_usv14->black_usv6(机会锁定)
[t=8,562s] step=250 | MISSION=NORMAL_C | USV: 13/15 (avail=0 int=3 lock=10 frz=0) | UAV: air=15 rtb=0 chg=0 loiter=0 | TRACKS: vis=26 lost=0 engaged=5 | TOP: black_usv29(x177,624) black_usv7(x179,910) black_usv6(x178,787) | KILL=11 | ACTIONS=28 | INTENT: focus=2 ratio=0.20
      [ASSIGN] white_usv13->black_usv30(机会锁定)
      [ASSIGN] white_usv12->black_usv30(机会锁定)
      [ASSIGN] white_usv14->black_usv18(机会锁定)
      [KILL] black_usv19
      [KILL] black_usv30
      [RELEASE] white_usv13->black_usv30(目标失效)
      [ASSIGN] white_usv13->black_usv29(机会锁定)
      [RELEASE] white_usv12->black_usv30(目标失效)
      [ASSIGN] white_usv12->black_usv29(机会锁定)
      [ASSIGN] white_usv14->black_usv6(机会锁定)
      [ASSIGN] white_usv4->black_usv6(机会锁定)
      [KILL] black_usv7
      [KILL] black_usv15
      [ASSIGN] white_usv6->black_usv18(机会锁定)
      [ASSIGN] white_usv7->black_usv18(机会锁定)
      [ASSIGN] white_usv13->black_usv9(机会锁定)
      [ASSIGN] white_usv12->black_usv9(机会锁定)
      [ASSIGN] white_usv14->black_usv1(机会锁定)
      [ASSIGN] white_usv11->black_usv9(机会锁定)
      [ASSIGN] white_usv4->black_usv9(机会锁定)
      [ASSIGN] white_usv6->black_usv23(机会锁定)
      [ASSIGN] white_usv7->black_usv23(机会锁定)
      [ASSIGN] white_usv10->black_usv25(机会锁定)
      [ASSIGN] white_usv5->black_usv25(机会锁定)
      [ASSIGN] white_usv2->black_usv25(机会锁定)
      [ASSIGN] white_usv6->black_usv18(机会锁定)
      [ASSIGN] white_usv7->black_usv18(机会锁定)
      [ASSIGN] white_usv8->black_usv2(机会锁定)
      [ASSIGN] white_usv1->black_usv18(机会锁定)
      [ASSIGN] white_usv6->black_usv23(机会锁定)
      [ASSIGN] white_usv7->black_usv23(机会锁定)
      [ASSIGN] white_usv8->black_usv16(机会锁定)
      [ASSIGN] white_usv1->black_usv16(机会锁定)
      [ASSIGN] white_usv6->black_usv18(机会锁定)
      [ASSIGN] white_usv7->black_usv18(机会锁定)
      [ASSIGN] white_usv15->black_usv29(机会锁定)
      [ASSIGN] white_usv8->black_usv2(机会锁定)
      [ASSIGN] white_usv1->black_usv18(机会锁定)
      [KILL] black_usv29
      [ASSIGN] white_usv6->black_usv23(机会锁定)
      [ASSIGN] white_usv7->black_usv23(机会锁定)
      [RELEASE] white_usv15->black_usv29(目标失效)
      [ASSIGN] white_usv15->black_usv26(机会锁定)
      [ASSIGN] white_usv8->black_usv16(机会锁定)
      [ASSIGN] white_usv1->black_usv16(机会锁定)
      [ASSIGN] white_usv6->black_usv1(机会锁定)
      [ASSIGN] white_usv7->black_usv1(机会锁定)
      [ASSIGN] white_usv8->black_usv1(机会锁定)
      [ASSIGN] white_usv1->black_usv1(机会锁定)
      [KILL] black_usv6
[t=8,983s] step=260 | MISSION=NORMAL_C | USV: 12/15 (avail=0 int=0 lock=12 frz=0) | UAV: air=15 rtb=0 chg=0 loiter=0 | TRACKS: vis=20 lost=0 engaged=4 | TOP: black_usv2(x176,025) black_usv16(x175,111) black_usv12(x174,442) | KILL=14 | ACTIONS=27 | INTENT: focus=2 ratio=0.20
      [KILL] black_usv18
      [ASSIGN] white_usv13->black_usv17(机会锁定)
      [ASSIGN] white_usv12->black_usv17(机会锁定)
      [ASSIGN] white_usv11->black_usv5(机会锁定)
      [ASSIGN] white_usv4->black_usv5(机会锁定)
      [ASSIGN] white_usv10->black_usv16(机会锁定)
      [ASSIGN] white_usv5->black_usv16(机会锁定)
      [ASSIGN] white_usv2->black_usv16(机会锁定)
      [KILL] black_usv13
      [ASSIGN] white_usv10->black_usv25(机会锁定)
      [ASSIGN] white_usv5->black_usv25(机会锁定)
      [ASSIGN] white_usv2->black_usv25(机会锁定)
      [ASSIGN] white_usv10->black_usv4(机会锁定)
      [ASSIGN] white_usv5->black_usv16(机会锁定)
      [ASSIGN] white_usv2->black_usv16(机会锁定)
      [ASSIGN] white_usv5->black_usv25(机会锁定)
      [ASSIGN] white_usv2->black_usv25(机会锁定)
      [ASSIGN] white_usv15->black_usv27(机会锁定)
      [ASSIGN] white_usv5->black_usv16(机会锁定)
      [ASSIGN] white_usv2->black_usv28(机会锁定)
      [ASSIGN] white_usv5->black_usv25(机会锁定)
      [ASSIGN] white_usv8->black_usv25(机会锁定)
      [ASSIGN] white_usv1->black_usv25(机会锁定)
      [KILL] black_usv23
      [ASSIGN] white_usv5->black_usv12(机会锁定)
      [ASSIGN] white_usv8->black_usv1(机会锁定)
      [ASSIGN] white_usv1->black_usv1(机会锁定)
      [KILL] black_usv2
      [ASSIGN] white_usv12->black_usv9(机会锁定)
      [ASSIGN] white_usv8->black_usv25(机会锁定)
      [ASSIGN] white_usv11->black_usv9(机会锁定)
      [ASSIGN] white_usv1->black_usv25(机会锁定)
      [ASSIGN] white_usv4->black_usv9(机会锁定)
      [KILL] black_usv16
      [ASSIGN] white_usv12->black_usv5(机会锁定)
      [ASSIGN] white_usv8->black_usv1(机会锁定)
      [ASSIGN] white_usv11->black_usv5(机会锁定)
      [ASSIGN] white_usv1->black_usv1(机会锁定)
      [ASSIGN] white_usv4->black_usv5(机会锁定)
[t=9,401s] step=270 | MISSION=NORMAL_C | USV: 9/15 (avail=0 int=5 lock=4 frz=0) | UAV: air=15 rtb=0 chg=0 loiter=0 | TRACKS: vis=15 lost=0 engaged=4 | TOP: black_usv11(x171,878) black_usv3(x172,156) black_usv20(x175,134) | KILL=18 | ACTIONS=24 | INTENT: focus=2 ratio=0.20
      [ASSIGN] white_usv8->black_usv25(机会锁定)
      [ASSIGN] white_usv1->black_usv25(机会锁定)
      [ASSIGN] white_usv10->black_usv1(机会锁定)
      [ASSIGN] white_usv8->black_usv1(机会锁定)
      [ASSIGN] white_usv1->black_usv1(机会锁定)
      [ASSIGN] white_usv10->black_usv4(机会锁定)
      [ASSIGN] white_usv8->black_usv4(机会锁定)
      [ASSIGN] white_usv1->black_usv4(机会锁定)
      [ASSIGN] white_usv15->black_usv26(机会锁定)
      [ASSIGN] white_usv2->black_usv25(机会锁定)
      [ASSIGN] white_usv2->black_usv28(机会锁定)
      [KILL] black_usv9
      [KILL] black_usv1
      [ASSIGN] white_usv5->black_usv20(机会锁定)
      [KILL] black_usv25
      [ASSIGN] white_usv12->black_usv17(机会锁定)
      [ASSIGN] white_usv11->black_usv17(机会锁定)
      [ASSIGN] white_usv4->black_usv17(机会锁定)
      [ASSIGN] white_usv12->black_usv5(机会锁定)
      [ASSIGN] white_usv11->black_usv5(机会锁定)
      [ASSIGN] white_usv4->black_usv5(机会锁定)
      [ASSIGN] white_usv12->black_usv17(机会锁定)
      [ASSIGN] white_usv11->black_usv17(机会锁定)
      [ASSIGN] white_usv4->black_usv17(机会锁定)
[t=9,820s] step=280 | MISSION=NORMAL_C | USV: 8/15 (avail=0 int=3 lock=5 frz=0) | UAV: air=15 rtb=0 chg=0 loiter=0 | TRACKS: vis=12 lost=0 engaged=4 | TOP: black_usv12(x168,291) black_usv11(x167,952) black_usv3(x168,242) | KILL=19 | ACTIONS=23 | INTENT: focus=2 ratio=0.20
      [ASSIGN] white_usv10->black_usv12(机会锁定)
      [ASSIGN] white_usv12->black_usv5(机会锁定)
      [ASSIGN] white_usv8->black_usv12(机会锁定)
      [ASSIGN] white_usv11->black_usv5(机会锁定)
      [ASSIGN] white_usv4->black_usv5(机会锁定)
      [ASSIGN] white_usv12->black_usv17(机会锁定)
      [ASSIGN] white_usv15->black_usv17(机会锁定)
      [ASSIGN] white_usv11->black_usv4(机会锁定)
      [ASSIGN] white_usv4->black_usv14(机会锁定)
      [ASSIGN] white_usv12->black_usv5(机会锁定)
      [ASSIGN] white_usv15->black_usv26(机会锁定)
      [ASSIGN] white_usv11->black_usv5(机会锁定)
      [KILL] black_usv17
      [ASSIGN] white_usv15->black_usv27(机会锁定)
      [ASSIGN] white_usv5->black_usv4(机会锁定)
      [ASSIGN] white_usv2->black_usv4(机会锁定)
      [ASSIGN] white_usv11->black_usv14(机会锁定)
      [ASSIGN] white_usv15->black_usv26(机会锁定)
      [ASSIGN] white_usv5->black_usv28(机会锁定)
      [ASSIGN] white_usv2->black_usv28(机会锁定)
      [ASSIGN] white_usv11->black_usv5(机会锁定)
      [ASSIGN] white_usv5->black_usv20(机会锁定)
      [ASSIGN] white_usv2->black_usv4(机会锁定)
      [ASSIGN] white_usv12->black_usv26(机会锁定)
      [ASSIGN] white_usv2->black_usv28(机会锁定)
      [ASSIGN] white_usv12->black_usv5(机会锁定)
      [ASSIGN] white_usv2->black_usv4(机会锁定)
      [ASSIGN] white_usv10->black_usv28(机会锁定)
      [ASSIGN] white_usv12->black_usv14(机会锁定)
      [ASSIGN] white_usv2->black_usv28(机会锁定)
      [ASSIGN] white_usv8->black_usv28(机会锁定)
      [ASSIGN] white_usv11->black_usv14(机会锁定)
      [ASSIGN] white_usv10->black_usv4(机会锁定)
      [ASSIGN] white_usv8->black_usv4(机会锁定)
      [ASSIGN] white_usv4->black_usv5(机会锁定)
[t=10,236s] step=290 | MISSION=NORMAL_C | USV: 8/15 (avail=0 int=5 lock=3 frz=0) | UAV: air=15 rtb=0 chg=0 loiter=0 | TRACKS: vis=10 lost=1 engaged=2 | TOP: black_usv11(x164,053) black_usv12(x165,377) black_usv3(x164,356) | KILL=22 | ACTIONS=23 | INTENT: focus=2 ratio=0.20
      [ASSIGN] white_usv10->black_usv12(机会锁定)
      [ASSIGN] white_usv8->black_usv12(机会锁定)
      [DETECT] black_usv10
      [ASSIGN] white_usv2->black_usv12(机会锁定)
      [ASSIGN] white_usv4->black_usv4(机会锁定)
      [KILL] black_usv5
      [ASSIGN] white_usv4->black_usv26(机会锁定)
      [ASSIGN] white_usv15->black_usv27(机会锁定)
      [ASSIGN] white_usv5->black_usv28(机会锁定)
      [ASSIGN] white_usv4->black_usv14(机会锁定)
      [ASSIGN] white_usv5->black_usv20(机会锁定)
      [KILL] black_usv4
      [ASSIGN] white_usv12->black_usv26(机会锁定)
      [ASSIGN] white_usv5->black_usv28(机会锁定)
      [ASSIGN] white_usv11->black_usv28(机会锁定)
      [KILL] black_usv26
      [KILL] black_usv28
      [RELEASE] white_usv12->black_usv26(目标失效)
      [ASSIGN] white_usv12->black_usv14(机会锁定)
      [RELEASE] white_usv5->black_usv28(目标失效)
      [ASSIGN] white_usv5->black_usv20(机会锁定)
      [RELEASE] white_usv11->black_usv28(目标失效)
      [ASSIGN] white_usv11->black_usv14(机会锁定)
      [ASSIGN] white_usv10->black_usv11(机会锁定)
      [ASSIGN] white_usv5->black_usv11(机会锁定)
      [ASSIGN] white_usv2->black_usv11(机会锁定)
      [ASSIGN] white_usv8->black_usv11(机会锁定)
      [ASSIGN] white_usv10->black_usv12(机会锁定)
[t=10,699s] step=300 | MISSION=NORMAL_C | USV: 8/15 (avail=0 int=4 lock=4 frz=0) | UAV: air=15 rtb=0 chg=0 loiter=0 | TRACKS: vis=7 lost=1 engaged=2 | TOP: black_usv3(x160,030) black_usv12(x161,958) black_usv20(x168,978) | KILL=25 | ACTIONS=23 | INTENT: focus=2 ratio=0.20
      [ASSIGN] white_usv10->black_usv20(机会锁定)
      [ASSIGN] white_usv10->black_usv12(机会锁定)
      [ASSIGN] white_usv10->black_usv20(机会锁定)
      [KILL] black_usv14
      [ASSIGN] white_usv10->black_usv12(机会锁定)
      [RELEASE] white_usv12->black_usv14(目标失效)
      [RELEASE] white_usv11->black_usv14(目标失效)
      [RELEASE] white_usv4->black_usv14(目标失效)
      [ASSIGN] white_usv12->black_usv3
      [ASSIGN] white_usv5->black_usv12(机会锁定)
      [ASSIGN] white_usv2->black_usv12(机会锁定)
      [ASSIGN] white_usv8->black_usv12(机会锁定)
      [ASSIGN] white_usv11->black_usv21
      [ASSIGN] white_usv4->black_usv20
      [ASSIGN] white_usv10->black_usv11(机会锁定)
      [ASSIGN] white_usv5->black_usv11(机会锁定)
      [ASSIGN] white_usv2->black_usv11(机会锁定)
      [ASSIGN] white_usv8->black_usv11(机会锁定)
      [KILL] black_usv20
      [ASSIGN] white_usv10->black_usv12(机会锁定)
      [ASSIGN] white_usv5->black_usv12(机会锁定)
      [ASSIGN] white_usv2->black_usv12(机会锁定)
      [ASSIGN] white_usv8->black_usv12(机会锁定)
      [RELEASE] white_usv4->black_usv20(目标失效)
      [ASSIGN] white_usv10->black_usv11(机会锁定)
      [ASSIGN] white_usv5->black_usv11(机会锁定)
      [ASSIGN] white_usv2->black_usv11(机会锁定)
      [ASSIGN] white_usv8->black_usv11(机会锁定)
      [ASSIGN] white_usv4->black_usv11
      [ASSIGN] white_usv10->black_usv12(机会锁定)
      [ASSIGN] white_usv5->black_usv12(机会锁定)
      [ASSIGN] white_usv2->black_usv12(机会锁定)
      [ASSIGN] white_usv8->black_usv12(机会锁定)
      [ASSIGN] white_usv10->black_usv11(机会锁定)
      [ASSIGN] white_usv5->black_usv11(机会锁定)
      [ASSIGN] white_usv2->black_usv11(机会锁定)
      [ASSIGN] white_usv8->black_usv11(机会锁定)
[t=11,198s] step=310 | MISSION=NORMAL_C | USV: 8/15 (avail=0 int=8 lock=0 frz=0) | UAV: air=15 rtb=0 chg=0 loiter=0 | TRACKS: vis=5 lost=1 engaged=0 | TOP: black_usv10(x182,853) black_usv3(x155,369) black_usv11(x157,652) | KILL=27 | ACTIONS=23 | INTENT: focus=2 ratio=0.20
      [KILL] black_usv12
      [ASSIGN] white_usv10->black_usv21(机会锁定)
      [ASSIGN] white_usv5->black_usv21(机会锁定)
      [ASSIGN] white_usv2->black_usv21(机会锁定)
      [ASSIGN] white_usv8->black_usv21(机会锁定)
      [KILL] black_usv27
      [RELEASE] white_usv15->black_usv27(目标失效)
      [ASSIGN] white_usv15->black_usv10
      [KILL] black_usv11
      [RELEASE] white_usv4->black_usv11(目标失效)
      [ASSIGN] white_usv4->black_usv3
[t=11,709s] step=320 | MISSION=NORMAL_C | USV: 8/15 (avail=0 int=8 lock=0 frz=0) | UAV: air=15 rtb=0 chg=0 loiter=0 | TRACKS: vis=1 lost=2 engaged=0 | TOP: black_usv10(x177,777) black_usv3(x150,595) black_usv21(x162,548) | KILL=28 | ACTIONS=23 | INTENT: focus=2 ratio=0.20
      [ASSIGN] white_usv5->black_usv3(机会锁定)
      [ASSIGN] white_usv8->black_usv10(机会锁定)
      [KILL] black_usv21
      [RELEASE] white_usv10->black_usv21(目标失效)
      [ASSIGN] white_usv5->black_usv10(机会锁定)
      [RELEASE] white_usv2->black_usv21(目标失效)
      [RELEASE] white_usv11->black_usv21(目标失效)
[t=12,208s] step=330 | MISSION=NORMAL_C | USV: 8/15 (avail=0 int=7 lock=1 frz=0) | UAV: air=15 rtb=0 chg=0 loiter=0 | TRACKS: vis=2 lost=0 engaged=1 | TOP: black_usv10(x172,822) black_usv3(x145,933) | KILL=28 | ACTIONS=23 | INTENT: focus=2 ratio=0.20
      [ASSIGN] white_usv2->black_usv3
      [ASSIGN] white_usv10->black_usv10(机会锁定)
      [RELEASE] white_usv12->black_usv3(目标失效)
      [RELEASE] white_usv2->black_usv3(目标失效)
      [RELEASE] white_usv4->black_usv3(目标失效)
      [ASSIGN] white_usv2->black_usv10(机会锁定)
[t=12,699s] step=340 | MISSION=NORMAL_C | USV: 8/15 (avail=3 int=5 lock=0 frz=0) | UAV: air=15 rtb=0 chg=0 loiter=0 | TRACKS: vis=1 lost=0 engaged=0 | TOP: black_usv10(x172,226) | KILL=29 | ACTIONS=23 | INTENT: focus=2 ratio=0.20
      [DETECT] black_usv3
      [ASSIGN] white_usv12->black_usv10(机会锁定)
      [ASSIGN] white_usv5->black_usv3(机会锁定)
      [ASSIGN] white_usv8->black_usv3(机会锁定)
      [ASSIGN] white_usv11->black_usv3
      [ASSIGN] white_usv4->black_usv3
      [KILL] black_usv10
      [RELEASE] white_usv10->black_usv10(目标失效)
      [RELEASE] white_usv12->black_usv10(目标失效)
      [RELEASE] white_usv15->black_usv10(目标失效)
      [RELEASE] white_usv2->black_usv10(目标失效)

========================================================================
对局结果: Result.Victory — 敌方所有单位被击毁
  击杀蓝舰: 30 | 命中: 60 | 我方USV损失: 7 | UAV损失: 0 | 突破: 0
[META] result=Result.Victory victory_time=13297 first_detection=1863 first_lock=7403 first_kill=8318 enemy_kills=30 friendly_usv_losses=7 friendly_uav_losses=0 black_breakthrough=0 reacquire_attempts=57 reacquire_success=57 sensor_assisted_locks=85 low_conf_commitments=0 global_reacquire_entries=0 global_reacquire_success=0 coverage_collapse_events=1 active_clusters_max=1 coverage_quality_final=0.32 commander_source=default_intent commander_calls=0 commander_changes=0 commander_no_change=0 commander_parse_failures=0 commander_api_failures=0 commander_policy_failures=0 commander_avg_latency=0.0
Done
