========================================================================
HYBRID AGENT V5 — Variable-Cardinality Hierarchical Maritime Agent
  启用UAV: True | LLM_ENABLED: False
========================================================================
对局 49 开始
      [UAV RELAUNCH] white_uav2
      [UAV RELAUNCH] white_uav1
      [UAV RELAUNCH] white_uav4
      [UAV RELAUNCH] white_uav5
      [UAV RELAUNCH] white_uav7
      [UAV RELAUNCH] white_uav8
      [UAV RELAUNCH] white_uav9
      [UAV RELAUNCH] white_uav13
      [UAV RELAUNCH] white_uav3
      [UAV RELAUNCH] white_uav6
      [UAV RELAUNCH] white_uav10
      [UAV RELAUNCH] white_uav15
      [UAV RELAUNCH] white_uav11
      [UAV RELAUNCH] white_uav14
      [UAV RELAUNCH] white_uav12
[t=283s] step=10 | MISSION=NORMAL_C | USV: 15/15 (avail=15 int=0 lock=0 frz=0) | UAV: air=15 rtb=0 chg=0 loiter=0 | TRACKS: vis=0 lost=0 engaged=0 | TOP:  | KILL=0 | ACTIONS=30 | INTENT: focus=2 ratio=0.20
  [INTENT APPLIED]
    ThreatAllocator: focus 2 emergency 3 reserve_ratio 0.20 reserve_usvs None bias breakthrough_eta
    UAVManager: mode search_and_reacquire uav_priority []
[t=603s] step=20 | MISSION=NORMAL_C | USV: 15/15 (avail=15 int=0 lock=0 frz=0) | UAV: air=15 rtb=0 chg=0 loiter=0 | TRACKS: vis=0 lost=0 engaged=0 | TOP:  | KILL=0 | ACTIONS=30 | INTENT: focus=2 ratio=0.20
[t=923s] step=30 | MISSION=NORMAL_C | USV: 15/15 (avail=15 int=0 lock=0 frz=0) | UAV: air=15 rtb=0 chg=0 loiter=0 | TRACKS: vis=0 lost=0 engaged=0 | TOP:  | KILL=0 | ACTIONS=30 | INTENT: focus=2 ratio=0.20
[t=1,255s] step=40 | MISSION=NORMAL_C | USV: 15/15 (avail=15 int=0 lock=0 frz=0) | UAV: air=15 rtb=0 chg=0 loiter=0 | TRACKS: vis=0 lost=0 engaged=0 | TOP:  | KILL=0 | ACTIONS=30 | INTENT: focus=2 ratio=0.20
[t=1,578s] step=50 | MISSION=NORMAL_C | USV: 15/15 (avail=15 int=0 lock=0 frz=0) | UAV: air=15 rtb=0 chg=0 loiter=0 | TRACKS: vis=0 lost=0 engaged=0 | TOP:  | KILL=0 | ACTIONS=30 | INTENT: focus=2 ratio=0.20
      [DETECT] black_usv13
      [DETECT] black_usv19
      [DETECT] black_usv18
      [DETECT] black_usv15
      [DETECT] black_usv17
      [DETECT] black_usv16
      [DETECT] black_usv14
      [ASSIGN] white_usv10->black_usv17
      [ASSIGN] white_usv11->black_usv18
      [ASSIGN] white_usv2->black_usv14
      [ASSIGN] white_usv4->black_usv16
      [ASSIGN] white_usv12->black_usv19
      [ASSIGN] white_usv1->black_usv15
      [ASSIGN] white_usv6->black_usv13
      [ASSIGN] white_usv7->black_usv14
      [ASSIGN] white_usv8->black_usv16
      [ASSIGN] white_usv9->black_usv15
      [ASSIGN] white_usv13->black_usv17
      [ASSIGN] white_usv15->black_usv18
      [DETECT] black_usv23
      [DETECT] black_usv4
      [DETECT] black_usv7
      [DETECT] black_usv27
      [DETECT] black_usv9
      [DETECT] black_usv20
      [DETECT] black_usv28
      [DETECT] black_usv25
      [DETECT] black_usv12
      [DETECT] black_usv11
      [DETECT] black_usv1
      [DETECT] black_usv30
      [DETECT] black_usv22
      [DETECT] black_usv10
      [DETECT] black_usv24
      [DETECT] black_usv21
      [DETECT] black_usv26
      [DETECT] black_usv2
      [DETECT] black_usv8
      [DETECT] black_usv29
      [ASSIGN] white_usv3->black_usv8
      [ASSIGN] white_usv5->black_usv9
      [DETECT] black_usv5
      [DETECT] black_usv6
      [DETECT] black_usv3
      [ASSIGN] white_usv14->black_usv26
[t=1,907s] step=60 | MISSION=NORMAL_C | USV: 15/15 (avail=1 int=14 lock=0 frz=0) | UAV: air=15 rtb=0 chg=0 loiter=0 | TRACKS: vis=30 lost=0 engaged=0 | TOP: black_usv2(x240,941) black_usv4(x240,961) black_usv1(x240,965) | KILL=0 | ACTIONS=30 | INTENT: focus=2 ratio=0.20
[t=2,236s] step=70 | MISSION=NORMAL_C | USV: 15/15 (avail=0 int=15 lock=0 frz=0) | UAV: air=15 rtb=0 chg=0 loiter=0 | TRACKS: vis=30 lost=0 engaged=0 | TOP: black_usv2(x237,657) black_usv4(x237,680) black_usv1(x237,684) | KILL=0 | ACTIONS=30 | INTENT: focus=2 ratio=0.20
[t=2,557s] step=80 | MISSION=NORMAL_C | USV: 15/15 (avail=0 int=15 lock=0 frz=0) | UAV: air=15 rtb=0 chg=0 loiter=0 | TRACKS: vis=30 lost=0 engaged=0 | TOP: black_usv4(x234,478) black_usv1(x234,483) black_usv29(x234,512) | KILL=0 | ACTIONS=30 | INTENT: focus=2 ratio=0.20
[t=2,888s] step=90 | MISSION=NORMAL_C | USV: 15/15 (avail=0 int=15 lock=0 frz=0) | UAV: air=15 rtb=0 chg=0 loiter=0 | TRACKS: vis=27 lost=2 engaged=0 | TOP: black_usv4(x231,177) black_usv1(x231,183) black_usv29(x231,216) | KILL=0 | ACTIONS=30 | INTENT: focus=2 ratio=0.20
[t=3,213s] step=100 | MISSION=NORMAL_C | USV: 15/15 (avail=0 int=15 lock=0 frz=0) | UAV: air=15 rtb=0 chg=0 loiter=0 | TRACKS: vis=28 lost=0 engaged=0 | TOP: black_usv4(x227,936) black_usv1(x227,942) black_usv29(x227,979) | KILL=0 | ACTIONS=30 | INTENT: focus=2 ratio=0.20
[t=3,540s] step=110 | MISSION=NORMAL_C | USV: 15/15 (avail=0 int=15 lock=0 frz=0) | UAV: air=15 rtb=0 chg=0 loiter=0 | TRACKS: vis=28 lost=0 engaged=0 | TOP: black_usv4(x224,674) black_usv1(x224,682) black_usv29(x224,722) | KILL=0 | ACTIONS=30 | INTENT: focus=2 ratio=0.20
[t=3,854s] step=120 | MISSION=NORMAL_C | USV: 15/15 (avail=0 int=15 lock=0 frz=0) | UAV: air=15 rtb=0 chg=0 loiter=0 | TRACKS: vis=26 lost=2 engaged=0 | TOP: black_usv4(x221,543) black_usv1(x221,551) black_usv25(x221,712) | KILL=0 | ACTIONS=30 | INTENT: focus=2 ratio=0.20
[t=4,200s] step=130 | MISSION=NORMAL_C | USV: 15/15 (avail=0 int=15 lock=0 frz=0) | UAV: air=15 rtb=0 chg=0 loiter=0 | TRACKS: vis=26 lost=2 engaged=0 | TOP: black_usv4(x218,092) black_usv1(x218,100) black_usv25(x218,276) | KILL=0 | ACTIONS=30 | INTENT: focus=2 ratio=0.20
[t=4,532s] step=140 | MISSION=NORMAL_C | USV: 15/15 (avail=0 int=15 lock=0 frz=0) | UAV: air=15 rtb=0 chg=0 loiter=0 | TRACKS: vis=26 lost=2 engaged=0 | TOP: black_usv4(x214,781) black_usv1(x214,790) black_usv25(x214,980) | KILL=0 | ACTIONS=30 | INTENT: focus=2 ratio=0.20
      [DETECT] black_usv5
      [DETECT] black_usv6
[t=4,847s] step=150 | MISSION=NORMAL_C | USV: 15/15 (avail=0 int=15 lock=0 frz=0) | UAV: air=15 rtb=0 chg=0 loiter=0 | TRACKS: vis=28 lost=2 engaged=0 | TOP: black_usv4(x211,639) black_usv1(x211,649) black_usv25(x211,852) | KILL=0 | ACTIONS=30 | INTENT: focus=2 ratio=0.20
[t=5,187s] step=160 | MISSION=NORMAL_C | USV: 15/15 (avail=0 int=15 lock=0 frz=0) | UAV: air=15 rtb=0 chg=0 loiter=0 | TRACKS: vis=30 lost=0 engaged=0 | TOP: black_usv4(x208,248) black_usv1(x208,259) black_usv25(x208,476) | KILL=0 | ACTIONS=30 | INTENT: focus=2 ratio=0.20
[t=5,518s] step=170 | MISSION=NORMAL_C | USV: 15/15 (avail=0 int=15 lock=0 frz=0) | UAV: air=15 rtb=0 chg=0 loiter=0 | TRACKS: vis=29 lost=1 engaged=0 | TOP: black_usv4(x204,947) black_usv1(x204,958) black_usv25(x205,189) | KILL=0 | ACTIONS=30 | INTENT: focus=2 ratio=0.20
[t=5,844s] step=180 | MISSION=NORMAL_C | USV: 15/15 (avail=0 int=15 lock=0 frz=0) | UAV: air=15 rtb=0 chg=0 loiter=0 | TRACKS: vis=23 lost=7 engaged=0 | TOP: black_usv4(x201,696) black_usv1(x201,708) black_usv25(x201,952) | KILL=0 | ACTIONS=30 | INTENT: focus=2 ratio=0.20
[t=6,166s] step=190 | MISSION=NORMAL_C | USV: 15/15 (avail=0 int=15 lock=0 frz=0) | UAV: air=15 rtb=0 chg=0 loiter=0 | TRACKS: vis=27 lost=3 engaged=0 | TOP: black_usv4(x198,484) black_usv1(x198,497) black_usv25(x198,755) | KILL=0 | ACTIONS=30 | INTENT: focus=2 ratio=0.20
[t=6,466s] step=200 | MISSION=NORMAL_C | USV: 15/15 (avail=0 int=15 lock=0 frz=0) | UAV: air=15 rtb=0 chg=0 loiter=0 | TRACKS: vis=29 lost=1 engaged=0 | TOP: black_usv4(x195,488) black_usv1(x195,501) black_usv25(x195,773) | KILL=0 | ACTIONS=30 | INTENT: focus=2 ratio=0.20
[t=6,753s] step=210 | MISSION=NORMAL_C | USV: 15/15 (avail=0 int=15 lock=0 frz=0) | UAV: air=15 rtb=0 chg=0 loiter=0 | TRACKS: vis=27 lost=3 engaged=0 | TOP: black_usv4(x192,630) black_usv1(x192,644) black_usv25(x192,926) | KILL=0 | ACTIONS=30 | INTENT: focus=2 ratio=0.20
      [DETECT] black_usv12
[t=7,081s] step=220 | MISSION=NORMAL_C | USV: 15/15 (avail=0 int=15 lock=0 frz=0) | UAV: air=15 rtb=0 chg=0 loiter=0 | TRACKS: vis=30 lost=0 engaged=0 | TOP: black_usv4(x189,352) black_usv1(x189,367) black_usv25(x189,663) | KILL=0 | ACTIONS=30 | INTENT: focus=2 ratio=0.20
      [ASSIGN] white_usv9->black_usv16(机会锁定)
      [ASSIGN] white_usv5->black_usv8(机会锁定)
      [ASSIGN] white_usv10->black_usv25(机会锁定)
      [ASSIGN] white_usv11->black_usv25(机会锁定)
      [ASSIGN] white_usv12->black_usv14(机会锁定)
      [ASSIGN] white_usv6->black_usv10(机会锁定)
      [ASSIGN] white_usv7->black_usv10(机会锁定)
      [ASSIGN] white_usv13->black_usv25(机会锁定)
      [ASSIGN] white_usv3->black_usv1(机会锁定)
      [ASSIGN] white_usv2->black_usv8(机会锁定)
      [ASSIGN] white_usv4->black_usv19(机会锁定)
      [ASSIGN] white_usv15->black_usv27(机会锁定)
[t=7,417s] step=230 | MISSION=NORMAL_C | USV: 15/15 (avail=0 int=4 lock=11 frz=0) | UAV: air=15 rtb=0 chg=0 loiter=0 | TRACKS: vis=30 lost=0 engaged=7 | TOP: black_usv4(x186,007) black_usv17(x186,128) black_usv27(x186,380) | KILL=0 | ACTIONS=30 | INTENT: focus=2 ratio=0.20
      [ASSIGN] white_usv1->black_usv9(机会锁定)
      [ASSIGN] white_usv8->black_usv17(机会锁定)
      [ASSIGN] white_usv10->black_usv18(机会锁定)
      [ASSIGN] white_usv11->black_usv18(机会锁定)
      [ASSIGN] white_usv12->black_usv13(机会锁定)
      [ASSIGN] white_usv9->black_usv13(机会锁定)
      [ASSIGN] white_usv5->black_usv7(机会锁定)
      [ASSIGN] white_usv14->black_usv18(机会锁定)
      [ASSIGN] white_usv2->black_usv16(机会锁定)
      [ASSIGN] white_usv4->black_usv16(机会锁定)
      [ASSIGN] white_usv6->black_usv16(机会锁定)
      [ASSIGN] white_usv7->black_usv16(机会锁定)
      [ASSIGN] white_usv13->black_usv15(机会锁定)
      [ASSIGN] white_usv3->black_usv4(机会锁定)
      [ASSIGN] white_usv2->black_usv10(机会锁定)
      [ASSIGN] white_usv4->black_usv10(机会锁定)
      [ASSIGN] white_usv6->black_usv10(机会锁定)
      [ASSIGN] white_usv7->black_usv10(机会锁定)
      [ASSIGN] white_usv15->black_usv26(机会锁定)
[t=7,770s] step=240 | MISSION=NORMAL_C | USV: 15/15 (avail=0 int=5 lock=10 frz=0) | UAV: air=15 rtb=0 chg=0 loiter=0 | TRACKS: vis=30 lost=0 engaged=7 | TOP: black_usv1(x183,221) black_usv8(x183,402) black_usv10(x182,974) | KILL=2 | ACTIONS=30 | INTENT: focus=2 ratio=0.20
      [ASSIGN] white_usv1->black_usv19(机会锁定)
      [ASSIGN] white_usv8->black_usv21(机会锁定)
      [ASSIGN] white_usv10->black_usv17(机会锁定)
      [ASSIGN] white_usv11->black_usv17(机会锁定)
      [ASSIGN] white_usv12->black_usv17(机会锁定)
      [ASSIGN] white_usv9->black_usv17(机会锁定)
      [ASSIGN] white_usv5->black_usv8(机会锁定)
      [ASSIGN] white_usv14->black_usv27(机会锁定)
      [ASSIGN] white_usv13->black_usv18(机会锁定)
      [ASSIGN] white_usv2->black_usv24(机会锁定)
      [ASSIGN] white_usv4->black_usv24(机会锁定)
      [ASSIGN] white_usv6->black_usv24(机会锁定)
      [ASSIGN] white_usv7->black_usv24(机会锁定)
      [ASSIGN] white_usv13->black_usv15(机会锁定)
      [ASSIGN] white_usv3->black_usv20(机会锁定)
      [ASSIGN] white_usv1->black_usv10(机会锁定)
      [ASSIGN] white_usv15->black_usv18(机会锁定)
[t=8,130s] step=250 | MISSION=NORMAL_C | USV: 15/15 (avail=0 int=2 lock=13 frz=0) | UAV: air=15 rtb=0 chg=0 loiter=0 | TRACKS: vis=29 lost=1 engaged=7 | TOP: black_usv4(x179,654) black_usv10(x179,911) black_usv2(x179,986) | KILL=6 | ACTIONS=30 | INTENT: focus=2 ratio=0.20
      [ASSIGN] white_usv1->black_usv7(机会锁定)
      [ASSIGN] white_usv15->black_usv26(机会锁定)
      [KILL] black_usv16
      [KILL] black_usv25
      [ASSIGN] white_usv8->black_usv10(机会锁定)
      [ASSIGN] white_usv10->black_usv21(机会锁定)
      [ASSIGN] white_usv11->black_usv21(机会锁定)
      [ASSIGN] white_usv12->black_usv21(机会锁定)
      [ASSIGN] white_usv8->black_usv21(机会锁定)
      [ASSIGN] white_usv9->black_usv21(机会锁定)
      [ASSIGN] white_usv5->black_usv9(机会锁定)
      [ASSIGN] white_usv14->black_usv30(机会锁定)
      [ASSIGN] white_usv2->black_usv8(机会锁定)
      [ASSIGN] white_usv4->black_usv10(机会锁定)
      [ASSIGN] white_usv6->black_usv17(机会锁定)
      [ASSIGN] white_usv7->black_usv17(机会锁定)
      [ASSIGN] white_usv2->black_usv24(机会锁定)
      [ASSIGN] white_usv4->black_usv24(机会锁定)
      [ASSIGN] white_usv6->black_usv24(机会锁定)
      [ASSIGN] white_usv7->black_usv24(机会锁定)
      [ASSIGN] white_usv13->black_usv27(机会锁定)
      [ASSIGN] white_usv3->black_usv1(机会锁定)
      [ASSIGN] white_usv2->black_usv20(机会锁定)
      [ASSIGN] white_usv4->black_usv10(机会锁定)
      [ASSIGN] white_usv1->black_usv20(机会锁定)
      [ASSIGN] white_usv6->black_usv17(机会锁定)
      [ASSIGN] white_usv7->black_usv17(机会锁定)
      [ASSIGN] white_usv15->black_usv17(机会锁定)
      [ASSIGN] white_usv4->black_usv24(机会锁定)
      [ASSIGN] white_usv6->black_usv24(机会锁定)
      [ASSIGN] white_usv7->black_usv14(机会锁定)
      [ASSIGN] white_usv15->black_usv26(机会锁定)
[t=8,532s] step=260 | MISSION=NORMAL_C | USV: 15/15 (avail=0 int=4 lock=11 frz=0) | UAV: air=15 rtb=0 chg=0 loiter=0 | TRACKS: vis=27 lost=1 engaged=6 | TOP: black_usv2(x176,056) black_usv26(x177,769) black_usv4(x177,889) | KILL=11 | ACTIONS=30 | INTENT: focus=2 ratio=0.20
      [ASSIGN] white_usv4->black_usv7(机会锁定)
      [ASSIGN] white_usv6->black_usv17(机会锁定)
      [KILL] black_usv13
      [KILL] black_usv18
      [ASSIGN] white_usv4->black_usv24(机会锁定)
      [ASSIGN] white_usv6->black_usv24(机会锁定)
      [ASSIGN] white_usv4->black_usv7(机会锁定)
      [ASSIGN] white_usv6->black_usv17(机会锁定)
      [KILL] black_usv10
      [ASSIGN] white_usv10->black_usv22(机会锁定)
      [ASSIGN] white_usv11->black_usv22(机会锁定)
      [ASSIGN] white_usv4->black_usv24(机会锁定)
      [ASSIGN] white_usv12->black_usv22(机会锁定)
      [ASSIGN] white_usv6->black_usv24(机会锁定)
      [ASSIGN] white_usv8->black_usv24(机会锁定)
      [ASSIGN] white_usv9->black_usv22(机会锁定)
      [ASSIGN] white_usv5->black_usv23(机会锁定)
      [ASSIGN] white_usv14->black_usv15(机会锁定)
      [KILL] black_usv19
      [ASSIGN] white_usv4->black_usv9(机会锁定)
      [ASSIGN] white_usv6->black_usv9(机会锁定)
      [ASSIGN] white_usv8->black_usv9(机会锁定)
      [ASSIGN] white_usv14->black_usv17(机会锁定)
      [ASSIGN] white_usv4->black_usv24(机会锁定)
      [ASSIGN] white_usv6->black_usv14(机会锁定)
      [ASSIGN] white_usv8->black_usv21(机会锁定)
      [ASSIGN] white_usv14->black_usv30(机会锁定)
      [ASSIGN] white_usv2->black_usv9(机会锁定)
      [ASSIGN] white_usv4->black_usv9(机会锁定)
      [ASSIGN] white_usv1->black_usv9(机会锁定)
      [ASSIGN] white_usv8->black_usv9(机会锁定)
      [ASSIGN] white_usv13->black_usv17(机会锁定)
      [ASSIGN] white_usv3->black_usv4(机会锁定)
      [ASSIGN] white_usv2->black_usv20(机会锁定)
      [ASSIGN] white_usv4->black_usv24(机会锁定)
      [ASSIGN] white_usv1->black_usv20(机会锁定)
      [ASSIGN] white_usv7->black_usv27(机会锁定)
      [ASSIGN] white_usv8->black_usv27(机会锁定)
      [ASSIGN] white_usv13->black_usv27(机会锁定)
      [ASSIGN] white_usv2->black_usv9(机会锁定)
      [ASSIGN] white_usv1->black_usv9(机会锁定)
      [ASSIGN] white_usv6->black_usv9(机会锁定)
      [ASSIGN] white_usv7->black_usv9(机会锁定)
      [ASSIGN] white_usv8->black_usv9(机会锁定)
      [ASSIGN] white_usv13->black_usv17(机会锁定)
      [ASSIGN] white_usv15->black_usv17(机会锁定)
      [ASSIGN] white_usv2->black_usv14(机会锁定)
      [ASSIGN] white_usv1->black_usv14(机会锁定)
      [ASSIGN] white_usv6->black_usv14(机会锁定)
      [ASSIGN] white_usv7->black_usv14(机会锁定)
      [ASSIGN] white_usv8->black_usv14(机会锁定)
      [ASSIGN] white_usv13->black_usv14(机会锁定)
      [ASSIGN] white_usv15->black_usv26(机会锁定)
[t=8,945s] step=270 | MISSION=NORMAL_C | USV: 13/15 (avail=0 int=7 lock=6 frz=0) | UAV: air=15 rtb=0 chg=0 loiter=0 | TRACKS: vis=23 lost=0 engaged=3 | TOP: black_usv2(x171,964) black_usv26(x174,563) black_usv14(x175,062) | KILL=18 | ACTIONS=28 | INTENT: focus=2 ratio=0.20
      [KILL] black_usv17
      [KILL] black_usv8
      [ASSIGN] white_usv2->black_usv9(机会锁定)
      [ASSIGN] white_usv1->black_usv20(机会锁定)
      [ASSIGN] white_usv6->black_usv27(机会锁定)
      [ASSIGN] white_usv7->black_usv27(机会锁定)
      [ASSIGN] white_usv8->black_usv9(机会锁定)
      [ASSIGN] white_usv13->black_usv27(机会锁定)
      [ASSIGN] white_usv15->black_usv27(机会锁定)
      [DETECT] black_usv29
      [KILL] black_usv24
      [ASSIGN] white_usv10->black_usv14(机会锁定)
      [ASSIGN] white_usv11->black_usv14(机会锁定)
      [ASSIGN] white_usv2->black_usv14(机会锁定)
      [ASSIGN] white_usv12->black_usv14(机会锁定)
      [ASSIGN] white_usv1->black_usv14(机会锁定)
      [ASSIGN] white_usv6->black_usv14(机会锁定)
      [ASSIGN] white_usv7->black_usv14(机会锁定)
      [ASSIGN] white_usv8->black_usv14(机会锁定)
      [ASSIGN] white_usv9->black_usv14(机会锁定)
      [ASSIGN] white_usv13->black_usv14(机会锁定)
      [ASSIGN] white_usv15->black_usv26(机会锁定)
      [ASSIGN] white_usv5->black_usv1(机会锁定)
      [KILL] black_usv15
      [KILL] black_usv7
      [ASSIGN] white_usv10->black_usv27(机会锁定)
      [ASSIGN] white_usv11->black_usv27(机会锁定)
      [ASSIGN] white_usv2->black_usv22(机会锁定)
      [ASSIGN] white_usv12->black_usv22(机会锁定)
      [ASSIGN] white_usv1->black_usv23(机会锁定)
      [ASSIGN] white_usv6->black_usv22(机会锁定)
      [ASSIGN] white_usv7->black_usv22(机会锁定)
      [ASSIGN] white_usv8->black_usv22(机会锁定)
      [ASSIGN] white_usv9->black_usv22(机会锁定)
      [ASSIGN] white_usv15->black_usv27(机会锁定)
      [ASSIGN] white_usv5->black_usv23(机会锁定)
      [ASSIGN] white_usv10->black_usv26(机会锁定)
      [ASSIGN] white_usv11->black_usv26(机会锁定)
      [ASSIGN] white_usv2->black_usv14(机会锁定)
      [ASSIGN] white_usv12->black_usv21(机会锁定)
      [ASSIGN] white_usv6->black_usv9(机会锁定)
      [ASSIGN] white_usv7->black_usv9(机会锁定)
      [ASSIGN] white_usv8->black_usv14(机会锁定)
      [ASSIGN] white_usv9->black_usv21(机会锁定)
      [ASSIGN] white_usv15->black_usv26(机会锁定)
      [ASSIGN] white_usv5->black_usv20(机会锁定)
      [ASSIGN] white_usv10->black_usv27(机会锁定)
      [ASSIGN] white_usv11->black_usv27(机会锁定)
      [ASSIGN] white_usv12->black_usv22(机会锁定)
      [ASSIGN] white_usv6->black_usv22(机会锁定)
      [ASSIGN] white_usv7->black_usv22(机会锁定)
      [ASSIGN] white_usv9->black_usv22(机会锁定)
      [ASSIGN] white_usv15->black_usv27(机会锁定)
      [ASSIGN] white_usv3->black_usv1(机会锁定)
      [ASSIGN] white_usv5->black_usv1(机会锁定)
      [ASSIGN] white_usv10->black_usv3(机会锁定)
      [ASSIGN] white_usv11->black_usv26(机会锁定)
      [ASSIGN] white_usv12->black_usv3(机会锁定)
      [ASSIGN] white_usv6->black_usv3(机会锁定)
      [ASSIGN] white_usv7->black_usv3(机会锁定)
      [ASSIGN] white_usv9->black_usv3(机会锁定)
      [ASSIGN] white_usv15->black_usv26(机会锁定)
      [ASSIGN] white_usv3->black_usv20(机会锁定)
      [ASSIGN] white_usv5->black_usv20(机会锁定)
      [ASSIGN] white_usv11->black_usv27(机会锁定)
      [ASSIGN] white_usv8->black_usv22(机会锁定)
      [ASSIGN] white_usv15->black_usv27(机会锁定)
      [ASSIGN] white_usv3->black_usv4(机会锁定)
      [ASSIGN] white_usv5->black_usv4(机会锁定)
      [ASSIGN] white_usv11->black_usv26(机会锁定)
      [ASSIGN] white_usv2->black_usv22(机会锁定)
      [ASSIGN] white_usv9->black_usv22(机会锁定)
      [ASSIGN] white_usv15->black_usv26(机会锁定)
      [ASSIGN] white_usv3->black_usv20(机会锁定)
      [ASSIGN] white_usv5->black_usv20(机会锁定)
      [KILL] black_usv9
      [KILL] black_usv21
      [ASSIGN] white_usv11->black_usv27(机会锁定)
      [ASSIGN] white_usv2->black_usv14(机会锁定)
      [ASSIGN] white_usv8->black_usv27(机会锁定)
      [ASSIGN] white_usv9->black_usv27(机会锁定)
      [ASSIGN] white_usv13->black_usv27(机会锁定)
      [ASSIGN] white_usv15->black_usv27(机会锁定)
      [ASSIGN] white_usv3->black_usv23(机会锁定)
      [ASSIGN] white_usv5->black_usv23(机会锁定)
      [ASSIGN] white_usv11->black_usv26(机会锁定)
      [ASSIGN] white_usv2->black_usv22(机会锁定)
      [ASSIGN] white_usv8->black_usv22(机会锁定)
      [ASSIGN] white_usv9->black_usv22(机会锁定)
      [ASSIGN] white_usv13->black_usv22(机会锁定)
      [ASSIGN] white_usv15->black_usv26(机会锁定)
[t=9,387s] step=280 | MISSION=NORMAL_C | USV: 12/15 (avail=0 int=6 lock=6 frz=0) | UAV: air=15 rtb=0 chg=0 loiter=0 | TRACKS: vis=17 lost=0 engaged=2 | TOP: black_usv2(x167,545) black_usv4(x171,935) black_usv29(x171,871) | KILL=20 | ACTIONS=27 | INTENT: focus=2 ratio=0.20
      [KILL] black_usv27
      [KILL] black_usv20
      [KILL] black_usv1
      [ASSIGN] white_usv2->black_usv14(机会锁定)
      [ASSIGN] white_usv8->black_usv14(机会锁定)
      [ASSIGN] white_usv9->black_usv14(机会锁定)
      [ASSIGN] white_usv13->black_usv14(机会锁定)
      [ASSIGN] white_usv15->black_usv14(机会锁定)
      [KILL] black_usv14
      [RELEASE] white_usv2->black_usv14(目标失效)
      [ASSIGN] white_usv2->black_usv22(机会锁定)
      [RELEASE] white_usv8->black_usv14(目标失效)
      [ASSIGN] white_usv8->black_usv22(机会锁定)
      [RELEASE] white_usv9->black_usv14(目标失效)
      [ASSIGN] white_usv9->black_usv22(机会锁定)
      [RELEASE] white_usv13->black_usv14(目标失效)
      [ASSIGN] white_usv13->black_usv22(机会锁定)
      [RELEASE] white_usv15->black_usv14(目标失效)
      [ASSIGN] white_usv15->black_usv30(机会锁定)
      [KILL] black_usv26
      [RELEASE] white_usv11->black_usv26(目标失效)
      [ASSIGN] white_usv11->black_usv3(机会锁定)
      [ASSIGN] white_usv2->black_usv23(机会锁定)
      [ASSIGN] white_usv12->black_usv23(机会锁定)
      [ASSIGN] white_usv8->black_usv23(机会锁定)
      [ASSIGN] white_usv9->black_usv23(机会锁定)
      [ASSIGN] white_usv13->black_usv3(机会锁定)
      [ASSIGN] white_usv10->black_usv22(机会锁定)
      [ASSIGN] white_usv11->black_usv22(机会锁定)
      [ASSIGN] white_usv6->black_usv22(机会锁定)
      [ASSIGN] white_usv13->black_usv22(机会锁定)
      [ASSIGN] white_usv10->black_usv3(机会锁定)
      [ASSIGN] white_usv11->black_usv3(机会锁定)
      [ASSIGN] white_usv6->black_usv3(机会锁定)
      [ASSIGN] white_usv13->black_usv3(机会锁定)
      [KILL] black_usv22
      [ASSIGN] white_usv11->black_usv30(机会锁定)
      [ASSIGN] white_usv13->black_usv30(机会锁定)
      [ASSIGN] white_usv2->black_usv3(机会锁定)
      [ASSIGN] white_usv12->black_usv3(机会锁定)
      [ASSIGN] white_usv8->black_usv3(机会锁定)
      [ASSIGN] white_usv9->black_usv3(机会锁定)
      [ASSIGN] white_usv3->black_usv4(机会锁定)
      [ASSIGN] white_usv2->black_usv23(机会锁定)
      [ASSIGN] white_usv12->black_usv23(机会锁定)
      [ASSIGN] white_usv6->black_usv23(机会锁定)
      [ASSIGN] white_usv8->black_usv23(机会锁定)
      [ASSIGN] white_usv9->black_usv23(机会锁定)
      [ASSIGN] white_usv3->black_usv23(机会锁定)
      [KILL] black_usv4
      [ASSIGN] white_usv2->black_usv3(机会锁定)
      [ASSIGN] white_usv12->black_usv3(机会锁定)
      [ASSIGN] white_usv6->black_usv3(机会锁定)
      [ASSIGN] white_usv8->black_usv3(机会锁定)
      [ASSIGN] white_usv9->black_usv3(机会锁定)
      [ASSIGN] white_usv11->black_usv29(机会锁定)
      [ASSIGN] white_usv2->black_usv23(机会锁定)
      [ASSIGN] white_usv12->black_usv23(机会锁定)
      [ASSIGN] white_usv8->black_usv23(机会锁定)
      [ASSIGN] white_usv9->black_usv23(机会锁定)
      [ASSIGN] white_usv13->black_usv29(机会锁定)
[t=9,843s] step=290 | MISSION=NORMAL_C | USV: 9/15 (avail=0 int=9 lock=0 frz=0) | UAV: air=15 rtb=0 chg=0 loiter=0 | TRACKS: vis=7 lost=3 engaged=0 | TOP: black_usv2(x162,985) black_usv29(x167,346) black_usv11(x167,666) | KILL=23 | ACTIONS=24 | INTENT: focus=2 ratio=0.20
      [ASSIGN] white_usv2->black_usv3(机会锁定)
      [ASSIGN] white_usv12->black_usv3(机会锁定)
      [ASSIGN] white_usv8->black_usv3(机会锁定)
      [ASSIGN] white_usv9->black_usv30(机会锁定)
      [ASSIGN] white_usv13->black_usv30(机会锁定)
      [ASSIGN] white_usv2->black_usv23(机会锁定)
      [ASSIGN] white_usv12->black_usv23(机会锁定)
      [ASSIGN] white_usv8->black_usv23(机会锁定)
      [ASSIGN] white_usv9->black_usv28(机会锁定)
      [ASSIGN] white_usv13->black_usv29(机会锁定)
      [ASSIGN] white_usv2->black_usv3(机会锁定)
      [ASSIGN] white_usv12->black_usv28(机会锁定)
      [ASSIGN] white_usv8->black_usv3(机会锁定)
      [ASSIGN] white_usv2->black_usv23(机会锁定)
      [ASSIGN] white_usv6->black_usv23(机会锁定)
      [ASSIGN] white_usv2->black_usv3(机会锁定)
      [ASSIGN] white_usv6->black_usv3(机会锁定)
      [KILL] black_usv3
      [RELEASE] white_usv10->black_usv3(目标失效)
      [RELEASE] white_usv2->black_usv3(目标失效)
      [RELEASE] white_usv6->black_usv3(目标失效)
      [ASSIGN] white_usv6->black_usv23(机会锁定)
      [RELEASE] white_usv8->black_usv3(目标失效)
      [ASSIGN] white_usv10->black_usv30(机会锁定)
      [ASSIGN] white_usv11->black_usv30(机会锁定)
      [ASSIGN] white_usv2->black_usv2
      [ASSIGN] white_usv8->black_usv11
      [ASSIGN] white_usv3->black_usv2(机会锁定)
      [ASSIGN] white_usv11->black_usv29(机会锁定)
      [ASSIGN] white_usv11->black_usv30(机会锁定)
      [ASSIGN] white_usv2->black_usv23(机会锁定)
      [ASSIGN] white_usv9->black_usv23(机会锁定)
      [ASSIGN] white_usv13->black_usv30(机会锁定)
      [KILL] black_usv23
      [ASSIGN] white_usv10->black_usv29(机会锁定)
      [ASSIGN] white_usv11->black_usv29(机会锁定)
      [RELEASE] white_usv2->black_usv23(目标失效)
      [RELEASE] white_usv6->black_usv23(目标失效)
      [RELEASE] white_usv9->black_usv23(目标失效)
      [ASSIGN] white_usv9->black_usv28(机会锁定)
      [ASSIGN] white_usv13->black_usv29(机会锁定)
[t=10,315s] step=300 | MISSION=NORMAL_C | USV: 9/15 (avail=0 int=8 lock=1 frz=0) | UAV: air=15 rtb=0 chg=0 loiter=0 | TRACKS: vis=8 lost=0 engaged=1 | TOP: black_usv29(x164,230) black_usv5(x168,135) black_usv6(x169,144) | KILL=24 | ACTIONS=24 | INTENT: focus=2 ratio=0.20
      [ASSIGN] white_usv10->black_usv30(机会锁定)
      [ASSIGN] white_usv11->black_usv30(机会锁定)
      [ASSIGN] white_usv2->black_usv6
      [ASSIGN] white_usv6->black_usv5
      [ASSIGN] white_usv13->black_usv30(机会锁定)
      [ASSIGN] white_usv10->black_usv29(机会锁定)
      [ASSIGN] white_usv11->black_usv29(机会锁定)
      [ASSIGN] white_usv13->black_usv29(机会锁定)
      [KILL] black_usv30
      [ASSIGN] white_usv6->black_usv28(机会锁定)
      [ASSIGN] white_usv12->black_usv2(机会锁定)
      [ASSIGN] white_usv2->black_usv28(机会锁定)
      [ASSIGN] white_usv2->black_usv2(机会锁定)
      [ASSIGN] white_usv6->black_usv2(机会锁定)
      [ASSIGN] white_usv8->black_usv28(机会锁定)
      [ASSIGN] white_usv9->black_usv2(机会锁定)
      [KILL] black_usv29
      [RELEASE] white_usv10->black_usv29(目标失效)
      [RELEASE] white_usv11->black_usv29(目标失效)
      [RELEASE] white_usv13->black_usv29(目标失效)
[t=10,798s] step=310 | MISSION=NORMAL_C | USV: 9/15 (avail=0 int=4 lock=5 frz=0) | UAV: air=15 rtb=0 chg=0 loiter=0 | TRACKS: vis=6 lost=0 engaged=1 | TOP: black_usv11(x158,709) black_usv5(x163,834) black_usv6(x164,890) | KILL=25 | ACTIONS=24 | INTENT: focus=2 ratio=0.20
      [ASSIGN] white_usv10->black_usv11
      [ASSIGN] white_usv11->black_usv5
      [ASSIGN] white_usv13->black_usv6
      [ASSIGN] white_usv2->black_usv28(机会锁定)
      [ASSIGN] white_usv12->black_usv28(机会锁定)
      [ASSIGN] white_usv6->black_usv28(机会锁定)
      [ASSIGN] white_usv9->black_usv28(机会锁定)
      [ASSIGN] white_usv3->black_usv28(机会锁定)
      [ASSIGN] white_usv2->black_usv2(机会锁定)
      [ASSIGN] white_usv12->black_usv2(机会锁定)
      [ASSIGN] white_usv6->black_usv2(机会锁定)
      [ASSIGN] white_usv8->black_usv2(机会锁定)
      [ASSIGN] white_usv9->black_usv2(机会锁定)
      [ASSIGN] white_usv3->black_usv2(机会锁定)
      [ASSIGN] white_usv2->black_usv28(机会锁定)
      [ASSIGN] white_usv12->black_usv28(机会锁定)
      [ASSIGN] white_usv6->black_usv28(机会锁定)
      [ASSIGN] white_usv8->black_usv28(机会锁定)
      [ASSIGN] white_usv9->black_usv28(机会锁定)
      [ASSIGN] white_usv10->black_usv28(机会锁定)
      [ASSIGN] white_usv2->black_usv2(机会锁定)
      [ASSIGN] white_usv12->black_usv2(机会锁定)
      [ASSIGN] white_usv6->black_usv2(机会锁定)
      [ASSIGN] white_usv8->black_usv2(机会锁定)
      [ASSIGN] white_usv9->black_usv2(机会锁定)
      [ASSIGN] white_usv2->black_usv11(机会锁定)
      [ASSIGN] white_usv12->black_usv11(机会锁定)
      [ASSIGN] white_usv6->black_usv11(机会锁定)
      [ASSIGN] white_usv8->black_usv11(机会锁定)
      [ASSIGN] white_usv9->black_usv11(机会锁定)
      [KILL] black_usv28
      [RELEASE] white_usv10->black_usv28(目标失效)
      [ASSIGN] white_usv10->black_usv12
[t=11,312s] step=320 | MISSION=NORMAL_C | USV: 9/15 (avail=1 int=3 lock=5 frz=0) | UAV: air=15 rtb=0 chg=0 loiter=0 | TRACKS: vis=5 lost=0 engaged=1 | TOP: black_usv2(x155,795) black_usv5(x159,257) black_usv6(x160,364) | KILL=26 | ACTIONS=24 | INTENT: focus=2 ratio=0.20
      [ASSIGN] white_usv2->black_usv2(机会锁定)
      [ASSIGN] white_usv12->black_usv2(机会锁定)
      [ASSIGN] white_usv6->black_usv2(机会锁定)
      [ASSIGN] white_usv8->black_usv2(机会锁定)
      [ASSIGN] white_usv9->black_usv2(机会锁定)
      [KILL] black_usv2
      [RELEASE] white_usv2->black_usv2(目标失效)
      [ASSIGN] white_usv2->black_usv11(机会锁定)
      [RELEASE] white_usv12->black_usv2(目标失效)
      [ASSIGN] white_usv12->black_usv11(机会锁定)
      [RELEASE] white_usv6->black_usv2(目标失效)
      [ASSIGN] white_usv6->black_usv11(机会锁定)
      [RELEASE] white_usv8->black_usv2(目标失效)
      [ASSIGN] white_usv8->black_usv11(机会锁定)
      [RELEASE] white_usv9->black_usv2(目标失效)
      [ASSIGN] white_usv9->black_usv11(机会锁定)
      [RELEASE] white_usv3->black_usv2(目标失效)
      [ASSIGN] white_usv3->black_usv11(机会锁定)
      [ASSIGN] white_usv10->black_usv11(机会锁定)
[t=11,853s] step=330 | MISSION=NORMAL_C | USV: 9/15 (avail=0 int=9 lock=0 frz=0) | UAV: air=15 rtb=0 chg=0 loiter=0 | TRACKS: vis=4 lost=0 engaged=0 | TOP: black_usv5(x154,440) black_usv6(x155,599) black_usv12(x158,534) | KILL=27 | ACTIONS=24 | INTENT: focus=2 ratio=0.20
      [KILL] black_usv11
      [RELEASE] white_usv10->black_usv11(目标失效)
      [RELEASE] white_usv2->black_usv11(目标失效)
      [RELEASE] white_usv12->black_usv11(目标失效)
      [RELEASE] white_usv6->black_usv11(目标失效)
      [RELEASE] white_usv8->black_usv11(目标失效)
      [RELEASE] white_usv9->black_usv11(目标失效)
      [RELEASE] white_usv3->black_usv11(目标失效)
      [ASSIGN] white_usv10->black_usv6
      [ASSIGN] white_usv2->black_usv5
      [ASSIGN] white_usv12->black_usv12
      [ASSIGN] white_usv6->black_usv5
      [ASSIGN] white_usv8->black_usv12
      [ASSIGN] white_usv9->black_usv12
      [ASSIGN] white_usv3->black_usv6
      [ASSIGN] white_usv2->black_usv12(机会锁定)
[t=12,387s] step=340 | MISSION=NORMAL_C | USV: 9/15 (avail=0 int=7 lock=2 frz=0) | UAV: air=15 rtb=0 chg=0 loiter=0 | TRACKS: vis=1 lost=2 engaged=1 | TOP: black_usv12(x153,964) black_usv5(x149,685) black_usv6(x150,897) | KILL=27 | ACTIONS=24 | INTENT: focus=2 ratio=0.20
      [ASSIGN] white_usv3->black_usv12(机会锁定)
      [ASSIGN] white_usv2->black_usv5(机会锁定)
      [ASSIGN] white_usv9->black_usv5(机会锁定)
[t=12,925s] step=350 | MISSION=NORMAL_C | USV: 9/15 (avail=0 int=7 lock=2 frz=0) | UAV: air=15 rtb=0 chg=0 loiter=0 | TRACKS: vis=3 lost=0 engaged=1 | TOP: black_usv5(x144,894) black_usv6(x146,159) black_usv12(x152,081) | KILL=28 | ACTIONS=24 | INTENT: focus=2 ratio=0.20
      [ASSIGN] white_usv6->black_usv12(机会锁定)
      [ASSIGN] white_usv10->black_usv12(机会锁定)
      [ASSIGN] white_usv3->black_usv6(机会锁定)
      [ASSIGN] white_usv2->black_usv6(机会锁定)
      [ASSIGN] white_usv9->black_usv6(机会锁定)
      [KILL] black_usv12
      [RELEASE] white_usv10->black_usv12(目标失效)
      [RELEASE] white_usv12->black_usv12(目标失效)
      [RELEASE] white_usv6->black_usv12(目标失效)
      [RELEASE] white_usv8->black_usv12(目标失效)
      [ASSIGN] white_usv6->black_usv5
      [ASSIGN] white_usv8->black_usv5
      [ASSIGN] white_usv3->black_usv5(机会锁定)
      [ASSIGN] white_usv3->black_usv6(机会锁定)
[t=13,495s] step=360 | MISSION=NORMAL_C | USV: 9/15 (avail=2 int=5 lock=2 frz=0) | UAV: air=15 rtb=0 chg=0 loiter=0 | TRACKS: vis=2 lost=0 engaged=1 | TOP: black_usv6(x141,826) black_usv5(x142,535) | KILL=29 | ACTIONS=24 | INTENT: focus=2 ratio=0.20
      [ASSIGN] white_usv2->black_usv5(机会锁定)
      [ASSIGN] white_usv9->black_usv5(机会锁定)
      [ASSIGN] white_usv3->black_usv5(机会锁定)

========================================================================
对局结果: Result.Victory — 敌方所有单位被击毁
  击杀蓝舰: 30 | 命中: 60 | 我方USV损失: 6 | UAV损失: 0 | 突破: 0
[META] result=Result.Victory victory_time=13798 first_detection=1841 first_lock=7378 first_kill=8282 enemy_kills=30 friendly_usv_losses=6 friendly_uav_losses=0 black_breakthrough=0 reacquire_attempts=167 reacquire_success=167 sensor_assisted_locks=76 low_conf_commitments=0 global_reacquire_entries=0 global_reacquire_success=0 coverage_collapse_events=1 active_clusters_max=1 coverage_quality_final=0.21 commander_source=default_intent commander_calls=0 commander_changes=0 commander_no_change=0 commander_parse_failures=0 commander_api_failures=0 commander_policy_failures=0 commander_avg_latency=0.0
Done
