0.0 2026-08-09 22:53:34 INFO StateJump BLUE.Ship.Ship.b1.RadarWithGuider.RadarWithGuider[1]==>WORK
0.0 2026-08-09 22:53:34 SENSOR Found[active][point] BLUE.Ship.Ship.b1.RadarWithGuider.RadarWithGuider[1] (130000.000,300000.000,0.000) RED.Ship.Ship.w1 (105000.000,300000.000,0.000)
0.0 2026-08-09 22:53:34 INFO StateJump RED.Ship.Ship.w1.RadarWithGuider.RadarWithGuider[1]==>WORK
0.0 2026-08-09 22:53:34 SENSOR Found[active][point] RED.Ship.Ship.w1.RadarWithGuider.RadarWithGuider[1] (105000.000,300000.000,0.000) BLUE.Ship.Ship.b1 (130000.000,300000.000,0.000)
0.0 2026-08-09 22:53:34 INFO StateJump BLUE.Ship.Ship.b1.Locker.Locker[1]==>WORK
0.0 2026-08-09 22:53:34 INFO StateJump RED.Ship.Ship.w1.Locker.Locker[1]==>WORK
0.0 2026-08-09 22:53:34 INFO StateJump RED.Ship.Ship.w1.Comdev.Comdev[1]==>FREE
0.0 2026-08-09 22:53:34 INFO StateJump RED.Ship.Ship.w1.Comdev.Comdev[1]==>WORK
0.0 2026-08-09 22:53:34 INFO StateJump RED.Ship.Ship.w1.MotorTZB.ShipMotorTZB[1]==>FREE
0.0 2026-08-09 22:53:34 INFO StateJump RED.Ship.Ship.w1.MotorTZB.ShipMotorTZB[1]==>MOVE
0.0 2026-08-09 22:53:34 INFO StateJump RED.Ship.Ship.w1.Intelligence.QB[1]==>FREE
0.0 2026-08-09 22:53:34 INFO StateJump RED.Ship.Ship.w1.Intelligence.QB[1]==>WORK
0.0 2026-08-09 22:53:34 INFO StateJump BLUE.Ship.Ship.b1.Comdev.Comdev[1]==>FREE
0.0 2026-08-09 22:53:34 INFO StateJump BLUE.Ship.Ship.b1.Comdev.Comdev[1]==>WORK
0.0 2026-08-09 22:53:34 INFO StateJump BLUE.Ship.Ship.b1.MotorTZB.ShipMotorTZB[1]==>FREE
0.0 2026-08-09 22:53:34 INFO StateJump BLUE.Ship.Ship.b1.MotorTZB.ShipMotorTZB[1]==>MOVE
0.0 2026-08-09 22:53:34 INFO StateJump BLUE.Ship.Ship.b1.Intelligence.QB[1]==>FREE
0.0 2026-08-09 22:53:34 INFO StateJump BLUE.Ship.Ship.b1.Intelligence.QB[1]==>WORK
0.0 2026-08-09 22:53:34 INFO StateJump JudgeSystem<139952397575488>==>WORK
2000.0 2026-08-09 22:53:36 SENSOR Found[active][track] BLUE.Ship.Ship.b1.RadarWithGuider.RadarWithGuider[1] (130000.000,300020.000,0.000) RED.Ship.Ship.w1 (105020.000,300000.000,0.000)
2000.0 2026-08-09 22:53:36 SENSOR Found[active][track] RED.Ship.Ship.w1.RadarWithGuider.RadarWithGuider[1] (105020.000,300000.000,0.000) BLUE.Ship.Ship.b1 (130000.000,300020.000,0.000)
913000.0 2026-08-09 23:08:47 INFO StateJump BLUE.Ship.Ship.b1.RadarWithGuider.RadarWithGuider[1]==>FREE
