========================================================================
HYBRID AGENT V5 — Variable-Cardinality Hierarchical Maritime Agent
  启用UAV: True | LLM_ENABLED: False
========================================================================
对局 6 开始
      [UAV RELAUNCH] white_uav2
      [UAV RELAUNCH] white_uav1
      [UAV RELAUNCH] white_uav3
      [UAV RELAUNCH] white_uav4
[t=131s] step=10 | MISSION=NORMAL_C | USV: 7/7 (avail=7 int=0 lock=0 frz=0) | UAV: air=4 rtb=0 chg=0 loiter=0 | TRACKS: vis=0 lost=0 engaged=0 | TOP:  | KILL=0 | ACTIONS=11 | INTENT: focus=2 ratio=0.20
  [INTENT APPLIED]
    ThreatAllocator: focus 2 emergency 3 reserve_ratio 0.20 reserve_usvs None bias breakthrough_eta
    UAVManager: mode search_and_reacquire uav_priority []
[t=288s] step=20 | MISSION=NORMAL_C | USV: 7/7 (avail=7 int=0 lock=0 frz=0) | UAV: air=4 rtb=0 chg=0 loiter=0 | TRACKS: vis=0 lost=0 engaged=0 | TOP:  | KILL=0 | ACTIONS=11 | INTENT: focus=2 ratio=0.20
[t=442s] step=30 | MISSION=NORMAL_C | USV: 7/7 (avail=7 int=0 lock=0 frz=0) | UAV: air=4 rtb=0 chg=0 loiter=0 | TRACKS: vis=0 lost=0 engaged=0 | TOP:  | KILL=0 | ACTIONS=11 | INTENT: focus=2 ratio=0.20
[t=604s] step=40 | MISSION=NORMAL_C | USV: 7/7 (avail=7 int=0 lock=0 frz=0) | UAV: air=4 rtb=0 chg=0 loiter=0 | TRACKS: vis=0 lost=0 engaged=0 | TOP:  | KILL=0 | ACTIONS=11 | INTENT: focus=2 ratio=0.20
[t=787s] step=50 | MISSION=NORMAL_C | USV: 7/7 (avail=7 int=0 lock=0 frz=0) | UAV: air=4 rtb=0 chg=0 loiter=0 | TRACKS: vis=0 lost=0 engaged=0 | TOP:  | KILL=0 | ACTIONS=11 | INTENT: focus=2 ratio=0.20
[t=936s] step=60 | MISSION=NORMAL_C | USV: 7/7 (avail=7 int=0 lock=0 frz=0) | UAV: air=4 rtb=0 chg=0 loiter=0 | TRACKS: vis=0 lost=0 engaged=0 | TOP:  | KILL=0 | ACTIONS=11 | INTENT: focus=2 ratio=0.20
[t=1,084s] step=70 | MISSION=NORMAL_C | USV: 7/7 (avail=7 int=0 lock=0 frz=0) | UAV: air=4 rtb=0 chg=0 loiter=0 | TRACKS: vis=0 lost=0 engaged=0 | TOP:  | KILL=0 | ACTIONS=11 | INTENT: focus=2 ratio=0.20
[t=1,232s] step=80 | MISSION=NORMAL_C | USV: 7/7 (avail=7 int=0 lock=0 frz=0) | UAV: air=4 rtb=0 chg=0 loiter=0 | TRACKS: vis=0 lost=0 engaged=0 | TOP:  | KILL=0 | ACTIONS=11 | INTENT: focus=2 ratio=0.20
[t=1,381s] step=90 | MISSION=NORMAL_C | USV: 7/7 (avail=7 int=0 lock=0 frz=0) | UAV: air=4 rtb=0 chg=0 loiter=0 | TRACKS: vis=0 lost=0 engaged=0 | TOP:  | KILL=0 | ACTIONS=11 | INTENT: focus=2 ratio=0.20
[t=1,543s] step=100 | MISSION=NORMAL_C | USV: 7/7 (avail=7 int=0 lock=0 frz=0) | UAV: air=4 rtb=0 chg=0 loiter=0 | TRACKS: vis=0 lost=0 engaged=0 | TOP:  | KILL=0 | ACTIONS=11 | INTENT: focus=2 ratio=0.20
      [DETECT] black_uav1
      [DETECT] black_uav4
[t=1,681s] step=110 | MISSION=NORMAL_C | USV: 7/7 (avail=7 int=0 lock=0 frz=0) | UAV: air=4 rtb=0 chg=0 loiter=0 | TRACKS: vis=2 lost=0 engaged=0 | TOP: black_uav1(x208,828) black_uav4(x208,828) | KILL=0 | ACTIONS=11 | INTENT: focus=2 ratio=0.20
[t=1,848s] step=120 | MISSION=NORMAL_C | USV: 7/7 (avail=7 int=0 lock=0 frz=0) | UAV: air=4 rtb=0 chg=0 loiter=0 | TRACKS: vis=0 lost=2 engaged=0 | TOP: black_uav1(x203,818) black_uav4(x203,818) | KILL=0 | ACTIONS=11 | INTENT: focus=2 ratio=0.20
      [DETECT] black_usv6
      [DETECT] black_usv5
      [ASSIGN] white_usv6->black_usv6
      [ASSIGN] white_usv7->black_usv6
      [ASSIGN] white_usv4->black_usv5
      [ASSIGN] white_usv1->black_usv5
      [ASSIGN] white_usv5->black_usv5
      [ASSIGN] white_usv3->black_usv6
      [DETECT] black_usv4
      [DETECT] black_usv7
      [ASSIGN] white_usv2->black_usv7
      [DETECT] black_uav2
      [DETECT] black_uav3
      [DETECT] black_usv1
      [DETECT] black_usv2
      [DETECT] black_usv3
[t=2,031s] step=130 | MISSION=NORMAL_C | USV: 7/7 (avail=0 int=7 lock=0 frz=0) | UAV: air=4 rtb=0 chg=0 loiter=0 | TRACKS: vis=9 lost=2 engaged=0 | TOP: black_usv3(x239,696) black_usv2(x239,721) black_usv4(x240,329) | KILL=0 | ACTIONS=11 | INTENT: focus=2 ratio=0.20
[t=2,226s] step=140 | MISSION=NORMAL_C | USV: 7/7 (avail=0 int=7 lock=0 frz=0) | UAV: air=4 rtb=0 chg=0 loiter=0 | TRACKS: vis=8 lost=0 engaged=0 | TOP: black_usv3(x237,747) black_usv2(x237,775) black_usv4(x238,441) | KILL=0 | ACTIONS=11 | INTENT: focus=2 ratio=0.20
      [DETECT] black_uav2
[t=2,397s] step=150 | MISSION=NORMAL_C | USV: 7/7 (avail=0 int=7 lock=0 frz=0) | UAV: air=4 rtb=0 chg=0 loiter=0 | TRACKS: vis=8 lost=1 engaged=0 | TOP: black_usv3(x236,035) black_usv2(x236,066) black_usv4(x236,783) | KILL=0 | ACTIONS=11 | INTENT: focus=2 ratio=0.20
[t=2,550s] step=160 | MISSION=NORMAL_C | USV: 7/7 (avail=0 int=7 lock=0 frz=0) | UAV: air=4 rtb=0 chg=0 loiter=0 | TRACKS: vis=7 lost=1 engaged=0 | TOP: black_usv3(x234,509) black_usv2(x234,542) black_usv4(x235,305) | KILL=0 | ACTIONS=11 | INTENT: focus=2 ratio=0.20
[t=2,712s] step=170 | MISSION=NORMAL_C | USV: 7/7 (avail=0 int=7 lock=0 frz=0) | UAV: air=4 rtb=0 chg=0 loiter=0 | TRACKS: vis=7 lost=0 engaged=0 | TOP: black_usv3(x232,884) black_usv2(x232,918) black_usv4(x233,731) | KILL=0 | ACTIONS=11 | INTENT: focus=2 ratio=0.20
[t=2,882s] step=180 | MISSION=NORMAL_C | USV: 7/7 (avail=0 int=7 lock=0 frz=0) | UAV: air=4 rtb=0 chg=0 loiter=0 | TRACKS: vis=7 lost=0 engaged=0 | TOP: black_usv3(x231,192) black_usv2(x231,229) black_usv4(x232,091) | KILL=0 | ACTIONS=11 | INTENT: focus=2 ratio=0.20
[t=3,046s] step=190 | MISSION=NORMAL_C | USV: 7/7 (avail=0 int=7 lock=0 frz=0) | UAV: air=4 rtb=0 chg=0 loiter=0 | TRACKS: vis=7 lost=0 engaged=0 | TOP: black_usv3(x229,550) black_usv2(x229,589) black_usv4(x230,500) | KILL=0 | ACTIONS=11 | INTENT: focus=2 ratio=0.20
[t=3,216s] step=200 | MISSION=NORMAL_C | USV: 7/7 (avail=0 int=7 lock=0 frz=0) | UAV: air=4 rtb=0 chg=0 loiter=0 | TRACKS: vis=6 lost=1 engaged=0 | TOP: black_usv3(x227,855) black_usv2(x227,895) black_usv4(x228,858) | KILL=0 | ACTIONS=11 | INTENT: focus=2 ratio=0.20
      [DETECT] black_uav4
[t=3,394s] step=210 | MISSION=NORMAL_C | USV: 7/7 (avail=0 int=7 lock=0 frz=0) | UAV: air=4 rtb=0 chg=0 loiter=0 | TRACKS: vis=7 lost=1 engaged=0 | TOP: black_usv3(x226,076) black_usv2(x226,119) black_usv4(x227,134) | KILL=0 | ACTIONS=11 | INTENT: focus=2 ratio=0.20
[t=3,541s] step=220 | MISSION=NORMAL_C | USV: 7/7 (avail=0 int=7 lock=0 frz=0) | UAV: air=4 rtb=0 chg=0 loiter=0 | TRACKS: vis=8 lost=0 engaged=0 | TOP: black_usv3(x224,607) black_usv2(x224,652) black_usv4(x225,711) | KILL=0 | ACTIONS=11 | INTENT: focus=2 ratio=0.20
[t=3,727s] step=230 | MISSION=NORMAL_C | USV: 7/7 (avail=0 int=7 lock=0 frz=0) | UAV: air=4 rtb=0 chg=0 loiter=0 | TRACKS: vis=8 lost=0 engaged=0 | TOP: black_usv3(x222,748) black_usv2(x222,796) black_usv4(x223,911) | KILL=0 | ACTIONS=11 | INTENT: focus=2 ratio=0.20
[t=3,901s] step=240 | MISSION=NORMAL_C | USV: 7/7 (avail=0 int=7 lock=0 frz=0) | UAV: air=4 rtb=0 chg=0 loiter=0 | TRACKS: vis=8 lost=0 engaged=0 | TOP: black_usv3(x221,010) black_usv2(x221,059) black_usv4(x222,226) | KILL=0 | ACTIONS=11 | INTENT: focus=2 ratio=0.20
      [DETECT] black_uav3
[t=4,077s] step=250 | MISSION=NORMAL_C | USV: 7/7 (avail=0 int=7 lock=0 frz=0) | UAV: air=4 rtb=0 chg=0 loiter=0 | TRACKS: vis=9 lost=0 engaged=0 | TOP: black_usv3(x219,251) black_usv2(x219,303) black_usv4(x220,523) | KILL=0 | ACTIONS=11 | INTENT: focus=2 ratio=0.20
[t=4,217s] step=260 | MISSION=NORMAL_C | USV: 7/7 (avail=0 int=7 lock=0 frz=0) | UAV: air=4 rtb=0 chg=0 loiter=0 | TRACKS: vis=9 lost=0 engaged=0 | TOP: black_usv3(x217,852) black_usv2(x217,906) black_usv4(x219,167) | KILL=0 | ACTIONS=11 | INTENT: focus=2 ratio=0.20
[t=4,380s] step=270 | MISSION=NORMAL_C | USV: 7/7 (avail=0 int=7 lock=0 frz=0) | UAV: air=4 rtb=0 chg=0 loiter=0 | TRACKS: vis=9 lost=0 engaged=0 | TOP: black_usv3(x216,223) black_usv2(x216,279) black_usv4(x217,589) | KILL=0 | ACTIONS=11 | INTENT: focus=2 ratio=0.20
      [DETECT] black_uav2
[t=4,537s] step=280 | MISSION=NORMAL_C | USV: 7/7 (avail=0 int=7 lock=0 frz=0) | UAV: air=4 rtb=0 chg=0 loiter=0 | TRACKS: vis=10 lost=0 engaged=0 | TOP: black_usv3(x214,654) black_usv2(x214,712) black_usv4(x216,069) | KILL=0 | ACTIONS=11 | INTENT: focus=2 ratio=0.20
      [DETECT] black_uav1
[t=4,704s] step=290 | MISSION=NORMAL_C | USV: 7/7 (avail=0 int=7 lock=0 frz=0) | UAV: air=4 rtb=0 chg=0 loiter=0 | TRACKS: vis=11 lost=0 engaged=0 | TOP: black_usv3(x212,978) black_usv2(x213,038) black_usv4(x214,445) | KILL=0 | ACTIONS=11 | INTENT: focus=2 ratio=0.20
[t=4,858s] step=300 | MISSION=NORMAL_C | USV: 7/7 (avail=0 int=7 lock=0 frz=0) | UAV: air=4 rtb=0 chg=0 loiter=0 | TRACKS: vis=11 lost=0 engaged=0 | TOP: black_usv3(x211,439) black_usv2(x211,501) black_usv4(x212,954) | KILL=0 | ACTIONS=11 | INTENT: focus=2 ratio=0.20
[t=5,019s] step=310 | MISSION=NORMAL_C | USV: 7/7 (avail=0 int=7 lock=0 frz=0) | UAV: air=4 rtb=0 chg=0 loiter=0 | TRACKS: vis=11 lost=0 engaged=0 | TOP: black_usv3(x209,838) black_usv2(x209,902) black_usv1(x211,535) | KILL=0 | ACTIONS=11 | INTENT: focus=2 ratio=0.20
[t=5,212s] step=320 | MISSION=NORMAL_C | USV: 7/7 (avail=0 int=7 lock=0 frz=0) | UAV: air=4 rtb=0 chg=0 loiter=0 | TRACKS: vis=11 lost=0 engaged=0 | TOP: black_usv3(x207,910) black_usv2(x207,976) black_usv1(x209,611) | KILL=0 | ACTIONS=11 | INTENT: focus=2 ratio=0.20
[t=5,395s] step=330 | MISSION=NORMAL_C | USV: 7/7 (avail=0 int=7 lock=0 frz=0) | UAV: air=4 rtb=0 chg=0 loiter=0 | TRACKS: vis=11 lost=0 engaged=0 | TOP: black_usv3(x206,081) black_usv2(x206,150) black_usv1(x207,786) | KILL=0 | ACTIONS=11 | INTENT: focus=2 ratio=0.20
[t=5,592s] step=340 | MISSION=NORMAL_C | USV: 7/7 (avail=0 int=7 lock=0 frz=0) | UAV: air=4 rtb=0 chg=0 loiter=0 | TRACKS: vis=11 lost=0 engaged=0 | TOP: black_usv3(x204,102) black_usv2(x204,174) black_usv1(x205,812) | KILL=0 | ACTIONS=11 | INTENT: focus=2 ratio=0.20
[t=5,764s] step=350 | MISSION=NORMAL_C | USV: 7/7 (avail=0 int=7 lock=0 frz=0) | UAV: air=4 rtb=0 chg=0 loiter=0 | TRACKS: vis=11 lost=0 engaged=0 | TOP: black_usv3(x202,394) black_usv2(x202,467) black_usv1(x204,107) | KILL=0 | ACTIONS=11 | INTENT: focus=2 ratio=0.20
[t=5,938s] step=360 | MISSION=NORMAL_C | USV: 7/7 (avail=0 int=7 lock=0 frz=0) | UAV: air=4 rtb=0 chg=0 loiter=0 | TRACKS: vis=10 lost=1 engaged=0 | TOP: black_usv3(x200,652) black_usv2(x200,728) black_usv1(x202,368) | KILL=0 | ACTIONS=11 | INTENT: focus=2 ratio=0.20
[t=6,126s] step=370 | MISSION=NORMAL_C | USV: 7/7 (avail=0 int=7 lock=0 frz=0) | UAV: air=4 rtb=0 chg=0 loiter=0 | TRACKS: vis=7 lost=1 engaged=0 | TOP: black_usv3(x198,777) black_usv2(x198,855) black_usv1(x200,497) | KILL=0 | ACTIONS=11 | INTENT: focus=2 ratio=0.20
[t=6,330s] step=380 | MISSION=NORMAL_C | USV: 7/7 (avail=0 int=7 lock=0 frz=0) | UAV: air=4 rtb=0 chg=0 loiter=0 | TRACKS: vis=7 lost=0 engaged=0 | TOP: black_usv3(x196,729) black_usv2(x196,810) black_usv1(x198,454) | KILL=0 | ACTIONS=11 | INTENT: focus=2 ratio=0.20
[t=6,517s] step=390 | MISSION=NORMAL_C | USV: 7/7 (avail=0 int=7 lock=0 frz=0) | UAV: air=4 rtb=0 chg=0 loiter=0 | TRACKS: vis=7 lost=0 engaged=0 | TOP: black_usv3(x194,869) black_usv2(x194,953) black_usv1(x196,598) | KILL=0 | ACTIONS=11 | INTENT: focus=2 ratio=0.20
[t=6,704s] step=400 | MISSION=NORMAL_C | USV: 7/7 (avail=0 int=7 lock=0 frz=0) | UAV: air=4 rtb=0 chg=0 loiter=0 | TRACKS: vis=7 lost=0 engaged=0 | TOP: black_usv3(x193,001) black_usv2(x193,086) black_usv1(x194,733) | KILL=0 | ACTIONS=11 | INTENT: focus=2 ratio=0.20
[t=6,872s] step=410 | MISSION=NORMAL_C | USV: 7/7 (avail=0 int=7 lock=0 frz=0) | UAV: air=4 rtb=0 chg=0 loiter=0 | TRACKS: vis=7 lost=0 engaged=0 | TOP: black_usv3(x191,314) black_usv2(x191,402) black_usv1(x193,050) | KILL=0 | ACTIONS=11 | INTENT: focus=2 ratio=0.20
[t=7,075s] step=420 | MISSION=NORMAL_C | USV: 7/7 (avail=0 int=7 lock=0 frz=0) | UAV: air=4 rtb=0 chg=0 loiter=0 | TRACKS: vis=7 lost=0 engaged=0 | TOP: black_usv3(x189,289) black_usv2(x189,379) black_usv1(x191,029) | KILL=0 | ACTIONS=11 | INTENT: focus=2 ratio=0.20
[t=7,233s] step=430 | MISSION=NORMAL_C | USV: 7/7 (avail=0 int=7 lock=0 frz=0) | UAV: air=4 rtb=0 chg=0 loiter=0 | TRACKS: vis=7 lost=0 engaged=0 | TOP: black_usv3(x187,711) black_usv2(x187,806) black_usv1(x189,455) | KILL=0 | ACTIONS=11 | INTENT: focus=2 ratio=0.20
      [ASSIGN] white_usv7->black_usv7(机会锁定)
[t=7,443s] step=440 | MISSION=NORMAL_C | USV: 7/7 (avail=0 int=3 lock=4 frz=0) | UAV: air=4 rtb=0 chg=0 loiter=0 | TRACKS: vis=7 lost=0 engaged=3 | TOP: black_usv3(x185,616) black_usv2(x185,723) black_usv1(x187,365) | KILL=0 | ACTIONS=11 | INTENT: focus=2 ratio=0.20
      [ASSIGN] white_usv3->black_usv5(机会锁定)
      [ASSIGN] white_usv1->black_usv3(机会锁定)
      [ASSIGN] white_usv2->black_usv5(机会锁定)
[t=7,656s] step=450 | MISSION=NORMAL_C | USV: 7/7 (avail=0 int=0 lock=7 frz=0) | UAV: air=4 rtb=0 chg=0 loiter=0 | TRACKS: vis=5 lost=2 engaged=4 | TOP: black_usv2(x183,605) black_usv1(x185,241) black_usv4(x185,876) | KILL=0 | ACTIONS=11 | INTENT: focus=2 ratio=0.20
      [ASSIGN] white_usv6->black_usv4(机会锁定)
      [ASSIGN] white_usv7->black_usv4(机会锁定)
      [ASSIGN] white_usv4->black_usv6(机会锁定)
      [ASSIGN] white_usv5->black_usv6(机会锁定)
      [ASSIGN] white_usv3->black_usv6(机会锁定)
      [ASSIGN] white_usv2->black_usv6(机会锁定)
      [ASSIGN] white_usv1->black_usv2(机会锁定)
[t=7,907s] step=460 | MISSION=NORMAL_C | USV: 7/7 (avail=0 int=0 lock=7 frz=0) | UAV: air=4 rtb=0 chg=0 loiter=0 | TRACKS: vis=7 lost=0 engaged=3 | TOP: black_usv3(x182,069) black_usv1(x182,728) black_usv7(x183,324) | KILL=1 | ACTIONS=11 | INTENT: focus=2 ratio=0.20
      [ASSIGN] white_usv6->black_usv7(机会锁定)
      [ASSIGN] white_usv7->black_usv7(机会锁定)
      [ASSIGN] white_usv4->black_usv5(机会锁定)
      [ASSIGN] white_usv5->black_usv4(机会锁定)
      [ASSIGN] white_usv3->black_usv4(机会锁定)
      [ASSIGN] white_usv2->black_usv4(机会锁定)
      [ASSIGN] white_usv4->black_usv6(机会锁定)
      [ASSIGN] white_usv4->black_usv5(机会锁定)
      [ASSIGN] white_usv4->black_usv6(机会锁定)
[t=8,121s] step=470 | MISSION=NORMAL_C | USV: 7/7 (avail=0 int=1 lock=6 frz=0) | UAV: air=4 rtb=0 chg=0 loiter=0 | TRACKS: vis=7 lost=0 engaged=3 | TOP: black_usv1(x180,604) black_usv3(x181,849) black_usv6(x182,962) | KILL=2 | ACTIONS=11 | INTENT: focus=2 ratio=0.20
      [ASSIGN] white_usv4->black_usv5(机会锁定)
      [ASSIGN] white_usv1->black_usv3(机会锁定)
      [ASSIGN] white_usv4->black_usv6(机会锁定)
      [ASSIGN] white_usv4->black_usv5(机会锁定)
      [ASSIGN] white_usv4->black_usv6(机会锁定)
      [ASSIGN] white_usv4->black_usv5(机会锁定)
      [ASSIGN] white_usv4->black_usv6(机会锁定)
      [ASSIGN] white_usv4->black_usv5(机会锁定)
      [KILL] black_usv5
      [ASSIGN] white_usv6->black_usv6(机会锁定)
      [ASSIGN] white_usv7->black_usv6(机会锁定)
      [RELEASE] white_usv4->black_usv5(目标失效)
      [ASSIGN] white_usv4->black_usv6(机会锁定)
      [ASSIGN] white_usv6->black_usv7(机会锁定)
      [ASSIGN] white_usv7->black_usv7(机会锁定)
      [ASSIGN] white_usv4->black_usv7(机会锁定)
      [ASSIGN] white_usv6->black_usv6(机会锁定)
      [ASSIGN] white_usv7->black_usv6(机会锁定)
      [ASSIGN] white_usv4->black_usv6(机会锁定)
      [ASSIGN] white_usv5->black_usv6(机会锁定)
      [ASSIGN] white_usv3->black_usv6(机会锁定)
      [ASSIGN] white_usv2->black_usv6(机会锁定)
[t=8,371s] step=480 | MISSION=NORMAL_C | USV: 7/7 (avail=0 int=6 lock=1 frz=0) | UAV: air=4 rtb=0 chg=0 loiter=0 | TRACKS: vis=6 lost=0 engaged=1 | TOP: black_usv1(x178,111) black_usv2(x178,923) black_usv6(x182,962) | KILL=4 | ACTIONS=11 | INTENT: focus=2 ratio=0.20
      [ASSIGN] white_usv6->black_usv7(机会锁定)
      [ASSIGN] white_usv7->black_usv7(机会锁定)
      [ASSIGN] white_usv4->black_usv4(机会锁定)
      [ASSIGN] white_usv5->black_usv4(机会锁定)
      [ASSIGN] white_usv3->black_usv4(机会锁定)
      [ASSIGN] white_usv2->black_usv4(机会锁定)
      [ASSIGN] white_usv6->black_usv6(机会锁定)
      [ASSIGN] white_usv7->black_usv6(机会锁定)
      [ASSIGN] white_usv4->black_usv6(机会锁定)
      [ASSIGN] white_usv5->black_usv6(机会锁定)
      [ASSIGN] white_usv3->black_usv6(机会锁定)
      [ASSIGN] white_usv2->black_usv6(机会锁定)
      [ASSIGN] white_usv6->black_usv7(机会锁定)
      [ASSIGN] white_usv7->black_usv7(机会锁定)
      [ASSIGN] white_usv4->black_usv4(机会锁定)
      [ASSIGN] white_usv5->black_usv4(机会锁定)
      [ASSIGN] white_usv3->black_usv4(机会锁定)
      [ASSIGN] white_usv2->black_usv4(机会锁定)
      [ASSIGN] white_usv6->black_usv6(机会锁定)
      [ASSIGN] white_usv7->black_usv6(机会锁定)
      [ASSIGN] white_usv4->black_usv6(机会锁定)
      [ASSIGN] white_usv1->black_usv2(机会锁定)
      [ASSIGN] white_usv5->black_usv6(机会锁定)
      [ASSIGN] white_usv3->black_usv6(机会锁定)
      [ASSIGN] white_usv2->black_usv6(机会锁定)
      [ASSIGN] white_usv6->black_usv7(机会锁定)
      [ASSIGN] white_usv7->black_usv7(机会锁定)
      [ASSIGN] white_usv4->black_usv4(机会锁定)
      [ASSIGN] white_usv5->black_usv4(机会锁定)
      [ASSIGN] white_usv3->black_usv4(机会锁定)
      [ASSIGN] white_usv2->black_usv4(机会锁定)
      [ASSIGN] white_usv7->black_usv6(机会锁定)
      [ASSIGN] white_usv4->black_usv6(机会锁定)
      [ASSIGN] white_usv5->black_usv3(机会锁定)
      [ASSIGN] white_usv3->black_usv7(机会锁定)
      [ASSIGN] white_usv2->black_usv6(机会锁定)
      [ASSIGN] white_usv7->black_usv4(机会锁定)
      [ASSIGN] white_usv5->black_usv4(机会锁定)
      [ASSIGN] white_usv3->black_usv4(机会锁定)
      [ASSIGN] white_usv2->black_usv4(机会锁定)
      [ASSIGN] white_usv7->black_usv7(机会锁定)
      [ASSIGN] white_usv5->black_usv3(机会锁定)
      [ASSIGN] white_usv7->black_usv6(机会锁定)
      [ASSIGN] white_usv5->black_usv4(机会锁定)
      [KILL] black_usv6
      [RELEASE] white_usv7->black_usv6(目标失效)
      [ASSIGN] white_usv7->black_usv7(机会锁定)
[t=8,661s] step=490 | MISSION=NORMAL_C | USV: 6/7 (avail=0 int=5 lock=1 frz=0) | UAV: air=4 rtb=0 chg=0 loiter=0 | TRACKS: vis=5 lost=0 engaged=1 | TOP: black_usv1(x175,220) black_usv3(x178,422) black_usv2(x176,607) | KILL=5 | ACTIONS=10 | INTENT: focus=2 ratio=0.20
      [ASSIGN] white_usv5->black_usv3(机会锁定)
      [ASSIGN] white_usv5->black_usv1(机会锁定)
      [ASSIGN] white_usv1->black_usv3(机会锁定)
      [ASSIGN] white_usv1->black_usv2(机会锁定)
      [KILL] black_usv7
      [RELEASE] white_usv6->black_usv7(目标失效)
      [ASSIGN] white_usv6->black_usv4(机会锁定)
      [RELEASE] white_usv7->black_usv7(目标失效)
      [ASSIGN] white_usv7->black_usv4(机会锁定)
      [ASSIGN] white_usv1->black_usv3(机会锁定)
      [KILL] black_usv4
      [RELEASE] white_usv6->black_usv4(目标失效)
      [RELEASE] white_usv7->black_usv4(目标失效)
      [ASSIGN] white_usv1->black_usv2(机会锁定)
      [RELEASE] white_usv3->black_usv4(目标失效)
      [ASSIGN] white_usv3->black_usv3(机会锁定)
      [RELEASE] white_usv2->black_usv4(目标失效)
      [ASSIGN] white_usv6->black_usv3
      [ASSIGN] white_usv7->black_usv2
      [ASSIGN] white_usv1->black_usv1(机会锁定)
      [ASSIGN] white_usv2->black_usv1
      [ASSIGN] white_usv3->black_usv2(机会锁定)
      [ASSIGN] white_usv2->black_usv2(机会锁定)
[t=9,080s] step=500 | MISSION=NORMAL_C | USV: 6/7 (avail=0 int=4 lock=2 frz=0) | UAV: air=4 rtb=0 chg=0 loiter=0 | TRACKS: vis=3 lost=0 engaged=1 | TOP: black_usv2(x175,086) black_usv1(x171,042) black_usv3(x178,422) | KILL=6 | ACTIONS=10 | INTENT: focus=2 ratio=0.20
      [KILL] black_usv3
      [RELEASE] white_usv6->black_usv3(目标失效)
      [ASSIGN] white_usv3->black_usv1(机会锁定)
      [ASSIGN] white_usv2->black_usv1(机会锁定)
      [ASSIGN] white_usv6->black_usv2
      [ASSIGN] white_usv5->black_usv2(机会锁定)
      [ASSIGN] white_usv5->black_usv1(机会锁定)
      [ASSIGN] white_usv1->black_usv2(机会锁定)
      [ASSIGN] white_usv1->black_usv1(机会锁定)
      [KILL] black_usv2
      [RELEASE] white_usv6->black_usv2(目标失效)
      [ASSIGN] white_usv6->black_usv1(机会锁定)
      [RELEASE] white_usv7->black_usv2(目标失效)
      [ASSIGN] white_usv7->black_usv1(机会锁定)

========================================================================
对局结果: Result.Victory — 敌方所有单位被击毁
  击杀蓝舰: 7 | 命中: 14 | 我方USV损失: 1 | UAV损失: 0 | 突破: 0
[META] result=Result.Victory victory_time=9815 first_detection=1584 first_lock=7378 first_kill=8310 enemy_kills=7 friendly_usv_losses=1 friendly_uav_losses=0 black_breakthrough=0 reacquire_attempts=26 reacquire_success=26 sensor_assisted_locks=36 low_conf_commitments=0 global_reacquire_entries=0 global_reacquire_success=0 coverage_collapse_events=1 active_clusters_max=1 coverage_quality_final=0.18 commander_source=default_intent commander_calls=0 commander_changes=0 commander_no_change=0 commander_parse_failures=0 commander_api_failures=0 commander_policy_failures=0 commander_avg_latency=0.0
Done
