========================================================================
HYBRID AGENT V5 — Variable-Cardinality Hierarchical Maritime Agent
  启用UAV: True | LLM_ENABLED: False
========================================================================
对局 15 开始
      [UAV RELAUNCH] white_uav5
      [UAV RELAUNCH] white_uav1
      [UAV RELAUNCH] white_uav7
      [UAV RELAUNCH] white_uav8
      [UAV RELAUNCH] white_uav2
      [UAV RELAUNCH] white_uav6
      [UAV RELAUNCH] white_uav4
      [UAV RELAUNCH] white_uav3
[t=157s] step=10 | MISSION=NORMAL_C | USV: 12/12 (avail=12 int=0 lock=0 frz=0) | UAV: air=8 rtb=0 chg=0 loiter=0 | TRACKS: vis=0 lost=0 engaged=0 | TOP:  | KILL=0 | ACTIONS=20 | INTENT: focus=2 ratio=0.20
  [INTENT APPLIED]
    ThreatAllocator: focus 2 emergency 3 reserve_ratio 0.20 reserve_usvs None bias breakthrough_eta
    UAVManager: mode search_and_reacquire uav_priority []
[t=303s] step=20 | MISSION=NORMAL_C | USV: 12/12 (avail=12 int=0 lock=0 frz=0) | UAV: air=8 rtb=0 chg=0 loiter=0 | TRACKS: vis=0 lost=0 engaged=0 | TOP:  | KILL=0 | ACTIONS=20 | INTENT: focus=2 ratio=0.20
[t=477s] step=30 | MISSION=NORMAL_C | USV: 12/12 (avail=12 int=0 lock=0 frz=0) | UAV: air=8 rtb=0 chg=0 loiter=0 | TRACKS: vis=0 lost=0 engaged=0 | TOP:  | KILL=0 | ACTIONS=20 | INTENT: focus=2 ratio=0.20
[t=661s] step=40 | MISSION=NORMAL_C | USV: 12/12 (avail=12 int=0 lock=0 frz=0) | UAV: air=8 rtb=0 chg=0 loiter=0 | TRACKS: vis=0 lost=0 engaged=0 | TOP:  | KILL=0 | ACTIONS=20 | INTENT: focus=2 ratio=0.20
[t=825s] step=50 | MISSION=NORMAL_C | USV: 12/12 (avail=12 int=0 lock=0 frz=0) | UAV: air=8 rtb=0 chg=0 loiter=0 | TRACKS: vis=0 lost=0 engaged=0 | TOP:  | KILL=0 | ACTIONS=20 | INTENT: focus=2 ratio=0.20
[t=1,003s] step=60 | MISSION=NORMAL_C | USV: 12/12 (avail=12 int=0 lock=0 frz=0) | UAV: air=8 rtb=0 chg=0 loiter=0 | TRACKS: vis=0 lost=0 engaged=0 | TOP:  | KILL=0 | ACTIONS=20 | INTENT: focus=2 ratio=0.20
[t=1,189s] step=70 | MISSION=NORMAL_C | USV: 12/12 (avail=12 int=0 lock=0 frz=0) | UAV: air=8 rtb=0 chg=0 loiter=0 | TRACKS: vis=0 lost=0 engaged=0 | TOP:  | KILL=0 | ACTIONS=20 | INTENT: focus=2 ratio=0.20
[t=1,372s] step=80 | MISSION=NORMAL_C | USV: 12/12 (avail=12 int=0 lock=0 frz=0) | UAV: air=8 rtb=0 chg=0 loiter=0 | TRACKS: vis=0 lost=0 engaged=0 | TOP:  | KILL=0 | ACTIONS=20 | INTENT: focus=2 ratio=0.20
      [DETECT] black_uav2
      [DETECT] black_uav7
      [DETECT] black_uav3
      [DETECT] black_uav1
      [DETECT] black_uav4
      [DETECT] black_uav5
      [DETECT] black_uav8
      [DETECT] black_uav6
[t=1,566s] step=90 | MISSION=NORMAL_C | USV: 12/12 (avail=12 int=0 lock=0 frz=0) | UAV: air=8 rtb=0 chg=0 loiter=0 | TRACKS: vis=8 lost=0 engaged=0 | TOP: black_uav2(x212,278) black_uav7(x212,278) black_uav3(x212,278) | KILL=0 | ACTIONS=20 | INTENT: focus=2 ratio=0.20
[t=1,737s] step=100 | MISSION=NORMAL_C | USV: 12/12 (avail=12 int=0 lock=0 frz=0) | UAV: air=8 rtb=0 chg=0 loiter=0 | TRACKS: vis=8 lost=0 engaged=0 | TOP: black_uav2(x207,148) black_uav7(x207,148) black_uav3(x207,148) | KILL=0 | ACTIONS=20 | INTENT: focus=2 ratio=0.20
      [DETECT] black_usv6
      [DETECT] black_usv2
      [DETECT] black_usv8
      [DETECT] black_usv1
      [DETECT] black_usv7
      [DETECT] black_usv3
      [ASSIGN] white_usv5->black_usv2
      [ASSIGN] white_usv11->black_usv6
      [ASSIGN] white_usv1->black_usv3
      [ASSIGN] white_usv8->black_usv8
      [ASSIGN] white_usv10->black_usv3
      [ASSIGN] white_usv4->black_usv1
      [ASSIGN] white_usv2->black_usv2
      [ASSIGN] white_usv6->black_usv6
      [ASSIGN] white_usv7->black_usv7
      [ASSIGN] white_usv9->black_usv7
      [DETECT] black_usv9
      [DETECT] black_usv10
      [DETECT] black_usv4
      [DETECT] black_usv5
      [ASSIGN] white_usv3->black_usv5
      [ASSIGN] white_usv12->black_usv9
      [DETECT] black_usv12
      [DETECT] black_usv11
[t=1,929s] step=110 | MISSION=NORMAL_C | USV: 12/12 (avail=0 int=12 lock=0 frz=0) | UAV: air=8 rtb=0 chg=0 loiter=0 | TRACKS: vis=18 lost=2 engaged=0 | TOP: black_usv12(x240,699) black_usv11(x240,816) black_usv10(x241,386) | KILL=0 | ACTIONS=20 | INTENT: focus=2 ratio=0.20
[t=2,091s] step=120 | MISSION=NORMAL_C | USV: 12/12 (avail=0 int=12 lock=0 frz=0) | UAV: air=8 rtb=0 chg=0 loiter=0 | TRACKS: vis=16 lost=2 engaged=0 | TOP: black_usv12(x239,079) black_usv11(x239,205) black_usv10(x239,823) | KILL=0 | ACTIONS=20 | INTENT: focus=2 ratio=0.20
[t=2,265s] step=130 | MISSION=NORMAL_C | USV: 12/12 (avail=0 int=12 lock=0 frz=0) | UAV: air=8 rtb=0 chg=0 loiter=0 | TRACKS: vis=15 lost=1 engaged=0 | TOP: black_usv12(x237,346) black_usv11(x237,483) black_usv10(x238,152) | KILL=0 | ACTIONS=20 | INTENT: focus=2 ratio=0.20
[t=2,453s] step=140 | MISSION=NORMAL_C | USV: 12/12 (avail=0 int=12 lock=0 frz=0) | UAV: air=8 rtb=0 chg=0 loiter=0 | TRACKS: vis=13 lost=3 engaged=0 | TOP: black_usv12(x235,467) black_usv11(x235,615) black_usv10(x236,339) | KILL=0 | ACTIONS=20 | INTENT: focus=2 ratio=0.20
      [DETECT] black_uav8
[t=2,669s] step=150 | MISSION=NORMAL_C | USV: 12/12 (avail=0 int=12 lock=0 frz=0) | UAV: air=8 rtb=0 chg=0 loiter=0 | TRACKS: vis=13 lost=2 engaged=0 | TOP: black_usv12(x233,307) black_usv11(x233,468) black_usv10(x234,256) | KILL=0 | ACTIONS=20 | INTENT: focus=2 ratio=0.20
      [DETECT] black_uav4
      [DETECT] black_uav5
      [DETECT] black_uav3
[t=2,871s] step=160 | MISSION=NORMAL_C | USV: 12/12 (avail=0 int=12 lock=0 frz=0) | UAV: air=8 rtb=0 chg=0 loiter=0 | TRACKS: vis=15 lost=3 engaged=0 | TOP: black_usv12(x231,288) black_usv11(x231,461) black_usv10(x232,309) | KILL=0 | ACTIONS=20 | INTENT: focus=2 ratio=0.20
      [DETECT] black_uav5
[t=3,081s] step=170 | MISSION=NORMAL_C | USV: 12/12 (avail=0 int=12 lock=0 frz=0) | UAV: air=8 rtb=0 chg=0 loiter=0 | TRACKS: vis=16 lost=0 engaged=0 | TOP: black_usv11(x229,374) black_usv10(x230,279) black_usv4(x230,297) | KILL=0 | ACTIONS=20 | INTENT: focus=2 ratio=0.20
      [DETECT] black_uav6
      [DETECT] black_usv12
[t=3,279s] step=180 | MISSION=NORMAL_C | USV: 12/12 (avail=0 int=12 lock=0 frz=0) | UAV: air=8 rtb=0 chg=0 loiter=0 | TRACKS: vis=17 lost=1 engaged=0 | TOP: black_usv12(x227,209) black_usv11(x227,407) black_usv10(x228,375) | KILL=0 | ACTIONS=20 | INTENT: focus=2 ratio=0.20
[t=3,482s] step=190 | MISSION=NORMAL_C | USV: 12/12 (avail=0 int=12 lock=0 frz=0) | UAV: air=8 rtb=0 chg=0 loiter=0 | TRACKS: vis=16 lost=0 engaged=0 | TOP: black_usv12(x225,179) black_usv11(x225,390) black_usv10(x226,418) | KILL=0 | ACTIONS=20 | INTENT: focus=2 ratio=0.20
[t=3,697s] step=200 | MISSION=NORMAL_C | USV: 12/12 (avail=0 int=12 lock=0 frz=0) | UAV: air=8 rtb=0 chg=0 loiter=0 | TRACKS: vis=15 lost=0 engaged=0 | TOP: black_usv12(x223,030) black_usv11(x223,253) black_usv10(x224,345) | KILL=0 | ACTIONS=20 | INTENT: focus=2 ratio=0.20
[t=3,921s] step=210 | MISSION=NORMAL_C | USV: 12/12 (avail=0 int=12 lock=0 frz=0) | UAV: air=8 rtb=0 chg=0 loiter=0 | TRACKS: vis=15 lost=0 engaged=0 | TOP: black_usv12(x220,790) black_usv11(x221,027) black_usv10(x222,185) | KILL=0 | ACTIONS=20 | INTENT: focus=2 ratio=0.20
[t=4,094s] step=220 | MISSION=NORMAL_C | USV: 12/12 (avail=0 int=12 lock=0 frz=0) | UAV: air=8 rtb=0 chg=0 loiter=0 | TRACKS: vis=15 lost=0 engaged=0 | TOP: black_usv12(x219,061) black_usv11(x219,308) black_usv10(x220,517) | KILL=0 | ACTIONS=20 | INTENT: focus=2 ratio=0.20
[t=4,243s] step=230 | MISSION=NORMAL_C | USV: 12/12 (avail=0 int=12 lock=0 frz=0) | UAV: air=8 rtb=0 chg=0 loiter=0 | TRACKS: vis=15 lost=0 engaged=0 | TOP: black_usv12(x217,571) black_usv11(x217,828) black_usv10(x219,080) | KILL=0 | ACTIONS=20 | INTENT: focus=2 ratio=0.20
[t=4,369s] step=240 | MISSION=NORMAL_C | USV: 12/12 (avail=0 int=12 lock=0 frz=0) | UAV: air=8 rtb=0 chg=0 loiter=0 | TRACKS: vis=15 lost=0 engaged=0 | TOP: black_usv12(x216,312) black_usv11(x216,576) black_usv10(x217,865) | KILL=0 | ACTIONS=20 | INTENT: focus=2 ratio=0.20
      [DETECT] black_uav1
      [DETECT] black_uav2
      [DETECT] black_uav4
      [DETECT] black_uav3
      [DETECT] black_uav5
[t=4,549s] step=250 | MISSION=NORMAL_C | USV: 12/12 (avail=0 int=12 lock=0 frz=0) | UAV: air=8 rtb=0 chg=0 loiter=0 | TRACKS: vis=20 lost=0 engaged=0 | TOP: black_usv12(x214,512) black_usv11(x214,787) black_usv10(x216,130) | KILL=0 | ACTIONS=20 | INTENT: focus=2 ratio=0.20
[t=4,693s] step=260 | MISSION=NORMAL_C | USV: 12/12 (avail=0 int=12 lock=0 frz=0) | UAV: air=8 rtb=0 chg=0 loiter=0 | TRACKS: vis=20 lost=0 engaged=0 | TOP: black_usv12(x213,072) black_usv11(x213,356) black_usv10(x214,741) | KILL=0 | ACTIONS=20 | INTENT: focus=2 ratio=0.20
[t=4,832s] step=270 | MISSION=NORMAL_C | USV: 12/12 (avail=0 int=12 lock=0 frz=0) | UAV: air=8 rtb=0 chg=0 loiter=0 | TRACKS: vis=20 lost=0 engaged=0 | TOP: black_usv12(x211,683) black_usv11(x211,975) black_usv10(x213,401) | KILL=0 | ACTIONS=20 | INTENT: focus=2 ratio=0.20
[t=4,978s] step=280 | MISSION=NORMAL_C | USV: 12/12 (avail=0 int=12 lock=0 frz=0) | UAV: air=8 rtb=0 chg=0 loiter=0 | TRACKS: vis=20 lost=0 engaged=0 | TOP: black_usv12(x210,223) black_usv11(x210,524) black_usv10(x211,994) | KILL=0 | ACTIONS=20 | INTENT: focus=2 ratio=0.20
[t=5,126s] step=290 | MISSION=NORMAL_C | USV: 12/12 (avail=0 int=12 lock=0 frz=0) | UAV: air=8 rtb=0 chg=0 loiter=0 | TRACKS: vis=20 lost=0 engaged=0 | TOP: black_usv12(x208,744) black_usv11(x209,053) black_usv10(x210,567) | KILL=0 | ACTIONS=20 | INTENT: focus=2 ratio=0.20
[t=5,335s] step=300 | MISSION=NORMAL_C | USV: 12/12 (avail=0 int=12 lock=0 frz=0) | UAV: air=8 rtb=0 chg=0 loiter=0 | TRACKS: vis=20 lost=0 engaged=0 | TOP: black_usv12(x206,654) black_usv11(x206,976) black_usv10(x208,551) | KILL=0 | ACTIONS=20 | INTENT: focus=2 ratio=0.20
[t=5,544s] step=310 | MISSION=NORMAL_C | USV: 12/12 (avail=0 int=12 lock=0 frz=0) | UAV: air=8 rtb=0 chg=0 loiter=0 | TRACKS: vis=20 lost=0 engaged=0 | TOP: black_usv12(x204,565) black_usv11(x204,900) black_usv10(x206,536) | KILL=0 | ACTIONS=20 | INTENT: focus=2 ratio=0.20
[t=5,770s] step=320 | MISSION=NORMAL_C | USV: 12/12 (avail=0 int=12 lock=0 frz=0) | UAV: air=8 rtb=0 chg=0 loiter=0 | TRACKS: vis=20 lost=0 engaged=0 | TOP: black_usv12(x202,305) black_usv11(x202,654) black_usv10(x204,357) | KILL=0 | ACTIONS=20 | INTENT: focus=2 ratio=0.20
[t=6,002s] step=330 | MISSION=NORMAL_C | USV: 12/12 (avail=0 int=12 lock=0 frz=0) | UAV: air=8 rtb=0 chg=0 loiter=0 | TRACKS: vis=12 lost=8 engaged=0 | TOP: black_usv12(x199,986) black_usv11(x200,348) black_usv10(x202,120) | KILL=0 | ACTIONS=20 | INTENT: focus=2 ratio=0.20
[t=6,236s] step=340 | MISSION=NORMAL_C | USV: 12/12 (avail=0 int=12 lock=0 frz=0) | UAV: air=8 rtb=0 chg=0 loiter=0 | TRACKS: vis=12 lost=0 engaged=0 | TOP: black_usv12(x197,646) black_usv11(x198,023) black_usv10(x199,864) | KILL=0 | ACTIONS=20 | INTENT: focus=2 ratio=0.20
[t=6,481s] step=350 | MISSION=NORMAL_C | USV: 12/12 (avail=0 int=12 lock=0 frz=0) | UAV: air=8 rtb=0 chg=0 loiter=0 | TRACKS: vis=12 lost=0 engaged=0 | TOP: black_usv12(x195,197) black_usv11(x195,589) black_usv10(x197,502) | KILL=0 | ACTIONS=20 | INTENT: focus=2 ratio=0.20
[t=6,717s] step=360 | MISSION=NORMAL_C | USV: 12/12 (avail=0 int=12 lock=0 frz=0) | UAV: air=8 rtb=0 chg=0 loiter=0 | TRACKS: vis=12 lost=0 engaged=0 | TOP: black_usv12(x192,829) black_usv11(x193,235) black_usv10(x195,218) | KILL=0 | ACTIONS=20 | INTENT: focus=2 ratio=0.20
[t=6,965s] step=370 | MISSION=NORMAL_C | USV: 12/12 (avail=0 int=12 lock=0 frz=0) | UAV: air=8 rtb=0 chg=0 loiter=0 | TRACKS: vis=12 lost=0 engaged=0 | TOP: black_usv12(x190,358) black_usv10(x192,835) black_usv4(x192,876) | KILL=0 | ACTIONS=20 | INTENT: focus=2 ratio=0.20
[t=7,228s] step=380 | MISSION=NORMAL_C | USV: 12/12 (avail=0 int=12 lock=0 frz=0) | UAV: air=8 rtb=0 chg=0 loiter=0 | TRACKS: vis=12 lost=0 engaged=0 | TOP: black_usv12(x187,729) black_usv10(x190,299) black_usv4(x190,342) | KILL=0 | ACTIONS=20 | INTENT: focus=2 ratio=0.20
      [ASSIGN] white_usv1->black_usv2(机会锁定)
      [ASSIGN] white_usv4->black_usv5(机会锁定)
      [ASSIGN] white_usv6->black_usv9(机会锁定)
      [ASSIGN] white_usv12->black_usv12(机会锁定)
      [ASSIGN] white_usv8->black_usv10(机会锁定)
      [ASSIGN] white_usv7->black_usv10(机会锁定)
      [ASSIGN] white_usv9->black_usv10(机会锁定)
[t=7,484s] step=390 | MISSION=NORMAL_C | USV: 12/12 (avail=0 int=1 lock=11 frz=0) | UAV: air=8 rtb=0 chg=0 loiter=0 | TRACKS: vis=12 lost=0 engaged=6 | TOP: black_usv4(x187,868) black_usv8(x187,941) black_usv1(x188,601) | KILL=0 | ACTIONS=20 | INTENT: focus=2 ratio=0.20
      [ASSIGN] white_usv10->black_usv5(机会锁定)
      [ASSIGN] white_usv2->black_usv1(机会锁定)
      [ASSIGN] white_usv5->black_usv8(机会锁定)
      [ASSIGN] white_usv1->black_usv3(机会锁定)
      [ASSIGN] white_usv4->black_usv8(机会锁定)
      [ASSIGN] white_usv3->black_usv8(机会锁定)
[t=7,693s] step=400 | MISSION=NORMAL_C | USV: 12/12 (avail=0 int=4 lock=8 frz=0) | UAV: air=8 rtb=0 chg=0 loiter=0 | TRACKS: vis=12 lost=0 engaged=6 | TOP: black_usv4(x185,861) black_usv8(x185,935) black_usv3(x185,172) | KILL=1 | ACTIONS=20 | INTENT: focus=2 ratio=0.20
      [ASSIGN] white_usv11->black_usv4(机会锁定)
      [ASSIGN] white_usv6->black_usv6(机会锁定)
      [ASSIGN] white_usv12->black_usv6(机会锁定)
      [ASSIGN] white_usv8->black_usv9(机会锁定)
      [ASSIGN] white_usv7->black_usv9(机会锁定)
      [ASSIGN] white_usv9->black_usv9(机会锁定)
      [ASSIGN] white_usv10->black_usv2(机会锁定)
      [ASSIGN] white_usv10->black_usv5(机会锁定)
      [ASSIGN] white_usv10->black_usv2(机会锁定)
      [ASSIGN] white_usv10->black_usv5(机会锁定)
[t=7,940s] step=410 | MISSION=NORMAL_C | USV: 12/12 (avail=0 int=1 lock=11 frz=0) | UAV: air=8 rtb=0 chg=0 loiter=0 | TRACKS: vis=12 lost=0 engaged=6 | TOP: black_usv12(x182,520) black_usv5(x183,757) black_usv10(x185,035) | KILL=2 | ACTIONS=20 | INTENT: focus=2 ratio=0.20
      [ASSIGN] white_usv10->black_usv2(机会锁定)
      [ASSIGN] white_usv2->black_usv2(机会锁定)
      [ASSIGN] white_usv5->black_usv5(机会锁定)
      [ASSIGN] white_usv10->black_usv5(机会锁定)
      [ASSIGN] white_usv2->black_usv1(机会锁定)
      [ASSIGN] white_usv5->black_usv2(机会锁定)
      [ASSIGN] white_usv1->black_usv2(机会锁定)
      [ASSIGN] white_usv10->black_usv2(机会锁定)
      [ASSIGN] white_usv4->black_usv2(机会锁定)
      [ASSIGN] white_usv3->black_usv2(机会锁定)
      [ASSIGN] white_usv5->black_usv8(机会锁定)
      [ASSIGN] white_usv11->black_usv12(机会锁定)
      [ASSIGN] white_usv1->black_usv3(机会锁定)
      [ASSIGN] white_usv10->black_usv8(机会锁定)
      [ASSIGN] white_usv4->black_usv8(机会锁定)
      [ASSIGN] white_usv3->black_usv8(机会锁定)
      [ASSIGN] white_usv5->black_usv2(机会锁定)
      [ASSIGN] white_usv10->black_usv5(机会锁定)
      [ASSIGN] white_usv4->black_usv5(机会锁定)
      [ASSIGN] white_usv6->black_usv4(机会锁定)
      [ASSIGN] white_usv3->black_usv5(机会锁定)
      [ASSIGN] white_usv5->black_usv8(机会锁定)
      [ASSIGN] white_usv10->black_usv8(机会锁定)
      [ASSIGN] white_usv4->black_usv8(机会锁定)
      [ASSIGN] white_usv3->black_usv8(机会锁定)
      [ASSIGN] white_usv12->black_usv10(机会锁定)
      [ASSIGN] white_usv5->black_usv2(机会锁定)
      [ASSIGN] white_usv8->black_usv5(机会锁定)
      [ASSIGN] white_usv10->black_usv5(机会锁定)
      [ASSIGN] white_usv4->black_usv5(机会锁定)
      [ASSIGN] white_usv7->black_usv5(机会锁定)
      [ASSIGN] white_usv9->black_usv5(机会锁定)
      [ASSIGN] white_usv3->black_usv5(机会锁定)
      [ASSIGN] white_usv5->black_usv8(机会锁定)
      [ASSIGN] white_usv8->black_usv8(机会锁定)
      [ASSIGN] white_usv10->black_usv8(机会锁定)
      [ASSIGN] white_usv4->black_usv8(机会锁定)
      [ASSIGN] white_usv7->black_usv8(机会锁定)
      [ASSIGN] white_usv9->black_usv9(机会锁定)
      [ASSIGN] white_usv3->black_usv8(机会锁定)
      [ASSIGN] white_usv5->black_usv2(机会锁定)
      [ASSIGN] white_usv8->black_usv5(机会锁定)
      [ASSIGN] white_usv4->black_usv5(机会锁定)
      [ASSIGN] white_usv7->black_usv5(机会锁定)
      [ASSIGN] white_usv9->black_usv5(机会锁定)
      [ASSIGN] white_usv3->black_usv5(机会锁定)
      [ASSIGN] white_usv5->black_usv8(机会锁定)
      [ASSIGN] white_usv8->black_usv9(机会锁定)
      [ASSIGN] white_usv4->black_usv8(机会锁定)
      [ASSIGN] white_usv7->black_usv9(机会锁定)
      [ASSIGN] white_usv9->black_usv9(机会锁定)
      [ASSIGN] white_usv3->black_usv8(机会锁定)
[t=8,243s] step=420 | MISSION=NORMAL_C | USV: 12/12 (avail=0 int=7 lock=5 frz=0) | UAV: air=8 rtb=0 chg=0 loiter=0 | TRACKS: vis=12 lost=0 engaged=5 | TOP: black_usv9(x184,062) black_usv12(x180,591) black_usv4(x182,401) | KILL=4 | ACTIONS=20 | INTENT: focus=2 ratio=0.20
      [KILL] black_usv2
      [ASSIGN] white_usv5->black_usv5(机会锁定)
      [ASSIGN] white_usv8->black_usv5(机会锁定)
      [ASSIGN] white_usv4->black_usv5(机会锁定)
      [ASSIGN] white_usv7->black_usv5(机会锁定)
      [ASSIGN] white_usv9->black_usv5(机会锁定)
      [ASSIGN] white_usv3->black_usv5(机会锁定)
      [ASSIGN] white_usv5->black_usv8(机会锁定)
      [ASSIGN] white_usv8->black_usv9(机会锁定)
      [ASSIGN] white_usv4->black_usv8(机会锁定)
      [ASSIGN] white_usv7->black_usv9(机会锁定)
      [ASSIGN] white_usv9->black_usv9(机会锁定)
      [ASSIGN] white_usv3->black_usv8(机会锁定)
      [KILL] black_usv5
      [ASSIGN] white_usv5->black_usv1(机会锁定)
      [ASSIGN] white_usv8->black_usv4(机会锁定)
      [ASSIGN] white_usv7->black_usv4(机会锁定)
      [ASSIGN] white_usv9->black_usv4(机会锁定)
      [ASSIGN] white_usv10->black_usv10(机会锁定)
      [ASSIGN] white_usv2->black_usv3(机会锁定)
      [ASSIGN] white_usv11->black_usv6(机会锁定)
      [ASSIGN] white_usv1->black_usv1(机会锁定)
      [ASSIGN] white_usv2->black_usv1(机会锁定)
      [ASSIGN] white_usv5->black_usv8(机会锁定)
      [ASSIGN] white_usv1->black_usv3(机会锁定)
      [ASSIGN] white_usv2->black_usv3(机会锁定)
      [ASSIGN] white_usv5->black_usv1(机会锁定)
      [ASSIGN] white_usv1->black_usv1(机会锁定)
      [ASSIGN] white_usv4->black_usv1(机会锁定)
      [ASSIGN] white_usv2->black_usv1(机会锁定)
      [ASSIGN] white_usv5->black_usv8(机会锁定)
      [ASSIGN] white_usv1->black_usv3(机会锁定)
      [ASSIGN] white_usv10->black_usv8(机会锁定)
      [ASSIGN] white_usv4->black_usv8(机会锁定)
      [ASSIGN] white_usv2->black_usv3(机会锁定)
      [ASSIGN] white_usv12->black_usv12(机会锁定)
      [ASSIGN] white_usv5->black_usv1(机会锁定)
      [ASSIGN] white_usv1->black_usv1(机会锁定)
      [ASSIGN] white_usv10->black_usv10(机会锁定)
      [ASSIGN] white_usv4->black_usv1(机会锁定)
      [ASSIGN] white_usv2->black_usv1(机会锁定)
      [ASSIGN] white_usv3->black_usv1(机会锁定)
      [ASSIGN] white_usv12->black_usv9(机会锁定)
      [ASSIGN] white_usv5->black_usv8(机会锁定)
      [ASSIGN] white_usv1->black_usv3(机会锁定)
      [ASSIGN] white_usv10->black_usv8(机会锁定)
      [ASSIGN] white_usv4->black_usv8(机会锁定)
      [ASSIGN] white_usv2->black_usv3(机会锁定)
      [ASSIGN] white_usv3->black_usv8(机会锁定)
      [ASSIGN] white_usv12->black_usv12(机会锁定)
[t=8,487s] step=430 | MISSION=NORMAL_C | USV: 11/12 (avail=0 int=7 lock=4 frz=0) | UAV: air=8 rtb=0 chg=0 loiter=0 | TRACKS: vis=10 lost=0 engaged=2 | TOP: black_usv12(x179,331) black_usv8(x182,961) black_usv3(x181,651) | KILL=8 | ACTIONS=19 | INTENT: focus=2 ratio=0.20
      [ASSIGN] white_usv5->black_usv1(机会锁定)
      [ASSIGN] white_usv1->black_usv1(机会锁定)
      [ASSIGN] white_usv10->black_usv10(机会锁定)
      [ASSIGN] white_usv4->black_usv1(机会锁定)
      [ASSIGN] white_usv2->black_usv1(机会锁定)
      [ASSIGN] white_usv3->black_usv1(机会锁定)
      [ASSIGN] white_usv12->black_usv9(机会锁定)
      [ASSIGN] white_usv5->black_usv8(机会锁定)
      [ASSIGN] white_usv1->black_usv3(机会锁定)
      [ASSIGN] white_usv10->black_usv8(机会锁定)
      [ASSIGN] white_usv4->black_usv8(机会锁定)
      [ASSIGN] white_usv2->black_usv3(机会锁定)
      [ASSIGN] white_usv3->black_usv8(机会锁定)
      [ASSIGN] white_usv12->black_usv12(机会锁定)
      [ASSIGN] white_usv5->black_usv1(机会锁定)
      [ASSIGN] white_usv1->black_usv1(机会锁定)
      [ASSIGN] white_usv10->black_usv10(机会锁定)
      [ASSIGN] white_usv4->black_usv1(机会锁定)
      [ASSIGN] white_usv2->black_usv1(机会锁定)
      [ASSIGN] white_usv3->black_usv1(机会锁定)
      [ASSIGN] white_usv12->black_usv9(机会锁定)
      [KILL] black_usv8
      [ASSIGN] white_usv5->black_usv3(机会锁定)
      [ASSIGN] white_usv1->black_usv3(机会锁定)
      [ASSIGN] white_usv4->black_usv3(机会锁定)
      [ASSIGN] white_usv3->black_usv10(机会锁定)
      [ASSIGN] white_usv5->black_usv1(机会锁定)
      [ASSIGN] white_usv10->black_usv1(机会锁定)
      [ASSIGN] white_usv4->black_usv1(机会锁定)
      [ASSIGN] white_usv3->black_usv1(机会锁定)
      [ASSIGN] white_usv5->black_usv10(机会锁定)
      [ASSIGN] white_usv10->black_usv10(机会锁定)
      [ASSIGN] white_usv4->black_usv10(机会锁定)
      [ASSIGN] white_usv7->black_usv10(机会锁定)
      [ASSIGN] white_usv3->black_usv10(机会锁定)
      [ASSIGN] white_usv5->black_usv7(机会锁定)
      [ASSIGN] white_usv11->black_usv4(机会锁定)
      [ASSIGN] white_usv10->black_usv4(机会锁定)
      [ASSIGN] white_usv4->black_usv4(机会锁定)
      [ASSIGN] white_usv7->black_usv4(机会锁定)
      [ASSIGN] white_usv3->black_usv4(机会锁定)
      [KILL] black_usv9
      [ASSIGN] white_usv11->black_usv12(机会锁定)
      [ASSIGN] white_usv10->black_usv10(机会锁定)
      [ASSIGN] white_usv4->black_usv10(机会锁定)
      [ASSIGN] white_usv7->black_usv10(机会锁定)
      [ASSIGN] white_usv3->black_usv10(机会锁定)
      [ASSIGN] white_usv11->black_usv4(机会锁定)
      [ASSIGN] white_usv10->black_usv4(机会锁定)
      [ASSIGN] white_usv4->black_usv4(机会锁定)
      [ASSIGN] white_usv7->black_usv4(机会锁定)
      [ASSIGN] white_usv3->black_usv4(机会锁定)
      [ASSIGN] white_usv11->black_usv12(机会锁定)
      [ASSIGN] white_usv10->black_usv10(机会锁定)
      [ASSIGN] white_usv4->black_usv10(机会锁定)
      [ASSIGN] white_usv7->black_usv10(机会锁定)
      [ASSIGN] white_usv3->black_usv10(机会锁定)
[t=8,840s] step=440 | MISSION=NORMAL_C | USV: 8/12 (avail=0 int=7 lock=1 frz=0) | UAV: air=8 rtb=0 chg=0 loiter=0 | TRACKS: vis=8 lost=0 engaged=1 | TOP: black_usv12(x179,331) black_usv10(x181,603) black_usv11(x179,837) | KILL=9 | ACTIONS=16 | INTENT: focus=2 ratio=0.20
      [ASSIGN] white_usv11->black_usv4(机会锁定)
      [ASSIGN] white_usv10->black_usv4(机会锁定)
      [ASSIGN] white_usv4->black_usv4(机会锁定)
      [ASSIGN] white_usv7->black_usv4(机会锁定)
      [ASSIGN] white_usv3->black_usv4(机会锁定)
      [ASSIGN] white_usv10->black_usv10(机会锁定)
      [ASSIGN] white_usv4->black_usv10(机会锁定)
      [ASSIGN] white_usv2->black_usv10(机会锁定)
      [ASSIGN] white_usv7->black_usv10(机会锁定)
      [ASSIGN] white_usv3->black_usv10(机会锁定)
      [KILL] black_usv1
      [ASSIGN] white_usv10->black_usv4(机会锁定)
      [ASSIGN] white_usv4->black_usv4(机会锁定)
      [ASSIGN] white_usv2->black_usv3(机会锁定)
      [ASSIGN] white_usv7->black_usv4(机会锁定)
      [ASSIGN] white_usv3->black_usv4(机会锁定)
      [KILL] black_usv3
      [KILL] black_usv12
      [RELEASE] white_usv1->black_usv3(目标失效)
      [ASSIGN] white_usv1->black_usv7(机会锁定)
      [ASSIGN] white_usv10->black_usv10(机会锁定)
      [ASSIGN] white_usv4->black_usv10(机会锁定)
      [RELEASE] white_usv2->black_usv3(目标失效)
      [ASSIGN] white_usv2->black_usv10(机会锁定)
      [ASSIGN] white_usv7->black_usv10(机会锁定)
      [ASSIGN] white_usv3->black_usv10(机会锁定)
      [KILL] black_usv10
      [RELEASE] white_usv10->black_usv10(目标失效)
      [ASSIGN] white_usv10->black_usv4(机会锁定)
      [RELEASE] white_usv4->black_usv10(目标失效)
      [ASSIGN] white_usv4->black_usv4(机会锁定)
      [RELEASE] white_usv2->black_usv10(目标失效)
      [ASSIGN] white_usv2->black_usv7(机会锁定)
      [RELEASE] white_usv7->black_usv10(目标失效)
      [ASSIGN] white_usv7->black_usv4(机会锁定)
      [RELEASE] white_usv3->black_usv10(目标失效)
      [ASSIGN] white_usv3->black_usv4(机会锁定)
      [ASSIGN] white_usv10->black_usv7(机会锁定)
      [ASSIGN] white_usv4->black_usv7(机会锁定)
      [ASSIGN] white_usv7->black_usv6(机会锁定)
      [ASSIGN] white_usv3->black_usv7(机会锁定)
      [KILL] black_usv4
[t=9,242s] step=450 | MISSION=NORMAL_C | USV: 7/12 (avail=0 int=0 lock=7 frz=0) | UAV: air=8 rtb=0 chg=0 loiter=0 | TRACKS: vis=3 lost=0 engaged=2 | TOP: black_usv11(x177,387) black_usv6(x181,062) black_usv7(x186,388) | KILL=9 | ACTIONS=15 | INTENT: focus=2 ratio=0.20
      [KILL] black_usv7
      [RELEASE] white_usv5->black_usv7(目标失效)
      [RELEASE] white_usv1->black_usv7(目标失效)
      [RELEASE] white_usv10->black_usv7(目标失效)
      [RELEASE] white_usv4->black_usv7(目标失效)
      [RELEASE] white_usv2->black_usv7(目标失效)
      [RELEASE] white_usv3->black_usv7(目标失效)
[t=9,666s] step=460 | MISSION=NORMAL_C | USV: 7/12 (avail=0 int=6 lock=1 frz=0) | UAV: air=8 rtb=0 chg=0 loiter=0 | TRACKS: vis=2 lost=0 engaged=1 | TOP: black_usv11(x174,802) black_usv6(x179,572) | KILL=10 | ACTIONS=15 | INTENT: focus=2 ratio=0.20
      [ASSIGN] white_usv5->black_usv6
      [ASSIGN] white_usv10->black_usv11
      [ASSIGN] white_usv4->black_usv6
      [ASSIGN] white_usv2->black_usv11
      [ASSIGN] white_usv3->black_usv11
      [ASSIGN] white_usv10->black_usv6(机会锁定)
      [ASSIGN] white_usv1->black_usv11
[t=10,083s] step=470 | MISSION=NORMAL_C | USV: 7/12 (avail=1 int=4 lock=2 frz=0) | UAV: air=8 rtb=0 chg=0 loiter=0 | TRACKS: vis=2 lost=0 engaged=1 | TOP: black_usv6(x175,568) black_usv11(x170,925) | KILL=10 | ACTIONS=15 | INTENT: focus=2 ratio=0.20
      [ASSIGN] white_usv3->black_usv6(机会锁定)
[t=10,553s] step=480 | MISSION=NORMAL_C | USV: 7/12 (avail=0 int=7 lock=0 frz=0) | UAV: air=8 rtb=0 chg=0 loiter=0 | TRACKS: vis=2 lost=0 engaged=0 | TOP: black_usv11(x166,268) black_usv6(x175,375) | KILL=11 | ACTIONS=15 | INTENT: focus=2 ratio=0.20
      [KILL] black_usv6
      [RELEASE] white_usv5->black_usv6(目标失效)
      [RELEASE] white_usv10->black_usv6(目标失效)
      [RELEASE] white_usv4->black_usv6(目标失效)
      [RELEASE] white_usv7->black_usv6(目标失效)
      [RELEASE] white_usv3->black_usv6(目标失效)
      [ASSIGN] white_usv3->black_usv11
[t=11,045s] step=490 | MISSION=NORMAL_C | USV: 7/12 (avail=4 int=3 lock=0 frz=0) | UAV: air=8 rtb=0 chg=0 loiter=0 | TRACKS: vis=1 lost=0 engaged=0 | TOP: black_usv11(x161,394) | KILL=11 | ACTIONS=15 | INTENT: focus=2 ratio=0.20
[t=11,504s] step=500 | MISSION=NORMAL_C | USV: 7/12 (avail=4 int=3 lock=0 frz=0) | UAV: air=8 rtb=0 chg=0 loiter=0 | TRACKS: vis=1 lost=0 engaged=0 | TOP: black_usv11(x157,054) | KILL=11 | ACTIONS=15 | INTENT: focus=2 ratio=0.20

========================================================================
对局结果: Result.Victory — 敌方所有单位被击毁
  击杀蓝舰: 12 | 命中: 24 | 我方USV损失: 5 | UAV损失: 0 | 突破: 0
[META] result=Result.Victory victory_time=12259 first_detection=1550 first_lock=7370 first_kill=8265 enemy_kills=12 friendly_usv_losses=5 friendly_uav_losses=0 black_breakthrough=0 reacquire_attempts=36 reacquire_success=36 sensor_assisted_locks=68 low_conf_commitments=0 global_reacquire_entries=0 global_reacquire_success=0 coverage_collapse_events=1 active_clusters_max=1 coverage_quality_final=0.22 commander_source=default_intent commander_calls=0 commander_changes=0 commander_no_change=0 commander_parse_failures=0 commander_api_failures=0 commander_policy_failures=0 commander_avg_latency=0.0
Done
