========================================================================
HYBRID AGENT V5 — Variable-Cardinality Hierarchical Maritime Agent
  启用UAV: True | LLM_ENABLED: False
========================================================================
对局 18 开始
      [UAV RELAUNCH] white_uav1
      [UAV RELAUNCH] white_uav2
      [UAV RELAUNCH] white_uav4
      [UAV RELAUNCH] white_uav3
[t=91s] step=10 | MISSION=NORMAL_C | USV: 4/4 (avail=4 int=0 lock=0 frz=0) | UAV: air=4 rtb=0 chg=0 loiter=0 | TRACKS: vis=0 lost=0 engaged=0 | TOP:  | KILL=0 | ACTIONS=8 | INTENT: focus=2 ratio=0.20
  [INTENT APPLIED]
    ThreatAllocator: focus 2 emergency 3 reserve_ratio 0.20 reserve_usvs None bias breakthrough_eta
    UAVManager: mode search_and_reacquire uav_priority []
[t=259s] step=20 | MISSION=NORMAL_C | USV: 4/4 (avail=4 int=0 lock=0 frz=0) | UAV: air=4 rtb=0 chg=0 loiter=0 | TRACKS: vis=0 lost=0 engaged=0 | TOP:  | KILL=0 | ACTIONS=8 | INTENT: focus=2 ratio=0.20
[t=415s] step=30 | MISSION=NORMAL_C | USV: 4/4 (avail=4 int=0 lock=0 frz=0) | UAV: air=4 rtb=0 chg=0 loiter=0 | TRACKS: vis=0 lost=0 engaged=0 | TOP:  | KILL=0 | ACTIONS=8 | INTENT: focus=2 ratio=0.20
[t=592s] step=40 | MISSION=NORMAL_C | USV: 4/4 (avail=4 int=0 lock=0 frz=0) | UAV: air=4 rtb=0 chg=0 loiter=0 | TRACKS: vis=0 lost=0 engaged=0 | TOP:  | KILL=0 | ACTIONS=8 | INTENT: focus=2 ratio=0.20
[t=746s] step=50 | MISSION=NORMAL_C | USV: 4/4 (avail=4 int=0 lock=0 frz=0) | UAV: air=4 rtb=0 chg=0 loiter=0 | TRACKS: vis=0 lost=0 engaged=0 | TOP:  | KILL=0 | ACTIONS=8 | INTENT: focus=2 ratio=0.20
[t=910s] step=60 | MISSION=NORMAL_C | USV: 4/4 (avail=4 int=0 lock=0 frz=0) | UAV: air=4 rtb=0 chg=0 loiter=0 | TRACKS: vis=0 lost=0 engaged=0 | TOP:  | KILL=0 | ACTIONS=8 | INTENT: focus=2 ratio=0.20
[t=1,073s] step=70 | MISSION=NORMAL_C | USV: 4/4 (avail=4 int=0 lock=0 frz=0) | UAV: air=4 rtb=0 chg=0 loiter=0 | TRACKS: vis=0 lost=0 engaged=0 | TOP:  | KILL=0 | ACTIONS=8 | INTENT: focus=2 ratio=0.20
[t=1,279s] step=80 | MISSION=NORMAL_C | USV: 4/4 (avail=4 int=0 lock=0 frz=0) | UAV: air=4 rtb=0 chg=0 loiter=0 | TRACKS: vis=0 lost=0 engaged=0 | TOP:  | KILL=0 | ACTIONS=8 | INTENT: focus=2 ratio=0.20
[t=1,481s] step=90 | MISSION=NORMAL_C | USV: 4/4 (avail=4 int=0 lock=0 frz=0) | UAV: air=4 rtb=0 chg=0 loiter=0 | TRACKS: vis=0 lost=0 engaged=0 | TOP:  | KILL=0 | ACTIONS=8 | INTENT: focus=2 ratio=0.20
      [DETECT] black_uav2
      [DETECT] black_uav1
      [DETECT] black_uav3
      [DETECT] black_uav4
[t=1,671s] step=100 | MISSION=NORMAL_C | USV: 4/4 (avail=4 int=0 lock=0 frz=0) | UAV: air=4 rtb=0 chg=0 loiter=0 | TRACKS: vis=4 lost=0 engaged=0 | TOP: black_uav2(x209,068) black_uav1(x209,068) black_uav3(x209,068) | KILL=0 | ACTIONS=8 | INTENT: focus=2 ratio=0.20
      [DETECT] black_usv1
      [ASSIGN] white_usv1->black_usv1
      [ASSIGN] white_usv3->black_usv1
      [ASSIGN] white_usv4->black_usv1
[t=1,865s] step=110 | MISSION=NORMAL_C | USV: 4/4 (avail=4 int=0 lock=0 frz=0) | UAV: air=4 rtb=0 chg=0 loiter=0 | TRACKS: vis=3 lost=2 engaged=0 | TOP: black_usv1(x241,391) black_uav1(x203,239) black_uav4(x203,239) | KILL=0 | ACTIONS=8 | INTENT: focus=2 ratio=0.20
      [DETECT] black_usv2
      [DETECT] black_usv4
      [DETECT] black_usv3
      [ASSIGN] white_usv2->black_usv3
[t=2,049s] step=120 | MISSION=NORMAL_C | USV: 4/4 (avail=0 int=4 lock=0 frz=0) | UAV: air=4 rtb=0 chg=0 loiter=0 | TRACKS: vis=6 lost=0 engaged=0 | TOP: black_usv4(x239,754) black_usv2(x240,156) black_usv3(x239,610) | KILL=0 | ACTIONS=8 | INTENT: focus=2 ratio=0.20
      [DETECT] black_uav2
[t=2,246s] step=130 | MISSION=NORMAL_C | USV: 4/4 (avail=0 int=4 lock=0 frz=0) | UAV: air=4 rtb=0 chg=0 loiter=0 | TRACKS: vis=4 lost=3 engaged=0 | TOP: black_usv4(x237,804) black_usv2(x238,244) black_usv3(x237,645) | KILL=0 | ACTIONS=8 | INTENT: focus=2 ratio=0.20
[t=2,427s] step=140 | MISSION=NORMAL_C | USV: 4/4 (avail=0 int=4 lock=0 frz=0) | UAV: air=4 rtb=0 chg=0 loiter=0 | TRACKS: vis=4 lost=1 engaged=0 | TOP: black_usv4(x236,018) black_usv2(x236,493) black_usv3(x235,846) | KILL=0 | ACTIONS=8 | INTENT: focus=2 ratio=0.20
      [DETECT] black_uav1
[t=2,627s] step=150 | MISSION=NORMAL_C | USV: 4/4 (avail=0 int=4 lock=0 frz=0) | UAV: air=4 rtb=0 chg=0 loiter=0 | TRACKS: vis=5 lost=0 engaged=0 | TOP: black_usv4(x234,044) black_usv2(x234,558) black_usv3(x233,858) | KILL=0 | ACTIONS=8 | INTENT: focus=2 ratio=0.20
[t=2,791s] step=160 | MISSION=NORMAL_C | USV: 4/4 (avail=0 int=4 lock=0 frz=0) | UAV: air=4 rtb=0 chg=0 loiter=0 | TRACKS: vis=5 lost=0 engaged=0 | TOP: black_usv4(x232,430) black_usv2(x232,977) black_usv3(x232,233) | KILL=0 | ACTIONS=8 | INTENT: focus=2 ratio=0.20
      [DETECT] black_uav4
[t=2,966s] step=170 | MISSION=NORMAL_C | USV: 4/4 (avail=0 int=4 lock=0 frz=0) | UAV: air=4 rtb=0 chg=0 loiter=0 | TRACKS: vis=6 lost=0 engaged=0 | TOP: black_usv4(x230,701) black_usv2(x231,282) black_usv3(x230,492) | KILL=0 | ACTIONS=8 | INTENT: focus=2 ratio=0.20
[t=3,164s] step=180 | MISSION=NORMAL_C | USV: 4/4 (avail=0 int=4 lock=0 frz=0) | UAV: air=4 rtb=0 chg=0 loiter=0 | TRACKS: vis=6 lost=0 engaged=0 | TOP: black_usv4(x228,744) black_usv2(x229,364) black_usv3(x228,521) | KILL=0 | ACTIONS=8 | INTENT: focus=2 ratio=0.20
      [DETECT] black_uav3
[t=3,386s] step=190 | MISSION=NORMAL_C | USV: 4/4 (avail=0 int=4 lock=0 frz=0) | UAV: air=4 rtb=0 chg=0 loiter=0 | TRACKS: vis=7 lost=0 engaged=0 | TOP: black_usv4(x226,553) black_usv2(x227,216) black_usv3(x226,314) | KILL=0 | ACTIONS=8 | INTENT: focus=2 ratio=0.20
[t=3,587s] step=200 | MISSION=NORMAL_C | USV: 4/4 (avail=0 int=4 lock=0 frz=0) | UAV: air=4 rtb=0 chg=0 loiter=0 | TRACKS: vis=7 lost=0 engaged=0 | TOP: black_usv4(x224,570) black_usv2(x225,272) black_usv3(x224,316) | KILL=0 | ACTIONS=8 | INTENT: focus=2 ratio=0.20
[t=3,790s] step=210 | MISSION=NORMAL_C | USV: 4/4 (avail=0 int=4 lock=0 frz=0) | UAV: air=4 rtb=0 chg=0 loiter=0 | TRACKS: vis=6 lost=1 engaged=0 | TOP: black_usv4(x222,566) black_usv2(x223,308) black_usv3(x222,298) | KILL=0 | ACTIONS=8 | INTENT: focus=2 ratio=0.20
[t=3,951s] step=220 | MISSION=NORMAL_C | USV: 4/4 (avail=0 int=4 lock=0 frz=0) | UAV: air=4 rtb=0 chg=0 loiter=0 | TRACKS: vis=7 lost=0 engaged=0 | TOP: black_usv4(x220,977) black_usv2(x221,753) black_usv3(x220,698) | KILL=0 | ACTIONS=8 | INTENT: focus=2 ratio=0.20
      [DETECT] black_uav2
[t=4,146s] step=230 | MISSION=NORMAL_C | USV: 4/4 (avail=0 int=4 lock=0 frz=0) | UAV: air=4 rtb=0 chg=0 loiter=0 | TRACKS: vis=8 lost=0 engaged=0 | TOP: black_usv4(x219,051) black_usv2(x219,861) black_usv3(x218,757) | KILL=0 | ACTIONS=8 | INTENT: focus=2 ratio=0.20
[t=4,335s] step=240 | MISSION=NORMAL_C | USV: 4/4 (avail=0 int=4 lock=0 frz=0) | UAV: air=4 rtb=0 chg=0 loiter=0 | TRACKS: vis=7 lost=1 engaged=0 | TOP: black_usv4(x217,187) black_usv2(x218,036) black_usv3(x216,881) | KILL=0 | ACTIONS=8 | INTENT: focus=2 ratio=0.20
[t=4,520s] step=250 | MISSION=NORMAL_C | USV: 4/4 (avail=0 int=4 lock=0 frz=0) | UAV: air=4 rtb=0 chg=0 loiter=0 | TRACKS: vis=7 lost=0 engaged=0 | TOP: black_usv4(x215,362) black_usv2(x216,246) black_usv3(x215,042) | KILL=0 | ACTIONS=8 | INTENT: focus=2 ratio=0.20
      [DETECT] black_uav4
[t=4,721s] step=260 | MISSION=NORMAL_C | USV: 4/4 (avail=0 int=4 lock=0 frz=0) | UAV: air=4 rtb=0 chg=0 loiter=0 | TRACKS: vis=8 lost=0 engaged=0 | TOP: black_usv4(x213,378) black_usv2(x214,302) black_usv3(x213,044) | KILL=0 | ACTIONS=8 | INTENT: focus=2 ratio=0.20
[t=4,886s] step=270 | MISSION=NORMAL_C | USV: 4/4 (avail=0 int=4 lock=0 frz=0) | UAV: air=4 rtb=0 chg=0 loiter=0 | TRACKS: vis=8 lost=0 engaged=0 | TOP: black_usv4(x211,753) black_usv2(x212,710) black_usv3(x211,408) | KILL=0 | ACTIONS=8 | INTENT: focus=2 ratio=0.20
[t=5,073s] step=280 | MISSION=NORMAL_C | USV: 4/4 (avail=0 int=4 lock=0 frz=0) | UAV: air=4 rtb=0 chg=0 loiter=0 | TRACKS: vis=8 lost=0 engaged=0 | TOP: black_usv4(x209,904) black_usv2(x210,897) black_usv3(x209,546) | KILL=0 | ACTIONS=8 | INTENT: focus=2 ratio=0.20
[t=5,223s] step=290 | MISSION=NORMAL_C | USV: 4/4 (avail=0 int=4 lock=0 frz=0) | UAV: air=4 rtb=0 chg=0 loiter=0 | TRACKS: vis=8 lost=0 engaged=0 | TOP: black_usv4(x208,423) black_usv2(x209,446) black_usv3(x208,055) | KILL=0 | ACTIONS=8 | INTENT: focus=2 ratio=0.20
[t=5,432s] step=300 | MISSION=NORMAL_C | USV: 4/4 (avail=0 int=4 lock=0 frz=0) | UAV: air=4 rtb=0 chg=0 loiter=0 | TRACKS: vis=8 lost=0 engaged=0 | TOP: black_usv4(x206,361) black_usv2(x207,424) black_usv3(x205,977) | KILL=0 | ACTIONS=8 | INTENT: focus=2 ratio=0.20
[t=5,635s] step=310 | MISSION=NORMAL_C | USV: 4/4 (avail=0 int=4 lock=0 frz=0) | UAV: air=4 rtb=0 chg=0 loiter=0 | TRACKS: vis=8 lost=0 engaged=0 | TOP: black_usv4(x204,357) black_usv2(x205,460) black_usv3(x203,959) | KILL=0 | ACTIONS=8 | INTENT: focus=2 ratio=0.20
[t=5,838s] step=320 | MISSION=NORMAL_C | USV: 4/4 (avail=0 int=4 lock=0 frz=0) | UAV: air=4 rtb=0 chg=0 loiter=0 | TRACKS: vis=7 lost=1 engaged=0 | TOP: black_usv4(x202,354) black_usv2(x203,496) black_usv3(x201,942) | KILL=0 | ACTIONS=8 | INTENT: focus=2 ratio=0.20
[t=6,046s] step=330 | MISSION=NORMAL_C | USV: 4/4 (avail=0 int=4 lock=0 frz=0) | UAV: air=4 rtb=0 chg=0 loiter=0 | TRACKS: vis=4 lost=3 engaged=0 | TOP: black_usv4(x200,306) black_usv2(x201,489) black_usv3(x199,879) | KILL=0 | ACTIONS=8 | INTENT: focus=2 ratio=0.20
[t=6,240s] step=340 | MISSION=NORMAL_C | USV: 4/4 (avail=0 int=4 lock=0 frz=0) | UAV: air=4 rtb=0 chg=0 loiter=0 | TRACKS: vis=4 lost=0 engaged=0 | TOP: black_usv4(x198,391) black_usv2(x199,612) black_usv3(x197,951) | KILL=0 | ACTIONS=8 | INTENT: focus=2 ratio=0.20
[t=6,444s] step=350 | MISSION=NORMAL_C | USV: 4/4 (avail=0 int=4 lock=0 frz=0) | UAV: air=4 rtb=0 chg=0 loiter=0 | TRACKS: vis=4 lost=0 engaged=0 | TOP: black_usv4(x196,375) black_usv2(x197,635) black_usv3(x195,919) | KILL=0 | ACTIONS=8 | INTENT: focus=2 ratio=0.20
[t=6,667s] step=360 | MISSION=NORMAL_C | USV: 4/4 (avail=0 int=4 lock=0 frz=0) | UAV: air=4 rtb=0 chg=0 loiter=0 | TRACKS: vis=4 lost=0 engaged=0 | TOP: black_usv2(x195,477) black_usv4(x194,258) black_usv3(x193,704) | KILL=0 | ACTIONS=8 | INTENT: focus=2 ratio=0.20
[t=6,865s] step=370 | MISSION=NORMAL_C | USV: 4/4 (avail=0 int=4 lock=0 frz=0) | UAV: air=4 rtb=0 chg=0 loiter=0 | TRACKS: vis=4 lost=0 engaged=0 | TOP: black_usv2(x193,562) black_usv4(x192,417) black_usv3(x191,733) | KILL=0 | ACTIONS=8 | INTENT: focus=2 ratio=0.20
[t=7,103s] step=380 | MISSION=NORMAL_C | USV: 4/4 (avail=0 int=4 lock=0 frz=0) | UAV: air=4 rtb=0 chg=0 loiter=0 | TRACKS: vis=4 lost=0 engaged=0 | TOP: black_usv2(x191,259) black_usv4(x190,208) black_usv3(x189,368) | KILL=0 | ACTIONS=8 | INTENT: focus=2 ratio=0.20
[t=7,305s] step=390 | MISSION=NORMAL_C | USV: 4/4 (avail=0 int=4 lock=0 frz=0) | UAV: air=4 rtb=0 chg=0 loiter=0 | TRACKS: vis=4 lost=0 engaged=0 | TOP: black_usv2(x189,305) black_usv4(x188,333) black_usv3(x187,360) | KILL=0 | ACTIONS=8 | INTENT: focus=2 ratio=0.20
[t=7,540s] step=400 | MISSION=NORMAL_C | USV: 4/4 (avail=0 int=2 lock=2 frz=0) | UAV: air=4 rtb=0 chg=0 loiter=0 | TRACKS: vis=4 lost=0 engaged=2 | TOP: black_usv2(x187,032) black_usv4(x186,151) black_usv3(x185,024) | KILL=0 | ACTIONS=8 | INTENT: focus=2 ratio=0.20
      [ASSIGN] white_usv3->black_usv2(机会锁定)
      [ASSIGN] white_usv1->black_usv2(机会锁定)
[t=7,791s] step=410 | MISSION=NORMAL_C | USV: 4/4 (avail=0 int=2 lock=2 frz=0) | UAV: air=4 rtb=0 chg=0 loiter=0 | TRACKS: vis=4 lost=0 engaged=1 | TOP: black_usv4(x183,821) black_usv3(x182,648) black_usv1(x183,224) | KILL=0 | ACTIONS=8 | INTENT: focus=2 ratio=0.20
      [ASSIGN] white_usv4->black_usv2(机会锁定)
      [ASSIGN] white_usv3->black_usv1(机会锁定)
      [ASSIGN] white_usv1->black_usv1(机会锁定)
      [ASSIGN] white_usv4->black_usv1(机会锁定)
[t=8,083s] step=420 | MISSION=NORMAL_C | USV: 4/4 (avail=0 int=0 lock=4 frz=0) | UAV: air=4 rtb=0 chg=0 loiter=0 | TRACKS: vis=3 lost=1 engaged=2 | TOP: black_usv4(x181,111) black_usv2(x183,472) black_usv3(x182,619) | KILL=1 | ACTIONS=8 | INTENT: focus=2 ratio=0.20
      [ASSIGN] white_usv1->black_usv2(机会锁定)
      [ASSIGN] white_usv3->black_usv2(机会锁定)
      [ASSIGN] white_usv4->black_usv2(机会锁定)
      [ASSIGN] white_usv1->black_usv1(机会锁定)
      [ASSIGN] white_usv3->black_usv1(机会锁定)
      [ASSIGN] white_usv4->black_usv1(机会锁定)
      [ASSIGN] white_usv1->black_usv2(机会锁定)
      [ASSIGN] white_usv3->black_usv2(机会锁定)
      [ASSIGN] white_usv4->black_usv2(机会锁定)
[t=8,347s] step=430 | MISSION=NORMAL_C | USV: 4/4 (avail=0 int=4 lock=0 frz=0) | UAV: air=4 rtb=0 chg=0 loiter=0 | TRACKS: vis=4 lost=0 engaged=0 | TOP: black_usv4(x178,660) black_usv2(x183,472) black_usv3(x182,370) | KILL=3 | ACTIONS=8 | INTENT: focus=2 ratio=0.20
      [ASSIGN] white_usv1->black_usv1(机会锁定)
      [ASSIGN] white_usv3->black_usv1(机会锁定)
      [ASSIGN] white_usv4->black_usv1(机会锁定)
      [ASSIGN] white_usv1->black_usv2(机会锁定)
      [ASSIGN] white_usv3->black_usv2(机会锁定)
      [ASSIGN] white_usv4->black_usv2(机会锁定)
      [ASSIGN] white_usv1->black_usv1(机会锁定)
      [ASSIGN] white_usv3->black_usv1(机会锁定)
      [ASSIGN] white_usv4->black_usv1(机会锁定)
      [ASSIGN] white_usv1->black_usv2(机会锁定)
      [ASSIGN] white_usv3->black_usv2(机会锁定)
      [ASSIGN] white_usv4->black_usv2(机会锁定)
      [ASSIGN] white_usv1->black_usv1(机会锁定)
      [ASSIGN] white_usv3->black_usv1(机会锁定)
      [ASSIGN] white_usv4->black_usv1(机会锁定)
      [ASSIGN] white_usv1->black_usv2(机会锁定)
      [ASSIGN] white_usv3->black_usv2(机会锁定)
      [ASSIGN] white_usv4->black_usv2(机会锁定)
      [KILL] black_usv2
      [RELEASE] white_usv1->black_usv2(目标失效)
      [ASSIGN] white_usv1->black_usv1(机会锁定)
      [RELEASE] white_usv3->black_usv2(目标失效)
      [ASSIGN] white_usv3->black_usv1(机会锁定)
      [RELEASE] white_usv4->black_usv2(目标失效)
      [ASSIGN] white_usv4->black_usv1(机会锁定)
[t=8,625s] step=440 | MISSION=NORMAL_C | USV: 4/4 (avail=0 int=4 lock=0 frz=0) | UAV: air=4 rtb=0 chg=0 loiter=0 | TRACKS: vis=2 lost=1 engaged=0 | TOP: black_usv4(x176,079) black_usv3(x182,370) black_usv1(x180,614) | KILL=3 | ACTIONS=8 | INTENT: focus=2 ratio=0.20
      [KILL] black_usv3
      [RELEASE] white_usv2->black_usv3(目标失效)
      [ASSIGN] white_usv2->black_usv4
      [KILL] black_usv1
      [RELEASE] white_usv1->black_usv1(目标失效)
      [RELEASE] white_usv3->black_usv1(目标失效)
      [RELEASE] white_usv4->black_usv1(目标失效)
      [ASSIGN] white_usv3->black_usv4
      [ASSIGN] white_usv4->black_usv4
[t=9,059s] step=450 | MISSION=NORMAL_C | USV: 4/4 (avail=1 int=3 lock=0 frz=0) | UAV: air=4 rtb=0 chg=0 loiter=0 | TRACKS: vis=1 lost=0 engaged=0 | TOP: black_usv4(x172,051) | KILL=3 | ACTIONS=8 | INTENT: focus=2 ratio=0.20
[t=9,437s] step=460 | MISSION=NORMAL_C | USV: 4/4 (avail=1 int=2 lock=1 frz=0) | UAV: air=4 rtb=0 chg=0 loiter=0 | TRACKS: vis=1 lost=0 engaged=1 | TOP: black_usv4(x168,542) | KILL=3 | ACTIONS=8 | INTENT: focus=2 ratio=0.20
[t=9,647s] step=470 | MISSION=NORMAL_C | USV: 4/4 (avail=1 int=2 lock=1 frz=0) | UAV: air=4 rtb=0 chg=0 loiter=0 | TRACKS: vis=1 lost=0 engaged=1 | TOP: black_usv4(x166,592) | KILL=3 | ACTIONS=8 | INTENT: focus=2 ratio=0.20
[t=9,857s] step=480 | MISSION=NORMAL_C | USV: 4/4 (avail=1 int=2 lock=1 frz=0) | UAV: air=4 rtb=0 chg=0 loiter=0 | TRACKS: vis=1 lost=0 engaged=1 | TOP: black_usv4(x164,643) | KILL=3 | ACTIONS=8 | INTENT: focus=2 ratio=0.20
[t=10,062s] step=490 | MISSION=NORMAL_C | USV: 4/4 (avail=1 int=2 lock=1 frz=0) | UAV: air=4 rtb=0 chg=0 loiter=0 | TRACKS: vis=1 lost=0 engaged=1 | TOP: black_usv4(x163,909) | KILL=3 | ACTIONS=8 | INTENT: focus=2 ratio=0.20
[t=10,341s] step=500 | MISSION=TERMINAL | USV: 4/4 (avail=1 int=3 lock=0 frz=0) | UAV: air=4 rtb=0 chg=0 loiter=0 | TRACKS: vis=1 lost=0 engaged=0 | TOP: black_usv4(x163,798) | KILL=4 | ACTIONS=8 | INTENT: focus=2 ratio=0.20

========================================================================
对局结果: Result.Victory — 敌方所有单位被击毁
  击杀蓝舰: 4 | 命中: 8 | 我方USV损失: 0 | UAV损失: 0 | 突破: 0
[META] result=Result.Victory victory_time=10341 first_detection=1579 first_lock=7417 first_kill=8550 enemy_kills=4 friendly_usv_losses=0 friendly_uav_losses=0 black_breakthrough=0 reacquire_attempts=21 reacquire_success=21 sensor_assisted_locks=30 low_conf_commitments=0 global_reacquire_entries=0 global_reacquire_success=0 coverage_collapse_events=1 active_clusters_max=1 coverage_quality_final=0.27 commander_source=default_intent commander_calls=0 commander_changes=0 commander_no_change=0 commander_parse_failures=0 commander_api_failures=0 commander_policy_failures=0 commander_avg_latency=0.0
Done
