========================================================================
HYBRID AGENT V5 — Variable-Cardinality Hierarchical Maritime Agent
  启用UAV: True | LLM_ENABLED: False
========================================================================
对局 42 开始
      [UAV RELAUNCH] white_uav2
      [UAV RELAUNCH] white_uav1
      [UAV RELAUNCH] white_uav4
      [UAV RELAUNCH] white_uav3
[t=181s] step=10 | MISSION=NORMAL_C | USV: 12/12 (avail=12 int=0 lock=0 frz=0) | UAV: air=4 rtb=0 chg=0 loiter=0 | TRACKS: vis=0 lost=0 engaged=0 | TOP:  | KILL=0 | ACTIONS=16 | INTENT: focus=2 ratio=0.20
  [INTENT APPLIED]
    ThreatAllocator: focus 2 emergency 3 reserve_ratio 0.20 reserve_usvs None bias breakthrough_eta
    UAVManager: mode search_and_reacquire uav_priority []
[t=373s] step=20 | MISSION=NORMAL_C | USV: 12/12 (avail=12 int=0 lock=0 frz=0) | UAV: air=4 rtb=0 chg=0 loiter=0 | TRACKS: vis=0 lost=0 engaged=0 | TOP:  | KILL=0 | ACTIONS=16 | INTENT: focus=2 ratio=0.20
[t=609s] step=30 | MISSION=NORMAL_C | USV: 12/12 (avail=12 int=0 lock=0 frz=0) | UAV: air=4 rtb=0 chg=0 loiter=0 | TRACKS: vis=0 lost=0 engaged=0 | TOP:  | KILL=0 | ACTIONS=16 | INTENT: focus=2 ratio=0.20
[t=811s] step=40 | MISSION=NORMAL_C | USV: 12/12 (avail=12 int=0 lock=0 frz=0) | UAV: air=4 rtb=0 chg=0 loiter=0 | TRACKS: vis=0 lost=0 engaged=0 | TOP:  | KILL=0 | ACTIONS=16 | INTENT: focus=2 ratio=0.20
[t=1,015s] step=50 | MISSION=NORMAL_C | USV: 12/12 (avail=12 int=0 lock=0 frz=0) | UAV: air=4 rtb=0 chg=0 loiter=0 | TRACKS: vis=0 lost=0 engaged=0 | TOP:  | KILL=0 | ACTIONS=16 | INTENT: focus=2 ratio=0.20
[t=1,244s] step=60 | MISSION=NORMAL_C | USV: 12/12 (avail=12 int=0 lock=0 frz=0) | UAV: air=4 rtb=0 chg=0 loiter=0 | TRACKS: vis=0 lost=0 engaged=0 | TOP:  | KILL=0 | ACTIONS=16 | INTENT: focus=2 ratio=0.20
[t=1,439s] step=70 | MISSION=NORMAL_C | USV: 12/12 (avail=12 int=0 lock=0 frz=0) | UAV: air=4 rtb=0 chg=0 loiter=0 | TRACKS: vis=0 lost=0 engaged=0 | TOP:  | KILL=0 | ACTIONS=16 | INTENT: focus=2 ratio=0.20
[t=1,687s] step=80 | MISSION=NORMAL_C | USV: 12/12 (avail=12 int=0 lock=0 frz=0) | UAV: air=4 rtb=0 chg=0 loiter=0 | TRACKS: vis=0 lost=0 engaged=0 | TOP:  | KILL=0 | ACTIONS=16 | INTENT: focus=2 ratio=0.20
      [DETECT] black_usv9
      [DETECT] black_usv6
      [DETECT] black_usv7
      [DETECT] black_usv11
      [DETECT] black_usv12
      [DETECT] black_usv10
      [DETECT] black_usv8
      [ASSIGN] white_usv3->black_usv6
      [ASSIGN] white_usv2->black_usv7
      [ASSIGN] white_usv6->black_usv6
      [ASSIGN] white_usv7->black_usv7
      [ASSIGN] white_usv9->black_usv9
      [ASSIGN] white_usv1->black_usv12
      [ASSIGN] white_usv4->black_usv8
      [ASSIGN] white_usv8->black_usv11
      [ASSIGN] white_usv12->black_usv12
      [ASSIGN] white_usv5->black_usv10
      [DETECT] black_usv4
      [DETECT] black_usv1
      [DETECT] black_uav2
      [DETECT] black_uav1
      [DETECT] black_uav4
      [DETECT] black_uav3
      [ASSIGN] white_usv10->black_usv1
      [ASSIGN] white_usv11->black_usv4
[t=1,913s] step=90 | MISSION=NORMAL_C | USV: 12/12 (avail=2 int=10 lock=0 frz=0) | UAV: air=4 rtb=0 chg=0 loiter=0 | TRACKS: vis=13 lost=0 engaged=0 | TOP: black_usv1(x240,936) black_usv9(x241,054) black_usv4(x241,110) | KILL=0 | ACTIONS=16 | INTENT: focus=2 ratio=0.20
      [DETECT] black_usv2
      [DETECT] black_usv3
      [DETECT] black_usv5
[t=2,157s] step=100 | MISSION=NORMAL_C | USV: 12/12 (avail=0 int=12 lock=0 frz=0) | UAV: air=4 rtb=0 chg=0 loiter=0 | TRACKS: vis=12 lost=4 engaged=0 | TOP: black_usv3(x238,550) black_usv2(x239,124) black_usv5(x239,225) | KILL=0 | ACTIONS=16 | INTENT: focus=2 ratio=0.20
      [DETECT] black_uav1
      [DETECT] black_uav2
      [DETECT] black_uav3
[t=2,387s] step=110 | MISSION=NORMAL_C | USV: 12/12 (avail=0 int=12 lock=0 frz=0) | UAV: air=4 rtb=0 chg=0 loiter=0 | TRACKS: vis=13 lost=2 engaged=0 | TOP: black_usv3(x236,264) black_usv2(x236,899) black_usv5(x237,007) | KILL=0 | ACTIONS=16 | INTENT: focus=2 ratio=0.20
[t=2,603s] step=120 | MISSION=NORMAL_C | USV: 12/12 (avail=0 int=12 lock=0 frz=0) | UAV: air=4 rtb=0 chg=0 loiter=0 | TRACKS: vis=12 lost=3 engaged=0 | TOP: black_usv3(x234,117) black_usv2(x234,810) black_usv5(x234,931) | KILL=0 | ACTIONS=16 | INTENT: focus=2 ratio=0.20
      [DETECT] black_uav4
[t=2,860s] step=130 | MISSION=NORMAL_C | USV: 12/12 (avail=0 int=12 lock=0 frz=0) | UAV: air=4 rtb=0 chg=0 loiter=0 | TRACKS: vis=12 lost=1 engaged=0 | TOP: black_usv3(x231,562) black_usv2(x232,324) black_usv5(x232,457) | KILL=0 | ACTIONS=16 | INTENT: focus=2 ratio=0.20
      [DETECT] black_uav2
      [DETECT] black_uav3
[t=3,071s] step=140 | MISSION=NORMAL_C | USV: 12/12 (avail=0 int=12 lock=0 frz=0) | UAV: air=4 rtb=0 chg=0 loiter=0 | TRACKS: vis=14 lost=1 engaged=0 | TOP: black_usv3(x229,465) black_usv2(x230,283) black_usv5(x230,426) | KILL=0 | ACTIONS=16 | INTENT: focus=2 ratio=0.20
      [DETECT] black_uav1
[t=3,265s] step=150 | MISSION=NORMAL_C | USV: 12/12 (avail=0 int=12 lock=0 frz=0) | UAV: air=4 rtb=0 chg=0 loiter=0 | TRACKS: vis=14 lost=2 engaged=0 | TOP: black_usv3(x227,537) black_usv2(x228,406) black_usv5(x228,558) | KILL=0 | ACTIONS=16 | INTENT: focus=2 ratio=0.20
[t=3,511s] step=160 | MISSION=NORMAL_C | USV: 12/12 (avail=0 int=12 lock=0 frz=0) | UAV: air=4 rtb=0 chg=0 loiter=0 | TRACKS: vis=15 lost=1 engaged=0 | TOP: black_usv3(x225,091) black_usv2(x226,026) black_usv5(x226,190) | KILL=0 | ACTIONS=16 | INTENT: focus=2 ratio=0.20
[t=3,748s] step=170 | MISSION=NORMAL_C | USV: 12/12 (avail=0 int=12 lock=0 frz=0) | UAV: air=4 rtb=0 chg=0 loiter=0 | TRACKS: vis=12 lost=3 engaged=0 | TOP: black_usv3(x222,736) black_usv2(x223,734) black_usv5(x223,909) | KILL=0 | ACTIONS=16 | INTENT: focus=2 ratio=0.20
[t=3,958s] step=180 | MISSION=NORMAL_C | USV: 12/12 (avail=0 int=12 lock=0 frz=0) | UAV: air=4 rtb=0 chg=0 loiter=0 | TRACKS: vis=13 lost=1 engaged=0 | TOP: black_usv3(x220,648) black_usv2(x221,702) black_usv5(x221,887) | KILL=0 | ACTIONS=16 | INTENT: focus=2 ratio=0.20
[t=4,180s] step=190 | MISSION=NORMAL_C | USV: 12/12 (avail=0 int=12 lock=0 frz=0) | UAV: air=4 rtb=0 chg=0 loiter=0 | TRACKS: vis=10 lost=2 engaged=0 | TOP: black_usv3(x218,442) black_usv2(x219,555) black_usv5(x219,750) | KILL=0 | ACTIONS=16 | INTENT: focus=2 ratio=0.20
[t=4,359s] step=200 | MISSION=NORMAL_C | USV: 12/12 (avail=0 int=12 lock=0 frz=0) | UAV: air=4 rtb=0 chg=0 loiter=0 | TRACKS: vis=9 lost=3 engaged=0 | TOP: black_usv3(x216,663) black_usv2(x217,823) black_usv5(x218,026) | KILL=0 | ACTIONS=16 | INTENT: focus=2 ratio=0.20
      [DETECT] black_uav4
      [DETECT] black_uav3
      [DETECT] black_uav2
      [DETECT] black_uav1
[t=4,556s] step=210 | MISSION=NORMAL_C | USV: 12/12 (avail=0 int=12 lock=0 frz=0) | UAV: air=4 rtb=0 chg=0 loiter=0 | TRACKS: vis=14 lost=2 engaged=0 | TOP: black_usv3(x214,704) black_usv2(x215,920) black_usv5(x216,130) | KILL=0 | ACTIONS=16 | INTENT: focus=2 ratio=0.20
[t=4,739s] step=220 | MISSION=NORMAL_C | USV: 12/12 (avail=0 int=12 lock=0 frz=0) | UAV: air=4 rtb=0 chg=0 loiter=0 | TRACKS: vis=14 lost=2 engaged=0 | TOP: black_usv3(x212,885) black_usv2(x214,147) black_usv5(x214,368) | KILL=0 | ACTIONS=16 | INTENT: focus=2 ratio=0.20
[t=4,943s] step=230 | MISSION=NORMAL_C | USV: 12/12 (avail=0 int=12 lock=0 frz=0) | UAV: air=4 rtb=0 chg=0 loiter=0 | TRACKS: vis=15 lost=1 engaged=0 | TOP: black_usv3(x210,858) black_usv2(x212,174) black_usv5(x212,404) | KILL=0 | ACTIONS=16 | INTENT: focus=2 ratio=0.20
[t=5,162s] step=240 | MISSION=NORMAL_C | USV: 12/12 (avail=0 int=12 lock=0 frz=0) | UAV: air=4 rtb=0 chg=0 loiter=0 | TRACKS: vis=15 lost=1 engaged=0 | TOP: black_usv3(x208,681) black_usv2(x210,055) black_usv5(x210,296) | KILL=0 | ACTIONS=16 | INTENT: focus=2 ratio=0.20
[t=5,418s] step=250 | MISSION=NORMAL_C | USV: 12/12 (avail=0 int=12 lock=0 frz=0) | UAV: air=4 rtb=0 chg=0 loiter=0 | TRACKS: vis=16 lost=0 engaged=0 | TOP: black_usv3(x206,136) black_usv2(x207,579) black_usv5(x207,831) | KILL=0 | ACTIONS=16 | INTENT: focus=2 ratio=0.20
[t=5,653s] step=260 | MISSION=NORMAL_C | USV: 12/12 (avail=0 int=12 lock=0 frz=0) | UAV: air=4 rtb=0 chg=0 loiter=0 | TRACKS: vis=16 lost=0 engaged=0 | TOP: black_usv3(x203,800) black_usv2(x205,305) black_usv5(x205,569) | KILL=0 | ACTIONS=16 | INTENT: focus=2 ratio=0.20
[t=5,925s] step=270 | MISSION=NORMAL_C | USV: 12/12 (avail=0 int=12 lock=0 frz=0) | UAV: air=4 rtb=0 chg=0 loiter=0 | TRACKS: vis=12 lost=4 engaged=0 | TOP: black_usv3(x201,097) black_usv2(x202,674) black_usv5(x202,951) | KILL=0 | ACTIONS=16 | INTENT: focus=2 ratio=0.20
[t=6,183s] step=280 | MISSION=NORMAL_C | USV: 12/12 (avail=0 int=12 lock=0 frz=0) | UAV: air=4 rtb=0 chg=0 loiter=0 | TRACKS: vis=12 lost=0 engaged=0 | TOP: black_usv3(x198,532) black_usv2(x200,178) black_usv5(x200,467) | KILL=0 | ACTIONS=16 | INTENT: focus=2 ratio=0.20
[t=6,403s] step=290 | MISSION=NORMAL_C | USV: 12/12 (avail=0 int=12 lock=0 frz=0) | UAV: air=4 rtb=0 chg=0 loiter=0 | TRACKS: vis=12 lost=0 engaged=0 | TOP: black_usv3(x196,346) black_usv2(x198,050) black_usv5(x198,349) | KILL=0 | ACTIONS=16 | INTENT: focus=2 ratio=0.20
[t=6,682s] step=300 | MISSION=NORMAL_C | USV: 12/12 (avail=0 int=12 lock=0 frz=0) | UAV: air=4 rtb=0 chg=0 loiter=0 | TRACKS: vis=12 lost=0 engaged=0 | TOP: black_usv3(x193,572) black_usv2(x195,351) black_usv5(x195,663) | KILL=0 | ACTIONS=16 | INTENT: focus=2 ratio=0.20
[t=6,917s] step=310 | MISSION=NORMAL_C | USV: 12/12 (avail=0 int=12 lock=0 frz=0) | UAV: air=4 rtb=0 chg=0 loiter=0 | TRACKS: vis=8 lost=4 engaged=0 | TOP: black_usv3(x191,236) black_usv2(x193,078) black_usv5(x193,401) | KILL=0 | ACTIONS=16 | INTENT: focus=2 ratio=0.20
      [RELEASE] white_usv10->black_usv1(目标失效)
      [ASSIGN] white_usv10->black_usv3
[t=7,147s] step=320 | MISSION=NORMAL_C | USV: 12/12 (avail=1 int=11 lock=0 frz=0) | UAV: air=4 rtb=0 chg=0 loiter=0 | TRACKS: vis=10 lost=0 engaged=0 | TOP: black_usv5(x191,186) black_usv3(x188,950) black_usv9(x189,246) | KILL=0 | ACTIONS=16 | INTENT: focus=2 ratio=0.20
      [ASSIGN] white_usv2->black_usv6(机会锁定)
      [ASSIGN] white_usv7->black_usv9(机会锁定)
      [ASSIGN] white_usv5->black_usv9(机会锁定)
[t=7,385s] step=330 | MISSION=NORMAL_C | USV: 12/12 (avail=0 int=10 lock=2 frz=0) | UAV: air=4 rtb=0 chg=0 loiter=0 | TRACKS: vis=7 lost=3 engaged=1 | TOP: black_usv5(x188,895) black_usv3(x186,585) black_usv9(x186,890) | KILL=0 | ACTIONS=16 | INTENT: focus=2 ratio=0.20
      [ASSIGN] white_usv11->black_usv9(机会锁定)
      [ASSIGN] white_usv4->black_usv11(机会锁定)
      [DETECT] black_usv1
      [ASSIGN] white_usv1->black_usv9(机会锁定)
      [DETECT] black_usv2
[t=7,624s] step=340 | MISSION=NORMAL_C | USV: 12/12 (avail=0 int=0 lock=12 frz=0) | UAV: air=4 rtb=0 chg=0 loiter=0 | TRACKS: vis=12 lost=0 engaged=5 | TOP: black_usv1(x184,050) black_usv8(x185,955) black_usv10(x185,909) | KILL=0 | ACTIONS=16 | INTENT: focus=2 ratio=0.20
      [ASSIGN] white_usv6->black_usv7(机会锁定)
      [ASSIGN] white_usv3->black_usv4(机会锁定)
      [ASSIGN] white_usv2->black_usv4(机会锁定)
      [ASSIGN] white_usv7->black_usv6(机会锁定)
      [ASSIGN] white_usv9->black_usv10(机会锁定)
      [ASSIGN] white_usv8->black_usv10(机会锁定)
      [ASSIGN] white_usv5->black_usv6(机会锁定)
      [ASSIGN] white_usv7->black_usv7(机会锁定)
      [ASSIGN] white_usv12->black_usv8(机会锁定)
      [ASSIGN] white_usv5->black_usv7(机会锁定)
      [ASSIGN] white_usv11->black_usv6(机会锁定)
      [ASSIGN] white_usv4->black_usv12(机会锁定)
      [ASSIGN] white_usv11->black_usv12(机会锁定)
[t=7,836s] step=350 | MISSION=NORMAL_C | USV: 12/12 (avail=0 int=0 lock=12 frz=0) | UAV: air=4 rtb=0 chg=0 loiter=0 | TRACKS: vis=11 lost=1 engaged=7 | TOP: black_usv1(x181,939) black_usv6(x183,616) black_usv11(x184,201) | KILL=1 | ACTIONS=16 | INTENT: focus=2 ratio=0.20
      [ASSIGN] white_usv10->black_usv6(机会锁定)
      [ASSIGN] white_usv1->black_usv11(机会锁定)
      [ASSIGN] white_usv10->black_usv3(机会锁定)
      [ASSIGN] white_usv6->black_usv6(机会锁定)
      [ASSIGN] white_usv3->black_usv9(机会锁定)
      [ASSIGN] white_usv2->black_usv9(机会锁定)
      [ASSIGN] white_usv6->black_usv9(机会锁定)
      [ASSIGN] white_usv3->black_usv6(机会锁定)
      [ASSIGN] white_usv2->black_usv4(机会锁定)
      [ASSIGN] white_usv6->black_usv4(机会锁定)
      [ASSIGN] white_usv9->black_usv4(机会锁定)
      [ASSIGN] white_usv8->black_usv4(机会锁定)
      [ASSIGN] white_usv3->black_usv10(机会锁定)
      [ASSIGN] white_usv2->black_usv10(机会锁定)
      [ASSIGN] white_usv6->black_usv10(机会锁定)
      [ASSIGN] white_usv7->black_usv10(机会锁定)
      [ASSIGN] white_usv9->black_usv10(机会锁定)
      [ASSIGN] white_usv8->black_usv10(机会锁定)
      [ASSIGN] white_usv5->black_usv10(机会锁定)
      [ASSIGN] white_usv4->black_usv4(机会锁定)
      [ASSIGN] white_usv11->black_usv4(机会锁定)
[t=8,125s] step=360 | MISSION=NORMAL_C | USV: 12/12 (avail=0 int=2 lock=10 frz=0) | UAV: air=4 rtb=0 chg=0 loiter=0 | TRACKS: vis=12 lost=0 engaged=4 | TOP: black_usv1(x179,060) black_usv2(x181,392) black_usv6(x183,616) | KILL=5 | ACTIONS=16 | INTENT: focus=2 ratio=0.20
      [ASSIGN] white_usv4->black_usv12(机会锁定)
      [ASSIGN] white_usv11->black_usv7(机会锁定)
      [ASSIGN] white_usv4->black_usv4(机会锁定)
      [ASSIGN] white_usv11->black_usv4(机会锁定)
      [ASSIGN] white_usv1->black_usv7(机会锁定)
      [ASSIGN] white_usv4->black_usv9(机会锁定)
      [ASSIGN] white_usv10->black_usv7(机会锁定)
      [ASSIGN] white_usv1->black_usv11(机会锁定)
      [ASSIGN] white_usv4->black_usv11(机会锁定)
      [ASSIGN] white_usv10->black_usv3(机会锁定)
      [KILL] black_usv6
      [ASSIGN] white_usv1->black_usv4(机会锁定)
      [ASSIGN] white_usv4->black_usv4(机会锁定)
      [ASSIGN] white_usv10->black_usv7(机会锁定)
      [ASSIGN] white_usv1->black_usv11(机会锁定)
      [ASSIGN] white_usv4->black_usv11(机会锁定)
      [ASSIGN] white_usv10->black_usv3(机会锁定)
      [ASSIGN] white_usv1->black_usv4(机会锁定)
      [ASSIGN] white_usv4->black_usv4(机会锁定)
      [ASSIGN] white_usv10->black_usv7(机会锁定)
      [KILL] black_usv9
      [ASSIGN] white_usv3->black_usv3(机会锁定)
      [ASSIGN] white_usv2->black_usv3(机会锁定)
      [ASSIGN] white_usv6->black_usv3(机会锁定)
      [ASSIGN] white_usv7->black_usv3(机会锁定)
      [ASSIGN] white_usv9->black_usv11(机会锁定)
      [ASSIGN] white_usv1->black_usv11(机会锁定)
      [ASSIGN] white_usv4->black_usv11(机会锁定)
      [ASSIGN] white_usv8->black_usv11(机会锁定)
      [ASSIGN] white_usv5->black_usv3(机会锁定)
      [ASSIGN] white_usv10->black_usv3(机会锁定)
      [ASSIGN] white_usv3->black_usv7(机会锁定)
      [ASSIGN] white_usv2->black_usv7(机会锁定)
      [ASSIGN] white_usv6->black_usv7(机会锁定)
      [ASSIGN] white_usv7->black_usv10(机会锁定)
      [ASSIGN] white_usv9->black_usv4(机会锁定)
      [ASSIGN] white_usv1->black_usv4(机会锁定)
      [ASSIGN] white_usv4->black_usv4(机会锁定)
      [ASSIGN] white_usv8->black_usv12(机会锁定)
      [ASSIGN] white_usv12->black_usv12(机会锁定)
      [ASSIGN] white_usv5->black_usv10(机会锁定)
      [ASSIGN] white_usv10->black_usv7(机会锁定)
      [ASSIGN] white_usv3->black_usv3(机会锁定)
      [ASSIGN] white_usv2->black_usv3(机会锁定)
      [ASSIGN] white_usv6->black_usv3(机会锁定)
      [ASSIGN] white_usv7->black_usv3(机会锁定)
      [ASSIGN] white_usv9->black_usv11(机会锁定)
      [ASSIGN] white_usv1->black_usv11(机会锁定)
      [ASSIGN] white_usv4->black_usv11(机会锁定)
      [ASSIGN] white_usv8->black_usv11(机会锁定)
      [ASSIGN] white_usv12->black_usv8(机会锁定)
      [ASSIGN] white_usv5->black_usv3(机会锁定)
      [ASSIGN] white_usv10->black_usv3(机会锁定)
[t=8,448s] step=370 | MISSION=NORMAL_C | USV: 11/12 (avail=0 int=11 lock=0 frz=0) | UAV: air=4 rtb=0 chg=0 loiter=0 | TRACKS: vis=10 lost=0 engaged=0 | TOP: black_usv1(x175,847) black_usv2(x178,273) black_usv5(x178,667) | KILL=8 | ACTIONS=15 | INTENT: focus=2 ratio=0.20
      [ASSIGN] white_usv3->black_usv7(机会锁定)
      [ASSIGN] white_usv2->black_usv7(机会锁定)
      [ASSIGN] white_usv6->black_usv7(机会锁定)
      [ASSIGN] white_usv7->black_usv10(机会锁定)
      [ASSIGN] white_usv9->black_usv4(机会锁定)
      [ASSIGN] white_usv1->black_usv4(机会锁定)
      [ASSIGN] white_usv4->black_usv4(机会锁定)
      [ASSIGN] white_usv8->black_usv12(机会锁定)
      [ASSIGN] white_usv5->black_usv10(机会锁定)
      [ASSIGN] white_usv10->black_usv7(机会锁定)
      [ASSIGN] white_usv3->black_usv3(机会锁定)
      [ASSIGN] white_usv2->black_usv3(机会锁定)
      [ASSIGN] white_usv6->black_usv3(机会锁定)
      [ASSIGN] white_usv7->black_usv3(机会锁定)
      [ASSIGN] white_usv9->black_usv11(机会锁定)
      [ASSIGN] white_usv1->black_usv11(机会锁定)
      [ASSIGN] white_usv4->black_usv11(机会锁定)
      [ASSIGN] white_usv8->black_usv11(机会锁定)
      [ASSIGN] white_usv5->black_usv3(机会锁定)
      [ASSIGN] white_usv10->black_usv3(机会锁定)
      [ASSIGN] white_usv3->black_usv7(机会锁定)
      [ASSIGN] white_usv2->black_usv7(机会锁定)
      [ASSIGN] white_usv6->black_usv7(机会锁定)
      [ASSIGN] white_usv7->black_usv10(机会锁定)
      [ASSIGN] white_usv9->black_usv4(机会锁定)
      [ASSIGN] white_usv1->black_usv4(机会锁定)
      [ASSIGN] white_usv4->black_usv4(机会锁定)
      [ASSIGN] white_usv8->black_usv12(机会锁定)
      [ASSIGN] white_usv5->black_usv10(机会锁定)
      [KILL] black_usv7
      [RELEASE] white_usv3->black_usv7(目标失效)
      [ASSIGN] white_usv3->black_usv5(机会锁定)
      [RELEASE] white_usv2->black_usv7(目标失效)
      [ASSIGN] white_usv2->black_usv5(机会锁定)
      [RELEASE] white_usv6->black_usv7(目标失效)
      [ASSIGN] white_usv6->black_usv3(机会锁定)
      [ASSIGN] white_usv7->black_usv11(机会锁定)
      [ASSIGN] white_usv9->black_usv11(机会锁定)
      [ASSIGN] white_usv1->black_usv11(机会锁定)
      [ASSIGN] white_usv8->black_usv11(机会锁定)
      [ASSIGN] white_usv5->black_usv3(机会锁定)
      [KILL] black_usv4
      [ASSIGN] white_usv6->black_usv10(机会锁定)
      [ASSIGN] white_usv7->black_usv10(机会锁定)
      [ASSIGN] white_usv9->black_usv10(机会锁定)
      [ASSIGN] white_usv1->black_usv10(机会锁定)
      [RELEASE] white_usv4->black_usv4(目标失效)
      [ASSIGN] white_usv8->black_usv12(机会锁定)
      [ASSIGN] white_usv5->black_usv10(机会锁定)
      [ASSIGN] white_usv6->black_usv3(机会锁定)
      [ASSIGN] white_usv9->black_usv11(机会锁定)
      [ASSIGN] white_usv1->black_usv11(机会锁定)
      [ASSIGN] white_usv4->black_usv1
      [ASSIGN] white_usv8->black_usv11(机会锁定)
      [ASSIGN] white_usv9->black_usv8(机会锁定)
      [ASSIGN] white_usv1->black_usv12(机会锁定)
      [ASSIGN] white_usv4->black_usv8(机会锁定)
      [ASSIGN] white_usv8->black_usv12(机会锁定)
      [ASSIGN] white_usv1->black_usv11(机会锁定)
      [ASSIGN] white_usv8->black_usv11(机会锁定)
      [ASSIGN] white_usv10->black_usv5(机会锁定)
      [KILL] black_usv12
      [ASSIGN] white_usv1->black_usv3(机会锁定)
      [ASSIGN] white_usv9->black_usv11(机会锁定)
      [ASSIGN] white_usv1->black_usv11(机会锁定)
      [ASSIGN] white_usv4->black_usv11(机会锁定)
      [ASSIGN] white_usv8->black_usv8(机会锁定)
[t=8,793s] step=380 | MISSION=NORMAL_C | USV: 11/12 (avail=0 int=8 lock=3 frz=0) | UAV: air=4 rtb=0 chg=0 loiter=0 | TRACKS: vis=7 lost=0 engaged=1 | TOP: black_usv1(x172,406) black_usv2(x174,930) black_usv11(x182,074) | KILL=9 | ACTIONS=15 | INTENT: focus=2 ratio=0.20
      [KILL] black_usv11
      [KILL] black_usv3
      [RELEASE] white_usv6->black_usv3(目标失效)
      [ASSIGN] white_usv6->black_usv10(机会锁定)
      [RELEASE] white_usv9->black_usv11(目标失效)
      [ASSIGN] white_usv9->black_usv8(机会锁定)
      [RELEASE] white_usv1->black_usv11(目标失效)
      [RELEASE] white_usv4->black_usv11(目标失效)
      [ASSIGN] white_usv4->black_usv8(机会锁定)
      [ASSIGN] white_usv9->black_usv10(机会锁定)
      [ASSIGN] white_usv4->black_usv10(机会锁定)
      [ASSIGN] white_usv6->black_usv5(机会锁定)
      [ASSIGN] white_usv7->black_usv8(机会锁定)
      [ASSIGN] white_usv9->black_usv8(机会锁定)
      [ASSIGN] white_usv4->black_usv8(机会锁定)
      [ASSIGN] white_usv5->black_usv8(机会锁定)
      [ASSIGN] white_usv3->black_usv1(机会锁定)
      [ASSIGN] white_usv2->black_usv1(机会锁定)
      [ASSIGN] white_usv6->black_usv10(机会锁定)
      [ASSIGN] white_usv7->black_usv10(机会锁定)
      [ASSIGN] white_usv9->black_usv10(机会锁定)
      [ASSIGN] white_usv4->black_usv10(机会锁定)
      [ASSIGN] white_usv5->black_usv10(机会锁定)
      [ASSIGN] white_usv10->black_usv1(机会锁定)
      [KILL] black_usv10
      [RELEASE] white_usv6->black_usv10(目标失效)
      [ASSIGN] white_usv6->black_usv5(机会锁定)
      [RELEASE] white_usv7->black_usv10(目标失效)
      [ASSIGN] white_usv7->black_usv8(机会锁定)
      [RELEASE] white_usv9->black_usv10(目标失效)
      [ASSIGN] white_usv9->black_usv8(机会锁定)
      [RELEASE] white_usv4->black_usv10(目标失效)
      [ASSIGN] white_usv4->black_usv8(机会锁定)
      [RELEASE] white_usv5->black_usv10(目标失效)
      [ASSIGN] white_usv5->black_usv8(机会锁定)
      [ASSIGN] white_usv10->black_usv5(机会锁定)
      [ASSIGN] white_usv10->black_usv2(机会锁定)
[t=9,255s] step=390 | MISSION=NORMAL_C | USV: 10/12 (avail=0 int=7 lock=3 frz=0) | UAV: air=4 rtb=0 chg=0 loiter=0 | TRACKS: vis=4 lost=0 engaged=2 | TOP: black_usv2(x170,461) black_usv5(x174,339) black_usv1(x167,805) | KILL=10 | ACTIONS=14 | INTENT: focus=2 ratio=0.20
      [ASSIGN] white_usv3->black_usv5(机会锁定)
      [ASSIGN] white_usv2->black_usv5(机会锁定)
      [ASSIGN] white_usv7->black_usv5(机会锁定)
      [ASSIGN] white_usv5->black_usv5(机会锁定)
      [ASSIGN] white_usv3->black_usv1(机会锁定)
      [ASSIGN] white_usv2->black_usv1(机会锁定)
      [ASSIGN] white_usv6->black_usv1(机会锁定)
      [ASSIGN] white_usv7->black_usv8(机会锁定)
      [ASSIGN] white_usv5->black_usv8(机会锁定)
      [KILL] black_usv8
      [RELEASE] white_usv7->black_usv8(目标失效)
      [ASSIGN] white_usv7->black_usv5(机会锁定)
      [RELEASE] white_usv9->black_usv8(目标失效)
      [RELEASE] white_usv4->black_usv8(目标失效)
      [RELEASE] white_usv8->black_usv8(目标失效)
      [RELEASE] white_usv12->black_usv8(目标失效)
      [RELEASE] white_usv5->black_usv8(目标失效)
      [ASSIGN] white_usv5->black_usv5(机会锁定)
      [ASSIGN] white_usv9->black_usv2
      [ASSIGN] white_usv4->black_usv2
      [ASSIGN] white_usv8->black_usv5
      [ASSIGN] white_usv12->black_usv2
      [KILL] black_usv5
      [RELEASE] white_usv7->black_usv5(目标失效)
      [RELEASE] white_usv8->black_usv5(目标失效)
      [RELEASE] white_usv5->black_usv5(目标失效)
      [ASSIGN] white_usv7->black_usv1(机会锁定)
      [ASSIGN] white_usv5->black_usv1(机会锁定)
[t=9,725s] step=400 | MISSION=NORMAL_C | USV: 9/12 (avail=1 int=8 lock=0 frz=0) | UAV: air=4 rtb=0 chg=0 loiter=0 | TRACKS: vis=2 lost=0 engaged=0 | TOP: black_usv1(x166,530) black_usv2(x165,914) | KILL=11 | ACTIONS=13 | INTENT: focus=2 ratio=0.20
      [ASSIGN] white_usv2->black_usv2(机会锁定)
      [ASSIGN] white_usv4->black_usv1(机会锁定)
      [ASSIGN] white_usv9->black_usv1(机会锁定)
      [KILL] black_usv1
      [RELEASE] white_usv3->black_usv1(目标失效)
      [RELEASE] white_usv6->black_usv1(目标失效)
      [RELEASE] white_usv7->black_usv1(目标失效)
      [ASSIGN] white_usv7->black_usv2(机会锁定)
      [RELEASE] white_usv9->black_usv1(目标失效)
      [RELEASE] white_usv4->black_usv1(目标失效)
      [ASSIGN] white_usv8->black_usv2
      [RELEASE] white_usv5->black_usv1(目标失效)
      [ASSIGN] white_usv5->black_usv2(机会锁定)
[t=10,315s] step=410 | MISSION=NORMAL_C | USV: 9/12 (avail=1 int=7 lock=1 frz=0) | UAV: air=4 rtb=0 chg=0 loiter=0 | TRACKS: vis=1 lost=0 engaged=1 | TOP: black_usv2(x161,300) | KILL=11 | ACTIONS=13 | INTENT: focus=2 ratio=0.20
      [ASSIGN] white_usv3->black_usv2(机会锁定)

========================================================================
对局结果: Result.Victory — 敌方所有单位被击毁
  击杀蓝舰: 12 | 命中: 24 | 我方USV损失: 3 | UAV损失: 0 | 突破: 0
[META] result=Result.Victory victory_time=10908 first_detection=1888 first_lock=7365 first_kill=8290 enemy_kills=12 friendly_usv_losses=3 friendly_uav_losses=0 black_breakthrough=0 reacquire_attempts=121 reacquire_success=121 sensor_assisted_locks=54 low_conf_commitments=0 global_reacquire_entries=0 global_reacquire_success=0 coverage_collapse_events=1 active_clusters_max=1 coverage_quality_final=0.15 commander_source=default_intent commander_calls=0 commander_changes=0 commander_no_change=0 commander_parse_failures=0 commander_api_failures=0 commander_policy_failures=0 commander_avg_latency=0.0
Done
